2026-03-19 17:47:46,752{GMT}	INFO	[jepsen test runner] jepsen.core: Command line:
lein run test -w broadcast --bin run.sh broadcast --node-count 5 --time-limit 20 --rate 10 --nemesis partition
2026-03-19 17:47:46,831{GMT}	INFO	[jepsen test runner] jepsen.core: Running test:
{:args ["broadcast"]
 :remote
 #jepsen.control.retry.Remote{:remote #jepsen.control.scp.Remote{:cmd-remote #jepsen.control.sshj.SSHJRemote{:concurrency-limit 6,
                                                                                                             :conn-spec nil,
                                                                                                             :client nil,
                                                                                                             :semaphore nil},
                                                                 :conn-spec nil},
                              :conn nil}
 :log-net-send false
 :node-count 5
 :availability nil
 :max-txn-length 4
 :concurrency 5
 :db
 #object[maelstrom.db$db$reify__16142
         "0x3619ecd"
         "maelstrom.db$db$reify__16142@3619ecd"]
 :max-writes-per-key 16
 :leave-db-running? false
 :name "broadcast"
 :logging-json? false
 :start-time
 #object[org.joda.time.DateTime "0x7de4bd8f" "2026-03-19T17:47:46.728Z"]
 :nemesis-interval 10
 :net
 #object[maelstrom.net$jepsen_net$reify__15251
         "0x193e65d5"
         "maelstrom.net$jepsen_net$reify__15251@193e65d5"]
 :client
 #object[maelstrom.workload.broadcast$client$reify__16644
         "0x2a97b4b8"
         "maelstrom.workload.broadcast$client$reify__16644@2a97b4b8"]
 :barrier
 #object[java.util.concurrent.CyclicBarrier
         "0x250fc0d1"
         "java.util.concurrent.CyclicBarrier@250fc0d1"]
 :log-stderr false
 :pure-generators true
 :ssh {:dummy? true}
 :rate 10.0
 :checker
 #object[jepsen.checker$compose$reify__11881
         "0x7ddf193a"
         "jepsen.checker$compose$reify__11881@7ddf193a"]
 :argv
 ("test"
  "-w"
  "broadcast"
  "--bin"
  "run.sh"
  "broadcast"
  "--node-count"
  "5"
  "--time-limit"
  "20"
  "--rate"
  "10"
  "--nemesis"
  "partition")
 :nemesis
 (jepsen.nemesis.ReflCompose
  {:fm {:start-partition 0,
        :stop-partition 0,
        :kill 1,
        :start 1,
        :pause 1,
        :resume 1},
   :nemeses [#unprintable "jepsen.nemesis.combined$partition_nemesis$reify__16416@17a5cb99"
             #unprintable "jepsen.nemesis.combined$db_nemesis$reify__16397@808fa1"]})
 :nodes ["n0" "n1" "n2" "n3" "n4"]
 :test-count 1
 :latency {:mean 0, :dist :constant}
 :bin "run.sh"
 :generator
 ((jepsen.generator.Synchronize
   {:gen (jepsen.generator.TimeLimit
          {:limit 20000000000,
           :cutoff nil,
           :gen (jepsen.generator.Any
                 {:gens [(jepsen.generator.OnThreads
                          {:f #{:nemesis},
                           :context-filter #object[jepsen.generator.context$make_thread_filter$lazy_filter__9167
                                                   "0x7545cb17"
                                                   "jepsen.generator.context$make_thread_filter$lazy_filter__9167@7545cb17"],
                           :gen (jepsen.generator.Stagger
                                 {:dt 20000000000,
                                  :next-time nil,
                                  :gen (jepsen.generator.FlipFlop
                                        {:gens [#object[jepsen.nemesis.combined$partition_package$start__16420
                                                        "0x635b3ec7"
                                                        "jepsen.nemesis.combined$partition_package$start__16420@635b3ec7"]
                                                ({:type :info,
                                                  :f :stop-partition,
                                                  :value nil}
                                                 {:type :info,
                                                  :f :stop-partition,
                                                  :value nil}
                                                 {:type :info,
                                                  :f :stop-partition,
                                                  :value nil}
                                                 {:type :info,
                                                  :f :stop-partition,
                                                  :value nil}
                                                 {:type :info,
                                                  :f :stop-partition,
                                                  :value nil}
                                                 {:type :info,
                                                  :f :stop-partition,
                                                  :value nil}
                                                 {:type :info,
                                                  :f :stop-partition,
                                                  :value nil}
                                                 {:type :info,
                                                  :f :stop-partition,
                                                  :value nil}
                                                 ...)],
                                         :i 0})})})
                         (jepsen.generator.OnThreads
                          {:f #jepsen.generator.context.AllBut{:element :nemesis},
                           :context-filter #object[jepsen.generator.context$make_thread_filter$lazy_filter__9167
                                                   "0x15aa3084"
                                                   "jepsen.generator.context$make_thread_filter$lazy_filter__9167@15aa3084"],
                           :gen (jepsen.generator.Stagger
                                 {:dt 200000000,
                                  :next-time nil,
                                  :gen (jepsen.generator.Mix
                                        {:i 0,
                                         :gens [({:f :broadcast, :value 0}
                                                 {:f :broadcast, :value 1}
                                                 {:f :broadcast, :value 2}
                                                 {:f :broadcast, :value 3}
                                                 {:f :broadcast, :value 4}
                                                 {:f :broadcast, :value 5}
                                                 {:f :broadcast, :value 6}
                                                 {:f :broadcast, :value 7}
                                                 ...)
                                                ({:f :read}
                                                 {:f :read}
                                                 {:f :read}
                                                 {:f :read}
                                                 {:f :read}
                                                 {:f :read}
                                                 {:f :read}
                                                 {:f :read}
                                                 ...)]})})})]})})})
  (jepsen.generator.Synchronize
   {:gen (jepsen.generator.OnThreads
          {:f #{:nemesis},
           :context-filter #object[jepsen.generator.context$make_thread_filter$lazy_filter__9167
                                   "0x4e6c4c55"
                                   "jepsen.generator.context$make_thread_filter$lazy_filter__9167@4e6c4c55"],
           :gen ({:type :info, :f :stop-partition, :value nil})})})
  (jepsen.generator.Synchronize
   {:gen {:type :log, :value "Waiting for recovery..."}})
  (jepsen.generator.Synchronize {:gen {:type :sleep, :value 10}})
  (jepsen.generator.Synchronize
   {:gen (jepsen.generator.OnThreads
          {:f #jepsen.generator.context.AllBut{:element :nemesis},
           :context-filter #object[jepsen.generator.context$make_thread_filter$lazy_filter__9167
                                   "0x74fbee59"
                                   "jepsen.generator.context$make_thread_filter$lazy_filter__9167@74fbee59"],
           :gen (jepsen.generator.EachThread
                 {:fresh-gen {:f :read, :final? true},
                  :context-filters #object[clojure.core$promise$reify__8591
                                           "0x3794621d"
                                           {:status :pending, :val nil}],
                  :gens {}})})}))
 :log-net-recv false
 :os
 #object[maelstrom.net$jepsen_os$reify__15254
         "0x737e4a7b"
         "maelstrom.net$jepsen_os$reify__15254@737e4a7b"]
 :time-limit 20
 :workload :broadcast
 :consistency-models [:strict-serializable]
 :topology :grid}

2026-03-19 17:47:48,150{GMT}	INFO	[jepsen node n0] maelstrom.net: Starting Maelstrom network
2026-03-19 17:47:48,151{GMT}	INFO	[jepsen test runner] jepsen.db: Tearing down DB
2026-03-19 17:47:48,155{GMT}	INFO	[jepsen test runner] jepsen.db: Setting up DB
2026-03-19 17:47:48,156{GMT}	INFO	[jepsen node n2] maelstrom.db: Setting up n2
2026-03-19 17:47:48,156{GMT}	INFO	[jepsen node n3] maelstrom.db: Setting up n3
2026-03-19 17:47:48,156{GMT}	INFO	[jepsen node n1] maelstrom.db: Setting up n1
2026-03-19 17:47:48,156{GMT}	INFO	[jepsen node n4] maelstrom.db: Setting up n4
2026-03-19 17:47:48,157{GMT}	INFO	[jepsen node n2] maelstrom.process: launching run.sh ["broadcast"]
2026-03-19 17:47:48,157{GMT}	INFO	[jepsen node n3] maelstrom.process: launching run.sh ["broadcast"]
2026-03-19 17:47:48,157{GMT}	INFO	[jepsen node n4] maelstrom.process: launching run.sh ["broadcast"]
2026-03-19 17:47:48,157{GMT}	INFO	[jepsen node n1] maelstrom.process: launching run.sh ["broadcast"]
2026-03-19 17:47:48,159{GMT}	INFO	[jepsen node n0] maelstrom.service: Starting services: (lin-kv lin-tso lww-kv seq-kv)
2026-03-19 17:47:48,163{GMT}	INFO	[jepsen node n0] maelstrom.db: Setting up n0
2026-03-19 17:47:48,164{GMT}	INFO	[jepsen node n0] maelstrom.process: launching run.sh ["broadcast"]
2026-03-19 17:47:48,354{GMT}	INFO	[jepsen test runner] jepsen.core: Relative time begins now
2026-03-19 17:47:48,378{GMT}	INFO	[jepsen worker nemesis] jepsen.util: :nemesis	:info	:start-partition	:one
2026-03-19 17:47:48,378{GMT}	INFO	[jepsen worker 1] jepsen.util: 1	:invoke	:broadcast	0
2026-03-19 17:47:48,383{GMT}	INFO	[jepsen worker 1] jepsen.util: 1	:ok	:broadcast	0
2026-03-19 17:47:48,385{GMT}	INFO	[jepsen worker nemesis] jepsen.util: :nemesis	:info	:start-partition	[:isolated {"n4" #{"n2" "n1" "n0" "n3"}, "n2" #{"n4"}, "n1" #{"n4"}, "n0" #{"n4"}, "n3" #{"n4"}}]
2026-03-19 17:47:48,426{GMT}	INFO	[jepsen worker 2] jepsen.util: 2	:invoke	:read	nil
2026-03-19 17:47:48,429{GMT}	INFO	[jepsen worker 2] jepsen.util: 2	:ok	:read	[0]
2026-03-19 17:47:48,580{GMT}	INFO	[jepsen worker 3] jepsen.util: 3	:invoke	:broadcast	1
2026-03-19 17:47:48,587{GMT}	INFO	[jepsen worker 3] jepsen.util: 3	:ok	:broadcast	1
2026-03-19 17:47:48,703{GMT}	INFO	[jepsen worker 4] jepsen.util: 4	:invoke	:read	nil
2026-03-19 17:47:48,708{GMT}	INFO	[jepsen worker 4] jepsen.util: 4	:ok	:read	[]
2026-03-19 17:47:48,724{GMT}	INFO	[jepsen worker 0] jepsen.util: 0	:invoke	:broadcast	2
2026-03-19 17:47:48,731{GMT}	INFO	[jepsen worker 0] jepsen.util: 0	:ok	:broadcast	2
2026-03-19 17:47:48,758{GMT}	INFO	[jepsen worker 0] jepsen.util: 0	:invoke	:broadcast	3
2026-03-19 17:47:48,764{GMT}	INFO	[jepsen worker 0] jepsen.util: 0	:ok	:broadcast	3
2026-03-19 17:47:48,944{GMT}	INFO	[jepsen worker 1] jepsen.util: 1	:invoke	:read	nil
2026-03-19 17:47:48,946{GMT}	INFO	[jepsen worker 1] jepsen.util: 1	:ok	:read	[0 1 2 3]
2026-03-19 17:47:49,034{GMT}	INFO	[jepsen worker 2] jepsen.util: 2	:invoke	:broadcast	4
2026-03-19 17:47:49,039{GMT}	INFO	[jepsen worker 2] jepsen.util: 2	:ok	:broadcast	4
2026-03-19 17:47:49,157{GMT}	INFO	[jepsen worker 3] jepsen.util: 3	:invoke	:read	nil
2026-03-19 17:47:49,161{GMT}	INFO	[jepsen worker 3] jepsen.util: 3	:ok	:read	[0 1 2 3 4]
2026-03-19 17:47:49,252{GMT}	INFO	[jepsen worker 4] jepsen.util: 4	:invoke	:broadcast	5
2026-03-19 17:47:49,256{GMT}	INFO	[jepsen worker 4] jepsen.util: 4	:ok	:broadcast	5
2026-03-19 17:47:49,342{GMT}	INFO	[jepsen worker 0] jepsen.util: 0	:invoke	:read	nil
2026-03-19 17:47:49,344{GMT}	INFO	[jepsen worker 0] jepsen.util: 0	:ok	:read	[0 1 2 3 4]
2026-03-19 17:47:49,477{GMT}	INFO	[jepsen worker 0] jepsen.util: 0	:invoke	:read	nil
2026-03-19 17:47:49,478{GMT}	INFO	[jepsen worker 0] jepsen.util: 0	:ok	:read	[0 1 2 3 4]
2026-03-19 17:47:49,644{GMT}	INFO	[jepsen worker 1] jepsen.util: 1	:invoke	:read	nil
2026-03-19 17:47:49,647{GMT}	INFO	[jepsen worker 1] jepsen.util: 1	:ok	:read	[0 1 2 3 4]
2026-03-19 17:47:49,685{GMT}	INFO	[jepsen worker 2] jepsen.util: 2	:invoke	:broadcast	6
2026-03-19 17:47:49,687{GMT}	INFO	[jepsen worker 2] jepsen.util: 2	:ok	:broadcast	6
2026-03-19 17:47:49,766{GMT}	INFO	[jepsen worker 3] jepsen.util: 3	:invoke	:read	nil
2026-03-19 17:47:49,770{GMT}	INFO	[jepsen worker 3] jepsen.util: 3	:ok	:read	[0 1 2 3 4 6]
2026-03-19 17:47:49,946{GMT}	INFO	[jepsen worker 4] jepsen.util: 4	:invoke	:broadcast	7
2026-03-19 17:47:49,951{GMT}	INFO	[jepsen worker 4] jepsen.util: 4	:ok	:broadcast	7
2026-03-19 17:47:50,065{GMT}	INFO	[jepsen worker 0] jepsen.util: 0	:invoke	:broadcast	8
2026-03-19 17:47:50,066{GMT}	INFO	[jepsen worker 1] jepsen.util: 1	:invoke	:read	nil
2026-03-19 17:47:50,071{GMT}	INFO	[jepsen worker 1] jepsen.util: 1	:ok	:read	[0 1 2 3 4 6]
2026-03-19 17:47:50,071{GMT}	INFO	[jepsen worker 0] jepsen.util: 0	:ok	:broadcast	8
2026-03-19 17:47:50,212{GMT}	INFO	[jepsen worker 1] jepsen.util: 1	:invoke	:broadcast	9
2026-03-19 17:47:50,216{GMT}	INFO	[jepsen worker 1] jepsen.util: 1	:ok	:broadcast	9
2026-03-19 17:47:50,218{GMT}	INFO	[jepsen worker 2] jepsen.util: 2	:invoke	:read	nil
2026-03-19 17:47:50,225{GMT}	INFO	[jepsen worker 2] jepsen.util: 2	:ok	:read	[0 1 2 3 4 6 8 9]
2026-03-19 17:47:50,302{GMT}	INFO	[jepsen worker 3] jepsen.util: 3	:invoke	:broadcast	10
2026-03-19 17:47:50,305{GMT}	INFO	[jepsen worker 3] jepsen.util: 3	:ok	:broadcast	10
2026-03-19 17:47:50,492{GMT}	INFO	[jepsen worker 4] jepsen.util: 4	:invoke	:read	nil
2026-03-19 17:47:50,494{GMT}	INFO	[jepsen worker 4] jepsen.util: 4	:ok	:read	[]
2026-03-19 17:47:50,682{GMT}	INFO	[jepsen worker 0] jepsen.util: 0	:invoke	:read	nil
2026-03-19 17:47:50,684{GMT}	INFO	[jepsen worker 0] jepsen.util: 0	:ok	:read	[0 1 2 3 4 6 8 9 10]
2026-03-19 17:47:50,769{GMT}	INFO	[jepsen worker 0] jepsen.util: 0	:invoke	:broadcast	11
2026-03-19 17:47:50,775{GMT}	INFO	[jepsen worker 0] jepsen.util: 0	:ok	:broadcast	11
2026-03-19 17:47:50,898{GMT}	INFO	[jepsen worker 1] jepsen.util: 1	:invoke	:broadcast	12
2026-03-19 17:47:50,901{GMT}	INFO	[jepsen worker 1] jepsen.util: 1	:ok	:broadcast	12
2026-03-19 17:47:51,087{GMT}	INFO	[jepsen worker 2] jepsen.util: 2	:invoke	:broadcast	13
2026-03-19 17:47:51,089{GMT}	INFO	[jepsen worker 2] jepsen.util: 2	:ok	:broadcast	13
2026-03-19 17:47:51,091{GMT}	INFO	[jepsen worker 3] jepsen.util: 3	:invoke	:read	nil
2026-03-19 17:47:51,093{GMT}	INFO	[jepsen worker 3] jepsen.util: 3	:ok	:read	[0 1 2 3 4 6 8 9 10 11 12 13]
2026-03-19 17:47:51,126{GMT}	INFO	[jepsen worker 4] jepsen.util: 4	:invoke	:broadcast	14
2026-03-19 17:47:51,135{GMT}	INFO	[jepsen worker 4] jepsen.util: 4	:ok	:broadcast	14
2026-03-19 17:47:51,240{GMT}	INFO	[jepsen worker 0] jepsen.util: 0	:invoke	:broadcast	15
2026-03-19 17:47:51,248{GMT}	INFO	[jepsen worker 0] jepsen.util: 0	:ok	:broadcast	15
2026-03-19 17:47:51,257{GMT}	INFO	[jepsen worker 0] jepsen.util: 0	:invoke	:broadcast	16
2026-03-19 17:47:51,264{GMT}	INFO	[jepsen worker 0] jepsen.util: 0	:ok	:broadcast	16
2026-03-19 17:47:51,368{GMT}	INFO	[jepsen worker 1] jepsen.util: 1	:invoke	:broadcast	17
2026-03-19 17:47:51,372{GMT}	INFO	[jepsen worker 1] jepsen.util: 1	:ok	:broadcast	17
2026-03-19 17:47:51,381{GMT}	INFO	[jepsen worker 2] jepsen.util: 2	:invoke	:broadcast	18
2026-03-19 17:47:51,389{GMT}	INFO	[jepsen worker 2] jepsen.util: 2	:ok	:broadcast	18
2026-03-19 17:47:51,504{GMT}	INFO	[jepsen worker 3] jepsen.util: 3	:invoke	:broadcast	19
2026-03-19 17:47:51,508{GMT}	INFO	[jepsen worker 3] jepsen.util: 3	:ok	:broadcast	19
2026-03-19 17:47:51,650{GMT}	INFO	[jepsen worker 4] jepsen.util: 4	:invoke	:broadcast	20
2026-03-19 17:47:51,652{GMT}	INFO	[jepsen worker 4] jepsen.util: 4	:ok	:broadcast	20
2026-03-19 17:47:51,686{GMT}	INFO	[jepsen worker 0] jepsen.util: 0	:invoke	:read	nil
2026-03-19 17:47:51,687{GMT}	INFO	[jepsen worker 0] jepsen.util: 0	:ok	:read	[0 1 2 3 4 6 8 9 10 11 12 13 15 16 17 18 19]
2026-03-19 17:47:51,805{GMT}	INFO	[jepsen worker 0] jepsen.util: 0	:invoke	:read	nil
2026-03-19 17:47:51,808{GMT}	INFO	[jepsen worker 0] jepsen.util: 0	:ok	:read	[0 1 2 3 4 6 8 9 10 11 12 13 15 16 17 18 19]
2026-03-19 17:47:51,854{GMT}	INFO	[jepsen worker 1] jepsen.util: 1	:invoke	:broadcast	21
2026-03-19 17:47:51,856{GMT}	INFO	[jepsen worker 1] jepsen.util: 1	:ok	:broadcast	21
2026-03-19 17:47:51,986{GMT}	INFO	[jepsen worker 2] jepsen.util: 2	:invoke	:broadcast	22
2026-03-19 17:47:51,990{GMT}	INFO	[jepsen worker 2] jepsen.util: 2	:ok	:broadcast	22
2026-03-19 17:47:52,060{GMT}	INFO	[jepsen worker 3] jepsen.util: 3	:invoke	:broadcast	23
2026-03-19 17:47:52,063{GMT}	INFO	[jepsen worker 3] jepsen.util: 3	:ok	:broadcast	23
2026-03-19 17:47:52,109{GMT}	INFO	[jepsen worker 4] jepsen.util: 4	:invoke	:broadcast	24
2026-03-19 17:47:52,113{GMT}	INFO	[jepsen worker 4] jepsen.util: 4	:ok	:broadcast	24
2026-03-19 17:47:52,249{GMT}	INFO	[jepsen worker 0] jepsen.util: 0	:invoke	:broadcast	25
2026-03-19 17:47:52,252{GMT}	INFO	[jepsen worker 0] jepsen.util: 0	:ok	:broadcast	25
2026-03-19 17:47:52,262{GMT}	INFO	[jepsen worker 0] jepsen.util: 0	:invoke	:broadcast	26
2026-03-19 17:47:52,265{GMT}	INFO	[jepsen worker 0] jepsen.util: 0	:ok	:broadcast	26
2026-03-19 17:47:52,342{GMT}	INFO	[jepsen worker 1] jepsen.util: 1	:invoke	:read	nil
2026-03-19 17:47:52,345{GMT}	INFO	[jepsen worker 1] jepsen.util: 1	:ok	:read	[0 1 2 3 4 6 8 9 10 11 12 13 15 16 17 18 19 21 22 23 25 26]
2026-03-19 17:47:52,452{GMT}	INFO	[jepsen worker 2] jepsen.util: 2	:invoke	:read	nil
2026-03-19 17:47:52,456{GMT}	INFO	[jepsen worker 2] jepsen.util: 2	:ok	:read	[0 1 2 3 4 6 8 9 10 11 12 13 15 16 17 18 19 21 22 23 25 26]
2026-03-19 17:47:52,614{GMT}	INFO	[jepsen worker 3] jepsen.util: 3	:invoke	:broadcast	27
2026-03-19 17:47:52,617{GMT}	INFO	[jepsen worker 3] jepsen.util: 3	:ok	:broadcast	27
2026-03-19 17:47:52,745{GMT}	INFO	[jepsen worker 4] jepsen.util: 4	:invoke	:read	nil
2026-03-19 17:47:52,748{GMT}	INFO	[jepsen worker 4] jepsen.util: 4	:ok	:read	[]
2026-03-19 17:47:52,822{GMT}	INFO	[jepsen worker 0] jepsen.util: 0	:invoke	:broadcast	28
2026-03-19 17:47:52,822{GMT}	INFO	[jepsen worker 1] jepsen.util: 1	:invoke	:read	nil
2026-03-19 17:47:52,826{GMT}	INFO	[jepsen worker 1] jepsen.util: 1	:ok	:read	[0 1 2 3 4 6 8 9 10 11 12 13 15 16 17 18 19 21 22 23 25 26 27]
2026-03-19 17:47:52,826{GMT}	INFO	[jepsen worker 0] jepsen.util: 0	:ok	:broadcast	28
2026-03-19 17:47:52,920{GMT}	INFO	[jepsen worker 1] jepsen.util: 1	:invoke	:broadcast	29
2026-03-19 17:47:52,923{GMT}	INFO	[jepsen worker 1] jepsen.util: 1	:ok	:broadcast	29
2026-03-19 17:47:53,031{GMT}	INFO	[jepsen worker 2] jepsen.util: 2	:invoke	:broadcast	30
2026-03-19 17:47:53,034{GMT}	INFO	[jepsen worker 2] jepsen.util: 2	:ok	:broadcast	30
2026-03-19 17:47:53,094{GMT}	INFO	[jepsen worker 3] jepsen.util: 3	:invoke	:broadcast	31
2026-03-19 17:47:53,097{GMT}	INFO	[jepsen worker 3] jepsen.util: 3	:ok	:broadcast	31
2026-03-19 17:47:53,111{GMT}	INFO	[jepsen worker 4] jepsen.util: 4	:invoke	:broadcast	32
2026-03-19 17:47:53,115{GMT}	INFO	[jepsen worker 4] jepsen.util: 4	:ok	:broadcast	32
2026-03-19 17:47:53,153{GMT}	INFO	[jepsen worker 0] jepsen.util: 0	:invoke	:read	nil
2026-03-19 17:47:53,155{GMT}	INFO	[jepsen worker 0] jepsen.util: 0	:ok	:read	[0 1 2 3 4 6 8 9 10 11 12 13 15 16 17 18 19 21 22 23 25 26 27 28 29 30 31]
2026-03-19 17:47:53,159{GMT}	INFO	[jepsen worker 0] jepsen.util: 0	:invoke	:read	nil
2026-03-19 17:47:53,160{GMT}	INFO	[jepsen worker 0] jepsen.util: 0	:ok	:read	[0 1 2 3 4 6 8 9 10 11 12 13 15 16 17 18 19 21 22 23 25 26 27 28 29 30 31]
2026-03-19 17:47:53,176{GMT}	INFO	[jepsen worker 1] jepsen.util: 1	:invoke	:broadcast	33
2026-03-19 17:47:53,179{GMT}	INFO	[jepsen worker 1] jepsen.util: 1	:ok	:broadcast	33
2026-03-19 17:47:53,267{GMT}	INFO	[jepsen worker 2] jepsen.util: 2	:invoke	:broadcast	34
2026-03-19 17:47:53,271{GMT}	INFO	[jepsen worker 2] jepsen.util: 2	:ok	:broadcast	34
2026-03-19 17:47:53,409{GMT}	INFO	[jepsen worker 3] jepsen.util: 3	:invoke	:read	nil
2026-03-19 17:47:53,411{GMT}	INFO	[jepsen worker 3] jepsen.util: 3	:ok	:read	[0 1 2 3 4 6 8 9 10 11 12 13 15 16 17 18 19 21 22 23 25 26 27 28 29 30 31 33 34]
2026-03-19 17:47:53,470{GMT}	INFO	[jepsen worker 4] jepsen.util: 4	:invoke	:broadcast	35
2026-03-19 17:47:53,473{GMT}	INFO	[jepsen worker 4] jepsen.util: 4	:ok	:broadcast	35
2026-03-19 17:47:53,514{GMT}	INFO	[jepsen worker 0] jepsen.util: 0	:invoke	:broadcast	36
2026-03-19 17:47:53,517{GMT}	INFO	[jepsen worker 0] jepsen.util: 0	:ok	:broadcast	36
2026-03-19 17:47:53,617{GMT}	INFO	[jepsen worker 0] jepsen.util: 0	:invoke	:read	nil
2026-03-19 17:47:53,620{GMT}	INFO	[jepsen worker 0] jepsen.util: 0	:ok	:read	[0 1 2 3 4 6 8 9 10 11 12 13 15 16 17 18 19 21 22 23 25 26 27 28 29 30 31 33 34 36]
2026-03-19 17:47:53,674{GMT}	INFO	[jepsen worker 1] jepsen.util: 1	:invoke	:read	nil
2026-03-19 17:47:53,677{GMT}	INFO	[jepsen worker 1] jepsen.util: 1	:ok	:read	[0 1 2 3 4 6 8 9 10 11 12 13 15 16 17 18 19 21 22 23 25 26 27 28 29 30 31 33 34 36]
2026-03-19 17:47:53,754{GMT}	INFO	[jepsen worker 2] jepsen.util: 2	:invoke	:broadcast	37
2026-03-19 17:47:53,757{GMT}	INFO	[jepsen worker 2] jepsen.util: 2	:ok	:broadcast	37
2026-03-19 17:47:53,762{GMT}	INFO	[jepsen worker 3] jepsen.util: 3	:invoke	:read	nil
2026-03-19 17:47:53,764{GMT}	INFO	[jepsen worker 3] jepsen.util: 3	:ok	:read	[0 1 2 3 4 6 8 9 10 11 12 13 15 16 17 18 19 21 22 23 25 26 27 28 29 30 31 33 34 36 37]
2026-03-19 17:47:53,884{GMT}	INFO	[jepsen worker 4] jepsen.util: 4	:invoke	:read	nil
2026-03-19 17:47:53,885{GMT}	INFO	[jepsen worker 4] jepsen.util: 4	:ok	:read	[]
2026-03-19 17:47:54,056{GMT}	INFO	[jepsen worker 0] jepsen.util: 0	:invoke	:read	nil
2026-03-19 17:47:54,059{GMT}	INFO	[jepsen worker 0] jepsen.util: 0	:ok	:read	[0 1 2 3 4 6 8 9 10 11 12 13 15 16 17 18 19 21 22 23 25 26 27 28 29 30 31 33 34 36 37]
2026-03-19 17:47:54,184{GMT}	INFO	[jepsen worker 0] jepsen.util: 0	:invoke	:read	nil
2026-03-19 17:47:54,186{GMT}	INFO	[jepsen worker 0] jepsen.util: 0	:ok	:read	[0 1 2 3 4 6 8 9 10 11 12 13 15 16 17 18 19 21 22 23 25 26 27 28 29 30 31 33 34 36 37]
2026-03-19 17:47:54,335{GMT}	INFO	[jepsen worker 1] jepsen.util: 1	:invoke	:broadcast	38
2026-03-19 17:47:54,338{GMT}	INFO	[jepsen worker 1] jepsen.util: 1	:ok	:broadcast	38
2026-03-19 17:47:54,398{GMT}	INFO	[jepsen worker 2] jepsen.util: 2	:invoke	:read	nil
2026-03-19 17:47:54,401{GMT}	INFO	[jepsen worker 2] jepsen.util: 2	:ok	:read	[0 1 2 3 4 6 8 9 10 11 12 13 15 16 17 18 19 21 22 23 25 26 27 28 29 30 31 33 34 36 37 38]
2026-03-19 17:47:54,465{GMT}	INFO	[jepsen worker 3] jepsen.util: 3	:invoke	:broadcast	39
2026-03-19 17:47:54,468{GMT}	INFO	[jepsen worker 3] jepsen.util: 3	:ok	:broadcast	39
2026-03-19 17:47:54,607{GMT}	INFO	[jepsen worker 4] jepsen.util: 4	:invoke	:read	nil
2026-03-19 17:47:54,610{GMT}	INFO	[jepsen worker 4] jepsen.util: 4	:ok	:read	[]
2026-03-19 17:47:54,772{GMT}	INFO	[jepsen worker 0] jepsen.util: 0	:invoke	:broadcast	40
2026-03-19 17:47:54,775{GMT}	INFO	[jepsen worker 0] jepsen.util: 0	:ok	:broadcast	40
2026-03-19 17:47:54,844{GMT}	INFO	[jepsen worker 0] jepsen.util: 0	:invoke	:read	nil
2026-03-19 17:47:54,847{GMT}	INFO	[jepsen worker 0] jepsen.util: 0	:ok	:read	[0 1 2 3 4 6 8 9 10 11 12 13 15 16 17 18 19 21 22 23 25 26 27 28 29 30 31 33 34 36 37 38 39 40]
2026-03-19 17:47:54,926{GMT}	INFO	[jepsen worker 1] jepsen.util: 1	:invoke	:broadcast	41
2026-03-19 17:47:54,929{GMT}	INFO	[jepsen worker 1] jepsen.util: 1	:ok	:broadcast	41
2026-03-19 17:47:54,971{GMT}	INFO	[jepsen worker 2] jepsen.util: 2	:invoke	:broadcast	42
2026-03-19 17:47:54,974{GMT}	INFO	[jepsen worker 2] jepsen.util: 2	:ok	:broadcast	42
2026-03-19 17:47:55,062{GMT}	INFO	[jepsen worker 3] jepsen.util: 3	:invoke	:read	nil
2026-03-19 17:47:55,065{GMT}	INFO	[jepsen worker 3] jepsen.util: 3	:ok	:read	[0 1 2 3 4 6 8 9 10 11 12 13 15 16 17 18 19 21 22 23 25 26 27 28 29 30 31 33 34 36 37 38 39 40 41 42]
2026-03-19 17:47:55,221{GMT}	INFO	[jepsen worker 4] jepsen.util: 4	:invoke	:broadcast	43
2026-03-19 17:47:55,224{GMT}	INFO	[jepsen worker 4] jepsen.util: 4	:ok	:broadcast	43
2026-03-19 17:47:55,311{GMT}	INFO	[jepsen worker 0] jepsen.util: 0	:invoke	:read	nil
2026-03-19 17:47:55,312{GMT}	INFO	[jepsen worker 0] jepsen.util: 0	:ok	:read	[0 1 2 3 4 6 8 9 10 11 12 13 15 16 17 18 19 21 22 23 25 26 27 28 29 30 31 33 34 36 37 38 39 40 41 42]
2026-03-19 17:47:55,349{GMT}	INFO	[jepsen worker 0] jepsen.util: 0	:invoke	:read	nil
2026-03-19 17:47:55,351{GMT}	INFO	[jepsen worker 0] jepsen.util: 0	:ok	:read	[0 1 2 3 4 6 8 9 10 11 12 13 15 16 17 18 19 21 22 23 25 26 27 28 29 30 31 33 34 36 37 38 39 40 41 42]
2026-03-19 17:47:55,506{GMT}	INFO	[jepsen worker 1] jepsen.util: 1	:invoke	:broadcast	44
2026-03-19 17:47:55,508{GMT}	INFO	[jepsen worker 1] jepsen.util: 1	:ok	:broadcast	44
2026-03-19 17:47:55,663{GMT}	INFO	[jepsen worker 2] jepsen.util: 2	:invoke	:broadcast	45
2026-03-19 17:47:55,666{GMT}	INFO	[jepsen worker 2] jepsen.util: 2	:ok	:broadcast	45
2026-03-19 17:47:55,675{GMT}	INFO	[jepsen worker 3] jepsen.util: 3	:invoke	:read	nil
2026-03-19 17:47:55,678{GMT}	INFO	[jepsen worker 3] jepsen.util: 3	:ok	:read	[0 1 2 3 4 6 8 9 10 11 12 13 15 16 17 18 19 21 22 23 25 26 27 28 29 30 31 33 34 36 37 38 39 40 41 42 44 45]
2026-03-19 17:47:55,797{GMT}	INFO	[jepsen worker 4] jepsen.util: 4	:invoke	:read	nil
2026-03-19 17:47:55,800{GMT}	INFO	[jepsen worker 4] jepsen.util: 4	:ok	:read	[]
2026-03-19 17:47:55,987{GMT}	INFO	[jepsen worker 0] jepsen.util: 0	:invoke	:broadcast	46
2026-03-19 17:47:55,989{GMT}	INFO	[jepsen worker 0] jepsen.util: 0	:ok	:broadcast	46
2026-03-19 17:47:56,025{GMT}	INFO	[jepsen worker 0] jepsen.util: 0	:invoke	:read	nil
2026-03-19 17:47:56,026{GMT}	INFO	[jepsen worker 0] jepsen.util: 0	:ok	:read	[0 1 2 3 4 6 8 9 10 11 12 13 15 16 17 18 19 21 22 23 25 26 27 28 29 30 31 33 34 36 37 38 39 40 41 42 44 45 46]
2026-03-19 17:47:56,026{GMT}	INFO	[jepsen worker 1] jepsen.util: 1	:invoke	:read	nil
2026-03-19 17:47:56,028{GMT}	INFO	[jepsen worker 1] jepsen.util: 1	:ok	:read	[0 1 2 3 4 6 8 9 10 11 12 13 15 16 17 18 19 21 22 23 25 26 27 28 29 30 31 33 34 36 37 38 39 40 41 42 44 45 46]
2026-03-19 17:47:56,183{GMT}	INFO	[jepsen worker 2] jepsen.util: 2	:invoke	:read	nil
2026-03-19 17:47:56,186{GMT}	INFO	[jepsen worker 2] jepsen.util: 2	:ok	:read	[0 1 2 3 4 6 8 9 10 11 12 13 15 16 17 18 19 21 22 23 25 26 27 28 29 30 31 33 34 36 37 38 39 40 41 42 44 45 46]
2026-03-19 17:47:56,255{GMT}	INFO	[jepsen worker 3] jepsen.util: 3	:invoke	:broadcast	47
2026-03-19 17:47:56,257{GMT}	INFO	[jepsen worker 3] jepsen.util: 3	:ok	:broadcast	47
2026-03-19 17:47:56,425{GMT}	INFO	[jepsen worker 4] jepsen.util: 4	:invoke	:broadcast	48
2026-03-19 17:47:56,428{GMT}	INFO	[jepsen worker 4] jepsen.util: 4	:ok	:broadcast	48
2026-03-19 17:47:56,564{GMT}	INFO	[jepsen worker 0] jepsen.util: 0	:invoke	:read	nil
2026-03-19 17:47:56,566{GMT}	INFO	[jepsen worker 0] jepsen.util: 0	:ok	:read	[0 1 2 3 4 6 8 9 10 11 12 13 15 16 17 18 19 21 22 23 25 26 27 28 29 30 31 33 34 36 37 38 39 40 41 42 44 45 46 47]
2026-03-19 17:47:56,659{GMT}	INFO	[jepsen worker 0] jepsen.util: 0	:invoke	:read	nil
2026-03-19 17:47:56,662{GMT}	INFO	[jepsen worker 0] jepsen.util: 0	:ok	:read	[0 1 2 3 4 6 8 9 10 11 12 13 15 16 17 18 19 21 22 23 25 26 27 28 29 30 31 33 34 36 37 38 39 40 41 42 44 45 46 47]
2026-03-19 17:47:56,839{GMT}	INFO	[jepsen worker 1] jepsen.util: 1	:invoke	:broadcast	49
2026-03-19 17:47:56,842{GMT}	INFO	[jepsen worker 1] jepsen.util: 1	:ok	:broadcast	49
2026-03-19 17:47:56,860{GMT}	INFO	[jepsen worker 2] jepsen.util: 2	:invoke	:read	nil
2026-03-19 17:47:56,863{GMT}	INFO	[jepsen worker 2] jepsen.util: 2	:ok	:read	[0 1 2 3 4 6 8 9 10 11 12 13 15 16 17 18 19 21 22 23 25 26 27 28 29 30 31 33 34 36 37 38 39 40 41 42 44 45 46 47 49]
2026-03-19 17:47:56,951{GMT}	INFO	[jepsen worker 3] jepsen.util: 3	:invoke	:broadcast	50
2026-03-19 17:47:56,954{GMT}	INFO	[jepsen worker 3] jepsen.util: 3	:ok	:broadcast	50
2026-03-19 17:47:56,957{GMT}	INFO	[jepsen worker 4] jepsen.util: 4	:invoke	:broadcast	51
2026-03-19 17:47:56,959{GMT}	INFO	[jepsen worker 4] jepsen.util: 4	:ok	:broadcast	51
2026-03-19 17:47:56,999{GMT}	INFO	[jepsen worker 0] jepsen.util: 0	:invoke	:read	nil
2026-03-19 17:47:57,000{GMT}	INFO	[jepsen worker 0] jepsen.util: 0	:ok	:read	[0 1 2 3 4 6 8 9 10 11 12 13 15 16 17 18 19 21 22 23 25 26 27 28 29 30 31 33 34 36 37 38 39 40 41 42 44 45 46 47 49 50]
2026-03-19 17:47:57,158{GMT}	INFO	[jepsen worker 0] jepsen.util: 0	:invoke	:broadcast	52
2026-03-19 17:47:57,161{GMT}	INFO	[jepsen worker 0] jepsen.util: 0	:ok	:broadcast	52
2026-03-19 17:47:57,322{GMT}	INFO	[jepsen worker 1] jepsen.util: 1	:invoke	:broadcast	53
2026-03-19 17:47:57,324{GMT}	INFO	[jepsen worker 1] jepsen.util: 1	:ok	:broadcast	53
2026-03-19 17:47:57,478{GMT}	INFO	[jepsen worker 2] jepsen.util: 2	:invoke	:broadcast	54
2026-03-19 17:47:57,479{GMT}	INFO	[jepsen worker 2] jepsen.util: 2	:ok	:broadcast	54
2026-03-19 17:47:57,490{GMT}	INFO	[jepsen worker 3] jepsen.util: 3	:invoke	:read	nil
2026-03-19 17:47:57,492{GMT}	INFO	[jepsen worker 3] jepsen.util: 3	:ok	:read	[0 1 2 3 4 6 8 9 10 11 12 13 15 16 17 18 19 21 22 23 25 26 27 28 29 30 31 33 34 36 37 38 39 40 41 42 44 45 46 47 49 50 52 53 54]
2026-03-19 17:47:57,680{GMT}	INFO	[jepsen worker 4] jepsen.util: 4	:invoke	:broadcast	55
2026-03-19 17:47:57,684{GMT}	INFO	[jepsen worker 4] jepsen.util: 4	:ok	:broadcast	55
2026-03-19 17:47:57,739{GMT}	INFO	[jepsen worker 0] jepsen.util: 0	:invoke	:broadcast	56
2026-03-19 17:47:57,744{GMT}	INFO	[jepsen worker 0] jepsen.util: 0	:ok	:broadcast	56
2026-03-19 17:47:57,901{GMT}	INFO	[jepsen worker 0] jepsen.util: 0	:invoke	:read	nil
2026-03-19 17:47:57,903{GMT}	INFO	[jepsen worker 0] jepsen.util: 0	:ok	:read	[0 1 2 3 4 6 8 9 10 11 12 13 15 16 17 18 19 21 22 23 25 26 27 28 29 30 31 33 34 36 37 38 39 40 41 42 44 45 46 47 49 50 52 53 54 56]
2026-03-19 17:47:57,940{GMT}	INFO	[jepsen worker 1] jepsen.util: 1	:invoke	:broadcast	57
2026-03-19 17:47:57,944{GMT}	INFO	[jepsen worker 1] jepsen.util: 1	:ok	:broadcast	57
2026-03-19 17:47:58,108{GMT}	INFO	[jepsen worker 2] jepsen.util: 2	:invoke	:read	nil
2026-03-19 17:47:58,110{GMT}	INFO	[jepsen worker 2] jepsen.util: 2	:ok	:read	[0 1 2 3 4 6 8 9 10 11 12 13 15 16 17 18 19 21 22 23 25 26 27 28 29 30 31 33 34 36 37 38 39 40 41 42 44 45 46 47 49 50 52 53 54 56 57]
2026-03-19 17:47:58,277{GMT}	INFO	[jepsen worker 3] jepsen.util: 3	:invoke	:broadcast	58
2026-03-19 17:47:58,279{GMT}	INFO	[jepsen worker 3] jepsen.util: 3	:ok	:broadcast	58
2026-03-19 17:47:58,401{GMT}	INFO	[jepsen worker 4] jepsen.util: 4	:invoke	:read	nil
2026-03-19 17:47:58,403{GMT}	INFO	[jepsen worker 4] jepsen.util: 4	:ok	:read	[]
2026-03-19 17:47:58,499{GMT}	INFO	[jepsen worker 0] jepsen.util: 0	:invoke	:broadcast	59
2026-03-19 17:47:58,501{GMT}	INFO	[jepsen worker 0] jepsen.util: 0	:ok	:broadcast	59
2026-03-19 17:47:58,634{GMT}	INFO	[jepsen worker 0] jepsen.util: 0	:invoke	:broadcast	60
2026-03-19 17:47:58,636{GMT}	INFO	[jepsen worker 0] jepsen.util: 0	:ok	:broadcast	60
2026-03-19 17:47:58,643{GMT}	INFO	[jepsen worker 1] jepsen.util: 1	:invoke	:read	nil
2026-03-19 17:47:58,644{GMT}	INFO	[jepsen worker 1] jepsen.util: 1	:ok	:read	[0 1 2 3 4 6 8 9 10 11 12 13 15 16 17 18 19 21 22 23 25 26 27 28 29 30 31 33 34 36 37 38 39 40 41 42 44 45 46 47 49 50 52 53 54 56 57 58 59 60]
2026-03-19 17:47:58,785{GMT}	INFO	[jepsen worker 2] jepsen.util: 2	:invoke	:read	nil
2026-03-19 17:47:58,788{GMT}	INFO	[jepsen worker 2] jepsen.util: 2	:ok	:read	[0 1 2 3 4 6 8 9 10 11 12 13 15 16 17 18 19 21 22 23 25 26 27 28 29 30 31 33 34 36 37 38 39 40 41 42 44 45 46 47 49 50 52 53 54 56 57 58 59 60]
2026-03-19 17:47:58,964{GMT}	INFO	[jepsen worker 3] jepsen.util: 3	:invoke	:broadcast	61
2026-03-19 17:47:58,966{GMT}	INFO	[jepsen worker 3] jepsen.util: 3	:ok	:broadcast	61
2026-03-19 17:47:59,090{GMT}	INFO	[jepsen worker 4] jepsen.util: 4	:invoke	:broadcast	62
2026-03-19 17:47:59,093{GMT}	INFO	[jepsen worker 4] jepsen.util: 4	:ok	:broadcast	62
2026-03-19 17:47:59,105{GMT}	INFO	[jepsen worker 0] jepsen.util: 0	:invoke	:broadcast	63
2026-03-19 17:47:59,107{GMT}	INFO	[jepsen worker 0] jepsen.util: 0	:ok	:broadcast	63
2026-03-19 17:47:59,223{GMT}	INFO	[jepsen worker 0] jepsen.util: 0	:invoke	:read	nil
2026-03-19 17:47:59,225{GMT}	INFO	[jepsen worker 0] jepsen.util: 0	:ok	:read	[0 1 2 3 4 6 8 9 10 11 12 13 15 16 17 18 19 21 22 23 25 26 27 28 29 30 31 33 34 36 37 38 39 40 41 42 44 45 46 47 49 50 52 53 54 56 57 58 59 60 61 63]
2026-03-19 17:47:59,379{GMT}	INFO	[jepsen worker 1] jepsen.util: 1	:invoke	:broadcast	64
2026-03-19 17:47:59,381{GMT}	INFO	[jepsen worker 1] jepsen.util: 1	:ok	:broadcast	64
2026-03-19 17:47:59,433{GMT}	INFO	[jepsen worker 2] jepsen.util: 2	:invoke	:read	nil
2026-03-19 17:47:59,435{GMT}	INFO	[jepsen worker 2] jepsen.util: 2	:ok	:read	[0 1 2 3 4 6 8 9 10 11 12 13 15 16 17 18 19 21 22 23 25 26 27 28 29 30 31 33 34 36 37 38 39 40 41 42 44 45 46 47 49 50 52 53 54 56 57 58 59 60 61 63 64]
2026-03-19 17:47:59,498{GMT}	INFO	[jepsen worker 3] jepsen.util: 3	:invoke	:broadcast	65
2026-03-19 17:47:59,499{GMT}	INFO	[jepsen worker 3] jepsen.util: 3	:ok	:broadcast	65
2026-03-19 17:47:59,687{GMT}	INFO	[jepsen worker 4] jepsen.util: 4	:invoke	:read	nil
2026-03-19 17:47:59,690{GMT}	INFO	[jepsen worker 4] jepsen.util: 4	:ok	:read	[]
2026-03-19 17:47:59,806{GMT}	INFO	[jepsen worker 0] jepsen.util: 0	:invoke	:read	nil
2026-03-19 17:47:59,809{GMT}	INFO	[jepsen worker 0] jepsen.util: 0	:ok	:read	[0 1 2 3 4 6 8 9 10 11 12 13 15 16 17 18 19 21 22 23 25 26 27 28 29 30 31 33 34 36 37 38 39 40 41 42 44 45 46 47 49 50 52 53 54 56 57 58 59 60 61 63 64 65]
2026-03-19 17:47:59,927{GMT}	INFO	[jepsen worker 0] jepsen.util: 0	:invoke	:broadcast	66
2026-03-19 17:47:59,930{GMT}	INFO	[jepsen worker 0] jepsen.util: 0	:ok	:broadcast	66
2026-03-19 17:48:00,017{GMT}	INFO	[jepsen worker 1] jepsen.util: 1	:invoke	:read	nil
2026-03-19 17:48:00,020{GMT}	INFO	[jepsen worker 1] jepsen.util: 1	:ok	:read	[0 1 2 3 4 6 8 9 10 11 12 13 15 16 17 18 19 21 22 23 25 26 27 28 29 30 31 33 34 36 37 38 39 40 41 42 44 45 46 47 49 50 52 53 54 56 57 58 59 60 61 63 64 65 66]
2026-03-19 17:48:00,070{GMT}	INFO	[jepsen worker 2] jepsen.util: 2	:invoke	:broadcast	67
2026-03-19 17:48:00,073{GMT}	INFO	[jepsen worker 2] jepsen.util: 2	:ok	:broadcast	67
2026-03-19 17:48:00,084{GMT}	INFO	[jepsen worker 3] jepsen.util: 3	:invoke	:broadcast	68
2026-03-19 17:48:00,086{GMT}	INFO	[jepsen worker 3] jepsen.util: 3	:ok	:broadcast	68
2026-03-19 17:48:00,184{GMT}	INFO	[jepsen worker 4] jepsen.util: 4	:invoke	:broadcast	69
2026-03-19 17:48:00,187{GMT}	INFO	[jepsen worker 4] jepsen.util: 4	:ok	:broadcast	69
2026-03-19 17:48:00,293{GMT}	INFO	[jepsen worker 0] jepsen.util: 0	:invoke	:broadcast	70
2026-03-19 17:48:00,296{GMT}	INFO	[jepsen worker 0] jepsen.util: 0	:ok	:broadcast	70
2026-03-19 17:48:00,302{GMT}	INFO	[jepsen worker 0] jepsen.util: 0	:invoke	:broadcast	71
2026-03-19 17:48:00,305{GMT}	INFO	[jepsen worker 0] jepsen.util: 0	:ok	:broadcast	71
2026-03-19 17:48:00,311{GMT}	INFO	[jepsen worker 1] jepsen.util: 1	:invoke	:read	nil
2026-03-19 17:48:00,314{GMT}	INFO	[jepsen worker 1] jepsen.util: 1	:ok	:read	[0 1 2 3 4 6 8 9 10 11 12 13 15 16 17 18 19 21 22 23 25 26 27 28 29 30 31 33 34 36 37 38 39 40 41 42 44 45 46 47 49 50 52 53 54 56 57 58 59 60 61 63 64 65 66 67 68 70 71]
2026-03-19 17:48:00,419{GMT}	INFO	[jepsen worker 2] jepsen.util: 2	:invoke	:read	nil
2026-03-19 17:48:00,422{GMT}	INFO	[jepsen worker 2] jepsen.util: 2	:ok	:read	[0 1 2 3 4 6 8 9 10 11 12 13 15 16 17 18 19 21 22 23 25 26 27 28 29 30 31 33 34 36 37 38 39 40 41 42 44 45 46 47 49 50 52 53 54 56 57 58 59 60 61 63 64 65 66 67 68 70 71]
2026-03-19 17:48:00,473{GMT}	INFO	[jepsen worker 3] jepsen.util: 3	:invoke	:broadcast	72
2026-03-19 17:48:00,475{GMT}	INFO	[jepsen worker 3] jepsen.util: 3	:ok	:broadcast	72
2026-03-19 17:48:00,478{GMT}	INFO	[jepsen worker 4] jepsen.util: 4	:invoke	:broadcast	73
2026-03-19 17:48:00,481{GMT}	INFO	[jepsen worker 4] jepsen.util: 4	:ok	:broadcast	73
2026-03-19 17:48:00,629{GMT}	INFO	[jepsen worker 0] jepsen.util: 0	:invoke	:broadcast	74
2026-03-19 17:48:00,632{GMT}	INFO	[jepsen worker 0] jepsen.util: 0	:ok	:broadcast	74
2026-03-19 17:48:00,632{GMT}	INFO	[jepsen worker 1] jepsen.util: 1	:invoke	:read	nil
2026-03-19 17:48:00,635{GMT}	INFO	[jepsen worker 1] jepsen.util: 1	:ok	:read	[0 1 2 3 4 6 8 9 10 11 12 13 15 16 17 18 19 21 22 23 25 26 27 28 29 30 31 33 34 36 37 38 39 40 41 42 44 45 46 47 49 50 52 53 54 56 57 58 59 60 61 63 64 65 66 67 68 70 71 72 74]
2026-03-19 17:48:00,714{GMT}	INFO	[jepsen worker 1] jepsen.util: 1	:invoke	:read	nil
2026-03-19 17:48:00,717{GMT}	INFO	[jepsen worker 1] jepsen.util: 1	:ok	:read	[0 1 2 3 4 6 8 9 10 11 12 13 15 16 17 18 19 21 22 23 25 26 27 28 29 30 31 33 34 36 37 38 39 40 41 42 44 45 46 47 49 50 52 53 54 56 57 58 59 60 61 63 64 65 66 67 68 70 71 72 74]
2026-03-19 17:48:00,787{GMT}	INFO	[jepsen worker 2] jepsen.util: 2	:invoke	:broadcast	75
2026-03-19 17:48:00,789{GMT}	INFO	[jepsen worker 2] jepsen.util: 2	:ok	:broadcast	75
2026-03-19 17:48:00,938{GMT}	INFO	[jepsen worker 3] jepsen.util: 3	:invoke	:read	nil
2026-03-19 17:48:00,941{GMT}	INFO	[jepsen worker 3] jepsen.util: 3	:ok	:read	[0 1 2 3 4 6 8 9 10 11 12 13 15 16 17 18 19 21 22 23 25 26 27 28 29 30 31 33 34 36 37 38 39 40 41 42 44 45 46 47 49 50 52 53 54 56 57 58 59 60 61 63 64 65 66 67 68 70 71 72 74 75]
2026-03-19 17:48:01,132{GMT}	INFO	[jepsen worker 4] jepsen.util: 4	:invoke	:broadcast	76
2026-03-19 17:48:01,135{GMT}	INFO	[jepsen worker 4] jepsen.util: 4	:ok	:broadcast	76
2026-03-19 17:48:01,183{GMT}	INFO	[jepsen worker 0] jepsen.util: 0	:invoke	:broadcast	77
2026-03-19 17:48:01,186{GMT}	INFO	[jepsen worker 0] jepsen.util: 0	:ok	:broadcast	77
2026-03-19 17:48:01,236{GMT}	INFO	[jepsen worker 0] jepsen.util: 0	:invoke	:broadcast	78
2026-03-19 17:48:01,239{GMT}	INFO	[jepsen worker 0] jepsen.util: 0	:ok	:broadcast	78
2026-03-19 17:48:01,436{GMT}	INFO	[jepsen worker 1] jepsen.util: 1	:invoke	:broadcast	79
2026-03-19 17:48:01,438{GMT}	INFO	[jepsen worker 1] jepsen.util: 1	:ok	:broadcast	79
2026-03-19 17:48:01,453{GMT}	INFO	[jepsen worker 2] jepsen.util: 2	:invoke	:read	nil
2026-03-19 17:48:01,456{GMT}	INFO	[jepsen worker 2] jepsen.util: 2	:ok	:read	[0 1 2 3 4 6 8 9 10 11 12 13 15 16 17 18 19 21 22 23 25 26 27 28 29 30 31 33 34 36 37 38 39 40 41 42 44 45 46 47 49 50 52 53 54 56 57 58 59 60 61 63 64 65 66 67 68 70 71 72 74 75 77 78 79]
2026-03-19 17:48:01,558{GMT}	INFO	[jepsen worker 3] jepsen.util: 3	:invoke	:read	nil
2026-03-19 17:48:01,561{GMT}	INFO	[jepsen worker 3] jepsen.util: 3	:ok	:read	[0 1 2 3 4 6 8 9 10 11 12 13 15 16 17 18 19 21 22 23 25 26 27 28 29 30 31 33 34 36 37 38 39 40 41 42 44 45 46 47 49 50 52 53 54 56 57 58 59 60 61 63 64 65 66 67 68 70 71 72 74 75 77 78 79]
2026-03-19 17:48:01,610{GMT}	INFO	[jepsen worker 4] jepsen.util: 4	:invoke	:broadcast	80
2026-03-19 17:48:01,611{GMT}	INFO	[jepsen worker 4] jepsen.util: 4	:ok	:broadcast	80
2026-03-19 17:48:01,694{GMT}	INFO	[jepsen worker 0] jepsen.util: 0	:invoke	:broadcast	81
2026-03-19 17:48:01,697{GMT}	INFO	[jepsen worker 0] jepsen.util: 0	:ok	:broadcast	81
2026-03-19 17:48:01,788{GMT}	INFO	[jepsen worker 0] jepsen.util: 0	:invoke	:read	nil
2026-03-19 17:48:01,791{GMT}	INFO	[jepsen worker 0] jepsen.util: 0	:ok	:read	[0 1 2 3 4 6 8 9 10 11 12 13 15 16 17 18 19 21 22 23 25 26 27 28 29 30 31 33 34 36 37 38 39 40 41 42 44 45 46 47 49 50 52 53 54 56 57 58 59 60 61 63 64 65 66 67 68 70 71 72 74 75 77 78 79 81]
2026-03-19 17:48:01,916{GMT}	INFO	[jepsen worker 1] jepsen.util: 1	:invoke	:broadcast	82
2026-03-19 17:48:01,918{GMT}	INFO	[jepsen worker 1] jepsen.util: 1	:ok	:broadcast	82
2026-03-19 17:48:01,972{GMT}	INFO	[jepsen worker 2] jepsen.util: 2	:invoke	:broadcast	83
2026-03-19 17:48:01,975{GMT}	INFO	[jepsen worker 2] jepsen.util: 2	:ok	:broadcast	83
2026-03-19 17:48:02,139{GMT}	INFO	[jepsen worker 3] jepsen.util: 3	:invoke	:broadcast	84
2026-03-19 17:48:02,142{GMT}	INFO	[jepsen worker 3] jepsen.util: 3	:ok	:broadcast	84
2026-03-19 17:48:02,212{GMT}	INFO	[jepsen worker 4] jepsen.util: 4	:invoke	:read	nil
2026-03-19 17:48:02,214{GMT}	INFO	[jepsen worker 4] jepsen.util: 4	:ok	:read	[]
2026-03-19 17:48:02,215{GMT}	INFO	[jepsen worker 0] jepsen.util: 0	:invoke	:read	nil
2026-03-19 17:48:02,217{GMT}	INFO	[jepsen worker 0] jepsen.util: 0	:ok	:read	[0 1 2 3 4 6 8 9 10 11 12 13 15 16 17 18 19 21 22 23 25 26 27 28 29 30 31 33 34 36 37 38 39 40 41 42 44 45 46 47 49 50 52 53 54 56 57 58 59 60 61 63 64 65 66 67 68 70 71 72 74 75 77 78 79 81 82 83 84]
2026-03-19 17:48:02,266{GMT}	INFO	[jepsen worker 0] jepsen.util: 0	:invoke	:read	nil
2026-03-19 17:48:02,269{GMT}	INFO	[jepsen worker 0] jepsen.util: 0	:ok	:read	[0 1 2 3 4 6 8 9 10 11 12 13 15 16 17 18 19 21 22 23 25 26 27 28 29 30 31 33 34 36 37 38 39 40 41 42 44 45 46 47 49 50 52 53 54 56 57 58 59 60 61 63 64 65 66 67 68 70 71 72 74 75 77 78 79 81 82 83 84]
2026-03-19 17:48:02,283{GMT}	INFO	[jepsen worker 1] jepsen.util: 1	:invoke	:broadcast	85
2026-03-19 17:48:02,283{GMT}	INFO	[jepsen worker 2] jepsen.util: 2	:invoke	:read	nil
2026-03-19 17:48:02,285{GMT}	INFO	[jepsen worker 1] jepsen.util: 1	:ok	:broadcast	85
2026-03-19 17:48:02,287{GMT}	INFO	[jepsen worker 2] jepsen.util: 2	:ok	:read	[0 1 2 3 4 6 8 9 10 11 12 13 15 16 17 18 19 21 22 23 25 26 27 28 29 30 31 33 34 36 37 38 39 40 41 42 44 45 46 47 49 50 52 53 54 56 57 58 59 60 61 63 64 65 66 67 68 70 71 72 74 75 77 78 79 81 82 83 84]
2026-03-19 17:48:02,435{GMT}	INFO	[jepsen worker 3] jepsen.util: 3	:invoke	:broadcast	86
2026-03-19 17:48:02,437{GMT}	INFO	[jepsen worker 3] jepsen.util: 3	:ok	:broadcast	86
2026-03-19 17:48:02,476{GMT}	INFO	[jepsen worker 4] jepsen.util: 4	:invoke	:read	nil
2026-03-19 17:48:02,478{GMT}	INFO	[jepsen worker 4] jepsen.util: 4	:ok	:read	[]
2026-03-19 17:48:02,490{GMT}	INFO	[jepsen worker 0] jepsen.util: 0	:invoke	:broadcast	87
2026-03-19 17:48:02,494{GMT}	INFO	[jepsen worker 0] jepsen.util: 0	:ok	:broadcast	87
2026-03-19 17:48:02,643{GMT}	INFO	[jepsen worker 0] jepsen.util: 0	:invoke	:broadcast	88
2026-03-19 17:48:02,646{GMT}	INFO	[jepsen worker 0] jepsen.util: 0	:ok	:broadcast	88
2026-03-19 17:48:02,654{GMT}	INFO	[jepsen worker 1] jepsen.util: 1	:invoke	:broadcast	89
2026-03-19 17:48:02,657{GMT}	INFO	[jepsen worker 1] jepsen.util: 1	:ok	:broadcast	89
2026-03-19 17:48:02,843{GMT}	INFO	[jepsen worker 2] jepsen.util: 2	:invoke	:read	nil
2026-03-19 17:48:02,846{GMT}	INFO	[jepsen worker 2] jepsen.util: 2	:ok	:read	[0 1 2 3 4 6 8 9 10 11 12 13 15 16 17 18 19 21 22 23 25 26 27 28 29 30 31 33 34 36 37 38 39 40 41 42 44 45 46 47 49 50 52 53 54 56 57 58 59 60 61 63 64 65 66 67 68 70 71 72 74 75 77 78 79 81 82 83 84 85 86 87 88 89]
2026-03-19 17:48:02,999{GMT}	INFO	[jepsen worker 3] jepsen.util: 3	:invoke	:broadcast	90
2026-03-19 17:48:03,000{GMT}	INFO	[jepsen worker 3] jepsen.util: 3	:ok	:broadcast	90
2026-03-19 17:48:03,113{GMT}	INFO	[jepsen worker 4] jepsen.util: 4	:invoke	:read	nil
2026-03-19 17:48:03,114{GMT}	INFO	[jepsen worker 4] jepsen.util: 4	:ok	:read	[]
2026-03-19 17:48:03,172{GMT}	INFO	[jepsen worker 0] jepsen.util: 0	:invoke	:broadcast	91
2026-03-19 17:48:03,174{GMT}	INFO	[jepsen worker 0] jepsen.util: 0	:ok	:broadcast	91
2026-03-19 17:48:03,311{GMT}	INFO	[jepsen worker 0] jepsen.util: 0	:invoke	:read	nil
2026-03-19 17:48:03,313{GMT}	INFO	[jepsen worker 0] jepsen.util: 0	:ok	:read	[0 1 2 3 4 6 8 9 10 11 12 13 15 16 17 18 19 21 22 23 25 26 27 28 29 30 31 33 34 36 37 38 39 40 41 42 44 45 46 47 49 50 52 53 54 56 57 58 59 60 61 63 64 65 66 67 68 70 71 72 74 75 77 78 79 81 82 83 84 85 86 87 88 89 90 91]
2026-03-19 17:48:03,364{GMT}	INFO	[jepsen worker 1] jepsen.util: 1	:invoke	:read	nil
2026-03-19 17:48:03,366{GMT}	INFO	[jepsen worker 1] jepsen.util: 1	:ok	:read	[0 1 2 3 4 6 8 9 10 11 12 13 15 16 17 18 19 21 22 23 25 26 27 28 29 30 31 33 34 36 37 38 39 40 41 42 44 45 46 47 49 50 52 53 54 56 57 58 59 60 61 63 64 65 66 67 68 70 71 72 74 75 77 78 79 81 82 83 84 85 86 87 88 89 90 91]
2026-03-19 17:48:03,555{GMT}	INFO	[jepsen worker 2] jepsen.util: 2	:invoke	:broadcast	92
2026-03-19 17:48:03,557{GMT}	INFO	[jepsen worker 2] jepsen.util: 2	:ok	:broadcast	92
2026-03-19 17:48:03,719{GMT}	INFO	[jepsen worker 3] jepsen.util: 3	:invoke	:broadcast	93
2026-03-19 17:48:03,720{GMT}	INFO	[jepsen worker 3] jepsen.util: 3	:ok	:broadcast	93
2026-03-19 17:48:03,807{GMT}	INFO	[jepsen worker 4] jepsen.util: 4	:invoke	:broadcast	94
2026-03-19 17:48:03,809{GMT}	INFO	[jepsen worker 4] jepsen.util: 4	:ok	:broadcast	94
2026-03-19 17:48:03,830{GMT}	INFO	[jepsen worker 0] jepsen.util: 0	:invoke	:broadcast	95
2026-03-19 17:48:03,833{GMT}	INFO	[jepsen worker 0] jepsen.util: 0	:ok	:broadcast	95
2026-03-19 17:48:03,878{GMT}	INFO	[jepsen worker 0] jepsen.util: 0	:invoke	:read	nil
2026-03-19 17:48:03,879{GMT}	INFO	[jepsen worker 0] jepsen.util: 0	:ok	:read	[0 1 2 3 4 6 8 9 10 11 12 13 15 16 17 18 19 21 22 23 25 26 27 28 29 30 31 33 34 36 37 38 39 40 41 42 44 45 46 47 49 50 52 53 54 56 57 58 59 60 61 63 64 65 66 67 68 70 71 72 74 75 77 78 79 81 82 83 84 85 86 87 88 89 90 91 92 93 95]
2026-03-19 17:48:03,924{GMT}	INFO	[jepsen worker 1] jepsen.util: 1	:invoke	:broadcast	96
2026-03-19 17:48:03,925{GMT}	INFO	[jepsen worker 1] jepsen.util: 1	:ok	:broadcast	96
2026-03-19 17:48:04,055{GMT}	INFO	[jepsen worker 2] jepsen.util: 2	:invoke	:read	nil
2026-03-19 17:48:04,058{GMT}	INFO	[jepsen worker 2] jepsen.util: 2	:ok	:read	[0 1 2 3 4 6 8 9 10 11 12 13 15 16 17 18 19 21 22 23 25 26 27 28 29 30 31 33 34 36 37 38 39 40 41 42 44 45 46 47 49 50 52 53 54 56 57 58 59 60 61 63 64 65 66 67 68 70 71 72 74 75 77 78 79 81 82 83 84 85 86 87 88 89 90 91 92 93 95 96]
2026-03-19 17:48:04,099{GMT}	INFO	[jepsen worker 3] jepsen.util: 3	:invoke	:broadcast	97
2026-03-19 17:48:04,100{GMT}	INFO	[jepsen worker 3] jepsen.util: 3	:ok	:broadcast	97
2026-03-19 17:48:04,213{GMT}	INFO	[jepsen worker 4] jepsen.util: 4	:invoke	:broadcast	98
2026-03-19 17:48:04,215{GMT}	INFO	[jepsen worker 4] jepsen.util: 4	:ok	:broadcast	98
2026-03-19 17:48:04,384{GMT}	INFO	[jepsen worker 0] jepsen.util: 0	:invoke	:broadcast	99
2026-03-19 17:48:04,387{GMT}	INFO	[jepsen worker 0] jepsen.util: 0	:ok	:broadcast	99
2026-03-19 17:48:04,504{GMT}	INFO	[jepsen worker 0] jepsen.util: 0	:invoke	:broadcast	100
2026-03-19 17:48:04,506{GMT}	INFO	[jepsen worker 0] jepsen.util: 0	:ok	:broadcast	100
2026-03-19 17:48:04,651{GMT}	INFO	[jepsen worker 1] jepsen.util: 1	:invoke	:read	nil
2026-03-19 17:48:04,653{GMT}	INFO	[jepsen worker 1] jepsen.util: 1	:ok	:read	[0 1 2 3 4 6 8 9 10 11 12 13 15 16 17 18 19 21 22 23 25 26 27 28 29 30 31 33 34 36 37 38 39 40 41 42 44 45 46 47 49 50 52 53 54 56 57 58 59 60 61 63 64 65 66 67 68 70 71 72 74 75 77 78 79 81 82 83 84 85 86 87 88 89 90 91 92 93 95 96 97 99 100]
2026-03-19 17:48:04,684{GMT}	INFO	[jepsen worker 2] jepsen.util: 2	:invoke	:read	nil
2026-03-19 17:48:04,687{GMT}	INFO	[jepsen worker 2] jepsen.util: 2	:ok	:read	[0 1 2 3 4 6 8 9 10 11 12 13 15 16 17 18 19 21 22 23 25 26 27 28 29 30 31 33 34 36 37 38 39 40 41 42 44 45 46 47 49 50 52 53 54 56 57 58 59 60 61 63 64 65 66 67 68 70 71 72 74 75 77 78 79 81 82 83 84 85 86 87 88 89 90 91 92 93 95 96 97 99 100]
2026-03-19 17:48:04,749{GMT}	INFO	[jepsen worker 3] jepsen.util: 3	:invoke	:read	nil
2026-03-19 17:48:04,751{GMT}	INFO	[jepsen worker 3] jepsen.util: 3	:ok	:read	[0 1 2 3 4 6 8 9 10 11 12 13 15 16 17 18 19 21 22 23 25 26 27 28 29 30 31 33 34 36 37 38 39 40 41 42 44 45 46 47 49 50 52 53 54 56 57 58 59 60 61 63 64 65 66 67 68 70 71 72 74 75 77 78 79 81 82 83 84 85 86 87 88 89 90 91 92 93 95 96 97 99 100]
2026-03-19 17:48:04,805{GMT}	INFO	[jepsen worker 4] jepsen.util: 4	:invoke	:broadcast	101
2026-03-19 17:48:04,807{GMT}	INFO	[jepsen worker 4] jepsen.util: 4	:ok	:broadcast	101
2026-03-19 17:48:04,994{GMT}	INFO	[jepsen worker 0] jepsen.util: 0	:invoke	:broadcast	102
2026-03-19 17:48:04,997{GMT}	INFO	[jepsen worker 0] jepsen.util: 0	:ok	:broadcast	102
2026-03-19 17:48:05,018{GMT}	INFO	[jepsen worker 0] jepsen.util: 0	:invoke	:broadcast	103
2026-03-19 17:48:05,020{GMT}	INFO	[jepsen worker 0] jepsen.util: 0	:ok	:broadcast	103
2026-03-19 17:48:05,179{GMT}	INFO	[jepsen worker 1] jepsen.util: 1	:invoke	:broadcast	104
2026-03-19 17:48:05,182{GMT}	INFO	[jepsen worker 1] jepsen.util: 1	:ok	:broadcast	104
2026-03-19 17:48:05,296{GMT}	INFO	[jepsen worker 2] jepsen.util: 2	:invoke	:read	nil
2026-03-19 17:48:05,298{GMT}	INFO	[jepsen worker 2] jepsen.util: 2	:ok	:read	[0 1 2 3 4 6 8 9 10 11 12 13 15 16 17 18 19 21 22 23 25 26 27 28 29 30 31 33 34 36 37 38 39 40 41 42 44 45 46 47 49 50 52 53 54 56 57 58 59 60 61 63 64 65 66 67 68 70 71 72 74 75 77 78 79 81 82 83 84 85 86 87 88 89 90 91 92 93 95 96 97 99 100 102 103 104]
2026-03-19 17:48:05,370{GMT}	INFO	[jepsen worker 3] jepsen.util: 3	:invoke	:broadcast	105
2026-03-19 17:48:05,372{GMT}	INFO	[jepsen worker 3] jepsen.util: 3	:ok	:broadcast	105
2026-03-19 17:48:05,523{GMT}	INFO	[jepsen worker 4] jepsen.util: 4	:invoke	:broadcast	106
2026-03-19 17:48:05,526{GMT}	INFO	[jepsen worker 4] jepsen.util: 4	:ok	:broadcast	106
2026-03-19 17:48:05,569{GMT}	INFO	[jepsen worker nemesis] jepsen.util: :nemesis	:info	:stop-partition	nil
2026-03-19 17:48:05,569{GMT}	INFO	[jepsen worker nemesis] jepsen.util: :nemesis	:info	:stop-partition	:network-healed
2026-03-19 17:48:05,660{GMT}	INFO	[jepsen worker 0] jepsen.util: 0	:invoke	:broadcast	107
2026-03-19 17:48:05,663{GMT}	INFO	[jepsen worker 0] jepsen.util: 0	:ok	:broadcast	107
2026-03-19 17:48:05,818{GMT}	INFO	[jepsen worker 1] jepsen.util: 1	:invoke	:broadcast	108
2026-03-19 17:48:05,820{GMT}	INFO	[jepsen worker 1] jepsen.util: 1	:ok	:broadcast	108
2026-03-19 17:48:05,838{GMT}	INFO	[jepsen worker 2] jepsen.util: 2	:invoke	:read	nil
2026-03-19 17:48:05,841{GMT}	INFO	[jepsen worker 2] jepsen.util: 2	:ok	:read	[0 1 2 3 4 6 8 9 10 11 12 13 15 16 17 18 19 21 22 23 25 26 27 28 29 30 31 33 34 36 37 38 39 40 41 42 44 45 46 47 49 50 52 53 54 56 57 58 59 60 61 63 64 65 66 67 68 70 71 72 74 75 77 78 79 81 82 83 84 85 86 87 88 89 90 91 92 93 95 96 97 99 100 102 103 104 105 107 108]
2026-03-19 17:48:05,853{GMT}	INFO	[jepsen worker 3] jepsen.util: 3	:invoke	:read	nil
2026-03-19 17:48:05,855{GMT}	INFO	[jepsen worker 3] jepsen.util: 3	:ok	:read	[0 1 2 3 4 6 8 9 10 11 12 13 15 16 17 18 19 21 22 23 25 26 27 28 29 30 31 33 34 36 37 38 39 40 41 42 44 45 46 47 49 50 52 53 54 56 57 58 59 60 61 63 64 65 66 67 68 70 71 72 74 75 77 78 79 81 82 83 84 85 86 87 88 89 90 91 92 93 95 96 97 99 100 102 103 104 105 107 108]
2026-03-19 17:48:06,019{GMT}	INFO	[jepsen worker 4] jepsen.util: 4	:invoke	:broadcast	109
2026-03-19 17:48:06,021{GMT}	INFO	[jepsen worker 4] jepsen.util: 4	:ok	:broadcast	109
2026-03-19 17:48:06,112{GMT}	INFO	[jepsen worker 0] jepsen.util: 0	:invoke	:broadcast	110
2026-03-19 17:48:06,114{GMT}	INFO	[jepsen worker 0] jepsen.util: 0	:ok	:broadcast	110
2026-03-19 17:48:06,219{GMT}	INFO	[jepsen worker 0] jepsen.util: 0	:invoke	:broadcast	111
2026-03-19 17:48:06,221{GMT}	INFO	[jepsen worker 0] jepsen.util: 0	:ok	:broadcast	111
2026-03-19 17:48:06,371{GMT}	INFO	[jepsen worker 1] jepsen.util: 1	:invoke	:broadcast	112
2026-03-19 17:48:06,373{GMT}	INFO	[jepsen worker 1] jepsen.util: 1	:ok	:broadcast	112
2026-03-19 17:48:06,413{GMT}	INFO	[jepsen worker 2] jepsen.util: 2	:invoke	:broadcast	113
2026-03-19 17:48:06,415{GMT}	INFO	[jepsen worker 2] jepsen.util: 2	:ok	:broadcast	113
2026-03-19 17:48:06,489{GMT}	INFO	[jepsen worker 3] jepsen.util: 3	:invoke	:broadcast	114
2026-03-19 17:48:06,491{GMT}	INFO	[jepsen worker 3] jepsen.util: 3	:ok	:broadcast	114
2026-03-19 17:48:06,629{GMT}	INFO	[jepsen worker 4] jepsen.util: 4	:invoke	:broadcast	115
2026-03-19 17:48:06,630{GMT}	INFO	[jepsen worker 4] jepsen.util: 4	:ok	:broadcast	115
2026-03-19 17:48:06,814{GMT}	INFO	[jepsen worker 0] jepsen.util: 0	:invoke	:read	nil
2026-03-19 17:48:06,816{GMT}	INFO	[jepsen worker 0] jepsen.util: 0	:ok	:read	[0 1 2 3 4 6 8 9 10 11 12 13 15 16 17 18 19 21 22 23 25 26 27 28 29 30 31 33 34 36 37 38 39 40 41 42 44 45 46 47 49 50 52 53 54 56 57 58 59 60 61 63 64 65 66 67 68 70 71 72 74 75 77 78 79 81 82 83 84 85 86 87 88 89 90 91 92 93 95 96 97 99 100 102 103 104 105 107 108 109 110 111 112 113 114 115]
2026-03-19 17:48:06,846{GMT}	INFO	[jepsen worker 0] jepsen.util: 0	:invoke	:read	nil
2026-03-19 17:48:06,849{GMT}	INFO	[jepsen worker 0] jepsen.util: 0	:ok	:read	[0 1 2 3 4 6 8 9 10 11 12 13 15 16 17 18 19 21 22 23 25 26 27 28 29 30 31 33 34 36 37 38 39 40 41 42 44 45 46 47 49 50 52 53 54 56 57 58 59 60 61 63 64 65 66 67 68 70 71 72 74 75 77 78 79 81 82 83 84 85 86 87 88 89 90 91 92 93 95 96 97 99 100 102 103 104 105 107 108 109 110 111 112 113 114 115]
2026-03-19 17:48:06,998{GMT}	INFO	[jepsen worker 1] jepsen.util: 1	:invoke	:read	nil
2026-03-19 17:48:07,001{GMT}	INFO	[jepsen worker 1] jepsen.util: 1	:ok	:read	[0 1 2 3 4 6 8 9 10 11 12 13 15 16 17 18 19 21 22 23 25 26 27 28 29 30 31 33 34 36 37 38 39 40 41 42 44 45 46 47 49 50 52 53 54 56 57 58 59 60 61 63 64 65 66 67 68 70 71 72 74 75 77 78 79 81 82 83 84 85 86 87 88 89 90 91 92 93 95 96 97 99 100 102 103 104 105 107 108 109 110 111 112 113 114 115]
2026-03-19 17:48:07,107{GMT}	INFO	[jepsen worker 2] jepsen.util: 2	:invoke	:broadcast	116
2026-03-19 17:48:07,110{GMT}	INFO	[jepsen worker 2] jepsen.util: 2	:ok	:broadcast	116
2026-03-19 17:48:07,117{GMT}	INFO	[jepsen worker 3] jepsen.util: 3	:invoke	:broadcast	117
2026-03-19 17:48:07,119{GMT}	INFO	[jepsen worker 3] jepsen.util: 3	:ok	:broadcast	117
2026-03-19 17:48:07,120{GMT}	INFO	[jepsen worker 4] jepsen.util: 4	:invoke	:read	nil
2026-03-19 17:48:07,124{GMT}	INFO	[jepsen worker 4] jepsen.util: 4	:ok	:read	[107 108 109 110 111 112 113 114 115 116 117]
2026-03-19 17:48:07,124{GMT}	INFO	[jepsen worker 0] jepsen.util: 0	:invoke	:read	nil
2026-03-19 17:48:07,126{GMT}	INFO	[jepsen worker 0] jepsen.util: 0	:ok	:read	[0 1 2 3 4 6 8 9 10 11 12 13 15 16 17 18 19 21 22 23 25 26 27 28 29 30 31 33 34 36 37 38 39 40 41 42 44 45 46 47 49 50 52 53 54 56 57 58 59 60 61 63 64 65 66 67 68 70 71 72 74 75 77 78 79 81 82 83 84 85 86 87 88 89 90 91 92 93 95 96 97 99 100 102 103 104 105 107 108 109 110 111 112 113 114 115 116 117]
2026-03-19 17:48:07,264{GMT}	INFO	[jepsen worker 0] jepsen.util: 0	:invoke	:broadcast	118
2026-03-19 17:48:07,267{GMT}	INFO	[jepsen worker 0] jepsen.util: 0	:ok	:broadcast	118
2026-03-19 17:48:07,368{GMT}	INFO	[jepsen worker 1] jepsen.util: 1	:invoke	:read	nil
2026-03-19 17:48:07,371{GMT}	INFO	[jepsen worker 1] jepsen.util: 1	:ok	:read	[0 1 2 3 4 6 8 9 10 11 12 13 15 16 17 18 19 21 22 23 25 26 27 28 29 30 31 33 34 36 37 38 39 40 41 42 44 45 46 47 49 50 52 53 54 56 57 58 59 60 61 63 64 65 66 67 68 70 71 72 74 75 77 78 79 81 82 83 84 85 86 87 88 89 90 91 92 93 95 96 97 99 100 102 103 104 105 107 108 109 110 111 112 113 114 115 116 117 118]
2026-03-19 17:48:07,374{GMT}	INFO	[jepsen worker 2] jepsen.util: 2	:invoke	:broadcast	119
2026-03-19 17:48:07,376{GMT}	INFO	[jepsen worker 2] jepsen.util: 2	:ok	:broadcast	119
2026-03-19 17:48:07,450{GMT}	INFO	[jepsen worker 3] jepsen.util: 3	:invoke	:read	nil
2026-03-19 17:48:07,453{GMT}	INFO	[jepsen worker 3] jepsen.util: 3	:ok	:read	[0 1 2 3 4 6 8 9 10 11 12 13 15 16 17 18 19 21 22 23 25 26 27 28 29 30 31 33 34 36 37 38 39 40 41 42 44 45 46 47 49 50 52 53 54 56 57 58 59 60 61 63 64 65 66 67 68 70 71 72 74 75 77 78 79 81 82 83 84 85 86 87 88 89 90 91 92 93 95 96 97 99 100 102 103 104 105 107 108 109 110 111 112 113 114 115 116 117 118 119]
2026-03-19 17:48:07,620{GMT}	INFO	[jepsen worker 4] jepsen.util: 4	:invoke	:broadcast	120
2026-03-19 17:48:07,622{GMT}	INFO	[jepsen worker 4] jepsen.util: 4	:ok	:broadcast	120
2026-03-19 17:48:07,629{GMT}	INFO	[jepsen worker 0] jepsen.util: 0	:invoke	:broadcast	121
2026-03-19 17:48:07,631{GMT}	INFO	[jepsen worker 0] jepsen.util: 0	:ok	:broadcast	121
2026-03-19 17:48:07,826{GMT}	INFO	[jepsen worker 0] jepsen.util: 0	:invoke	:broadcast	122
2026-03-19 17:48:07,828{GMT}	INFO	[jepsen worker 0] jepsen.util: 0	:ok	:broadcast	122
2026-03-19 17:48:07,935{GMT}	INFO	[jepsen worker 1] jepsen.util: 1	:invoke	:broadcast	123
2026-03-19 17:48:07,937{GMT}	INFO	[jepsen worker 1] jepsen.util: 1	:ok	:broadcast	123
2026-03-19 17:48:08,046{GMT}	INFO	[jepsen worker 2] jepsen.util: 2	:invoke	:read	nil
2026-03-19 17:48:08,049{GMT}	INFO	[jepsen worker 2] jepsen.util: 2	:ok	:read	[0 1 2 3 4 6 8 9 10 11 12 13 15 16 17 18 19 21 22 23 25 26 27 28 29 30 31 33 34 36 37 38 39 40 41 42 44 45 46 47 49 50 52 53 54 56 57 58 59 60 61 63 64 65 66 67 68 70 71 72 74 75 77 78 79 81 82 83 84 85 86 87 88 89 90 91 92 93 95 96 97 99 100 102 103 104 105 107 108 109 110 111 112 113 114 115 116 117 118 119 120 121 122 123]
2026-03-19 17:48:08,228{GMT}	INFO	[jepsen worker 3] jepsen.util: 3	:invoke	:broadcast	124
2026-03-19 17:48:08,230{GMT}	INFO	[jepsen worker 3] jepsen.util: 3	:ok	:broadcast	124
2026-03-19 17:48:08,292{GMT}	INFO	[jepsen worker 4] jepsen.util: 4	:invoke	:read	nil
2026-03-19 17:48:08,294{GMT}	INFO	[jepsen worker 4] jepsen.util: 4	:ok	:read	[107 108 109 110 111 112 113 114 115 116 117 118 119 120 121 122 123 124]
2026-03-19 17:48:08,295{GMT}	INFO	[jepsen worker nemesis] jepsen.util: :nemesis	:info	:stop-partition	nil
2026-03-19 17:48:08,295{GMT}	INFO	[jepsen worker nemesis] jepsen.util: :nemesis	:info	:stop-partition	:network-healed
2026-03-19 17:48:08,296{GMT}	INFO	[jepsen worker 0] jepsen.generator.interpreter: Waiting for recovery...
2026-03-19 17:48:18,353{GMT}	INFO	[jepsen worker 4] jepsen.util: 4	:invoke	:read	nil
2026-03-19 17:48:18,354{GMT}	INFO	[jepsen worker 3] jepsen.util: 3	:invoke	:read	nil
2026-03-19 17:48:18,354{GMT}	INFO	[jepsen worker 2] jepsen.util: 2	:invoke	:read	nil
2026-03-19 17:48:18,355{GMT}	INFO	[jepsen worker 0] jepsen.util: 0	:invoke	:read	nil
2026-03-19 17:48:18,355{GMT}	INFO	[jepsen worker 1] jepsen.util: 1	:invoke	:read	nil
2026-03-19 17:48:18,356{GMT}	INFO	[jepsen worker 4] jepsen.util: 4	:ok	:read	[107 108 109 110 111 112 113 114 115 116 117 118 119 120 121 122 123 124]
2026-03-19 17:48:18,357{GMT}	INFO	[jepsen worker 3] jepsen.util: 3	:ok	:read	[0 1 2 3 4 6 8 9 10 11 12 13 15 16 17 18 19 21 22 23 25 26 27 28 29 30 31 33 34 36 37 38 39 40 41 42 44 45 46 47 49 50 52 53 54 56 57 58 59 60 61 63 64 65 66 67 68 70 71 72 74 75 77 78 79 81 82 83 84 85 86 87 88 89 90 91 92 93 95 96 97 99 100 102 103 104 105 107 108 109 110 111 112 113 114 115 116 117 118 119 120 121 122 123 124]
2026-03-19 17:48:18,358{GMT}	INFO	[jepsen worker 2] jepsen.util: 2	:ok	:read	[0 1 2 3 4 6 8 9 10 11 12 13 15 16 17 18 19 21 22 23 25 26 27 28 29 30 31 33 34 36 37 38 39 40 41 42 44 45 46 47 49 50 52 53 54 56 57 58 59 60 61 63 64 65 66 67 68 70 71 72 74 75 77 78 79 81 82 83 84 85 86 87 88 89 90 91 92 93 95 96 97 99 100 102 103 104 105 107 108 109 110 111 112 113 114 115 116 117 118 119 120 121 122 123 124]
2026-03-19 17:48:18,358{GMT}	INFO	[jepsen worker 1] jepsen.util: 1	:ok	:read	[0 1 2 3 4 6 8 9 10 11 12 13 15 16 17 18 19 21 22 23 25 26 27 28 29 30 31 33 34 36 37 38 39 40 41 42 44 45 46 47 49 50 52 53 54 56 57 58 59 60 61 63 64 65 66 67 68 70 71 72 74 75 77 78 79 81 82 83 84 85 86 87 88 89 90 91 92 93 95 96 97 99 100 102 103 104 105 107 108 109 110 111 112 113 114 115 116 117 118 119 120 121 122 123 124]
2026-03-19 17:48:18,358{GMT}	INFO	[jepsen worker 0] jepsen.util: 0	:ok	:read	[0 1 2 3 4 6 8 9 10 11 12 13 15 16 17 18 19 21 22 23 25 26 27 28 29 30 31 33 34 36 37 38 39 40 41 42 44 45 46 47 49 50 52 53 54 56 57 58 59 60 61 63 64 65 66 67 68 70 71 72 74 75 77 78 79 81 82 83 84 85 86 87 88 89 90 91 92 93 95 96 97 99 100 102 103 104 105 107 108 109 110 111 112 113 114 115 116 117 118 119 120 121 122 123 124]
2026-03-19 17:48:18,379{GMT}	INFO	[jepsen test runner] jepsen.core: Run complete, writing
2026-03-19 17:48:18,441{GMT}	INFO	[jepsen node n1] maelstrom.db: Tearing down n1
2026-03-19 17:48:18,441{GMT}	INFO	[jepsen node n0] maelstrom.db: Tearing down n0
2026-03-19 17:48:18,442{GMT}	INFO	[jepsen node n2] maelstrom.db: Tearing down n2
2026-03-19 17:48:18,442{GMT}	INFO	[jepsen node n3] maelstrom.db: Tearing down n3
2026-03-19 17:48:18,445{GMT}	INFO	[jepsen node n4] maelstrom.db: Tearing down n4
2026-03-19 17:48:20,174{GMT}	INFO	[jepsen node n0] maelstrom.net: Shutting down Maelstrom network
2026-03-19 17:48:20,176{GMT}	INFO	[jepsen test runner] jepsen.core: Analyzing...
2026-03-19 17:48:20,477{GMT}	INFO	[jepsen test runner] jepsen.core: Analysis complete
2026-03-19 17:48:20,510{GMT}	INFO	[jepsen results] jepsen.store: Wrote /home/banna/Documents/maelstrom-java/store/broadcast/20260319T174746.728Z/results.edn
2026-03-19 17:48:20,530{GMT}	INFO	[jepsen test runner] jepsen.core: {:perf {:latency-graph {:valid? true},
        :rate-graph {:valid? true},
        :valid? true},
 :timeline {:valid? true},
 :exceptions {:valid? true},
 :stats {:valid? true,
         :count 218,
         :ok-count 218,
         :fail-count 0,
         :info-count 0,
         :by-f {:broadcast {:valid? true,
                            :count 125,
                            :ok-count 125,
                            :fail-count 0,
                            :info-count 0},
                :read {:valid? true,
                       :count 93,
                       :ok-count 93,
                       :fail-count 0,
                       :info-count 0}}},
 :availability {:valid? true, :ok-fraction 1.0},
 :net {:all {:send-count 1030,
             :recv-count 923,
             :msg-count 1030,
             :msgs-per-op 4.7247705},
       :clients {:send-count 456, :recv-count 456, :msg-count 456},
       :servers {:send-count 574,
                 :recv-count 467,
                 :msg-count 574,
                 :msgs-per-op 2.6330276},
       :valid? true},
 :workload {:worst-stale ({:element 0,
                           :outcome :stable,
                           :stable-latency 29920,
                           :lost-latency nil,
                           :known #jepsen.history.Op{:index 3,
                                                     :time 30619753,
                                                     :type :ok,
                                                     :process 1,
                                                     :f :add,
                                                     :value 0},
                           :last-absent #jepsen.history.Op{:index 432,
                                                           :time 29951131416,
                                                           :type :invoke,
                                                           :process 4,
                                                           :f :read,
                                                           :value nil,
                                                           :final? true}}
                          {:element 1,
                           :outcome :stable,
                           :stable-latency 29716,
                           :lost-latency nil,
                           :known #jepsen.history.Op{:index 7,
                                                     :time 234663532,
                                                     :type :ok,
                                                     :process 3,
                                                     :f :add,
                                                     :value 1},
                           :last-absent #jepsen.history.Op{:index 432,
                                                           :time 29951131416,
                                                           :type :invoke,
                                                           :process 4,
                                                           :f :read,
                                                           :value nil,
                                                           :final? true}}
                          {:element 2,
                           :outcome :stable,
                           :stable-latency 29573,
                           :lost-latency nil,
                           :known #jepsen.history.Op{:index 11,
                                                     :time 377625245,
                                                     :type :ok,
                                                     :process 0,
                                                     :f :add,
                                                     :value 2},
                           :last-absent #jepsen.history.Op{:index 432,
                                                           :time 29951131416,
                                                           :type :invoke,
                                                           :process 4,
                                                           :f :read,
                                                           :value nil,
                                                           :final? true}}
                          {:element 3,
                           :outcome :stable,
                           :stable-latency 29540,
                           :lost-latency nil,
                           :known #jepsen.history.Op{:index 13,
                                                     :time 410531588,
                                                     :type :ok,
                                                     :process 0,
                                                     :f :add,
                                                     :value 3},
                           :last-absent #jepsen.history.Op{:index 432,
                                                           :time 29951131416,
                                                           :type :invoke,
                                                           :process 4,
                                                           :f :read,
                                                           :value nil,
                                                           :final? true}}
                          {:element 4,
                           :outcome :stable,
                           :stable-latency 29266,
                           :lost-latency nil,
                           :known #jepsen.history.Op{:index 17,
                                                     :time 685024154,
                                                     :type :ok,
                                                     :process 2,
                                                     :f :add,
                                                     :value 4},
                           :last-absent #jepsen.history.Op{:index 432,
                                                           :time 29951131416,
                                                           :type :invoke,
                                                           :process 4,
                                                           :f :read,
                                                           :value nil,
                                                           :final? true}}
                          {:element 6,
                           :outcome :stable,
                           :stable-latency 28617,
                           :lost-latency nil,
                           :known #jepsen.history.Op{:index 29,
                                                     :time 1334000616,
                                                     :type :ok,
                                                     :process 2,
                                                     :f :add,
                                                     :value 6},
                           :last-absent #jepsen.history.Op{:index 432,
                                                           :time 29951131416,
                                                           :type :invoke,
                                                           :process 4,
                                                           :f :read,
                                                           :value nil,
                                                           :final? true}}
                          {:element 8,
                           :outcome :stable,
                           :stable-latency 28233,
                           :lost-latency nil,
                           :known #jepsen.history.Op{:index 37,
                                                     :time 1717586727,
                                                     :type :ok,
                                                     :process 0,
                                                     :f :add,
                                                     :value 8},
                           :last-absent #jepsen.history.Op{:index 432,
                                                           :time 29951131416,
                                                           :type :invoke,
                                                           :process 4,
                                                           :f :read,
                                                           :value nil,
                                                           :final? true}}
                          {:element 9,
                           :outcome :stable,
                           :stable-latency 28087,
                           :lost-latency nil,
                           :known #jepsen.history.Op{:index 39,
                                                     :time 1863172859,
                                                     :type :ok,
                                                     :process 1,
                                                     :f :add,
                                                     :value 9},
                           :last-absent #jepsen.history.Op{:index 432,
                                                           :time 29951131416,
                                                           :type :invoke,
                                                           :process 4,
                                                           :f :read,
                                                           :value nil,
                                                           :final? true}}),
            :duplicated-count 0,
            :valid? false,
            :lost-count 20,
            :lost (5
                   7
                   14
                   20
                   24
                   32
                   35
                   43
                   48
                   51
                   55
                   62
                   69
                   73
                   76
                   80
                   94
                   98
                   101
                   106),
            :stable-count 105,
            :stale-count 87,
            :stale (0
                    1
                    2
                    3
                    4
                    6
                    8
                    9
                    10
                    11
                    12
                    13
                    15
                    16
                    17
                    18
                    19
                    21
                    22
                    23
                    25
                    26
                    27
                    28
                    29
                    30
                    31
                    33
                    34
                    36
                    37
                    38
                    39
                    40
                    41
                    42
                    44
                    45
                    46
                    47
                    49
                    50
                    52
                    53
                    54
                    56
                    57
                    58
                    59
                    60
                    61
                    63
                    64
                    65
                    66
                    67
                    68
                    70
                    71
                    72
                    74
                    75
                    77
                    78
                    79
                    81
                    82
                    83
                    84
                    85
                    86
                    87
                    88
                    89
                    90
                    91
                    92
                    93
                    95
                    96
                    97
                    99
                    100
                    102
                    103
                    104
                    105),
            :never-read-count 0,
            :stable-latencies {0 0,
                               0.5 18923,
                               0.95 28617,
                               0.99 29716,
                               1 29920},
            :attempt-count 125,
            :lost-latencies {0 0, 0.5 0, 0.95 0, 0.99 0, 1 0},
            :never-read (),
            :duplicated {}},
 :valid? false}


Analysis invalid! (ﾉಥ益ಥ）ﾉ ┻━┻
