2026-03-12 17:28:09,919{GMT}	INFO	[jepsen test runner] jepsen.core: Command line:
lein run test -w broadcast --bin run.sh broadcast --node-count 5 --time-limit 20 --rate 10
2026-03-12 17:28:10,002{GMT}	INFO	[jepsen test runner] jepsen.core: Running test:
{:args ["broadcast"]
 :remote
 #jepsen.control.retry.Remote{:remote #jepsen.control.scp.Remote{:cmd-remote #jepsen.control.sshj.SSHJRemote{:concurrency-limit 6,
                                                                                                             :conn-spec nil,
                                                                                                             :client nil,
                                                                                                             :semaphore nil},
                                                                 :conn-spec nil},
                              :conn nil}
 :log-net-send false
 :node-count 5
 :availability nil
 :max-txn-length 4
 :concurrency 5
 :db
 #object[maelstrom.db$db$reify__16142
         "0x3619ecd"
         "maelstrom.db$db$reify__16142@3619ecd"]
 :max-writes-per-key 16
 :leave-db-running? false
 :name "broadcast"
 :logging-json? false
 :start-time
 #object[org.joda.time.DateTime "0x7de4bd8f" "2026-03-12T17:28:09.901Z"]
 :nemesis-interval 10
 :net
 #object[maelstrom.net$jepsen_net$reify__15251
         "0x193e65d5"
         "maelstrom.net$jepsen_net$reify__15251@193e65d5"]
 :client
 #object[maelstrom.workload.broadcast$client$reify__16644
         "0x2a97b4b8"
         "maelstrom.workload.broadcast$client$reify__16644@2a97b4b8"]
 :barrier
 #object[java.util.concurrent.CyclicBarrier
         "0x250fc0d1"
         "java.util.concurrent.CyclicBarrier@250fc0d1"]
 :log-stderr false
 :pure-generators true
 :ssh {:dummy? true}
 :rate 10.0
 :checker
 #object[jepsen.checker$compose$reify__11881
         "0x7ddf193a"
         "jepsen.checker$compose$reify__11881@7ddf193a"]
 :argv
 ("test"
  "-w"
  "broadcast"
  "--bin"
  "run.sh"
  "broadcast"
  "--node-count"
  "5"
  "--time-limit"
  "20"
  "--rate"
  "10")
 :nemesis
 (jepsen.nemesis.ReflCompose
  {:fm {:start-partition 0,
        :stop-partition 0,
        :kill 1,
        :start 1,
        :pause 1,
        :resume 1},
   :nemeses [#unprintable "jepsen.nemesis.combined$partition_nemesis$reify__16416@17a5cb99"
             #unprintable "jepsen.nemesis.combined$db_nemesis$reify__16397@808fa1"]})
 :nodes ["n0" "n1" "n2" "n3" "n4"]
 :test-count 1
 :latency {:mean 0, :dist :constant}
 :bin "run.sh"
 :generator
 ((jepsen.generator.Synchronize
   {:gen (jepsen.generator.TimeLimit
          {:limit 20000000000,
           :cutoff nil,
           :gen (jepsen.generator.Any
                 {:gens [(jepsen.generator.OnThreads
                          {:f #{:nemesis},
                           :context-filter #object[jepsen.generator.context$make_thread_filter$lazy_filter__9167
                                                   "0x7545cb17"
                                                   "jepsen.generator.context$make_thread_filter$lazy_filter__9167@7545cb17"],
                           :gen nil})
                         (jepsen.generator.OnThreads
                          {:f #jepsen.generator.context.AllBut{:element :nemesis},
                           :context-filter #object[jepsen.generator.context$make_thread_filter$lazy_filter__9167
                                                   "0x635b3ec7"
                                                   "jepsen.generator.context$make_thread_filter$lazy_filter__9167@635b3ec7"],
                           :gen (jepsen.generator.Stagger
                                 {:dt 200000000,
                                  :next-time nil,
                                  :gen (jepsen.generator.Mix
                                        {:i 1,
                                         :gens [({:f :broadcast, :value 0}
                                                 {:f :broadcast, :value 1}
                                                 {:f :broadcast, :value 2}
                                                 {:f :broadcast, :value 3}
                                                 {:f :broadcast, :value 4}
                                                 {:f :broadcast, :value 5}
                                                 {:f :broadcast, :value 6}
                                                 {:f :broadcast, :value 7}
                                                 ...)
                                                ({:f :read}
                                                 {:f :read}
                                                 {:f :read}
                                                 {:f :read}
                                                 {:f :read}
                                                 {:f :read}
                                                 {:f :read}
                                                 {:f :read}
                                                 ...)]})})})]})})})
  (jepsen.generator.Synchronize
   {:gen (jepsen.generator.OnThreads
          {:f #{:nemesis},
           :context-filter #object[jepsen.generator.context$make_thread_filter$lazy_filter__9167
                                   "0x15aa3084"
                                   "jepsen.generator.context$make_thread_filter$lazy_filter__9167@15aa3084"],
           :gen ()})})
  (jepsen.generator.Synchronize
   {:gen {:type :log, :value "Waiting for recovery..."}})
  (jepsen.generator.Synchronize {:gen {:type :sleep, :value 10}})
  (jepsen.generator.Synchronize
   {:gen (jepsen.generator.OnThreads
          {:f #jepsen.generator.context.AllBut{:element :nemesis},
           :context-filter #object[jepsen.generator.context$make_thread_filter$lazy_filter__9167
                                   "0x4e6c4c55"
                                   "jepsen.generator.context$make_thread_filter$lazy_filter__9167@4e6c4c55"],
           :gen (jepsen.generator.EachThread
                 {:fresh-gen {:f :read, :final? true},
                  :context-filters #object[clojure.core$promise$reify__8591
                                           "0x74fbee59"
                                           {:status :pending, :val nil}],
                  :gens {}})})}))
 :log-net-recv false
 :os
 #object[maelstrom.net$jepsen_os$reify__15254
         "0x3794621d"
         "maelstrom.net$jepsen_os$reify__15254@3794621d"]
 :time-limit 20
 :workload :broadcast
 :consistency-models [:strict-serializable]
 :topology :grid}

2026-03-12 17:28:11,161{GMT}	INFO	[jepsen node n0] maelstrom.net: Starting Maelstrom network
2026-03-12 17:28:11,162{GMT}	INFO	[jepsen test runner] jepsen.db: Tearing down DB
2026-03-12 17:28:11,164{GMT}	INFO	[jepsen test runner] jepsen.db: Setting up DB
2026-03-12 17:28:11,165{GMT}	INFO	[jepsen node n1] maelstrom.db: Setting up n1
2026-03-12 17:28:11,165{GMT}	INFO	[jepsen node n2] maelstrom.db: Setting up n2
2026-03-12 17:28:11,166{GMT}	INFO	[jepsen node n3] maelstrom.db: Setting up n3
2026-03-12 17:28:11,166{GMT}	INFO	[jepsen node n4] maelstrom.db: Setting up n4
2026-03-12 17:28:11,166{GMT}	INFO	[jepsen node n3] maelstrom.process: launching run.sh ["broadcast"]
2026-03-12 17:28:11,166{GMT}	INFO	[jepsen node n1] maelstrom.process: launching run.sh ["broadcast"]
2026-03-12 17:28:11,166{GMT}	INFO	[jepsen node n2] maelstrom.process: launching run.sh ["broadcast"]
2026-03-12 17:28:11,167{GMT}	INFO	[jepsen node n4] maelstrom.process: launching run.sh ["broadcast"]
2026-03-12 17:28:11,167{GMT}	INFO	[jepsen node n0] maelstrom.service: Starting services: (lin-kv lin-tso lww-kv seq-kv)
2026-03-12 17:28:11,171{GMT}	INFO	[jepsen node n0] maelstrom.db: Setting up n0
2026-03-12 17:28:11,175{GMT}	INFO	[jepsen node n0] maelstrom.process: launching run.sh ["broadcast"]
2026-03-12 17:28:11,330{GMT}	INFO	[jepsen test runner] jepsen.core: Relative time begins now
2026-03-12 17:28:11,348{GMT}	INFO	[jepsen worker 0] jepsen.util: 0	:invoke	:read	nil
2026-03-12 17:28:11,352{GMT}	INFO	[jepsen worker 0] jepsen.util: 0	:ok	:read	[]
2026-03-12 17:28:11,471{GMT}	INFO	[jepsen worker 1] jepsen.util: 1	:invoke	:broadcast	0
2026-03-12 17:28:11,476{GMT}	INFO	[jepsen worker 1] jepsen.util: 1	:ok	:broadcast	0
2026-03-12 17:28:11,507{GMT}	INFO	[jepsen worker 2] jepsen.util: 2	:invoke	:broadcast	1
2026-03-12 17:28:11,513{GMT}	INFO	[jepsen worker 2] jepsen.util: 2	:ok	:broadcast	1
2026-03-12 17:28:11,544{GMT}	INFO	[jepsen worker 3] jepsen.util: 3	:invoke	:broadcast	2
2026-03-12 17:28:11,550{GMT}	INFO	[jepsen worker 3] jepsen.util: 3	:ok	:broadcast	2
2026-03-12 17:28:11,560{GMT}	INFO	[jepsen worker 4] jepsen.util: 4	:invoke	:read	nil
2026-03-12 17:28:11,563{GMT}	INFO	[jepsen worker 4] jepsen.util: 4	:ok	:read	[0 0 0 1 0 1 0 2 1]
2026-03-12 17:28:11,672{GMT}	INFO	[jepsen worker 0] jepsen.util: 0	:invoke	:broadcast	3
2026-03-12 17:28:11,680{GMT}	INFO	[jepsen worker 0] jepsen.util: 0	:ok	:broadcast	3
2026-03-12 17:28:11,822{GMT}	INFO	[jepsen worker 0] jepsen.util: 0	:invoke	:read	nil
2026-03-12 17:28:11,828{GMT}	INFO	[jepsen worker 0] jepsen.util: 0	:ok	:read	[0 0 0 1 0 1 0 2 1 0 1 2 1 0 2 1 0 2 1 0 1 2 1 2 0 1 0 2 1 2 1 0 1 0 2 0 1 2 3 0 1 2 0 3 1 2 0 3 1 2 0 1 3 2 0 1 2 3 0 1 3 2 1 0 3 2 1 0 3 2 1 0 3 2 0 2 1 3 0 3 1 2 0]
2026-03-12 17:28:11,950{GMT}	INFO	[jepsen worker 1] jepsen.util: 1	:invoke	:broadcast	4
2026-03-12 17:28:11,952{GMT}	INFO	[jepsen worker 1] jepsen.util: 1	:ok	:broadcast	4
2026-03-12 17:28:12,140{GMT}	INFO	[jepsen worker 2] jepsen.util: 2	:invoke	:broadcast	5
2026-03-12 17:28:12,145{GMT}	INFO	[jepsen worker 2] jepsen.util: 2	:ok	:broadcast	5
2026-03-12 17:28:12,190{GMT}	INFO	[jepsen worker 3] jepsen.util: 3	:invoke	:read	nil
2026-03-12 17:28:12,207{GMT}	INFO	[jepsen worker 3] jepsen.util: 3	:ok	:read	[0 0 0 1 0 1 0 2 1 0 1 2 0 1 2 1 0 2 1 0 1 2 1 0 2 1 0 2 1 1 2 0 2 0 0 1 2 0 1 2 0 3 1 2 0 3 1 2 0 3 1 2 0 1 2 3 0 1 3 2 0 1 3 2 1 0 3 2 1 0 3 2 1 0 3 2 0 1 2 3 0 1 2 3 0 1 3 2 0 1 2 3 0 1 2 3 0 1 2 3 1 0 3 1 2 0 1 3 0 2 1 3 3 2 0 3 1 2 3 0 1 2 3 0 1 2 3 0 2 1 3 0 1 3 2 0 1 3 2 0 1 2 3 1 4 2 1 0 4 2 1 3 0 4 1 2 3 4 1 0 2 3 2 0 4 1 3 2 0 2 3 0 1 4 2 3 0 1 4 2 3 0 1 3 2 4 1 0 3 3 4 2 1 0 3 1 4 2 0 3 4 1 0 2 3 1 4 0 2 3 1 4 0 2 3 1 4 0 2 1 3 4 5 3 0 4 2 5 1 3 2 4 0 5 3 1 0 2 4 5 3 1 2 3 0]
2026-03-12 17:28:12,333{GMT}	INFO	[jepsen worker 4] jepsen.util: 4	:invoke	:broadcast	6
2026-03-12 17:28:12,337{GMT}	INFO	[jepsen worker 4] jepsen.util: 4	:ok	:broadcast	6
2026-03-12 17:28:12,355{GMT}	INFO	[jepsen worker 0] jepsen.util: 0	:invoke	:broadcast	7
2026-03-12 17:28:12,365{GMT}	INFO	[jepsen worker 0] jepsen.util: 0	:ok	:broadcast	7
2026-03-12 17:28:12,377{GMT}	INFO	[jepsen worker 0] jepsen.util: 0	:invoke	:broadcast	8
2026-03-12 17:28:12,386{GMT}	INFO	[jepsen worker 0] jepsen.util: 0	:ok	:broadcast	8
2026-03-12 17:28:12,533{GMT}	INFO	[jepsen worker 1] jepsen.util: 1	:invoke	:broadcast	9
2026-03-12 17:28:12,536{GMT}	INFO	[jepsen worker 1] jepsen.util: 1	:ok	:broadcast	9
2026-03-12 17:28:12,624{GMT}	INFO	[jepsen worker 2] jepsen.util: 2	:invoke	:read	nil
2026-03-12 17:28:12,631{GMT}	INFO	[jepsen worker 2] jepsen.util: 2	:ok	:read	[0 0 0 1 0 1 0 1 0 2 1 0 1 2 1 2 1 0 2 1 1 0 2 1 2 0 1 1 2 0 1 2 0 0 1 2 0 1 2 3 0 2 1 0 3 1 2 0 3 1 2 0 1 3 2 0 1 3 2 0 1 3 2 1 0 3 2 1 0 3 2 1 0 3 2 0 1 2 3 0 1 3 2 0 1 3 2 0 1 2 3 0 1 2 3 0 1 2 3 1 0 3 2 1 0 1 3 2 0 1 2 3 3 2 1 0 3 2 3 0 2 1 3 2 0 1 3 0 1 2 3 0 1 2 3 0 1 3 2 0 1 3 2 0 1 4 2 3 1 0 4 2 1 3 0 4 1 2 0 3 4 1 2 3 2 0 4 1 3 2 0 2 3 1 0 4 2 3 0 1 4 2 3 0 1 3 2 4 1 0 3 3 4 2 1 0 3 4 1 2 0 3 4 1 0 2 3 4 1 0 2 3 1 4 0 2 3 1 4 0 2 1 3 4 5 0 3 2 4 5 1 3 0 2 5 3 1 0 2 5 4 3 1 2 3 5 0 4 5 0 2 1 3 0 4 5 2 0 1 5 2 3 4 0 1 5 2 3 4 1 2 3 0 5 1 4 2 3 5 1 0 5 3 4 2 1 5 0 3 4 2 5 1 4 3 0 5 2 1 4 3 0 1 2 5 3 1 4 0 2 5 0 3 2 4 5 0 3 1 6 5 3 0 4 1 2 6 5 2 6 0 4 3 1 7 2 3 1 0 5 6 4 3 7 2 0 8 1 5 3 8 6 7 4 0 1 2 5 3 8 0 6 2 7 5 4 1 3 6 8 0 5 2 3 1 8 6 3 4 5 7 0 2 8 1 3 5 6 4 7 8 5 0 2 3 1 6 7 4 5 8 3 2 0 7 6 4 8 3 2 0 1 5 4 6 7 8 5 3 6 1 4 7 2 8 0 5 6 7 0 1 4 5 2 3 8 6 0 1 4 5 2 7 3 6 2 1 8 9 5 4 7 0 6 9 4 1 3 2 8 6 7 0 9 8 2 3 4 6 0 1 8 5 9 7 2 4 3 1 0 9 7 6 2 3 8 7 4 9 6 0 1 2 3 5 1 4 7 3 6 5 8 0 2 9 1 4 7 0 3 5 6 9 2 1 8 7 4 0 3 6 5 1]
2026-03-12 17:28:12,698{GMT}	INFO	[jepsen worker 3] jepsen.util: 3	:invoke	:broadcast	10
2026-03-12 17:28:12,702{GMT}	INFO	[jepsen worker 3] jepsen.util: 3	:ok	:broadcast	10
2026-03-12 17:28:12,897{GMT}	INFO	[jepsen worker 4] jepsen.util: 4	:invoke	:broadcast	11
2026-03-12 17:28:12,898{GMT}	INFO	[jepsen worker 4] jepsen.util: 4	:ok	:broadcast	11
2026-03-12 17:28:13,043{GMT}	INFO	[jepsen worker 0] jepsen.util: 0	:invoke	:broadcast	12
2026-03-12 17:28:13,046{GMT}	INFO	[jepsen worker 0] jepsen.util: 0	:ok	:broadcast	12
2026-03-12 17:28:13,124{GMT}	INFO	[jepsen worker 0] jepsen.util: 0	:invoke	:broadcast	13
2026-03-12 17:28:13,132{GMT}	INFO	[jepsen worker 0] jepsen.util: 0	:ok	:broadcast	13
2026-03-12 17:28:13,265{GMT}	INFO	[jepsen worker 1] jepsen.util: 1	:invoke	:broadcast	14
2026-03-12 17:28:13,267{GMT}	INFO	[jepsen worker 1] jepsen.util: 1	:ok	:broadcast	14
2026-03-12 17:28:13,450{GMT}	INFO	[jepsen worker 2] jepsen.util: 2	:invoke	:broadcast	15
2026-03-12 17:28:13,453{GMT}	INFO	[jepsen worker 2] jepsen.util: 2	:ok	:broadcast	15
2026-03-12 17:28:13,543{GMT}	INFO	[jepsen worker 3] jepsen.util: 3	:invoke	:broadcast	16
2026-03-12 17:28:13,549{GMT}	INFO	[jepsen worker 3] jepsen.util: 3	:ok	:broadcast	16
2026-03-12 17:28:13,645{GMT}	INFO	[jepsen worker 4] jepsen.util: 4	:invoke	:broadcast	17
2026-03-12 17:28:13,647{GMT}	INFO	[jepsen worker 4] jepsen.util: 4	:ok	:broadcast	17
2026-03-12 17:28:13,812{GMT}	INFO	[jepsen worker 0] jepsen.util: 0	:invoke	:broadcast	18
2026-03-12 17:28:13,818{GMT}	INFO	[jepsen worker 0] jepsen.util: 0	:ok	:broadcast	18
2026-03-12 17:28:13,865{GMT}	INFO	[jepsen worker 0] jepsen.util: 0	:invoke	:broadcast	19
2026-03-12 17:28:13,870{GMT}	INFO	[jepsen worker 0] jepsen.util: 0	:ok	:broadcast	19
2026-03-12 17:28:13,879{GMT}	INFO	[jepsen worker 1] jepsen.util: 1	:invoke	:broadcast	20
2026-03-12 17:28:13,885{GMT}	INFO	[jepsen worker 1] jepsen.util: 1	:ok	:broadcast	20
2026-03-12 17:28:13,942{GMT}	INFO	[jepsen worker 2] jepsen.util: 2	:invoke	:broadcast	21
2026-03-12 17:28:13,947{GMT}	INFO	[jepsen worker 2] jepsen.util: 2	:ok	:broadcast	21
2026-03-12 17:28:14,039{GMT}	INFO	[jepsen worker 3] jepsen.util: 3	:invoke	:read	nil
2026-03-12 17:28:14,084{GMT}	INFO	[jepsen worker 4] jepsen.util: 4	:invoke	:read	nil
2026-03-12 17:28:14,104{GMT}	INFO	[jepsen worker 0] jepsen.util: 0	:invoke	:broadcast	22
2026-03-12 17:28:14,110{GMT}	INFO	[jepsen worker 0] jepsen.util: 0	:ok	:broadcast	22
2026-03-12 17:28:14,111{GMT}	INFO	[jepsen worker 1] jepsen.util: 1	:invoke	:read	nil
2026-03-12 17:28:14,123{GMT}	INFO	[jepsen worker 4] jepsen.util: 4	:ok	:read	[0 0 0 1 0 1 0 2 1 0 1 2 0 1 2 1 0 2 1 0 1 2 1 2 0 1 0 2 1 2 1 0 1 0 2 0 1 2 0 1 2 0 3 1 2 0 3 1 2 0 3 1 2 0 1 2 0 1 3 2 1 0 3 2 1 0 3 2 1 0 3 2 0 1 2 3 0 1 3 2 0 1 2 3 0 3 2 1 0 1 2 3 0 1 2 3 0 1 2 3 1 0 3 2 0 1 2 3 2 1 3 0 3 2 0 3 1 2 3 0 1 2 3 0 1 2 3 0 2 1 3 0 1 3 2 0 1 3 2 0 1 1 0 2 3 4 2 1 3 4 0 2 1 3 0 4 1 2 3 0 2 4 1 3 2 0 1 4 3 2 0 2 3 0 1 4 2 3 0 1 3 2 4 0 1 3 3 2 1 4 0 3 4 1 0 3 1 4 2 0 3 4 1 0 2 3 4 1 0 2 3 4 1 0 2 3 1 4 0 3 2 4 1 5 3 2 4 0 5 3 1 4 2 0 5 3 1 0 5 2 3 4 1 2 3 0 5 5 4 0 2 1 3 0 5 2 4 1 0 5 2 3 4 1 2 5 0 3 1 4 2 3 0 5 1 3 2 4 5 0 1 5 3 4 1 2 5 4 0 3 2 5 1 4 3 0 5 1 3 4 2 0 1 2 5 3 1 0 2 4 5 0 6 3 5 4 1 3 2 0 6 5 3 2 0 1 6 4 2 5 6 4 0 3 1 7 2 3 0 1 5 6 7 2 4 3 8 0 1 5 3 8 0 6 1 5 7 2 4 3 0 6 8 2 5 1 3 6 8 0 7 4 3 2 5 8 1 3 6 5 7 4 2 8 5 1 3 0 6 5 8 7 4 0 3 2 1 6 4 7 5 8 3 0 2 7 4 6 8 3 5 1 6 0 7 4 8 2 6 5 1 7 0 2 4 3 8 5 6 1 7 4 0 5 2 3 6 8 1 0 7 2 5 4 6 1 9 3 2 4 5 8 0 7 6 9 8 2 4 3 1 5 6 0 7 9 8 2 3 4 8 1 0 9 2 7 5 6 4 3 1 8 0 9 7 6 2 3 5 1 6 0 4 9 7 8 2 3 5 1 4 7 3 0 6 8 5 2 1 9 7 4 3 0 6 5 1 8 9 7 2 4 0 3 5 6 1 2 6 3 1 8 7 5 0 4 9 2 3 8 6 4 9 0 8 5 3 7 6 1 2 9 4 6 7 5 2 8 3 1 0 9 4 5 6 7 3 0 2 8 1 4 9 5 6 0 3 2 8 7 1 4 5 6 9 3 8 2 7 0 4 5 6 1 9 8 2 3 4 10 6 5 7 0 2 1 3 9 8 5 6 10 4 7 2 1 5 8 3 0 9 6 7 10 4 1 2 0 5 7 3 8 10 6 9 4 1 0 8 2 7 10 3 9 4 5 6 0 2 1 8 6 9 10 3 7 1 0 5 4 2 10 9 3 8 7 6 1 5 2 0 4 10 1 8 7 3 5 9 6 0 4 2 1 8 7 9 10 6 3 5 1 8 9 2 10 6 0 7 4 5 1 3 9 8 2 3 5 6 9 7 10 8 1 0 4 2 5 9 3 10 1 6 7 4 5 2 0 8 9 1 10 3 6 4 7 2 0 8 5 10 4 0 1 3 8 7 6 9 2 5 10 6 0 4 9 3 7 1 2 8 6 9 5 10 2 3 0 8 4 1 7 9 5 6 10 2 4 1 3 0 8 6 10 7 9 5 2 4 1 0 3 4 6 9 8 1 7 0 10 3 5 4 7 6 10 2 9 1 0 5 4 1 9 3 7 10 6 2 8 0 4 6 7 1 10 2 3 9 8 5 0 6 7 10 8 4 5 1 9 2 0 3 6 11 5 1 10 9 8 3 11 2 0 4 5 6 7 10 1 4 0 5 11 9 8 10 7 6 2 4 3 0 8 9 1 5 11 10 7 6 9 0 2 1 3 10 11 5 7 4 8 6 9 2 7 5 8 11 2 7 4 0 9 10 1 3 5 6 7 5 10 9 11 0 3 1 2 8 4 7 3 5 2 1 6 9 10 11 0 7 6 9 2 8 4 7 5 3 6 1 10 11 9 0 2 9 11 6 3 10 1 4 5 7 8 2 9 0 11 6 3 1 10 4 5 7 9 2 8 0 11 3 6 5 10 1 4 7 0 11 8 9 2 6 3 5 10 1 4 7 8 11 9 2 0 6 5 10 1 3 4 7 11 8 9 6 0 2 1 10 5 1 4 5 2 3 9 0 11 8 7 10 5 11 9 6 4 7 3 10 2 5 1 9 0 11 11 1 9 10 3 0 5 2 7 11 1 6 3 0 4 8 10 5 9 2 1 6 4 0 3 8 7 10 11 9 5 0 8 7 11 1 4 10 0 5 2 8 7 6 10 9 5 1 2 8 11 4 0 12 10 3 7 6 9 5 8 11 2 1 0 4 10 6 7 3 12 11 5 8 4 9 0 2 1 7 6 8 11 12 10 3 0 4 5 9 2 1 12 6 8 11 7 2 0 3 5 4 10 9 11 2 7 8 4 10 3 5 6 12 1 0 11 8 9 2 4 12 5 6 0 7 3 11 10 9 2 8 4 5 0 12 11 3 10 6 9 1 2 8 4 5 3 1 2 8 11 0 7 6 12 5 10 4 9 2 12 0 11 1 8 6 3 5 4 10 9 0 2 11 12 8 1 9 7 4 6 5 12 2 3 11 0 10 1 8 9 6 4 12 3 7 5 2 11 8 1 0 9 10 7 12 3 6 4 5 2 8 11 1 0 9 7 10 12 4 6 3 2 8 5 11 1 0 9 7 10 12 6 2 3 4 8 5 11 1 9 3 8 10 7 2 5 0 4 6 12 9 13 6 11 0 5 1 12 2 4 3 8 7 10 9 11 0 6 13 2 1 3 4 7 5 8 12 11 6 0 4 9 13 7 1 3 10 2 1 7 11 12 4 6 9 8 3 0 5 13 12 4 11 7 0 5 1 2 6 10 12 3 7 9 13 11 4 3 8 12 0 2 9 13 7 11 1 6 10 5 5 9 6 0 8 1 4 3 2 11 10 7 12 13 8 0 5 9 3 4 7 13 11 12 1 2 6 10 8 9 5 12 13 7 4 3 9 10 8 11 6 1 2 0 9 7 6 9 11 7 2 1 12 5 8 0 10 6 13 4 9 2 9 8 10 4 1 6 11 13 12 7 5 3 0 2 4 7 12 3 9 8 1 13 10 0 5 11 6 12 2 4 1 11 9 7 3 13 10 0 2 5 12 8 6 1 4 14 7 3 11 9 0 5 13 10 6 4 1 3 2 12 14 11 8 7 9 6 5 13 10 0 11 9 6 13 5 10 0 12 3 7 4 14 1 2 11 1 14 0 4 12 10 9 3 6 13 7 2 5 1 8 14 11 12 10 9 0 4 4 14 9 8 6 12 2 13 1 7 5 3 11 0 10 9 14 4 12 2 13 6 8 11 0 5 14 3 4 7 1 9 10 12 13 14 2 11 3 5 0 8 6 9 1 10 13 12 14 4 7 11 2 9 8 7 6 11 4 1 10 14 13 0 5 3 12 1 11 10 3 14 13 8 6 2 9 4 1 0 7 12 13 7 8 1 14 4 10 5 9 2 12 6 3 11 0 13 7 8 14 3 4 1 9 11 0 10 2 5 6 12 7 1 3 13 8 11 10 6 4 9 2 0 1 7 14 12 5 3 10 8 11 13 12 7 14 3 6 9 2 5 1 4 7 10 0 8 14 3 13 6 11 12 7 5 0 10 2 8 9 4 1 12 3 13 6 14 11 0 10 9 1 5 12 2 8 4 12 2 8 4 3 1 9 5 13 10 11 7 14 6 7 8 4 1 10 13 14 9 2 6 5 3 12 0 11 13 10 12 3 11 5 6 14 8 9 2 0 1 4 7 8 6 11 14 10 7 4 5 13 9 1 12 3 2 0 8 10 1 7 6 2 4 5 14 10 11 13 8 9 3 12 0 2 1 7 6 14 13 12 2 3 8 5 11 7 1 6 14 9 0 4 13 2 5 7 1 14 4 3 11 8 9 13 12 0 10 10 2 6 1 12 0 9 14 13 7 5 3 8 11 4 10 6 2 0 1 12 15 9 4 7 3 14 13 10 12 8 11 2 15 9 6 3 0 5 7 1 9 10 11 6 12 0 3 4 13 7 8 2 15 14 11 1 10 5 3 9 0 6 7 4 15 13 2 14 12 1 11 8 6 3 5 9 0 10 7 13 15 4 2 14 5 8 11 1 10 9 12 7 4 6 15 0 13 14 3 1 8 11 4 10 0 15 2 12 5 6 13 9 14 7 3 0 11 9 12 8 1 15 13 14 6 5 3 4 7 10 2 0 13 8 3 10 9 15 11 12 2 14 1 6 7 4 5 15 0 12 8 3 5 14 13 10 9 11 15 1 4 6 2 0 7 12 5 8 1 3 2 13 7 11 15 14 9 12 4 6 0 10 8 1 3 5 9 13 2 7 14 15 0 10 6 4 11 12 13 9 5 1 3 2 8 7 10 12 4 14 11 6 15 4 0 7 3 2 13 10 1 9 6 5 8 12 14 11 15 7 4 3 0 9 1 13 10 7 3 2 14 12 5 15 6 4 8 11 0 0 3 10 7 2 4 12 9 13 14 6 1 8 15 5 7 10 12 4 11 0 2 3 6 14 13 8 1 15 5 10 0 4 7 9 12 2 3 6 11 0 5 12 6 4 13 7 3 9 11 1 8 2 15 14 9 14 6 10 4 1 15 13 3 5 0 7 12 3 9 11 2 15 6 14 4 5 8 0 13 3 14 12 11 15 9 7 6 16 10 1 2 15 3 6 11 9 4 16 12 5 14 13 7 8 2 1 10 3 0 9 15 16 11 6 12 4 14 7 13 0 10 9 3 16 1 15 8 2 7 11 12 5 13 4 14 6 15 0 3 9 1 10 7 12 16 11 10 0 14 5 6 4 8 2 1 9 3 15 13 10 7 11 14 15 12 6 0 16 9 5 1 2 4 3 8 12 10 4 7 1 16 0 5 2 13 11 14 15 9 6 12 7 5 4 0 10 13 6 15 11 8 9 3 12 2 13 1 4 7 14 10 16 0 5 11 15 8 6 12 3 9 1 4 2 13 7 16 5 15 8 0 14 10 11 12 3 1 7 4 9 6 13 2 16 10 15 1 7 6 11 3 0 9 8 5 12 13 4 2 10 16 11 15 14 1 6 9 3 0 8 7 5 16 2 12 15 11 13 4 9 6 14 3 10 1 5 8 0 2 7 16 15 4 14 13 6 12 9 10 3 11 1 2 8 16 5 15 0 4 7 14 2 10 8 5 3 11 16 12 1 7 6 13 0 9 15 14 4 3 5 2 10 8 12 6 11 1 0 13 10 15 9 13 2 1 11 8 16 3 7 4 5 0 6 14 15 10 9 3 13 8 16 2 11 6 12 0 1 5 7 4 15 14 9 10 16 8 13 2 3 6 12 1 11 15 0 5 7 16 13 15 1 9 2 4 14 10 8 11 7 3 5 12 6 0 16 4 14 13 1 15 7 5 3 10 11 8 6 9 0 12 16 2 4 13 14 11 12 2 7 3 16 4 14 8 6 10 9 1 0 5 15 13 11 2 12 7 16 4 3 8 14 9 15 6 1 0 2 10 13 5 11 12 14 16 7 9 8 3 11 12 2 0 9 10 7 8 3 1 6 5 15 16 14 11 13 12 2 8 7 1 3 0 4 9 10 11 14 5 16 15 6 0 13 7 4 12 1 3 2 8 5 6 14 10 11 16 9 15 0 13 11 14 7 12 15 10 5 16 1 6 2 17 9 8 4 0 11 14 3 13 1 9 12 4 17 8 2 6 10 15 5 7 16 4 17 9 12 2 11 5 8 0 3 1 6 10 13 12 7 15 14 17 9 4 2 16 11 3 13 0 6 5 10 15 12 8 7 14 17 1 4 9 2 16 8 15 11 5 3 17 12 10 6 14 1 0 4 7 8 9 16 15 2 6 14 13 12 17 10 3 5 11 1 7 4 15 2 0 8 9 6 17 16 12 5 14 3 15 1 4 7 2 11 10 13 0 6 9 17 16 15 4 12 1 5 13 11 14 7 2 10 3 9 4 11 1 14 10 15 17 2 8 12 5 16 6 0 7 1 14 9 13 17 11 3 4 16 15 14 10 7 1 8 13 17 3 12 4 11 2 5 0 6 9 16 13 15 1 14 10 2 8 12 0 6 11 7 9 4 5 14 3 10 1 17 15 16 13 6 4 0 11 5 7 17 14 2 1 10 13 16 15 3 12 9 4 14 1 8 5 12 2 9 0 13 16 11 17 10 3 7 6 15 0 14 15 17 3 11 2 10 13 4 8 6 16 0 5 1 7 10 15 12 9 17 2 4 11 14 3 13 6 1 0 10 2 12 16 7 14 13 15 4 11 5 3 8 9 17 8 0 6 1 5 9 10 4 11 7 2 14 13 12 3 15 16 8 17 6 0 5 10 1 7 9 4 11 13 3 14 2 8 15 12 16 17 6 0 5 9 10 11 14 1 13 4 3 7 2 12 15 5 0 17 9 16 6 8 4 13 3 14 7 11 2 1 10 15 0 8 4 13 17 16 6 9 5 12 2 1 14 3 7 10 11 8 17 2 12 15 9 0 4 16 5 13 6 8 1 18 7 3 10 11 14 2 12 17 13 11 16 0 4 15 3 7 12 18 9 14 8 2 5 1 17 10 6 11 13 18 17 7 3 0 12 15 2 1 5 8 9 14 16 6 10 11 13 4 7 0 5 3 18 17 9 11 12 14 6 16 8 2 13 4 10 15 0 5 1 18 7 6 8 14 2 17 12 16 13 9 10 11 3 15 0 4 6 12 17 2 8 18 13 7 14 16 9 3 1 5 10 11 4 15 0 6 17 2 8 18 12 16 7 13 1 9 3 14 10 11 19 0 17 7 12 15 2 6 4 5 13 18 16 8 1 9 1 3 11 6 2 19 16 0 20 10 12 4 13 14 18 7 15 5 17 8 1 11 10 19 6 4 12 13 2 3 20 18 0 9 16 17 5 7 15 14 8 6 9 10 2 19 12 3 13 18 11 1 4 20 0 16 9 8 6 7 5 17 14 15 13 19 3 0 1 11 10 20 2 4 16 12 18 6 7 15 8 5 9 13 14 10 17 20 19 3 11 1 2 0 6 12 7 4 16 18 5 8 9 10 14 3 17 19 11 1 20 15 13 2 6 7 12 10 3 8 19 18 0 4 9 16 17 14 5 11 1 20 15 13 2 12 7 14 5 9 21 16 1 2 3 4 0 6 13 15 8 18 17 7 11 12 20 19 10 1 7 8 3 2 10 17 5 11 14 16 21 18 0 9 13 15 4 19 20 12 6 7 1 8 14 21 15 18 9 3 17 10 11 2 0 16 5 13 12 7 4 6 19 8 1 20 14 18 21 0 15 3 7 10 12 8 4 6 11 17 16 2 19 5 13 9 18 1 14 3 8 20 12 21 7 6 10 11 13 16 0 5 17 9 15 2 4 19 6 1 5 3 15 7 13 21 2 9 0 4 16 18 17 10 14 8 20 12 6 19 3 10 5 7 17 4 20 12 15 1 2 14 8 18 16 6 19 9 21 13 0 11 3 17 5 2 10 4 12 18 7 8 15 1 21 20 13 0 11 14 5 16 3 6 9 20 0 15 1 21 10 12 8 17 19 2 13 7 11 4 18 7 14 8 16 20 12 15 10 0 13 6 11 1 18 19 17 9 21 7 4 5 8 14 9 12 0 19 13 14 20 11 1 7 6 8 5 4 17 15 21 3 2 10 16 18 9 19 12 0 1 4 18 17 5 8 2 11 16 21 14 12 7 6 3 15 9 0 10 20 11 17 13 8 18 14 2 4 5 15 7 3 6 9 20 10 0 21 16 1 19]
2026-03-12 17:28:14,143{GMT}	INFO	[jepsen worker 2] jepsen.util: 2	:invoke	:read	nil
2026-03-12 17:28:14,191{GMT}	INFO	[jepsen worker 2] jepsen.util: 2	:ok	:read	[0 0 0 1 0 1 0 1 0 2 1 0 1 2 1 2 1 0 2 1 1 0 2 1 2 0 1 1 2 0 1 2 0 0 1 2 0 1 2 3 0 2 1 0 3 1 2 0 3 1 2 0 1 3 2 0 1 3 2 0 1 3 2 1 0 3 2 1 0 3 2 1 0 3 2 0 1 2 3 0 1 3 2 0 1 3 2 0 1 2 3 0 1 2 3 0 1 2 3 1 0 3 2 1 0 1 3 2 0 1 2 3 3 2 1 0 3 2 3 0 2 1 3 2 0 1 3 0 1 2 3 0 1 2 3 0 1 3 2 0 1 3 2 0 1 4 2 3 1 0 4 2 1 3 0 4 1 2 0 3 4 1 2 3 2 0 4 1 3 2 0 2 3 1 0 4 2 3 0 1 4 2 3 0 1 3 2 4 1 0 3 3 4 2 1 0 3 4 1 2 0 3 4 1 0 2 3 4 1 0 2 3 1 4 0 2 3 1 4 0 2 1 3 4 5 0 3 2 4 5 1 3 0 2 5 3 1 0 2 5 4 3 1 2 3 5 0 4 5 0 2 1 3 0 4 5 2 0 1 5 2 3 4 0 1 5 2 3 4 1 2 3 0 5 1 4 2 3 5 1 0 5 3 4 2 1 5 0 3 4 2 5 1 4 3 0 5 2 1 4 3 0 1 2 5 3 1 4 0 2 5 0 3 2 4 5 0 3 1 6 5 3 0 4 1 2 6 5 2 6 0 4 3 1 7 2 3 1 0 5 6 4 3 7 2 0 8 1 5 3 8 6 7 4 0 1 2 5 3 8 0 6 2 7 5 4 1 3 6 8 0 5 2 3 1 8 6 3 4 5 7 0 2 8 1 3 5 6 4 7 8 5 0 2 3 1 6 7 4 5 8 3 2 0 7 6 4 8 3 2 0 1 5 4 6 7 8 5 3 6 1 4 7 2 8 0 5 6 7 0 1 4 5 2 3 8 6 0 1 4 5 2 7 3 6 2 1 8 9 5 4 7 0 6 9 4 1 3 2 8 6 7 0 9 8 2 3 4 6 0 1 8 5 9 7 2 4 3 1 0 9 7 6 2 3 8 7 4 9 6 0 1 2 3 5 1 4 7 3 6 5 8 0 2 9 1 4 7 0 3 5 6 9 2 1 8 7 4 0 3 6 5 1 2 7 0 9 8 4 5 3 6 1 2 3 8 6 9 0 5 3 1 8 6 7 2 9 4 6 8 7 2 5 3 1 0 9 7 4 5 6 3 2 1 8 0 4 9 5 6 7 2 3 0 8 1 4 5 9 6 3 8 2 7 4 1 0 5 6 9 8 3 2 4 5 6 7 0 1 8 9 3 2 5 4 6 7 9 3 1 8 5 0 2 6 7 10 4 5 1 2 9 0 3 8 6 7 10 4 1 2 0 8 10 9 3 7 6 5 4 0 2 1 10 3 8 7 9 6 4 0 5 1 2 10 6 7 8 3 9 1 5 4 0 2 10 1 8 3 6 7 5 9 4 0 2 1 10 8 6 9 7 3 5 1 8 9 2 6 10 7 0 4 1 3 5 9 8 2 3 5 6 7 10 1 9 8 4 0 2 5 9 7 3 6 10 1 4 5 2 8 0 1 9 3 10 6 4 7 2 0 8 5 10 4 3 1 9 6 7 0 8 2 5 10 6 9 3 4 0 8 2 7 1 6 5 9 4 0 10 3 1 2 7 8 9 6 5 10 2 4 1 0 3 8 6 10 7 9 5 2 4 1 3 0 8 9 4 7 6 1 3 5 2 10 0 4 6 7 2 10 9 1 3 0 5 4 8 7 10 6 9 1 2 3 0 4 5 7 6 1 10 3 9 2 8 0 4 6 7 8 10 9 2 3 5 1 0 6 5 1 10 7 9 8 3 11 0 4 6 5 10 7 1 9 11 4 0 5 3 2 8 10 7 6 4 1 3 0 11 8 9 5 10 7 6 9 0 2 10 8 4 3 1 11 5 7 6 9 0 2 7 5 4 11 8 2 7 0 1 10 9 6 3 5 8 3 10 1 7 2 0 9 11 4 5 7 6 3 5 1 9 2 10 11 0 6 5 4 7 9 3 8 0 7 11 6 1 2 10 9 2 9 11 1 10 6 3 5 8 4 7 2 9 0 11 3 6 10 1 4 7 5 9 11 2 8 0 3 6 5 1 10 7 4 0 11 9 6 2 8 3 5 10 1 4 7 8 11 0 9 2 6 5 10 3 4 11 8 7 9 0 6 2 5 1 10 3 11 9 4 8 0 7 6 1 10 5 5 11 9 6 4 11 2 5 10 3 7 1 9 0 8 6 4 7 2 10 5 9 3 11 1 0 11 1 0 3 10 9 5 2 1 4 6 3 0 8 7 11 10 9 5 7 3 8 0 1 9 6 11 4 10 0 5 2 8 3 7 6 10 9 11 4 0 1 5 8 2 12 9 3 7 6 10 5 8 11 0 2 4 1 12 3 10 6 7 5 8 9 11 4 0 2 7 1 6 10 8 11 12 5 3 4 0 9 2 1 12 11 8 7 6 2 3 5 4 0 10 9 12 1 11 7 6 8 4 10 2 5 3 0 9 11 2 8 4 7 12 1 6 5 3 0 11 10 2 9 8 4 5 0 12 3 10 11 6 1 7 9 2 8 4 5 3 1 6 2 8 7 0 12 5 11 4 9 10 3 2 8 11 1 0 6 12 7 5 9 10 4 0 12 2 1 8 11 6 9 7 3 5 4 2 12 11 10 0 8 1 9 7 4 6 5 12 2 3 11 8 10 0 12 9 7 6 3 4 5 2 11 8 0 1 9 7 12 10 3 4 6 8 2 5 1 11 9 0 7 12 10 2 6 4 3 11 8 5 9 1 0 7 10 12 3 6 2 5 8 4 13 11 9 6 0 5 1 2 3 12 4 7 8 10 11 0 6 9 13 4 2 7 1 3 5 12 8 9 11 0 6 4 13 1 7 3 2 10 1 7 11 13 8 9 3 4 5 6 0 12 12 4 11 7 5 6 0 2 1 10 3 12 7 13 9 11 8 4 3 12 2 1 10 0 6 9 5 7 13 11 0 6 12 3 8 1 4 11 5 10 2 9 13 7 0 8 5 9 4 3 2 7 6 11 13 1 12 10 5 0 3 9 8 7 4 1 13 12 2 9 8 11 10 6 9 6 7 3 10 8 4 12 1 5 13 11 0 9 2 7 6 9 2 7 5 3 11 8 12 1 0 13 4 6 9 10 4 2 12 3 7 9 8 10 11 1 5 0 13 2 6 4 12 7 3 1 9 11 0 13 5 10 2 12 8 4 6 1 11 3 7 9 14 5 0 10 13 6 8 2 3 12 1 4 11 7 14 9 0 10 13 5 6 4 1 2 3 8 14 11 12 7 10 9 6 0 13 5 11 1 14 10 12 4 0 9 3 5 2 6 13 7 8 1 14 11 12 10 9 4 0 6 5 14 10 3 9 13 4 0 11 12 2 8 7 14 9 4 12 13 6 8 2 11 3 0 5 14 4 1 7 9 10 13 11 12 2 14 3 5 0 6 8 4 1 9 7 10 13 14 12 11 3 5 0 2 8 9 6 13 10 14 7 1 4 12 11 1 11 10 3 14 13 4 2 7 8 5 6 9 1 12 0 13 4 1 14 7 8 11 10 9 2 3 6 0 5 12 13 14 8 7 1 4 3 9 11 10 6 12 5 0 2 1 3 13 7 8 9 5 14 4 11 10 6 2 0 12 7 1 11 3 13 10 12 7 0 4 9 14 2 6 1 3 5 8 7 11 10 12 13 6 14 3 7 10 8 0 5 2 1 9 4 13 6 12 14 3 11 7 0 10 9 1 2 5 12 4 8 3 6 14 11 13 9 0 10 5 1 4 2 12 8 13 9 4 14 10 2 0 1 12 8 7 3 11 5 6 4 8 14 13 2 5 1 6 9 10 12 11 3 0 7 8 13 6 3 5 11 14 7 9 2 12 1 0 4 10 8 7 1 11 12 5 2 4 9 3 13 10 14 8 6 0 1 2 6 7 14 13 2 10 12 3 11 1 8 6 0 7 5 14 9 4 13 2 5 7 10 1 9 14 3 6 0 11 12 4 13 2 10 6 1 12 0 9 7 3 14 4 5 13 8 11 6 10 2 12 0 1 15 9 4 7 3 14 13 11 6 5 10 12 0 8 2 15 9 7 3 1 10 11 12 0 13 14 8 6 9 3 4 7 2 15 1 11 9 10 5 3 6 0 12 7 4 2 15 13 8 14 1 11 6 3 7 10 9 5 0 4 15 13 14 2 5 1 8 11 3 0 10 12 13 4 9 15 6 7 14 8 1 15 11 0 2 4 10 13 12 7 6 9 5 3 14 11 0 9 8 12 1 13 15 5 10 6 2 4 14 7 3 0 9 8 13 1 6 15 11 12 5 3 4 10 2 14 7 15 12 3 13 1 9 8 10 14 7 4 2 11 6 5 15 0 12 8 5 15 13 3 11 9 2 14 1 7 4 10 6 12 0 5 8 3 1 13 14 9 7 2 11 6 15 0 10 12 4 5 3 13 7 8 2 1 9 10 12 4 14 11 15 0 6 7 4 3 1 13 10 2 6 8 9 5 11 12 14 15 3 7 0 9 4 1 10 13 6 5 2 7 11 0 8 14 3 12 15 4 4 10 3 2 12 11 0 7 9 1 13 5 8 6 15 14 12 7 11 0 4 10 3 2 14 6 13 8 1 5 15 4 0 10 7 12 9 3 2 6 11 14 13 0 10 3 4 9 6 12 5 2 15 7 1 11 8 9 14 4 15 0 3 13 8 6 10 1 2 12 5 7 11 9 3 6 14 15 4 13 10 5 1 8 0 7 3 11 9 12 2 15 14 6 12 9 15 11 3 16 4 13 5 14 2 7 8 0 3 1 10 9 15 6 5 16 4 11 12 13 14 7 1 0 3 10 8 16 15 9 11 5 2 7 12 13 4 14 6 9 0 15 3 1 10 7 12 16 2 5 8 11 6 13 14 15 4 3 9 10 1 0 7 12 11 16 10 8 15 5 14 6 9 3 0 2 4 1 12 10 14 7 2 0 4 1 9 11 15 5 16 6 7 12 4 10 5 13 0 8 3 16 15 2 14 11 6 9 1 4 7 5 13 12 10 0 6 11 15 8 3 12 9 2 13 1 7 4 16 10 14 0 5 8 15 11 3 12 6 4 9 1 7 13 2 10 16 15 6 14 1 7 11 3 0 12 5 9 8 13 4 2 16 10 11 15 14 5 6 9 1 0 3 8 7 2 16 12 13 11 15 9 4 3 6 14 1 10 5 0 7 2 8 16 4 15 12 6 10 14 13 1 9 11 3 5 8 2 16 4 0 15 7 14 2 3 12 8 10 9 5 11 4 16 15 7 1 6 13 0 14 2 5 10 8 3 12 6 11 1 13 0 15 10 9 5 4 3 16 8 7 12 13 11 14 2 1 6 0 15 10 9 13 3 8 16 11 2 12 6 5 4 0 7 1 15 14 10 9 16 8 13 2 3 6 12 1 11 15 0 5 7 4 16 14 13 9 10 8 2 1 12 15 11 5 0 7 6 3 16 13 14 1 4 5 8 15 7 9 3 10 0 6 11 12 2 16 4 14 13 11 6 3 7 8 2 0 4 16 14 5 15 9 13 1 10 11 2 12 7 16 14 3 4 9 8 0 1 2 10 11 5 15 13 12 14 16 9 7 8 2 3 0 4 12 1 16 14 10 6 9 5 8 11 3 7 15 12 13 2 7 0 8 9 1 3 4 10 5 11 14 16 6 15 0 2 4 7 3 13 1 12 9 8 14 10 5 6 15 11 16 0 13 15 10 5 6 2 16 14 9 7 12 4 1 8 0 3 11 14 1 13 10 15 5 9 7 2 12 16 8 6 17 4 3 14 17 9 2 12 4 11 6 1 13 0 8 5 15 10 7 12 17 9 2 16 4 11 0 3 5 13 10 6 12 15 14 8 17 7 1 4 2 16 8 6 10 3 17 12 14 13 5 15 11 1 0 2 9 7 4 16 15 8 6 13 17 11 14 5 3 12 10 1 15 0 2 4 8 16 7 9 6 17 12 14 13 3 5 1 11 7 15 2 4 10 8 6 9 0 17 16 2 12 15 4 7 1 10 11 5 13 14 3 17 8 2 9 7 15 10 11 4 1 14 6 12 16 5 13 0 9 11 1 17 3 4 16 10 14 9 6 15 12 2 1 0 8 7 3 5 13 11 4 16 13 1 15 14 10 6 12 0 8 5 2 4 9 7 11 13 15 17 16 14 3 1 10 8 6 7 2 11 0 4 9 12 14 17 3 10 5 1 15 13 16 8 2 4 12 5 14 1 9 11 13 0 16 10 17 7 3 15 0 15 8 12 3 2 10 11 13 14 17 9 4 6 5 16 0 1 7 15 10 13 3 17 4 2 14 11 6 1 0 10 15 11 9 13 2 3 7 8 12 4 14 5 16 17 1 8 0 6 9 4 10 11 7 14 2 16 17 3 12 13 15 8 0 6 5 9 7 1 10 11 4 14 2 3 13 15 16 12 8 17 6 5 0 11 9 10 7 1 14 2 13 4 15 6 8 0 12 5 17 9 16 3 7 1 11 10 4 13 14 2 15 4 9 8 0 6 13 17 16 5 12 10 14 2 1 3 7 11 2 8 9 0 4 13 17 15 16 5 6 12 7 10 18 11 3 8 1 14 2 12 17 16 0 4 13 2 11 10 8 15 7 14 1 5 12 18 3 9 6 17 13 11 3 0 7 12 18 9 4 17 1 5 2 8 16 14 6 10 11 13 7 0 5 9 3 17 18 12 8 11 14 6 16 13 2 4 10 1 15 0 7 5 18 6 8 12 2 16 17 13 11 14 9 3 10 4 0 15 6 2 12 17 13 7 18 8 16 1 5 10 14 3 9 11 15 6 4 0 17 13 12 2 7 16 8 18 14 1 9 3 10 19 4 6 11 0 5 17 7 15 12 2 13 16 8 18 1 9 10 11 3 14 1 2 0 6 13 19 4 18 12 15 16 5 8 7 17 20 1 9 19 0 10 20 6 3 14 2 13 18 12 4 16 17 8 15 7 5 19 6 13 11 1 18 3 9 12 10 2 4 20 0 16 14 17 9 8 6 5 7 15 0 19 3 11 13 1 18 12 10 20 4 2 16 15 7 8 5 9 13 10 14 19 17 3 20 11 1 0 2 6 16 7 18 12 4 15 9 5 8 3 13 10 17 14 19 20 11 1 2 6 12 7 16 18 0 8 10 3 5 14 9 17 19 11 1 20 12 7 2 15 13 14 9 5 4 21 0 3 16 2 1 17 15 6 11 19 10 20 12 13 18 7 8 2 13 7 3 1 8 18 16 21 9 15 5 10 14 11 0 17 4 19 20 12 6 7 8 1 13 5 17 21 2 16 15 14 0 18 10 11 9 3 4 12 19 6 7 20 1 8 18 14 21 0 9 5 16 11 15 3 17 13 2 7 19 6 8 12 4 18 1 3 14 20 21 12 8 7 17 0 15 10 11 2 16 6 13 5 4 9 19 3 6 1 5 15 13 17 7 21 2 8 0 9 18 16 4 10 14 12 20 11 19 6 1 21 7 17 20 12 11 10 15 4 2 5 3 18 14 8 13 19 16 6 9 0 3 17 5 2 1 15 12 10 7 8 4 18 0 11 21 13 20 14 19 16 5 6 9 3 2 18 4 7 8 17 10 1 12 15 0 21 13 20 11 7 20 14 18 0 10 15 16 9 11 12 19 17 2 8 1 13 6 7 5 21 4 3 14 16 20 8 2 1 15 17 11 0 18 6 13 12 9 10 5 19 21 4 17 8 18 11 0 1 6 20 14 13 15 7 3 2 16 0 19 12 9 4 1 18 13 5 16 14 2 11 17 8 15 3 6 7 20 10 21 9 12 0 18 19 17 1 21 16 5 13 11 4 8 14 2 7 6 3 15 9 20 10 0 12 6 11 3 16 14 13 4 18 17 5 9 20 19 21 0 2 8 1 10 15 7 5 13 3 11 6 18 22 17 4 16 14 1 0 13 12 20 5 8 7 15 11 6 2 19 14 18 4 22 16 3 21 9 10 17 0 5 7 13 8 12 20 1 2 19 18]
2026-03-12 17:28:14,208{GMT}	INFO	[jepsen worker 2] jepsen.util: 2	:invoke	:broadcast	23
2026-03-12 17:28:14,215{GMT}	INFO	[jepsen worker 2] jepsen.util: 2	:ok	:broadcast	23
2026-03-12 17:28:14,348{GMT}	INFO	[jepsen worker 4] jepsen.util: 4	:invoke	:read	nil
2026-03-12 17:28:14,370{GMT}	INFO	[jepsen worker 4] jepsen.util: 4	:ok	:read	[0 0 0 1 0 1 0 2 1 0 1 2 0 1 2 1 0 2 1 0 1 2 1 2 0 1 0 2 1 2 1 0 1 0 2 0 1 2 0 1 2 0 3 1 2 0 3 1 2 0 3 1 2 0 1 2 0 1 3 2 1 0 3 2 1 0 3 2 1 0 3 2 0 1 2 3 0 1 3 2 0 1 2 3 0 3 2 1 0 1 2 3 0 1 2 3 0 1 2 3 1 0 3 2 0 1 2 3 2 1 3 0 3 2 0 3 1 2 3 0 1 2 3 0 1 2 3 0 2 1 3 0 1 3 2 0 1 3 2 0 1 1 0 2 3 4 2 1 3 4 0 2 1 3 0 4 1 2 3 0 2 4 1 3 2 0 1 4 3 2 0 2 3 0 1 4 2 3 0 1 3 2 4 0 1 3 3 2 1 4 0 3 4 1 0 3 1 4 2 0 3 4 1 0 2 3 4 1 0 2 3 4 1 0 2 3 1 4 0 3 2 4 1 5 3 2 4 0 5 3 1 4 2 0 5 3 1 0 5 2 3 4 1 2 3 0 5 5 4 0 2 1 3 0 5 2 4 1 0 5 2 3 4 1 2 5 0 3 1 4 2 3 0 5 1 3 2 4 5 0 1 5 3 4 1 2 5 4 0 3 2 5 1 4 3 0 5 1 3 4 2 0 1 2 5 3 1 0 2 4 5 0 6 3 5 4 1 3 2 0 6 5 3 2 0 1 6 4 2 5 6 4 0 3 1 7 2 3 0 1 5 6 7 2 4 3 8 0 1 5 3 8 0 6 1 5 7 2 4 3 0 6 8 2 5 1 3 6 8 0 7 4 3 2 5 8 1 3 6 5 7 4 2 8 5 1 3 0 6 5 8 7 4 0 3 2 1 6 4 7 5 8 3 0 2 7 4 6 8 3 5 1 6 0 7 4 8 2 6 5 1 7 0 2 4 3 8 5 6 1 7 4 0 5 2 3 6 8 1 0 7 2 5 4 6 1 9 3 2 4 5 8 0 7 6 9 8 2 4 3 1 5 6 0 7 9 8 2 3 4 8 1 0 9 2 7 5 6 4 3 1 8 0 9 7 6 2 3 5 1 6 0 4 9 7 8 2 3 5 1 4 7 3 0 6 8 5 2 1 9 7 4 3 0 6 5 1 8 9 7 2 4 0 3 5 6 1 2 6 3 1 8 7 5 0 4 9 2 3 8 6 4 9 0 8 5 3 7 6 1 2 9 4 6 7 5 2 8 3 1 0 9 4 5 6 7 3 0 2 8 1 4 9 5 6 0 3 2 8 7 1 4 5 6 9 3 8 2 7 0 4 5 6 1 9 8 2 3 4 10 6 5 7 0 2 1 3 9 8 5 6 10 4 7 2 1 5 8 3 0 9 6 7 10 4 1 2 0 5 7 3 8 10 6 9 4 1 0 8 2 7 10 3 9 4 5 6 0 2 1 8 6 9 10 3 7 1 0 5 4 2 10 9 3 8 7 6 1 5 2 0 4 10 1 8 7 3 5 9 6 0 4 2 1 8 7 9 10 6 3 5 1 8 9 2 10 6 0 7 4 5 1 3 9 8 2 3 5 6 9 7 10 8 1 0 4 2 5 9 3 10 1 6 7 4 5 2 0 8 9 1 10 3 6 4 7 2 0 8 5 10 4 0 1 3 8 7 6 9 2 5 10 6 0 4 9 3 7 1 2 8 6 9 5 10 2 3 0 8 4 1 7 9 5 6 10 2 4 1 3 0 8 6 10 7 9 5 2 4 1 0 3 4 6 9 8 1 7 0 10 3 5 4 7 6 10 2 9 1 0 5 4 1 9 3 7 10 6 2 8 0 4 6 7 1 10 2 3 9 8 5 0 6 7 10 8 4 5 1 9 2 0 3 6 11 5 1 10 9 8 3 11 2 0 4 5 6 7 10 1 4 0 5 11 9 8 10 7 6 2 4 3 0 8 9 1 5 11 10 7 6 9 0 2 1 3 10 11 5 7 4 8 6 9 2 7 5 8 11 2 7 4 0 9 10 1 3 5 6 7 5 10 9 11 0 3 1 2 8 4 7 3 5 2 1 6 9 10 11 0 7 6 9 2 8 4 7 5 3 6 1 10 11 9 0 2 9 11 6 3 10 1 4 5 7 8 2 9 0 11 6 3 1 10 4 5 7 9 2 8 0 11 3 6 5 10 1 4 7 0 11 8 9 2 6 3 5 10 1 4 7 8 11 9 2 0 6 5 10 1 3 4 7 11 8 9 6 0 2 1 10 5 1 4 5 2 3 9 0 11 8 7 10 5 11 9 6 4 7 3 10 2 5 1 9 0 11 11 1 9 10 3 0 5 2 7 11 1 6 3 0 4 8 10 5 9 2 1 6 4 0 3 8 7 10 11 9 5 0 8 7 11 1 4 10 0 5 2 8 7 6 10 9 5 1 2 8 11 4 0 12 10 3 7 6 9 5 8 11 2 1 0 4 10 6 7 3 12 11 5 8 4 9 0 2 1 7 6 8 11 12 10 3 0 4 5 9 2 1 12 6 8 11 7 2 0 3 5 4 10 9 11 2 7 8 4 10 3 5 6 12 1 0 11 8 9 2 4 12 5 6 0 7 3 11 10 9 2 8 4 5 0 12 11 3 10 6 9 1 2 8 4 5 3 1 2 8 11 0 7 6 12 5 10 4 9 2 12 0 11 1 8 6 3 5 4 10 9 0 2 11 12 8 1 9 7 4 6 5 12 2 3 11 0 10 1 8 9 6 4 12 3 7 5 2 11 8 1 0 9 10 7 12 3 6 4 5 2 8 11 1 0 9 7 10 12 4 6 3 2 8 5 11 1 0 9 7 10 12 6 2 3 4 8 5 11 1 9 3 8 10 7 2 5 0 4 6 12 9 13 6 11 0 5 1 12 2 4 3 8 7 10 9 11 0 6 13 2 1 3 4 7 5 8 12 11 6 0 4 9 13 7 1 3 10 2 1 7 11 12 4 6 9 8 3 0 5 13 12 4 11 7 0 5 1 2 6 10 12 3 7 9 13 11 4 3 8 12 0 2 9 13 7 11 1 6 10 5 5 9 6 0 8 1 4 3 2 11 10 7 12 13 8 0 5 9 3 4 7 13 11 12 1 2 6 10 8 9 5 12 13 7 4 3 9 10 8 11 6 1 2 0 9 7 6 9 11 7 2 1 12 5 8 0 10 6 13 4 9 2 9 8 10 4 1 6 11 13 12 7 5 3 0 2 4 7 12 3 9 8 1 13 10 0 5 11 6 12 2 4 1 11 9 7 3 13 10 0 2 5 12 8 6 1 4 14 7 3 11 9 0 5 13 10 6 4 1 3 2 12 14 11 8 7 9 6 5 13 10 0 11 9 6 13 5 10 0 12 3 7 4 14 1 2 11 1 14 0 4 12 10 9 3 6 13 7 2 5 1 8 14 11 12 10 9 0 4 4 14 9 8 6 12 2 13 1 7 5 3 11 0 10 9 14 4 12 2 13 6 8 11 0 5 14 3 4 7 1 9 10 12 13 14 2 11 3 5 0 8 6 9 1 10 13 12 14 4 7 11 2 9 8 7 6 11 4 1 10 14 13 0 5 3 12 1 11 10 3 14 13 8 6 2 9 4 1 0 7 12 13 7 8 1 14 4 10 5 9 2 12 6 3 11 0 13 7 8 14 3 4 1 9 11 0 10 2 5 6 12 7 1 3 13 8 11 10 6 4 9 2 0 1 7 14 12 5 3 10 8 11 13 12 7 14 3 6 9 2 5 1 4 7 10 0 8 14 3 13 6 11 12 7 5 0 10 2 8 9 4 1 12 3 13 6 14 11 0 10 9 1 5 12 2 8 4 12 2 8 4 3 1 9 5 13 10 11 7 14 6 7 8 4 1 10 13 14 9 2 6 5 3 12 0 11 13 10 12 3 11 5 6 14 8 9 2 0 1 4 7 8 6 11 14 10 7 4 5 13 9 1 12 3 2 0 8 10 1 7 6 2 4 5 14 10 11 13 8 9 3 12 0 2 1 7 6 14 13 12 2 3 8 5 11 7 1 6 14 9 0 4 13 2 5 7 1 14 4 3 11 8 9 13 12 0 10 10 2 6 1 12 0 9 14 13 7 5 3 8 11 4 10 6 2 0 1 12 15 9 4 7 3 14 13 10 12 8 11 2 15 9 6 3 0 5 7 1 9 10 11 6 12 0 3 4 13 7 8 2 15 14 11 1 10 5 3 9 0 6 7 4 15 13 2 14 12 1 11 8 6 3 5 9 0 10 7 13 15 4 2 14 5 8 11 1 10 9 12 7 4 6 15 0 13 14 3 1 8 11 4 10 0 15 2 12 5 6 13 9 14 7 3 0 11 9 12 8 1 15 13 14 6 5 3 4 7 10 2 0 13 8 3 10 9 15 11 12 2 14 1 6 7 4 5 15 0 12 8 3 5 14 13 10 9 11 15 1 4 6 2 0 7 12 5 8 1 3 2 13 7 11 15 14 9 12 4 6 0 10 8 1 3 5 9 13 2 7 14 15 0 10 6 4 11 12 13 9 5 1 3 2 8 7 10 12 4 14 11 6 15 4 0 7 3 2 13 10 1 9 6 5 8 12 14 11 15 7 4 3 0 9 1 13 10 7 3 2 14 12 5 15 6 4 8 11 0 0 3 10 7 2 4 12 9 13 14 6 1 8 15 5 7 10 12 4 11 0 2 3 6 14 13 8 1 15 5 10 0 4 7 9 12 2 3 6 11 0 5 12 6 4 13 7 3 9 11 1 8 2 15 14 9 14 6 10 4 1 15 13 3 5 0 7 12 3 9 11 2 15 6 14 4 5 8 0 13 3 14 12 11 15 9 7 6 16 10 1 2 15 3 6 11 9 4 16 12 5 14 13 7 8 2 1 10 3 0 9 15 16 11 6 12 4 14 7 13 0 10 9 3 16 1 15 8 2 7 11 12 5 13 4 14 6 15 0 3 9 1 10 7 12 16 11 10 0 14 5 6 4 8 2 1 9 3 15 13 10 7 11 14 15 12 6 0 16 9 5 1 2 4 3 8 12 10 4 7 1 16 0 5 2 13 11 14 15 9 6 12 7 5 4 0 10 13 6 15 11 8 9 3 12 2 13 1 4 7 14 10 16 0 5 11 15 8 6 12 3 9 1 4 2 13 7 16 5 15 8 0 14 10 11 12 3 1 7 4 9 6 13 2 16 10 15 1 7 6 11 3 0 9 8 5 12 13 4 2 10 16 11 15 14 1 6 9 3 0 8 7 5 16 2 12 15 11 13 4 9 6 14 3 10 1 5 8 0 2 7 16 15 4 14 13 6 12 9 10 3 11 1 2 8 16 5 15 0 4 7 14 2 10 8 5 3 11 16 12 1 7 6 13 0 9 15 14 4 3 5 2 10 8 12 6 11 1 0 13 10 15 9 13 2 1 11 8 16 3 7 4 5 0 6 14 15 10 9 3 13 8 16 2 11 6 12 0 1 5 7 4 15 14 9 10 16 8 13 2 3 6 12 1 11 15 0 5 7 16 13 15 1 9 2 4 14 10 8 11 7 3 5 12 6 0 16 4 14 13 1 15 7 5 3 10 11 8 6 9 0 12 16 2 4 13 14 11 12 2 7 3 16 4 14 8 6 10 9 1 0 5 15 13 11 2 12 7 16 4 3 8 14 9 15 6 1 0 2 10 13 5 11 12 14 16 7 9 8 3 11 12 2 0 9 10 7 8 3 1 6 5 15 16 14 11 13 12 2 8 7 1 3 0 4 9 10 11 14 5 16 15 6 0 13 7 4 12 1 3 2 8 5 6 14 10 11 16 9 15 0 13 11 14 7 12 15 10 5 16 1 6 2 17 9 8 4 0 11 14 3 13 1 9 12 4 17 8 2 6 10 15 5 7 16 4 17 9 12 2 11 5 8 0 3 1 6 10 13 12 7 15 14 17 9 4 2 16 11 3 13 0 6 5 10 15 12 8 7 14 17 1 4 9 2 16 8 15 11 5 3 17 12 10 6 14 1 0 4 7 8 9 16 15 2 6 14 13 12 17 10 3 5 11 1 7 4 15 2 0 8 9 6 17 16 12 5 14 3 15 1 4 7 2 11 10 13 0 6 9 17 16 15 4 12 1 5 13 11 14 7 2 10 3 9 4 11 1 14 10 15 17 2 8 12 5 16 6 0 7 1 14 9 13 17 11 3 4 16 15 14 10 7 1 8 13 17 3 12 4 11 2 5 0 6 9 16 13 15 1 14 10 2 8 12 0 6 11 7 9 4 5 14 3 10 1 17 15 16 13 6 4 0 11 5 7 17 14 2 1 10 13 16 15 3 12 9 4 14 1 8 5 12 2 9 0 13 16 11 17 10 3 7 6 15 0 14 15 17 3 11 2 10 13 4 8 6 16 0 5 1 7 10 15 12 9 17 2 4 11 14 3 13 6 1 0 10 2 12 16 7 14 13 15 4 11 5 3 8 9 17 8 0 6 1 5 9 10 4 11 7 2 14 13 12 3 15 16 8 17 6 0 5 10 1 7 9 4 11 13 3 14 2 8 15 12 16 17 6 0 5 9 10 11 14 1 13 4 3 7 2 12 15 5 0 17 9 16 6 8 4 13 3 14 7 11 2 1 10 15 0 8 4 13 17 16 6 9 5 12 2 1 14 3 7 10 11 8 17 2 12 15 9 0 4 16 5 13 6 8 1 18 7 3 10 11 14 2 12 17 13 11 16 0 4 15 3 7 12 18 9 14 8 2 5 1 17 10 6 11 13 18 17 7 3 0 12 15 2 1 5 8 9 14 16 6 10 11 13 4 7 0 5 3 18 17 9 11 12 14 6 16 8 2 13 4 10 15 0 5 1 18 7 6 8 14 2 17 12 16 13 9 10 11 3 15 0 4 6 12 17 2 8 18 13 7 14 16 9 3 1 5 10 11 4 15 0 6 17 2 8 18 12 16 7 13 1 9 3 14 10 11 19 0 17 7 12 15 2 6 4 5 13 18 16 8 1 9 1 3 11 6 2 19 16 0 20 10 12 4 13 14 18 7 15 5 17 8 1 11 10 19 6 4 12 13 2 3 20 18 0 9 16 17 5 7 15 14 8 6 9 10 2 19 12 3 13 18 11 1 4 20 0 16 9 8 6 7 5 17 14 15 13 19 3 0 1 11 10 20 2 4 16 12 18 6 7 15 8 5 9 13 14 10 17 20 19 3 11 1 2 0 6 12 7 4 16 18 5 8 9 10 14 3 17 19 11 1 20 15 13 2 6 7 12 10 3 8 19 18 0 4 9 16 17 14 5 11 1 20 15 13 2 12 7 14 5 9 21 16 1 2 3 4 0 6 13 15 8 18 17 7 11 12 20 19 10 1 7 8 3 2 10 17 5 11 14 16 21 18 0 9 13 15 4 19 20 12 6 7 1 8 14 21 15 18 9 3 17 10 11 2 0 16 5 13 12 7 4 6 19 8 1 20 14 18 21 0 15 3 7 10 12 8 4 6 11 17 16 2 19 5 13 9 18 1 14 3 8 20 12 21 7 6 10 11 13 16 0 5 17 9 15 2 4 19 6 1 5 3 15 7 13 21 2 9 0 4 16 18 17 10 14 8 20 12 6 19 3 10 5 7 17 4 20 12 15 1 2 14 8 18 16 6 19 9 21 13 0 11 3 17 5 2 10 4 12 18 7 8 15 1 21 20 13 0 11 14 5 16 3 6 9 20 0 15 1 21 10 12 8 17 19 2 13 7 11 4 18 7 14 8 16 20 12 15 10 0 13 6 11 1 18 19 17 9 21 7 4 5 8 14 9 12 0 19 13 14 20 11 1 7 6 8 5 4 17 15 21 3 2 10 16 18 9 19 12 0 1 4 18 17 5 8 2 11 16 21 14 12 7 6 3 15 9 0 10 20 11 17 13 8 18 14 2 4 5 15 7 3 6 9 20 10 0 21 16 1 19 12 13 5 16 6 17 4 18 14 3 8 12 13 15 7 20 11 1 5 0 19 10 9 21 3 2 6 22 4 16 14 18 13 0 1 20 17 12 8 5 7 19 2 18 9 16 3 21 10 14 22 11 17 0 4 15 1 12 7 8 20 6 5 13 2 19 18 9 4 6 1 11 14 10 13 15 20 12 22 8 21 17 16 0 3 5 19 2 18 7]
2026-03-12 17:28:14,380{GMT}	INFO	[jepsen worker 1] jepsen.util: 1	:fail	:read	nil	[:crash "Unexpected exception handling (msg c11 n1 {\"type\":\"read\",\"msg_id\":6}) : java.util.ConcurrentModificationException\njava.util.ConcurrentModificationException\n\tat java.base/java.util.ArrayList$Itr.checkForComodification(ArrayList.java:1095)\n\tat java.base/java.util.ArrayList$Itr.next(ArrayList.java:1049)\n\tat lab.BroadcastServer.lambda$run$1(BroadcastServer.java:68)\n\tat lab.Node.handleRequest(Node.java:97)\n\tat lab.Node.handleMessage(Node.java:71)\n\tat lab.Node.lambda$run$0(Node.java:44)\n\tat java.base/java.util.concurrent.ThreadPoolExecutor.runWorker(ThreadPoolExecutor.java:1144)\n\tat java.base/java.util.concurrent.ThreadPoolExecutor$Worker.run(ThreadPoolExecutor.java:642)\n\tat java.base/java.lang.Thread.run(Thread.java:1583)\n"]
2026-03-12 17:28:14,400{GMT}	INFO	[jepsen worker 3] jepsen.util: 3	:fail	:read	nil	[:crash "Unexpected exception handling (msg c13 n3 {\"type\":\"read\",\"msg_id\":5}) : java.util.ConcurrentModificationException\njava.util.ConcurrentModificationException\n\tat java.base/java.util.ArrayList$Itr.checkForComodification(ArrayList.java:1095)\n\tat java.base/java.util.ArrayList$Itr.next(ArrayList.java:1049)\n\tat lab.BroadcastServer.lambda$run$1(BroadcastServer.java:68)\n\tat lab.Node.handleRequest(Node.java:97)\n\tat lab.Node.handleMessage(Node.java:71)\n\tat lab.Node.lambda$run$0(Node.java:44)\n\tat java.base/java.util.concurrent.ThreadPoolExecutor.runWorker(ThreadPoolExecutor.java:1144)\n\tat java.base/java.util.concurrent.ThreadPoolExecutor$Worker.run(ThreadPoolExecutor.java:642)\n\tat java.base/java.lang.Thread.run(Thread.java:1583)\n"]
2026-03-12 17:28:14,434{GMT}	INFO	[jepsen worker 4] jepsen.util: 4	:invoke	:read	nil
2026-03-12 17:28:14,525{GMT}	INFO	[jepsen worker 0] jepsen.util: 0	:invoke	:read	nil
2026-03-12 17:28:14,572{GMT}	INFO	[jepsen worker 1] jepsen.util: 1	:invoke	:read	nil
2026-03-12 17:28:14,595{GMT}	INFO	[jepsen worker 1] jepsen.util: 1	:ok	:read	[0 0 0 0 1 0 1 0 2 1 0 1 2 1 0 2 1 0 2 1 0 1 2 1 2 0 1 0 1 2 2 1 0 1 0 2 0 1 2 3 0 1 2 0 3 1 2 3 0 1 2 0 1 3 2 0 1 2 3 0 1 3 2 1 0 3 2 1 0 3 2 1 0 3 2 0 2 1 3 0 1 3 2 0 1 3 2 0 2 3 1 0 1 2 3 0 1 2 3 1 0 2 1 0 3 1 2 0 1 2 3 3 2 0 1 3 2 3 0 2 1 3 0 2 1 3 0 2 1 3 0 1 2 3 0 1 2 3 0 1 3 2 0 1 4 2 0 3 1 4 2 1 3 4 0 1 2 3 0 4 1 2 3 4 1 2 0 3 2 0 2 3 4 1 0 2 3 0 1 3 4 2 0 1 3 2 0 4 1 3 3 2 4 1 0 3 4 1 0 2 3 1 4 2 0 3 4 1 0 3 2 4 1 0 2 3 1 4 0 2 1 3 4 0 3 2 4 5 1 3 0 4 2 5 3 1 2 0 5 4 3 1 2 3 0 5 4 1 0 2 3 5 4 0 5 2 0 5 2 3 1 0 4 5 2 3 4 1 2 0 3 5 1 2 3 4 5 1 0 5 4 2 0 1 5 3 4 2 1 5 4 3 0 5 2 1 4 3 0 1 5 0 3 2 4 1 2 5 3 0 2 5 0 1 4 6 3 5 4 1 3 2 0 6 5 2 3 6 1 0 4 7 2 3 1 0 5 4 6 2 3 7 0 8 1 5 6 3 7 0 8 4 2 5 1 3 8 0 6 7 2 5 1 4 3 6 8 0 2 5 3 1 6 8 7 0 5 4 3 2 8 1 3 5 6 7 4 8 5 2 0 3 1 7 4 5 8 3 0 6 4 7 8 1 2 5 0 3 6 4 7 8 5 3 1 6 0 7 4 2 8 5 6 1 7 0 4 5 8 2 3 6 0 4 5 7 1 2 3 6 9 8 2 5 1 4 7 0 6 9 2 5 3 8 4 1 6 0 7 9 8 2 3 4 6 5 0 1 9 8 2 7 4 8 3 1 0 7 9 2 5 6 3 4 8 7 9 0 1 6 2 3 5 1 4 7 9 3 8 5 0 2 1 7 4 0 3 5 6 9 8 1 2 7 4 0 3 5 6 1 8 9 4 0 2 7 3 5 6 1 2 3 6 8 7 5 0 4 9 2 3 8 4 9 8 6 2 5 0 3 1 9 4 5 7 6 2 3 1 8 0 4 9 5 0 7 2 6 8 3 1 4 9 5 6 3 2 7 8 1 4 0 5 6 9 8 3 2 4 6 5 7 9 8 0 1 3 2 6 5 10 4 7 9 3 8 1 2 0 5 6 10 4 7 5 1 2 9 7 6 0 8 3 10 4 1 2 8 10 3 9 5 6 7 4 0 1 2 8 10 7 3 9 6 4 0 1 2 5 10 7 8 6 3 9 4 5 1 0 10 1 3 6 8 5 9 7 2 4 0 1 10 8 9 6 7 5 3 1 2 9 8 6 10 7 0 4 5 1 3 8 9 2 5 1 6 3 0 7 10 4 8 9 2 5 7 9 3 6 10 1 8 0 2 5 4 1 9 3 10 6 4 7 0 2 5 8 10 3 9 1 4 6 7 0 2 8 5 10 4 6 7 1 3 0 8 9 2 5 10 9 6 4 0 3 7 1 8 2 9 6 5 10 2 4 1 0 3 8 7 9 10 6 5 2 4 1 3 0 8 4 6 9 1 5 3 10 2 0 4 6 7 2 10 9 1 3 0 5 8 4 7 6 10 2 9 1 3 0 4 1 5 3 7 10 9 6 2 8 0 6 4 7 2 10 3 1 5 9 8 0 6 5 10 1 7 9 0 4 3 8 2 11 6 5 1 10 7 9 11 3 0 2 4 5 8 10 7 6 4 1 3 0 5 11 8 9 10 7 6 9 0 2 3 10 4 8 1 11 7 5 6 2 0 7 5 10 1 4 3 0 9 6 11 8 2 7 5 8 7 2 0 9 10 1 11 4 5 7 6 3 5 1 2 9 11 10 0 6 5 4 9 2 3 1 8 10 11 0 7 6 9 2 9 11 10 1 6 3 5 4 8 7 2 9 0 11 3 6 10 1 4 7 5 9 2 8 11 3 6 1 5 10 7 4 0 8 11 6 3 9 2 5 10 1 4 7 8 11 9 0 6 2 3 10 5 1 11 8 7 4 9 6 0 2 5 1 10 4 11 8 3 9 0 2 7 6 1 10 5 5 11 9 6 4 3 11 2 1 5 8 0 10 7 9 6 4 7 2 10 5 9 1 11 3 0 11 1 3 0 10 9 2 5 7 1 4 6 3 0 8 11 10 9 5 7 8 3 11 0 4 6 1 9 10 0 5 2 8 3 7 6 10 9 11 4 0 1 8 5 2 7 12 9 6 3 10 5 8 11 4 0 2 1 12 10 3 7 6 9 5 8 11 4 0 2 7 1 10 6 8 12 11 5 3 4 0 9 2 1 8 12 11 7 6 3 5 2 4 10 0 9 12 1 11 8 7 6 2 3 10 4 5 0 9 11 2 8 4 3 5 7 12 1 10 6 11 0 2 9 8 4 5 7 0 6 1 12 3 11 10 8 2 9 4 5 11 3 10 9 1 7 6 2 4 8 0 12 5 3 2 8 1 11 0 6 12 7 5 9 4 10 0 12 2 1 11 6 5 3 9 4 0 10 7 2 12 11 8 1 9 7 4 6 5 12 2 3 11 10 8 1 7 3 9 6 0 12 4 5 2 11 8 0 1 9 10 7 12 3 4 6 8 2 5 11 1 9 0 7 10 12 2 6 3 4 8 11 5 9 1 0 7 10 12 2 3 6 8 5 4 11 9 1 3 6 0 5 12 2 7 4 10 8 9 0 13 6 11 2 4 1 5 3 7 12 8 9 0 11 6 13 4 2 3 1 7 10 11 7 1 13 8 9 4 0 3 6 5 12 12 4 11 7 1 6 5 10 0 2 3 9 8 4 13 12 7 11 12 3 5 9 6 0 10 2 1 13 11 3 0 8 4 12 6 1 5 11 7 2 9 10 13 0 3 7 1 8 10 6 11 5 2 4 9 13 12 8 9 5 0 3 4 7 2 13 1 12 9 10 8 11 6 9 10 3 6 8 7 4 12 1 13 11 5 2 0 7 9 6 9 2 5 11 3 7 12 1 0 8 10 13 6 4 9 2 4 9 8 3 7 12 10 11 5 0 13 1 6 2 4 7 12 3 9 11 1 0 5 13 10 2 12 8 6 4 1 11 3 9 7 14 0 5 13 10 2 6 8 12 1 4 3 11 14 7 0 9 10 13 5 6 4 3 1 2 8 14 12 11 7 10 9 6 13 5 0 11 1 14 4 12 10 0 9 3 5 6 2 8 13 7 1 14 0 11 4 12 10 9 5 6 9 10 7 2 11 13 3 14 4 1 0 8 12 14 4 9 13 12 6 8 2 14 5 11 0 3 4 1 10 9 7 13 11 14 2 12 5 3 6 8 0 4 1 9 7 10 13 14 12 11 3 5 0 2 8 6 9 13 12 1 7 14 11 10 4 11 10 3 14 7 13 4 8 9 2 12 5 6 1 0 11 13 8 14 10 9 5 7 4 1 0 2 3 6 12 1 13 7 8 14 4 3 6 10 11 9 0 5 12 2 13 3 1 8 7 14 4 9 5 11 10 12 0 6 2 7 1 3 13 11 10 12 0 7 9 4 14 2 6 1 3 10 11 5 8 7 12 13 14 6 3 7 8 0 10 5 1 2 9 4 14 13 12 6 11 3 7 0 10 9 2 8 5 1 4 12 3 7 6 13 14 11 0 9 10 5 1 2 4 12 8 4 1 12 9 5 13 10 11 3 7 14 2 8 0 6 4 8 14 13 2 5 1 6 9 10 12 11 3 0 7 10 3 6 14 11 8 5 13 9 7 12 2 0 1 4 10 8 7 6 4 5 9 11 1 12 3 2 14 8 10 13 0 1 7 6 2 14 8 13 2 12 10 3 11 1 0 6 7 9 4 5 14 13 2 11 7 5 10 12 3 6 1 8 9 14 0 4 13 2 1 0 12 10 6 5 13 7 14 4 9 3 11 6 10 2 1 12 0 9 14 3 7 4 8 11 5 6 10 2 12 0 15 9 7 3 1 14 8 12 11 10 13 0 9 6 4 3 7 2 15 9 1 11 0 6 3 5 10 7 12 4 2 15 14 8 13 1 11 6 9 10 5 0 7 3 4 15 13 14 2 5 8 11 1 3 0 12 9 7 13 10 4 15 6 14 8 1 10 11 0 15 2 13 6 7 12 4 5 3 14 9 1 11 15 4 10 0 13 2 5 9 8 6 12 14 7 3 0 12 11 9 8 15 13 6 14 5 3 4 7 10 2 0 15 12 10 3 8 13 1 9 14 6 4 7 5 2 11 15 0 12 5 8 15 3 13 10 4 11 9 14 1 2 7 12 0 6 5 8 3 7 9 1 13 14 11 2 15 12 6 4 0 10 5 9 8 7 2 13 1 10 12 4 6 15 11 14 0 4 7 1 13 3 2 10 6 5 9 8 11 12 15 0 7 3 4 10 9 1 2 6 5 13 8 14 12 11 15 7 3 0 4 9 1 13 4 11 14 10 7 5 6 8 15 3 2 12 0 12 0 11 7 10 3 2 1 14 8 6 13 5 15 0 4 10 12 7 9 2 3 11 6 14 13 10 7 0 4 3 6 9 12 8 5 2 15 1 11 9 15 13 0 4 14 3 1 6 8 11 10 7 5 12 2 9 14 6 3 4 5 13 15 10 8 1 0 7 11 3 9 12 2 15 6 14 4 11 15 13 12 14 6 16 9 5 7 8 2 0 1 10 15 16 4 9 11 6 3 5 13 12 14 7 1 0 3 10 8 9 16 15 2 11 5 6 12 7 13 4 14 9 3 0 15 10 1 7 16 12 2 4 11 5 8 6 13 14 15 3 9 10 0 1 7 11 12 16 10 8 15 5 6 14 3 9 0 1 4 2 13 12 10 7 14 2 0 4 1 9 11 15 5 16 6 7 12 4 10 5 13 0 1 8 6 3 15 16 11 14 2 9 7 12 4 5 13 0 10 6 15 11 8 3 12 9 2 13 1 7 4 16 10 14 0 5 8 15 11 6 3 12 9 4 1 2 7 13 16 10 15 14 1 6 3 7 0 11 5 8 12 9 2 4 13 16 10 11 15 14 5 9 8 6 0 3 1 7 12 2 16 4 13 15 11 10 6 3 9 14 1 5 0 7 16 2 8 4 15 12 11 6 3 14 9 10 1 13 5 8 2 7 15 0 16 4 14 2 1 12 10 3 8 15 9 11 5 4 7 6 16 13 0 14 2 10 3 8 12 6 11 1 13 0 15 10 9 14 2 4 5 3 7 16 8 12 13 1 11 6 0 15 10 9 13 11 8 16 3 12 2 6 0 4 5 7 1 15 14 10 9 13 16 8 2 3 6 12 1 0 11 15 7 5 9 4 16 10 14 13 2 8 3 6 1 12 11 15 5 0 7 16 13 14 7 9 15 4 1 5 3 8 10 0 11 6 12 2 16 4 14 13 12 6 11 3 5 7 4 2 8 15 14 16 0 9 1 13 10 11 2 12 16 7 4 3 9 14 8 10 0 6 1 5 2 13 15 11 12 7 9 16 14 8 4 2 3 11 12 0 14 16 1 15 6 9 5 10 7 8 3 11 12 13 2 10 4 3 8 0 7 9 5 14 16 11 6 15 0 7 12 1 4 3 2 13 8 16 10 5 11 14 9 15 6 0 13 7 2 5 6 14 8 11 16 10 9 15 1 4 12 3 0 11 14 13 15 10 1 16 7 5 9 2 6 8 4 12 17 3 0 14 13 1 11 9 17 4 2 12 8 6 5 10 15 7 12 17 9 2 16 4 11 0 5 3 8 13 10 6 1 17 7 14 12 15 9 4 2 16 0 8 13 11 15 6 12 10 5 3 17 14 7 4 2 9 16 11 13 15 6 8 10 17 12 3 5 14 1 16 9 8 4 7 0 15 2 6 17 12 13 14 5 3 10 11 1 4 7 15 2 6 9 8 0 17 16 12 2 15 4 7 1 11 10 5 13 14 3 9 16 8 12 6 17 1 15 7 2 10 4 11 14 5 13 0 9 1 14 11 4 17 3 2 16 14 12 9 10 15 6 1 0 8 7 5 13 17 3 11 4 16 10 15 14 1 13 8 12 2 5 0 6 7 11 4 9 17 13 15 1 14 16 3 10 8 2 6 0 7 11 4 9 12 5 14 17 1 3 10 15 13 16 8 11 9 2 4 12 5 1 14 10 3 6 13 7 17 16 0 15 0 17 9 15 11 8 4 2 12 3 10 13 14 6 1 7 5 16 0 15 3 2 13 4 10 17 14 11 6 1 0 10 15 9 11 12 13 8 16 3 4 2 7 5 14 17 1 7 11 10 5 4 0 6 8 9 14 13 2 12 15 3 16 17 8 0 6 5 10 9 7 1 11 2 4 14 3 13 12 15 8 16 17 0 5 6 9 2 14 13 3 11 4 10 1 7 8 12 15 0 6 17 16 5 9 11 10 14 7 4 3 1 13 2 15 9 17 6 4 13 0 8 16 5 12 3 2 1 11 10 14 7 4 8 17 16 5 9 6 12 2 0 15 3 7 11 14 10 8 1 18 2 12 17 16 0 4 15 13 11 8 10 2 17 12 3 9 7 1 14 5 18 6 13 11 0 9 18 12 15 3 7 8 14 4 16 17 1 10 2 6 13 11 7 0 5 9 17 3 18 14 12 8 11 13 6 16 4 2 10 1 15 7 0 5 18 6 12 8 16 2 17 13 14 11 9 3 10 4 15 0 6 17 12 13 2 8 18 7 1 5 16 14 9 3 11 10 15 4 6 0 17 2 12 13 7 8 18 16 14 9 1 3 10 19 4 5 6 0 11 7 12 15 17 16 13 2 18 8 1 9 10 11 14 3 2 0 19 17 15 7 16 8 5 13 4 6 18 12 1 20 1 9 6 20 10 19 3 0 11 14 13 2 12 4 18 16 5 7 15 17 8 1 19 13 6 11 12 18 10 3 9 20 4 2 0 16 5 7 6 15 9 8 17 14 3 19 0 10 18 12 1 13 11 4 2 16 20 9 8 7 5 6 15 14 3 19 13 17 20 0 10 1 11 2 12 18 6 16 7 4 15 5 9 10 19 17 13 3 14 20 11 1 2 12 6 7 4 16 18 0 1 10 19 14 9 3 5 17 15 20 12 7 2 13 4 14 5 6 3 9 0 17 20 16 2 1 15 10 13 8 18 12 11 7 19 2 7 18 13 1 3 17 0 11 16 21 15 9 5 14 10 20 19 4 12 6 1 7 8 21 9 11 15 16 13 5 17 10 2 14 0 3 4 12 20 19 6 1 8 7 21 14 18 15 11 9 0 5 17 16 3 13 2 7 12 10 6 19 8 4 18 21 14 20 1 3 12 15 8 7 16 10 17 0 2 11 6 13 5 9 4 19 18 1 6 3 7 5 16 17 15 13 11 21 12 0 2 8 20 4 9 10 14 19 6 1 15 3 5 8 18 14 4 2 21 7 12 17 20 11 10 9 16 0 13 6 3 17 5 7 10 4 12 2 1 15 8 18 20 21 0 11 13 19 9 14 6 16 17 5 3 2 4 18 7 8 15 12 10 1 13 20 11 21 0 14 8 2 20 7 6 0 13 18 10 15 1 16 9 11 12 19 17 5 3 7 21 4 14 8 16 20 2 0 11 1 13 17 15 18 6 12 10 9 19 5 21 4 7 13 17 14 11 8 15 18 1 20 16 0 6 3 2 12 9 19 0 4 2 14 5 13 8 6 1 11 3 18 16 17 15 21 10 7 20 9 12 0 1 19 17 18 4 21 5 2 13 11 16 8 14 7 6 3 15 9 0 10 20 12 6 3 11 16 14 13 18 4 17 0 5 10 1 7 2 8 21 9 19 15 20 12 16 18 5 13 3 11 14 22 4 6 17 8 15 7 5 20 1 0 13 12 11 19 10 6 21 9 3 2 22 16 14 18 4 0 17 7 5 20 1 8 13 12 18 2 19 3 11 13 5 7 8 1 16 15 21 6 14 9 20 22 10 17 4 0 12 2 18 19 1 13 14 11 15 20 6 4 10 9 17 21 3 8 16 18 12 0 7 5 19 22 12 7 23 0 19 8 21 2 14 11 20 1 13 6 15 4 9 17 5 3 16 22 18 10 19 0 12 7 23 15 22 9 13 17 20 1 8 4 3 21 18 10 11 5 6 16 2 12 23 19 14 7 0 22 15 20 10 4 13 18 11 14 5 6 17 9 19 3 8 21 16 7 2 12 1 0 23 15 22 10 11 20 13 6 14 4 12 19 21 5 2 18 3 8 7 17 9 16 1 20 4 6 18 14 2 21 0 10 22 19 8 3 15 5 13 23 11 12 16 17 18 19 7 20 0 22 9 4 21 5 10 14 13 6 8 1 2 16 19 7 17 23 3 12 20 15 18 11 21 14 10 5 4 16 8 1 13 12 20 6 7 15 18 3 19 17 22 9 23 2 0]
2026-03-12 17:28:14,656{GMT}	INFO	[jepsen worker 4] jepsen.util: 4	:fail	:read	nil	[:crash "Unexpected exception handling (msg c14 n4 {\"type\":\"read\",\"msg_id\":7}) : java.util.ConcurrentModificationException\njava.util.ConcurrentModificationException\n\tat java.base/java.util.ArrayList$Itr.checkForComodification(ArrayList.java:1095)\n\tat java.base/java.util.ArrayList$Itr.next(ArrayList.java:1049)\n\tat lab.BroadcastServer.lambda$run$1(BroadcastServer.java:68)\n\tat lab.Node.handleRequest(Node.java:97)\n\tat lab.Node.handleMessage(Node.java:71)\n\tat lab.Node.lambda$run$0(Node.java:44)\n\tat java.base/java.util.concurrent.ThreadPoolExecutor.runWorker(ThreadPoolExecutor.java:1144)\n\tat java.base/java.util.concurrent.ThreadPoolExecutor$Worker.run(ThreadPoolExecutor.java:642)\n\tat java.base/java.lang.Thread.run(Thread.java:1583)\n"]
2026-03-12 17:28:14,756{GMT}	INFO	[jepsen worker 1] jepsen.util: 1	:invoke	:broadcast	24
2026-03-12 17:28:14,761{GMT}	INFO	[jepsen worker 1] jepsen.util: 1	:ok	:broadcast	24
2026-03-12 17:28:14,906{GMT}	INFO	[jepsen worker 2] jepsen.util: 2	:invoke	:read	nil
2026-03-12 17:28:14,929{GMT}	INFO	[jepsen worker 0] jepsen.util: 0	:fail	:read	nil	[:crash "Unexpected exception handling (msg c10 n0 {\"type\":\"read\",\"msg_id\":11}) : java.util.ConcurrentModificationException\njava.util.ConcurrentModificationException\n\tat java.base/java.util.ArrayList$Itr.checkForComodification(ArrayList.java:1095)\n\tat java.base/java.util.ArrayList$Itr.next(ArrayList.java:1049)\n\tat lab.BroadcastServer.lambda$run$1(BroadcastServer.java:68)\n\tat lab.Node.handleRequest(Node.java:97)\n\tat lab.Node.handleMessage(Node.java:71)\n\tat lab.Node.lambda$run$0(Node.java:44)\n\tat java.base/java.util.concurrent.ThreadPoolExecutor.runWorker(ThreadPoolExecutor.java:1144)\n\tat java.base/java.util.concurrent.ThreadPoolExecutor$Worker.run(ThreadPoolExecutor.java:642)\n\tat java.base/java.lang.Thread.run(Thread.java:1583)\n"]
2026-03-12 17:28:14,934{GMT}	INFO	[jepsen worker 2] jepsen.util: 2	:ok	:read	[0 0 0 1 0 1 0 1 0 2 1 0 1 2 1 2 1 0 2 1 1 0 2 1 2 0 1 1 2 0 1 2 0 0 1 2 0 1 2 3 0 2 1 0 3 1 2 0 3 1 2 0 1 3 2 0 1 3 2 0 1 3 2 1 0 3 2 1 0 3 2 1 0 3 2 0 1 2 3 0 1 3 2 0 1 3 2 0 1 2 3 0 1 2 3 0 1 2 3 1 0 3 2 1 0 1 3 2 0 1 2 3 3 2 1 0 3 2 3 0 2 1 3 2 0 1 3 0 1 2 3 0 1 2 3 0 1 3 2 0 1 3 2 0 1 4 2 3 1 0 4 2 1 3 0 4 1 2 0 3 4 1 2 3 2 0 4 1 3 2 0 2 3 1 0 4 2 3 0 1 4 2 3 0 1 3 2 4 1 0 3 3 4 2 1 0 3 4 1 2 0 3 4 1 0 2 3 4 1 0 2 3 1 4 0 2 3 1 4 0 2 1 3 4 5 0 3 2 4 5 1 3 0 2 5 3 1 0 2 5 4 3 1 2 3 5 0 4 5 0 2 1 3 0 4 5 2 0 1 5 2 3 4 0 1 5 2 3 4 1 2 3 0 5 1 4 2 3 5 1 0 5 3 4 2 1 5 0 3 4 2 5 1 4 3 0 5 2 1 4 3 0 1 2 5 3 1 4 0 2 5 0 3 2 4 5 0 3 1 6 5 3 0 4 1 2 6 5 2 6 0 4 3 1 7 2 3 1 0 5 6 4 3 7 2 0 8 1 5 3 8 6 7 4 0 1 2 5 3 8 0 6 2 7 5 4 1 3 6 8 0 5 2 3 1 8 6 3 4 5 7 0 2 8 1 3 5 6 4 7 8 5 0 2 3 1 6 7 4 5 8 3 2 0 7 6 4 8 3 2 0 1 5 4 6 7 8 5 3 6 1 4 7 2 8 0 5 6 7 0 1 4 5 2 3 8 6 0 1 4 5 2 7 3 6 2 1 8 9 5 4 7 0 6 9 4 1 3 2 8 6 7 0 9 8 2 3 4 6 0 1 8 5 9 7 2 4 3 1 0 9 7 6 2 3 8 7 4 9 6 0 1 2 3 5 1 4 7 3 6 5 8 0 2 9 1 4 7 0 3 5 6 9 2 1 8 7 4 0 3 6 5 1 2 7 0 9 8 4 5 3 6 1 2 3 8 6 9 0 5 3 1 8 6 7 2 9 4 6 8 7 2 5 3 1 0 9 7 4 5 6 3 2 1 8 0 4 9 5 6 7 2 3 0 8 1 4 5 9 6 3 8 2 7 4 1 0 5 6 9 8 3 2 4 5 6 7 0 1 8 9 3 2 5 4 6 7 9 3 1 8 5 0 2 6 7 10 4 5 1 2 9 0 3 8 6 7 10 4 1 2 0 8 10 9 3 7 6 5 4 0 2 1 10 3 8 7 9 6 4 0 5 1 2 10 6 7 8 3 9 1 5 4 0 2 10 1 8 3 6 7 5 9 4 0 2 1 10 8 6 9 7 3 5 1 8 9 2 6 10 7 0 4 1 3 5 9 8 2 3 5 6 7 10 1 9 8 4 0 2 5 9 7 3 6 10 1 4 5 2 8 0 1 9 3 10 6 4 7 2 0 8 5 10 4 3 1 9 6 7 0 8 2 5 10 6 9 3 4 0 8 2 7 1 6 5 9 4 0 10 3 1 2 7 8 9 6 5 10 2 4 1 0 3 8 6 10 7 9 5 2 4 1 3 0 8 9 4 7 6 1 3 5 2 10 0 4 6 7 2 10 9 1 3 0 5 4 8 7 10 6 9 1 2 3 0 4 5 7 6 1 10 3 9 2 8 0 4 6 7 8 10 9 2 3 5 1 0 6 5 1 10 7 9 8 3 11 0 4 6 5 10 7 1 9 11 4 0 5 3 2 8 10 7 6 4 1 3 0 11 8 9 5 10 7 6 9 0 2 10 8 4 3 1 11 5 7 6 9 0 2 7 5 4 11 8 2 7 0 1 10 9 6 3 5 8 3 10 1 7 2 0 9 11 4 5 7 6 3 5 1 9 2 10 11 0 6 5 4 7 9 3 8 0 7 11 6 1 2 10 9 2 9 11 1 10 6 3 5 8 4 7 2 9 0 11 3 6 10 1 4 7 5 9 11 2 8 0 3 6 5 1 10 7 4 0 11 9 6 2 8 3 5 10 1 4 7 8 11 0 9 2 6 5 10 3 4 11 8 7 9 0 6 2 5 1 10 3 11 9 4 8 0 7 6 1 10 5 5 11 9 6 4 11 2 5 10 3 7 1 9 0 8 6 4 7 2 10 5 9 3 11 1 0 11 1 0 3 10 9 5 2 1 4 6 3 0 8 7 11 10 9 5 7 3 8 0 1 9 6 11 4 10 0 5 2 8 3 7 6 10 9 11 4 0 1 5 8 2 12 9 3 7 6 10 5 8 11 0 2 4 1 12 3 10 6 7 5 8 9 11 4 0 2 7 1 6 10 8 11 12 5 3 4 0 9 2 1 12 11 8 7 6 2 3 5 4 0 10 9 12 1 11 7 6 8 4 10 2 5 3 0 9 11 2 8 4 7 12 1 6 5 3 0 11 10 2 9 8 4 5 0 12 3 10 11 6 1 7 9 2 8 4 5 3 1 6 2 8 7 0 12 5 11 4 9 10 3 2 8 11 1 0 6 12 7 5 9 10 4 0 12 2 1 8 11 6 9 7 3 5 4 2 12 11 10 0 8 1 9 7 4 6 5 12 2 3 11 8 10 0 12 9 7 6 3 4 5 2 11 8 0 1 9 7 12 10 3 4 6 8 2 5 1 11 9 0 7 12 10 2 6 4 3 11 8 5 9 1 0 7 10 12 3 6 2 5 8 4 13 11 9 6 0 5 1 2 3 12 4 7 8 10 11 0 6 9 13 4 2 7 1 3 5 12 8 9 11 0 6 4 13 1 7 3 2 10 1 7 11 13 8 9 3 4 5 6 0 12 12 4 11 7 5 6 0 2 1 10 3 12 7 13 9 11 8 4 3 12 2 1 10 0 6 9 5 7 13 11 0 6 12 3 8 1 4 11 5 10 2 9 13 7 0 8 5 9 4 3 2 7 6 11 13 1 12 10 5 0 3 9 8 7 4 1 13 12 2 9 8 11 10 6 9 6 7 3 10 8 4 12 1 5 13 11 0 9 2 7 6 9 2 7 5 3 11 8 12 1 0 13 4 6 9 10 4 2 12 3 7 9 8 10 11 1 5 0 13 2 6 4 12 7 3 1 9 11 0 13 5 10 2 12 8 4 6 1 11 3 7 9 14 5 0 10 13 6 8 2 3 12 1 4 11 7 14 9 0 10 13 5 6 4 1 2 3 8 14 11 12 7 10 9 6 0 13 5 11 1 14 10 12 4 0 9 3 5 2 6 13 7 8 1 14 11 12 10 9 4 0 6 5 14 10 3 9 13 4 0 11 12 2 8 7 14 9 4 12 13 6 8 2 11 3 0 5 14 4 1 7 9 10 13 11 12 2 14 3 5 0 6 8 4 1 9 7 10 13 14 12 11 3 5 0 2 8 9 6 13 10 14 7 1 4 12 11 1 11 10 3 14 13 4 2 7 8 5 6 9 1 12 0 13 4 1 14 7 8 11 10 9 2 3 6 0 5 12 13 14 8 7 1 4 3 9 11 10 6 12 5 0 2 1 3 13 7 8 9 5 14 4 11 10 6 2 0 12 7 1 11 3 13 10 12 7 0 4 9 14 2 6 1 3 5 8 7 11 10 12 13 6 14 3 7 10 8 0 5 2 1 9 4 13 6 12 14 3 11 7 0 10 9 1 2 5 12 4 8 3 6 14 11 13 9 0 10 5 1 4 2 12 8 13 9 4 14 10 2 0 1 12 8 7 3 11 5 6 4 8 14 13 2 5 1 6 9 10 12 11 3 0 7 8 13 6 3 5 11 14 7 9 2 12 1 0 4 10 8 7 1 11 12 5 2 4 9 3 13 10 14 8 6 0 1 2 6 7 14 13 2 10 12 3 11 1 8 6 0 7 5 14 9 4 13 2 5 7 10 1 9 14 3 6 0 11 12 4 13 2 10 6 1 12 0 9 7 3 14 4 5 13 8 11 6 10 2 12 0 1 15 9 4 7 3 14 13 11 6 5 10 12 0 8 2 15 9 7 3 1 10 11 12 0 13 14 8 6 9 3 4 7 2 15 1 11 9 10 5 3 6 0 12 7 4 2 15 13 8 14 1 11 6 3 7 10 9 5 0 4 15 13 14 2 5 1 8 11 3 0 10 12 13 4 9 15 6 7 14 8 1 15 11 0 2 4 10 13 12 7 6 9 5 3 14 11 0 9 8 12 1 13 15 5 10 6 2 4 14 7 3 0 9 8 13 1 6 15 11 12 5 3 4 10 2 14 7 15 12 3 13 1 9 8 10 14 7 4 2 11 6 5 15 0 12 8 5 15 13 3 11 9 2 14 1 7 4 10 6 12 0 5 8 3 1 13 14 9 7 2 11 6 15 0 10 12 4 5 3 13 7 8 2 1 9 10 12 4 14 11 15 0 6 7 4 3 1 13 10 2 6 8 9 5 11 12 14 15 3 7 0 9 4 1 10 13 6 5 2 7 11 0 8 14 3 12 15 4 4 10 3 2 12 11 0 7 9 1 13 5 8 6 15 14 12 7 11 0 4 10 3 2 14 6 13 8 1 5 15 4 0 10 7 12 9 3 2 6 11 14 13 0 10 3 4 9 6 12 5 2 15 7 1 11 8 9 14 4 15 0 3 13 8 6 10 1 2 12 5 7 11 9 3 6 14 15 4 13 10 5 1 8 0 7 3 11 9 12 2 15 14 6 12 9 15 11 3 16 4 13 5 14 2 7 8 0 3 1 10 9 15 6 5 16 4 11 12 13 14 7 1 0 3 10 8 16 15 9 11 5 2 7 12 13 4 14 6 9 0 15 3 1 10 7 12 16 2 5 8 11 6 13 14 15 4 3 9 10 1 0 7 12 11 16 10 8 15 5 14 6 9 3 0 2 4 1 12 10 14 7 2 0 4 1 9 11 15 5 16 6 7 12 4 10 5 13 0 8 3 16 15 2 14 11 6 9 1 4 7 5 13 12 10 0 6 11 15 8 3 12 9 2 13 1 7 4 16 10 14 0 5 8 15 11 3 12 6 4 9 1 7 13 2 10 16 15 6 14 1 7 11 3 0 12 5 9 8 13 4 2 16 10 11 15 14 5 6 9 1 0 3 8 7 2 16 12 13 11 15 9 4 3 6 14 1 10 5 0 7 2 8 16 4 15 12 6 10 14 13 1 9 11 3 5 8 2 16 4 0 15 7 14 2 3 12 8 10 9 5 11 4 16 15 7 1 6 13 0 14 2 5 10 8 3 12 6 11 1 13 0 15 10 9 5 4 3 16 8 7 12 13 11 14 2 1 6 0 15 10 9 13 3 8 16 11 2 12 6 5 4 0 7 1 15 14 10 9 16 8 13 2 3 6 12 1 11 15 0 5 7 4 16 14 13 9 10 8 2 1 12 15 11 5 0 7 6 3 16 13 14 1 4 5 8 15 7 9 3 10 0 6 11 12 2 16 4 14 13 11 6 3 7 8 2 0 4 16 14 5 15 9 13 1 10 11 2 12 7 16 14 3 4 9 8 0 1 2 10 11 5 15 13 12 14 16 9 7 8 2 3 0 4 12 1 16 14 10 6 9 5 8 11 3 7 15 12 13 2 7 0 8 9 1 3 4 10 5 11 14 16 6 15 0 2 4 7 3 13 1 12 9 8 14 10 5 6 15 11 16 0 13 15 10 5 6 2 16 14 9 7 12 4 1 8 0 3 11 14 1 13 10 15 5 9 7 2 12 16 8 6 17 4 3 14 17 9 2 12 4 11 6 1 13 0 8 5 15 10 7 12 17 9 2 16 4 11 0 3 5 13 10 6 12 15 14 8 17 7 1 4 2 16 8 6 10 3 17 12 14 13 5 15 11 1 0 2 9 7 4 16 15 8 6 13 17 11 14 5 3 12 10 1 15 0 2 4 8 16 7 9 6 17 12 14 13 3 5 1 11 7 15 2 4 10 8 6 9 0 17 16 2 12 15 4 7 1 10 11 5 13 14 3 17 8 2 9 7 15 10 11 4 1 14 6 12 16 5 13 0 9 11 1 17 3 4 16 10 14 9 6 15 12 2 1 0 8 7 3 5 13 11 4 16 13 1 15 14 10 6 12 0 8 5 2 4 9 7 11 13 15 17 16 14 3 1 10 8 6 7 2 11 0 4 9 12 14 17 3 10 5 1 15 13 16 8 2 4 12 5 14 1 9 11 13 0 16 10 17 7 3 15 0 15 8 12 3 2 10 11 13 14 17 9 4 6 5 16 0 1 7 15 10 13 3 17 4 2 14 11 6 1 0 10 15 11 9 13 2 3 7 8 12 4 14 5 16 17 1 8 0 6 9 4 10 11 7 14 2 16 17 3 12 13 15 8 0 6 5 9 7 1 10 11 4 14 2 3 13 15 16 12 8 17 6 5 0 11 9 10 7 1 14 2 13 4 15 6 8 0 12 5 17 9 16 3 7 1 11 10 4 13 14 2 15 4 9 8 0 6 13 17 16 5 12 10 14 2 1 3 7 11 2 8 9 0 4 13 17 15 16 5 6 12 7 10 18 11 3 8 1 14 2 12 17 16 0 4 13 2 11 10 8 15 7 14 1 5 12 18 3 9 6 17 13 11 3 0 7 12 18 9 4 17 1 5 2 8 16 14 6 10 11 13 7 0 5 9 3 17 18 12 8 11 14 6 16 13 2 4 10 1 15 0 7 5 18 6 8 12 2 16 17 13 11 14 9 3 10 4 0 15 6 2 12 17 13 7 18 8 16 1 5 10 14 3 9 11 15 6 4 0 17 13 12 2 7 16 8 18 14 1 9 3 10 19 4 6 11 0 5 17 7 15 12 2 13 16 8 18 1 9 10 11 3 14 1 2 0 6 13 19 4 18 12 15 16 5 8 7 17 20 1 9 19 0 10 20 6 3 14 2 13 18 12 4 16 17 8 15 7 5 19 6 13 11 1 18 3 9 12 10 2 4 20 0 16 14 17 9 8 6 5 7 15 0 19 3 11 13 1 18 12 10 20 4 2 16 15 7 8 5 9 13 10 14 19 17 3 20 11 1 0 2 6 16 7 18 12 4 15 9 5 8 3 13 10 17 14 19 20 11 1 2 6 12 7 16 18 0 8 10 3 5 14 9 17 19 11 1 20 12 7 2 15 13 14 9 5 4 21 0 3 16 2 1 17 15 6 11 19 10 20 12 13 18 7 8 2 13 7 3 1 8 18 16 21 9 15 5 10 14 11 0 17 4 19 20 12 6 7 8 1 13 5 17 21 2 16 15 14 0 18 10 11 9 3 4 12 19 6 7 20 1 8 18 14 21 0 9 5 16 11 15 3 17 13 2 7 19 6 8 12 4 18 1 3 14 20 21 12 8 7 17 0 15 10 11 2 16 6 13 5 4 9 19 3 6 1 5 15 13 17 7 21 2 8 0 9 18 16 4 10 14 12 20 11 19 6 1 21 7 17 20 12 11 10 15 4 2 5 3 18 14 8 13 19 16 6 9 0 3 17 5 2 1 15 12 10 7 8 4 18 0 11 21 13 20 14 19 16 5 6 9 3 2 18 4 7 8 17 10 1 12 15 0 21 13 20 11 7 20 14 18 0 10 15 16 9 11 12 19 17 2 8 1 13 6 7 5 21 4 3 14 16 20 8 2 1 15 17 11 0 18 6 13 12 9 10 5 19 21 4 17 8 18 11 0 1 6 20 14 13 15 7 3 2 16 0 19 12 9 4 1 18 13 5 16 14 2 11 17 8 15 3 6 7 20 10 21 9 12 0 18 19 17 1 21 16 5 13 11 4 8 14 2 7 6 3 15 9 20 10 0 12 6 11 3 16 14 13 4 18 17 5 9 20 19 21 0 2 8 1 10 15 7 5 13 3 11 6 18 22 17 4 16 14 1 0 13 12 20 5 8 7 15 11 6 2 19 14 18 4 22 16 3 21 9 10 17 0 5 7 13 8 12 20 1 2 19 18 10 4 9 6 14 21 20 15 13 7 8 16 1 11 3 22 5 17 0 2 18 12 19 11 13 15 14 20 1 6 16 21 2 17 18 9 8 3 10 4 22 5 19 7 0 12 23 7 12 0 19 23 21 8 2 14 6 13 1 20 11 17 22 9 5 4 16 3 15 18 10 19 0 7 12 23 17 9 22 13 15 11 8 1 18 21 3 10 4 20 6 5 19 23 14 12 2 0 16 7 6 18 11 5 4 13 10 22 20 15 12 2 7 8 3 21 16 19 17 9 1 23 0 22 14 6 13 20 15 5 11 10 21 19 12 2 4 18 3 8 9 17 7 16 1 18 4 14 6 20 19 22 10 0 21 2 13 5 15 3 8 11 23 17 16 12 7 19 18 20 9 22 0 21 4 14 10 5 13 23 2 17 16 7 1 8 15 20 3 12 19 18 6 11 10 14 21 4 5 22 19 23 2 7 6 15 9 17 3 1 8 13 12 20 18 16 0 0 20 3 23 12 6 2 16 19 7 8 9 13 18 24 24 13 23]
2026-03-12 17:28:15,025{GMT}	INFO	[Jepsen shutdown hook] jepsen.core: Downloading DB logs before JVM shutdown...
