2026-03-20 14:45:33,781{GMT}	INFO	[jepsen test runner] jepsen.core: Command line:
lein run test -w broadcast --bin run.sh broadcast --node-count 5 --time-limit 20 --rate 10
2026-03-20 14:45:33,850{GMT}	INFO	[jepsen test runner] jepsen.core: Running test:
{:args ["broadcast"]
 :remote
 #jepsen.control.retry.Remote{:remote #jepsen.control.scp.Remote{:cmd-remote #jepsen.control.sshj.SSHJRemote{:concurrency-limit 6,
                                                                                                             :conn-spec nil,
                                                                                                             :client nil,
                                                                                                             :semaphore nil},
                                                                 :conn-spec nil},
                              :conn nil}
 :log-net-send false
 :node-count 5
 :availability nil
 :max-txn-length 4
 :concurrency 5
 :db
 #object[maelstrom.db$db$reify__16142
         "0x3619ecd"
         "maelstrom.db$db$reify__16142@3619ecd"]
 :max-writes-per-key 16
 :leave-db-running? false
 :name "broadcast"
 :logging-json? false
 :start-time
 #object[org.joda.time.DateTime "0x7de4bd8f" "2026-03-20T14:45:33.758Z"]
 :nemesis-interval 10
 :net
 #object[maelstrom.net$jepsen_net$reify__15251
         "0x193e65d5"
         "maelstrom.net$jepsen_net$reify__15251@193e65d5"]
 :client
 #object[maelstrom.workload.broadcast$client$reify__16644
         "0x2a97b4b8"
         "maelstrom.workload.broadcast$client$reify__16644@2a97b4b8"]
 :barrier
 #object[java.util.concurrent.CyclicBarrier
         "0x250fc0d1"
         "java.util.concurrent.CyclicBarrier@250fc0d1"]
 :log-stderr false
 :pure-generators true
 :ssh {:dummy? true}
 :rate 10.0
 :checker
 #object[jepsen.checker$compose$reify__11881
         "0x7ddf193a"
         "jepsen.checker$compose$reify__11881@7ddf193a"]
 :argv
 ("test"
  "-w"
  "broadcast"
  "--bin"
  "run.sh"
  "broadcast"
  "--node-count"
  "5"
  "--time-limit"
  "20"
  "--rate"
  "10")
 :nemesis
 (jepsen.nemesis.ReflCompose
  {:fm {:start-partition 0,
        :stop-partition 0,
        :kill 1,
        :start 1,
        :pause 1,
        :resume 1},
   :nemeses [#unprintable "jepsen.nemesis.combined$partition_nemesis$reify__16416@17a5cb99"
             #unprintable "jepsen.nemesis.combined$db_nemesis$reify__16397@808fa1"]})
 :nodes ["n0" "n1" "n2" "n3" "n4"]
 :test-count 1
 :latency {:mean 0, :dist :constant}
 :bin "run.sh"
 :generator
 ((jepsen.generator.Synchronize
   {:gen (jepsen.generator.TimeLimit
          {:limit 20000000000,
           :cutoff nil,
           :gen (jepsen.generator.Any
                 {:gens [(jepsen.generator.OnThreads
                          {:f #{:nemesis},
                           :context-filter #object[jepsen.generator.context$make_thread_filter$lazy_filter__9167
                                                   "0x7545cb17"
                                                   "jepsen.generator.context$make_thread_filter$lazy_filter__9167@7545cb17"],
                           :gen nil})
                         (jepsen.generator.OnThreads
                          {:f #jepsen.generator.context.AllBut{:element :nemesis},
                           :context-filter #object[jepsen.generator.context$make_thread_filter$lazy_filter__9167
                                                   "0x635b3ec7"
                                                   "jepsen.generator.context$make_thread_filter$lazy_filter__9167@635b3ec7"],
                           :gen (jepsen.generator.Stagger
                                 {:dt 200000000,
                                  :next-time nil,
                                  :gen (jepsen.generator.Mix
                                        {:i 1,
                                         :gens [({:f :broadcast, :value 0}
                                                 {:f :broadcast, :value 1}
                                                 {:f :broadcast, :value 2}
                                                 {:f :broadcast, :value 3}
                                                 {:f :broadcast, :value 4}
                                                 {:f :broadcast, :value 5}
                                                 {:f :broadcast, :value 6}
                                                 {:f :broadcast, :value 7}
                                                 ...)
                                                ({:f :read}
                                                 {:f :read}
                                                 {:f :read}
                                                 {:f :read}
                                                 {:f :read}
                                                 {:f :read}
                                                 {:f :read}
                                                 {:f :read}
                                                 ...)]})})})]})})})
  (jepsen.generator.Synchronize
   {:gen (jepsen.generator.OnThreads
          {:f #{:nemesis},
           :context-filter #object[jepsen.generator.context$make_thread_filter$lazy_filter__9167
                                   "0x15aa3084"
                                   "jepsen.generator.context$make_thread_filter$lazy_filter__9167@15aa3084"],
           :gen ()})})
  (jepsen.generator.Synchronize
   {:gen {:type :log, :value "Waiting for recovery..."}})
  (jepsen.generator.Synchronize {:gen {:type :sleep, :value 10}})
  (jepsen.generator.Synchronize
   {:gen (jepsen.generator.OnThreads
          {:f #jepsen.generator.context.AllBut{:element :nemesis},
           :context-filter #object[jepsen.generator.context$make_thread_filter$lazy_filter__9167
                                   "0x4e6c4c55"
                                   "jepsen.generator.context$make_thread_filter$lazy_filter__9167@4e6c4c55"],
           :gen (jepsen.generator.EachThread
                 {:fresh-gen {:f :read, :final? true},
                  :context-filters #object[clojure.core$promise$reify__8591
                                           "0x74fbee59"
                                           {:status :pending, :val nil}],
                  :gens {}})})}))
 :log-net-recv false
 :os
 #object[maelstrom.net$jepsen_os$reify__15254
         "0x3794621d"
         "maelstrom.net$jepsen_os$reify__15254@3794621d"]
 :time-limit 20
 :workload :broadcast
 :consistency-models [:strict-serializable]
 :topology :grid}

2026-03-20 14:45:35,135{GMT}	INFO	[jepsen node n0] maelstrom.net: Starting Maelstrom network
2026-03-20 14:45:35,136{GMT}	INFO	[jepsen test runner] jepsen.db: Tearing down DB
2026-03-20 14:45:35,138{GMT}	INFO	[jepsen test runner] jepsen.db: Setting up DB
2026-03-20 14:45:35,139{GMT}	INFO	[jepsen node n2] maelstrom.db: Setting up n2
2026-03-20 14:45:35,139{GMT}	INFO	[jepsen node n1] maelstrom.db: Setting up n1
2026-03-20 14:45:35,139{GMT}	INFO	[jepsen node n3] maelstrom.db: Setting up n3
2026-03-20 14:45:35,139{GMT}	INFO	[jepsen node n4] maelstrom.db: Setting up n4
2026-03-20 14:45:35,140{GMT}	INFO	[jepsen node n4] maelstrom.process: launching run.sh ["broadcast"]
2026-03-20 14:45:35,140{GMT}	INFO	[jepsen node n1] maelstrom.process: launching run.sh ["broadcast"]
2026-03-20 14:45:35,140{GMT}	INFO	[jepsen node n3] maelstrom.process: launching run.sh ["broadcast"]
2026-03-20 14:45:35,140{GMT}	INFO	[jepsen node n2] maelstrom.process: launching run.sh ["broadcast"]
2026-03-20 14:45:35,141{GMT}	INFO	[jepsen node n0] maelstrom.service: Starting services: (lin-kv lin-tso lww-kv seq-kv)
2026-03-20 14:45:35,144{GMT}	INFO	[jepsen node n0] maelstrom.db: Setting up n0
2026-03-20 14:45:35,145{GMT}	INFO	[jepsen node n0] maelstrom.process: launching run.sh ["broadcast"]
2026-03-20 14:45:35,306{GMT}	INFO	[jepsen test runner] jepsen.core: Relative time begins now
2026-03-20 14:45:35,326{GMT}	INFO	[jepsen worker 0] jepsen.util: 0	:invoke	:read	nil
2026-03-20 14:45:35,330{GMT}	INFO	[jepsen worker 0] jepsen.util: 0	:ok	:read	[]
2026-03-20 14:45:35,458{GMT}	INFO	[jepsen worker 1] jepsen.util: 1	:invoke	:read	nil
2026-03-20 14:45:35,461{GMT}	INFO	[jepsen worker 1] jepsen.util: 1	:ok	:read	[]
2026-03-20 14:45:35,548{GMT}	INFO	[jepsen worker 2] jepsen.util: 2	:invoke	:broadcast	0
2026-03-20 14:45:35,553{GMT}	INFO	[jepsen worker 2] jepsen.util: 2	:ok	:broadcast	0
2026-03-20 14:45:35,616{GMT}	INFO	[jepsen worker 3] jepsen.util: 3	:invoke	:read	nil
2026-03-20 14:45:35,618{GMT}	INFO	[jepsen worker 4] jepsen.util: 4	:invoke	:read	nil
2026-03-20 14:45:35,622{GMT}	INFO	[jepsen worker 3] jepsen.util: 3	:ok	:read	[0]
2026-03-20 14:45:35,624{GMT}	INFO	[jepsen worker 4] jepsen.util: 4	:ok	:read	[0]
2026-03-20 14:45:35,683{GMT}	INFO	[jepsen worker 0] jepsen.util: 0	:invoke	:broadcast	1
2026-03-20 14:45:35,688{GMT}	INFO	[jepsen worker 0] jepsen.util: 0	:ok	:broadcast	1
2026-03-20 14:45:35,831{GMT}	INFO	[jepsen worker 0] jepsen.util: 0	:invoke	:read	nil
2026-03-20 14:45:35,837{GMT}	INFO	[jepsen worker 0] jepsen.util: 0	:ok	:read	[0 1]
2026-03-20 14:45:35,839{GMT}	INFO	[jepsen worker 1] jepsen.util: 1	:invoke	:read	nil
2026-03-20 14:45:35,843{GMT}	INFO	[jepsen worker 1] jepsen.util: 1	:ok	:read	[0 1]
2026-03-20 14:45:35,990{GMT}	INFO	[jepsen worker 2] jepsen.util: 2	:invoke	:read	nil
2026-03-20 14:45:35,995{GMT}	INFO	[jepsen worker 2] jepsen.util: 2	:ok	:read	[0 1]
2026-03-20 14:45:36,147{GMT}	INFO	[jepsen worker 3] jepsen.util: 3	:invoke	:broadcast	2
2026-03-20 14:45:36,152{GMT}	INFO	[jepsen worker 3] jepsen.util: 3	:ok	:broadcast	2
2026-03-20 14:45:36,304{GMT}	INFO	[jepsen worker 4] jepsen.util: 4	:invoke	:read	nil
2026-03-20 14:45:36,305{GMT}	INFO	[jepsen worker 4] jepsen.util: 4	:ok	:read	[0 1 2]
2026-03-20 14:45:36,387{GMT}	INFO	[jepsen worker 0] jepsen.util: 0	:invoke	:read	nil
2026-03-20 14:45:36,391{GMT}	INFO	[jepsen worker 0] jepsen.util: 0	:ok	:read	[0 1 2]
2026-03-20 14:45:36,481{GMT}	INFO	[jepsen worker 0] jepsen.util: 0	:invoke	:read	nil
2026-03-20 14:45:36,485{GMT}	INFO	[jepsen worker 0] jepsen.util: 0	:ok	:read	[0 1 2]
2026-03-20 14:45:36,618{GMT}	INFO	[jepsen worker 1] jepsen.util: 1	:invoke	:broadcast	3
2026-03-20 14:45:36,623{GMT}	INFO	[jepsen worker 1] jepsen.util: 1	:ok	:broadcast	3
2026-03-20 14:45:36,806{GMT}	INFO	[jepsen worker 2] jepsen.util: 2	:invoke	:read	nil
2026-03-20 14:45:36,810{GMT}	INFO	[jepsen worker 2] jepsen.util: 2	:ok	:read	[0 1 2 3]
2026-03-20 14:45:36,918{GMT}	INFO	[jepsen worker 3] jepsen.util: 3	:invoke	:read	nil
2026-03-20 14:45:36,922{GMT}	INFO	[jepsen worker 3] jepsen.util: 3	:ok	:read	[0 1 2 3]
2026-03-20 14:45:36,957{GMT}	INFO	[jepsen worker 4] jepsen.util: 4	:invoke	:read	nil
2026-03-20 14:45:36,961{GMT}	INFO	[jepsen worker 4] jepsen.util: 4	:ok	:read	[0 1 2 3]
2026-03-20 14:45:37,061{GMT}	INFO	[jepsen worker 0] jepsen.util: 0	:invoke	:read	nil
2026-03-20 14:45:37,065{GMT}	INFO	[jepsen worker 0] jepsen.util: 0	:ok	:read	[0 1 2 3]
2026-03-20 14:45:37,128{GMT}	INFO	[jepsen worker 0] jepsen.util: 0	:invoke	:read	nil
2026-03-20 14:45:37,131{GMT}	INFO	[jepsen worker 0] jepsen.util: 0	:ok	:read	[0 1 2 3]
2026-03-20 14:45:37,273{GMT}	INFO	[jepsen worker 1] jepsen.util: 1	:invoke	:read	nil
2026-03-20 14:45:37,277{GMT}	INFO	[jepsen worker 1] jepsen.util: 1	:ok	:read	[0 1 2 3]
2026-03-20 14:45:37,367{GMT}	INFO	[jepsen worker 2] jepsen.util: 2	:invoke	:read	nil
2026-03-20 14:45:37,370{GMT}	INFO	[jepsen worker 2] jepsen.util: 2	:ok	:read	[0 1 2 3]
2026-03-20 14:45:37,390{GMT}	INFO	[jepsen worker 3] jepsen.util: 3	:invoke	:read	nil
2026-03-20 14:45:37,394{GMT}	INFO	[jepsen worker 3] jepsen.util: 3	:ok	:read	[0 1 2 3]
2026-03-20 14:45:37,531{GMT}	INFO	[jepsen worker 4] jepsen.util: 4	:invoke	:broadcast	4
2026-03-20 14:45:37,536{GMT}	INFO	[jepsen worker 4] jepsen.util: 4	:ok	:broadcast	4
2026-03-20 14:45:37,583{GMT}	INFO	[jepsen worker 0] jepsen.util: 0	:invoke	:read	nil
2026-03-20 14:45:37,586{GMT}	INFO	[jepsen worker 0] jepsen.util: 0	:ok	:read	[0 1 2 3 4]
2026-03-20 14:45:37,729{GMT}	INFO	[jepsen worker 0] jepsen.util: 0	:invoke	:read	nil
2026-03-20 14:45:37,732{GMT}	INFO	[jepsen worker 0] jepsen.util: 0	:ok	:read	[0 1 2 3 4]
2026-03-20 14:45:37,746{GMT}	INFO	[jepsen worker 1] jepsen.util: 1	:invoke	:read	nil
2026-03-20 14:45:37,750{GMT}	INFO	[jepsen worker 1] jepsen.util: 1	:ok	:read	[0 1 2 3 4]
2026-03-20 14:45:37,923{GMT}	INFO	[jepsen worker 2] jepsen.util: 2	:invoke	:broadcast	5
2026-03-20 14:45:37,928{GMT}	INFO	[jepsen worker 2] jepsen.util: 2	:ok	:broadcast	5
2026-03-20 14:45:38,014{GMT}	INFO	[jepsen worker 3] jepsen.util: 3	:invoke	:read	nil
2026-03-20 14:45:38,018{GMT}	INFO	[jepsen worker 3] jepsen.util: 3	:ok	:read	[0 1 2 3 4 5]
2026-03-20 14:45:38,164{GMT}	INFO	[jepsen worker 4] jepsen.util: 4	:invoke	:broadcast	6
2026-03-20 14:45:38,168{GMT}	INFO	[jepsen worker 4] jepsen.util: 4	:ok	:broadcast	6
2026-03-20 14:45:38,238{GMT}	INFO	[jepsen worker 0] jepsen.util: 0	:invoke	:broadcast	7
2026-03-20 14:45:38,240{GMT}	INFO	[jepsen worker 0] jepsen.util: 0	:ok	:broadcast	7
2026-03-20 14:45:38,414{GMT}	INFO	[jepsen worker 0] jepsen.util: 0	:invoke	:broadcast	8
2026-03-20 14:45:38,418{GMT}	INFO	[jepsen worker 0] jepsen.util: 0	:ok	:broadcast	8
2026-03-20 14:45:38,475{GMT}	INFO	[jepsen worker 1] jepsen.util: 1	:invoke	:read	nil
2026-03-20 14:45:38,479{GMT}	INFO	[jepsen worker 1] jepsen.util: 1	:ok	:read	[0 1 2 3 4 5 6 7 8]
2026-03-20 14:45:38,548{GMT}	INFO	[jepsen worker 2] jepsen.util: 2	:invoke	:broadcast	9
2026-03-20 14:45:38,551{GMT}	INFO	[jepsen worker 2] jepsen.util: 2	:ok	:broadcast	9
2026-03-20 14:45:38,586{GMT}	INFO	[jepsen worker 3] jepsen.util: 3	:invoke	:read	nil
2026-03-20 14:45:38,588{GMT}	INFO	[jepsen worker 3] jepsen.util: 3	:ok	:read	[0 1 2 3 4 5 6 7 8 9]
2026-03-20 14:45:38,634{GMT}	INFO	[jepsen worker 4] jepsen.util: 4	:invoke	:broadcast	10
2026-03-20 14:45:38,638{GMT}	INFO	[jepsen worker 4] jepsen.util: 4	:ok	:broadcast	10
2026-03-20 14:45:38,749{GMT}	INFO	[jepsen worker 0] jepsen.util: 0	:invoke	:read	nil
2026-03-20 14:45:38,752{GMT}	INFO	[jepsen worker 0] jepsen.util: 0	:ok	:read	[0 1 2 3 4 5 6 7 8 9 10]
2026-03-20 14:45:38,752{GMT}	INFO	[jepsen worker 1] jepsen.util: 1	:invoke	:broadcast	11
2026-03-20 14:45:38,756{GMT}	INFO	[jepsen worker 1] jepsen.util: 1	:ok	:broadcast	11
2026-03-20 14:45:38,788{GMT}	INFO	[jepsen worker 1] jepsen.util: 1	:invoke	:read	nil
2026-03-20 14:45:38,790{GMT}	INFO	[jepsen worker 1] jepsen.util: 1	:ok	:read	[0 1 2 3 4 5 6 7 8 9 10 11]
2026-03-20 14:45:38,882{GMT}	INFO	[jepsen worker 2] jepsen.util: 2	:invoke	:broadcast	12
2026-03-20 14:45:38,885{GMT}	INFO	[jepsen worker 2] jepsen.util: 2	:ok	:broadcast	12
2026-03-20 14:45:39,021{GMT}	INFO	[jepsen worker 3] jepsen.util: 3	:invoke	:read	nil
2026-03-20 14:45:39,024{GMT}	INFO	[jepsen worker 3] jepsen.util: 3	:ok	:read	[0 1 2 3 4 5 6 7 8 9 10 11 12]
2026-03-20 14:45:39,161{GMT}	INFO	[jepsen worker 4] jepsen.util: 4	:invoke	:read	nil
2026-03-20 14:45:39,165{GMT}	INFO	[jepsen worker 4] jepsen.util: 4	:ok	:read	[0 1 2 3 4 5 6 7 7 8 9 10 11 12]
2026-03-20 14:45:39,283{GMT}	INFO	[jepsen worker 0] jepsen.util: 0	:invoke	:broadcast	13
2026-03-20 14:45:39,286{GMT}	INFO	[jepsen worker 0] jepsen.util: 0	:ok	:broadcast	13
2026-03-20 14:45:39,299{GMT}	INFO	[jepsen worker 0] jepsen.util: 0	:invoke	:read	nil
2026-03-20 14:45:39,301{GMT}	INFO	[jepsen worker 0] jepsen.util: 0	:ok	:read	[0 1 2 3 4 5 6 7 8 9 10 11 12 13]
2026-03-20 14:45:39,490{GMT}	INFO	[jepsen worker 1] jepsen.util: 1	:invoke	:broadcast	14
2026-03-20 14:45:39,494{GMT}	INFO	[jepsen worker 1] jepsen.util: 1	:ok	:broadcast	14
2026-03-20 14:45:39,638{GMT}	INFO	[jepsen worker 2] jepsen.util: 2	:invoke	:broadcast	15
2026-03-20 14:45:39,642{GMT}	INFO	[jepsen worker 2] jepsen.util: 2	:ok	:broadcast	15
2026-03-20 14:45:39,776{GMT}	INFO	[jepsen worker 3] jepsen.util: 3	:invoke	:read	nil
2026-03-20 14:45:39,777{GMT}	INFO	[jepsen worker 3] jepsen.util: 3	:ok	:read	[0 1 2 3 4 5 6 7 8 9 10 11 12 13 14 15]
2026-03-20 14:45:39,799{GMT}	INFO	[jepsen worker 4] jepsen.util: 4	:invoke	:broadcast	16
2026-03-20 14:45:39,799{GMT}	INFO	[jepsen worker 0] jepsen.util: 0	:invoke	:read	nil
2026-03-20 14:45:39,803{GMT}	INFO	[jepsen worker 0] jepsen.util: 0	:ok	:read	[0 1 2 3 4 5 6 7 8 9 10 11 12 13 14 15]
2026-03-20 14:45:39,803{GMT}	INFO	[jepsen worker 4] jepsen.util: 4	:ok	:broadcast	16
2026-03-20 14:45:39,972{GMT}	INFO	[jepsen worker 0] jepsen.util: 0	:invoke	:read	nil
2026-03-20 14:45:39,976{GMT}	INFO	[jepsen worker 0] jepsen.util: 0	:ok	:read	[0 1 2 3 4 5 6 7 8 9 10 11 12 13 14 15 16]
2026-03-20 14:45:40,015{GMT}	INFO	[jepsen worker 1] jepsen.util: 1	:invoke	:read	nil
2026-03-20 14:45:40,018{GMT}	INFO	[jepsen worker 1] jepsen.util: 1	:ok	:read	[0 1 2 3 4 5 6 7 8 9 10 11 12 13 14 15 16]
2026-03-20 14:45:40,066{GMT}	INFO	[jepsen worker 2] jepsen.util: 2	:invoke	:broadcast	17
2026-03-20 14:45:40,068{GMT}	INFO	[jepsen worker 2] jepsen.util: 2	:ok	:broadcast	17
2026-03-20 14:45:40,150{GMT}	INFO	[jepsen worker 3] jepsen.util: 3	:invoke	:read	nil
2026-03-20 14:45:40,154{GMT}	INFO	[jepsen worker 3] jepsen.util: 3	:ok	:read	[0 1 2 3 4 5 6 7 8 9 10 11 12 13 14 15 16 17]
2026-03-20 14:45:40,183{GMT}	INFO	[jepsen worker 4] jepsen.util: 4	:invoke	:read	nil
2026-03-20 14:45:40,186{GMT}	INFO	[jepsen worker 4] jepsen.util: 4	:ok	:read	[0 1 2 3 4 5 6 7 7 8 9 10 11 12 13 14 15 16 17]
2026-03-20 14:45:40,236{GMT}	INFO	[jepsen worker 0] jepsen.util: 0	:invoke	:read	nil
2026-03-20 14:45:40,239{GMT}	INFO	[jepsen worker 0] jepsen.util: 0	:ok	:read	[0 1 2 3 4 5 6 7 8 9 10 11 12 13 14 15 16 17]
2026-03-20 14:45:40,417{GMT}	INFO	[jepsen worker 0] jepsen.util: 0	:invoke	:read	nil
2026-03-20 14:45:40,420{GMT}	INFO	[jepsen worker 0] jepsen.util: 0	:ok	:read	[0 1 2 3 4 5 6 7 8 9 10 11 12 13 14 15 16 17]
2026-03-20 14:45:40,569{GMT}	INFO	[jepsen worker 1] jepsen.util: 1	:invoke	:read	nil
2026-03-20 14:45:40,573{GMT}	INFO	[jepsen worker 1] jepsen.util: 1	:ok	:read	[0 1 2 3 4 5 6 7 8 9 10 11 12 13 14 15 16 17]
2026-03-20 14:45:40,595{GMT}	INFO	[jepsen worker 2] jepsen.util: 2	:invoke	:read	nil
2026-03-20 14:45:40,597{GMT}	INFO	[jepsen worker 2] jepsen.util: 2	:ok	:read	[0 1 2 3 4 5 6 7 8 9 10 11 12 13 14 15 16 17]
2026-03-20 14:45:40,674{GMT}	INFO	[jepsen worker 3] jepsen.util: 3	:invoke	:read	nil
2026-03-20 14:45:40,677{GMT}	INFO	[jepsen worker 3] jepsen.util: 3	:ok	:read	[0 1 2 3 4 5 6 7 8 9 10 11 12 13 14 15 16 17]
2026-03-20 14:45:40,869{GMT}	INFO	[jepsen worker 4] jepsen.util: 4	:invoke	:broadcast	18
2026-03-20 14:45:40,872{GMT}	INFO	[jepsen worker 4] jepsen.util: 4	:ok	:broadcast	18
2026-03-20 14:45:41,050{GMT}	INFO	[jepsen worker 0] jepsen.util: 0	:invoke	:broadcast	19
2026-03-20 14:45:41,052{GMT}	INFO	[jepsen worker 0] jepsen.util: 0	:ok	:broadcast	19
2026-03-20 14:45:41,186{GMT}	INFO	[jepsen worker 0] jepsen.util: 0	:invoke	:broadcast	20
2026-03-20 14:45:41,187{GMT}	INFO	[jepsen worker 0] jepsen.util: 0	:ok	:broadcast	20
2026-03-20 14:45:41,363{GMT}	INFO	[jepsen worker 1] jepsen.util: 1	:invoke	:broadcast	21
2026-03-20 14:45:41,366{GMT}	INFO	[jepsen worker 1] jepsen.util: 1	:ok	:broadcast	21
2026-03-20 14:45:41,378{GMT}	INFO	[jepsen worker 2] jepsen.util: 2	:invoke	:broadcast	22
2026-03-20 14:45:41,379{GMT}	INFO	[jepsen worker 2] jepsen.util: 2	:ok	:broadcast	22
2026-03-20 14:45:41,487{GMT}	INFO	[jepsen worker 3] jepsen.util: 3	:invoke	:broadcast	23
2026-03-20 14:45:41,488{GMT}	INFO	[jepsen worker 3] jepsen.util: 3	:ok	:broadcast	23
2026-03-20 14:45:41,657{GMT}	INFO	[jepsen worker 4] jepsen.util: 4	:invoke	:broadcast	24
2026-03-20 14:45:41,659{GMT}	INFO	[jepsen worker 4] jepsen.util: 4	:ok	:broadcast	24
2026-03-20 14:45:41,809{GMT}	INFO	[jepsen worker 0] jepsen.util: 0	:invoke	:broadcast	25
2026-03-20 14:45:41,810{GMT}	INFO	[jepsen worker 0] jepsen.util: 0	:ok	:broadcast	25
2026-03-20 14:45:41,878{GMT}	INFO	[jepsen worker 0] jepsen.util: 0	:invoke	:read	nil
2026-03-20 14:45:41,880{GMT}	INFO	[jepsen worker 0] jepsen.util: 0	:ok	:read	[0 1 2 3 4 5 6 7 8 9 10 11 12 13 14 15 16 17 18 19 20 21 22 23 24 25]
2026-03-20 14:45:42,036{GMT}	INFO	[jepsen worker 1] jepsen.util: 1	:invoke	:broadcast	26
2026-03-20 14:45:42,038{GMT}	INFO	[jepsen worker 1] jepsen.util: 1	:ok	:broadcast	26
2026-03-20 14:45:42,080{GMT}	INFO	[jepsen worker 2] jepsen.util: 2	:invoke	:broadcast	27
2026-03-20 14:45:42,083{GMT}	INFO	[jepsen worker 2] jepsen.util: 2	:ok	:broadcast	27
2026-03-20 14:45:42,221{GMT}	INFO	[jepsen worker 3] jepsen.util: 3	:invoke	:broadcast	28
2026-03-20 14:45:42,222{GMT}	INFO	[jepsen worker 3] jepsen.util: 3	:ok	:broadcast	28
2026-03-20 14:45:42,324{GMT}	INFO	[jepsen worker 4] jepsen.util: 4	:invoke	:broadcast	29
2026-03-20 14:45:42,327{GMT}	INFO	[jepsen worker 4] jepsen.util: 4	:ok	:broadcast	29
2026-03-20 14:45:42,403{GMT}	INFO	[jepsen worker 0] jepsen.util: 0	:invoke	:read	nil
2026-03-20 14:45:42,405{GMT}	INFO	[jepsen worker 0] jepsen.util: 0	:ok	:read	[0 1 2 3 4 5 6 7 8 9 10 11 12 13 14 15 16 17 18 19 20 21 22 23 24 25 26 27 28 29]
2026-03-20 14:45:42,557{GMT}	INFO	[jepsen worker 0] jepsen.util: 0	:invoke	:broadcast	30
2026-03-20 14:45:42,559{GMT}	INFO	[jepsen worker 0] jepsen.util: 0	:ok	:broadcast	30
2026-03-20 14:45:42,711{GMT}	INFO	[jepsen worker 1] jepsen.util: 1	:invoke	:read	nil
2026-03-20 14:45:42,713{GMT}	INFO	[jepsen worker 1] jepsen.util: 1	:ok	:read	[0 1 2 3 4 5 6 7 8 9 10 11 12 13 14 15 16 17 18 19 20 21 22 23 24 25 26 27 28 28 29 30]
2026-03-20 14:45:42,866{GMT}	INFO	[jepsen worker 2] jepsen.util: 2	:invoke	:broadcast	31
2026-03-20 14:45:42,869{GMT}	INFO	[jepsen worker 2] jepsen.util: 2	:ok	:broadcast	31
2026-03-20 14:45:42,933{GMT}	INFO	[jepsen worker 3] jepsen.util: 3	:invoke	:read	nil
2026-03-20 14:45:42,935{GMT}	INFO	[jepsen worker 3] jepsen.util: 3	:ok	:read	[0 1 2 3 4 5 6 7 8 9 10 11 12 13 14 15 16 17 18 19 20 21 22 23 24 25 26 27 28 29 30 31]
2026-03-20 14:45:43,054{GMT}	INFO	[jepsen worker 4] jepsen.util: 4	:invoke	:read	nil
2026-03-20 14:45:43,057{GMT}	INFO	[jepsen worker 4] jepsen.util: 4	:ok	:read	[0 1 2 3 4 5 6 7 7 8 9 10 11 12 13 14 15 16 17 18 19 20 21 22 23 24 25 26 27 28 29 30 31]
2026-03-20 14:45:43,135{GMT}	INFO	[jepsen worker 0] jepsen.util: 0	:invoke	:broadcast	32
2026-03-20 14:45:43,138{GMT}	INFO	[jepsen worker 0] jepsen.util: 0	:ok	:broadcast	32
2026-03-20 14:45:43,215{GMT}	INFO	[jepsen worker 0] jepsen.util: 0	:invoke	:broadcast	33
2026-03-20 14:45:43,218{GMT}	INFO	[jepsen worker 0] jepsen.util: 0	:ok	:broadcast	33
2026-03-20 14:45:43,294{GMT}	INFO	[jepsen worker 1] jepsen.util: 1	:invoke	:broadcast	34
2026-03-20 14:45:43,297{GMT}	INFO	[jepsen worker 1] jepsen.util: 1	:ok	:broadcast	34
2026-03-20 14:45:43,470{GMT}	INFO	[jepsen worker 2] jepsen.util: 2	:invoke	:broadcast	35
2026-03-20 14:45:43,474{GMT}	INFO	[jepsen worker 2] jepsen.util: 2	:ok	:broadcast	35
2026-03-20 14:45:43,655{GMT}	INFO	[jepsen worker 3] jepsen.util: 3	:invoke	:read	nil
2026-03-20 14:45:43,656{GMT}	INFO	[jepsen worker 3] jepsen.util: 3	:ok	:read	[0 1 2 3 4 5 6 7 8 9 10 11 12 13 14 15 16 17 18 19 20 21 22 23 24 25 26 27 28 29 30 31 32 33 34 35]
2026-03-20 14:45:43,855{GMT}	INFO	[jepsen worker 4] jepsen.util: 4	:invoke	:broadcast	36
2026-03-20 14:45:43,859{GMT}	INFO	[jepsen worker 4] jepsen.util: 4	:ok	:broadcast	36
2026-03-20 14:45:43,972{GMT}	INFO	[jepsen worker 0] jepsen.util: 0	:invoke	:read	nil
2026-03-20 14:45:43,973{GMT}	INFO	[jepsen worker 0] jepsen.util: 0	:ok	:read	[0 1 2 3 4 5 6 7 8 9 10 11 12 13 14 15 16 17 18 19 20 21 22 23 24 25 26 27 28 29 30 31 32 33 34 35 36]
2026-03-20 14:45:44,028{GMT}	INFO	[jepsen worker 0] jepsen.util: 0	:invoke	:broadcast	37
2026-03-20 14:45:44,029{GMT}	INFO	[jepsen worker 0] jepsen.util: 0	:ok	:broadcast	37
2026-03-20 14:45:44,060{GMT}	INFO	[jepsen worker 1] jepsen.util: 1	:invoke	:read	nil
2026-03-20 14:45:44,061{GMT}	INFO	[jepsen worker 1] jepsen.util: 1	:ok	:read	[0 1 2 3 4 5 6 7 8 9 10 11 12 13 14 15 16 17 18 19 20 21 22 23 24 25 26 27 28 28 29 30 31 32 33 34 35 36 37]
2026-03-20 14:45:44,145{GMT}	INFO	[jepsen worker 2] jepsen.util: 2	:invoke	:broadcast	38
2026-03-20 14:45:44,147{GMT}	INFO	[jepsen worker 2] jepsen.util: 2	:ok	:broadcast	38
2026-03-20 14:45:44,311{GMT}	INFO	[jepsen worker 3] jepsen.util: 3	:invoke	:read	nil
2026-03-20 14:45:44,313{GMT}	INFO	[jepsen worker 3] jepsen.util: 3	:ok	:read	[0 1 2 3 4 5 6 7 8 9 10 11 12 13 14 15 16 17 18 19 20 21 22 23 24 25 26 27 28 29 30 31 32 33 34 35 36 37 38]
2026-03-20 14:45:44,488{GMT}	INFO	[jepsen worker 4] jepsen.util: 4	:invoke	:read	nil
2026-03-20 14:45:44,492{GMT}	INFO	[jepsen worker 4] jepsen.util: 4	:ok	:read	[0 1 2 3 4 5 6 7 7 8 9 10 11 12 13 14 15 16 17 18 19 20 21 22 23 24 25 26 27 28 29 30 31 32 33 34 35 36 37 38]
2026-03-20 14:45:44,633{GMT}	INFO	[jepsen worker 0] jepsen.util: 0	:invoke	:read	nil
2026-03-20 14:45:44,636{GMT}	INFO	[jepsen worker 0] jepsen.util: 0	:ok	:read	[0 1 2 3 4 5 6 7 8 9 10 11 12 13 14 15 16 17 18 19 20 21 22 23 24 25 26 27 28 29 30 31 32 33 34 35 36 37 38]
2026-03-20 14:45:44,822{GMT}	INFO	[jepsen worker 0] jepsen.util: 0	:invoke	:read	nil
2026-03-20 14:45:44,824{GMT}	INFO	[jepsen worker 0] jepsen.util: 0	:ok	:read	[0 1 2 3 4 5 6 7 8 9 10 11 12 13 14 15 16 17 18 19 20 21 22 23 24 25 26 27 28 29 30 31 32 33 34 35 36 37 38]
2026-03-20 14:45:44,938{GMT}	INFO	[jepsen worker 1] jepsen.util: 1	:invoke	:broadcast	39
2026-03-20 14:45:44,941{GMT}	INFO	[jepsen worker 1] jepsen.util: 1	:ok	:broadcast	39
2026-03-20 14:45:45,015{GMT}	INFO	[jepsen worker 2] jepsen.util: 2	:invoke	:broadcast	40
2026-03-20 14:45:45,016{GMT}	INFO	[jepsen worker 3] jepsen.util: 3	:invoke	:read	nil
2026-03-20 14:45:45,017{GMT}	INFO	[jepsen worker 2] jepsen.util: 2	:ok	:broadcast	40
2026-03-20 14:45:45,019{GMT}	INFO	[jepsen worker 3] jepsen.util: 3	:ok	:read	[0 1 2 3 4 5 6 7 8 9 10 11 12 13 14 15 16 17 18 19 20 21 22 23 24 25 26 27 28 29 30 31 32 33 34 35 36 37 38 39]
2026-03-20 14:45:45,128{GMT}	INFO	[jepsen worker 4] jepsen.util: 4	:invoke	:broadcast	41
2026-03-20 14:45:45,131{GMT}	INFO	[jepsen worker 4] jepsen.util: 4	:ok	:broadcast	41
2026-03-20 14:45:45,308{GMT}	INFO	[jepsen worker 0] jepsen.util: 0	:invoke	:broadcast	42
2026-03-20 14:45:45,311{GMT}	INFO	[jepsen worker 0] jepsen.util: 0	:ok	:broadcast	42
2026-03-20 14:45:45,405{GMT}	INFO	[jepsen worker 0] jepsen.util: 0	:invoke	:read	nil
2026-03-20 14:45:45,408{GMT}	INFO	[jepsen worker 0] jepsen.util: 0	:ok	:read	[0 1 2 3 4 5 6 7 8 9 10 11 12 13 14 15 16 17 18 19 20 21 22 23 24 25 26 27 28 29 30 31 32 33 34 35 36 37 38 39 40 41 42]
2026-03-20 14:45:45,459{GMT}	INFO	[jepsen worker 1] jepsen.util: 1	:invoke	:broadcast	43
2026-03-20 14:45:45,461{GMT}	INFO	[jepsen worker 1] jepsen.util: 1	:ok	:broadcast	43
2026-03-20 14:45:45,529{GMT}	INFO	[jepsen worker 2] jepsen.util: 2	:invoke	:broadcast	44
2026-03-20 14:45:45,531{GMT}	INFO	[jepsen worker 2] jepsen.util: 2	:ok	:broadcast	44
2026-03-20 14:45:45,666{GMT}	INFO	[jepsen worker 3] jepsen.util: 3	:invoke	:broadcast	45
2026-03-20 14:45:45,669{GMT}	INFO	[jepsen worker 3] jepsen.util: 3	:ok	:broadcast	45
2026-03-20 14:45:45,769{GMT}	INFO	[jepsen worker 4] jepsen.util: 4	:invoke	:read	nil
2026-03-20 14:45:45,772{GMT}	INFO	[jepsen worker 4] jepsen.util: 4	:ok	:read	[0 1 2 3 4 5 6 7 7 8 9 10 11 12 13 14 15 16 17 18 19 20 21 22 23 24 25 26 27 28 29 30 31 32 33 34 35 36 37 38 39 40 41 42 43 44 45]
2026-03-20 14:45:45,960{GMT}	INFO	[jepsen worker 0] jepsen.util: 0	:invoke	:read	nil
2026-03-20 14:45:45,963{GMT}	INFO	[jepsen worker 0] jepsen.util: 0	:ok	:read	[0 1 2 3 4 5 6 7 8 9 10 11 12 13 14 15 16 17 18 19 20 21 22 23 24 25 26 27 28 29 30 31 32 33 34 35 36 37 38 39 40 41 42 43 44 45]
2026-03-20 14:45:46,087{GMT}	INFO	[jepsen worker 0] jepsen.util: 0	:invoke	:read	nil
2026-03-20 14:45:46,090{GMT}	INFO	[jepsen worker 0] jepsen.util: 0	:ok	:read	[0 1 2 3 4 5 6 7 8 9 10 11 12 13 14 15 16 17 18 19 20 21 22 23 24 25 26 27 28 29 30 31 32 33 34 35 36 37 38 39 40 41 42 43 44 45]
2026-03-20 14:45:46,244{GMT}	INFO	[jepsen worker 1] jepsen.util: 1	:invoke	:read	nil
2026-03-20 14:45:46,247{GMT}	INFO	[jepsen worker 1] jepsen.util: 1	:ok	:read	[0 1 2 3 4 5 6 7 8 9 10 11 12 13 14 15 16 17 18 19 20 21 22 23 24 25 26 27 28 28 29 30 31 32 33 34 35 36 37 38 39 40 41 42 43 44 45]
2026-03-20 14:45:46,340{GMT}	INFO	[jepsen worker 2] jepsen.util: 2	:invoke	:read	nil
2026-03-20 14:45:46,343{GMT}	INFO	[jepsen worker 2] jepsen.util: 2	:ok	:read	[0 1 2 3 4 5 6 7 8 9 10 11 12 13 14 15 16 17 18 19 20 21 22 23 24 25 26 27 28 29 30 31 32 33 34 35 36 37 38 39 40 41 42 43 44 45]
2026-03-20 14:45:46,410{GMT}	INFO	[jepsen worker 3] jepsen.util: 3	:invoke	:broadcast	46
2026-03-20 14:45:46,413{GMT}	INFO	[jepsen worker 3] jepsen.util: 3	:ok	:broadcast	46
2026-03-20 14:45:46,489{GMT}	INFO	[jepsen worker 4] jepsen.util: 4	:invoke	:broadcast	47
2026-03-20 14:45:46,492{GMT}	INFO	[jepsen worker 4] jepsen.util: 4	:ok	:broadcast	47
2026-03-20 14:45:46,570{GMT}	INFO	[jepsen worker 0] jepsen.util: 0	:invoke	:broadcast	48
2026-03-20 14:45:46,573{GMT}	INFO	[jepsen worker 0] jepsen.util: 0	:ok	:broadcast	48
2026-03-20 14:45:46,752{GMT}	INFO	[jepsen worker 0] jepsen.util: 0	:invoke	:broadcast	49
2026-03-20 14:45:46,755{GMT}	INFO	[jepsen worker 0] jepsen.util: 0	:ok	:broadcast	49
2026-03-20 14:45:46,821{GMT}	INFO	[jepsen worker 1] jepsen.util: 1	:invoke	:broadcast	50
2026-03-20 14:45:46,824{GMT}	INFO	[jepsen worker 1] jepsen.util: 1	:ok	:broadcast	50
2026-03-20 14:45:46,948{GMT}	INFO	[jepsen worker 2] jepsen.util: 2	:invoke	:broadcast	51
2026-03-20 14:45:46,950{GMT}	INFO	[jepsen worker 2] jepsen.util: 2	:ok	:broadcast	51
2026-03-20 14:45:47,025{GMT}	INFO	[jepsen worker 3] jepsen.util: 3	:invoke	:broadcast	52
2026-03-20 14:45:47,027{GMT}	INFO	[jepsen worker 4] jepsen.util: 4	:invoke	:broadcast	53
2026-03-20 14:45:47,028{GMT}	INFO	[jepsen worker 3] jepsen.util: 3	:ok	:broadcast	52
2026-03-20 14:45:47,030{GMT}	INFO	[jepsen worker 4] jepsen.util: 4	:ok	:broadcast	53
2026-03-20 14:45:47,041{GMT}	INFO	[jepsen worker 0] jepsen.util: 0	:invoke	:broadcast	54
2026-03-20 14:45:47,043{GMT}	INFO	[jepsen worker 0] jepsen.util: 0	:ok	:broadcast	54
2026-03-20 14:45:47,104{GMT}	INFO	[jepsen worker 0] jepsen.util: 0	:invoke	:broadcast	55
2026-03-20 14:45:47,108{GMT}	INFO	[jepsen worker 0] jepsen.util: 0	:ok	:broadcast	55
2026-03-20 14:45:47,201{GMT}	INFO	[jepsen worker 1] jepsen.util: 1	:invoke	:broadcast	56
2026-03-20 14:45:47,203{GMT}	INFO	[jepsen worker 1] jepsen.util: 1	:ok	:broadcast	56
2026-03-20 14:45:47,357{GMT}	INFO	[jepsen worker 2] jepsen.util: 2	:invoke	:read	nil
2026-03-20 14:45:47,360{GMT}	INFO	[jepsen worker 2] jepsen.util: 2	:ok	:read	[0 1 2 3 4 5 6 7 8 9 10 11 12 13 14 15 16 17 18 19 20 21 22 23 24 25 26 27 28 29 30 31 32 33 34 35 36 37 38 39 40 41 42 43 44 45 46 47 48 49 50 51 52 53 54 55 56]
2026-03-20 14:45:47,420{GMT}	INFO	[jepsen worker 3] jepsen.util: 3	:invoke	:broadcast	57
2026-03-20 14:45:47,422{GMT}	INFO	[jepsen worker 3] jepsen.util: 3	:ok	:broadcast	57
2026-03-20 14:45:47,500{GMT}	INFO	[jepsen worker 4] jepsen.util: 4	:invoke	:broadcast	58
2026-03-20 14:45:47,503{GMT}	INFO	[jepsen worker 4] jepsen.util: 4	:ok	:broadcast	58
2026-03-20 14:45:47,657{GMT}	INFO	[jepsen worker 0] jepsen.util: 0	:invoke	:broadcast	59
2026-03-20 14:45:47,660{GMT}	INFO	[jepsen worker 0] jepsen.util: 0	:ok	:broadcast	59
2026-03-20 14:45:47,729{GMT}	INFO	[jepsen worker 0] jepsen.util: 0	:invoke	:read	nil
2026-03-20 14:45:47,732{GMT}	INFO	[jepsen worker 0] jepsen.util: 0	:ok	:read	[0 1 2 3 4 5 6 7 8 9 10 11 12 13 14 15 16 17 18 19 20 21 22 23 24 25 26 27 28 29 30 31 32 33 34 35 36 37 38 39 40 41 42 43 44 45 46 47 47 48 49 50 51 52 53 54 55 56 57 58 59]
2026-03-20 14:45:47,883{GMT}	INFO	[jepsen worker 1] jepsen.util: 1	:invoke	:broadcast	60
2026-03-20 14:45:47,886{GMT}	INFO	[jepsen worker 1] jepsen.util: 1	:ok	:broadcast	60
2026-03-20 14:45:47,947{GMT}	INFO	[jepsen worker 2] jepsen.util: 2	:invoke	:read	nil
2026-03-20 14:45:47,950{GMT}	INFO	[jepsen worker 3] jepsen.util: 3	:invoke	:read	nil
2026-03-20 14:45:47,950{GMT}	INFO	[jepsen worker 2] jepsen.util: 2	:ok	:read	[0 1 2 3 4 5 6 7 8 9 10 11 12 13 14 15 16 17 18 19 20 21 22 23 24 25 26 27 28 29 30 31 32 33 34 35 36 37 38 39 40 41 42 43 44 45 46 47 48 49 50 51 52 53 54 55 56 57 58 59 60]
2026-03-20 14:45:47,953{GMT}	INFO	[jepsen worker 3] jepsen.util: 3	:ok	:read	[0 1 2 3 4 5 6 7 8 9 10 11 12 13 14 15 16 17 18 19 20 21 22 23 24 25 26 27 28 29 30 31 32 33 34 35 36 37 38 39 40 41 42 43 44 45 46 47 48 49 50 51 52 53 54 55 56 57 58 59 60]
2026-03-20 14:45:48,135{GMT}	INFO	[jepsen worker 4] jepsen.util: 4	:invoke	:broadcast	61
2026-03-20 14:45:48,137{GMT}	INFO	[jepsen worker 4] jepsen.util: 4	:ok	:broadcast	61
2026-03-20 14:45:48,335{GMT}	INFO	[jepsen worker 0] jepsen.util: 0	:invoke	:read	nil
2026-03-20 14:45:48,338{GMT}	INFO	[jepsen worker 0] jepsen.util: 0	:ok	:read	[0 1 2 3 4 5 6 7 8 9 10 11 12 13 14 15 16 17 18 19 20 21 22 23 24 25 26 27 28 29 30 31 32 33 34 35 36 37 38 39 40 41 42 43 44 45 46 47 47 48 49 50 51 52 53 54 55 56 57 58 59 60 61]
2026-03-20 14:45:48,486{GMT}	INFO	[jepsen worker 0] jepsen.util: 0	:invoke	:broadcast	62
2026-03-20 14:45:48,489{GMT}	INFO	[jepsen worker 0] jepsen.util: 0	:ok	:broadcast	62
2026-03-20 14:45:48,633{GMT}	INFO	[jepsen worker 1] jepsen.util: 1	:invoke	:broadcast	63
2026-03-20 14:45:48,636{GMT}	INFO	[jepsen worker 1] jepsen.util: 1	:ok	:broadcast	63
2026-03-20 14:45:48,724{GMT}	INFO	[jepsen worker 2] jepsen.util: 2	:invoke	:read	nil
2026-03-20 14:45:48,726{GMT}	INFO	[jepsen worker 2] jepsen.util: 2	:ok	:read	[0 1 2 3 4 5 6 7 8 9 10 11 12 13 14 15 16 17 18 19 20 21 22 23 24 25 26 27 28 29 30 31 32 33 34 35 36 37 38 39 40 41 42 43 44 45 46 47 48 49 50 51 52 53 54 55 56 57 58 59 60 61 62 63]
2026-03-20 14:45:48,837{GMT}	INFO	[jepsen worker 3] jepsen.util: 3	:invoke	:broadcast	64
2026-03-20 14:45:48,839{GMT}	INFO	[jepsen worker 3] jepsen.util: 3	:ok	:broadcast	64
2026-03-20 14:45:48,974{GMT}	INFO	[jepsen worker 4] jepsen.util: 4	:invoke	:broadcast	65
2026-03-20 14:45:48,976{GMT}	INFO	[jepsen worker 4] jepsen.util: 4	:ok	:broadcast	65
2026-03-20 14:45:49,051{GMT}	INFO	[jepsen worker 0] jepsen.util: 0	:invoke	:broadcast	66
2026-03-20 14:45:49,053{GMT}	INFO	[jepsen worker 0] jepsen.util: 0	:ok	:broadcast	66
2026-03-20 14:45:49,079{GMT}	INFO	[jepsen worker 0] jepsen.util: 0	:invoke	:broadcast	67
2026-03-20 14:45:49,082{GMT}	INFO	[jepsen worker 0] jepsen.util: 0	:ok	:broadcast	67
2026-03-20 14:45:49,250{GMT}	INFO	[jepsen worker 1] jepsen.util: 1	:invoke	:broadcast	68
2026-03-20 14:45:49,253{GMT}	INFO	[jepsen worker 1] jepsen.util: 1	:ok	:broadcast	68
2026-03-20 14:45:49,272{GMT}	INFO	[jepsen worker 2] jepsen.util: 2	:invoke	:broadcast	69
2026-03-20 14:45:49,274{GMT}	INFO	[jepsen worker 2] jepsen.util: 2	:ok	:broadcast	69
2026-03-20 14:45:49,449{GMT}	INFO	[jepsen worker 3] jepsen.util: 3	:invoke	:read	nil
2026-03-20 14:45:49,452{GMT}	INFO	[jepsen worker 3] jepsen.util: 3	:ok	:read	[0 1 2 3 4 5 6 7 8 9 10 11 12 13 14 15 16 17 18 19 20 21 22 23 24 25 26 27 28 29 30 31 32 33 34 35 36 37 38 39 40 41 42 43 44 45 46 47 48 49 50 51 52 53 54 55 56 57 58 59 60 61 62 63 64 65 66 67 68 69]
2026-03-20 14:45:49,598{GMT}	INFO	[jepsen worker 4] jepsen.util: 4	:invoke	:read	nil
2026-03-20 14:45:49,600{GMT}	INFO	[jepsen worker 4] jepsen.util: 4	:ok	:read	[0 1 2 3 4 5 6 7 7 8 9 10 11 12 13 14 15 16 17 18 19 20 21 22 23 24 25 26 27 28 29 30 31 32 33 34 35 36 37 38 39 40 41 42 43 44 45 46 47 48 49 50 51 52 53 54 55 56 57 58 59 60 61 62 63 64 65 66 67 68 69]
2026-03-20 14:45:49,655{GMT}	INFO	[jepsen worker 0] jepsen.util: 0	:invoke	:read	nil
2026-03-20 14:45:49,658{GMT}	INFO	[jepsen worker 0] jepsen.util: 0	:ok	:read	[0 1 2 3 4 5 6 7 8 9 10 11 12 13 14 15 16 17 18 19 20 21 22 23 24 25 26 27 28 29 30 31 32 33 34 35 36 37 38 39 40 41 42 43 44 45 46 47 47 48 49 50 51 52 53 54 55 56 57 58 59 60 61 62 63 64 65 66 67 68 69]
2026-03-20 14:45:49,706{GMT}	INFO	[jepsen worker 0] jepsen.util: 0	:invoke	:broadcast	70
2026-03-20 14:45:49,707{GMT}	INFO	[jepsen worker 0] jepsen.util: 0	:ok	:broadcast	70
2026-03-20 14:45:49,771{GMT}	INFO	[jepsen worker 1] jepsen.util: 1	:invoke	:read	nil
2026-03-20 14:45:49,775{GMT}	INFO	[jepsen worker 1] jepsen.util: 1	:ok	:read	[0 1 2 3 4 5 6 7 8 9 10 11 12 13 14 15 16 17 18 19 20 21 22 23 24 25 26 27 28 28 29 30 31 32 33 34 35 36 37 38 39 40 41 42 43 44 45 46 47 48 49 50 51 52 53 54 55 56 57 58 59 60 61 62 63 64 65 66 67 68 69 70]
2026-03-20 14:45:49,785{GMT}	INFO	[jepsen worker 2] jepsen.util: 2	:invoke	:read	nil
2026-03-20 14:45:49,788{GMT}	INFO	[jepsen worker 2] jepsen.util: 2	:ok	:read	[0 1 2 3 4 5 6 7 8 9 10 11 12 13 14 15 16 17 18 19 20 21 22 23 24 25 26 27 28 29 30 31 32 33 34 35 36 37 38 39 40 41 42 43 44 45 46 47 48 49 50 51 52 53 54 55 56 57 58 59 60 61 62 63 64 65 66 67 68 69 70]
2026-03-20 14:45:49,904{GMT}	INFO	[jepsen worker 3] jepsen.util: 3	:invoke	:broadcast	71
2026-03-20 14:45:49,906{GMT}	INFO	[jepsen worker 3] jepsen.util: 3	:ok	:broadcast	71
2026-03-20 14:45:49,940{GMT}	INFO	[jepsen worker 4] jepsen.util: 4	:invoke	:read	nil
2026-03-20 14:45:49,943{GMT}	INFO	[jepsen worker 4] jepsen.util: 4	:ok	:read	[0 1 2 3 4 5 6 7 7 8 9 10 11 12 13 14 15 16 17 18 19 20 21 22 23 24 25 26 27 28 29 30 31 32 33 34 35 36 37 38 39 40 41 42 43 44 45 46 47 48 49 50 51 52 53 54 55 56 57 58 59 60 61 62 63 64 65 66 67 68 69 70 71]
2026-03-20 14:45:50,079{GMT}	INFO	[jepsen worker 0] jepsen.util: 0	:invoke	:read	nil
2026-03-20 14:45:50,082{GMT}	INFO	[jepsen worker 0] jepsen.util: 0	:ok	:read	[0 1 2 3 4 5 6 7 8 9 10 11 12 13 14 15 16 17 18 19 20 21 22 23 24 25 26 27 28 29 30 31 32 33 34 35 36 37 38 39 40 41 42 43 44 45 46 47 47 48 49 50 51 52 53 54 55 56 57 58 59 60 61 62 63 64 65 66 67 68 69 70 71]
2026-03-20 14:45:50,242{GMT}	INFO	[jepsen worker 0] jepsen.util: 0	:invoke	:broadcast	72
2026-03-20 14:45:50,245{GMT}	INFO	[jepsen worker 0] jepsen.util: 0	:ok	:broadcast	72
2026-03-20 14:45:50,358{GMT}	INFO	[jepsen worker 1] jepsen.util: 1	:invoke	:read	nil
2026-03-20 14:45:50,361{GMT}	INFO	[jepsen worker 1] jepsen.util: 1	:ok	:read	[0 1 2 3 4 5 6 7 8 9 10 11 12 13 14 15 16 17 18 19 20 21 22 23 24 25 26 27 28 28 29 30 31 32 33 34 35 36 37 38 39 40 41 42 43 44 45 46 47 48 49 50 51 52 53 54 55 56 57 58 59 60 61 62 63 64 65 66 67 68 69 70 71 72]
2026-03-20 14:45:50,408{GMT}	INFO	[jepsen worker 2] jepsen.util: 2	:invoke	:read	nil
2026-03-20 14:45:50,410{GMT}	INFO	[jepsen worker 2] jepsen.util: 2	:ok	:read	[0 1 2 3 4 5 6 7 8 9 10 11 12 13 14 15 16 17 18 19 20 21 22 23 24 25 26 27 28 29 30 31 32 33 34 35 36 37 38 39 40 41 42 43 44 45 46 47 48 49 50 51 52 53 54 55 56 57 58 59 60 61 62 63 64 65 66 67 68 69 70 71 72]
2026-03-20 14:45:50,435{GMT}	INFO	[jepsen worker 3] jepsen.util: 3	:invoke	:broadcast	73
2026-03-20 14:45:50,436{GMT}	INFO	[jepsen worker 3] jepsen.util: 3	:ok	:broadcast	73
2026-03-20 14:45:50,568{GMT}	INFO	[jepsen worker 4] jepsen.util: 4	:invoke	:read	nil
2026-03-20 14:45:50,570{GMT}	INFO	[jepsen worker 4] jepsen.util: 4	:ok	:read	[0 1 2 3 4 5 6 7 7 8 9 10 11 12 13 14 15 16 17 18 19 20 21 22 23 24 25 26 27 28 29 30 31 32 33 34 35 36 37 38 39 40 41 42 43 44 45 46 47 48 49 50 51 52 53 54 55 56 57 58 59 60 61 62 63 64 65 66 67 68 69 70 71 72 73]
2026-03-20 14:45:50,598{GMT}	INFO	[jepsen worker 0] jepsen.util: 0	:invoke	:read	nil
2026-03-20 14:45:50,601{GMT}	INFO	[jepsen worker 0] jepsen.util: 0	:ok	:read	[0 1 2 3 4 5 6 7 8 9 10 11 12 13 14 15 16 17 18 19 20 21 22 23 24 25 26 27 28 29 30 31 32 33 34 35 36 37 38 39 40 41 42 43 44 45 46 47 47 48 49 50 51 52 53 54 55 56 57 58 59 60 61 62 63 64 65 66 67 68 69 70 71 72 73]
2026-03-20 14:45:50,756{GMT}	INFO	[jepsen worker 0] jepsen.util: 0	:invoke	:read	nil
2026-03-20 14:45:50,758{GMT}	INFO	[jepsen worker 0] jepsen.util: 0	:ok	:read	[0 1 2 3 4 5 6 7 8 9 10 11 12 13 14 15 16 17 18 19 20 21 22 23 24 25 26 27 28 29 30 31 32 33 34 35 36 37 38 39 40 41 42 43 44 45 46 47 47 48 49 50 51 52 53 54 55 56 57 58 59 60 61 62 63 64 65 66 67 68 69 70 71 72 73]
2026-03-20 14:45:50,872{GMT}	INFO	[jepsen worker 1] jepsen.util: 1	:invoke	:broadcast	74
2026-03-20 14:45:50,874{GMT}	INFO	[jepsen worker 1] jepsen.util: 1	:ok	:broadcast	74
2026-03-20 14:45:51,049{GMT}	INFO	[jepsen worker 2] jepsen.util: 2	:invoke	:read	nil
2026-03-20 14:45:51,051{GMT}	INFO	[jepsen worker 2] jepsen.util: 2	:ok	:read	[0 1 2 3 4 5 6 7 8 9 10 11 12 13 14 15 16 17 18 19 20 21 22 23 24 25 26 27 28 29 30 31 32 33 34 35 36 37 38 39 40 41 42 43 44 45 46 47 48 49 50 51 52 53 54 55 56 57 58 59 60 61 62 63 64 65 66 67 68 69 70 71 72 73 74]
2026-03-20 14:45:51,241{GMT}	INFO	[jepsen worker 3] jepsen.util: 3	:invoke	:read	nil
2026-03-20 14:45:51,243{GMT}	INFO	[jepsen worker 3] jepsen.util: 3	:ok	:read	[0 1 2 3 4 5 6 7 8 9 10 11 12 13 14 15 16 17 18 19 20 21 22 23 24 25 26 27 28 29 30 31 32 33 34 35 36 37 38 39 40 41 42 43 44 45 46 47 48 49 50 51 52 53 54 55 56 57 58 59 60 61 62 63 64 65 66 67 68 69 70 71 72 73 74]
2026-03-20 14:45:51,285{GMT}	INFO	[jepsen worker 4] jepsen.util: 4	:invoke	:read	nil
2026-03-20 14:45:51,288{GMT}	INFO	[jepsen worker 4] jepsen.util: 4	:ok	:read	[0 1 2 3 4 5 6 7 7 8 9 10 11 12 13 14 15 16 17 18 19 20 21 22 23 24 25 26 27 28 29 30 31 32 33 34 35 36 37 38 39 40 41 42 43 44 45 46 47 48 49 50 51 52 53 54 55 56 57 58 59 60 61 62 63 64 65 66 67 68 69 70 71 72 73 74]
2026-03-20 14:45:51,343{GMT}	INFO	[jepsen worker 0] jepsen.util: 0	:invoke	:broadcast	75
2026-03-20 14:45:51,346{GMT}	INFO	[jepsen worker 0] jepsen.util: 0	:ok	:broadcast	75
2026-03-20 14:45:51,456{GMT}	INFO	[jepsen worker 0] jepsen.util: 0	:invoke	:read	nil
2026-03-20 14:45:51,459{GMT}	INFO	[jepsen worker 0] jepsen.util: 0	:ok	:read	[0 1 2 3 4 5 6 7 8 9 10 11 12 13 14 15 16 17 18 19 20 21 22 23 24 25 26 27 28 29 30 31 32 33 34 35 36 37 38 39 40 41 42 43 44 45 46 47 47 48 49 50 51 52 53 54 55 56 57 58 59 60 61 62 63 64 65 66 67 68 69 70 71 72 73 74 75]
2026-03-20 14:45:51,547{GMT}	INFO	[jepsen worker 1] jepsen.util: 1	:invoke	:broadcast	76
2026-03-20 14:45:51,549{GMT}	INFO	[jepsen worker 1] jepsen.util: 1	:ok	:broadcast	76
2026-03-20 14:45:51,571{GMT}	INFO	[jepsen worker 2] jepsen.util: 2	:invoke	:broadcast	77
2026-03-20 14:45:51,573{GMT}	INFO	[jepsen worker 2] jepsen.util: 2	:ok	:broadcast	77
2026-03-20 14:45:51,604{GMT}	INFO	[jepsen worker 3] jepsen.util: 3	:invoke	:read	nil
2026-03-20 14:45:51,607{GMT}	INFO	[jepsen worker 3] jepsen.util: 3	:ok	:read	[0 1 2 3 4 5 6 7 8 9 10 11 12 13 14 15 16 17 18 19 20 21 22 23 24 25 26 27 28 29 30 31 32 33 34 35 36 37 38 39 40 41 42 43 44 45 46 47 48 49 50 51 52 53 54 55 56 57 58 59 60 61 62 63 64 65 66 67 68 69 70 71 72 73 74 75 76 77]
2026-03-20 14:45:51,687{GMT}	INFO	[jepsen worker 4] jepsen.util: 4	:invoke	:read	nil
2026-03-20 14:45:51,689{GMT}	INFO	[jepsen worker 4] jepsen.util: 4	:ok	:read	[0 1 2 3 4 5 6 7 7 8 9 10 11 12 13 14 15 16 17 18 19 20 21 22 23 24 25 26 27 28 29 30 31 32 33 34 35 36 37 38 39 40 41 42 43 44 45 46 47 48 49 50 51 52 53 54 55 56 57 58 59 60 61 62 63 64 65 66 67 68 69 70 71 72 73 74 75 76 77]
2026-03-20 14:45:51,830{GMT}	INFO	[jepsen worker 0] jepsen.util: 0	:invoke	:read	nil
2026-03-20 14:45:51,831{GMT}	INFO	[jepsen worker 0] jepsen.util: 0	:ok	:read	[0 1 2 3 4 5 6 7 8 9 10 11 12 13 14 15 16 17 18 19 20 21 22 23 24 25 26 27 28 29 30 31 32 33 34 35 36 37 38 39 40 41 42 43 44 45 46 47 47 48 49 50 51 52 53 54 55 56 57 58 59 60 61 62 63 64 65 66 67 68 69 70 71 72 73 74 75 76 77]
2026-03-20 14:45:51,952{GMT}	INFO	[jepsen worker 0] jepsen.util: 0	:invoke	:broadcast	78
2026-03-20 14:45:51,955{GMT}	INFO	[jepsen worker 0] jepsen.util: 0	:ok	:broadcast	78
2026-03-20 14:45:51,961{GMT}	INFO	[jepsen worker 1] jepsen.util: 1	:invoke	:read	nil
2026-03-20 14:45:51,964{GMT}	INFO	[jepsen worker 1] jepsen.util: 1	:ok	:read	[0 1 2 3 4 5 6 7 8 9 10 11 12 13 14 15 16 17 18 19 20 21 22 23 24 25 26 27 28 28 29 30 31 32 33 34 35 36 37 38 39 40 41 42 43 44 45 46 47 48 49 50 51 52 53 54 55 56 57 58 59 60 61 62 63 64 65 66 67 68 69 70 71 72 73 74 75 76 77 78]
2026-03-20 14:45:51,977{GMT}	INFO	[jepsen worker 2] jepsen.util: 2	:invoke	:read	nil
2026-03-20 14:45:51,979{GMT}	INFO	[jepsen worker 2] jepsen.util: 2	:ok	:read	[0 1 2 3 4 5 6 7 8 9 10 11 12 13 14 15 16 17 18 19 20 21 22 23 24 25 26 27 28 29 30 31 32 33 34 35 36 37 38 39 40 41 42 43 44 45 46 47 48 49 50 51 52 53 54 55 56 57 58 59 60 61 62 63 64 65 66 67 68 69 70 71 72 73 74 75 76 77 78]
2026-03-20 14:45:52,161{GMT}	INFO	[jepsen worker 3] jepsen.util: 3	:invoke	:read	nil
2026-03-20 14:45:52,164{GMT}	INFO	[jepsen worker 3] jepsen.util: 3	:ok	:read	[0 1 2 3 4 5 6 7 8 9 10 11 12 13 14 15 16 17 18 19 20 21 22 23 24 25 26 27 28 29 30 31 32 33 34 35 36 37 38 39 40 41 42 43 44 45 46 47 48 49 50 51 52 53 54 55 56 57 58 59 60 61 62 63 64 65 66 67 68 69 70 71 72 73 74 75 76 77 78]
2026-03-20 14:45:52,299{GMT}	INFO	[jepsen worker 4] jepsen.util: 4	:invoke	:read	nil
2026-03-20 14:45:52,301{GMT}	INFO	[jepsen worker 4] jepsen.util: 4	:ok	:read	[0 1 2 3 4 5 6 7 7 8 9 10 11 12 13 14 15 16 17 18 19 20 21 22 23 24 25 26 27 28 29 30 31 32 33 34 35 36 37 38 39 40 41 42 43 44 45 46 47 48 49 50 51 52 53 54 55 56 57 58 59 60 61 62 63 64 65 66 67 68 69 70 71 72 73 74 75 76 77 78]
2026-03-20 14:45:52,497{GMT}	INFO	[jepsen worker 0] jepsen.util: 0	:invoke	:read	nil
2026-03-20 14:45:52,499{GMT}	INFO	[jepsen worker 0] jepsen.util: 0	:ok	:read	[0 1 2 3 4 5 6 7 8 9 10 11 12 13 14 15 16 17 18 19 20 21 22 23 24 25 26 27 28 29 30 31 32 33 34 35 36 37 38 39 40 41 42 43 44 45 46 47 47 48 49 50 51 52 53 54 55 56 57 58 59 60 61 62 63 64 65 66 67 68 69 70 71 72 73 74 75 76 77 78]
2026-03-20 14:45:52,696{GMT}	INFO	[jepsen worker 0] jepsen.util: 0	:invoke	:read	nil
2026-03-20 14:45:52,699{GMT}	INFO	[jepsen worker 0] jepsen.util: 0	:ok	:read	[0 1 2 3 4 5 6 7 8 9 10 11 12 13 14 15 16 17 18 19 20 21 22 23 24 25 26 27 28 29 30 31 32 33 34 35 36 37 38 39 40 41 42 43 44 45 46 47 47 48 49 50 51 52 53 54 55 56 57 58 59 60 61 62 63 64 65 66 67 68 69 70 71 72 73 74 75 76 77 78]
2026-03-20 14:45:52,896{GMT}	INFO	[jepsen worker 1] jepsen.util: 1	:invoke	:read	nil
2026-03-20 14:45:52,899{GMT}	INFO	[jepsen worker 2] jepsen.util: 2	:invoke	:broadcast	79
2026-03-20 14:45:52,899{GMT}	INFO	[jepsen worker 1] jepsen.util: 1	:ok	:read	[0 1 2 3 4 5 6 7 8 9 10 11 12 13 14 15 16 17 18 19 20 21 22 23 24 25 26 27 28 28 29 30 31 32 33 34 35 36 37 38 39 40 41 42 43 44 45 46 47 48 49 50 51 52 53 54 55 56 57 58 59 60 61 62 63 64 65 66 67 68 69 70 71 72 73 74 75 76 77 78]
2026-03-20 14:45:52,901{GMT}	INFO	[jepsen worker 2] jepsen.util: 2	:ok	:broadcast	79
2026-03-20 14:45:53,073{GMT}	INFO	[jepsen worker 3] jepsen.util: 3	:invoke	:broadcast	80
2026-03-20 14:45:53,075{GMT}	INFO	[jepsen worker 3] jepsen.util: 3	:ok	:broadcast	80
2026-03-20 14:45:53,143{GMT}	INFO	[jepsen worker 4] jepsen.util: 4	:invoke	:broadcast	81
2026-03-20 14:45:53,145{GMT}	INFO	[jepsen worker 4] jepsen.util: 4	:ok	:broadcast	81
2026-03-20 14:45:53,299{GMT}	INFO	[jepsen worker 0] jepsen.util: 0	:invoke	:read	nil
2026-03-20 14:45:53,301{GMT}	INFO	[jepsen worker 0] jepsen.util: 0	:ok	:read	[0 1 2 3 4 5 6 7 8 9 10 11 12 13 14 15 16 17 18 19 20 21 22 23 24 25 26 27 28 29 30 31 32 33 34 35 36 37 38 39 40 41 42 43 44 45 46 47 47 48 49 50 51 52 53 54 55 56 57 58 59 60 61 62 63 64 65 66 67 68 69 70 71 72 73 74 75 76 77 78 79 80 81]
2026-03-20 14:45:53,424{GMT}	INFO	[jepsen worker 0] jepsen.util: 0	:invoke	:read	nil
2026-03-20 14:45:53,426{GMT}	INFO	[jepsen worker 0] jepsen.util: 0	:ok	:read	[0 1 2 3 4 5 6 7 8 9 10 11 12 13 14 15 16 17 18 19 20 21 22 23 24 25 26 27 28 29 30 31 32 33 34 35 36 37 38 39 40 41 42 43 44 45 46 47 47 48 49 50 51 52 53 54 55 56 57 58 59 60 61 62 63 64 65 66 67 68 69 70 71 72 73 74 75 76 77 78 79 80 81]
2026-03-20 14:45:53,571{GMT}	INFO	[jepsen worker 1] jepsen.util: 1	:invoke	:broadcast	82
2026-03-20 14:45:53,571{GMT}	INFO	[jepsen worker 2] jepsen.util: 2	:invoke	:broadcast	83
2026-03-20 14:45:53,573{GMT}	INFO	[jepsen worker 1] jepsen.util: 1	:ok	:broadcast	82
2026-03-20 14:45:53,573{GMT}	INFO	[jepsen worker 2] jepsen.util: 2	:ok	:broadcast	83
2026-03-20 14:45:53,693{GMT}	INFO	[jepsen worker 3] jepsen.util: 3	:invoke	:read	nil
2026-03-20 14:45:53,695{GMT}	INFO	[jepsen worker 3] jepsen.util: 3	:ok	:read	[0 1 2 3 4 5 6 7 8 9 10 11 12 13 14 15 16 17 18 19 20 21 22 23 24 25 26 27 28 29 30 31 32 33 34 35 36 37 38 39 40 41 42 43 44 45 46 47 48 49 50 51 52 53 54 55 56 57 58 59 60 61 62 63 64 65 66 67 68 69 70 71 72 73 74 75 76 77 78 79 80 81 82 83]
2026-03-20 14:45:53,730{GMT}	INFO	[jepsen worker 4] jepsen.util: 4	:invoke	:read	nil
2026-03-20 14:45:53,733{GMT}	INFO	[jepsen worker 4] jepsen.util: 4	:ok	:read	[0 1 2 3 4 5 6 7 7 8 9 10 11 12 13 14 15 16 17 18 19 20 21 22 23 24 25 26 27 28 29 30 31 32 33 34 35 36 37 38 39 40 41 42 43 44 45 46 47 48 49 50 51 52 53 54 55 56 57 58 59 60 61 62 63 64 65 66 67 68 69 70 71 72 73 74 75 76 77 78 79 80 81 82 83]
2026-03-20 14:45:53,869{GMT}	INFO	[jepsen worker 0] jepsen.util: 0	:invoke	:read	nil
2026-03-20 14:45:53,872{GMT}	INFO	[jepsen worker 0] jepsen.util: 0	:ok	:read	[0 1 2 3 4 5 6 7 8 9 10 11 12 13 14 15 16 17 18 19 20 21 22 23 24 25 26 27 28 29 30 31 32 33 34 35 36 37 38 39 40 41 42 43 44 45 46 47 47 48 49 50 51 52 53 54 55 56 57 58 59 60 61 62 63 64 65 66 67 68 69 70 71 72 73 74 75 76 77 78 79 80 81 82 83]
2026-03-20 14:45:54,046{GMT}	INFO	[jepsen worker 0] jepsen.util: 0	:invoke	:broadcast	84
2026-03-20 14:45:54,048{GMT}	INFO	[jepsen worker 0] jepsen.util: 0	:ok	:broadcast	84
2026-03-20 14:45:54,147{GMT}	INFO	[jepsen worker 1] jepsen.util: 1	:invoke	:read	nil
2026-03-20 14:45:54,150{GMT}	INFO	[jepsen worker 1] jepsen.util: 1	:ok	:read	[0 1 2 3 4 5 6 7 8 9 10 11 12 13 14 15 16 17 18 19 20 21 22 23 24 25 26 27 28 28 29 30 31 32 33 34 35 36 37 38 39 40 41 42 43 44 45 46 47 48 49 50 51 52 53 54 55 56 57 58 59 60 61 62 63 64 65 66 67 68 69 70 71 72 73 74 75 76 77 78 79 80 80 81 82 83 84]
2026-03-20 14:45:54,339{GMT}	INFO	[jepsen worker 2] jepsen.util: 2	:invoke	:read	nil
2026-03-20 14:45:54,341{GMT}	INFO	[jepsen worker 2] jepsen.util: 2	:ok	:read	[0 1 2 3 4 5 6 7 8 9 10 11 12 13 14 15 16 17 18 19 20 21 22 23 24 25 26 27 28 29 30 31 32 33 34 35 36 37 38 39 40 41 42 43 44 45 46 47 48 49 50 51 52 53 54 55 56 57 58 59 60 61 62 63 64 65 66 67 68 69 70 71 72 73 74 75 76 77 78 79 80 81 83 82 84]
2026-03-20 14:45:54,367{GMT}	INFO	[jepsen worker 3] jepsen.util: 3	:invoke	:broadcast	85
2026-03-20 14:45:54,370{GMT}	INFO	[jepsen worker 3] jepsen.util: 3	:ok	:broadcast	85
2026-03-20 14:45:54,516{GMT}	INFO	[jepsen worker 4] jepsen.util: 4	:invoke	:broadcast	86
2026-03-20 14:45:54,518{GMT}	INFO	[jepsen worker 4] jepsen.util: 4	:ok	:broadcast	86
2026-03-20 14:45:54,640{GMT}	INFO	[jepsen worker 0] jepsen.util: 0	:invoke	:broadcast	87
2026-03-20 14:45:54,643{GMT}	INFO	[jepsen worker 0] jepsen.util: 0	:ok	:broadcast	87
2026-03-20 14:45:54,692{GMT}	INFO	[jepsen worker 0] jepsen.util: 0	:invoke	:broadcast	88
2026-03-20 14:45:54,694{GMT}	INFO	[jepsen worker 0] jepsen.util: 0	:ok	:broadcast	88
2026-03-20 14:45:54,871{GMT}	INFO	[jepsen worker 1] jepsen.util: 1	:invoke	:read	nil
2026-03-20 14:45:54,874{GMT}	INFO	[jepsen worker 1] jepsen.util: 1	:ok	:read	[0 1 2 3 4 5 6 7 8 9 10 11 12 13 14 15 16 17 18 19 20 21 22 23 24 25 26 27 28 28 29 30 31 32 33 34 35 36 37 38 39 40 41 42 43 44 45 46 47 48 49 50 51 52 53 54 55 56 57 58 59 60 61 62 63 64 65 66 67 68 69 70 71 72 73 74 75 76 77 78 79 80 80 81 82 83 84 85 85 86 87 88]
2026-03-20 14:45:54,966{GMT}	INFO	[jepsen worker 2] jepsen.util: 2	:invoke	:read	nil
2026-03-20 14:45:54,969{GMT}	INFO	[jepsen worker 2] jepsen.util: 2	:ok	:read	[0 1 2 3 4 5 6 7 8 9 10 11 12 13 14 15 16 17 18 19 20 21 22 23 24 25 26 27 28 29 30 31 32 33 34 35 36 37 38 39 40 41 42 43 44 45 46 47 48 49 50 51 52 53 54 55 56 57 58 59 60 61 62 63 64 65 66 67 68 69 70 71 72 73 74 75 76 77 78 79 80 81 83 82 84 85 86 87 88]
2026-03-20 14:45:55,159{GMT}	INFO	[jepsen worker 3] jepsen.util: 3	:invoke	:read	nil
2026-03-20 14:45:55,161{GMT}	INFO	[jepsen worker 3] jepsen.util: 3	:ok	:read	[0 1 2 3 4 5 6 7 8 9 10 11 12 13 14 15 16 17 18 19 20 21 22 23 24 25 26 27 28 29 30 31 32 33 34 35 36 37 38 39 40 41 42 43 44 45 46 47 48 49 50 51 52 53 54 55 56 57 58 59 60 61 62 63 64 65 66 67 68 69 70 71 72 73 74 75 76 77 78 79 80 81 82 83 84 85 86 87 88]
2026-03-20 14:45:55,162{GMT}	INFO	[jepsen worker 4] jepsen.generator.interpreter: Waiting for recovery...
2026-03-20 14:46:05,168{GMT}	INFO	[jepsen worker 0] jepsen.util: 0	:invoke	:read	nil
2026-03-20 14:46:05,168{GMT}	INFO	[jepsen worker 3] jepsen.util: 3	:invoke	:read	nil
2026-03-20 14:46:05,169{GMT}	INFO	[jepsen worker 1] jepsen.util: 1	:invoke	:read	nil
2026-03-20 14:46:05,169{GMT}	INFO	[jepsen worker 4] jepsen.util: 4	:invoke	:read	nil
2026-03-20 14:46:05,169{GMT}	INFO	[jepsen worker 2] jepsen.util: 2	:invoke	:read	nil
2026-03-20 14:46:05,172{GMT}	INFO	[jepsen worker 3] jepsen.util: 3	:ok	:read	[0 1 2 3 4 5 6 7 8 9 10 11 12 13 14 15 16 17 18 19 20 21 22 23 24 25 26 27 28 29 30 31 32 33 34 35 36 37 38 39 40 41 42 43 44 45 46 47 48 49 50 51 52 53 54 55 56 57 58 59 60 61 62 63 64 65 66 67 68 69 70 71 72 73 74 75 76 77 78 79 80 81 82 83 84 85 86 87 88]
2026-03-20 14:46:05,172{GMT}	INFO	[jepsen worker 0] jepsen.util: 0	:ok	:read	[0 1 2 3 4 5 6 7 8 9 10 11 12 13 14 15 16 17 18 19 20 21 22 23 24 25 26 27 28 29 30 31 32 33 34 35 36 37 38 39 40 41 42 43 44 45 46 47 47 48 49 50 51 52 53 54 55 56 57 58 59 60 61 62 63 64 65 66 67 68 69 70 71 72 73 74 75 76 77 78 79 80 81 82 83 84 85 86 87 88]
2026-03-20 14:46:05,172{GMT}	INFO	[jepsen worker 4] jepsen.util: 4	:ok	:read	[0 1 2 3 4 5 6 7 7 8 9 10 11 12 13 14 15 16 17 18 19 20 21 22 23 24 25 26 27 28 29 30 31 32 33 34 35 36 37 38 39 40 41 42 43 44 45 46 47 48 49 50 51 52 53 54 55 56 57 58 59 60 61 62 63 64 65 66 67 68 69 70 71 72 73 74 75 76 77 78 79 80 81 82 83 84 85 86 87 88]
2026-03-20 14:46:05,174{GMT}	INFO	[jepsen worker 1] jepsen.util: 1	:ok	:read	[0 1 2 3 4 5 6 7 8 9 10 11 12 13 14 15 16 17 18 19 20 21 22 23 24 25 26 27 28 28 29 30 31 32 33 34 35 36 37 38 39 40 41 42 43 44 45 46 47 48 49 50 51 52 53 54 55 56 57 58 59 60 61 62 63 64 65 66 67 68 69 70 71 72 73 74 75 76 77 78 79 80 80 81 82 83 84 85 85 86 87 88]
2026-03-20 14:46:05,174{GMT}	INFO	[jepsen worker 2] jepsen.util: 2	:ok	:read	[0 1 2 3 4 5 6 7 8 9 10 11 12 13 14 15 16 17 18 19 20 21 22 23 24 25 26 27 28 29 30 31 32 33 34 35 36 37 38 39 40 41 42 43 44 45 46 47 48 49 50 51 52 53 54 55 56 57 58 59 60 61 62 63 64 65 66 67 68 69 70 71 72 73 74 75 76 77 78 79 80 81 83 82 84 85 86 87 88]
2026-03-20 14:46:05,190{GMT}	INFO	[jepsen test runner] jepsen.core: Run complete, writing
2026-03-20 14:46:05,247{GMT}	INFO	[jepsen node n0] maelstrom.db: Tearing down n0
2026-03-20 14:46:05,247{GMT}	INFO	[jepsen node n3] maelstrom.db: Tearing down n3
2026-03-20 14:46:05,247{GMT}	INFO	[jepsen node n2] maelstrom.db: Tearing down n2
2026-03-20 14:46:05,247{GMT}	INFO	[jepsen node n4] maelstrom.db: Tearing down n4
2026-03-20 14:46:05,247{GMT}	INFO	[jepsen node n1] maelstrom.db: Tearing down n1
2026-03-20 14:46:07,152{GMT}	INFO	[jepsen node n0] maelstrom.net: Shutting down Maelstrom network
2026-03-20 14:46:07,154{GMT}	INFO	[jepsen test runner] jepsen.core: Analyzing...
2026-03-20 14:46:07,488{GMT}	INFO	[jepsen test runner] jepsen.core: Analysis complete
2026-03-20 14:46:07,499{GMT}	INFO	[jepsen results] jepsen.store: Wrote /home/banna/Documents/maelstrom-java/store/broadcast/20260320T144533.758Z/results.edn
2026-03-20 14:46:07,517{GMT}	INFO	[jepsen test runner] jepsen.core: {:perf {:latency-graph {:valid? true},
        :rate-graph {:valid? true},
        :valid? true},
 :timeline {:valid? true},
 :exceptions {:valid? true},
 :stats {:valid? true,
         :count 195,
         :ok-count 195,
         :fail-count 0,
         :info-count 0,
         :by-f {:broadcast {:valid? true,
                            :count 89,
                            :ok-count 89,
                            :fail-count 0,
                            :info-count 0},
                :read {:valid? true,
                       :count 106,
                       :ok-count 106,
                       :fail-count 0,
                       :info-count 0}}},
 :availability {:valid? true, :ok-fraction 1.0},
 :net {:all {:send-count 1674,
             :recv-count 1674,
             :msg-count 1674,
             :msgs-per-op 8.584616},
       :clients {:send-count 410, :recv-count 410, :msg-count 410},
       :servers {:send-count 1264,
                 :recv-count 1264,
                 :msg-count 1264,
                 :msgs-per-op 6.4820514},
       :valid? true},
 :workload {:worst-stale (),
            :duplicated-count 0,
            :valid? true,
            :lost-count 0,
            :lost (),
            :stable-count 89,
            :stale-count 0,
            :stale (),
            :never-read-count 0,
            :stable-latencies {0 0, 0.5 0, 0.95 0, 0.99 0, 1 0},
            :attempt-count 89,
            :never-read (),
            :duplicated {}},
 :valid? true}


Everything looks good! ヽ(‘ー`)ノ
