2026-03-20 15:42:12,214{GMT}	INFO	[jepsen test runner] jepsen.core: Command line:
lein run test -w broadcast --bin run.sh broadcast --node-count 5 --time-limit 20 --rate 10 --nemesis partition
2026-03-20 15:42:12,290{GMT}	INFO	[jepsen test runner] jepsen.core: Running test:
{:args ["broadcast"]
 :remote
 #jepsen.control.retry.Remote{:remote #jepsen.control.scp.Remote{:cmd-remote #jepsen.control.sshj.SSHJRemote{:concurrency-limit 6,
                                                                                                             :conn-spec nil,
                                                                                                             :client nil,
                                                                                                             :semaphore nil},
                                                                 :conn-spec nil},
                              :conn nil}
 :log-net-send false
 :node-count 5
 :availability nil
 :max-txn-length 4
 :concurrency 5
 :db
 #object[maelstrom.db$db$reify__16142
         "0x3619ecd"
         "maelstrom.db$db$reify__16142@3619ecd"]
 :max-writes-per-key 16
 :leave-db-running? false
 :name "broadcast"
 :logging-json? false
 :start-time
 #object[org.joda.time.DateTime "0x7de4bd8f" "2026-03-20T15:42:12.196Z"]
 :nemesis-interval 10
 :net
 #object[maelstrom.net$jepsen_net$reify__15251
         "0x193e65d5"
         "maelstrom.net$jepsen_net$reify__15251@193e65d5"]
 :client
 #object[maelstrom.workload.broadcast$client$reify__16644
         "0x2a97b4b8"
         "maelstrom.workload.broadcast$client$reify__16644@2a97b4b8"]
 :barrier
 #object[java.util.concurrent.CyclicBarrier
         "0x250fc0d1"
         "java.util.concurrent.CyclicBarrier@250fc0d1"]
 :log-stderr false
 :pure-generators true
 :ssh {:dummy? true}
 :rate 10.0
 :checker
 #object[jepsen.checker$compose$reify__11881
         "0x7ddf193a"
         "jepsen.checker$compose$reify__11881@7ddf193a"]
 :argv
 ("test"
  "-w"
  "broadcast"
  "--bin"
  "run.sh"
  "broadcast"
  "--node-count"
  "5"
  "--time-limit"
  "20"
  "--rate"
  "10"
  "--nemesis"
  "partition")
 :nemesis
 (jepsen.nemesis.ReflCompose
  {:fm {:start-partition 0,
        :stop-partition 0,
        :kill 1,
        :start 1,
        :pause 1,
        :resume 1},
   :nemeses [#unprintable "jepsen.nemesis.combined$partition_nemesis$reify__16416@17a5cb99"
             #unprintable "jepsen.nemesis.combined$db_nemesis$reify__16397@808fa1"]})
 :nodes ["n0" "n1" "n2" "n3" "n4"]
 :test-count 1
 :latency {:mean 0, :dist :constant}
 :bin "run.sh"
 :generator
 ((jepsen.generator.Synchronize
   {:gen (jepsen.generator.TimeLimit
          {:limit 20000000000,
           :cutoff nil,
           :gen (jepsen.generator.Any
                 {:gens [(jepsen.generator.OnThreads
                          {:f #{:nemesis},
                           :context-filter #object[jepsen.generator.context$make_thread_filter$lazy_filter__9167
                                                   "0x7545cb17"
                                                   "jepsen.generator.context$make_thread_filter$lazy_filter__9167@7545cb17"],
                           :gen (jepsen.generator.Stagger
                                 {:dt 20000000000,
                                  :next-time nil,
                                  :gen (jepsen.generator.FlipFlop
                                        {:gens [#object[jepsen.nemesis.combined$partition_package$start__16420
                                                        "0x635b3ec7"
                                                        "jepsen.nemesis.combined$partition_package$start__16420@635b3ec7"]
                                                ({:type :info,
                                                  :f :stop-partition,
                                                  :value nil}
                                                 {:type :info,
                                                  :f :stop-partition,
                                                  :value nil}
                                                 {:type :info,
                                                  :f :stop-partition,
                                                  :value nil}
                                                 {:type :info,
                                                  :f :stop-partition,
                                                  :value nil}
                                                 {:type :info,
                                                  :f :stop-partition,
                                                  :value nil}
                                                 {:type :info,
                                                  :f :stop-partition,
                                                  :value nil}
                                                 {:type :info,
                                                  :f :stop-partition,
                                                  :value nil}
                                                 {:type :info,
                                                  :f :stop-partition,
                                                  :value nil}
                                                 ...)],
                                         :i 0})})})
                         (jepsen.generator.OnThreads
                          {:f #jepsen.generator.context.AllBut{:element :nemesis},
                           :context-filter #object[jepsen.generator.context$make_thread_filter$lazy_filter__9167
                                                   "0x15aa3084"
                                                   "jepsen.generator.context$make_thread_filter$lazy_filter__9167@15aa3084"],
                           :gen (jepsen.generator.Stagger
                                 {:dt 200000000,
                                  :next-time nil,
                                  :gen (jepsen.generator.Mix
                                        {:i 0,
                                         :gens [({:f :broadcast, :value 0}
                                                 {:f :broadcast, :value 1}
                                                 {:f :broadcast, :value 2}
                                                 {:f :broadcast, :value 3}
                                                 {:f :broadcast, :value 4}
                                                 {:f :broadcast, :value 5}
                                                 {:f :broadcast, :value 6}
                                                 {:f :broadcast, :value 7}
                                                 ...)
                                                ({:f :read}
                                                 {:f :read}
                                                 {:f :read}
                                                 {:f :read}
                                                 {:f :read}
                                                 {:f :read}
                                                 {:f :read}
                                                 {:f :read}
                                                 ...)]})})})]})})})
  (jepsen.generator.Synchronize
   {:gen (jepsen.generator.OnThreads
          {:f #{:nemesis},
           :context-filter #object[jepsen.generator.context$make_thread_filter$lazy_filter__9167
                                   "0x4e6c4c55"
                                   "jepsen.generator.context$make_thread_filter$lazy_filter__9167@4e6c4c55"],
           :gen ({:type :info, :f :stop-partition, :value nil})})})
  (jepsen.generator.Synchronize
   {:gen {:type :log, :value "Waiting for recovery..."}})
  (jepsen.generator.Synchronize {:gen {:type :sleep, :value 10}})
  (jepsen.generator.Synchronize
   {:gen (jepsen.generator.OnThreads
          {:f #jepsen.generator.context.AllBut{:element :nemesis},
           :context-filter #object[jepsen.generator.context$make_thread_filter$lazy_filter__9167
                                   "0x74fbee59"
                                   "jepsen.generator.context$make_thread_filter$lazy_filter__9167@74fbee59"],
           :gen (jepsen.generator.EachThread
                 {:fresh-gen {:f :read, :final? true},
                  :context-filters #object[clojure.core$promise$reify__8591
                                           "0x3794621d"
                                           {:status :pending, :val nil}],
                  :gens {}})})}))
 :log-net-recv false
 :os
 #object[maelstrom.net$jepsen_os$reify__15254
         "0x737e4a7b"
         "maelstrom.net$jepsen_os$reify__15254@737e4a7b"]
 :time-limit 20
 :workload :broadcast
 :consistency-models [:strict-serializable]
 :topology :grid}

2026-03-20 15:42:13,585{GMT}	INFO	[jepsen node n0] maelstrom.net: Starting Maelstrom network
2026-03-20 15:42:13,586{GMT}	INFO	[jepsen test runner] jepsen.db: Tearing down DB
2026-03-20 15:42:13,588{GMT}	INFO	[jepsen test runner] jepsen.db: Setting up DB
2026-03-20 15:42:13,589{GMT}	INFO	[jepsen node n4] maelstrom.db: Setting up n4
2026-03-20 15:42:13,589{GMT}	INFO	[jepsen node n1] maelstrom.db: Setting up n1
2026-03-20 15:42:13,589{GMT}	INFO	[jepsen node n2] maelstrom.db: Setting up n2
2026-03-20 15:42:13,589{GMT}	INFO	[jepsen node n3] maelstrom.db: Setting up n3
2026-03-20 15:42:13,590{GMT}	INFO	[jepsen node n1] maelstrom.process: launching run.sh ["broadcast"]
2026-03-20 15:42:13,590{GMT}	INFO	[jepsen node n4] maelstrom.process: launching run.sh ["broadcast"]
2026-03-20 15:42:13,590{GMT}	INFO	[jepsen node n3] maelstrom.process: launching run.sh ["broadcast"]
2026-03-20 15:42:13,590{GMT}	INFO	[jepsen node n2] maelstrom.process: launching run.sh ["broadcast"]
2026-03-20 15:42:13,591{GMT}	INFO	[jepsen node n0] maelstrom.service: Starting services: (lin-kv lin-tso lww-kv seq-kv)
2026-03-20 15:42:13,593{GMT}	INFO	[jepsen node n0] maelstrom.db: Setting up n0
2026-03-20 15:42:13,594{GMT}	INFO	[jepsen node n0] maelstrom.process: launching run.sh ["broadcast"]
2026-03-20 15:42:13,756{GMT}	INFO	[jepsen test runner] jepsen.core: Relative time begins now
2026-03-20 15:42:13,776{GMT}	INFO	[jepsen worker nemesis] jepsen.util: :nemesis	:info	:start-partition	:majority
2026-03-20 15:42:13,776{GMT}	INFO	[jepsen worker 1] jepsen.util: 1	:invoke	:broadcast	0
2026-03-20 15:42:13,782{GMT}	INFO	[jepsen worker nemesis] jepsen.util: :nemesis	:info	:start-partition	[:isolated {"n0" #{"n2" "n1" "n4"}, "n3" #{"n2" "n1" "n4"}, "n2" #{"n0" "n3"}, "n1" #{"n0" "n3"}, "n4" #{"n0" "n3"}}]
2026-03-20 15:42:13,782{GMT}	INFO	[jepsen worker 1] jepsen.util: 1	:ok	:broadcast	0
2026-03-20 15:42:13,818{GMT}	INFO	[jepsen worker 2] jepsen.util: 2	:invoke	:broadcast	1
2026-03-20 15:42:13,823{GMT}	INFO	[jepsen worker 2] jepsen.util: 2	:ok	:broadcast	1
2026-03-20 15:42:13,912{GMT}	INFO	[jepsen worker 3] jepsen.util: 3	:invoke	:broadcast	2
2026-03-20 15:42:13,916{GMT}	INFO	[jepsen worker 3] jepsen.util: 3	:ok	:broadcast	2
2026-03-20 15:42:14,026{GMT}	INFO	[jepsen worker 4] jepsen.util: 4	:invoke	:read	nil
2026-03-20 15:42:14,030{GMT}	INFO	[jepsen worker 4] jepsen.util: 4	:ok	:read	[0 1]
2026-03-20 15:42:14,175{GMT}	INFO	[jepsen worker 0] jepsen.util: 0	:invoke	:read	nil
2026-03-20 15:42:14,178{GMT}	INFO	[jepsen worker 0] jepsen.util: 0	:ok	:read	[2]
2026-03-20 15:42:14,271{GMT}	INFO	[jepsen worker 0] jepsen.util: 0	:invoke	:broadcast	3
2026-03-20 15:42:14,274{GMT}	INFO	[jepsen worker 0] jepsen.util: 0	:ok	:broadcast	3
2026-03-20 15:42:14,319{GMT}	INFO	[jepsen worker 1] jepsen.util: 1	:invoke	:read	nil
2026-03-20 15:42:14,323{GMT}	INFO	[jepsen worker 1] jepsen.util: 1	:ok	:read	[0 1]
2026-03-20 15:42:14,352{GMT}	INFO	[jepsen worker 2] jepsen.util: 2	:invoke	:read	nil
2026-03-20 15:42:14,355{GMT}	INFO	[jepsen worker 2] jepsen.util: 2	:ok	:read	[0 1]
2026-03-20 15:42:14,386{GMT}	INFO	[jepsen worker 3] jepsen.util: 3	:invoke	:read	nil
2026-03-20 15:42:14,389{GMT}	INFO	[jepsen worker 3] jepsen.util: 3	:ok	:read	[2 3]
2026-03-20 15:42:14,538{GMT}	INFO	[jepsen worker 4] jepsen.util: 4	:invoke	:read	nil
2026-03-20 15:42:14,540{GMT}	INFO	[jepsen worker 4] jepsen.util: 4	:ok	:read	[0 1]
2026-03-20 15:42:14,677{GMT}	INFO	[jepsen worker 0] jepsen.util: 0	:invoke	:read	nil
2026-03-20 15:42:14,679{GMT}	INFO	[jepsen worker 0] jepsen.util: 0	:ok	:read	[2 3]
2026-03-20 15:42:14,820{GMT}	INFO	[jepsen worker 0] jepsen.util: 0	:invoke	:read	nil
2026-03-20 15:42:14,821{GMT}	INFO	[jepsen worker 0] jepsen.util: 0	:ok	:read	[2 3]
2026-03-20 15:42:15,003{GMT}	INFO	[jepsen worker 1] jepsen.util: 1	:invoke	:broadcast	4
2026-03-20 15:42:15,005{GMT}	INFO	[jepsen worker 1] jepsen.util: 1	:ok	:broadcast	4
2026-03-20 15:42:15,135{GMT}	INFO	[jepsen worker 2] jepsen.util: 2	:invoke	:read	nil
2026-03-20 15:42:15,137{GMT}	INFO	[jepsen worker 2] jepsen.util: 2	:ok	:read	[0 1 4]
2026-03-20 15:42:15,138{GMT}	INFO	[jepsen worker 3] jepsen.util: 3	:invoke	:read	nil
2026-03-20 15:42:15,140{GMT}	INFO	[jepsen worker 3] jepsen.util: 3	:ok	:read	[2 3]
2026-03-20 15:42:15,194{GMT}	INFO	[jepsen worker 4] jepsen.util: 4	:invoke	:read	nil
2026-03-20 15:42:15,196{GMT}	INFO	[jepsen worker 4] jepsen.util: 4	:ok	:read	[0 1 4]
2026-03-20 15:42:15,359{GMT}	INFO	[jepsen worker 0] jepsen.util: 0	:invoke	:broadcast	5
2026-03-20 15:42:15,362{GMT}	INFO	[jepsen worker 0] jepsen.util: 0	:ok	:broadcast	5
2026-03-20 15:42:15,546{GMT}	INFO	[jepsen worker 0] jepsen.util: 0	:invoke	:broadcast	6
2026-03-20 15:42:15,549{GMT}	INFO	[jepsen worker 0] jepsen.util: 0	:ok	:broadcast	6
2026-03-20 15:42:15,604{GMT}	INFO	[jepsen worker 1] jepsen.util: 1	:invoke	:read	nil
2026-03-20 15:42:15,605{GMT}	INFO	[jepsen worker 1] jepsen.util: 1	:ok	:read	[0 1 4]
2026-03-20 15:42:15,670{GMT}	INFO	[jepsen worker 2] jepsen.util: 2	:invoke	:read	nil
2026-03-20 15:42:15,673{GMT}	INFO	[jepsen worker 2] jepsen.util: 2	:ok	:read	[0 1 4]
2026-03-20 15:42:15,821{GMT}	INFO	[jepsen worker 3] jepsen.util: 3	:invoke	:broadcast	7
2026-03-20 15:42:15,823{GMT}	INFO	[jepsen worker 3] jepsen.util: 3	:ok	:broadcast	7
2026-03-20 15:42:15,879{GMT}	INFO	[jepsen worker 4] jepsen.util: 4	:invoke	:broadcast	8
2026-03-20 15:42:15,882{GMT}	INFO	[jepsen worker 4] jepsen.util: 4	:ok	:broadcast	8
2026-03-20 15:42:15,912{GMT}	INFO	[jepsen worker 0] jepsen.util: 0	:invoke	:broadcast	9
2026-03-20 15:42:15,915{GMT}	INFO	[jepsen worker 0] jepsen.util: 0	:ok	:broadcast	9
2026-03-20 15:42:16,053{GMT}	INFO	[jepsen worker 0] jepsen.util: 0	:invoke	:read	nil
2026-03-20 15:42:16,055{GMT}	INFO	[jepsen worker 0] jepsen.util: 0	:ok	:read	[2 3 5 6 7 9]
2026-03-20 15:42:16,215{GMT}	INFO	[jepsen worker 1] jepsen.util: 1	:invoke	:broadcast	10
2026-03-20 15:42:16,218{GMT}	INFO	[jepsen worker 1] jepsen.util: 1	:ok	:broadcast	10
2026-03-20 15:42:16,316{GMT}	INFO	[jepsen worker 2] jepsen.util: 2	:invoke	:broadcast	11
2026-03-20 15:42:16,318{GMT}	INFO	[jepsen worker 2] jepsen.util: 2	:ok	:broadcast	11
2026-03-20 15:42:16,499{GMT}	INFO	[jepsen worker 3] jepsen.util: 3	:invoke	:read	nil
2026-03-20 15:42:16,501{GMT}	INFO	[jepsen worker 3] jepsen.util: 3	:ok	:read	[2 3 5 6 7 9]
2026-03-20 15:42:16,648{GMT}	INFO	[jepsen worker 4] jepsen.util: 4	:invoke	:read	nil
2026-03-20 15:42:16,650{GMT}	INFO	[jepsen worker 4] jepsen.util: 4	:ok	:read	[0 1 4 8 10 11]
2026-03-20 15:42:16,799{GMT}	INFO	[jepsen worker 0] jepsen.util: 0	:invoke	:read	nil
2026-03-20 15:42:16,801{GMT}	INFO	[jepsen worker 0] jepsen.util: 0	:ok	:read	[2 3 5 6 7 9]
2026-03-20 15:42:16,925{GMT}	INFO	[jepsen worker 0] jepsen.util: 0	:invoke	:broadcast	12
2026-03-20 15:42:16,927{GMT}	INFO	[jepsen worker 0] jepsen.util: 0	:ok	:broadcast	12
2026-03-20 15:42:16,970{GMT}	INFO	[jepsen worker 1] jepsen.util: 1	:invoke	:broadcast	13
2026-03-20 15:42:16,972{GMT}	INFO	[jepsen worker 1] jepsen.util: 1	:ok	:broadcast	13
2026-03-20 15:42:17,099{GMT}	INFO	[jepsen worker 2] jepsen.util: 2	:invoke	:read	nil
2026-03-20 15:42:17,100{GMT}	INFO	[jepsen worker 2] jepsen.util: 2	:ok	:read	[0 1 4 8 10 11 13]
2026-03-20 15:42:17,193{GMT}	INFO	[jepsen worker 3] jepsen.util: 3	:invoke	:broadcast	14
2026-03-20 15:42:17,195{GMT}	INFO	[jepsen worker 3] jepsen.util: 3	:ok	:broadcast	14
2026-03-20 15:42:17,213{GMT}	INFO	[jepsen worker 4] jepsen.util: 4	:invoke	:read	nil
2026-03-20 15:42:17,214{GMT}	INFO	[jepsen worker 4] jepsen.util: 4	:ok	:read	[0 1 4 8 10 11 13]
2026-03-20 15:42:17,312{GMT}	INFO	[jepsen worker 0] jepsen.util: 0	:invoke	:read	nil
2026-03-20 15:42:17,314{GMT}	INFO	[jepsen worker 0] jepsen.util: 0	:ok	:read	[2 3 5 6 7 9 12 14]
2026-03-20 15:42:17,342{GMT}	INFO	[jepsen worker 0] jepsen.util: 0	:invoke	:broadcast	15
2026-03-20 15:42:17,344{GMT}	INFO	[jepsen worker 0] jepsen.util: 0	:ok	:broadcast	15
2026-03-20 15:42:17,362{GMT}	INFO	[jepsen worker 1] jepsen.util: 1	:invoke	:read	nil
2026-03-20 15:42:17,364{GMT}	INFO	[jepsen worker 1] jepsen.util: 1	:ok	:read	[0 1 4 8 10 11 13]
2026-03-20 15:42:17,553{GMT}	INFO	[jepsen worker 2] jepsen.util: 2	:invoke	:broadcast	16
2026-03-20 15:42:17,556{GMT}	INFO	[jepsen worker 2] jepsen.util: 2	:ok	:broadcast	16
2026-03-20 15:42:17,650{GMT}	INFO	[jepsen worker 3] jepsen.util: 3	:invoke	:read	nil
2026-03-20 15:42:17,651{GMT}	INFO	[jepsen worker 3] jepsen.util: 3	:ok	:read	[2 3 5 6 7 9 12 14 15]
2026-03-20 15:42:17,705{GMT}	INFO	[jepsen worker 4] jepsen.util: 4	:invoke	:read	nil
2026-03-20 15:42:17,707{GMT}	INFO	[jepsen worker 4] jepsen.util: 4	:ok	:read	[0 1 4 8 10 11 13 16]
2026-03-20 15:42:17,742{GMT}	INFO	[jepsen worker 0] jepsen.util: 0	:invoke	:read	nil
2026-03-20 15:42:17,743{GMT}	INFO	[jepsen worker 0] jepsen.util: 0	:ok	:read	[2 3 5 6 7 9 12 14 15]
2026-03-20 15:42:17,826{GMT}	INFO	[jepsen worker 0] jepsen.util: 0	:invoke	:read	nil
2026-03-20 15:42:17,827{GMT}	INFO	[jepsen worker 0] jepsen.util: 0	:ok	:read	[2 3 5 6 7 9 12 14 15]
2026-03-20 15:42:17,996{GMT}	INFO	[jepsen worker 1] jepsen.util: 1	:invoke	:broadcast	17
2026-03-20 15:42:17,998{GMT}	INFO	[jepsen worker 1] jepsen.util: 1	:ok	:broadcast	17
2026-03-20 15:42:18,106{GMT}	INFO	[jepsen worker 2] jepsen.util: 2	:invoke	:read	nil
2026-03-20 15:42:18,108{GMT}	INFO	[jepsen worker 2] jepsen.util: 2	:ok	:read	[0 1 4 8 10 11 13 16 17]
2026-03-20 15:42:18,193{GMT}	INFO	[jepsen worker 3] jepsen.util: 3	:invoke	:read	nil
2026-03-20 15:42:18,194{GMT}	INFO	[jepsen worker 3] jepsen.util: 3	:ok	:read	[2 3 5 6 7 9 12 14 15]
2026-03-20 15:42:18,377{GMT}	INFO	[jepsen worker 4] jepsen.util: 4	:invoke	:read	nil
2026-03-20 15:42:18,379{GMT}	INFO	[jepsen worker 4] jepsen.util: 4	:ok	:read	[0 1 4 8 10 11 13 16 17]
2026-03-20 15:42:18,400{GMT}	INFO	[jepsen worker 0] jepsen.util: 0	:invoke	:broadcast	18
2026-03-20 15:42:18,402{GMT}	INFO	[jepsen worker 0] jepsen.util: 0	:ok	:broadcast	18
2026-03-20 15:42:18,468{GMT}	INFO	[jepsen worker 0] jepsen.util: 0	:invoke	:broadcast	19
2026-03-20 15:42:18,469{GMT}	INFO	[jepsen worker 0] jepsen.util: 0	:ok	:broadcast	19
2026-03-20 15:42:18,510{GMT}	INFO	[jepsen worker 1] jepsen.util: 1	:invoke	:broadcast	20
2026-03-20 15:42:18,512{GMT}	INFO	[jepsen worker 1] jepsen.util: 1	:ok	:broadcast	20
2026-03-20 15:42:18,674{GMT}	INFO	[jepsen worker 2] jepsen.util: 2	:invoke	:broadcast	21
2026-03-20 15:42:18,676{GMT}	INFO	[jepsen worker 2] jepsen.util: 2	:ok	:broadcast	21
2026-03-20 15:42:18,712{GMT}	INFO	[jepsen worker 3] jepsen.util: 3	:invoke	:read	nil
2026-03-20 15:42:18,714{GMT}	INFO	[jepsen worker 3] jepsen.util: 3	:ok	:read	[2 3 5 6 7 9 12 14 15 18 19]
2026-03-20 15:42:18,791{GMT}	INFO	[jepsen worker 4] jepsen.util: 4	:invoke	:broadcast	22
2026-03-20 15:42:18,794{GMT}	INFO	[jepsen worker 4] jepsen.util: 4	:ok	:broadcast	22
2026-03-20 15:42:18,977{GMT}	INFO	[jepsen worker 0] jepsen.util: 0	:invoke	:read	nil
2026-03-20 15:42:18,978{GMT}	INFO	[jepsen worker 0] jepsen.util: 0	:ok	:read	[2 3 5 6 7 9 12 14 15 18 19]
2026-03-20 15:42:19,088{GMT}	INFO	[jepsen worker 0] jepsen.util: 0	:invoke	:broadcast	23
2026-03-20 15:42:19,090{GMT}	INFO	[jepsen worker 0] jepsen.util: 0	:ok	:broadcast	23
2026-03-20 15:42:19,184{GMT}	INFO	[jepsen worker 1] jepsen.util: 1	:invoke	:broadcast	24
2026-03-20 15:42:19,185{GMT}	INFO	[jepsen worker 1] jepsen.util: 1	:ok	:broadcast	24
2026-03-20 15:42:19,236{GMT}	INFO	[jepsen worker 2] jepsen.util: 2	:invoke	:broadcast	25
2026-03-20 15:42:19,237{GMT}	INFO	[jepsen worker 2] jepsen.util: 2	:ok	:broadcast	25
2026-03-20 15:42:19,250{GMT}	INFO	[jepsen worker 3] jepsen.util: 3	:invoke	:broadcast	26
2026-03-20 15:42:19,252{GMT}	INFO	[jepsen worker 3] jepsen.util: 3	:ok	:broadcast	26
2026-03-20 15:42:19,308{GMT}	INFO	[jepsen worker 4] jepsen.util: 4	:invoke	:read	nil
2026-03-20 15:42:19,309{GMT}	INFO	[jepsen worker 4] jepsen.util: 4	:ok	:read	[0 1 4 8 10 11 13 16 17 20 21 22 24 25]
2026-03-20 15:42:19,321{GMT}	INFO	[jepsen worker 0] jepsen.util: 0	:invoke	:broadcast	27
2026-03-20 15:42:19,322{GMT}	INFO	[jepsen worker 0] jepsen.util: 0	:ok	:broadcast	27
2026-03-20 15:42:19,446{GMT}	INFO	[jepsen worker 0] jepsen.util: 0	:invoke	:broadcast	28
2026-03-20 15:42:19,448{GMT}	INFO	[jepsen worker 0] jepsen.util: 0	:ok	:broadcast	28
2026-03-20 15:42:19,635{GMT}	INFO	[jepsen worker 1] jepsen.util: 1	:invoke	:broadcast	29
2026-03-20 15:42:19,637{GMT}	INFO	[jepsen worker 1] jepsen.util: 1	:ok	:broadcast	29
2026-03-20 15:42:19,657{GMT}	INFO	[jepsen worker 2] jepsen.util: 2	:invoke	:read	nil
2026-03-20 15:42:19,659{GMT}	INFO	[jepsen worker 2] jepsen.util: 2	:ok	:read	[0 1 4 8 10 11 13 16 17 20 21 22 24 25 29]
2026-03-20 15:42:19,770{GMT}	INFO	[jepsen worker 3] jepsen.util: 3	:invoke	:broadcast	30
2026-03-20 15:42:19,771{GMT}	INFO	[jepsen worker 3] jepsen.util: 3	:ok	:broadcast	30
2026-03-20 15:42:19,796{GMT}	INFO	[jepsen worker 4] jepsen.util: 4	:invoke	:read	nil
2026-03-20 15:42:19,797{GMT}	INFO	[jepsen worker 4] jepsen.util: 4	:ok	:read	[0 1 4 8 10 11 13 16 17 20 21 22 24 25 29]
2026-03-20 15:42:19,817{GMT}	INFO	[jepsen worker 0] jepsen.util: 0	:invoke	:read	nil
2026-03-20 15:42:19,819{GMT}	INFO	[jepsen worker 0] jepsen.util: 0	:ok	:read	[2 3 5 6 7 9 12 14 15 18 19 23 26 27 28 30]
2026-03-20 15:42:19,888{GMT}	INFO	[jepsen worker 0] jepsen.util: 0	:invoke	:broadcast	31
2026-03-20 15:42:19,890{GMT}	INFO	[jepsen worker 0] jepsen.util: 0	:ok	:broadcast	31
2026-03-20 15:42:20,054{GMT}	INFO	[jepsen worker 1] jepsen.util: 1	:invoke	:read	nil
2026-03-20 15:42:20,056{GMT}	INFO	[jepsen worker 1] jepsen.util: 1	:ok	:read	[0 1 4 8 10 11 13 16 17 20 21 22 24 25 29]
2026-03-20 15:42:20,105{GMT}	INFO	[jepsen worker 2] jepsen.util: 2	:invoke	:read	nil
2026-03-20 15:42:20,108{GMT}	INFO	[jepsen worker 2] jepsen.util: 2	:ok	:read	[0 1 4 8 10 11 13 16 17 20 21 22 24 25 29]
2026-03-20 15:42:20,191{GMT}	INFO	[jepsen worker 3] jepsen.util: 3	:invoke	:read	nil
2026-03-20 15:42:20,192{GMT}	INFO	[jepsen worker 3] jepsen.util: 3	:ok	:read	[2 3 5 6 7 9 12 14 15 18 19 23 26 27 28 30 31]
2026-03-20 15:42:20,321{GMT}	INFO	[jepsen worker 4] jepsen.util: 4	:invoke	:read	nil
2026-03-20 15:42:20,322{GMT}	INFO	[jepsen worker 4] jepsen.util: 4	:ok	:read	[0 1 4 8 10 11 13 16 17 20 21 22 24 25 29]
2026-03-20 15:42:20,509{GMT}	INFO	[jepsen worker 0] jepsen.util: 0	:invoke	:read	nil
2026-03-20 15:42:20,510{GMT}	INFO	[jepsen worker 0] jepsen.util: 0	:ok	:read	[2 3 5 6 7 9 12 14 15 18 19 23 26 27 28 30 31]
2026-03-20 15:42:20,632{GMT}	INFO	[jepsen worker 0] jepsen.util: 0	:invoke	:broadcast	32
2026-03-20 15:42:20,634{GMT}	INFO	[jepsen worker 0] jepsen.util: 0	:ok	:broadcast	32
2026-03-20 15:42:20,702{GMT}	INFO	[jepsen worker 1] jepsen.util: 1	:invoke	:broadcast	33
2026-03-20 15:42:20,703{GMT}	INFO	[jepsen worker 1] jepsen.util: 1	:ok	:broadcast	33
2026-03-20 15:42:20,707{GMT}	INFO	[jepsen worker 2] jepsen.util: 2	:invoke	:read	nil
2026-03-20 15:42:20,708{GMT}	INFO	[jepsen worker 2] jepsen.util: 2	:ok	:read	[0 1 4 8 10 11 13 16 17 20 21 22 24 25 29 33]
2026-03-20 15:42:20,748{GMT}	INFO	[jepsen worker 3] jepsen.util: 3	:invoke	:read	nil
2026-03-20 15:42:20,749{GMT}	INFO	[jepsen worker 3] jepsen.util: 3	:ok	:read	[2 3 5 6 7 9 12 14 15 18 19 23 26 27 28 30 31 32]
2026-03-20 15:42:20,776{GMT}	INFO	[jepsen worker nemesis] jepsen.util: :nemesis	:info	:stop-partition	nil
2026-03-20 15:42:20,776{GMT}	INFO	[jepsen worker nemesis] jepsen.util: :nemesis	:info	:stop-partition	:network-healed
2026-03-20 15:42:20,781{GMT}	INFO	[jepsen worker 0] jepsen.util: 0	:invoke	:broadcast	34
2026-03-20 15:42:20,783{GMT}	INFO	[jepsen worker 0] jepsen.util: 0	:ok	:broadcast	34
2026-03-20 15:42:20,873{GMT}	INFO	[jepsen worker 0] jepsen.util: 0	:invoke	:broadcast	35
2026-03-20 15:42:20,875{GMT}	INFO	[jepsen worker 0] jepsen.util: 0	:ok	:broadcast	35
2026-03-20 15:42:20,933{GMT}	INFO	[jepsen worker 1] jepsen.util: 1	:invoke	:broadcast	36
2026-03-20 15:42:20,935{GMT}	INFO	[jepsen worker 1] jepsen.util: 1	:ok	:broadcast	36
2026-03-20 15:42:21,119{GMT}	INFO	[jepsen worker 2] jepsen.util: 2	:invoke	:read	nil
2026-03-20 15:42:21,121{GMT}	INFO	[jepsen worker 2] jepsen.util: 2	:ok	:read	[0 1 4 8 10 11 13 16 17 20 21 22 24 25 29 33 34 34 35 35 36]
2026-03-20 15:42:21,180{GMT}	INFO	[jepsen worker 3] jepsen.util: 3	:invoke	:broadcast	37
2026-03-20 15:42:21,181{GMT}	INFO	[jepsen worker 3] jepsen.util: 3	:ok	:broadcast	37
2026-03-20 15:42:21,267{GMT}	INFO	[jepsen worker 4] jepsen.util: 4	:invoke	:read	nil
2026-03-20 15:42:21,268{GMT}	INFO	[jepsen worker 4] jepsen.util: 4	:ok	:read	[0 1 4 8 10 11 13 16 17 20 21 22 24 25 29 33 34 34 35 35 36 36 37 37]
2026-03-20 15:42:21,389{GMT}	INFO	[jepsen worker 0] jepsen.util: 0	:invoke	:broadcast	38
2026-03-20 15:42:21,391{GMT}	INFO	[jepsen worker 0] jepsen.util: 0	:ok	:broadcast	38
2026-03-20 15:42:21,438{GMT}	INFO	[jepsen worker 0] jepsen.util: 0	:invoke	:read	nil
2026-03-20 15:42:21,439{GMT}	INFO	[jepsen worker 0] jepsen.util: 0	:ok	:read	[2 3 5 6 7 9 12 14 15 18 19 23 26 27 28 30 31 32 34 35 36 36 37 37 38]
2026-03-20 15:42:21,636{GMT}	INFO	[jepsen worker 1] jepsen.util: 1	:invoke	:broadcast	39
2026-03-20 15:42:21,637{GMT}	INFO	[jepsen worker 1] jepsen.util: 1	:ok	:broadcast	39
2026-03-20 15:42:21,767{GMT}	INFO	[jepsen worker 2] jepsen.util: 2	:invoke	:read	nil
2026-03-20 15:42:21,769{GMT}	INFO	[jepsen worker 2] jepsen.util: 2	:ok	:read	[0 1 4 8 10 11 13 16 17 20 21 22 24 25 29 33 34 34 35 35 36 37 37 38 38 39]
2026-03-20 15:42:21,948{GMT}	INFO	[jepsen worker 3] jepsen.util: 3	:invoke	:broadcast	40
2026-03-20 15:42:21,950{GMT}	INFO	[jepsen worker 3] jepsen.util: 3	:ok	:broadcast	40
2026-03-20 15:42:22,129{GMT}	INFO	[jepsen worker 4] jepsen.util: 4	:invoke	:read	nil
2026-03-20 15:42:22,130{GMT}	INFO	[jepsen worker 4] jepsen.util: 4	:ok	:read	[0 1 4 8 10 11 13 16 17 20 21 22 24 25 29 33 34 34 35 35 36 36 37 37 38 38 39 39 40 40]
2026-03-20 15:42:22,294{GMT}	INFO	[jepsen worker 0] jepsen.util: 0	:invoke	:broadcast	41
2026-03-20 15:42:22,295{GMT}	INFO	[jepsen worker 0] jepsen.util: 0	:ok	:broadcast	41
2026-03-20 15:42:22,405{GMT}	INFO	[jepsen worker 0] jepsen.util: 0	:invoke	:read	nil
2026-03-20 15:42:22,407{GMT}	INFO	[jepsen worker 0] jepsen.util: 0	:ok	:read	[2 3 5 6 7 9 12 14 15 18 19 23 26 27 28 30 31 32 34 35 36 36 37 37 38 39 39 40 40 41]
2026-03-20 15:42:22,458{GMT}	INFO	[jepsen worker 1] jepsen.util: 1	:invoke	:broadcast	42
2026-03-20 15:42:22,460{GMT}	INFO	[jepsen worker 1] jepsen.util: 1	:ok	:broadcast	42
2026-03-20 15:42:22,532{GMT}	INFO	[jepsen worker 2] jepsen.util: 2	:invoke	:broadcast	43
2026-03-20 15:42:22,533{GMT}	INFO	[jepsen worker 2] jepsen.util: 2	:ok	:broadcast	43
2026-03-20 15:42:22,662{GMT}	INFO	[jepsen worker 3] jepsen.util: 3	:invoke	:read	nil
2026-03-20 15:42:22,664{GMT}	INFO	[jepsen worker 3] jepsen.util: 3	:ok	:read	[2 3 5 6 7 9 12 14 15 18 19 23 26 27 28 30 31 32 34 34 35 35 36 36 37 38 38 39 39 40 41 41 42 42 43 43]
2026-03-20 15:42:22,863{GMT}	INFO	[jepsen worker 4] jepsen.util: 4	:invoke	:read	nil
2026-03-20 15:42:22,866{GMT}	INFO	[jepsen worker 4] jepsen.util: 4	:ok	:read	[0 1 4 8 10 11 13 16 17 20 21 22 24 25 29 33 34 34 35 35 36 36 37 37 38 38 39 39 40 40 41 41 42 42 43 43]
2026-03-20 15:42:22,917{GMT}	INFO	[jepsen worker 0] jepsen.util: 0	:invoke	:broadcast	44
2026-03-20 15:42:22,919{GMT}	INFO	[jepsen worker 0] jepsen.util: 0	:ok	:broadcast	44
2026-03-20 15:42:23,061{GMT}	INFO	[jepsen worker 0] jepsen.util: 0	:invoke	:read	nil
2026-03-20 15:42:23,063{GMT}	INFO	[jepsen worker 0] jepsen.util: 0	:ok	:read	[2 3 5 6 7 9 12 14 15 18 19 23 26 27 28 30 31 32 34 35 36 36 37 37 38 39 39 40 40 41 42 42 43 43 44]
2026-03-20 15:42:23,073{GMT}	INFO	[jepsen worker 1] jepsen.util: 1	:invoke	:read	nil
2026-03-20 15:42:23,076{GMT}	INFO	[jepsen worker 1] jepsen.util: 1	:ok	:read	[0 1 4 8 10 11 13 16 17 20 21 22 24 25 29 33 34 34 35 35 36 37 37 38 38 39 40 40 41 41 42 43 44 44]
2026-03-20 15:42:23,132{GMT}	INFO	[jepsen worker 2] jepsen.util: 2	:invoke	:broadcast	45
2026-03-20 15:42:23,134{GMT}	INFO	[jepsen worker 2] jepsen.util: 2	:ok	:broadcast	45
2026-03-20 15:42:23,250{GMT}	INFO	[jepsen worker 3] jepsen.util: 3	:invoke	:read	nil
2026-03-20 15:42:23,251{GMT}	INFO	[jepsen worker 3] jepsen.util: 3	:ok	:read	[2 3 5 6 7 9 12 14 15 18 19 23 26 27 28 30 31 32 34 34 35 35 36 36 37 38 38 39 39 40 41 41 42 42 43 43 44 44 45 45]
2026-03-20 15:42:23,409{GMT}	INFO	[jepsen worker 4] jepsen.util: 4	:invoke	:broadcast	46
2026-03-20 15:42:23,410{GMT}	INFO	[jepsen worker 4] jepsen.util: 4	:ok	:broadcast	46
2026-03-20 15:42:23,566{GMT}	INFO	[jepsen worker 0] jepsen.util: 0	:invoke	:read	nil
2026-03-20 15:42:23,567{GMT}	INFO	[jepsen worker 0] jepsen.util: 0	:ok	:read	[2 3 5 6 7 9 12 14 15 18 19 23 26 27 28 30 31 32 34 35 36 36 37 37 38 39 39 40 40 41 42 42 43 43 44 45 45 46 46]
2026-03-20 15:42:23,661{GMT}	INFO	[jepsen worker 0] jepsen.util: 0	:invoke	:read	nil
2026-03-20 15:42:23,662{GMT}	INFO	[jepsen worker 0] jepsen.util: 0	:ok	:read	[2 3 5 6 7 9 12 14 15 18 19 23 26 27 28 30 31 32 34 35 36 36 37 37 38 39 39 40 40 41 42 42 43 43 44 45 45 46 46]
2026-03-20 15:42:23,826{GMT}	INFO	[jepsen worker 1] jepsen.util: 1	:invoke	:broadcast	47
2026-03-20 15:42:23,828{GMT}	INFO	[jepsen worker 1] jepsen.util: 1	:ok	:broadcast	47
2026-03-20 15:42:23,937{GMT}	INFO	[jepsen worker 2] jepsen.util: 2	:invoke	:broadcast	48
2026-03-20 15:42:23,939{GMT}	INFO	[jepsen worker 2] jepsen.util: 2	:ok	:broadcast	48
2026-03-20 15:42:24,008{GMT}	INFO	[jepsen worker 3] jepsen.util: 3	:invoke	:read	nil
2026-03-20 15:42:24,010{GMT}	INFO	[jepsen worker 3] jepsen.util: 3	:ok	:read	[2 3 5 6 7 9 12 14 15 18 19 23 26 27 28 30 31 32 34 34 35 35 36 36 37 38 38 39 39 40 41 41 42 42 43 43 44 44 45 45 46 46 47 47 48 48]
2026-03-20 15:42:24,015{GMT}	INFO	[jepsen worker 4] jepsen.util: 4	:invoke	:broadcast	49
2026-03-20 15:42:24,017{GMT}	INFO	[jepsen worker 4] jepsen.util: 4	:ok	:broadcast	49
2026-03-20 15:42:24,204{GMT}	INFO	[jepsen worker 0] jepsen.util: 0	:invoke	:read	nil
2026-03-20 15:42:24,205{GMT}	INFO	[jepsen worker 0] jepsen.util: 0	:ok	:read	[2 3 5 6 7 9 12 14 15 18 19 23 26 27 28 30 31 32 34 35 36 36 37 37 38 39 39 40 40 41 42 42 43 43 44 45 45 46 46 47 47 48 48 49 49]
2026-03-20 15:42:24,240{GMT}	INFO	[jepsen worker 0] jepsen.util: 0	:invoke	:read	nil
2026-03-20 15:42:24,241{GMT}	INFO	[jepsen worker 0] jepsen.util: 0	:ok	:read	[2 3 5 6 7 9 12 14 15 18 19 23 26 27 28 30 31 32 34 35 36 36 37 37 38 39 39 40 40 41 42 42 43 43 44 45 45 46 46 47 47 48 48 49 49]
2026-03-20 15:42:24,320{GMT}	INFO	[jepsen worker 1] jepsen.util: 1	:invoke	:broadcast	50
2026-03-20 15:42:24,321{GMT}	INFO	[jepsen worker 1] jepsen.util: 1	:ok	:broadcast	50
2026-03-20 15:42:24,409{GMT}	INFO	[jepsen worker 2] jepsen.util: 2	:invoke	:broadcast	51
2026-03-20 15:42:24,410{GMT}	INFO	[jepsen worker 2] jepsen.util: 2	:ok	:broadcast	51
2026-03-20 15:42:24,503{GMT}	INFO	[jepsen worker 3] jepsen.util: 3	:invoke	:broadcast	52
2026-03-20 15:42:24,506{GMT}	INFO	[jepsen worker 3] jepsen.util: 3	:ok	:broadcast	52
2026-03-20 15:42:24,521{GMT}	INFO	[jepsen worker 4] jepsen.util: 4	:invoke	:broadcast	53
2026-03-20 15:42:24,523{GMT}	INFO	[jepsen worker 4] jepsen.util: 4	:ok	:broadcast	53
2026-03-20 15:42:24,714{GMT}	INFO	[jepsen worker 0] jepsen.util: 0	:invoke	:broadcast	54
2026-03-20 15:42:24,716{GMT}	INFO	[jepsen worker 0] jepsen.util: 0	:ok	:broadcast	54
2026-03-20 15:42:24,735{GMT}	INFO	[jepsen worker 0] jepsen.util: 0	:invoke	:broadcast	55
2026-03-20 15:42:24,736{GMT}	INFO	[jepsen worker 0] jepsen.util: 0	:ok	:broadcast	55
2026-03-20 15:42:24,862{GMT}	INFO	[jepsen worker 1] jepsen.util: 1	:invoke	:read	nil
2026-03-20 15:42:24,863{GMT}	INFO	[jepsen worker 1] jepsen.util: 1	:ok	:read	[0 1 4 8 10 11 13 16 17 20 21 22 24 25 29 33 34 34 35 35 36 37 37 38 38 39 40 40 41 41 42 43 44 44 45 46 46 47 48 49 49 50 51 52 52 53 53 54 54 55 55]
2026-03-20 15:42:25,033{GMT}	INFO	[jepsen worker 2] jepsen.util: 2	:invoke	:read	nil
2026-03-20 15:42:25,034{GMT}	INFO	[jepsen worker 2] jepsen.util: 2	:ok	:read	[0 1 4 8 10 11 13 16 17 20 21 22 24 25 29 33 34 34 35 35 36 37 37 38 38 39 40 40 41 41 42 43 44 44 45 46 46 47 48 49 49 50 51 52 52 53 53 54 54 55 55]
2026-03-20 15:42:25,077{GMT}	INFO	[jepsen worker 3] jepsen.util: 3	:invoke	:broadcast	56
2026-03-20 15:42:25,079{GMT}	INFO	[jepsen worker 3] jepsen.util: 3	:ok	:broadcast	56
2026-03-20 15:42:25,120{GMT}	INFO	[jepsen worker 4] jepsen.util: 4	:invoke	:read	nil
2026-03-20 15:42:25,125{GMT}	INFO	[jepsen worker 4] jepsen.util: 4	:ok	:read	[0 1 4 8 10 11 13 16 17 20 21 22 24 25 29 33 34 34 35 35 36 36 37 37 38 38 39 39 40 40 41 41 42 42 43 43 44 44 45 45 46 47 47 48 48 49 50 50 51 51 52 52 53 54 54 55 55 56 56]
2026-03-20 15:42:25,148{GMT}	INFO	[jepsen worker 0] jepsen.util: 0	:invoke	:read	nil
2026-03-20 15:42:25,150{GMT}	INFO	[jepsen worker 0] jepsen.util: 0	:ok	:read	[2 3 5 6 7 9 12 14 15 18 19 23 26 27 28 30 31 32 34 35 36 36 37 37 38 39 39 40 40 41 42 42 43 43 44 45 45 46 46 47 47 48 48 49 49 50 50 51 51 52 52 53 53 54 55 56 56]
2026-03-20 15:42:25,247{GMT}	INFO	[jepsen worker 0] jepsen.util: 0	:invoke	:broadcast	57
2026-03-20 15:42:25,261{GMT}	INFO	[jepsen worker 0] jepsen.util: 0	:ok	:broadcast	57
2026-03-20 15:42:25,422{GMT}	INFO	[jepsen worker 1] jepsen.util: 1	:invoke	:broadcast	58
2026-03-20 15:42:25,424{GMT}	INFO	[jepsen worker 1] jepsen.util: 1	:ok	:broadcast	58
2026-03-20 15:42:25,466{GMT}	INFO	[jepsen worker 2] jepsen.util: 2	:invoke	:read	nil
2026-03-20 15:42:25,467{GMT}	INFO	[jepsen worker 2] jepsen.util: 2	:ok	:read	[0 1 4 8 10 11 13 16 17 20 21 22 24 25 29 33 34 34 35 35 36 37 37 38 38 39 40 40 41 41 42 43 44 44 45 46 46 47 48 49 49 50 51 52 52 53 53 54 54 55 55 56 56 57 57 58]
2026-03-20 15:42:25,484{GMT}	INFO	[jepsen worker 3] jepsen.util: 3	:invoke	:broadcast	59
2026-03-20 15:42:25,486{GMT}	INFO	[jepsen worker 3] jepsen.util: 3	:ok	:broadcast	59
2026-03-20 15:42:25,648{GMT}	INFO	[jepsen worker 4] jepsen.util: 4	:invoke	:broadcast	60
2026-03-20 15:42:25,650{GMT}	INFO	[jepsen worker 4] jepsen.util: 4	:ok	:broadcast	60
2026-03-20 15:42:25,692{GMT}	INFO	[jepsen worker 0] jepsen.util: 0	:invoke	:broadcast	61
2026-03-20 15:42:25,693{GMT}	INFO	[jepsen worker 0] jepsen.util: 0	:ok	:broadcast	61
2026-03-20 15:42:25,804{GMT}	INFO	[jepsen worker 0] jepsen.util: 0	:invoke	:broadcast	62
2026-03-20 15:42:25,805{GMT}	INFO	[jepsen worker 0] jepsen.util: 0	:ok	:broadcast	62
2026-03-20 15:42:25,874{GMT}	INFO	[jepsen worker 1] jepsen.util: 1	:invoke	:read	nil
2026-03-20 15:42:25,875{GMT}	INFO	[jepsen worker 1] jepsen.util: 1	:ok	:read	[0 1 4 8 10 11 13 16 17 20 21 22 24 25 29 33 34 34 35 35 36 37 37 38 38 39 40 40 41 41 42 43 44 44 45 46 46 47 48 49 49 50 51 52 52 53 53 54 54 55 55 56 56 57 57 58 59 59 60 60 61 61 62 62]
2026-03-20 15:42:25,954{GMT}	INFO	[jepsen worker 2] jepsen.util: 2	:invoke	:broadcast	63
2026-03-20 15:42:25,955{GMT}	INFO	[jepsen worker 2] jepsen.util: 2	:ok	:broadcast	63
2026-03-20 15:42:26,042{GMT}	INFO	[jepsen worker 3] jepsen.util: 3	:invoke	:read	nil
2026-03-20 15:42:26,043{GMT}	INFO	[jepsen worker 3] jepsen.util: 3	:ok	:read	[2 3 5 6 7 9 12 14 15 18 19 23 26 27 28 30 31 32 34 34 35 35 36 36 37 38 38 39 39 40 41 41 42 42 43 43 44 44 45 45 46 46 47 47 48 48 49 49 50 50 51 51 52 53 53 54 54 55 55 56 57 57 58 58 59 60 60 61 61 62 62 63 63]
2026-03-20 15:42:26,234{GMT}	INFO	[jepsen worker 4] jepsen.util: 4	:invoke	:broadcast	64
2026-03-20 15:42:26,235{GMT}	INFO	[jepsen worker 4] jepsen.util: 4	:ok	:broadcast	64
2026-03-20 15:42:26,251{GMT}	INFO	[jepsen worker 0] jepsen.util: 0	:invoke	:broadcast	65
2026-03-20 15:42:26,252{GMT}	INFO	[jepsen worker 0] jepsen.util: 0	:ok	:broadcast	65
2026-03-20 15:42:26,272{GMT}	INFO	[jepsen worker 0] jepsen.util: 0	:invoke	:read	nil
2026-03-20 15:42:26,273{GMT}	INFO	[jepsen worker 0] jepsen.util: 0	:ok	:read	[2 3 5 6 7 9 12 14 15 18 19 23 26 27 28 30 31 32 34 35 36 36 37 37 38 39 39 40 40 41 42 42 43 43 44 45 45 46 46 47 47 48 48 49 49 50 50 51 51 52 52 53 53 54 55 56 56 57 58 58 59 59 60 60 61 62 63 63 64 64 65]
2026-03-20 15:42:26,459{GMT}	INFO	[jepsen worker 1] jepsen.util: 1	:invoke	:read	nil
2026-03-20 15:42:26,460{GMT}	INFO	[jepsen worker 1] jepsen.util: 1	:ok	:read	[0 1 4 8 10 11 13 16 17 20 21 22 24 25 29 33 34 34 35 35 36 37 37 38 38 39 40 40 41 41 42 43 44 44 45 46 46 47 48 49 49 50 51 52 52 53 53 54 54 55 55 56 56 57 57 58 59 59 60 60 61 61 62 62 63 64 64 65 65]
2026-03-20 15:42:26,515{GMT}	INFO	[jepsen worker 2] jepsen.util: 2	:invoke	:read	nil
2026-03-20 15:42:26,517{GMT}	INFO	[jepsen worker 2] jepsen.util: 2	:ok	:read	[0 1 4 8 10 11 13 16 17 20 21 22 24 25 29 33 34 34 35 35 36 37 37 38 38 39 40 40 41 41 42 43 44 44 45 46 46 47 48 49 49 50 51 52 52 53 53 54 54 55 55 56 56 57 57 58 59 59 60 60 61 61 62 62 63 64 64 65 65]
2026-03-20 15:42:26,673{GMT}	INFO	[jepsen worker 3] jepsen.util: 3	:invoke	:broadcast	66
2026-03-20 15:42:26,674{GMT}	INFO	[jepsen worker 3] jepsen.util: 3	:ok	:broadcast	66
2026-03-20 15:42:26,811{GMT}	INFO	[jepsen worker 4] jepsen.util: 4	:invoke	:read	nil
2026-03-20 15:42:26,812{GMT}	INFO	[jepsen worker 4] jepsen.util: 4	:ok	:read	[0 1 4 8 10 11 13 16 17 20 21 22 24 25 29 33 34 34 35 35 36 36 37 37 38 38 39 39 40 40 41 41 42 42 43 43 44 44 45 45 46 47 47 48 48 49 50 50 51 51 52 52 53 54 54 55 55 56 56 57 57 58 58 59 59 60 61 61 62 62 63 63 64 65 65 66 66]
2026-03-20 15:42:26,924{GMT}	INFO	[jepsen worker 0] jepsen.util: 0	:invoke	:broadcast	67
2026-03-20 15:42:26,925{GMT}	INFO	[jepsen worker 0] jepsen.util: 0	:ok	:broadcast	67
2026-03-20 15:42:26,961{GMT}	INFO	[jepsen worker 0] jepsen.util: 0	:invoke	:read	nil
2026-03-20 15:42:26,962{GMT}	INFO	[jepsen worker 0] jepsen.util: 0	:ok	:read	[2 3 5 6 7 9 12 14 15 18 19 23 26 27 28 30 31 32 34 35 36 36 37 37 38 39 39 40 40 41 42 42 43 43 44 45 45 46 46 47 47 48 48 49 49 50 50 51 51 52 52 53 53 54 55 56 56 57 58 58 59 59 60 60 61 62 63 63 64 64 65 66 66 67]
2026-03-20 15:42:27,029{GMT}	INFO	[jepsen worker 1] jepsen.util: 1	:invoke	:broadcast	68
2026-03-20 15:42:27,030{GMT}	INFO	[jepsen worker 1] jepsen.util: 1	:ok	:broadcast	68
2026-03-20 15:42:27,161{GMT}	INFO	[jepsen worker 2] jepsen.util: 2	:invoke	:read	nil
2026-03-20 15:42:27,163{GMT}	INFO	[jepsen worker 2] jepsen.util: 2	:ok	:read	[0 1 4 8 10 11 13 16 17 20 21 22 24 25 29 33 34 34 35 35 36 37 37 38 38 39 40 40 41 41 42 43 44 44 45 46 46 47 48 49 49 50 51 52 52 53 53 54 54 55 55 56 56 57 57 58 59 59 60 60 61 61 62 62 63 64 64 65 65 66 66 67 67 68]
2026-03-20 15:42:27,195{GMT}	INFO	[jepsen worker 3] jepsen.util: 3	:invoke	:read	nil
2026-03-20 15:42:27,196{GMT}	INFO	[jepsen worker 3] jepsen.util: 3	:ok	:read	[2 3 5 6 7 9 12 14 15 18 19 23 26 27 28 30 31 32 34 34 35 35 36 36 37 38 38 39 39 40 41 41 42 42 43 43 44 44 45 45 46 46 47 47 48 48 49 49 50 50 51 51 52 53 53 54 54 55 55 56 57 57 58 58 59 60 60 61 61 62 62 63 63 64 64 65 65 66 67 67 68 68]
2026-03-20 15:42:27,289{GMT}	INFO	[jepsen worker 4] jepsen.util: 4	:invoke	:broadcast	69
2026-03-20 15:42:27,290{GMT}	INFO	[jepsen worker 4] jepsen.util: 4	:ok	:broadcast	69
2026-03-20 15:42:27,389{GMT}	INFO	[jepsen worker 0] jepsen.util: 0	:invoke	:broadcast	70
2026-03-20 15:42:27,390{GMT}	INFO	[jepsen worker 0] jepsen.util: 0	:ok	:broadcast	70
2026-03-20 15:42:27,533{GMT}	INFO	[jepsen worker 0] jepsen.util: 0	:invoke	:broadcast	71
2026-03-20 15:42:27,534{GMT}	INFO	[jepsen worker 0] jepsen.util: 0	:ok	:broadcast	71
2026-03-20 15:42:27,725{GMT}	INFO	[jepsen worker 1] jepsen.util: 1	:invoke	:read	nil
2026-03-20 15:42:27,727{GMT}	INFO	[jepsen worker 1] jepsen.util: 1	:ok	:read	[0 1 4 8 10 11 13 16 17 20 21 22 24 25 29 33 34 34 35 35 36 37 37 38 38 39 40 40 41 41 42 43 44 44 45 46 46 47 48 49 49 50 51 52 52 53 53 54 54 55 55 56 56 57 57 58 59 59 60 60 61 61 62 62 63 64 64 65 65 66 66 67 67 68 69 69 70 70 71 71]
2026-03-20 15:42:27,816{GMT}	INFO	[jepsen worker 2] jepsen.util: 2	:invoke	:broadcast	72
2026-03-20 15:42:27,817{GMT}	INFO	[jepsen worker 2] jepsen.util: 2	:ok	:broadcast	72
2026-03-20 15:42:27,949{GMT}	INFO	[jepsen worker 3] jepsen.util: 3	:invoke	:broadcast	73
2026-03-20 15:42:27,950{GMT}	INFO	[jepsen worker 3] jepsen.util: 3	:ok	:broadcast	73
2026-03-20 15:42:28,032{GMT}	INFO	[jepsen worker 4] jepsen.util: 4	:invoke	:read	nil
2026-03-20 15:42:28,033{GMT}	INFO	[jepsen worker 4] jepsen.util: 4	:ok	:read	[0 1 4 8 10 11 13 16 17 20 21 22 24 25 29 33 34 34 35 35 36 36 37 37 38 38 39 39 40 40 41 41 42 42 43 43 44 44 45 45 46 47 47 48 48 49 50 50 51 51 52 52 53 54 54 55 55 56 56 57 57 58 58 59 59 60 61 61 62 62 63 63 64 65 65 66 66 67 67 68 68 69 70 70 71 71 72 72 73 73]
2026-03-20 15:42:28,164{GMT}	INFO	[jepsen worker 0] jepsen.util: 0	:invoke	:read	nil
2026-03-20 15:42:28,165{GMT}	INFO	[jepsen worker 0] jepsen.util: 0	:ok	:read	[2 3 5 6 7 9 12 14 15 18 19 23 26 27 28 30 31 32 34 35 36 36 37 37 38 39 39 40 40 41 42 42 43 43 44 45 45 46 46 47 47 48 48 49 49 50 50 51 51 52 52 53 53 54 55 56 56 57 58 58 59 59 60 60 61 62 63 63 64 64 65 66 66 67 68 68 69 69 70 71 72 72 73 73]
2026-03-20 15:42:28,199{GMT}	INFO	[jepsen worker 0] jepsen.util: 0	:invoke	:broadcast	74
2026-03-20 15:42:28,200{GMT}	INFO	[jepsen worker 0] jepsen.util: 0	:ok	:broadcast	74
2026-03-20 15:42:28,377{GMT}	INFO	[jepsen worker 1] jepsen.util: 1	:invoke	:broadcast	75
2026-03-20 15:42:28,379{GMT}	INFO	[jepsen worker 1] jepsen.util: 1	:ok	:broadcast	75
2026-03-20 15:42:28,457{GMT}	INFO	[jepsen worker 2] jepsen.util: 2	:invoke	:read	nil
2026-03-20 15:42:28,459{GMT}	INFO	[jepsen worker 2] jepsen.util: 2	:ok	:read	[0 1 4 8 10 11 13 16 17 20 21 22 24 25 29 33 34 34 35 35 36 37 37 38 38 39 40 40 41 41 42 43 44 44 45 46 46 47 48 49 49 50 51 52 52 53 53 54 54 55 55 56 56 57 57 58 59 59 60 60 61 61 62 62 63 64 64 65 65 66 66 67 67 68 69 69 70 70 71 71 72 73 73 74 74 75]
2026-03-20 15:42:28,599{GMT}	INFO	[jepsen worker 3] jepsen.util: 3	:invoke	:broadcast	76
2026-03-20 15:42:28,600{GMT}	INFO	[jepsen worker 3] jepsen.util: 3	:ok	:broadcast	76
2026-03-20 15:42:28,787{GMT}	INFO	[jepsen worker 4] jepsen.util: 4	:invoke	:broadcast	77
2026-03-20 15:42:28,788{GMT}	INFO	[jepsen worker 4] jepsen.util: 4	:ok	:broadcast	77
2026-03-20 15:42:28,860{GMT}	INFO	[jepsen worker 0] jepsen.util: 0	:invoke	:broadcast	78
2026-03-20 15:42:28,861{GMT}	INFO	[jepsen worker 0] jepsen.util: 0	:ok	:broadcast	78
2026-03-20 15:42:29,057{GMT}	INFO	[jepsen worker 0] jepsen.util: 0	:invoke	:broadcast	79
2026-03-20 15:42:29,058{GMT}	INFO	[jepsen worker 0] jepsen.util: 0	:ok	:broadcast	79
2026-03-20 15:42:29,211{GMT}	INFO	[jepsen worker 1] jepsen.util: 1	:invoke	:broadcast	80
2026-03-20 15:42:29,212{GMT}	INFO	[jepsen worker 1] jepsen.util: 1	:ok	:broadcast	80
2026-03-20 15:42:29,324{GMT}	INFO	[jepsen worker 2] jepsen.util: 2	:invoke	:broadcast	81
2026-03-20 15:42:29,325{GMT}	INFO	[jepsen worker 2] jepsen.util: 2	:ok	:broadcast	81
2026-03-20 15:42:29,410{GMT}	INFO	[jepsen worker 3] jepsen.util: 3	:invoke	:read	nil
2026-03-20 15:42:29,411{GMT}	INFO	[jepsen worker 3] jepsen.util: 3	:ok	:read	[2 3 5 6 7 9 12 14 15 18 19 23 26 27 28 30 31 32 34 34 35 35 36 36 37 38 38 39 39 40 41 41 42 42 43 43 44 44 45 45 46 46 47 47 48 48 49 49 50 50 51 51 52 53 53 54 54 55 55 56 57 57 58 58 59 60 60 61 61 62 62 63 63 64 64 65 65 66 67 67 68 68 69 69 70 70 71 71 72 72 73 74 74 75 75 76 77 77 78 78 79 79 80 80 81 81]
2026-03-20 15:42:29,413{GMT}	INFO	[jepsen worker 4] jepsen.util: 4	:invoke	:read	nil
2026-03-20 15:42:29,414{GMT}	INFO	[jepsen worker 4] jepsen.util: 4	:ok	:read	[0 1 4 8 10 11 13 16 17 20 21 22 24 25 29 33 34 34 35 35 36 36 37 37 38 38 39 39 40 40 41 41 42 42 43 43 44 44 45 45 46 47 47 48 48 49 50 50 51 51 52 52 53 54 54 55 55 56 56 57 57 58 58 59 59 60 61 61 62 62 63 63 64 65 65 66 66 67 67 68 68 69 70 70 71 71 72 72 73 73 74 74 75 75 76 76 77 78 78 79 79 80 80 81 81]
2026-03-20 15:42:29,427{GMT}	INFO	[jepsen worker 0] jepsen.util: 0	:invoke	:broadcast	82
2026-03-20 15:42:29,429{GMT}	INFO	[jepsen worker 0] jepsen.util: 0	:ok	:broadcast	82
2026-03-20 15:42:29,455{GMT}	INFO	[jepsen worker 0] jepsen.util: 0	:invoke	:broadcast	83
2026-03-20 15:42:29,456{GMT}	INFO	[jepsen worker 0] jepsen.util: 0	:ok	:broadcast	83
2026-03-20 15:42:29,589{GMT}	INFO	[jepsen worker 1] jepsen.util: 1	:invoke	:read	nil
2026-03-20 15:42:29,590{GMT}	INFO	[jepsen worker 1] jepsen.util: 1	:ok	:read	[0 1 4 8 10 11 13 16 17 20 21 22 24 25 29 33 34 34 35 35 36 37 37 38 38 39 40 40 41 41 42 43 44 44 45 46 46 47 48 49 49 50 51 52 52 53 53 54 54 55 55 56 56 57 57 58 59 59 60 60 61 61 62 62 63 64 64 65 65 66 66 67 67 68 69 69 70 70 71 71 72 73 73 74 74 75 76 76 77 77 78 78 79 79 80 81 82 82 83 83]
2026-03-20 15:42:29,774{GMT}	INFO	[jepsen worker 2] jepsen.util: 2	:invoke	:read	nil
2026-03-20 15:42:29,775{GMT}	INFO	[jepsen worker 2] jepsen.util: 2	:ok	:read	[0 1 4 8 10 11 13 16 17 20 21 22 24 25 29 33 34 34 35 35 36 37 37 38 38 39 40 40 41 41 42 43 44 44 45 46 46 47 48 49 49 50 51 52 52 53 53 54 54 55 55 56 56 57 57 58 59 59 60 60 61 61 62 62 63 64 64 65 65 66 66 67 67 68 69 69 70 70 71 71 72 73 73 74 74 75 76 76 77 77 78 78 79 79 80 81 82 82 83 83]
2026-03-20 15:42:29,871{GMT}	INFO	[jepsen worker 3] jepsen.util: 3	:invoke	:read	nil
2026-03-20 15:42:29,873{GMT}	INFO	[jepsen worker 3] jepsen.util: 3	:ok	:read	[2 3 5 6 7 9 12 14 15 18 19 23 26 27 28 30 31 32 34 34 35 35 36 36 37 38 38 39 39 40 41 41 42 42 43 43 44 44 45 45 46 46 47 47 48 48 49 49 50 50 51 51 52 53 53 54 54 55 55 56 57 57 58 58 59 60 60 61 61 62 62 63 63 64 64 65 65 66 67 67 68 68 69 69 70 70 71 71 72 72 73 74 74 75 75 76 77 77 78 78 79 79 80 80 81 81 82 82 83 83]
2026-03-20 15:42:30,061{GMT}	INFO	[jepsen worker 4] jepsen.util: 4	:invoke	:broadcast	84
2026-03-20 15:42:30,063{GMT}	INFO	[jepsen worker 4] jepsen.util: 4	:ok	:broadcast	84
2026-03-20 15:42:30,081{GMT}	INFO	[jepsen worker 0] jepsen.util: 0	:invoke	:read	nil
2026-03-20 15:42:30,082{GMT}	INFO	[jepsen worker 0] jepsen.util: 0	:ok	:read	[2 3 5 6 7 9 12 14 15 18 19 23 26 27 28 30 31 32 34 35 36 36 37 37 38 39 39 40 40 41 42 42 43 43 44 45 45 46 46 47 47 48 48 49 49 50 50 51 51 52 52 53 53 54 55 56 56 57 58 58 59 59 60 60 61 62 63 63 64 64 65 66 66 67 68 68 69 69 70 71 72 72 73 73 74 75 75 76 76 77 77 78 79 80 80 81 81 82 83 84 84]
2026-03-20 15:42:30,145{GMT}	INFO	[jepsen worker 0] jepsen.util: 0	:invoke	:broadcast	85
2026-03-20 15:42:30,147{GMT}	INFO	[jepsen worker 0] jepsen.util: 0	:ok	:broadcast	85
2026-03-20 15:42:30,168{GMT}	INFO	[jepsen worker 1] jepsen.util: 1	:invoke	:read	nil
2026-03-20 15:42:30,170{GMT}	INFO	[jepsen worker 1] jepsen.util: 1	:ok	:read	[0 1 4 8 10 11 13 16 17 20 21 22 24 25 29 33 34 34 35 35 36 37 37 38 38 39 40 40 41 41 42 43 44 44 45 46 46 47 48 49 49 50 51 52 52 53 53 54 54 55 55 56 56 57 57 58 59 59 60 60 61 61 62 62 63 64 64 65 65 66 66 67 67 68 69 69 70 70 71 71 72 73 73 74 74 75 76 76 77 77 78 78 79 79 80 81 82 82 83 83 84 84 85 85]
2026-03-20 15:42:30,220{GMT}	INFO	[jepsen worker 2] jepsen.util: 2	:invoke	:broadcast	86
2026-03-20 15:42:30,221{GMT}	INFO	[jepsen worker 3] jepsen.util: 3	:invoke	:broadcast	87
2026-03-20 15:42:30,222{GMT}	INFO	[jepsen worker 2] jepsen.util: 2	:ok	:broadcast	86
2026-03-20 15:42:30,223{GMT}	INFO	[jepsen worker 3] jepsen.util: 3	:ok	:broadcast	87
2026-03-20 15:42:30,319{GMT}	INFO	[jepsen worker 4] jepsen.util: 4	:invoke	:broadcast	88
2026-03-20 15:42:30,320{GMT}	INFO	[jepsen worker 4] jepsen.util: 4	:ok	:broadcast	88
2026-03-20 15:42:30,459{GMT}	INFO	[jepsen worker 0] jepsen.util: 0	:invoke	:broadcast	89
2026-03-20 15:42:30,460{GMT}	INFO	[jepsen worker 0] jepsen.util: 0	:ok	:broadcast	89
2026-03-20 15:42:30,558{GMT}	INFO	[jepsen worker 0] jepsen.util: 0	:invoke	:broadcast	90
2026-03-20 15:42:30,559{GMT}	INFO	[jepsen worker 0] jepsen.util: 0	:ok	:broadcast	90
2026-03-20 15:42:30,725{GMT}	INFO	[jepsen worker 1] jepsen.util: 1	:invoke	:read	nil
2026-03-20 15:42:30,726{GMT}	INFO	[jepsen worker 1] jepsen.util: 1	:ok	:read	[0 1 4 8 10 11 13 16 17 20 21 22 24 25 29 33 34 34 35 35 36 37 37 38 38 39 40 40 41 41 42 43 44 44 45 46 46 47 48 49 49 50 51 52 52 53 53 54 54 55 55 56 56 57 57 58 59 59 60 60 61 61 62 62 63 64 64 65 65 66 66 67 67 68 69 69 70 70 71 71 72 73 73 74 74 75 76 76 77 77 78 78 79 79 80 81 82 82 83 83 84 84 85 85 86 87 87 88 88 89 89 90 90]
2026-03-20 15:42:30,885{GMT}	INFO	[jepsen worker 2] jepsen.util: 2	:invoke	:read	nil
2026-03-20 15:42:30,887{GMT}	INFO	[jepsen worker 2] jepsen.util: 2	:ok	:read	[0 1 4 8 10 11 13 16 17 20 21 22 24 25 29 33 34 34 35 35 36 37 37 38 38 39 40 40 41 41 42 43 44 44 45 46 46 47 48 49 49 50 51 52 52 53 53 54 54 55 55 56 56 57 57 58 59 59 60 60 61 61 62 62 63 64 64 65 65 66 66 67 67 68 69 69 70 70 71 71 72 73 73 74 74 75 76 76 77 77 78 78 79 79 80 81 82 82 83 83 84 84 85 85 86 87 87 88 88 89 89 90 90]
2026-03-20 15:42:30,963{GMT}	INFO	[jepsen worker 3] jepsen.util: 3	:invoke	:broadcast	91
2026-03-20 15:42:30,965{GMT}	INFO	[jepsen worker 3] jepsen.util: 3	:ok	:broadcast	91
2026-03-20 15:42:31,127{GMT}	INFO	[jepsen worker 4] jepsen.util: 4	:invoke	:broadcast	92
2026-03-20 15:42:31,128{GMT}	INFO	[jepsen worker 4] jepsen.util: 4	:ok	:broadcast	92
2026-03-20 15:42:31,259{GMT}	INFO	[jepsen worker 0] jepsen.util: 0	:invoke	:read	nil
2026-03-20 15:42:31,261{GMT}	INFO	[jepsen worker 0] jepsen.util: 0	:ok	:read	[2 3 5 6 7 9 12 14 15 18 19 23 26 27 28 30 31 32 34 35 36 36 37 37 38 39 39 40 40 41 42 42 43 43 44 45 45 46 46 47 47 48 48 49 49 50 50 51 51 52 52 53 53 54 55 56 56 57 58 58 59 59 60 60 61 62 63 63 64 64 65 66 66 67 68 68 69 69 70 71 72 72 73 73 74 75 75 76 76 77 77 78 79 80 80 81 81 82 83 84 84 85 87 86 86 87 88 88 89 90 91 91 92 92]
2026-03-20 15:42:31,327{GMT}	INFO	[jepsen worker 0] jepsen.util: 0	:invoke	:broadcast	93
2026-03-20 15:42:31,329{GMT}	INFO	[jepsen worker 0] jepsen.util: 0	:ok	:broadcast	93
2026-03-20 15:42:31,511{GMT}	INFO	[jepsen worker 1] jepsen.util: 1	:invoke	:read	nil
2026-03-20 15:42:31,512{GMT}	INFO	[jepsen worker 1] jepsen.util: 1	:ok	:read	[0 1 4 8 10 11 13 16 17 20 21 22 24 25 29 33 34 34 35 35 36 37 37 38 38 39 40 40 41 41 42 43 44 44 45 46 46 47 48 49 49 50 51 52 52 53 53 54 54 55 55 56 56 57 57 58 59 59 60 60 61 61 62 62 63 64 64 65 65 66 66 67 67 68 69 69 70 70 71 71 72 73 73 74 74 75 76 76 77 77 78 78 79 79 80 81 82 82 83 83 84 84 85 85 86 87 87 88 88 89 89 90 90 91 91 92 92 93 93]
2026-03-20 15:42:31,606{GMT}	INFO	[jepsen worker 2] jepsen.util: 2	:invoke	:broadcast	94
2026-03-20 15:42:31,607{GMT}	INFO	[jepsen worker 2] jepsen.util: 2	:ok	:broadcast	94
2026-03-20 15:42:31,716{GMT}	INFO	[jepsen worker 3] jepsen.util: 3	:invoke	:broadcast	95
2026-03-20 15:42:31,718{GMT}	INFO	[jepsen worker 3] jepsen.util: 3	:ok	:broadcast	95
2026-03-20 15:42:31,750{GMT}	INFO	[jepsen worker 4] jepsen.util: 4	:invoke	:broadcast	96
2026-03-20 15:42:31,752{GMT}	INFO	[jepsen worker 4] jepsen.util: 4	:ok	:broadcast	96
2026-03-20 15:42:31,792{GMT}	INFO	[jepsen worker 0] jepsen.util: 0	:invoke	:broadcast	97
2026-03-20 15:42:31,793{GMT}	INFO	[jepsen worker 0] jepsen.util: 0	:ok	:broadcast	97
2026-03-20 15:42:31,795{GMT}	INFO	[jepsen worker 0] jepsen.util: 0	:invoke	:read	nil
2026-03-20 15:42:31,797{GMT}	INFO	[jepsen worker 0] jepsen.util: 0	:ok	:read	[2 3 5 6 7 9 12 14 15 18 19 23 26 27 28 30 31 32 34 35 36 36 37 37 38 39 39 40 40 41 42 42 43 43 44 45 45 46 46 47 47 48 48 49 49 50 50 51 51 52 52 53 53 54 55 56 56 57 58 58 59 59 60 60 61 62 63 63 64 64 65 66 66 67 68 68 69 69 70 71 72 72 73 73 74 75 75 76 76 77 77 78 79 80 80 81 81 82 83 84 84 85 87 86 86 87 88 88 89 90 91 91 92 92 93 94 94 95 95 96 96 97]
2026-03-20 15:42:31,804{GMT}	INFO	[jepsen worker 1] jepsen.util: 1	:invoke	:read	nil
2026-03-20 15:42:31,805{GMT}	INFO	[jepsen worker 1] jepsen.util: 1	:ok	:read	[0 1 4 8 10 11 13 16 17 20 21 22 24 25 29 33 34 34 35 35 36 37 37 38 38 39 40 40 41 41 42 43 44 44 45 46 46 47 48 49 49 50 51 52 52 53 53 54 54 55 55 56 56 57 57 58 59 59 60 60 61 61 62 62 63 64 64 65 65 66 66 67 67 68 69 69 70 70 71 71 72 73 73 74 74 75 76 76 77 77 78 78 79 79 80 81 82 82 83 83 84 84 85 85 86 87 87 88 88 89 89 90 90 91 91 92 92 93 93 94 95 95 96 96 97 97]
2026-03-20 15:42:31,816{GMT}	INFO	[jepsen worker 2] jepsen.util: 2	:invoke	:broadcast	98
2026-03-20 15:42:31,817{GMT}	INFO	[jepsen worker 2] jepsen.util: 2	:ok	:broadcast	98
2026-03-20 15:42:31,968{GMT}	INFO	[jepsen worker 3] jepsen.util: 3	:invoke	:broadcast	99
2026-03-20 15:42:31,969{GMT}	INFO	[jepsen worker 3] jepsen.util: 3	:ok	:broadcast	99
2026-03-20 15:42:32,168{GMT}	INFO	[jepsen worker 4] jepsen.util: 4	:invoke	:read	nil
2026-03-20 15:42:32,169{GMT}	INFO	[jepsen worker 4] jepsen.util: 4	:ok	:read	[0 1 4 8 10 11 13 16 17 20 21 22 24 25 29 33 34 34 35 35 36 36 37 37 38 38 39 39 40 40 41 41 42 42 43 43 44 44 45 45 46 47 47 48 48 49 50 50 51 51 52 52 53 54 54 55 55 56 56 57 57 58 58 59 59 60 61 61 62 62 63 63 64 65 65 66 66 67 67 68 68 69 70 70 71 71 72 72 73 73 74 74 75 75 76 76 77 78 78 79 79 80 80 81 81 82 82 83 83 84 85 85 86 87 87 86 88 89 89 90 90 91 91 92 93 93 94 94 95 95 96 97 97 98 98 99 99]
2026-03-20 15:42:32,291{GMT}	INFO	[jepsen worker 0] jepsen.util: 0	:invoke	:read	nil
2026-03-20 15:42:32,292{GMT}	INFO	[jepsen worker 0] jepsen.util: 0	:ok	:read	[2 3 5 6 7 9 12 14 15 18 19 23 26 27 28 30 31 32 34 35 36 36 37 37 38 39 39 40 40 41 42 42 43 43 44 45 45 46 46 47 47 48 48 49 49 50 50 51 51 52 52 53 53 54 55 56 56 57 58 58 59 59 60 60 61 62 63 63 64 64 65 66 66 67 68 68 69 69 70 71 72 72 73 73 74 75 75 76 76 77 77 78 79 80 80 81 81 82 83 84 84 85 87 86 86 87 88 88 89 90 91 91 92 92 93 94 94 95 95 96 96 97 98 98 99 99]
2026-03-20 15:42:32,306{GMT}	INFO	[jepsen worker 0] jepsen.util: 0	:invoke	:read	nil
2026-03-20 15:42:32,308{GMT}	INFO	[jepsen worker 0] jepsen.util: 0	:ok	:read	[2 3 5 6 7 9 12 14 15 18 19 23 26 27 28 30 31 32 34 35 36 36 37 37 38 39 39 40 40 41 42 42 43 43 44 45 45 46 46 47 47 48 48 49 49 50 50 51 51 52 52 53 53 54 55 56 56 57 58 58 59 59 60 60 61 62 63 63 64 64 65 66 66 67 68 68 69 69 70 71 72 72 73 73 74 75 75 76 76 77 77 78 79 80 80 81 81 82 83 84 84 85 87 86 86 87 88 88 89 90 91 91 92 92 93 94 94 95 95 96 96 97 98 98 99 99]
2026-03-20 15:42:32,451{GMT}	INFO	[jepsen worker 1] jepsen.util: 1	:invoke	:read	nil
2026-03-20 15:42:32,452{GMT}	INFO	[jepsen worker 1] jepsen.util: 1	:ok	:read	[0 1 4 8 10 11 13 16 17 20 21 22 24 25 29 33 34 34 35 35 36 37 37 38 38 39 40 40 41 41 42 43 44 44 45 46 46 47 48 49 49 50 51 52 52 53 53 54 54 55 55 56 56 57 57 58 59 59 60 60 61 61 62 62 63 64 64 65 65 66 66 67 67 68 69 69 70 70 71 71 72 73 73 74 74 75 76 76 77 77 78 78 79 79 80 81 82 82 83 83 84 84 85 85 86 87 87 88 88 89 89 90 90 91 91 92 92 93 93 94 95 95 96 96 97 97 98 99 99]
2026-03-20 15:42:32,628{GMT}	INFO	[jepsen worker 2] jepsen.util: 2	:invoke	:broadcast	100
2026-03-20 15:42:32,630{GMT}	INFO	[jepsen worker 2] jepsen.util: 2	:ok	:broadcast	100
2026-03-20 15:42:32,775{GMT}	INFO	[jepsen worker 3] jepsen.util: 3	:invoke	:read	nil
2026-03-20 15:42:32,776{GMT}	INFO	[jepsen worker 3] jepsen.util: 3	:ok	:read	[2 3 5 6 7 9 12 14 15 18 19 23 26 27 28 30 31 32 34 34 35 35 36 36 37 38 38 39 39 40 41 41 42 42 43 43 44 44 45 45 46 46 47 47 48 48 49 49 50 50 51 51 52 53 53 54 54 55 55 56 57 57 58 58 59 60 60 61 61 62 62 63 63 64 64 65 65 66 67 67 68 68 69 69 70 70 71 71 72 72 73 74 74 75 75 76 77 77 78 78 79 79 80 80 81 81 82 82 83 83 84 84 85 85 87 86 86 88 88 89 89 90 90 91 92 92 93 93 94 94 95 96 96 97 97 98 98 99 100 100]
2026-03-20 15:42:32,927{GMT}	INFO	[jepsen worker 4] jepsen.util: 4	:invoke	:read	nil
2026-03-20 15:42:32,928{GMT}	INFO	[jepsen worker 4] jepsen.util: 4	:ok	:read	[0 1 4 8 10 11 13 16 17 20 21 22 24 25 29 33 34 34 35 35 36 36 37 37 38 38 39 39 40 40 41 41 42 42 43 43 44 44 45 45 46 47 47 48 48 49 50 50 51 51 52 52 53 54 54 55 55 56 56 57 57 58 58 59 59 60 61 61 62 62 63 63 64 65 65 66 66 67 67 68 68 69 70 70 71 71 72 72 73 73 74 74 75 75 76 76 77 78 78 79 79 80 80 81 81 82 82 83 83 84 85 85 86 87 87 86 88 89 89 90 90 91 91 92 93 93 94 94 95 95 96 97 97 98 98 99 99 100 100]
2026-03-20 15:42:33,075{GMT}	INFO	[jepsen worker 0] jepsen.util: 0	:invoke	:broadcast	101
2026-03-20 15:42:33,076{GMT}	INFO	[jepsen worker 0] jepsen.util: 0	:ok	:broadcast	101
2026-03-20 15:42:33,177{GMT}	INFO	[jepsen worker 0] jepsen.util: 0	:invoke	:broadcast	102
2026-03-20 15:42:33,179{GMT}	INFO	[jepsen worker 0] jepsen.util: 0	:ok	:broadcast	102
2026-03-20 15:42:33,296{GMT}	INFO	[jepsen worker 1] jepsen.util: 1	:invoke	:read	nil
2026-03-20 15:42:33,297{GMT}	INFO	[jepsen worker 1] jepsen.util: 1	:ok	:read	[0 1 4 8 10 11 13 16 17 20 21 22 24 25 29 33 34 34 35 35 36 37 37 38 38 39 40 40 41 41 42 43 44 44 45 46 46 47 48 49 49 50 51 52 52 53 53 54 54 55 55 56 56 57 57 58 59 59 60 60 61 61 62 62 63 64 64 65 65 66 66 67 67 68 69 69 70 70 71 71 72 73 73 74 74 75 76 76 77 77 78 78 79 79 80 81 82 82 83 83 84 84 85 85 86 87 87 88 88 89 89 90 90 91 91 92 92 93 93 94 95 95 96 96 97 97 98 99 99 100 101 101 102 102]
2026-03-20 15:42:33,485{GMT}	INFO	[jepsen worker 2] jepsen.util: 2	:invoke	:broadcast	103
2026-03-20 15:42:33,486{GMT}	INFO	[jepsen worker 2] jepsen.util: 2	:ok	:broadcast	103
2026-03-20 15:42:33,575{GMT}	INFO	[jepsen worker 3] jepsen.util: 3	:invoke	:read	nil
2026-03-20 15:42:33,576{GMT}	INFO	[jepsen worker 3] jepsen.util: 3	:ok	:read	[2 3 5 6 7 9 12 14 15 18 19 23 26 27 28 30 31 32 34 34 35 35 36 36 37 38 38 39 39 40 41 41 42 42 43 43 44 44 45 45 46 46 47 47 48 48 49 49 50 50 51 51 52 53 53 54 54 55 55 56 57 57 58 58 59 60 60 61 61 62 62 63 63 64 64 65 65 66 67 67 68 68 69 69 70 70 71 71 72 72 73 74 74 75 75 76 77 77 78 78 79 79 80 80 81 81 82 82 83 83 84 84 85 85 87 86 86 88 88 89 89 90 90 91 92 92 93 93 94 94 95 96 96 97 97 98 98 99 100 100 101 101 102 102 103 103]
2026-03-20 15:42:33,688{GMT}	INFO	[jepsen worker 4] jepsen.util: 4	:invoke	:read	nil
2026-03-20 15:42:33,689{GMT}	INFO	[jepsen worker 4] jepsen.util: 4	:ok	:read	[0 1 4 8 10 11 13 16 17 20 21 22 24 25 29 33 34 34 35 35 36 36 37 37 38 38 39 39 40 40 41 41 42 42 43 43 44 44 45 45 46 47 47 48 48 49 50 50 51 51 52 52 53 54 54 55 55 56 56 57 57 58 58 59 59 60 61 61 62 62 63 63 64 65 65 66 66 67 67 68 68 69 70 70 71 71 72 72 73 73 74 74 75 75 76 76 77 78 78 79 79 80 80 81 81 82 82 83 83 84 85 85 86 87 87 86 88 89 89 90 90 91 91 92 93 93 94 94 95 95 96 97 97 98 98 99 99 100 100 101 101 102 102 103 103]
2026-03-20 15:42:33,690{GMT}	INFO	[jepsen worker nemesis] jepsen.util: :nemesis	:info	:stop-partition	nil
2026-03-20 15:42:33,690{GMT}	INFO	[jepsen worker nemesis] jepsen.util: :nemesis	:info	:stop-partition	:network-healed
2026-03-20 15:42:33,690{GMT}	INFO	[jepsen worker 0] jepsen.generator.interpreter: Waiting for recovery...
2026-03-20 15:42:43,692{GMT}	INFO	[jepsen worker 4] jepsen.util: 4	:invoke	:read	nil
2026-03-20 15:42:43,692{GMT}	INFO	[jepsen worker 1] jepsen.util: 1	:invoke	:read	nil
2026-03-20 15:42:43,693{GMT}	INFO	[jepsen worker 3] jepsen.util: 3	:invoke	:read	nil
2026-03-20 15:42:43,693{GMT}	INFO	[jepsen worker 2] jepsen.util: 2	:invoke	:read	nil
2026-03-20 15:42:43,693{GMT}	INFO	[jepsen worker 0] jepsen.util: 0	:invoke	:read	nil
2026-03-20 15:42:43,694{GMT}	INFO	[jepsen worker 1] jepsen.util: 1	:ok	:read	[0 1 4 8 10 11 13 16 17 20 21 22 24 25 29 33 34 34 35 35 36 37 37 38 38 39 40 40 41 41 42 43 44 44 45 46 46 47 48 49 49 50 51 52 52 53 53 54 54 55 55 56 56 57 57 58 59 59 60 60 61 61 62 62 63 64 64 65 65 66 66 67 67 68 69 69 70 70 71 71 72 73 73 74 74 75 76 76 77 77 78 78 79 79 80 81 82 82 83 83 84 84 85 85 86 87 87 88 88 89 89 90 90 91 91 92 92 93 93 94 95 95 96 96 97 97 98 99 99 100 101 101 102 102 103]
2026-03-20 15:42:43,694{GMT}	INFO	[jepsen worker 4] jepsen.util: 4	:ok	:read	[0 1 4 8 10 11 13 16 17 20 21 22 24 25 29 33 34 34 35 35 36 36 37 37 38 38 39 39 40 40 41 41 42 42 43 43 44 44 45 45 46 47 47 48 48 49 50 50 51 51 52 52 53 54 54 55 55 56 56 57 57 58 58 59 59 60 61 61 62 62 63 63 64 65 65 66 66 67 67 68 68 69 70 70 71 71 72 72 73 73 74 74 75 75 76 76 77 78 78 79 79 80 80 81 81 82 82 83 83 84 85 85 86 87 87 86 88 89 89 90 90 91 91 92 93 93 94 94 95 95 96 97 97 98 98 99 99 100 100 101 101 102 102 103 103]
2026-03-20 15:42:43,695{GMT}	INFO	[jepsen worker 3] jepsen.util: 3	:ok	:read	[2 3 5 6 7 9 12 14 15 18 19 23 26 27 28 30 31 32 34 34 35 35 36 36 37 38 38 39 39 40 41 41 42 42 43 43 44 44 45 45 46 46 47 47 48 48 49 49 50 50 51 51 52 53 53 54 54 55 55 56 57 57 58 58 59 60 60 61 61 62 62 63 63 64 64 65 65 66 67 67 68 68 69 69 70 70 71 71 72 72 73 74 74 75 75 76 77 77 78 78 79 79 80 80 81 81 82 82 83 83 84 84 85 85 87 86 86 88 88 89 89 90 90 91 92 92 93 93 94 94 95 96 96 97 97 98 98 99 100 100 101 101 102 102 103 103]
2026-03-20 15:42:43,695{GMT}	INFO	[jepsen worker 0] jepsen.util: 0	:ok	:read	[2 3 5 6 7 9 12 14 15 18 19 23 26 27 28 30 31 32 34 35 36 36 37 37 38 39 39 40 40 41 42 42 43 43 44 45 45 46 46 47 47 48 48 49 49 50 50 51 51 52 52 53 53 54 55 56 56 57 58 58 59 59 60 60 61 62 63 63 64 64 65 66 66 67 68 68 69 69 70 71 72 72 73 73 74 75 75 76 76 77 77 78 79 80 80 81 81 82 83 84 84 85 87 86 86 87 88 88 89 90 91 91 92 92 93 94 94 95 95 96 96 97 98 98 99 99 100 100 101 102 103 103]
2026-03-20 15:42:43,695{GMT}	INFO	[jepsen worker 2] jepsen.util: 2	:ok	:read	[0 1 4 8 10 11 13 16 17 20 21 22 24 25 29 33 34 34 35 35 36 37 37 38 38 39 40 40 41 41 42 43 44 44 45 46 46 47 48 49 49 50 51 52 52 53 53 54 54 55 55 56 56 57 57 58 59 59 60 60 61 61 62 62 63 64 64 65 65 66 66 67 67 68 69 69 70 70 71 71 72 73 73 74 74 75 76 76 77 77 78 78 79 79 80 81 82 82 83 83 84 84 85 85 86 87 87 88 88 89 89 90 90 91 91 92 92 93 93 94 95 95 96 96 97 97 98 99 99 100 101 101 102 102 103]
2026-03-20 15:42:43,714{GMT}	INFO	[jepsen test runner] jepsen.core: Run complete, writing
2026-03-20 15:42:43,762{GMT}	INFO	[jepsen node n0] maelstrom.db: Tearing down n0
2026-03-20 15:42:43,762{GMT}	INFO	[jepsen node n3] maelstrom.db: Tearing down n3
2026-03-20 15:42:43,762{GMT}	INFO	[jepsen node n1] maelstrom.db: Tearing down n1
2026-03-20 15:42:43,762{GMT}	INFO	[jepsen node n2] maelstrom.db: Tearing down n2
2026-03-20 15:42:43,765{GMT}	INFO	[jepsen node n4] maelstrom.db: Tearing down n4
2026-03-20 15:42:45,600{GMT}	INFO	[jepsen node n0] maelstrom.net: Shutting down Maelstrom network
2026-03-20 15:42:45,601{GMT}	INFO	[jepsen test runner] jepsen.core: Analyzing...
2026-03-20 15:42:45,906{GMT}	INFO	[jepsen test runner] jepsen.core: Analysis complete
2026-03-20 15:42:45,932{GMT}	INFO	[jepsen results] jepsen.store: Wrote /home/banna/Documents/maelstrom-java/store/broadcast/20260320T154212.196Z/results.edn
2026-03-20 15:42:45,952{GMT}	INFO	[jepsen test runner] jepsen.core: {:perf {:latency-graph {:valid? true},
        :rate-graph {:valid? true},
        :valid? true},
 :timeline {:valid? true},
 :exceptions {:valid? true},
 :stats {:valid? true,
         :count 206,
         :ok-count 206,
         :fail-count 0,
         :info-count 0,
         :by-f {:broadcast {:valid? true,
                            :count 104,
                            :ok-count 104,
                            :fail-count 0,
                            :info-count 0},
                :read {:valid? true,
                       :count 102,
                       :ok-count 102,
                       :fail-count 0,
                       :info-count 0}}},
 :availability {:valid? true, :ok-fraction 1.0},
 :net {:all {:send-count 1678,
             :recv-count 1610,
             :msg-count 1678,
             :msgs-per-op 8.145631},
       :clients {:send-count 432, :recv-count 432, :msg-count 432},
       :servers {:send-count 1246,
                 :recv-count 1178,
                 :msg-count 1246,
                 :msgs-per-op 6.0485435},
       :valid? true},
 :workload {:worst-stale ({:element 2,
                           :outcome :stable,
                           :stable-latency 29776,
                           :lost-latency nil,
                           :known #jepsen.history.Op{:index 7,
                                                     :time 161082278,
                                                     :type :ok,
                                                     :process 3,
                                                     :f :add,
                                                     :value 2},
                           :last-absent #jepsen.history.Op{:index 411,
                                                           :time 29937582372,
                                                           :type :invoke,
                                                           :process 2,
                                                           :f :read,
                                                           :value nil,
                                                           :final? true}}
                          {:element 3,
                           :outcome :stable,
                           :stable-latency 29418,
                           :lost-latency nil,
                           :known #jepsen.history.Op{:index 13,
                                                     :time 518804371,
                                                     :type :ok,
                                                     :process 0,
                                                     :f :add,
                                                     :value 3},
                           :last-absent #jepsen.history.Op{:index 411,
                                                           :time 29937582372,
                                                           :type :invoke,
                                                           :process 2,
                                                           :f :read,
                                                           :value nil,
                                                           :final? true}}
                          {:element 5,
                           :outcome :stable,
                           :stable-latency 28330,
                           :lost-latency nil,
                           :known #jepsen.history.Op{:index 35,
                                                     :time 1606701162,
                                                     :type :ok,
                                                     :process 0,
                                                     :f :add,
                                                     :value 5},
                           :last-absent #jepsen.history.Op{:index 411,
                                                           :time 29937582372,
                                                           :type :invoke,
                                                           :process 2,
                                                           :f :read,
                                                           :value nil,
                                                           :final? true}}
                          {:element 6,
                           :outcome :stable,
                           :stable-latency 28143,
                           :lost-latency nil,
                           :known #jepsen.history.Op{:index 37,
                                                     :time 1793892487,
                                                     :type :ok,
                                                     :process 0,
                                                     :f :add,
                                                     :value 6},
                           :last-absent #jepsen.history.Op{:index 411,
                                                           :time 29937582372,
                                                           :type :invoke,
                                                           :process 2,
                                                           :f :read,
                                                           :value nil,
                                                           :final? true}}
                          {:element 7,
                           :outcome :stable,
                           :stable-latency 27869,
                           :lost-latency nil,
                           :known #jepsen.history.Op{:index 43,
                                                     :time 2068000263,
                                                     :type :ok,
                                                     :process 3,
                                                     :f :add,
                                                     :value 7},
                           :last-absent #jepsen.history.Op{:index 411,
                                                           :time 29937582372,
                                                           :type :invoke,
                                                           :process 2,
                                                           :f :read,
                                                           :value nil,
                                                           :final? true}}
                          {:element 9,
                           :outcome :stable,
                           :stable-latency 27777,
                           :lost-latency nil,
                           :known #jepsen.history.Op{:index 47,
                                                     :time 2160045425,
                                                     :type :ok,
                                                     :process 0,
                                                     :f :add,
                                                     :value 9},
                           :last-absent #jepsen.history.Op{:index 411,
                                                           :time 29937582372,
                                                           :type :invoke,
                                                           :process 2,
                                                           :f :read,
                                                           :value nil,
                                                           :final? true}}
                          {:element 12,
                           :outcome :stable,
                           :stable-latency 26765,
                           :lost-latency nil,
                           :known #jepsen.history.Op{:index 61,
                                                     :time 3172491781,
                                                     :type :ok,
                                                     :process 0,
                                                     :f :add,
                                                     :value 12},
                           :last-absent #jepsen.history.Op{:index 411,
                                                           :time 29937582372,
                                                           :type :invoke,
                                                           :process 2,
                                                           :f :read,
                                                           :value nil,
                                                           :final? true}}
                          {:element 14,
                           :outcome :stable,
                           :stable-latency 26497,
                           :lost-latency nil,
                           :known #jepsen.history.Op{:index 67,
                                                     :time 3440089146,
                                                     :type :ok,
                                                     :process 3,
                                                     :f :add,
                                                     :value 14},
                           :last-absent #jepsen.history.Op{:index 411,
                                                           :time 29937582372,
                                                           :type :invoke,
                                                           :process 2,
                                                           :f :read,
                                                           :value nil,
                                                           :final? true}}),
            :duplicated-count 0,
            :valid? false,
            :lost-count 16,
            :lost (0 1 4 8 10 11 13 16 17 20 21 22 24 25 29 33),
            :stable-count 88,
            :stale-count 18,
            :stale (2 3 5 6 7 9 12 14 15 18 19 23 26 27 28 30 31 32),
            :never-read-count 0,
            :stable-latencies {0 0,
                               0.5 0,
                               0.95 27869,
                               0.99 29776,
                               1 29776},
            :attempt-count 104,
            :lost-latencies {0 22989,
                             0.5 26136,
                             0.95 29910,
                             0.99 29910,
                             1 29910},
            :never-read (),
            :duplicated {}},
 :valid? false}


Analysis invalid! (ﾉಥ益ಥ）ﾉ ┻━┻
