2026-03-19 17:33:39,276{GMT}	INFO	[jepsen test runner] jepsen.core: Command line:
lein run test -w broadcast --bin run.sh broadcast --node-count 5 --time-limit 20 --rate 10
2026-03-19 17:33:39,387{GMT}	INFO	[jepsen test runner] jepsen.core: Running test:
{:args ["broadcast"]
 :remote
 #jepsen.control.retry.Remote{:remote #jepsen.control.scp.Remote{:cmd-remote #jepsen.control.sshj.SSHJRemote{:concurrency-limit 6,
                                                                                                             :conn-spec nil,
                                                                                                             :client nil,
                                                                                                             :semaphore nil},
                                                                 :conn-spec nil},
                              :conn nil}
 :log-net-send false
 :node-count 5
 :availability nil
 :max-txn-length 4
 :concurrency 5
 :db
 #object[maelstrom.db$db$reify__16142
         "0x3619ecd"
         "maelstrom.db$db$reify__16142@3619ecd"]
 :max-writes-per-key 16
 :leave-db-running? false
 :name "broadcast"
 :logging-json? false
 :start-time
 #object[org.joda.time.DateTime "0x7de4bd8f" "2026-03-19T17:33:39.205Z"]
 :nemesis-interval 10
 :net
 #object[maelstrom.net$jepsen_net$reify__15251
         "0x193e65d5"
         "maelstrom.net$jepsen_net$reify__15251@193e65d5"]
 :client
 #object[maelstrom.workload.broadcast$client$reify__16644
         "0x2a97b4b8"
         "maelstrom.workload.broadcast$client$reify__16644@2a97b4b8"]
 :barrier
 #object[java.util.concurrent.CyclicBarrier
         "0x250fc0d1"
         "java.util.concurrent.CyclicBarrier@250fc0d1"]
 :log-stderr false
 :pure-generators true
 :ssh {:dummy? true}
 :rate 10.0
 :checker
 #object[jepsen.checker$compose$reify__11881
         "0x7ddf193a"
         "jepsen.checker$compose$reify__11881@7ddf193a"]
 :argv
 ("test"
  "-w"
  "broadcast"
  "--bin"
  "run.sh"
  "broadcast"
  "--node-count"
  "5"
  "--time-limit"
  "20"
  "--rate"
  "10")
 :nemesis
 (jepsen.nemesis.ReflCompose
  {:fm {:start-partition 0,
        :stop-partition 0,
        :kill 1,
        :start 1,
        :pause 1,
        :resume 1},
   :nemeses [#unprintable "jepsen.nemesis.combined$partition_nemesis$reify__16416@17a5cb99"
             #unprintable "jepsen.nemesis.combined$db_nemesis$reify__16397@808fa1"]})
 :nodes ["n0" "n1" "n2" "n3" "n4"]
 :test-count 1
 :latency {:mean 0, :dist :constant}
 :bin "run.sh"
 :generator
 ((jepsen.generator.Synchronize
   {:gen (jepsen.generator.TimeLimit
          {:limit 20000000000,
           :cutoff nil,
           :gen (jepsen.generator.Any
                 {:gens [(jepsen.generator.OnThreads
                          {:f #{:nemesis},
                           :context-filter #object[jepsen.generator.context$make_thread_filter$lazy_filter__9167
                                                   "0x7545cb17"
                                                   "jepsen.generator.context$make_thread_filter$lazy_filter__9167@7545cb17"],
                           :gen nil})
                         (jepsen.generator.OnThreads
                          {:f #jepsen.generator.context.AllBut{:element :nemesis},
                           :context-filter #object[jepsen.generator.context$make_thread_filter$lazy_filter__9167
                                                   "0x635b3ec7"
                                                   "jepsen.generator.context$make_thread_filter$lazy_filter__9167@635b3ec7"],
                           :gen (jepsen.generator.Stagger
                                 {:dt 200000000,
                                  :next-time nil,
                                  :gen (jepsen.generator.Mix
                                        {:i 1,
                                         :gens [({:f :broadcast, :value 0}
                                                 {:f :broadcast, :value 1}
                                                 {:f :broadcast, :value 2}
                                                 {:f :broadcast, :value 3}
                                                 {:f :broadcast, :value 4}
                                                 {:f :broadcast, :value 5}
                                                 {:f :broadcast, :value 6}
                                                 {:f :broadcast, :value 7}
                                                 ...)
                                                ({:f :read}
                                                 {:f :read}
                                                 {:f :read}
                                                 {:f :read}
                                                 {:f :read}
                                                 {:f :read}
                                                 {:f :read}
                                                 {:f :read}
                                                 ...)]})})})]})})})
  (jepsen.generator.Synchronize
   {:gen (jepsen.generator.OnThreads
          {:f #{:nemesis},
           :context-filter #object[jepsen.generator.context$make_thread_filter$lazy_filter__9167
                                   "0x15aa3084"
                                   "jepsen.generator.context$make_thread_filter$lazy_filter__9167@15aa3084"],
           :gen ()})})
  (jepsen.generator.Synchronize
   {:gen {:type :log, :value "Waiting for recovery..."}})
  (jepsen.generator.Synchronize {:gen {:type :sleep, :value 10}})
  (jepsen.generator.Synchronize
   {:gen (jepsen.generator.OnThreads
          {:f #jepsen.generator.context.AllBut{:element :nemesis},
           :context-filter #object[jepsen.generator.context$make_thread_filter$lazy_filter__9167
                                   "0x4e6c4c55"
                                   "jepsen.generator.context$make_thread_filter$lazy_filter__9167@4e6c4c55"],
           :gen (jepsen.generator.EachThread
                 {:fresh-gen {:f :read, :final? true},
                  :context-filters #object[clojure.core$promise$reify__8591
                                           "0x74fbee59"
                                           {:status :pending, :val nil}],
                  :gens {}})})}))
 :log-net-recv false
 :os
 #object[maelstrom.net$jepsen_os$reify__15254
         "0x3794621d"
         "maelstrom.net$jepsen_os$reify__15254@3794621d"]
 :time-limit 20
 :workload :broadcast
 :consistency-models [:strict-serializable]
 :topology :grid}

2026-03-19 17:33:41,044{GMT}	INFO	[jepsen node n0] maelstrom.net: Starting Maelstrom network
2026-03-19 17:33:41,047{GMT}	INFO	[jepsen test runner] jepsen.db: Tearing down DB
2026-03-19 17:33:41,053{GMT}	INFO	[jepsen test runner] jepsen.db: Setting up DB
2026-03-19 17:33:41,058{GMT}	INFO	[jepsen node n1] maelstrom.db: Setting up n1
2026-03-19 17:33:41,060{GMT}	INFO	[jepsen node n1] maelstrom.process: launching run.sh ["broadcast"]
2026-03-19 17:33:41,061{GMT}	INFO	[jepsen node n0] maelstrom.service: Starting services: (lin-kv lin-tso lww-kv seq-kv)
2026-03-19 17:33:41,065{GMT}	INFO	[jepsen node n2] maelstrom.db: Setting up n2
2026-03-19 17:33:41,066{GMT}	INFO	[jepsen node n3] maelstrom.db: Setting up n3
2026-03-19 17:33:41,067{GMT}	INFO	[jepsen node n3] maelstrom.process: launching run.sh ["broadcast"]
2026-03-19 17:33:41,066{GMT}	INFO	[jepsen node n2] maelstrom.process: launching run.sh ["broadcast"]
2026-03-19 17:33:41,069{GMT}	INFO	[jepsen node n4] maelstrom.db: Setting up n4
2026-03-19 17:33:41,069{GMT}	INFO	[jepsen node n4] maelstrom.process: launching run.sh ["broadcast"]
2026-03-19 17:33:41,071{GMT}	INFO	[jepsen node n0] maelstrom.db: Setting up n0
2026-03-19 17:33:41,072{GMT}	INFO	[jepsen node n0] maelstrom.process: launching run.sh ["broadcast"]
2026-03-19 17:33:41,341{GMT}	INFO	[jepsen test runner] jepsen.core: Relative time begins now
2026-03-19 17:33:41,361{GMT}	INFO	[jepsen worker 0] jepsen.util: 0	:invoke	:read	nil
2026-03-19 17:33:41,366{GMT}	INFO	[jepsen worker 0] jepsen.util: 0	:ok	:read	[]
2026-03-19 17:33:41,559{GMT}	INFO	[jepsen worker 1] jepsen.util: 1	:invoke	:broadcast	0
2026-03-19 17:33:41,564{GMT}	INFO	[jepsen worker 1] jepsen.util: 1	:ok	:broadcast	0
2026-03-19 17:33:41,708{GMT}	INFO	[jepsen worker 2] jepsen.util: 2	:invoke	:read	nil
2026-03-19 17:33:41,712{GMT}	INFO	[jepsen worker 2] jepsen.util: 2	:ok	:read	[]
2026-03-19 17:33:41,877{GMT}	INFO	[jepsen worker 3] jepsen.util: 3	:invoke	:read	nil
2026-03-19 17:33:41,881{GMT}	INFO	[jepsen worker 3] jepsen.util: 3	:ok	:read	[]
2026-03-19 17:33:41,938{GMT}	INFO	[jepsen worker 4] jepsen.util: 4	:invoke	:read	nil
2026-03-19 17:33:41,943{GMT}	INFO	[jepsen worker 4] jepsen.util: 4	:ok	:read	[]
2026-03-19 17:33:42,081{GMT}	INFO	[jepsen worker 0] jepsen.util: 0	:invoke	:broadcast	1
2026-03-19 17:33:42,088{GMT}	INFO	[jepsen worker 0] jepsen.util: 0	:ok	:broadcast	1
2026-03-19 17:33:42,272{GMT}	INFO	[jepsen worker 0] jepsen.util: 0	:invoke	:read	nil
2026-03-19 17:33:42,276{GMT}	INFO	[jepsen worker 0] jepsen.util: 0	:ok	:read	[0]
2026-03-19 17:33:42,364{GMT}	INFO	[jepsen worker 1] jepsen.util: 1	:invoke	:read	nil
2026-03-19 17:33:42,368{GMT}	INFO	[jepsen worker 1] jepsen.util: 1	:ok	:read	[1]
2026-03-19 17:33:42,433{GMT}	INFO	[jepsen worker 2] jepsen.util: 2	:invoke	:read	nil
2026-03-19 17:33:42,437{GMT}	INFO	[jepsen worker 2] jepsen.util: 2	:ok	:read	[1]
2026-03-19 17:33:42,578{GMT}	INFO	[jepsen worker 3] jepsen.util: 3	:invoke	:broadcast	2
2026-03-19 17:33:42,583{GMT}	INFO	[jepsen worker 3] jepsen.util: 3	:ok	:broadcast	2
2026-03-19 17:33:42,620{GMT}	INFO	[jepsen worker 4] jepsen.util: 4	:invoke	:broadcast	3
2026-03-19 17:33:42,625{GMT}	INFO	[jepsen worker 4] jepsen.util: 4	:ok	:broadcast	3
2026-03-19 17:33:42,674{GMT}	INFO	[jepsen worker 0] jepsen.util: 0	:invoke	:read	nil
2026-03-19 17:33:42,677{GMT}	INFO	[jepsen worker 0] jepsen.util: 0	:ok	:read	[0 2 3]
2026-03-19 17:33:42,871{GMT}	INFO	[jepsen worker 0] jepsen.util: 0	:invoke	:read	nil
2026-03-19 17:33:42,874{GMT}	INFO	[jepsen worker 0] jepsen.util: 0	:ok	:read	[0 2 3]
2026-03-19 17:33:42,901{GMT}	INFO	[jepsen worker 1] jepsen.util: 1	:invoke	:read	nil
2026-03-19 17:33:42,905{GMT}	INFO	[jepsen worker 1] jepsen.util: 1	:ok	:read	[1]
2026-03-19 17:33:42,997{GMT}	INFO	[jepsen worker 2] jepsen.util: 2	:invoke	:broadcast	4
2026-03-19 17:33:43,000{GMT}	INFO	[jepsen worker 2] jepsen.util: 2	:ok	:broadcast	4
2026-03-19 17:33:43,163{GMT}	INFO	[jepsen worker 3] jepsen.util: 3	:invoke	:broadcast	5
2026-03-19 17:33:43,167{GMT}	INFO	[jepsen worker 3] jepsen.util: 3	:ok	:broadcast	5
2026-03-19 17:33:43,320{GMT}	INFO	[jepsen worker 4] jepsen.util: 4	:invoke	:broadcast	6
2026-03-19 17:33:43,324{GMT}	INFO	[jepsen worker 4] jepsen.util: 4	:ok	:broadcast	6
2026-03-19 17:33:43,500{GMT}	INFO	[jepsen worker 0] jepsen.util: 0	:invoke	:broadcast	7
2026-03-19 17:33:43,503{GMT}	INFO	[jepsen worker 0] jepsen.util: 0	:ok	:broadcast	7
2026-03-19 17:33:43,641{GMT}	INFO	[jepsen worker 0] jepsen.util: 0	:invoke	:read	nil
2026-03-19 17:33:43,644{GMT}	INFO	[jepsen worker 0] jepsen.util: 0	:ok	:read	[0 2 3 4 5 6]
2026-03-19 17:33:43,656{GMT}	INFO	[jepsen worker 1] jepsen.util: 1	:invoke	:broadcast	8
2026-03-19 17:33:43,660{GMT}	INFO	[jepsen worker 2] jepsen.util: 2	:invoke	:read	nil
2026-03-19 17:33:43,660{GMT}	INFO	[jepsen worker 1] jepsen.util: 1	:ok	:broadcast	8
2026-03-19 17:33:43,664{GMT}	INFO	[jepsen worker 2] jepsen.util: 2	:ok	:read	[1 7]
2026-03-19 17:33:43,804{GMT}	INFO	[jepsen worker 3] jepsen.util: 3	:invoke	:read	nil
2026-03-19 17:33:43,808{GMT}	INFO	[jepsen worker 3] jepsen.util: 3	:ok	:read	[1 7]
2026-03-19 17:33:43,912{GMT}	INFO	[jepsen worker 4] jepsen.util: 4	:invoke	:read	nil
2026-03-19 17:33:43,916{GMT}	INFO	[jepsen worker 4] jepsen.util: 4	:ok	:read	[1 7]
2026-03-19 17:33:44,103{GMT}	INFO	[jepsen worker 0] jepsen.util: 0	:invoke	:broadcast	9
2026-03-19 17:33:44,104{GMT}	INFO	[jepsen worker 1] jepsen.util: 1	:invoke	:read	nil
2026-03-19 17:33:44,106{GMT}	INFO	[jepsen worker 0] jepsen.util: 0	:ok	:broadcast	9
2026-03-19 17:33:44,107{GMT}	INFO	[jepsen worker 1] jepsen.util: 1	:ok	:read	[1 7 9]
2026-03-19 17:33:44,129{GMT}	INFO	[jepsen worker 1] jepsen.util: 1	:invoke	:read	nil
2026-03-19 17:33:44,132{GMT}	INFO	[jepsen worker 1] jepsen.util: 1	:ok	:read	[1 7 9]
2026-03-19 17:33:44,328{GMT}	INFO	[jepsen worker 2] jepsen.util: 2	:invoke	:broadcast	10
2026-03-19 17:33:44,334{GMT}	INFO	[jepsen worker 2] jepsen.util: 2	:ok	:broadcast	10
2026-03-19 17:33:44,408{GMT}	INFO	[jepsen worker 3] jepsen.util: 3	:invoke	:read	nil
2026-03-19 17:33:44,412{GMT}	INFO	[jepsen worker 3] jepsen.util: 3	:ok	:read	[1 7 9]
2026-03-19 17:33:44,445{GMT}	INFO	[jepsen worker 4] jepsen.util: 4	:invoke	:read	nil
2026-03-19 17:33:44,448{GMT}	INFO	[jepsen worker 4] jepsen.util: 4	:ok	:read	[1 7 9]
2026-03-19 17:33:44,527{GMT}	INFO	[jepsen worker 0] jepsen.util: 0	:invoke	:broadcast	11
2026-03-19 17:33:44,533{GMT}	INFO	[jepsen worker 0] jepsen.util: 0	:ok	:broadcast	11
2026-03-19 17:33:44,697{GMT}	INFO	[jepsen worker 0] jepsen.util: 0	:invoke	:read	nil
2026-03-19 17:33:44,705{GMT}	INFO	[jepsen worker 0] jepsen.util: 0	:ok	:read	[0 2 3 4 5 6 8 10]
2026-03-19 17:33:44,823{GMT}	INFO	[jepsen worker 1] jepsen.util: 1	:invoke	:broadcast	12
2026-03-19 17:33:44,825{GMT}	INFO	[jepsen worker 1] jepsen.util: 1	:ok	:broadcast	12
2026-03-19 17:33:45,024{GMT}	INFO	[jepsen worker 2] jepsen.util: 2	:invoke	:read	nil
2026-03-19 17:33:45,027{GMT}	INFO	[jepsen worker 2] jepsen.util: 2	:ok	:read	[1 7 9 11]
2026-03-19 17:33:45,087{GMT}	INFO	[jepsen worker 3] jepsen.util: 3	:invoke	:read	nil
2026-03-19 17:33:45,095{GMT}	INFO	[jepsen worker 3] jepsen.util: 3	:ok	:read	[1 7 9 11]
2026-03-19 17:33:45,262{GMT}	INFO	[jepsen worker 4] jepsen.util: 4	:invoke	:broadcast	13
2026-03-19 17:33:45,263{GMT}	INFO	[jepsen worker 0] jepsen.util: 0	:invoke	:read	nil
2026-03-19 17:33:45,264{GMT}	INFO	[jepsen worker 4] jepsen.util: 4	:ok	:broadcast	13
2026-03-19 17:33:45,265{GMT}	INFO	[jepsen worker 0] jepsen.util: 0	:ok	:read	[0 2 3 4 5 6 8 10 12]
2026-03-19 17:33:45,373{GMT}	INFO	[jepsen worker 0] jepsen.util: 0	:invoke	:read	nil
2026-03-19 17:33:45,375{GMT}	INFO	[jepsen worker 0] jepsen.util: 0	:ok	:read	[0 2 3 4 5 6 8 10 12 13]
2026-03-19 17:33:45,541{GMT}	INFO	[jepsen worker 1] jepsen.util: 1	:invoke	:read	nil
2026-03-19 17:33:45,545{GMT}	INFO	[jepsen worker 1] jepsen.util: 1	:ok	:read	[1 7 9 11]
2026-03-19 17:33:45,633{GMT}	INFO	[jepsen worker 2] jepsen.util: 2	:invoke	:read	nil
2026-03-19 17:33:45,634{GMT}	INFO	[jepsen worker 2] jepsen.util: 2	:ok	:read	[1 7 9 11]
2026-03-19 17:33:45,670{GMT}	INFO	[jepsen worker 3] jepsen.util: 3	:invoke	:broadcast	14
2026-03-19 17:33:45,673{GMT}	INFO	[jepsen worker 3] jepsen.util: 3	:ok	:broadcast	14
2026-03-19 17:33:45,767{GMT}	INFO	[jepsen worker 4] jepsen.util: 4	:invoke	:read	nil
2026-03-19 17:33:45,771{GMT}	INFO	[jepsen worker 4] jepsen.util: 4	:ok	:read	[1 7 9 11]
2026-03-19 17:33:45,904{GMT}	INFO	[jepsen worker 0] jepsen.util: 0	:invoke	:broadcast	15
2026-03-19 17:33:45,910{GMT}	INFO	[jepsen worker 0] jepsen.util: 0	:ok	:broadcast	15
2026-03-19 17:33:45,975{GMT}	INFO	[jepsen worker 0] jepsen.util: 0	:invoke	:broadcast	16
2026-03-19 17:33:45,979{GMT}	INFO	[jepsen worker 0] jepsen.util: 0	:ok	:broadcast	16
2026-03-19 17:33:46,066{GMT}	INFO	[jepsen worker 1] jepsen.util: 1	:invoke	:read	nil
2026-03-19 17:33:46,069{GMT}	INFO	[jepsen worker 1] jepsen.util: 1	:ok	:read	[1 7 9 11 15 16]
2026-03-19 17:33:46,136{GMT}	INFO	[jepsen worker 2] jepsen.util: 2	:invoke	:broadcast	17
2026-03-19 17:33:46,140{GMT}	INFO	[jepsen worker 2] jepsen.util: 2	:ok	:broadcast	17
2026-03-19 17:33:46,155{GMT}	INFO	[jepsen worker 3] jepsen.util: 3	:invoke	:broadcast	18
2026-03-19 17:33:46,157{GMT}	INFO	[jepsen worker 3] jepsen.util: 3	:ok	:broadcast	18
2026-03-19 17:33:46,334{GMT}	INFO	[jepsen worker 4] jepsen.util: 4	:invoke	:broadcast	19
2026-03-19 17:33:46,338{GMT}	INFO	[jepsen worker 4] jepsen.util: 4	:ok	:broadcast	19
2026-03-19 17:33:46,401{GMT}	INFO	[jepsen worker 0] jepsen.util: 0	:invoke	:read	nil
2026-03-19 17:33:46,403{GMT}	INFO	[jepsen worker 0] jepsen.util: 0	:ok	:read	[0 2 3 4 5 6 8 10 12 13 14 17 18 19]
2026-03-19 17:33:46,595{GMT}	INFO	[jepsen worker 0] jepsen.util: 0	:invoke	:read	nil
2026-03-19 17:33:46,598{GMT}	INFO	[jepsen worker 0] jepsen.util: 0	:ok	:read	[0 2 3 4 5 6 8 10 12 13 14 17 18 19]
2026-03-19 17:33:46,609{GMT}	INFO	[jepsen worker 1] jepsen.util: 1	:invoke	:broadcast	20
2026-03-19 17:33:46,613{GMT}	INFO	[jepsen worker 1] jepsen.util: 1	:ok	:broadcast	20
2026-03-19 17:33:46,714{GMT}	INFO	[jepsen worker 2] jepsen.util: 2	:invoke	:broadcast	21
2026-03-19 17:33:46,718{GMT}	INFO	[jepsen worker 2] jepsen.util: 2	:ok	:broadcast	21
2026-03-19 17:33:46,815{GMT}	INFO	[jepsen worker 3] jepsen.util: 3	:invoke	:broadcast	22
2026-03-19 17:33:46,819{GMT}	INFO	[jepsen worker 3] jepsen.util: 3	:ok	:broadcast	22
2026-03-19 17:33:46,881{GMT}	INFO	[jepsen worker 4] jepsen.util: 4	:invoke	:broadcast	23
2026-03-19 17:33:46,885{GMT}	INFO	[jepsen worker 4] jepsen.util: 4	:ok	:broadcast	23
2026-03-19 17:33:46,959{GMT}	INFO	[jepsen worker 0] jepsen.util: 0	:invoke	:broadcast	24
2026-03-19 17:33:46,964{GMT}	INFO	[jepsen worker 0] jepsen.util: 0	:ok	:broadcast	24
2026-03-19 17:33:47,045{GMT}	INFO	[jepsen worker 0] jepsen.util: 0	:invoke	:read	nil
2026-03-19 17:33:47,049{GMT}	INFO	[jepsen worker 0] jepsen.util: 0	:ok	:read	[0 2 3 4 5 6 8 10 12 13 14 17 18 19 20 21 22 23]
2026-03-19 17:33:47,232{GMT}	INFO	[jepsen worker 1] jepsen.util: 1	:invoke	:broadcast	25
2026-03-19 17:33:47,235{GMT}	INFO	[jepsen worker 1] jepsen.util: 1	:ok	:broadcast	25
2026-03-19 17:33:47,366{GMT}	INFO	[jepsen worker 2] jepsen.util: 2	:invoke	:read	nil
2026-03-19 17:33:47,369{GMT}	INFO	[jepsen worker 2] jepsen.util: 2	:ok	:read	[1 7 9 11 15 16 24]
2026-03-19 17:33:47,411{GMT}	INFO	[jepsen worker 3] jepsen.util: 3	:invoke	:broadcast	26
2026-03-19 17:33:47,413{GMT}	INFO	[jepsen worker 3] jepsen.util: 3	:ok	:broadcast	26
2026-03-19 17:33:47,512{GMT}	INFO	[jepsen worker 4] jepsen.util: 4	:invoke	:read	nil
2026-03-19 17:33:47,513{GMT}	INFO	[jepsen worker 4] jepsen.util: 4	:ok	:read	[1 7 9 11 15 16 24]
2026-03-19 17:33:47,569{GMT}	INFO	[jepsen worker 0] jepsen.util: 0	:invoke	:broadcast	27
2026-03-19 17:33:47,573{GMT}	INFO	[jepsen worker 0] jepsen.util: 0	:ok	:broadcast	27
2026-03-19 17:33:47,726{GMT}	INFO	[jepsen worker 0] jepsen.util: 0	:invoke	:broadcast	28
2026-03-19 17:33:47,730{GMT}	INFO	[jepsen worker 0] jepsen.util: 0	:ok	:broadcast	28
2026-03-19 17:33:47,900{GMT}	INFO	[jepsen worker 1] jepsen.util: 1	:invoke	:broadcast	29
2026-03-19 17:33:47,904{GMT}	INFO	[jepsen worker 1] jepsen.util: 1	:ok	:broadcast	29
2026-03-19 17:33:48,020{GMT}	INFO	[jepsen worker 2] jepsen.util: 2	:invoke	:broadcast	30
2026-03-19 17:33:48,023{GMT}	INFO	[jepsen worker 2] jepsen.util: 2	:ok	:broadcast	30
2026-03-19 17:33:48,159{GMT}	INFO	[jepsen worker 3] jepsen.util: 3	:invoke	:broadcast	31
2026-03-19 17:33:48,162{GMT}	INFO	[jepsen worker 3] jepsen.util: 3	:ok	:broadcast	31
2026-03-19 17:33:48,274{GMT}	INFO	[jepsen worker 4] jepsen.util: 4	:invoke	:broadcast	32
2026-03-19 17:33:48,278{GMT}	INFO	[jepsen worker 4] jepsen.util: 4	:ok	:broadcast	32
2026-03-19 17:33:48,432{GMT}	INFO	[jepsen worker 0] jepsen.util: 0	:invoke	:broadcast	33
2026-03-19 17:33:48,436{GMT}	INFO	[jepsen worker 0] jepsen.util: 0	:ok	:broadcast	33
2026-03-19 17:33:48,528{GMT}	INFO	[jepsen worker 0] jepsen.util: 0	:invoke	:read	nil
2026-03-19 17:33:48,532{GMT}	INFO	[jepsen worker 0] jepsen.util: 0	:ok	:read	[0 2 3 4 5 6 8 10 12 13 14 17 18 19 20 21 22 23 25 26 29 30 31 32]
2026-03-19 17:33:48,601{GMT}	INFO	[jepsen worker 1] jepsen.util: 1	:invoke	:read	nil
2026-03-19 17:33:48,604{GMT}	INFO	[jepsen worker 1] jepsen.util: 1	:ok	:read	[1 7 9 11 15 16 24 27 28 33]
2026-03-19 17:33:48,633{GMT}	INFO	[jepsen worker 2] jepsen.util: 2	:invoke	:read	nil
2026-03-19 17:33:48,635{GMT}	INFO	[jepsen worker 2] jepsen.util: 2	:ok	:read	[1 7 9 11 15 16 24 27 28 33]
2026-03-19 17:33:48,655{GMT}	INFO	[jepsen worker 3] jepsen.util: 3	:invoke	:broadcast	34
2026-03-19 17:33:48,662{GMT}	INFO	[jepsen worker 3] jepsen.util: 3	:ok	:broadcast	34
2026-03-19 17:33:48,768{GMT}	INFO	[jepsen worker 4] jepsen.util: 4	:invoke	:read	nil
2026-03-19 17:33:48,771{GMT}	INFO	[jepsen worker 4] jepsen.util: 4	:ok	:read	[1 7 9 11 15 16 24 27 28 33]
2026-03-19 17:33:48,944{GMT}	INFO	[jepsen worker 0] jepsen.util: 0	:invoke	:broadcast	35
2026-03-19 17:33:48,949{GMT}	INFO	[jepsen worker 0] jepsen.util: 0	:ok	:broadcast	35
2026-03-19 17:33:49,054{GMT}	INFO	[jepsen worker 0] jepsen.util: 0	:invoke	:broadcast	36
2026-03-19 17:33:49,058{GMT}	INFO	[jepsen worker 0] jepsen.util: 0	:ok	:broadcast	36
2026-03-19 17:33:49,226{GMT}	INFO	[jepsen worker 1] jepsen.util: 1	:invoke	:broadcast	37
2026-03-19 17:33:49,229{GMT}	INFO	[jepsen worker 1] jepsen.util: 1	:ok	:broadcast	37
2026-03-19 17:33:49,248{GMT}	INFO	[jepsen worker 2] jepsen.util: 2	:invoke	:broadcast	38
2026-03-19 17:33:49,252{GMT}	INFO	[jepsen worker 2] jepsen.util: 2	:ok	:broadcast	38
2026-03-19 17:33:49,389{GMT}	INFO	[jepsen worker 3] jepsen.util: 3	:invoke	:broadcast	39
2026-03-19 17:33:49,392{GMT}	INFO	[jepsen worker 3] jepsen.util: 3	:ok	:broadcast	39
2026-03-19 17:33:49,533{GMT}	INFO	[jepsen worker 4] jepsen.util: 4	:invoke	:read	nil
2026-03-19 17:33:49,537{GMT}	INFO	[jepsen worker 4] jepsen.util: 4	:ok	:read	[1 7 9 11 15 16 24 27 28 33 35 36]
2026-03-19 17:33:49,566{GMT}	INFO	[jepsen worker 0] jepsen.util: 0	:invoke	:read	nil
2026-03-19 17:33:49,569{GMT}	INFO	[jepsen worker 0] jepsen.util: 0	:ok	:read	[0 2 3 4 5 6 8 10 12 13 14 17 18 19 20 21 22 23 25 26 29 30 31 32 34 37 38 39]
2026-03-19 17:33:49,747{GMT}	INFO	[jepsen worker 0] jepsen.util: 0	:invoke	:read	nil
2026-03-19 17:33:49,750{GMT}	INFO	[jepsen worker 0] jepsen.util: 0	:ok	:read	[0 2 3 4 5 6 8 10 12 13 14 17 18 19 20 21 22 23 25 26 29 30 31 32 34 37 38 39]
2026-03-19 17:33:49,851{GMT}	INFO	[jepsen worker 1] jepsen.util: 1	:invoke	:broadcast	40
2026-03-19 17:33:49,854{GMT}	INFO	[jepsen worker 1] jepsen.util: 1	:ok	:broadcast	40
2026-03-19 17:33:49,890{GMT}	INFO	[jepsen worker 2] jepsen.util: 2	:invoke	:broadcast	41
2026-03-19 17:33:49,894{GMT}	INFO	[jepsen worker 2] jepsen.util: 2	:ok	:broadcast	41
2026-03-19 17:33:50,001{GMT}	INFO	[jepsen worker 3] jepsen.util: 3	:invoke	:broadcast	42
2026-03-19 17:33:50,004{GMT}	INFO	[jepsen worker 3] jepsen.util: 3	:ok	:broadcast	42
2026-03-19 17:33:50,103{GMT}	INFO	[jepsen worker 4] jepsen.util: 4	:invoke	:broadcast	43
2026-03-19 17:33:50,105{GMT}	INFO	[jepsen worker 4] jepsen.util: 4	:ok	:broadcast	43
2026-03-19 17:33:50,250{GMT}	INFO	[jepsen worker 0] jepsen.util: 0	:invoke	:broadcast	44
2026-03-19 17:33:50,253{GMT}	INFO	[jepsen worker 0] jepsen.util: 0	:ok	:broadcast	44
2026-03-19 17:33:50,449{GMT}	INFO	[jepsen worker 0] jepsen.util: 0	:invoke	:read	nil
2026-03-19 17:33:50,452{GMT}	INFO	[jepsen worker 0] jepsen.util: 0	:ok	:read	[0 2 3 4 5 6 8 10 12 13 14 17 18 19 20 21 22 23 25 26 29 30 31 32 34 37 38 39 40 41 42 43]
2026-03-19 17:33:50,494{GMT}	INFO	[jepsen worker 1] jepsen.util: 1	:invoke	:read	nil
2026-03-19 17:33:50,497{GMT}	INFO	[jepsen worker 1] jepsen.util: 1	:ok	:read	[1 7 9 11 15 16 24 27 28 33 35 36 44]
2026-03-19 17:33:50,545{GMT}	INFO	[jepsen worker 2] jepsen.util: 2	:invoke	:broadcast	45
2026-03-19 17:33:50,547{GMT}	INFO	[jepsen worker 2] jepsen.util: 2	:ok	:broadcast	45
2026-03-19 17:33:50,739{GMT}	INFO	[jepsen worker 3] jepsen.util: 3	:invoke	:read	nil
2026-03-19 17:33:50,742{GMT}	INFO	[jepsen worker 3] jepsen.util: 3	:ok	:read	[1 7 9 11 15 16 24 27 28 33 35 36 44]
2026-03-19 17:33:50,831{GMT}	INFO	[jepsen worker 4] jepsen.util: 4	:invoke	:broadcast	46
2026-03-19 17:33:50,834{GMT}	INFO	[jepsen worker 4] jepsen.util: 4	:ok	:broadcast	46
2026-03-19 17:33:50,988{GMT}	INFO	[jepsen worker 0] jepsen.util: 0	:invoke	:read	nil
2026-03-19 17:33:50,991{GMT}	INFO	[jepsen worker 0] jepsen.util: 0	:ok	:read	[0 2 3 4 5 6 8 10 12 13 14 17 18 19 20 21 22 23 25 26 29 30 31 32 34 37 38 39 40 41 42 43 45 46]
2026-03-19 17:33:51,084{GMT}	INFO	[jepsen worker 0] jepsen.util: 0	:invoke	:read	nil
2026-03-19 17:33:51,087{GMT}	INFO	[jepsen worker 0] jepsen.util: 0	:ok	:read	[0 2 3 4 5 6 8 10 12 13 14 17 18 19 20 21 22 23 25 26 29 30 31 32 34 37 38 39 40 41 42 43 45 46]
2026-03-19 17:33:51,269{GMT}	INFO	[jepsen worker 1] jepsen.util: 1	:invoke	:read	nil
2026-03-19 17:33:51,272{GMT}	INFO	[jepsen worker 1] jepsen.util: 1	:ok	:read	[1 7 9 11 15 16 24 27 28 33 35 36 44]
2026-03-19 17:33:51,304{GMT}	INFO	[jepsen worker 2] jepsen.util: 2	:invoke	:read	nil
2026-03-19 17:33:51,316{GMT}	INFO	[jepsen worker 2] jepsen.util: 2	:ok	:read	[1 7 9 11 15 16 24 27 28 33 35 36 44]
2026-03-19 17:33:51,359{GMT}	INFO	[jepsen worker 3] jepsen.util: 3	:invoke	:broadcast	47
2026-03-19 17:33:51,362{GMT}	INFO	[jepsen worker 3] jepsen.util: 3	:ok	:broadcast	47
2026-03-19 17:33:51,417{GMT}	INFO	[jepsen worker 4] jepsen.util: 4	:invoke	:broadcast	48
2026-03-19 17:33:51,420{GMT}	INFO	[jepsen worker 4] jepsen.util: 4	:ok	:broadcast	48
2026-03-19 17:33:51,425{GMT}	INFO	[jepsen worker 0] jepsen.util: 0	:invoke	:broadcast	49
2026-03-19 17:33:51,429{GMT}	INFO	[jepsen worker 0] jepsen.util: 0	:ok	:broadcast	49
2026-03-19 17:33:51,478{GMT}	INFO	[jepsen worker 0] jepsen.util: 0	:invoke	:read	nil
2026-03-19 17:33:51,481{GMT}	INFO	[jepsen worker 0] jepsen.util: 0	:ok	:read	[0 2 3 4 5 6 8 10 12 13 14 17 18 19 20 21 22 23 25 26 29 30 31 32 34 37 38 39 40 41 42 43 45 46 47 48]
2026-03-19 17:33:51,615{GMT}	INFO	[jepsen worker 1] jepsen.util: 1	:invoke	:read	nil
2026-03-19 17:33:51,618{GMT}	INFO	[jepsen worker 1] jepsen.util: 1	:ok	:read	[1 7 9 11 15 16 24 27 28 33 35 36 44 49]
2026-03-19 17:33:51,795{GMT}	INFO	[jepsen worker 2] jepsen.util: 2	:invoke	:broadcast	50
2026-03-19 17:33:51,798{GMT}	INFO	[jepsen worker 2] jepsen.util: 2	:ok	:broadcast	50
2026-03-19 17:33:51,820{GMT}	INFO	[jepsen worker 3] jepsen.util: 3	:invoke	:read	nil
2026-03-19 17:33:51,823{GMT}	INFO	[jepsen worker 3] jepsen.util: 3	:ok	:read	[1 7 9 11 15 16 24 27 28 33 35 36 44 49]
2026-03-19 17:33:51,980{GMT}	INFO	[jepsen worker 4] jepsen.util: 4	:invoke	:broadcast	51
2026-03-19 17:33:51,983{GMT}	INFO	[jepsen worker 4] jepsen.util: 4	:ok	:broadcast	51
2026-03-19 17:33:52,168{GMT}	INFO	[jepsen worker 0] jepsen.util: 0	:invoke	:broadcast	52
2026-03-19 17:33:52,172{GMT}	INFO	[jepsen worker 0] jepsen.util: 0	:ok	:broadcast	52
2026-03-19 17:33:52,315{GMT}	INFO	[jepsen worker 0] jepsen.util: 0	:invoke	:read	nil
2026-03-19 17:33:52,318{GMT}	INFO	[jepsen worker 0] jepsen.util: 0	:ok	:read	[0 2 3 4 5 6 8 10 12 13 14 17 18 19 20 21 22 23 25 26 29 30 31 32 34 37 38 39 40 41 42 43 45 46 47 48 50 51]
2026-03-19 17:33:52,390{GMT}	INFO	[jepsen worker 1] jepsen.util: 1	:invoke	:broadcast	53
2026-03-19 17:33:52,393{GMT}	INFO	[jepsen worker 1] jepsen.util: 1	:ok	:broadcast	53
2026-03-19 17:33:52,430{GMT}	INFO	[jepsen worker 2] jepsen.util: 2	:invoke	:read	nil
2026-03-19 17:33:52,433{GMT}	INFO	[jepsen worker 2] jepsen.util: 2	:ok	:read	[1 7 9 11 15 16 24 27 28 33 35 36 44 49 52]
2026-03-19 17:33:52,592{GMT}	INFO	[jepsen worker 3] jepsen.util: 3	:invoke	:read	nil
2026-03-19 17:33:52,595{GMT}	INFO	[jepsen worker 3] jepsen.util: 3	:ok	:read	[1 7 9 11 15 16 24 27 28 33 35 36 44 49 52]
2026-03-19 17:33:52,758{GMT}	INFO	[jepsen worker 4] jepsen.util: 4	:invoke	:broadcast	54
2026-03-19 17:33:52,761{GMT}	INFO	[jepsen worker 4] jepsen.util: 4	:ok	:broadcast	54
2026-03-19 17:33:52,940{GMT}	INFO	[jepsen worker 0] jepsen.util: 0	:invoke	:broadcast	55
2026-03-19 17:33:52,944{GMT}	INFO	[jepsen worker 0] jepsen.util: 0	:ok	:broadcast	55
2026-03-19 17:33:53,046{GMT}	INFO	[jepsen worker 0] jepsen.util: 0	:invoke	:read	nil
2026-03-19 17:33:53,049{GMT}	INFO	[jepsen worker 0] jepsen.util: 0	:ok	:read	[0 2 3 4 5 6 8 10 12 13 14 17 18 19 20 21 22 23 25 26 29 30 31 32 34 37 38 39 40 41 42 43 45 46 47 48 50 51 53 54]
2026-03-19 17:33:53,093{GMT}	INFO	[jepsen worker 1] jepsen.util: 1	:invoke	:read	nil
2026-03-19 17:33:53,095{GMT}	INFO	[jepsen worker 1] jepsen.util: 1	:ok	:read	[1 7 9 11 15 16 24 27 28 33 35 36 44 49 52 55]
2026-03-19 17:33:53,292{GMT}	INFO	[jepsen worker 2] jepsen.util: 2	:invoke	:broadcast	56
2026-03-19 17:33:53,295{GMT}	INFO	[jepsen worker 2] jepsen.util: 2	:ok	:broadcast	56
2026-03-19 17:33:53,440{GMT}	INFO	[jepsen worker 3] jepsen.util: 3	:invoke	:broadcast	57
2026-03-19 17:33:53,443{GMT}	INFO	[jepsen worker 3] jepsen.util: 3	:ok	:broadcast	57
2026-03-19 17:33:53,588{GMT}	INFO	[jepsen worker 4] jepsen.util: 4	:invoke	:read	nil
2026-03-19 17:33:53,592{GMT}	INFO	[jepsen worker 4] jepsen.util: 4	:ok	:read	[1 7 9 11 15 16 24 27 28 33 35 36 44 49 52 55]
2026-03-19 17:33:53,719{GMT}	INFO	[jepsen worker 0] jepsen.util: 0	:invoke	:broadcast	58
2026-03-19 17:33:53,723{GMT}	INFO	[jepsen worker 0] jepsen.util: 0	:ok	:broadcast	58
2026-03-19 17:33:53,775{GMT}	INFO	[jepsen worker 0] jepsen.util: 0	:invoke	:read	nil
2026-03-19 17:33:53,778{GMT}	INFO	[jepsen worker 0] jepsen.util: 0	:ok	:read	[0 2 3 4 5 6 8 10 12 13 14 17 18 19 20 21 22 23 25 26 29 30 31 32 34 37 38 39 40 41 42 43 45 46 47 48 50 51 53 54 56 57]
2026-03-19 17:33:53,859{GMT}	INFO	[jepsen worker 1] jepsen.util: 1	:invoke	:read	nil
2026-03-19 17:33:53,862{GMT}	INFO	[jepsen worker 1] jepsen.util: 1	:ok	:read	[1 7 9 11 15 16 24 27 28 33 35 36 44 49 52 55 58]
2026-03-19 17:33:53,873{GMT}	INFO	[jepsen worker 2] jepsen.util: 2	:invoke	:read	nil
2026-03-19 17:33:53,876{GMT}	INFO	[jepsen worker 2] jepsen.util: 2	:ok	:read	[1 7 9 11 15 16 24 27 28 33 35 36 44 49 52 55 58]
2026-03-19 17:33:54,056{GMT}	INFO	[jepsen worker 3] jepsen.util: 3	:invoke	:broadcast	59
2026-03-19 17:33:54,059{GMT}	INFO	[jepsen worker 3] jepsen.util: 3	:ok	:broadcast	59
2026-03-19 17:33:54,070{GMT}	INFO	[jepsen worker 4] jepsen.util: 4	:invoke	:read	nil
2026-03-19 17:33:54,072{GMT}	INFO	[jepsen worker 4] jepsen.util: 4	:ok	:read	[1 7 9 11 15 16 24 27 28 33 35 36 44 49 52 55 58]
2026-03-19 17:33:54,247{GMT}	INFO	[jepsen worker 0] jepsen.util: 0	:invoke	:broadcast	60
2026-03-19 17:33:54,251{GMT}	INFO	[jepsen worker 0] jepsen.util: 0	:ok	:broadcast	60
2026-03-19 17:33:54,292{GMT}	INFO	[jepsen worker 0] jepsen.util: 0	:invoke	:broadcast	61
2026-03-19 17:33:54,296{GMT}	INFO	[jepsen worker 0] jepsen.util: 0	:ok	:broadcast	61
2026-03-19 17:33:54,435{GMT}	INFO	[jepsen worker 1] jepsen.util: 1	:invoke	:broadcast	62
2026-03-19 17:33:54,438{GMT}	INFO	[jepsen worker 1] jepsen.util: 1	:ok	:broadcast	62
2026-03-19 17:33:54,609{GMT}	INFO	[jepsen worker 2] jepsen.util: 2	:invoke	:broadcast	63
2026-03-19 17:33:54,613{GMT}	INFO	[jepsen worker 2] jepsen.util: 2	:ok	:broadcast	63
2026-03-19 17:33:54,623{GMT}	INFO	[jepsen worker 3] jepsen.util: 3	:invoke	:broadcast	64
2026-03-19 17:33:54,626{GMT}	INFO	[jepsen worker 3] jepsen.util: 3	:ok	:broadcast	64
2026-03-19 17:33:54,731{GMT}	INFO	[jepsen worker 4] jepsen.util: 4	:invoke	:read	nil
2026-03-19 17:33:54,734{GMT}	INFO	[jepsen worker 4] jepsen.util: 4	:ok	:read	[1 7 9 11 15 16 24 27 28 33 35 36 44 49 52 55 58 60 61]
2026-03-19 17:33:54,931{GMT}	INFO	[jepsen worker 0] jepsen.util: 0	:invoke	:broadcast	65
2026-03-19 17:33:54,934{GMT}	INFO	[jepsen worker 0] jepsen.util: 0	:ok	:broadcast	65
2026-03-19 17:33:54,951{GMT}	INFO	[jepsen worker 0] jepsen.util: 0	:invoke	:broadcast	66
2026-03-19 17:33:54,955{GMT}	INFO	[jepsen worker 0] jepsen.util: 0	:ok	:broadcast	66
2026-03-19 17:33:55,084{GMT}	INFO	[jepsen worker 1] jepsen.util: 1	:invoke	:broadcast	67
2026-03-19 17:33:55,088{GMT}	INFO	[jepsen worker 1] jepsen.util: 1	:ok	:broadcast	67
2026-03-19 17:33:55,096{GMT}	INFO	[jepsen worker 2] jepsen.util: 2	:invoke	:broadcast	68
2026-03-19 17:33:55,098{GMT}	INFO	[jepsen worker 2] jepsen.util: 2	:ok	:broadcast	68
2026-03-19 17:33:55,156{GMT}	INFO	[jepsen worker 3] jepsen.util: 3	:invoke	:broadcast	69
2026-03-19 17:33:55,159{GMT}	INFO	[jepsen worker 3] jepsen.util: 3	:ok	:broadcast	69
2026-03-19 17:33:55,220{GMT}	INFO	[jepsen worker 4] jepsen.util: 4	:invoke	:broadcast	70
2026-03-19 17:33:55,223{GMT}	INFO	[jepsen worker 4] jepsen.util: 4	:ok	:broadcast	70
2026-03-19 17:33:55,324{GMT}	INFO	[jepsen worker 0] jepsen.util: 0	:invoke	:read	nil
2026-03-19 17:33:55,327{GMT}	INFO	[jepsen worker 0] jepsen.util: 0	:ok	:read	[0 2 3 4 5 6 8 10 12 13 14 17 18 19 20 21 22 23 25 26 29 30 31 32 34 37 38 39 40 41 42 43 45 46 47 48 50 51 53 54 56 57 59 62 63 64 67 68 69 70]
2026-03-19 17:33:55,473{GMT}	INFO	[jepsen worker 0] jepsen.util: 0	:invoke	:broadcast	71
2026-03-19 17:33:55,477{GMT}	INFO	[jepsen worker 0] jepsen.util: 0	:ok	:broadcast	71
2026-03-19 17:33:55,614{GMT}	INFO	[jepsen worker 1] jepsen.util: 1	:invoke	:broadcast	72
2026-03-19 17:33:55,617{GMT}	INFO	[jepsen worker 1] jepsen.util: 1	:ok	:broadcast	72
2026-03-19 17:33:55,762{GMT}	INFO	[jepsen worker 2] jepsen.util: 2	:invoke	:read	nil
2026-03-19 17:33:55,765{GMT}	INFO	[jepsen worker 2] jepsen.util: 2	:ok	:read	[1 7 9 11 15 16 24 27 28 33 35 36 44 49 52 55 58 60 61 65 66 71]
2026-03-19 17:33:55,946{GMT}	INFO	[jepsen worker 3] jepsen.util: 3	:invoke	:read	nil
2026-03-19 17:33:55,949{GMT}	INFO	[jepsen worker 3] jepsen.util: 3	:ok	:read	[1 7 9 11 15 16 24 27 28 33 35 36 44 49 52 55 58 60 61 65 66 71]
2026-03-19 17:33:56,054{GMT}	INFO	[jepsen worker 4] jepsen.util: 4	:invoke	:broadcast	73
2026-03-19 17:33:56,057{GMT}	INFO	[jepsen worker 4] jepsen.util: 4	:ok	:broadcast	73
2026-03-19 17:33:56,080{GMT}	INFO	[jepsen worker 0] jepsen.util: 0	:invoke	:broadcast	74
2026-03-19 17:33:56,084{GMT}	INFO	[jepsen worker 0] jepsen.util: 0	:ok	:broadcast	74
2026-03-19 17:33:56,129{GMT}	INFO	[jepsen worker 0] jepsen.util: 0	:invoke	:broadcast	75
2026-03-19 17:33:56,131{GMT}	INFO	[jepsen worker 0] jepsen.util: 0	:ok	:broadcast	75
2026-03-19 17:33:56,191{GMT}	INFO	[jepsen worker 1] jepsen.util: 1	:invoke	:broadcast	76
2026-03-19 17:33:56,194{GMT}	INFO	[jepsen worker 1] jepsen.util: 1	:ok	:broadcast	76
2026-03-19 17:33:56,198{GMT}	INFO	[jepsen worker 2] jepsen.util: 2	:invoke	:broadcast	77
2026-03-19 17:33:56,200{GMT}	INFO	[jepsen worker 2] jepsen.util: 2	:ok	:broadcast	77
2026-03-19 17:33:56,266{GMT}	INFO	[jepsen worker 3] jepsen.util: 3	:invoke	:broadcast	78
2026-03-19 17:33:56,268{GMT}	INFO	[jepsen worker 3] jepsen.util: 3	:ok	:broadcast	78
2026-03-19 17:33:56,305{GMT}	INFO	[jepsen worker 4] jepsen.util: 4	:invoke	:broadcast	79
2026-03-19 17:33:56,308{GMT}	INFO	[jepsen worker 4] jepsen.util: 4	:ok	:broadcast	79
2026-03-19 17:33:56,488{GMT}	INFO	[jepsen worker 0] jepsen.util: 0	:invoke	:read	nil
2026-03-19 17:33:56,491{GMT}	INFO	[jepsen worker 0] jepsen.util: 0	:ok	:read	[0 2 3 4 5 6 8 10 12 13 14 17 18 19 20 21 22 23 25 26 29 30 31 32 34 37 38 39 40 41 42 43 45 46 47 48 50 51 53 54 56 57 59 62 63 64 67 68 69 70 72 73 76 77 78 79]
2026-03-19 17:33:56,629{GMT}	INFO	[jepsen worker 0] jepsen.util: 0	:invoke	:broadcast	80
2026-03-19 17:33:56,631{GMT}	INFO	[jepsen worker 0] jepsen.util: 0	:ok	:broadcast	80
2026-03-19 17:33:56,760{GMT}	INFO	[jepsen worker 1] jepsen.util: 1	:invoke	:read	nil
2026-03-19 17:33:56,761{GMT}	INFO	[jepsen worker 1] jepsen.util: 1	:ok	:read	[1 7 9 11 15 16 24 27 28 33 35 36 44 49 52 55 58 60 61 65 66 71 74 75 80]
2026-03-19 17:33:56,763{GMT}	INFO	[jepsen worker 2] jepsen.util: 2	:invoke	:broadcast	81
2026-03-19 17:33:56,765{GMT}	INFO	[jepsen worker 2] jepsen.util: 2	:ok	:broadcast	81
2026-03-19 17:33:56,944{GMT}	INFO	[jepsen worker 3] jepsen.util: 3	:invoke	:read	nil
2026-03-19 17:33:56,946{GMT}	INFO	[jepsen worker 3] jepsen.util: 3	:ok	:read	[1 7 9 11 15 16 24 27 28 33 35 36 44 49 52 55 58 60 61 65 66 71 74 75 80]
2026-03-19 17:33:56,956{GMT}	INFO	[jepsen worker 4] jepsen.util: 4	:invoke	:read	nil
2026-03-19 17:33:56,957{GMT}	INFO	[jepsen worker 4] jepsen.util: 4	:ok	:read	[1 7 9 11 15 16 24 27 28 33 35 36 44 49 52 55 58 60 61 65 66 71 74 75 80]
2026-03-19 17:33:57,122{GMT}	INFO	[jepsen worker 0] jepsen.util: 0	:invoke	:broadcast	82
2026-03-19 17:33:57,125{GMT}	INFO	[jepsen worker 0] jepsen.util: 0	:ok	:broadcast	82
2026-03-19 17:33:57,250{GMT}	INFO	[jepsen worker 0] jepsen.util: 0	:invoke	:read	nil
2026-03-19 17:33:57,253{GMT}	INFO	[jepsen worker 0] jepsen.util: 0	:ok	:read	[0 2 3 4 5 6 8 10 12 13 14 17 18 19 20 21 22 23 25 26 29 30 31 32 34 37 38 39 40 41 42 43 45 46 47 48 50 51 53 54 56 57 59 62 63 64 67 68 69 70 72 73 76 77 78 79 81]
2026-03-19 17:33:57,424{GMT}	INFO	[jepsen worker 1] jepsen.util: 1	:invoke	:broadcast	83
2026-03-19 17:33:57,427{GMT}	INFO	[jepsen worker 1] jepsen.util: 1	:ok	:broadcast	83
2026-03-19 17:33:57,428{GMT}	INFO	[jepsen worker 2] jepsen.util: 2	:invoke	:read	nil
2026-03-19 17:33:57,431{GMT}	INFO	[jepsen worker 2] jepsen.util: 2	:ok	:read	[1 7 9 11 15 16 24 27 28 33 35 36 44 49 52 55 58 60 61 65 66 71 74 75 80 82]
2026-03-19 17:33:57,615{GMT}	INFO	[jepsen worker 3] jepsen.util: 3	:invoke	:read	nil
2026-03-19 17:33:57,618{GMT}	INFO	[jepsen worker 3] jepsen.util: 3	:ok	:read	[1 7 9 11 15 16 24 27 28 33 35 36 44 49 52 55 58 60 61 65 66 71 74 75 80 82]
2026-03-19 17:33:57,734{GMT}	INFO	[jepsen worker 4] jepsen.util: 4	:invoke	:read	nil
2026-03-19 17:33:57,737{GMT}	INFO	[jepsen worker 4] jepsen.util: 4	:ok	:read	[1 7 9 11 15 16 24 27 28 33 35 36 44 49 52 55 58 60 61 65 66 71 74 75 80 82]
2026-03-19 17:33:57,782{GMT}	INFO	[jepsen worker 0] jepsen.util: 0	:invoke	:read	nil
2026-03-19 17:33:57,784{GMT}	INFO	[jepsen worker 0] jepsen.util: 0	:ok	:read	[0 2 3 4 5 6 8 10 12 13 14 17 18 19 20 21 22 23 25 26 29 30 31 32 34 37 38 39 40 41 42 43 45 46 47 48 50 51 53 54 56 57 59 62 63 64 67 68 69 70 72 73 76 77 78 79 81 83]
2026-03-19 17:33:57,804{GMT}	INFO	[jepsen worker 0] jepsen.util: 0	:invoke	:broadcast	84
2026-03-19 17:33:57,806{GMT}	INFO	[jepsen worker 0] jepsen.util: 0	:ok	:broadcast	84
2026-03-19 17:33:57,969{GMT}	INFO	[jepsen worker 1] jepsen.util: 1	:invoke	:broadcast	85
2026-03-19 17:33:57,972{GMT}	INFO	[jepsen worker 1] jepsen.util: 1	:ok	:broadcast	85
2026-03-19 17:33:58,025{GMT}	INFO	[jepsen worker 2] jepsen.util: 2	:invoke	:broadcast	86
2026-03-19 17:33:58,027{GMT}	INFO	[jepsen worker 2] jepsen.util: 2	:ok	:broadcast	86
2026-03-19 17:33:58,088{GMT}	INFO	[jepsen worker 3] jepsen.util: 3	:invoke	:read	nil
2026-03-19 17:33:58,091{GMT}	INFO	[jepsen worker 3] jepsen.util: 3	:ok	:read	[1 7 9 11 15 16 24 27 28 33 35 36 44 49 52 55 58 60 61 65 66 71 74 75 80 82 84]
2026-03-19 17:33:58,189{GMT}	INFO	[jepsen worker 4] jepsen.util: 4	:invoke	:broadcast	87
2026-03-19 17:33:58,192{GMT}	INFO	[jepsen worker 4] jepsen.util: 4	:ok	:broadcast	87
2026-03-19 17:33:58,245{GMT}	INFO	[jepsen worker 0] jepsen.util: 0	:invoke	:read	nil
2026-03-19 17:33:58,248{GMT}	INFO	[jepsen worker 0] jepsen.util: 0	:ok	:read	[0 2 3 4 5 6 8 10 12 13 14 17 18 19 20 21 22 23 25 26 29 30 31 32 34 37 38 39 40 41 42 43 45 46 47 48 50 51 53 54 56 57 59 62 63 64 67 68 69 70 72 73 76 77 78 79 81 83 85 86 87]
2026-03-19 17:33:58,309{GMT}	INFO	[jepsen worker 0] jepsen.util: 0	:invoke	:read	nil
2026-03-19 17:33:58,309{GMT}	INFO	[jepsen worker 1] jepsen.util: 1	:invoke	:read	nil
2026-03-19 17:33:58,312{GMT}	INFO	[jepsen worker 1] jepsen.util: 1	:ok	:read	[1 7 9 11 15 16 24 27 28 33 35 36 44 49 52 55 58 60 61 65 66 71 74 75 80 82 84]
2026-03-19 17:33:58,312{GMT}	INFO	[jepsen worker 0] jepsen.util: 0	:ok	:read	[0 2 3 4 5 6 8 10 12 13 14 17 18 19 20 21 22 23 25 26 29 30 31 32 34 37 38 39 40 41 42 43 45 46 47 48 50 51 53 54 56 57 59 62 63 64 67 68 69 70 72 73 76 77 78 79 81 83 85 86 87]
2026-03-19 17:33:58,342{GMT}	INFO	[jepsen worker 2] jepsen.util: 2	:invoke	:broadcast	88
2026-03-19 17:33:58,345{GMT}	INFO	[jepsen worker 2] jepsen.util: 2	:ok	:broadcast	88
2026-03-19 17:33:58,528{GMT}	INFO	[jepsen worker 3] jepsen.util: 3	:invoke	:read	nil
2026-03-19 17:33:58,531{GMT}	INFO	[jepsen worker 3] jepsen.util: 3	:ok	:read	[1 7 9 11 15 16 24 27 28 33 35 36 44 49 52 55 58 60 61 65 66 71 74 75 80 82 84]
2026-03-19 17:33:58,578{GMT}	INFO	[jepsen worker 4] jepsen.util: 4	:invoke	:broadcast	89
2026-03-19 17:33:58,580{GMT}	INFO	[jepsen worker 4] jepsen.util: 4	:ok	:broadcast	89
2026-03-19 17:33:58,766{GMT}	INFO	[jepsen worker 0] jepsen.util: 0	:invoke	:read	nil
2026-03-19 17:33:58,768{GMT}	INFO	[jepsen worker 0] jepsen.util: 0	:ok	:read	[0 2 3 4 5 6 8 10 12 13 14 17 18 19 20 21 22 23 25 26 29 30 31 32 34 37 38 39 40 41 42 43 45 46 47 48 50 51 53 54 56 57 59 62 63 64 67 68 69 70 72 73 76 77 78 79 81 83 85 86 87 88 89]
2026-03-19 17:33:58,963{GMT}	INFO	[jepsen worker 0] jepsen.util: 0	:invoke	:broadcast	90
2026-03-19 17:33:58,965{GMT}	INFO	[jepsen worker 0] jepsen.util: 0	:ok	:broadcast	90
2026-03-19 17:33:59,020{GMT}	INFO	[jepsen worker 1] jepsen.util: 1	:invoke	:broadcast	91
2026-03-19 17:33:59,022{GMT}	INFO	[jepsen worker 1] jepsen.util: 1	:ok	:broadcast	91
2026-03-19 17:33:59,049{GMT}	INFO	[jepsen worker 2] jepsen.util: 2	:invoke	:broadcast	92
2026-03-19 17:33:59,052{GMT}	INFO	[jepsen worker 2] jepsen.util: 2	:ok	:broadcast	92
2026-03-19 17:33:59,200{GMT}	INFO	[jepsen worker 3] jepsen.util: 3	:invoke	:broadcast	93
2026-03-19 17:33:59,202{GMT}	INFO	[jepsen worker 3] jepsen.util: 3	:ok	:broadcast	93
2026-03-19 17:33:59,383{GMT}	INFO	[jepsen worker 4] jepsen.util: 4	:invoke	:read	nil
2026-03-19 17:33:59,386{GMT}	INFO	[jepsen worker 4] jepsen.util: 4	:ok	:read	[1 7 9 11 15 16 24 27 28 33 35 36 44 49 52 55 58 60 61 65 66 71 74 75 80 82 84 90]
2026-03-19 17:33:59,545{GMT}	INFO	[jepsen worker 0] jepsen.util: 0	:invoke	:broadcast	94
2026-03-19 17:33:59,548{GMT}	INFO	[jepsen worker 0] jepsen.util: 0	:ok	:broadcast	94
2026-03-19 17:33:59,654{GMT}	INFO	[jepsen worker 0] jepsen.util: 0	:invoke	:broadcast	95
2026-03-19 17:33:59,656{GMT}	INFO	[jepsen worker 0] jepsen.util: 0	:ok	:broadcast	95
2026-03-19 17:33:59,680{GMT}	INFO	[jepsen worker 1] jepsen.util: 1	:invoke	:read	nil
2026-03-19 17:33:59,683{GMT}	INFO	[jepsen worker 1] jepsen.util: 1	:ok	:read	[1 7 9 11 15 16 24 27 28 33 35 36 44 49 52 55 58 60 61 65 66 71 74 75 80 82 84 90 94 95]
2026-03-19 17:33:59,709{GMT}	INFO	[jepsen worker 2] jepsen.util: 2	:invoke	:broadcast	96
2026-03-19 17:33:59,711{GMT}	INFO	[jepsen worker 2] jepsen.util: 2	:ok	:broadcast	96
2026-03-19 17:33:59,843{GMT}	INFO	[jepsen worker 3] jepsen.util: 3	:invoke	:broadcast	97
2026-03-19 17:33:59,846{GMT}	INFO	[jepsen worker 3] jepsen.util: 3	:ok	:broadcast	97
2026-03-19 17:33:59,952{GMT}	INFO	[jepsen worker 4] jepsen.util: 4	:invoke	:broadcast	98
2026-03-19 17:33:59,955{GMT}	INFO	[jepsen worker 4] jepsen.util: 4	:ok	:broadcast	98
2026-03-19 17:33:59,971{GMT}	INFO	[jepsen worker 0] jepsen.util: 0	:invoke	:read	nil
2026-03-19 17:33:59,974{GMT}	INFO	[jepsen worker 0] jepsen.util: 0	:ok	:read	[0 2 3 4 5 6 8 10 12 13 14 17 18 19 20 21 22 23 25 26 29 30 31 32 34 37 38 39 40 41 42 43 45 46 47 48 50 51 53 54 56 57 59 62 63 64 67 68 69 70 72 73 76 77 78 79 81 83 85 86 87 88 89 91 92 93 96 97 98]
2026-03-19 17:34:00,030{GMT}	INFO	[jepsen worker 0] jepsen.util: 0	:invoke	:broadcast	99
2026-03-19 17:34:00,033{GMT}	INFO	[jepsen worker 0] jepsen.util: 0	:ok	:broadcast	99
2026-03-19 17:34:00,043{GMT}	INFO	[jepsen worker 1] jepsen.util: 1	:invoke	:read	nil
2026-03-19 17:34:00,045{GMT}	INFO	[jepsen worker 1] jepsen.util: 1	:ok	:read	[1 7 9 11 15 16 24 27 28 33 35 36 44 49 52 55 58 60 61 65 66 71 74 75 80 82 84 90 94 95 99]
2026-03-19 17:34:00,107{GMT}	INFO	[jepsen worker 2] jepsen.util: 2	:invoke	:read	nil
2026-03-19 17:34:00,110{GMT}	INFO	[jepsen worker 2] jepsen.util: 2	:ok	:read	[1 7 9 11 15 16 24 27 28 33 35 36 44 49 52 55 58 60 61 65 66 71 74 75 80 82 84 90 94 95 99]
2026-03-19 17:34:00,269{GMT}	INFO	[jepsen worker 3] jepsen.util: 3	:invoke	:broadcast	100
2026-03-19 17:34:00,272{GMT}	INFO	[jepsen worker 3] jepsen.util: 3	:ok	:broadcast	100
2026-03-19 17:34:00,427{GMT}	INFO	[jepsen worker 4] jepsen.util: 4	:invoke	:broadcast	101
2026-03-19 17:34:00,430{GMT}	INFO	[jepsen worker 4] jepsen.util: 4	:ok	:broadcast	101
2026-03-19 17:34:00,616{GMT}	INFO	[jepsen worker 0] jepsen.util: 0	:invoke	:read	nil
2026-03-19 17:34:00,618{GMT}	INFO	[jepsen worker 0] jepsen.util: 0	:ok	:read	[0 2 3 4 5 6 8 10 12 13 14 17 18 19 20 21 22 23 25 26 29 30 31 32 34 37 38 39 40 41 42 43 45 46 47 48 50 51 53 54 56 57 59 62 63 64 67 68 69 70 72 73 76 77 78 79 81 83 85 86 87 88 89 91 92 93 96 97 98 100 101]
2026-03-19 17:34:00,659{GMT}	INFO	[jepsen worker 0] jepsen.util: 0	:invoke	:read	nil
2026-03-19 17:34:00,661{GMT}	INFO	[jepsen worker 0] jepsen.util: 0	:ok	:read	[0 2 3 4 5 6 8 10 12 13 14 17 18 19 20 21 22 23 25 26 29 30 31 32 34 37 38 39 40 41 42 43 45 46 47 48 50 51 53 54 56 57 59 62 63 64 67 68 69 70 72 73 76 77 78 79 81 83 85 86 87 88 89 91 92 93 96 97 98 100 101]
2026-03-19 17:34:00,691{GMT}	INFO	[jepsen worker 1] jepsen.util: 1	:invoke	:read	nil
2026-03-19 17:34:00,692{GMT}	INFO	[jepsen worker 1] jepsen.util: 1	:ok	:read	[1 7 9 11 15 16 24 27 28 33 35 36 44 49 52 55 58 60 61 65 66 71 74 75 80 82 84 90 94 95 99]
2026-03-19 17:34:00,829{GMT}	INFO	[jepsen worker 2] jepsen.util: 2	:invoke	:broadcast	102
2026-03-19 17:34:00,832{GMT}	INFO	[jepsen worker 2] jepsen.util: 2	:ok	:broadcast	102
2026-03-19 17:34:00,857{GMT}	INFO	[jepsen worker 3] jepsen.util: 3	:invoke	:read	nil
2026-03-19 17:34:00,859{GMT}	INFO	[jepsen worker 3] jepsen.util: 3	:ok	:read	[1 7 9 11 15 16 24 27 28 33 35 36 44 49 52 55 58 60 61 65 66 71 74 75 80 82 84 90 94 95 99]
2026-03-19 17:34:01,005{GMT}	INFO	[jepsen worker 4] jepsen.util: 4	:invoke	:broadcast	103
2026-03-19 17:34:01,007{GMT}	INFO	[jepsen worker 4] jepsen.util: 4	:ok	:broadcast	103
2026-03-19 17:34:01,081{GMT}	INFO	[jepsen worker 0] jepsen.util: 0	:invoke	:read	nil
2026-03-19 17:34:01,084{GMT}	INFO	[jepsen worker 0] jepsen.util: 0	:ok	:read	[0 2 3 4 5 6 8 10 12 13 14 17 18 19 20 21 22 23 25 26 29 30 31 32 34 37 38 39 40 41 42 43 45 46 47 48 50 51 53 54 56 57 59 62 63 64 67 68 69 70 72 73 76 77 78 79 81 83 85 86 87 88 89 91 92 93 96 97 98 100 101 102 103]
2026-03-19 17:34:01,123{GMT}	INFO	[jepsen worker 0] jepsen.util: 0	:invoke	:read	nil
2026-03-19 17:34:01,126{GMT}	INFO	[jepsen worker 0] jepsen.util: 0	:ok	:read	[0 2 3 4 5 6 8 10 12 13 14 17 18 19 20 21 22 23 25 26 29 30 31 32 34 37 38 39 40 41 42 43 45 46 47 48 50 51 53 54 56 57 59 62 63 64 67 68 69 70 72 73 76 77 78 79 81 83 85 86 87 88 89 91 92 93 96 97 98 100 101 102 103]
2026-03-19 17:34:01,154{GMT}	INFO	[jepsen worker 1] jepsen.util: 1	:invoke	:broadcast	104
2026-03-19 17:34:01,157{GMT}	INFO	[jepsen worker 1] jepsen.util: 1	:ok	:broadcast	104
2026-03-19 17:34:01,338{GMT}	INFO	[jepsen worker 2] jepsen.util: 2	:invoke	:broadcast	105
2026-03-19 17:34:01,340{GMT}	INFO	[jepsen worker 2] jepsen.util: 2	:ok	:broadcast	105
2026-03-19 17:34:01,341{GMT}	INFO	[jepsen worker 3] jepsen.generator.interpreter: Waiting for recovery...
2026-03-19 17:34:11,346{GMT}	INFO	[jepsen worker 0] jepsen.util: 0	:invoke	:read	nil
2026-03-19 17:34:11,346{GMT}	INFO	[jepsen worker 1] jepsen.util: 1	:invoke	:read	nil
2026-03-19 17:34:11,346{GMT}	INFO	[jepsen worker 3] jepsen.util: 3	:invoke	:read	nil
2026-03-19 17:34:11,346{GMT}	INFO	[jepsen worker 4] jepsen.util: 4	:invoke	:read	nil
2026-03-19 17:34:11,347{GMT}	INFO	[jepsen worker 2] jepsen.util: 2	:invoke	:read	nil
2026-03-19 17:34:11,349{GMT}	INFO	[jepsen worker 0] jepsen.util: 0	:ok	:read	[0 2 3 4 5 6 8 10 12 13 14 17 18 19 20 21 22 23 25 26 29 30 31 32 34 37 38 39 40 41 42 43 45 46 47 48 50 51 53 54 56 57 59 62 63 64 67 68 69 70 72 73 76 77 78 79 81 83 85 86 87 88 89 91 92 93 96 97 98 100 101 102 103 104 105]
2026-03-19 17:34:11,349{GMT}	INFO	[jepsen worker 1] jepsen.util: 1	:ok	:read	[1 7 9 11 15 16 24 27 28 33 35 36 44 49 52 55 58 60 61 65 66 71 74 75 80 82 84 90 94 95 99]
2026-03-19 17:34:11,351{GMT}	INFO	[jepsen worker 4] jepsen.util: 4	:ok	:read	[1 7 9 11 15 16 24 27 28 33 35 36 44 49 52 55 58 60 61 65 66 71 74 75 80 82 84 90 94 95 99]
2026-03-19 17:34:11,351{GMT}	INFO	[jepsen worker 3] jepsen.util: 3	:ok	:read	[1 7 9 11 15 16 24 27 28 33 35 36 44 49 52 55 58 60 61 65 66 71 74 75 80 82 84 90 94 95 99]
2026-03-19 17:34:11,356{GMT}	INFO	[jepsen worker 2] jepsen.util: 2	:ok	:read	[1 7 9 11 15 16 24 27 28 33 35 36 44 49 52 55 58 60 61 65 66 71 74 75 80 82 84 90 94 95 99]
2026-03-19 17:34:11,379{GMT}	INFO	[jepsen test runner] jepsen.core: Run complete, writing
2026-03-19 17:34:11,434{GMT}	INFO	[jepsen node n0] maelstrom.db: Tearing down n0
2026-03-19 17:34:11,435{GMT}	INFO	[jepsen node n1] maelstrom.db: Tearing down n1
2026-03-19 17:34:11,435{GMT}	INFO	[jepsen node n3] maelstrom.db: Tearing down n3
2026-03-19 17:34:11,435{GMT}	INFO	[jepsen node n2] maelstrom.db: Tearing down n2
2026-03-19 17:34:11,436{GMT}	INFO	[jepsen node n4] maelstrom.db: Tearing down n4
2026-03-19 17:34:13,080{GMT}	INFO	[jepsen node n0] maelstrom.net: Shutting down Maelstrom network
2026-03-19 17:34:13,081{GMT}	INFO	[jepsen test runner] jepsen.core: Analyzing...
2026-03-19 17:34:13,367{GMT}	INFO	[jepsen test runner] jepsen.core: Analysis complete
2026-03-19 17:34:13,409{GMT}	INFO	[jepsen results] jepsen.store: Wrote /home/banna/Documents/maelstrom-java/store/broadcast/20260319T173339.205Z/results.edn
2026-03-19 17:34:13,430{GMT}	INFO	[jepsen test runner] jepsen.core: {:perf {:latency-graph {:valid? true},
        :rate-graph {:valid? true},
        :valid? true},
 :timeline {:valid? true},
 :exceptions {:valid? true},
 :stats {:valid? true,
         :count 200,
         :ok-count 200,
         :fail-count 0,
         :info-count 0,
         :by-f {:broadcast {:valid? true,
                            :count 106,
                            :ok-count 106,
                            :fail-count 0,
                            :info-count 0},
                :read {:valid? true,
                       :count 94,
                       :ok-count 94,
                       :fail-count 0,
                       :info-count 0}}},
 :availability {:valid? true, :ok-fraction 1.0},
 :net {:all {:send-count 619,
             :recv-count 619,
             :msg-count 619,
             :msgs-per-op 3.095},
       :clients {:send-count 420, :recv-count 420, :msg-count 420},
       :servers {:send-count 199,
                 :recv-count 199,
                 :msg-count 199,
                 :msgs-per-op 0.995},
       :valid? true},
 :workload {:worst-stale ({:element 1,
                           :outcome :stable,
                           :stable-latency 29257,
                           :lost-latency nil,
                           :known #jepsen.history.Op{:index 11,
                                                     :time 747826686,
                                                     :type :ok,
                                                     :process 0,
                                                     :f :add,
                                                     :value 1},
                           :last-absent #jepsen.history.Op{:index 391,
                                                           :time 30005179342,
                                                           :type :invoke,
                                                           :process 0,
                                                           :f :read,
                                                           :value nil,
                                                           :final? true}}
                          {:element 7,
                           :outcome :stable,
                           :stable-latency 27842,
                           :lost-latency nil,
                           :known #jepsen.history.Op{:index 35,
                                                     :time 2162348036,
                                                     :type :ok,
                                                     :process 0,
                                                     :f :add,
                                                     :value 7},
                           :last-absent #jepsen.history.Op{:index 391,
                                                           :time 30005179342,
                                                           :type :invoke,
                                                           :process 0,
                                                           :f :read,
                                                           :value nil,
                                                           :final? true}}
                          {:element 9,
                           :outcome :stable,
                           :stable-latency 27238,
                           :lost-latency nil,
                           :known #jepsen.history.Op{:index 48,
                                                     :time 2766645722,
                                                     :type :ok,
                                                     :process 0,
                                                     :f :add,
                                                     :value 9},
                           :last-absent #jepsen.history.Op{:index 391,
                                                           :time 30005179342,
                                                           :type :invoke,
                                                           :process 0,
                                                           :f :read,
                                                           :value nil,
                                                           :final? true}}
                          {:element 11,
                           :outcome :stable,
                           :stable-latency 26812,
                           :lost-latency nil,
                           :known #jepsen.history.Op{:index 59,
                                                     :time 3192242166,
                                                     :type :ok,
                                                     :process 0,
                                                     :f :add,
                                                     :value 11},
                           :last-absent #jepsen.history.Op{:index 391,
                                                           :time 30005179342,
                                                           :type :invoke,
                                                           :process 0,
                                                           :f :read,
                                                           :value nil,
                                                           :final? true}}
                          {:element 15,
                           :outcome :stable,
                           :stable-latency 25435,
                           :lost-latency nil,
                           :known #jepsen.history.Op{:index 83,
                                                     :time 4569485118,
                                                     :type :ok,
                                                     :process 0,
                                                     :f :add,
                                                     :value 15},
                           :last-absent #jepsen.history.Op{:index 391,
                                                           :time 30005179342,
                                                           :type :invoke,
                                                           :process 0,
                                                           :f :read,
                                                           :value nil,
                                                           :final? true}}
                          {:element 16,
                           :outcome :stable,
                           :stable-latency 25365,
                           :lost-latency nil,
                           :known #jepsen.history.Op{:index 85,
                                                     :time 4639660085,
                                                     :type :ok,
                                                     :process 0,
                                                     :f :add,
                                                     :value 16},
                           :last-absent #jepsen.history.Op{:index 391,
                                                           :time 30005179342,
                                                           :type :invoke,
                                                           :process 0,
                                                           :f :read,
                                                           :value nil,
                                                           :final? true}}
                          {:element 24,
                           :outcome :stable,
                           :stable-latency 24380,
                           :lost-latency nil,
                           :known #jepsen.history.Op{:index 107,
                                                     :time 5624245039,
                                                     :type :ok,
                                                     :process 0,
                                                     :f :add,
                                                     :value 24},
                           :last-absent #jepsen.history.Op{:index 391,
                                                           :time 30005179342,
                                                           :type :invoke,
                                                           :process 0,
                                                           :f :read,
                                                           :value nil,
                                                           :final? true}}
                          {:element 27,
                           :outcome :stable,
                           :stable-latency 23772,
                           :lost-latency nil,
                           :known #jepsen.history.Op{:index 119,
                                                     :time 6232583023,
                                                     :type :ok,
                                                     :process 0,
                                                     :f :add,
                                                     :value 27},
                           :last-absent #jepsen.history.Op{:index 391,
                                                           :time 30005179342,
                                                           :type :invoke,
                                                           :process 0,
                                                           :f :read,
                                                           :value nil,
                                                           :final? true}}),
            :duplicated-count 0,
            :valid? false,
            :lost-count 75,
            :lost (0
                   2
                   3
                   4
                   5
                   6
                   8
                   10
                   12
                   13
                   14
                   17
                   18
                   19
                   20
                   21
                   22
                   23
                   25
                   26
                   29
                   30
                   31
                   32
                   34
                   37
                   38
                   39
                   40
                   41
                   42
                   43
                   45
                   46
                   47
                   48
                   50
                   51
                   53
                   54
                   56
                   57
                   59
                   62
                   63
                   64
                   67
                   68
                   69
                   70
                   72
                   73
                   76
                   77
                   78
                   79
                   81
                   83
                   85
                   86
                   87
                   88
                   89
                   91
                   92
                   93
                   96
                   97
                   98
                   100
                   101
                   102
                   103
                   104
                   105),
            :stable-count 31,
            :stale-count 31,
            :stale (1
                    7
                    9
                    11
                    15
                    16
                    24
                    27
                    28
                    33
                    35
                    36
                    44
                    49
                    52
                    55
                    58
                    60
                    61
                    65
                    66
                    71
                    74
                    75
                    80
                    82
                    84
                    90
                    94
                    95
                    99),
            :never-read-count 0,
            :stable-latencies {0 11312,
                               0.5 18401,
                               0.95 27842,
                               0.99 29257,
                               1 29257},
            :attempt-count 106,
            :lost-latencies {0 10005,
                             0.5 19362,
                             0.95 28345,
                             0.99 29781,
                             1 29781},
            :never-read (),
            :duplicated {}},
 :valid? false}


Analysis invalid! (ﾉಥ益ಥ）ﾉ ┻━┻
