2026-03-12 15:58:55,105{GMT}	INFO	[jepsen test runner] jepsen.core: Command line:
lein run test -w broadcast --bin run.sh broadcast --node-count 5 --time-limit 20 --rate 10
2026-03-12 15:58:55,181{GMT}	INFO	[jepsen test runner] jepsen.core: Running test:
{:args ["broadcast"]
 :remote
 #jepsen.control.retry.Remote{:remote #jepsen.control.scp.Remote{:cmd-remote #jepsen.control.sshj.SSHJRemote{:concurrency-limit 6,
                                                                                                             :conn-spec nil,
                                                                                                             :client nil,
                                                                                                             :semaphore nil},
                                                                 :conn-spec nil},
                              :conn nil}
 :log-net-send false
 :node-count 5
 :availability nil
 :max-txn-length 4
 :concurrency 5
 :db
 #object[maelstrom.db$db$reify__16142
         "0x70b2819f"
         "maelstrom.db$db$reify__16142@70b2819f"]
 :max-writes-per-key 16
 :leave-db-running? false
 :name "broadcast"
 :logging-json? false
 :start-time
 #object[org.joda.time.DateTime "0x65dac812" "2026-03-12T15:58:55.081Z"]
 :nemesis-interval 10
 :net
 #object[maelstrom.net$jepsen_net$reify__15251
         "0x3619ecd"
         "maelstrom.net$jepsen_net$reify__15251@3619ecd"]
 :client
 #object[maelstrom.workload.broadcast$client$reify__16644
         "0x7de4bd8f"
         "maelstrom.workload.broadcast$client$reify__16644@7de4bd8f"]
 :barrier
 #object[java.util.concurrent.CyclicBarrier
         "0x193e65d5"
         "java.util.concurrent.CyclicBarrier@193e65d5"]
 :log-stderr false
 :pure-generators true
 :ssh {:dummy? true}
 :rate 10.0
 :checker
 #object[jepsen.checker$compose$reify__11881
         "0x2a97b4b8"
         "jepsen.checker$compose$reify__11881@2a97b4b8"]
 :argv
 ("test"
  "-w"
  "broadcast"
  "--bin"
  "run.sh"
  "broadcast"
  "--node-count"
  "5"
  "--time-limit"
  "20"
  "--rate"
  "10")
 :nemesis
 (jepsen.nemesis.ReflCompose
  {:fm {:start-partition 0,
        :stop-partition 0,
        :kill 1,
        :start 1,
        :pause 1,
        :resume 1},
   :nemeses [#unprintable "jepsen.nemesis.combined$partition_nemesis$reify__16416@250fc0d1"
             #unprintable "jepsen.nemesis.combined$db_nemesis$reify__16397@7ddf193a"]})
 :nodes ["n0" "n1" "n2" "n3" "n4"]
 :test-count 1
 :latency {:mean 0, :dist :constant}
 :bin "run.sh"
 :generator
 ((jepsen.generator.Synchronize
   {:gen (jepsen.generator.TimeLimit
          {:limit 20000000000,
           :cutoff nil,
           :gen (jepsen.generator.Any
                 {:gens [(jepsen.generator.OnThreads
                          {:f #{:nemesis},
                           :context-filter #object[jepsen.generator.context$make_thread_filter$lazy_filter__9167
                                                   "0x28ba90c1"
                                                   "jepsen.generator.context$make_thread_filter$lazy_filter__9167@28ba90c1"],
                           :gen nil})
                         (jepsen.generator.OnThreads
                          {:f #jepsen.generator.context.AllBut{:element :nemesis},
                           :context-filter #object[jepsen.generator.context$make_thread_filter$lazy_filter__9167
                                                   "0x71cf6e8c"
                                                   "jepsen.generator.context$make_thread_filter$lazy_filter__9167@71cf6e8c"],
                           :gen (jepsen.generator.Stagger
                                 {:dt 200000000,
                                  :next-time nil,
                                  :gen (jepsen.generator.Mix
                                        {:i 0,
                                         :gens [({:f :broadcast, :value 0}
                                                 {:f :broadcast, :value 1}
                                                 {:f :broadcast, :value 2}
                                                 {:f :broadcast, :value 3}
                                                 {:f :broadcast, :value 4}
                                                 {:f :broadcast, :value 5}
                                                 {:f :broadcast, :value 6}
                                                 {:f :broadcast, :value 7}
                                                 ...)
                                                ({:f :read}
                                                 {:f :read}
                                                 {:f :read}
                                                 {:f :read}
                                                 {:f :read}
                                                 {:f :read}
                                                 {:f :read}
                                                 {:f :read}
                                                 ...)]})})})]})})})
  (jepsen.generator.Synchronize
   {:gen (jepsen.generator.OnThreads
          {:f #{:nemesis},
           :context-filter #object[jepsen.generator.context$make_thread_filter$lazy_filter__9167
                                   "0x635b3ec7"
                                   "jepsen.generator.context$make_thread_filter$lazy_filter__9167@635b3ec7"],
           :gen ()})})
  (jepsen.generator.Synchronize
   {:gen {:type :log, :value "Waiting for recovery..."}})
  (jepsen.generator.Synchronize {:gen {:type :sleep, :value 10}})
  (jepsen.generator.Synchronize
   {:gen (jepsen.generator.OnThreads
          {:f #jepsen.generator.context.AllBut{:element :nemesis},
           :context-filter #object[jepsen.generator.context$make_thread_filter$lazy_filter__9167
                                   "0x1f9b86f5"
                                   "jepsen.generator.context$make_thread_filter$lazy_filter__9167@1f9b86f5"],
           :gen (jepsen.generator.EachThread
                 {:fresh-gen {:f :read, :final? true},
                  :context-filters #object[clojure.core$promise$reify__8591
                                           "0x15aa3084"
                                           {:status :pending, :val nil}],
                  :gens {}})})}))
 :log-net-recv false
 :os
 #object[maelstrom.net$jepsen_os$reify__15254
         "0x4e6c4c55"
         "maelstrom.net$jepsen_os$reify__15254@4e6c4c55"]
 :time-limit 20
 :workload :broadcast
 :consistency-models [:strict-serializable]
 :topology :grid}

2026-03-12 15:58:56,779{GMT}	INFO	[jepsen node n0] maelstrom.net: Starting Maelstrom network
2026-03-12 15:58:56,781{GMT}	INFO	[jepsen test runner] jepsen.db: Tearing down DB
2026-03-12 15:58:56,783{GMT}	INFO	[jepsen test runner] jepsen.db: Setting up DB
2026-03-12 15:58:56,784{GMT}	INFO	[jepsen node n2] maelstrom.db: Setting up n2
2026-03-12 15:58:56,784{GMT}	INFO	[jepsen node n3] maelstrom.db: Setting up n3
2026-03-12 15:58:56,784{GMT}	INFO	[jepsen node n4] maelstrom.db: Setting up n4
2026-03-12 15:58:56,785{GMT}	INFO	[jepsen node n2] maelstrom.process: launching run.sh ["broadcast"]
2026-03-12 15:58:56,784{GMT}	INFO	[jepsen node n1] maelstrom.db: Setting up n1
2026-03-12 15:58:56,785{GMT}	INFO	[jepsen node n3] maelstrom.process: launching run.sh ["broadcast"]
2026-03-12 15:58:56,785{GMT}	INFO	[jepsen node n4] maelstrom.process: launching run.sh ["broadcast"]
2026-03-12 15:58:56,787{GMT}	INFO	[jepsen node n1] maelstrom.process: launching run.sh ["broadcast"]
2026-03-12 15:58:56,787{GMT}	INFO	[jepsen node n0] maelstrom.service: Starting services: (lin-kv lin-tso lww-kv seq-kv)
2026-03-12 15:58:56,793{GMT}	INFO	[jepsen node n0] maelstrom.db: Setting up n0
2026-03-12 15:58:56,794{GMT}	INFO	[jepsen node n0] maelstrom.process: launching run.sh ["broadcast"]
2026-03-12 15:58:57,033{GMT}	INFO	[jepsen test runner] jepsen.core: Relative time begins now
2026-03-12 15:58:57,061{GMT}	INFO	[jepsen worker 0] jepsen.util: 0	:invoke	:broadcast	0
2026-03-12 15:58:57,065{GMT}	INFO	[jepsen worker 0] jepsen.util: 0	:ok	:broadcast	0
2026-03-12 15:58:57,131{GMT}	INFO	[jepsen worker 1] jepsen.util: 1	:invoke	:broadcast	1
2026-03-12 15:58:57,137{GMT}	INFO	[jepsen worker 1] jepsen.util: 1	:ok	:broadcast	1
2026-03-12 15:58:57,256{GMT}	INFO	[jepsen worker 2] jepsen.util: 2	:invoke	:broadcast	2
2026-03-12 15:58:57,260{GMT}	INFO	[jepsen worker 2] jepsen.util: 2	:ok	:broadcast	2
2026-03-12 15:58:57,381{GMT}	INFO	[jepsen worker 3] jepsen.util: 3	:invoke	:read	nil
2026-03-12 15:58:57,386{GMT}	INFO	[jepsen worker 3] jepsen.util: 3	:ok	:read	[]
2026-03-12 15:58:57,416{GMT}	INFO	[jepsen worker 4] jepsen.util: 4	:invoke	:read	nil
2026-03-12 15:58:57,421{GMT}	INFO	[jepsen worker 4] jepsen.util: 4	:ok	:read	[]
2026-03-12 15:58:57,615{GMT}	INFO	[jepsen worker 0] jepsen.util: 0	:invoke	:read	nil
2026-03-12 15:58:57,620{GMT}	INFO	[jepsen worker 0] jepsen.util: 0	:ok	:read	[0]
2026-03-12 15:58:57,738{GMT}	INFO	[jepsen worker 0] jepsen.util: 0	:invoke	:broadcast	3
2026-03-12 15:58:57,740{GMT}	INFO	[jepsen worker 0] jepsen.util: 0	:ok	:broadcast	3
2026-03-12 15:58:57,848{GMT}	INFO	[jepsen worker 1] jepsen.util: 1	:invoke	:read	nil
2026-03-12 15:58:57,852{GMT}	INFO	[jepsen worker 1] jepsen.util: 1	:ok	:read	[1]
2026-03-12 15:58:57,980{GMT}	INFO	[jepsen worker 2] jepsen.util: 2	:invoke	:read	nil
2026-03-12 15:58:57,984{GMT}	INFO	[jepsen worker 2] jepsen.util: 2	:ok	:read	[2]
2026-03-12 15:58:58,018{GMT}	INFO	[jepsen worker 3] jepsen.util: 3	:invoke	:broadcast	4
2026-03-12 15:58:58,022{GMT}	INFO	[jepsen worker 3] jepsen.util: 3	:ok	:broadcast	4
2026-03-12 15:58:58,203{GMT}	INFO	[jepsen worker 4] jepsen.util: 4	:invoke	:read	nil
2026-03-12 15:58:58,207{GMT}	INFO	[jepsen worker 4] jepsen.util: 4	:ok	:read	[]
2026-03-12 15:58:58,270{GMT}	INFO	[jepsen worker 0] jepsen.util: 0	:invoke	:broadcast	5
2026-03-12 15:58:58,274{GMT}	INFO	[jepsen worker 0] jepsen.util: 0	:ok	:broadcast	5
2026-03-12 15:58:58,460{GMT}	INFO	[jepsen worker 0] jepsen.util: 0	:invoke	:read	nil
2026-03-12 15:58:58,464{GMT}	INFO	[jepsen worker 0] jepsen.util: 0	:ok	:read	[0 3 5]
2026-03-12 15:58:58,651{GMT}	INFO	[jepsen worker 1] jepsen.util: 1	:invoke	:read	nil
2026-03-12 15:58:58,655{GMT}	INFO	[jepsen worker 1] jepsen.util: 1	:ok	:read	[1]
2026-03-12 15:58:58,848{GMT}	INFO	[jepsen worker 2] jepsen.util: 2	:invoke	:read	nil
2026-03-12 15:58:58,852{GMT}	INFO	[jepsen worker 2] jepsen.util: 2	:ok	:read	[2]
2026-03-12 15:58:58,970{GMT}	INFO	[jepsen worker 3] jepsen.util: 3	:invoke	:read	nil
2026-03-12 15:58:58,975{GMT}	INFO	[jepsen worker 3] jepsen.util: 3	:ok	:read	[4]
2026-03-12 15:58:59,141{GMT}	INFO	[jepsen worker 4] jepsen.util: 4	:invoke	:read	nil
2026-03-12 15:58:59,145{GMT}	INFO	[jepsen worker 4] jepsen.util: 4	:ok	:read	[]
2026-03-12 15:58:59,314{GMT}	INFO	[jepsen worker 0] jepsen.util: 0	:invoke	:broadcast	6
2026-03-12 15:58:59,318{GMT}	INFO	[jepsen worker 0] jepsen.util: 0	:ok	:broadcast	6
2026-03-12 15:58:59,422{GMT}	INFO	[jepsen worker 0] jepsen.util: 0	:invoke	:broadcast	7
2026-03-12 15:58:59,425{GMT}	INFO	[jepsen worker 0] jepsen.util: 0	:ok	:broadcast	7
2026-03-12 15:58:59,554{GMT}	INFO	[jepsen worker 1] jepsen.util: 1	:invoke	:broadcast	8
2026-03-12 15:58:59,557{GMT}	INFO	[jepsen worker 1] jepsen.util: 1	:ok	:broadcast	8
2026-03-12 15:58:59,743{GMT}	INFO	[jepsen worker 2] jepsen.util: 2	:invoke	:broadcast	9
2026-03-12 15:58:59,748{GMT}	INFO	[jepsen worker 2] jepsen.util: 2	:ok	:broadcast	9
2026-03-12 15:58:59,758{GMT}	INFO	[jepsen worker 3] jepsen.util: 3	:invoke	:read	nil
2026-03-12 15:58:59,762{GMT}	INFO	[jepsen worker 3] jepsen.util: 3	:ok	:read	[4]
2026-03-12 15:58:59,830{GMT}	INFO	[jepsen worker 4] jepsen.util: 4	:invoke	:read	nil
2026-03-12 15:58:59,833{GMT}	INFO	[jepsen worker 4] jepsen.util: 4	:ok	:read	[]
2026-03-12 15:58:59,838{GMT}	INFO	[jepsen worker 0] jepsen.util: 0	:invoke	:read	nil
2026-03-12 15:58:59,842{GMT}	INFO	[jepsen worker 0] jepsen.util: 0	:ok	:read	[0 3 5 6 7]
2026-03-12 15:59:00,039{GMT}	INFO	[jepsen worker 0] jepsen.util: 0	:invoke	:read	nil
2026-03-12 15:59:00,044{GMT}	INFO	[jepsen worker 0] jepsen.util: 0	:ok	:read	[0 3 5 6 7]
2026-03-12 15:59:00,138{GMT}	INFO	[jepsen worker 1] jepsen.util: 1	:invoke	:broadcast	10
2026-03-12 15:59:00,142{GMT}	INFO	[jepsen worker 1] jepsen.util: 1	:ok	:broadcast	10
2026-03-12 15:59:00,207{GMT}	INFO	[jepsen worker 2] jepsen.util: 2	:invoke	:read	nil
2026-03-12 15:59:00,212{GMT}	INFO	[jepsen worker 2] jepsen.util: 2	:ok	:read	[2 9]
2026-03-12 15:59:00,292{GMT}	INFO	[jepsen worker 3] jepsen.util: 3	:invoke	:read	nil
2026-03-12 15:59:00,295{GMT}	INFO	[jepsen worker 3] jepsen.util: 3	:ok	:read	[4]
2026-03-12 15:59:00,411{GMT}	INFO	[jepsen worker 4] jepsen.util: 4	:invoke	:read	nil
2026-03-12 15:59:00,414{GMT}	INFO	[jepsen worker 4] jepsen.util: 4	:ok	:read	[]
2026-03-12 15:59:00,478{GMT}	INFO	[jepsen worker 0] jepsen.util: 0	:invoke	:read	nil
2026-03-12 15:59:00,483{GMT}	INFO	[jepsen worker 0] jepsen.util: 0	:ok	:read	[0 3 5 6 7]
2026-03-12 15:59:00,632{GMT}	INFO	[jepsen worker 0] jepsen.util: 0	:invoke	:broadcast	11
2026-03-12 15:59:00,636{GMT}	INFO	[jepsen worker 0] jepsen.util: 0	:ok	:broadcast	11
2026-03-12 15:59:00,772{GMT}	INFO	[jepsen worker 1] jepsen.util: 1	:invoke	:read	nil
2026-03-12 15:59:00,775{GMT}	INFO	[jepsen worker 1] jepsen.util: 1	:ok	:read	[1 8 10]
2026-03-12 15:59:00,784{GMT}	INFO	[jepsen worker 2] jepsen.util: 2	:invoke	:read	nil
2026-03-12 15:59:00,789{GMT}	INFO	[jepsen worker 2] jepsen.util: 2	:ok	:read	[2 9]
2026-03-12 15:59:00,937{GMT}	INFO	[jepsen worker 3] jepsen.util: 3	:invoke	:read	nil
2026-03-12 15:59:00,941{GMT}	INFO	[jepsen worker 3] jepsen.util: 3	:ok	:read	[4]
2026-03-12 15:59:01,099{GMT}	INFO	[jepsen worker 4] jepsen.util: 4	:invoke	:broadcast	12
2026-03-12 15:59:01,103{GMT}	INFO	[jepsen worker 4] jepsen.util: 4	:ok	:broadcast	12
2026-03-12 15:59:01,163{GMT}	INFO	[jepsen worker 0] jepsen.util: 0	:invoke	:read	nil
2026-03-12 15:59:01,166{GMT}	INFO	[jepsen worker 0] jepsen.util: 0	:ok	:read	[0 3 5 6 7 11]
2026-03-12 15:59:01,293{GMT}	INFO	[jepsen worker 0] jepsen.util: 0	:invoke	:read	nil
2026-03-12 15:59:01,297{GMT}	INFO	[jepsen worker 0] jepsen.util: 0	:ok	:read	[0 3 5 6 7 11]
2026-03-12 15:59:01,474{GMT}	INFO	[jepsen worker 1] jepsen.util: 1	:invoke	:read	nil
2026-03-12 15:59:01,478{GMT}	INFO	[jepsen worker 1] jepsen.util: 1	:ok	:read	[1 8 10]
2026-03-12 15:59:01,549{GMT}	INFO	[jepsen worker 2] jepsen.util: 2	:invoke	:read	nil
2026-03-12 15:59:01,553{GMT}	INFO	[jepsen worker 2] jepsen.util: 2	:ok	:read	[2 9]
2026-03-12 15:59:01,728{GMT}	INFO	[jepsen worker 3] jepsen.util: 3	:invoke	:read	nil
2026-03-12 15:59:01,732{GMT}	INFO	[jepsen worker 3] jepsen.util: 3	:ok	:read	[4]
2026-03-12 15:59:01,915{GMT}	INFO	[jepsen worker 4] jepsen.util: 4	:invoke	:read	nil
2026-03-12 15:59:01,918{GMT}	INFO	[jepsen worker 4] jepsen.util: 4	:ok	:read	[12]
2026-03-12 15:59:01,927{GMT}	INFO	[jepsen worker 0] jepsen.util: 0	:invoke	:broadcast	13
2026-03-12 15:59:01,930{GMT}	INFO	[jepsen worker 0] jepsen.util: 0	:ok	:broadcast	13
2026-03-12 15:59:01,950{GMT}	INFO	[jepsen worker 0] jepsen.util: 0	:invoke	:broadcast	14
2026-03-12 15:59:01,954{GMT}	INFO	[jepsen worker 0] jepsen.util: 0	:ok	:broadcast	14
2026-03-12 15:59:01,959{GMT}	INFO	[jepsen worker 1] jepsen.util: 1	:invoke	:read	nil
2026-03-12 15:59:01,962{GMT}	INFO	[jepsen worker 1] jepsen.util: 1	:ok	:read	[1 8 10]
2026-03-12 15:59:02,048{GMT}	INFO	[jepsen worker 2] jepsen.util: 2	:invoke	:broadcast	15
2026-03-12 15:59:02,052{GMT}	INFO	[jepsen worker 2] jepsen.util: 2	:ok	:broadcast	15
2026-03-12 15:59:02,089{GMT}	INFO	[jepsen worker 3] jepsen.util: 3	:invoke	:read	nil
2026-03-12 15:59:02,093{GMT}	INFO	[jepsen worker 3] jepsen.util: 3	:ok	:read	[4]
2026-03-12 15:59:02,229{GMT}	INFO	[jepsen worker 4] jepsen.util: 4	:invoke	:broadcast	16
2026-03-12 15:59:02,232{GMT}	INFO	[jepsen worker 4] jepsen.util: 4	:ok	:broadcast	16
2026-03-12 15:59:02,329{GMT}	INFO	[jepsen worker 0] jepsen.util: 0	:invoke	:read	nil
2026-03-12 15:59:02,332{GMT}	INFO	[jepsen worker 0] jepsen.util: 0	:ok	:read	[0 3 5 6 7 11 13 14]
2026-03-12 15:59:02,454{GMT}	INFO	[jepsen worker 0] jepsen.util: 0	:invoke	:read	nil
2026-03-12 15:59:02,457{GMT}	INFO	[jepsen worker 0] jepsen.util: 0	:ok	:read	[0 3 5 6 7 11 13 14]
2026-03-12 15:59:02,588{GMT}	INFO	[jepsen worker 1] jepsen.util: 1	:invoke	:broadcast	17
2026-03-12 15:59:02,592{GMT}	INFO	[jepsen worker 1] jepsen.util: 1	:ok	:broadcast	17
2026-03-12 15:59:02,661{GMT}	INFO	[jepsen worker 2] jepsen.util: 2	:invoke	:read	nil
2026-03-12 15:59:02,664{GMT}	INFO	[jepsen worker 2] jepsen.util: 2	:ok	:read	[2 9 15]
2026-03-12 15:59:02,751{GMT}	INFO	[jepsen worker 3] jepsen.util: 3	:invoke	:broadcast	18
2026-03-12 15:59:02,755{GMT}	INFO	[jepsen worker 3] jepsen.util: 3	:ok	:broadcast	18
2026-03-12 15:59:02,945{GMT}	INFO	[jepsen worker 4] jepsen.util: 4	:invoke	:broadcast	19
2026-03-12 15:59:02,948{GMT}	INFO	[jepsen worker 4] jepsen.util: 4	:ok	:broadcast	19
2026-03-12 15:59:02,974{GMT}	INFO	[jepsen worker 0] jepsen.util: 0	:invoke	:read	nil
2026-03-12 15:59:02,977{GMT}	INFO	[jepsen worker 0] jepsen.util: 0	:ok	:read	[0 3 5 6 7 11 13 14]
2026-03-12 15:59:03,114{GMT}	INFO	[jepsen worker 0] jepsen.util: 0	:invoke	:read	nil
2026-03-12 15:59:03,118{GMT}	INFO	[jepsen worker 0] jepsen.util: 0	:ok	:read	[0 3 5 6 7 11 13 14]
2026-03-12 15:59:03,143{GMT}	INFO	[jepsen worker 1] jepsen.util: 1	:invoke	:read	nil
2026-03-12 15:59:03,147{GMT}	INFO	[jepsen worker 1] jepsen.util: 1	:ok	:read	[1 8 10 17]
2026-03-12 15:59:03,226{GMT}	INFO	[jepsen worker 2] jepsen.util: 2	:invoke	:read	nil
2026-03-12 15:59:03,228{GMT}	INFO	[jepsen worker 2] jepsen.util: 2	:ok	:read	[2 9 15]
2026-03-12 15:59:03,406{GMT}	INFO	[jepsen worker 3] jepsen.util: 3	:invoke	:broadcast	20
2026-03-12 15:59:03,409{GMT}	INFO	[jepsen worker 3] jepsen.util: 3	:ok	:broadcast	20
2026-03-12 15:59:03,543{GMT}	INFO	[jepsen worker 4] jepsen.util: 4	:invoke	:broadcast	21
2026-03-12 15:59:03,546{GMT}	INFO	[jepsen worker 4] jepsen.util: 4	:ok	:broadcast	21
2026-03-12 15:59:03,691{GMT}	INFO	[jepsen worker 0] jepsen.util: 0	:invoke	:broadcast	22
2026-03-12 15:59:03,694{GMT}	INFO	[jepsen worker 0] jepsen.util: 0	:ok	:broadcast	22
2026-03-12 15:59:03,701{GMT}	INFO	[jepsen worker 0] jepsen.util: 0	:invoke	:read	nil
2026-03-12 15:59:03,705{GMT}	INFO	[jepsen worker 0] jepsen.util: 0	:ok	:read	[0 3 5 6 7 11 13 14 22]
2026-03-12 15:59:03,748{GMT}	INFO	[jepsen worker 1] jepsen.util: 1	:invoke	:read	nil
2026-03-12 15:59:03,751{GMT}	INFO	[jepsen worker 1] jepsen.util: 1	:ok	:read	[1 8 10 17]
2026-03-12 15:59:03,944{GMT}	INFO	[jepsen worker 2] jepsen.util: 2	:invoke	:broadcast	23
2026-03-12 15:59:03,948{GMT}	INFO	[jepsen worker 2] jepsen.util: 2	:ok	:broadcast	23
2026-03-12 15:59:04,019{GMT}	INFO	[jepsen worker 3] jepsen.util: 3	:invoke	:broadcast	24
2026-03-12 15:59:04,022{GMT}	INFO	[jepsen worker 3] jepsen.util: 3	:ok	:broadcast	24
2026-03-12 15:59:04,222{GMT}	INFO	[jepsen worker 4] jepsen.util: 4	:invoke	:read	nil
2026-03-12 15:59:04,235{GMT}	INFO	[jepsen worker 4] jepsen.util: 4	:ok	:read	[12 16 19 21]
2026-03-12 15:59:04,266{GMT}	INFO	[jepsen worker 0] jepsen.util: 0	:invoke	:read	nil
2026-03-12 15:59:04,277{GMT}	INFO	[jepsen worker 0] jepsen.util: 0	:ok	:read	[0 3 5 6 7 11 13 14 22]
2026-03-12 15:59:04,355{GMT}	INFO	[jepsen worker 0] jepsen.util: 0	:invoke	:broadcast	25
2026-03-12 15:59:04,363{GMT}	INFO	[jepsen worker 0] jepsen.util: 0	:ok	:broadcast	25
2026-03-12 15:59:04,468{GMT}	INFO	[jepsen worker 1] jepsen.util: 1	:invoke	:read	nil
2026-03-12 15:59:04,478{GMT}	INFO	[jepsen worker 1] jepsen.util: 1	:ok	:read	[1 8 10 17]
2026-03-12 15:59:04,576{GMT}	INFO	[jepsen worker 2] jepsen.util: 2	:invoke	:read	nil
2026-03-12 15:59:04,578{GMT}	INFO	[jepsen worker 2] jepsen.util: 2	:ok	:read	[2 9 15 23]
2026-03-12 15:59:04,724{GMT}	INFO	[jepsen worker 3] jepsen.util: 3	:invoke	:read	nil
2026-03-12 15:59:04,728{GMT}	INFO	[jepsen worker 3] jepsen.util: 3	:ok	:read	[4 18 20 24]
2026-03-12 15:59:04,913{GMT}	INFO	[jepsen worker 4] jepsen.util: 4	:invoke	:read	nil
2026-03-12 15:59:04,916{GMT}	INFO	[jepsen worker 4] jepsen.util: 4	:ok	:read	[12 16 19 21]
2026-03-12 15:59:05,065{GMT}	INFO	[jepsen worker 0] jepsen.util: 0	:invoke	:broadcast	26
2026-03-12 15:59:05,068{GMT}	INFO	[jepsen worker 0] jepsen.util: 0	:ok	:broadcast	26
2026-03-12 15:59:05,189{GMT}	INFO	[jepsen worker 0] jepsen.util: 0	:invoke	:read	nil
2026-03-12 15:59:05,192{GMT}	INFO	[jepsen worker 0] jepsen.util: 0	:ok	:read	[0 3 5 6 7 11 13 14 22 25 26]
2026-03-12 15:59:05,298{GMT}	INFO	[jepsen worker 1] jepsen.util: 1	:invoke	:read	nil
2026-03-12 15:59:05,301{GMT}	INFO	[jepsen worker 1] jepsen.util: 1	:ok	:read	[1 8 10 17]
2026-03-12 15:59:05,369{GMT}	INFO	[jepsen worker 2] jepsen.util: 2	:invoke	:broadcast	27
2026-03-12 15:59:05,372{GMT}	INFO	[jepsen worker 2] jepsen.util: 2	:ok	:broadcast	27
2026-03-12 15:59:05,414{GMT}	INFO	[jepsen worker 3] jepsen.util: 3	:invoke	:read	nil
2026-03-12 15:59:05,418{GMT}	INFO	[jepsen worker 3] jepsen.util: 3	:ok	:read	[4 18 20 24]
2026-03-12 15:59:05,498{GMT}	INFO	[jepsen worker 4] jepsen.util: 4	:invoke	:read	nil
2026-03-12 15:59:05,501{GMT}	INFO	[jepsen worker 4] jepsen.util: 4	:ok	:read	[12 16 19 21]
2026-03-12 15:59:05,673{GMT}	INFO	[jepsen worker 0] jepsen.util: 0	:invoke	:broadcast	28
2026-03-12 15:59:05,676{GMT}	INFO	[jepsen worker 0] jepsen.util: 0	:ok	:broadcast	28
2026-03-12 15:59:05,855{GMT}	INFO	[jepsen worker 0] jepsen.util: 0	:invoke	:broadcast	29
2026-03-12 15:59:05,857{GMT}	INFO	[jepsen worker 0] jepsen.util: 0	:ok	:broadcast	29
2026-03-12 15:59:05,877{GMT}	INFO	[jepsen worker 1] jepsen.util: 1	:invoke	:broadcast	30
2026-03-12 15:59:05,880{GMT}	INFO	[jepsen worker 1] jepsen.util: 1	:ok	:broadcast	30
2026-03-12 15:59:05,938{GMT}	INFO	[jepsen worker 2] jepsen.util: 2	:invoke	:read	nil
2026-03-12 15:59:05,942{GMT}	INFO	[jepsen worker 2] jepsen.util: 2	:ok	:read	[2 9 15 23 27]
2026-03-12 15:59:05,968{GMT}	INFO	[jepsen worker 3] jepsen.util: 3	:invoke	:broadcast	31
2026-03-12 15:59:05,971{GMT}	INFO	[jepsen worker 3] jepsen.util: 3	:ok	:broadcast	31
2026-03-12 15:59:06,100{GMT}	INFO	[jepsen worker 4] jepsen.util: 4	:invoke	:broadcast	32
2026-03-12 15:59:06,103{GMT}	INFO	[jepsen worker 4] jepsen.util: 4	:ok	:broadcast	32
2026-03-12 15:59:06,262{GMT}	INFO	[jepsen worker 0] jepsen.util: 0	:invoke	:broadcast	33
2026-03-12 15:59:06,266{GMT}	INFO	[jepsen worker 0] jepsen.util: 0	:ok	:broadcast	33
2026-03-12 15:59:06,461{GMT}	INFO	[jepsen worker 0] jepsen.util: 0	:invoke	:read	nil
2026-03-12 15:59:06,465{GMT}	INFO	[jepsen worker 0] jepsen.util: 0	:ok	:read	[0 3 5 6 7 11 13 14 22 25 26 28 29 33]
2026-03-12 15:59:06,643{GMT}	INFO	[jepsen worker 1] jepsen.util: 1	:invoke	:read	nil
2026-03-12 15:59:06,646{GMT}	INFO	[jepsen worker 1] jepsen.util: 1	:ok	:read	[1 8 10 17 30]
2026-03-12 15:59:06,708{GMT}	INFO	[jepsen worker 2] jepsen.util: 2	:invoke	:broadcast	34
2026-03-12 15:59:06,711{GMT}	INFO	[jepsen worker 2] jepsen.util: 2	:ok	:broadcast	34
2026-03-12 15:59:06,824{GMT}	INFO	[jepsen worker 3] jepsen.util: 3	:invoke	:read	nil
2026-03-12 15:59:06,828{GMT}	INFO	[jepsen worker 3] jepsen.util: 3	:ok	:read	[4 18 20 24 31]
2026-03-12 15:59:07,011{GMT}	INFO	[jepsen worker 4] jepsen.util: 4	:invoke	:read	nil
2026-03-12 15:59:07,015{GMT}	INFO	[jepsen worker 4] jepsen.util: 4	:ok	:read	[12 16 19 21 32]
2026-03-12 15:59:07,024{GMT}	INFO	[jepsen worker 0] jepsen.util: 0	:invoke	:read	nil
2026-03-12 15:59:07,027{GMT}	INFO	[jepsen worker 0] jepsen.util: 0	:ok	:read	[0 3 5 6 7 11 13 14 22 25 26 28 29 33]
2026-03-12 15:59:07,079{GMT}	INFO	[jepsen worker 0] jepsen.util: 0	:invoke	:broadcast	35
2026-03-12 15:59:07,082{GMT}	INFO	[jepsen worker 0] jepsen.util: 0	:ok	:broadcast	35
2026-03-12 15:59:07,151{GMT}	INFO	[jepsen worker 1] jepsen.util: 1	:invoke	:broadcast	36
2026-03-12 15:59:07,153{GMT}	INFO	[jepsen worker 1] jepsen.util: 1	:ok	:broadcast	36
2026-03-12 15:59:07,155{GMT}	INFO	[jepsen worker 2] jepsen.util: 2	:invoke	:read	nil
2026-03-12 15:59:07,157{GMT}	INFO	[jepsen worker 2] jepsen.util: 2	:ok	:read	[2 9 15 23 27 34]
2026-03-12 15:59:07,227{GMT}	INFO	[jepsen worker 3] jepsen.util: 3	:invoke	:read	nil
2026-03-12 15:59:07,230{GMT}	INFO	[jepsen worker 3] jepsen.util: 3	:ok	:read	[4 18 20 24 31]
2026-03-12 15:59:07,400{GMT}	INFO	[jepsen worker 4] jepsen.util: 4	:invoke	:broadcast	37
2026-03-12 15:59:07,403{GMT}	INFO	[jepsen worker 4] jepsen.util: 4	:ok	:broadcast	37
2026-03-12 15:59:07,575{GMT}	INFO	[jepsen worker 0] jepsen.util: 0	:invoke	:read	nil
2026-03-12 15:59:07,579{GMT}	INFO	[jepsen worker 0] jepsen.util: 0	:ok	:read	[0 3 5 6 7 11 13 14 22 25 26 28 29 33 35]
2026-03-12 15:59:07,665{GMT}	INFO	[jepsen worker 0] jepsen.util: 0	:invoke	:read	nil
2026-03-12 15:59:07,668{GMT}	INFO	[jepsen worker 0] jepsen.util: 0	:ok	:read	[0 3 5 6 7 11 13 14 22 25 26 28 29 33 35]
2026-03-12 15:59:07,685{GMT}	INFO	[jepsen worker 1] jepsen.util: 1	:invoke	:read	nil
2026-03-12 15:59:07,688{GMT}	INFO	[jepsen worker 1] jepsen.util: 1	:ok	:read	[1 8 10 17 30 36]
2026-03-12 15:59:07,874{GMT}	INFO	[jepsen worker 2] jepsen.util: 2	:invoke	:broadcast	38
2026-03-12 15:59:07,875{GMT}	INFO	[jepsen worker 3] jepsen.util: 3	:invoke	:broadcast	39
2026-03-12 15:59:07,878{GMT}	INFO	[jepsen worker 3] jepsen.util: 3	:ok	:broadcast	39
2026-03-12 15:59:07,878{GMT}	INFO	[jepsen worker 2] jepsen.util: 2	:ok	:broadcast	38
2026-03-12 15:59:08,012{GMT}	INFO	[jepsen worker 4] jepsen.util: 4	:invoke	:read	nil
2026-03-12 15:59:08,016{GMT}	INFO	[jepsen worker 4] jepsen.util: 4	:ok	:read	[12 16 19 21 32 37]
2026-03-12 15:59:08,039{GMT}	INFO	[jepsen worker 0] jepsen.util: 0	:invoke	:broadcast	40
2026-03-12 15:59:08,042{GMT}	INFO	[jepsen worker 0] jepsen.util: 0	:ok	:broadcast	40
2026-03-12 15:59:08,168{GMT}	INFO	[jepsen worker 0] jepsen.util: 0	:invoke	:broadcast	41
2026-03-12 15:59:08,172{GMT}	INFO	[jepsen worker 0] jepsen.util: 0	:ok	:broadcast	41
2026-03-12 15:59:08,241{GMT}	INFO	[jepsen worker 1] jepsen.util: 1	:invoke	:broadcast	42
2026-03-12 15:59:08,244{GMT}	INFO	[jepsen worker 1] jepsen.util: 1	:ok	:broadcast	42
2026-03-12 15:59:08,435{GMT}	INFO	[jepsen worker 2] jepsen.util: 2	:invoke	:broadcast	43
2026-03-12 15:59:08,438{GMT}	INFO	[jepsen worker 2] jepsen.util: 2	:ok	:broadcast	43
2026-03-12 15:59:08,446{GMT}	INFO	[jepsen worker 3] jepsen.util: 3	:invoke	:broadcast	44
2026-03-12 15:59:08,449{GMT}	INFO	[jepsen worker 3] jepsen.util: 3	:ok	:broadcast	44
2026-03-12 15:59:08,530{GMT}	INFO	[jepsen worker 4] jepsen.util: 4	:invoke	:broadcast	45
2026-03-12 15:59:08,533{GMT}	INFO	[jepsen worker 4] jepsen.util: 4	:ok	:broadcast	45
2026-03-12 15:59:08,560{GMT}	INFO	[jepsen worker 0] jepsen.util: 0	:invoke	:read	nil
2026-03-12 15:59:08,563{GMT}	INFO	[jepsen worker 0] jepsen.util: 0	:ok	:read	[0 3 5 6 7 11 13 14 22 25 26 28 29 33 35 40 41]
2026-03-12 15:59:08,719{GMT}	INFO	[jepsen worker 0] jepsen.util: 0	:invoke	:read	nil
2026-03-12 15:59:08,722{GMT}	INFO	[jepsen worker 0] jepsen.util: 0	:ok	:read	[0 3 5 6 7 11 13 14 22 25 26 28 29 33 35 40 41]
2026-03-12 15:59:08,858{GMT}	INFO	[jepsen worker 1] jepsen.util: 1	:invoke	:read	nil
2026-03-12 15:59:08,861{GMT}	INFO	[jepsen worker 1] jepsen.util: 1	:ok	:read	[1 8 10 17 30 36 42]
2026-03-12 15:59:08,923{GMT}	INFO	[jepsen worker 2] jepsen.util: 2	:invoke	:read	nil
2026-03-12 15:59:08,926{GMT}	INFO	[jepsen worker 2] jepsen.util: 2	:ok	:read	[2 9 15 23 27 34 38 43]
2026-03-12 15:59:08,975{GMT}	INFO	[jepsen worker 3] jepsen.util: 3	:invoke	:read	nil
2026-03-12 15:59:08,978{GMT}	INFO	[jepsen worker 3] jepsen.util: 3	:ok	:read	[4 18 20 24 31 39 44]
2026-03-12 15:59:09,174{GMT}	INFO	[jepsen worker 4] jepsen.util: 4	:invoke	:read	nil
2026-03-12 15:59:09,177{GMT}	INFO	[jepsen worker 4] jepsen.util: 4	:ok	:read	[12 16 19 21 32 37 45]
2026-03-12 15:59:09,342{GMT}	INFO	[jepsen worker 0] jepsen.util: 0	:invoke	:read	nil
2026-03-12 15:59:09,346{GMT}	INFO	[jepsen worker 0] jepsen.util: 0	:ok	:read	[0 3 5 6 7 11 13 14 22 25 26 28 29 33 35 40 41]
2026-03-12 15:59:09,457{GMT}	INFO	[jepsen worker 0] jepsen.util: 0	:invoke	:read	nil
2026-03-12 15:59:09,461{GMT}	INFO	[jepsen worker 0] jepsen.util: 0	:ok	:read	[0 3 5 6 7 11 13 14 22 25 26 28 29 33 35 40 41]
2026-03-12 15:59:09,580{GMT}	INFO	[jepsen worker 1] jepsen.util: 1	:invoke	:broadcast	46
2026-03-12 15:59:09,583{GMT}	INFO	[jepsen worker 1] jepsen.util: 1	:ok	:broadcast	46
2026-03-12 15:59:09,742{GMT}	INFO	[jepsen worker 2] jepsen.util: 2	:invoke	:read	nil
2026-03-12 15:59:09,745{GMT}	INFO	[jepsen worker 2] jepsen.util: 2	:ok	:read	[2 9 15 23 27 34 38 43]
2026-03-12 15:59:09,782{GMT}	INFO	[jepsen worker 3] jepsen.util: 3	:invoke	:read	nil
2026-03-12 15:59:09,785{GMT}	INFO	[jepsen worker 3] jepsen.util: 3	:ok	:read	[4 18 20 24 31 39 44]
2026-03-12 15:59:09,842{GMT}	INFO	[jepsen worker 4] jepsen.util: 4	:invoke	:broadcast	47
2026-03-12 15:59:09,845{GMT}	INFO	[jepsen worker 4] jepsen.util: 4	:ok	:broadcast	47
2026-03-12 15:59:09,997{GMT}	INFO	[jepsen worker 0] jepsen.util: 0	:invoke	:broadcast	48
2026-03-12 15:59:10,000{GMT}	INFO	[jepsen worker 0] jepsen.util: 0	:ok	:broadcast	48
2026-03-12 15:59:10,103{GMT}	INFO	[jepsen worker 0] jepsen.util: 0	:invoke	:read	nil
2026-03-12 15:59:10,106{GMT}	INFO	[jepsen worker 0] jepsen.util: 0	:ok	:read	[0 3 5 6 7 11 13 14 22 25 26 28 29 33 35 40 41 48]
2026-03-12 15:59:10,233{GMT}	INFO	[jepsen worker 1] jepsen.util: 1	:invoke	:broadcast	49
2026-03-12 15:59:10,236{GMT}	INFO	[jepsen worker 1] jepsen.util: 1	:ok	:broadcast	49
2026-03-12 15:59:10,354{GMT}	INFO	[jepsen worker 2] jepsen.util: 2	:invoke	:broadcast	50
2026-03-12 15:59:10,357{GMT}	INFO	[jepsen worker 2] jepsen.util: 2	:ok	:broadcast	50
2026-03-12 15:59:10,509{GMT}	INFO	[jepsen worker 3] jepsen.util: 3	:invoke	:broadcast	51
2026-03-12 15:59:10,512{GMT}	INFO	[jepsen worker 3] jepsen.util: 3	:ok	:broadcast	51
2026-03-12 15:59:10,538{GMT}	INFO	[jepsen worker 4] jepsen.util: 4	:invoke	:broadcast	52
2026-03-12 15:59:10,541{GMT}	INFO	[jepsen worker 4] jepsen.util: 4	:ok	:broadcast	52
2026-03-12 15:59:10,673{GMT}	INFO	[jepsen worker 0] jepsen.util: 0	:invoke	:broadcast	53
2026-03-12 15:59:10,675{GMT}	INFO	[jepsen worker 0] jepsen.util: 0	:ok	:broadcast	53
2026-03-12 15:59:10,842{GMT}	INFO	[jepsen worker 0] jepsen.util: 0	:invoke	:broadcast	54
2026-03-12 15:59:10,844{GMT}	INFO	[jepsen worker 0] jepsen.util: 0	:ok	:broadcast	54
2026-03-12 15:59:10,893{GMT}	INFO	[jepsen worker 1] jepsen.util: 1	:invoke	:broadcast	55
2026-03-12 15:59:10,895{GMT}	INFO	[jepsen worker 1] jepsen.util: 1	:ok	:broadcast	55
2026-03-12 15:59:10,944{GMT}	INFO	[jepsen worker 2] jepsen.util: 2	:invoke	:broadcast	56
2026-03-12 15:59:10,947{GMT}	INFO	[jepsen worker 2] jepsen.util: 2	:ok	:broadcast	56
2026-03-12 15:59:10,967{GMT}	INFO	[jepsen worker 3] jepsen.util: 3	:invoke	:read	nil
2026-03-12 15:59:10,970{GMT}	INFO	[jepsen worker 3] jepsen.util: 3	:ok	:read	[4 18 20 24 31 39 44 51]
2026-03-12 15:59:11,000{GMT}	INFO	[jepsen worker 4] jepsen.util: 4	:invoke	:read	nil
2026-03-12 15:59:11,003{GMT}	INFO	[jepsen worker 4] jepsen.util: 4	:ok	:read	[12 16 19 21 32 37 45 47 52]
2026-03-12 15:59:11,151{GMT}	INFO	[jepsen worker 0] jepsen.util: 0	:invoke	:read	nil
2026-03-12 15:59:11,154{GMT}	INFO	[jepsen worker 0] jepsen.util: 0	:ok	:read	[0 3 5 6 7 11 13 14 22 25 26 28 29 33 35 40 41 48 53 54]
2026-03-12 15:59:11,199{GMT}	INFO	[jepsen worker 0] jepsen.util: 0	:invoke	:broadcast	57
2026-03-12 15:59:11,201{GMT}	INFO	[jepsen worker 0] jepsen.util: 0	:ok	:broadcast	57
2026-03-12 15:59:11,229{GMT}	INFO	[jepsen worker 1] jepsen.util: 1	:invoke	:broadcast	58
2026-03-12 15:59:11,232{GMT}	INFO	[jepsen worker 1] jepsen.util: 1	:ok	:broadcast	58
2026-03-12 15:59:11,285{GMT}	INFO	[jepsen worker 2] jepsen.util: 2	:invoke	:broadcast	59
2026-03-12 15:59:11,287{GMT}	INFO	[jepsen worker 2] jepsen.util: 2	:ok	:broadcast	59
2026-03-12 15:59:11,357{GMT}	INFO	[jepsen worker 3] jepsen.util: 3	:invoke	:broadcast	60
2026-03-12 15:59:11,359{GMT}	INFO	[jepsen worker 3] jepsen.util: 3	:ok	:broadcast	60
2026-03-12 15:59:11,491{GMT}	INFO	[jepsen worker 4] jepsen.util: 4	:invoke	:read	nil
2026-03-12 15:59:11,494{GMT}	INFO	[jepsen worker 4] jepsen.util: 4	:ok	:read	[12 16 19 21 32 37 45 47 52]
2026-03-12 15:59:11,588{GMT}	INFO	[jepsen worker 0] jepsen.util: 0	:invoke	:broadcast	61
2026-03-12 15:59:11,591{GMT}	INFO	[jepsen worker 0] jepsen.util: 0	:ok	:broadcast	61
2026-03-12 15:59:11,690{GMT}	INFO	[jepsen worker 0] jepsen.util: 0	:invoke	:broadcast	62
2026-03-12 15:59:11,693{GMT}	INFO	[jepsen worker 0] jepsen.util: 0	:ok	:broadcast	62
2026-03-12 15:59:11,799{GMT}	INFO	[jepsen worker 1] jepsen.util: 1	:invoke	:broadcast	63
2026-03-12 15:59:11,802{GMT}	INFO	[jepsen worker 1] jepsen.util: 1	:ok	:broadcast	63
2026-03-12 15:59:11,988{GMT}	INFO	[jepsen worker 2] jepsen.util: 2	:invoke	:read	nil
2026-03-12 15:59:11,991{GMT}	INFO	[jepsen worker 2] jepsen.util: 2	:ok	:read	[2 9 15 23 27 34 38 43 50 56 59]
2026-03-12 15:59:12,159{GMT}	INFO	[jepsen worker 3] jepsen.util: 3	:invoke	:read	nil
2026-03-12 15:59:12,162{GMT}	INFO	[jepsen worker 3] jepsen.util: 3	:ok	:read	[4 18 20 24 31 39 44 51 60]
2026-03-12 15:59:12,177{GMT}	INFO	[jepsen worker 4] jepsen.util: 4	:invoke	:broadcast	64
2026-03-12 15:59:12,180{GMT}	INFO	[jepsen worker 4] jepsen.util: 4	:ok	:broadcast	64
2026-03-12 15:59:12,224{GMT}	INFO	[jepsen worker 0] jepsen.util: 0	:invoke	:broadcast	65
2026-03-12 15:59:12,227{GMT}	INFO	[jepsen worker 0] jepsen.util: 0	:ok	:broadcast	65
2026-03-12 15:59:12,273{GMT}	INFO	[jepsen worker 0] jepsen.util: 0	:invoke	:read	nil
2026-03-12 15:59:12,276{GMT}	INFO	[jepsen worker 0] jepsen.util: 0	:ok	:read	[0 3 5 6 7 11 13 14 22 25 26 28 29 33 35 40 41 48 53 54 57 61 62 65]
2026-03-12 15:59:12,421{GMT}	INFO	[jepsen worker 1] jepsen.util: 1	:invoke	:broadcast	66
2026-03-12 15:59:12,424{GMT}	INFO	[jepsen worker 1] jepsen.util: 1	:ok	:broadcast	66
2026-03-12 15:59:12,556{GMT}	INFO	[jepsen worker 2] jepsen.util: 2	:invoke	:read	nil
2026-03-12 15:59:12,559{GMT}	INFO	[jepsen worker 2] jepsen.util: 2	:ok	:read	[2 9 15 23 27 34 38 43 50 56 59]
2026-03-12 15:59:12,596{GMT}	INFO	[jepsen worker 3] jepsen.util: 3	:invoke	:read	nil
2026-03-12 15:59:12,598{GMT}	INFO	[jepsen worker 3] jepsen.util: 3	:ok	:read	[4 18 20 24 31 39 44 51 60]
2026-03-12 15:59:12,728{GMT}	INFO	[jepsen worker 4] jepsen.util: 4	:invoke	:broadcast	67
2026-03-12 15:59:12,731{GMT}	INFO	[jepsen worker 4] jepsen.util: 4	:ok	:broadcast	67
2026-03-12 15:59:12,793{GMT}	INFO	[jepsen worker 0] jepsen.util: 0	:invoke	:read	nil
2026-03-12 15:59:12,796{GMT}	INFO	[jepsen worker 0] jepsen.util: 0	:ok	:read	[0 3 5 6 7 11 13 14 22 25 26 28 29 33 35 40 41 48 53 54 57 61 62 65]
2026-03-12 15:59:12,822{GMT}	INFO	[jepsen worker 0] jepsen.util: 0	:invoke	:broadcast	68
2026-03-12 15:59:12,824{GMT}	INFO	[jepsen worker 0] jepsen.util: 0	:ok	:broadcast	68
2026-03-12 15:59:12,944{GMT}	INFO	[jepsen worker 1] jepsen.util: 1	:invoke	:broadcast	69
2026-03-12 15:59:12,946{GMT}	INFO	[jepsen worker 1] jepsen.util: 1	:ok	:broadcast	69
2026-03-12 15:59:13,068{GMT}	INFO	[jepsen worker 2] jepsen.util: 2	:invoke	:broadcast	70
2026-03-12 15:59:13,070{GMT}	INFO	[jepsen worker 2] jepsen.util: 2	:ok	:broadcast	70
2026-03-12 15:59:13,219{GMT}	INFO	[jepsen worker 3] jepsen.util: 3	:invoke	:broadcast	71
2026-03-12 15:59:13,222{GMT}	INFO	[jepsen worker 3] jepsen.util: 3	:ok	:broadcast	71
2026-03-12 15:59:13,345{GMT}	INFO	[jepsen worker 4] jepsen.util: 4	:invoke	:read	nil
2026-03-12 15:59:13,347{GMT}	INFO	[jepsen worker 4] jepsen.util: 4	:ok	:read	[12 16 19 21 32 37 45 47 52 64 67]
2026-03-12 15:59:13,533{GMT}	INFO	[jepsen worker 0] jepsen.util: 0	:invoke	:read	nil
2026-03-12 15:59:13,536{GMT}	INFO	[jepsen worker 0] jepsen.util: 0	:ok	:read	[0 3 5 6 7 11 13 14 22 25 26 28 29 33 35 40 41 48 53 54 57 61 62 65 68]
2026-03-12 15:59:13,637{GMT}	INFO	[jepsen worker 0] jepsen.util: 0	:invoke	:read	nil
2026-03-12 15:59:13,640{GMT}	INFO	[jepsen worker 0] jepsen.util: 0	:ok	:read	[0 3 5 6 7 11 13 14 22 25 26 28 29 33 35 40 41 48 53 54 57 61 62 65 68]
2026-03-12 15:59:13,755{GMT}	INFO	[jepsen worker 1] jepsen.util: 1	:invoke	:read	nil
2026-03-12 15:59:13,758{GMT}	INFO	[jepsen worker 1] jepsen.util: 1	:ok	:read	[1 8 10 17 30 36 42 46 49 55 58 63 66 69]
2026-03-12 15:59:13,915{GMT}	INFO	[jepsen worker 2] jepsen.util: 2	:invoke	:read	nil
2026-03-12 15:59:13,917{GMT}	INFO	[jepsen worker 3] jepsen.util: 3	:invoke	:broadcast	72
2026-03-12 15:59:13,918{GMT}	INFO	[jepsen worker 2] jepsen.util: 2	:ok	:read	[2 9 15 23 27 34 38 43 50 56 59 70]
2026-03-12 15:59:13,919{GMT}	INFO	[jepsen worker 3] jepsen.util: 3	:ok	:broadcast	72
2026-03-12 15:59:13,970{GMT}	INFO	[jepsen worker 4] jepsen.util: 4	:invoke	:read	nil
2026-03-12 15:59:13,973{GMT}	INFO	[jepsen worker 4] jepsen.util: 4	:ok	:read	[12 16 19 21 32 37 45 47 52 64 67]
2026-03-12 15:59:14,072{GMT}	INFO	[jepsen worker 0] jepsen.util: 0	:invoke	:read	nil
2026-03-12 15:59:14,075{GMT}	INFO	[jepsen worker 0] jepsen.util: 0	:ok	:read	[0 3 5 6 7 11 13 14 22 25 26 28 29 33 35 40 41 48 53 54 57 61 62 65 68]
2026-03-12 15:59:14,154{GMT}	INFO	[jepsen worker 0] jepsen.util: 0	:invoke	:read	nil
2026-03-12 15:59:14,157{GMT}	INFO	[jepsen worker 0] jepsen.util: 0	:ok	:read	[0 3 5 6 7 11 13 14 22 25 26 28 29 33 35 40 41 48 53 54 57 61 62 65 68]
2026-03-12 15:59:14,228{GMT}	INFO	[jepsen worker 1] jepsen.util: 1	:invoke	:read	nil
2026-03-12 15:59:14,231{GMT}	INFO	[jepsen worker 1] jepsen.util: 1	:ok	:read	[1 8 10 17 30 36 42 46 49 55 58 63 66 69]
2026-03-12 15:59:14,333{GMT}	INFO	[jepsen worker 2] jepsen.util: 2	:invoke	:read	nil
2026-03-12 15:59:14,336{GMT}	INFO	[jepsen worker 2] jepsen.util: 2	:ok	:read	[2 9 15 23 27 34 38 43 50 56 59 70]
2026-03-12 15:59:14,397{GMT}	INFO	[jepsen worker 3] jepsen.util: 3	:invoke	:broadcast	73
2026-03-12 15:59:14,399{GMT}	INFO	[jepsen worker 3] jepsen.util: 3	:ok	:broadcast	73
2026-03-12 15:59:14,412{GMT}	INFO	[jepsen worker 4] jepsen.util: 4	:invoke	:broadcast	74
2026-03-12 15:59:14,414{GMT}	INFO	[jepsen worker 4] jepsen.util: 4	:ok	:broadcast	74
2026-03-12 15:59:14,589{GMT}	INFO	[jepsen worker 0] jepsen.util: 0	:invoke	:read	nil
2026-03-12 15:59:14,592{GMT}	INFO	[jepsen worker 0] jepsen.util: 0	:ok	:read	[0 3 5 6 7 11 13 14 22 25 26 28 29 33 35 40 41 48 53 54 57 61 62 65 68]
2026-03-12 15:59:14,760{GMT}	INFO	[jepsen worker 0] jepsen.util: 0	:invoke	:broadcast	75
2026-03-12 15:59:14,762{GMT}	INFO	[jepsen worker 0] jepsen.util: 0	:ok	:broadcast	75
2026-03-12 15:59:14,793{GMT}	INFO	[jepsen worker 1] jepsen.util: 1	:invoke	:read	nil
2026-03-12 15:59:14,796{GMT}	INFO	[jepsen worker 1] jepsen.util: 1	:ok	:read	[1 8 10 17 30 36 42 46 49 55 58 63 66 69]
2026-03-12 15:59:14,855{GMT}	INFO	[jepsen worker 2] jepsen.util: 2	:invoke	:broadcast	76
2026-03-12 15:59:14,858{GMT}	INFO	[jepsen worker 2] jepsen.util: 2	:ok	:broadcast	76
2026-03-12 15:59:14,973{GMT}	INFO	[jepsen worker 3] jepsen.util: 3	:invoke	:broadcast	77
2026-03-12 15:59:14,975{GMT}	INFO	[jepsen worker 3] jepsen.util: 3	:ok	:broadcast	77
2026-03-12 15:59:15,110{GMT}	INFO	[jepsen worker 4] jepsen.util: 4	:invoke	:broadcast	78
2026-03-12 15:59:15,112{GMT}	INFO	[jepsen worker 4] jepsen.util: 4	:ok	:broadcast	78
2026-03-12 15:59:15,308{GMT}	INFO	[jepsen worker 0] jepsen.util: 0	:invoke	:read	nil
2026-03-12 15:59:15,311{GMT}	INFO	[jepsen worker 0] jepsen.util: 0	:ok	:read	[0 3 5 6 7 11 13 14 22 25 26 28 29 33 35 40 41 48 53 54 57 61 62 65 68 75]
2026-03-12 15:59:15,471{GMT}	INFO	[jepsen worker 0] jepsen.util: 0	:invoke	:broadcast	79
2026-03-12 15:59:15,474{GMT}	INFO	[jepsen worker 0] jepsen.util: 0	:ok	:broadcast	79
2026-03-12 15:59:15,624{GMT}	INFO	[jepsen worker 1] jepsen.util: 1	:invoke	:read	nil
2026-03-12 15:59:15,627{GMT}	INFO	[jepsen worker 1] jepsen.util: 1	:ok	:read	[1 8 10 17 30 36 42 46 49 55 58 63 66 69]
2026-03-12 15:59:15,638{GMT}	INFO	[jepsen worker 2] jepsen.util: 2	:invoke	:read	nil
2026-03-12 15:59:15,641{GMT}	INFO	[jepsen worker 2] jepsen.util: 2	:ok	:read	[2 9 15 23 27 34 38 43 50 56 59 70 76]
2026-03-12 15:59:15,695{GMT}	INFO	[jepsen worker 3] jepsen.util: 3	:invoke	:broadcast	80
2026-03-12 15:59:15,696{GMT}	INFO	[jepsen worker 4] jepsen.util: 4	:invoke	:broadcast	81
2026-03-12 15:59:15,697{GMT}	INFO	[jepsen worker 3] jepsen.util: 3	:ok	:broadcast	80
2026-03-12 15:59:15,699{GMT}	INFO	[jepsen worker 4] jepsen.util: 4	:ok	:broadcast	81
2026-03-12 15:59:15,888{GMT}	INFO	[jepsen worker 0] jepsen.util: 0	:invoke	:read	nil
2026-03-12 15:59:15,890{GMT}	INFO	[jepsen worker 0] jepsen.util: 0	:ok	:read	[0 3 5 6 7 11 13 14 22 25 26 28 29 33 35 40 41 48 53 54 57 61 62 65 68 75 79]
2026-03-12 15:59:15,934{GMT}	INFO	[jepsen worker 0] jepsen.util: 0	:invoke	:broadcast	82
2026-03-12 15:59:15,936{GMT}	INFO	[jepsen worker 0] jepsen.util: 0	:ok	:broadcast	82
2026-03-12 15:59:15,940{GMT}	INFO	[jepsen worker 1] jepsen.util: 1	:invoke	:broadcast	83
2026-03-12 15:59:15,942{GMT}	INFO	[jepsen worker 1] jepsen.util: 1	:ok	:broadcast	83
2026-03-12 15:59:16,106{GMT}	INFO	[jepsen worker 2] jepsen.util: 2	:invoke	:broadcast	84
2026-03-12 15:59:16,109{GMT}	INFO	[jepsen worker 2] jepsen.util: 2	:ok	:broadcast	84
2026-03-12 15:59:16,195{GMT}	INFO	[jepsen worker 3] jepsen.util: 3	:invoke	:read	nil
2026-03-12 15:59:16,198{GMT}	INFO	[jepsen worker 3] jepsen.util: 3	:ok	:read	[4 18 20 24 31 39 44 51 60 71 72 73 77 80]
2026-03-12 15:59:16,208{GMT}	INFO	[jepsen worker 4] jepsen.util: 4	:invoke	:read	nil
2026-03-12 15:59:16,211{GMT}	INFO	[jepsen worker 4] jepsen.util: 4	:ok	:read	[12 16 19 21 32 37 45 47 52 64 67 74 78 81]
2026-03-12 15:59:16,398{GMT}	INFO	[jepsen worker 0] jepsen.util: 0	:invoke	:broadcast	85
2026-03-12 15:59:16,401{GMT}	INFO	[jepsen worker 0] jepsen.util: 0	:ok	:broadcast	85
2026-03-12 15:59:16,547{GMT}	INFO	[jepsen worker 0] jepsen.util: 0	:invoke	:broadcast	86
2026-03-12 15:59:16,550{GMT}	INFO	[jepsen worker 0] jepsen.util: 0	:ok	:broadcast	86
2026-03-12 15:59:16,597{GMT}	INFO	[jepsen worker 1] jepsen.util: 1	:invoke	:read	nil
2026-03-12 15:59:16,600{GMT}	INFO	[jepsen worker 1] jepsen.util: 1	:ok	:read	[1 8 10 17 30 36 42 46 49 55 58 63 66 69 83]
2026-03-12 15:59:16,739{GMT}	INFO	[jepsen worker 2] jepsen.util: 2	:invoke	:broadcast	87
2026-03-12 15:59:16,742{GMT}	INFO	[jepsen worker 2] jepsen.util: 2	:ok	:broadcast	87
2026-03-12 15:59:16,933{GMT}	INFO	[jepsen worker 3] jepsen.util: 3	:invoke	:read	nil
2026-03-12 15:59:16,936{GMT}	INFO	[jepsen worker 3] jepsen.util: 3	:ok	:read	[4 18 20 24 31 39 44 51 60 71 72 73 77 80]
2026-03-12 15:59:16,945{GMT}	INFO	[jepsen worker 4] jepsen.util: 4	:invoke	:read	nil
2026-03-12 15:59:16,948{GMT}	INFO	[jepsen worker 4] jepsen.util: 4	:ok	:read	[12 16 19 21 32 37 45 47 52 64 67 74 78 81]
2026-03-12 15:59:16,966{GMT}	INFO	[jepsen worker 0] jepsen.util: 0	:invoke	:broadcast	88
2026-03-12 15:59:16,968{GMT}	INFO	[jepsen worker 0] jepsen.util: 0	:ok	:broadcast	88
2026-03-12 15:59:16,969{GMT}	INFO	[jepsen worker 0] jepsen.generator.interpreter: Waiting for recovery...
2026-03-12 15:59:26,974{GMT}	INFO	[jepsen worker 2] jepsen.util: 2	:invoke	:read	nil
2026-03-12 15:59:26,974{GMT}	INFO	[jepsen worker 4] jepsen.util: 4	:invoke	:read	nil
2026-03-12 15:59:26,974{GMT}	INFO	[jepsen worker 0] jepsen.util: 0	:invoke	:read	nil
2026-03-12 15:59:26,975{GMT}	INFO	[jepsen worker 3] jepsen.util: 3	:invoke	:read	nil
2026-03-12 15:59:26,975{GMT}	INFO	[jepsen worker 1] jepsen.util: 1	:invoke	:read	nil
2026-03-12 15:59:26,977{GMT}	INFO	[jepsen worker 4] jepsen.util: 4	:ok	:read	[12 16 19 21 32 37 45 47 52 64 67 74 78 81]
2026-03-12 15:59:26,977{GMT}	INFO	[jepsen worker 0] jepsen.util: 0	:ok	:read	[0 3 5 6 7 11 13 14 22 25 26 28 29 33 35 40 41 48 53 54 57 61 62 65 68 75 79 82 85 86 88]
2026-03-12 15:59:26,977{GMT}	INFO	[jepsen worker 3] jepsen.util: 3	:ok	:read	[4 18 20 24 31 39 44 51 60 71 72 73 77 80]
2026-03-12 15:59:26,978{GMT}	INFO	[jepsen worker 2] jepsen.util: 2	:ok	:read	[2 9 15 23 27 34 38 43 50 56 59 70 76 84 87]
2026-03-12 15:59:26,979{GMT}	INFO	[jepsen worker 1] jepsen.util: 1	:ok	:read	[1 8 10 17 30 36 42 46 49 55 58 63 66 69 83]
2026-03-12 15:59:27,007{GMT}	INFO	[jepsen test runner] jepsen.core: Run complete, writing
2026-03-12 15:59:27,112{GMT}	INFO	[jepsen node n0] maelstrom.db: Tearing down n0
2026-03-12 15:59:27,112{GMT}	INFO	[jepsen node n1] maelstrom.db: Tearing down n1
2026-03-12 15:59:27,113{GMT}	INFO	[jepsen node n2] maelstrom.db: Tearing down n2
2026-03-12 15:59:27,115{GMT}	INFO	[jepsen node n4] maelstrom.db: Tearing down n4
2026-03-12 15:59:27,116{GMT}	INFO	[jepsen node n3] maelstrom.db: Tearing down n3
2026-03-12 15:59:28,799{GMT}	INFO	[jepsen node n0] maelstrom.net: Shutting down Maelstrom network
2026-03-12 15:59:28,801{GMT}	INFO	[jepsen test runner] jepsen.core: Analyzing...
2026-03-12 15:59:29,152{GMT}	INFO	[jepsen test runner] jepsen.core: Analysis complete
2026-03-12 15:59:29,213{GMT}	INFO	[jepsen results] jepsen.store: Wrote /home/banna/Documents/maelstrom-java/store/broadcast/20260312T155855.081Z/results.edn
2026-03-12 15:59:29,257{GMT}	INFO	[jepsen test runner] jepsen.core: {:perf {:latency-graph {:valid? true},
        :rate-graph {:valid? true},
        :valid? true},
 :timeline {:valid? true},
 :exceptions {:valid? true},
 :stats {:valid? true,
         :count 197,
         :ok-count 197,
         :fail-count 0,
         :info-count 0,
         :by-f {:broadcast {:valid? true,
                            :count 89,
                            :ok-count 89,
                            :fail-count 0,
                            :info-count 0},
                :read {:valid? true,
                       :count 108,
                       :ok-count 108,
                       :fail-count 0,
                       :info-count 0}}},
 :availability {:valid? true, :ok-fraction 1.0},
 :net {:all {:send-count 414,
             :recv-count 414,
             :msg-count 414,
             :msgs-per-op 2.101523},
       :clients {:send-count 414, :recv-count 414, :msg-count 414},
       :servers {:send-count 0,
                 :recv-count 0,
                 :msg-count 0,
                 :msgs-per-op 0.0},
       :valid? true},
 :workload {:worst-stale ({:element 1,
                           :outcome :stable,
                           :stable-latency 29837,
                           :lost-latency nil,
                           :known #jepsen.history.Op{:index 3,
                                                     :time 105400581,
                                                     :type :ok,
                                                     :process 1,
                                                     :f :add,
                                                     :value 1},
                           :last-absent #jepsen.history.Op{:index 387,
                                                           :time 29942853251,
                                                           :type :invoke,
                                                           :process 3,
                                                           :f :read,
                                                           :value nil,
                                                           :final? true}}
                          {:element 8,
                           :outcome :stable,
                           :stable-latency 27417,
                           :lost-latency nil,
                           :known #jepsen.history.Op{:index 39,
                                                     :time 2525806907,
                                                     :type :ok,
                                                     :process 1,
                                                     :f :add,
                                                     :value 8},
                           :last-absent #jepsen.history.Op{:index 387,
                                                           :time 29942853251,
                                                           :type :invoke,
                                                           :process 3,
                                                           :f :read,
                                                           :value nil,
                                                           :final? true}}
                          {:element 10,
                           :outcome :stable,
                           :stable-latency 26832,
                           :lost-latency nil,
                           :known #jepsen.history.Op{:index 51,
                                                     :time 3110549052,
                                                     :type :ok,
                                                     :process 1,
                                                     :f :add,
                                                     :value 10},
                           :last-absent #jepsen.history.Op{:index 387,
                                                           :time 29942853251,
                                                           :type :invoke,
                                                           :process 3,
                                                           :f :read,
                                                           :value nil,
                                                           :final? true}}
                          {:element 17,
                           :outcome :stable,
                           :stable-latency 24382,
                           :lost-latency nil,
                           :known #jepsen.history.Op{:index 99,
                                                     :time 5560230557,
                                                     :type :ok,
                                                     :process 1,
                                                     :f :add,
                                                     :value 17},
                           :last-absent #jepsen.history.Op{:index 387,
                                                           :time 29942853251,
                                                           :type :invoke,
                                                           :process 3,
                                                           :f :read,
                                                           :value nil,
                                                           :final? true}}
                          {:element 30,
                           :outcome :stable,
                           :stable-latency 21094,
                           :lost-latency nil,
                           :known #jepsen.history.Op{:index 159,
                                                     :time 8848006299,
                                                     :type :ok,
                                                     :process 1,
                                                     :f :add,
                                                     :value 30},
                           :last-absent #jepsen.history.Op{:index 387,
                                                           :time 29942853251,
                                                           :type :invoke,
                                                           :process 3,
                                                           :f :read,
                                                           :value nil,
                                                           :final? true}}
                          {:element 36,
                           :outcome :stable,
                           :stable-latency 19820,
                           :lost-latency nil,
                           :known #jepsen.history.Op{:index 183,
                                                     :time 10121964177,
                                                     :type :ok,
                                                     :process 1,
                                                     :f :add,
                                                     :value 36},
                           :last-absent #jepsen.history.Op{:index 387,
                                                           :time 29942853251,
                                                           :type :invoke,
                                                           :process 3,
                                                           :f :read,
                                                           :value nil,
                                                           :final? true}}
                          {:element 42,
                           :outcome :stable,
                           :stable-latency 18730,
                           :lost-latency nil,
                           :known #jepsen.history.Op{:index 207,
                                                     :time 11212852657,
                                                     :type :ok,
                                                     :process 1,
                                                     :f :add,
                                                     :value 42},
                           :last-absent #jepsen.history.Op{:index 387,
                                                           :time 29942853251,
                                                           :type :invoke,
                                                           :process 3,
                                                           :f :read,
                                                           :value nil,
                                                           :final? true}}
                          {:element 46,
                           :outcome :stable,
                           :stable-latency 17391,
                           :lost-latency nil,
                           :known #jepsen.history.Op{:index 231,
                                                     :time 12551453627,
                                                     :type :ok,
                                                     :process 1,
                                                     :f :add,
                                                     :value 46},
                           :last-absent #jepsen.history.Op{:index 387,
                                                           :time 29942853251,
                                                           :type :invoke,
                                                           :process 3,
                                                           :f :read,
                                                           :value nil,
                                                           :final? true}}),
            :duplicated-count 0,
            :valid? false,
            :lost-count 74,
            :lost (0
                   2
                   3
                   4
                   5
                   6
                   7
                   9
                   11
                   12
                   13
                   14
                   15
                   16
                   18
                   19
                   20
                   21
                   22
                   23
                   24
                   25
                   26
                   27
                   28
                   29
                   31
                   32
                   33
                   34
                   35
                   37
                   38
                   39
                   40
                   41
                   43
                   44
                   45
                   47
                   48
                   50
                   51
                   52
                   53
                   54
                   56
                   57
                   59
                   60
                   61
                   62
                   64
                   65
                   67
                   68
                   70
                   71
                   72
                   73
                   74
                   75
                   76
                   77
                   78
                   79
                   80
                   81
                   82
                   84
                   85
                   86
                   87
                   88),
            :stable-count 15,
            :stale-count 15,
            :stale (1 8 10 17 30 36 42 46 49 55 58 63 66 69 83),
            :never-read-count 0,
            :stable-latencies {0 11031,
                               0.5 17391,
                               0.95 29837,
                               0.99 29837,
                               1 29837},
            :attempt-count 89,
            :lost-latencies {0 10005,
                             0.5 18532,
                             0.95 28951,
                             0.99 29908,
                             1 29908},
            :never-read (),
            :duplicated {}},
 :valid? false}


Analysis invalid! (ﾉಥ益ಥ）ﾉ ┻━┻
