2026-03-20 16:25:27,963{GMT}	INFO	[jepsen test runner] jepsen.core: Command line:
lein run test -w broadcast --bin run.sh broadcast --node-count 5 --time-limit 20 --rate 10 --nemesis partition
2026-03-20 16:25:28,058{GMT}	INFO	[jepsen test runner] jepsen.core: Running test:
{:args ["broadcast"]
 :remote
 #jepsen.control.retry.Remote{:remote #jepsen.control.scp.Remote{:cmd-remote #jepsen.control.sshj.SSHJRemote{:concurrency-limit 6,
                                                                                                             :conn-spec nil,
                                                                                                             :client nil,
                                                                                                             :semaphore nil},
                                                                 :conn-spec nil},
                              :conn nil}
 :log-net-send false
 :node-count 5
 :availability nil
 :max-txn-length 4
 :concurrency 5
 :db
 #object[maelstrom.db$db$reify__16142
         "0x3619ecd"
         "maelstrom.db$db$reify__16142@3619ecd"]
 :max-writes-per-key 16
 :leave-db-running? false
 :name "broadcast"
 :logging-json? false
 :start-time
 #object[org.joda.time.DateTime "0x7de4bd8f" "2026-03-20T16:25:27.939Z"]
 :nemesis-interval 10
 :net
 #object[maelstrom.net$jepsen_net$reify__15251
         "0x193e65d5"
         "maelstrom.net$jepsen_net$reify__15251@193e65d5"]
 :client
 #object[maelstrom.workload.broadcast$client$reify__16644
         "0x2a97b4b8"
         "maelstrom.workload.broadcast$client$reify__16644@2a97b4b8"]
 :barrier
 #object[java.util.concurrent.CyclicBarrier
         "0x250fc0d1"
         "java.util.concurrent.CyclicBarrier@250fc0d1"]
 :log-stderr false
 :pure-generators true
 :ssh {:dummy? true}
 :rate 10.0
 :checker
 #object[jepsen.checker$compose$reify__11881
         "0x7ddf193a"
         "jepsen.checker$compose$reify__11881@7ddf193a"]
 :argv
 ("test"
  "-w"
  "broadcast"
  "--bin"
  "run.sh"
  "broadcast"
  "--node-count"
  "5"
  "--time-limit"
  "20"
  "--rate"
  "10"
  "--nemesis"
  "partition")
 :nemesis
 (jepsen.nemesis.ReflCompose
  {:fm {:start-partition 0,
        :stop-partition 0,
        :kill 1,
        :start 1,
        :pause 1,
        :resume 1},
   :nemeses [#unprintable "jepsen.nemesis.combined$partition_nemesis$reify__16416@17a5cb99"
             #unprintable "jepsen.nemesis.combined$db_nemesis$reify__16397@808fa1"]})
 :nodes ["n0" "n1" "n2" "n3" "n4"]
 :test-count 1
 :latency {:mean 0, :dist :constant}
 :bin "run.sh"
 :generator
 ((jepsen.generator.Synchronize
   {:gen (jepsen.generator.TimeLimit
          {:limit 20000000000,
           :cutoff nil,
           :gen (jepsen.generator.Any
                 {:gens [(jepsen.generator.OnThreads
                          {:f #{:nemesis},
                           :context-filter #object[jepsen.generator.context$make_thread_filter$lazy_filter__9167
                                                   "0x7545cb17"
                                                   "jepsen.generator.context$make_thread_filter$lazy_filter__9167@7545cb17"],
                           :gen (jepsen.generator.Stagger
                                 {:dt 20000000000,
                                  :next-time nil,
                                  :gen (jepsen.generator.FlipFlop
                                        {:gens [#object[jepsen.nemesis.combined$partition_package$start__16420
                                                        "0x635b3ec7"
                                                        "jepsen.nemesis.combined$partition_package$start__16420@635b3ec7"]
                                                ({:type :info,
                                                  :f :stop-partition,
                                                  :value nil}
                                                 {:type :info,
                                                  :f :stop-partition,
                                                  :value nil}
                                                 {:type :info,
                                                  :f :stop-partition,
                                                  :value nil}
                                                 {:type :info,
                                                  :f :stop-partition,
                                                  :value nil}
                                                 {:type :info,
                                                  :f :stop-partition,
                                                  :value nil}
                                                 {:type :info,
                                                  :f :stop-partition,
                                                  :value nil}
                                                 {:type :info,
                                                  :f :stop-partition,
                                                  :value nil}
                                                 {:type :info,
                                                  :f :stop-partition,
                                                  :value nil}
                                                 ...)],
                                         :i 0})})})
                         (jepsen.generator.OnThreads
                          {:f #jepsen.generator.context.AllBut{:element :nemesis},
                           :context-filter #object[jepsen.generator.context$make_thread_filter$lazy_filter__9167
                                                   "0x15aa3084"
                                                   "jepsen.generator.context$make_thread_filter$lazy_filter__9167@15aa3084"],
                           :gen (jepsen.generator.Stagger
                                 {:dt 200000000,
                                  :next-time nil,
                                  :gen (jepsen.generator.Mix
                                        {:i 1,
                                         :gens [({:f :broadcast, :value 0}
                                                 {:f :broadcast, :value 1}
                                                 {:f :broadcast, :value 2}
                                                 {:f :broadcast, :value 3}
                                                 {:f :broadcast, :value 4}
                                                 {:f :broadcast, :value 5}
                                                 {:f :broadcast, :value 6}
                                                 {:f :broadcast, :value 7}
                                                 ...)
                                                ({:f :read}
                                                 {:f :read}
                                                 {:f :read}
                                                 {:f :read}
                                                 {:f :read}
                                                 {:f :read}
                                                 {:f :read}
                                                 {:f :read}
                                                 ...)]})})})]})})})
  (jepsen.generator.Synchronize
   {:gen (jepsen.generator.OnThreads
          {:f #{:nemesis},
           :context-filter #object[jepsen.generator.context$make_thread_filter$lazy_filter__9167
                                   "0x4e6c4c55"
                                   "jepsen.generator.context$make_thread_filter$lazy_filter__9167@4e6c4c55"],
           :gen ({:type :info, :f :stop-partition, :value nil})})})
  (jepsen.generator.Synchronize
   {:gen {:type :log, :value "Waiting for recovery..."}})
  (jepsen.generator.Synchronize {:gen {:type :sleep, :value 10}})
  (jepsen.generator.Synchronize
   {:gen (jepsen.generator.OnThreads
          {:f #jepsen.generator.context.AllBut{:element :nemesis},
           :context-filter #object[jepsen.generator.context$make_thread_filter$lazy_filter__9167
                                   "0x74fbee59"
                                   "jepsen.generator.context$make_thread_filter$lazy_filter__9167@74fbee59"],
           :gen (jepsen.generator.EachThread
                 {:fresh-gen {:f :read, :final? true},
                  :context-filters #object[clojure.core$promise$reify__8591
                                           "0x3794621d"
                                           {:status :pending, :val nil}],
                  :gens {}})})}))
 :log-net-recv false
 :os
 #object[maelstrom.net$jepsen_os$reify__15254
         "0x737e4a7b"
         "maelstrom.net$jepsen_os$reify__15254@737e4a7b"]
 :time-limit 20
 :workload :broadcast
 :consistency-models [:strict-serializable]
 :topology :grid}

2026-03-20 16:25:29,548{GMT}	INFO	[jepsen node n0] maelstrom.net: Starting Maelstrom network
2026-03-20 16:25:29,550{GMT}	INFO	[jepsen test runner] jepsen.db: Tearing down DB
2026-03-20 16:25:29,552{GMT}	INFO	[jepsen test runner] jepsen.db: Setting up DB
2026-03-20 16:25:29,553{GMT}	INFO	[jepsen node n2] maelstrom.db: Setting up n2
2026-03-20 16:25:29,553{GMT}	INFO	[jepsen node n3] maelstrom.db: Setting up n3
2026-03-20 16:25:29,553{GMT}	INFO	[jepsen node n4] maelstrom.db: Setting up n4
2026-03-20 16:25:29,553{GMT}	INFO	[jepsen node n4] maelstrom.process: launching run.sh ["broadcast"]
2026-03-20 16:25:29,553{GMT}	INFO	[jepsen node n2] maelstrom.process: launching run.sh ["broadcast"]
2026-03-20 16:25:29,555{GMT}	INFO	[jepsen node n0] maelstrom.service: Starting services: (lin-kv lin-tso lww-kv seq-kv)
2026-03-20 16:25:29,553{GMT}	INFO	[jepsen node n1] maelstrom.db: Setting up n1
2026-03-20 16:25:29,553{GMT}	INFO	[jepsen node n3] maelstrom.process: launching run.sh ["broadcast"]
2026-03-20 16:25:29,556{GMT}	INFO	[jepsen node n1] maelstrom.process: launching run.sh ["broadcast"]
2026-03-20 16:25:29,557{GMT}	INFO	[jepsen node n0] maelstrom.db: Setting up n0
2026-03-20 16:25:29,557{GMT}	INFO	[jepsen node n0] maelstrom.process: launching run.sh ["broadcast"]
2026-03-20 16:25:29,722{GMT}	INFO	[jepsen test runner] jepsen.core: Relative time begins now
2026-03-20 16:25:29,745{GMT}	INFO	[jepsen worker 1] jepsen.util: 1	:invoke	:read	nil
2026-03-20 16:25:29,745{GMT}	INFO	[jepsen worker nemesis] jepsen.util: :nemesis	:info	:start-partition	:minority-third
2026-03-20 16:25:29,751{GMT}	INFO	[jepsen worker nemesis] jepsen.util: :nemesis	:info	:start-partition	[:isolated {"n1" #{"n2" "n4" "n0" "n3"}, "n2" #{"n1"}, "n4" #{"n1"}, "n0" #{"n1"}, "n3" #{"n1"}}]
2026-03-20 16:25:29,751{GMT}	INFO	[jepsen worker 1] jepsen.util: 1	:ok	:read	[]
2026-03-20 16:25:29,923{GMT}	INFO	[jepsen worker 2] jepsen.util: 2	:invoke	:read	nil
2026-03-20 16:25:29,927{GMT}	INFO	[jepsen worker 2] jepsen.util: 2	:ok	:read	[]
2026-03-20 16:25:30,077{GMT}	INFO	[jepsen worker 3] jepsen.util: 3	:invoke	:broadcast	0
2026-03-20 16:25:30,080{GMT}	INFO	[jepsen worker 3] jepsen.util: 3	:ok	:broadcast	0
2026-03-20 16:25:30,084{GMT}	WARN	[n3 stdout] maelstrom.process: Error!
clojure.lang.ExceptionInfo: Node n3 printed a line to STDOUT which was not well-formed JSON:
{0=[n3]}
Did you mean to encode this line as JSON? Or was this line intended for STDERR? See doc/protocol.md for more guidance.
	at slingshot.support$stack_trace.invoke(support.clj:201)
	at maelstrom.process$parse_msg$fn__15856.invoke(process.clj:47)
	at maelstrom.process$parse_msg.invokeStatic(process.clj:45)
	at maelstrom.process$parse_msg.invoke(process.clj:35)
	at maelstrom.process$stdout_thread$fn__15878$fn__15879$fn__15881.invoke(process.clj:146)
	at maelstrom.process$stdout_thread$fn__15878$fn__15879.invoke(process.clj:146)
	at maelstrom.process$stdout_thread$fn__15878.invoke(process.clj:140)
	at clojure.core$binding_conveyor_fn$fn__5823.invoke(core.clj:2047)
	at clojure.lang.AFn.call(AFn.java:18)
	at java.base/java.util.concurrent.FutureTask.run(FutureTask.java:317)
	at java.base/java.util.concurrent.ThreadPoolExecutor.runWorker(ThreadPoolExecutor.java:1144)
	at java.base/java.util.concurrent.ThreadPoolExecutor$Worker.run(ThreadPoolExecutor.java:642)
	at java.base/java.lang.Thread.run(Thread.java:1583)
2026-03-20 16:25:30,259{GMT}	INFO	[jepsen worker 4] jepsen.util: 4	:invoke	:broadcast	1
2026-03-20 16:25:30,262{GMT}	INFO	[jepsen worker 4] jepsen.util: 4	:ok	:broadcast	1
2026-03-20 16:25:30,372{GMT}	INFO	[jepsen worker 0] jepsen.util: 0	:invoke	:read	nil
2026-03-20 16:25:30,376{GMT}	INFO	[jepsen worker 0] jepsen.util: 0	:ok	:read	[0]
2026-03-20 16:25:30,565{GMT}	INFO	[jepsen worker 0] jepsen.util: 0	:invoke	:broadcast	2
2026-03-20 16:25:30,568{GMT}	INFO	[jepsen worker 0] jepsen.util: 0	:ok	:broadcast	2
2026-03-20 16:25:30,696{GMT}	INFO	[jepsen worker 1] jepsen.util: 1	:invoke	:broadcast	3
2026-03-20 16:25:30,700{GMT}	INFO	[jepsen worker 1] jepsen.util: 1	:ok	:broadcast	3
2026-03-20 16:25:30,752{GMT}	INFO	[jepsen worker 2] jepsen.util: 2	:invoke	:broadcast	4
2026-03-20 16:25:30,754{GMT}	INFO	[jepsen worker 3] jepsen.util: 3	:invoke	:read	nil
2026-03-20 16:25:30,754{GMT}	INFO	[jepsen worker 2] jepsen.util: 2	:ok	:broadcast	4
2026-03-20 16:25:30,933{GMT}	INFO	[jepsen worker 4] jepsen.util: 4	:invoke	:broadcast	5
2026-03-20 16:25:30,936{GMT}	INFO	[jepsen worker 4] jepsen.util: 4	:ok	:broadcast	5
2026-03-20 16:25:31,129{GMT}	INFO	[jepsen worker 0] jepsen.util: 0	:invoke	:read	nil
2026-03-20 16:25:31,131{GMT}	INFO	[jepsen worker 0] jepsen.util: 0	:ok	:read	[0 2]
2026-03-20 16:25:31,241{GMT}	INFO	[jepsen worker 0] jepsen.util: 0	:invoke	:read	nil
2026-03-20 16:25:31,243{GMT}	INFO	[jepsen worker 0] jepsen.util: 0	:ok	:read	[0 2]
2026-03-20 16:25:31,425{GMT}	INFO	[jepsen worker 1] jepsen.util: 1	:invoke	:read	nil
2026-03-20 16:25:31,426{GMT}	INFO	[jepsen worker 1] jepsen.util: 1	:ok	:read	[3]
2026-03-20 16:25:31,595{GMT}	INFO	[jepsen worker 2] jepsen.util: 2	:invoke	:broadcast	6
2026-03-20 16:25:31,597{GMT}	INFO	[jepsen worker 2] jepsen.util: 2	:ok	:broadcast	6
2026-03-20 16:25:31,662{GMT}	INFO	[jepsen worker 4] jepsen.util: 4	:invoke	:read	nil
2026-03-20 16:25:31,665{GMT}	INFO	[jepsen worker 4] jepsen.util: 4	:ok	:read	[0 1 5]
2026-03-20 16:25:31,713{GMT}	INFO	[jepsen worker nemesis] jepsen.util: :nemesis	:info	:stop-partition	nil
2026-03-20 16:25:31,713{GMT}	INFO	[jepsen worker nemesis] jepsen.util: :nemesis	:info	:stop-partition	:network-healed
2026-03-20 16:25:31,844{GMT}	INFO	[jepsen worker 0] jepsen.util: 0	:invoke	:broadcast	7
2026-03-20 16:25:31,847{GMT}	INFO	[jepsen worker 0] jepsen.util: 0	:ok	:broadcast	7
2026-03-20 16:25:31,850{GMT}	WARN	[n0 stdout] maelstrom.process: Error!
clojure.lang.ExceptionInfo: Node n0 printed a line to STDOUT which was not well-formed JSON:
{0=[n0], 2=[n0], 7=[n0]}
Did you mean to encode this line as JSON? Or was this line intended for STDERR? See doc/protocol.md for more guidance.
	at slingshot.support$stack_trace.invoke(support.clj:201)
	at maelstrom.process$parse_msg$fn__15856.invoke(process.clj:47)
	at maelstrom.process$parse_msg.invokeStatic(process.clj:45)
	at maelstrom.process$parse_msg.invoke(process.clj:35)
	at maelstrom.process$stdout_thread$fn__15878$fn__15879$fn__15881.invoke(process.clj:146)
	at maelstrom.process$stdout_thread$fn__15878$fn__15879.invoke(process.clj:146)
	at maelstrom.process$stdout_thread$fn__15878.invoke(process.clj:140)
	at clojure.core$binding_conveyor_fn$fn__5823.invoke(core.clj:2047)
	at clojure.lang.AFn.call(AFn.java:18)
	at java.base/java.util.concurrent.FutureTask.run(FutureTask.java:317)
	at java.base/java.util.concurrent.ThreadPoolExecutor.runWorker(ThreadPoolExecutor.java:1144)
	at java.base/java.util.concurrent.ThreadPoolExecutor$Worker.run(ThreadPoolExecutor.java:642)
	at java.base/java.lang.Thread.run(Thread.java:1583)
2026-03-20 16:25:31,852{GMT}	WARN	[n1 stdout] maelstrom.process: Error!
clojure.lang.ExceptionInfo: Node n1 printed a line to STDOUT which was not well-formed JSON:
{3=[n1], 7=[n1]}
Did you mean to encode this line as JSON? Or was this line intended for STDERR? See doc/protocol.md for more guidance.
	at slingshot.support$stack_trace.invoke(support.clj:201)
	at maelstrom.process$parse_msg$fn__15856.invoke(process.clj:47)
	at maelstrom.process$parse_msg.invokeStatic(process.clj:45)
	at maelstrom.process$parse_msg.invoke(process.clj:35)
	at maelstrom.process$stdout_thread$fn__15878$fn__15879$fn__15881.invoke(process.clj:146)
	at maelstrom.process$stdout_thread$fn__15878$fn__15879.invoke(process.clj:146)
	at maelstrom.process$stdout_thread$fn__15878.invoke(process.clj:140)
	at clojure.core$binding_conveyor_fn$fn__5823.invoke(core.clj:2047)
	at clojure.lang.AFn.call(AFn.java:18)
	at java.base/java.util.concurrent.FutureTask.run(FutureTask.java:317)
	at java.base/java.util.concurrent.ThreadPoolExecutor.runWorker(ThreadPoolExecutor.java:1144)
	at java.base/java.util.concurrent.ThreadPoolExecutor$Worker.run(ThreadPoolExecutor.java:642)
	at java.base/java.lang.Thread.run(Thread.java:1583)
2026-03-20 16:25:31,859{GMT}	INFO	[jepsen worker 0] jepsen.util: 0	:invoke	:broadcast	8
2026-03-20 16:25:32,040{GMT}	INFO	[jepsen worker 1] jepsen.util: 1	:invoke	:read	nil
2026-03-20 16:25:32,065{GMT}	INFO	[jepsen worker 2] jepsen.util: 2	:invoke	:broadcast	9
2026-03-20 16:25:32,067{GMT}	INFO	[jepsen worker 2] jepsen.util: 2	:ok	:broadcast	9
2026-03-20 16:25:32,257{GMT}	INFO	[jepsen worker 4] jepsen.util: 4	:invoke	:read	nil
2026-03-20 16:25:32,260{GMT}	INFO	[jepsen worker 4] jepsen.util: 4	:ok	:read	[0 1 5 7]
2026-03-20 16:25:32,417{GMT}	INFO	[jepsen worker 4] jepsen.util: 4	:invoke	:read	nil
2026-03-20 16:25:32,421{GMT}	INFO	[jepsen worker 4] jepsen.util: 4	:ok	:read	[0 1 5 7]
2026-03-20 16:25:32,560{GMT}	INFO	[jepsen worker 2] jepsen.util: 2	:invoke	:broadcast	10
2026-03-20 16:25:32,564{GMT}	INFO	[jepsen worker 2] jepsen.util: 2	:ok	:broadcast	10
2026-03-20 16:25:32,694{GMT}	INFO	[jepsen worker 2] jepsen.util: 2	:invoke	:read	nil
2026-03-20 16:25:32,697{GMT}	INFO	[jepsen worker 2] jepsen.util: 2	:ok	:read	[4 6 7 9 10]
2026-03-20 16:25:32,705{GMT}	INFO	[jepsen worker 2] jepsen.util: 2	:invoke	:broadcast	11
2026-03-20 16:25:32,708{GMT}	INFO	[jepsen worker 2] jepsen.util: 2	:ok	:broadcast	11
2026-03-20 16:25:32,841{GMT}	INFO	[jepsen worker 2] jepsen.util: 2	:invoke	:read	nil
2026-03-20 16:25:32,844{GMT}	INFO	[jepsen worker 2] jepsen.util: 2	:ok	:read	[4 6 7 9 10 11]
2026-03-20 16:25:32,931{GMT}	INFO	[jepsen worker 4] jepsen.util: 4	:invoke	:broadcast	12
2026-03-20 16:25:32,935{GMT}	INFO	[jepsen worker 4] jepsen.util: 4	:ok	:broadcast	12
2026-03-20 16:25:33,070{GMT}	INFO	[jepsen worker 4] jepsen.util: 4	:invoke	:read	nil
2026-03-20 16:25:33,073{GMT}	INFO	[jepsen worker 4] jepsen.util: 4	:ok	:read	[0 1 5 7 12]
2026-03-20 16:25:33,242{GMT}	INFO	[jepsen worker 2] jepsen.util: 2	:invoke	:read	nil
2026-03-20 16:25:33,245{GMT}	INFO	[jepsen worker 2] jepsen.util: 2	:ok	:read	[4 6 7 9 10 11]
2026-03-20 16:25:33,275{GMT}	INFO	[jepsen worker 2] jepsen.util: 2	:invoke	:broadcast	13
2026-03-20 16:25:33,278{GMT}	INFO	[jepsen worker 2] jepsen.util: 2	:ok	:broadcast	13
2026-03-20 16:25:33,355{GMT}	INFO	[jepsen worker 2] jepsen.util: 2	:invoke	:read	nil
2026-03-20 16:25:33,358{GMT}	INFO	[jepsen worker 2] jepsen.util: 2	:ok	:read	[4 6 7 9 10 11 13]
2026-03-20 16:25:33,410{GMT}	INFO	[jepsen worker 2] jepsen.util: 2	:invoke	:broadcast	14
2026-03-20 16:25:33,413{GMT}	INFO	[jepsen worker 2] jepsen.util: 2	:ok	:broadcast	14
2026-03-20 16:25:33,457{GMT}	INFO	[jepsen worker 4] jepsen.util: 4	:invoke	:read	nil
2026-03-20 16:25:33,461{GMT}	INFO	[jepsen worker 4] jepsen.util: 4	:ok	:read	[0 1 5 7 12]
2026-03-20 16:25:33,644{GMT}	INFO	[jepsen worker 4] jepsen.util: 4	:invoke	:read	nil
2026-03-20 16:25:33,648{GMT}	INFO	[jepsen worker 4] jepsen.util: 4	:ok	:read	[0 1 5 7 12]
2026-03-20 16:25:33,670{GMT}	INFO	[jepsen worker 2] jepsen.util: 2	:invoke	:read	nil
2026-03-20 16:25:33,674{GMT}	INFO	[jepsen worker 2] jepsen.util: 2	:ok	:read	[4 6 7 9 10 11 13 14]
2026-03-20 16:25:33,772{GMT}	INFO	[jepsen worker 2] jepsen.util: 2	:invoke	:broadcast	15
2026-03-20 16:25:33,775{GMT}	INFO	[jepsen worker 2] jepsen.util: 2	:ok	:broadcast	15
2026-03-20 16:25:33,815{GMT}	INFO	[jepsen worker 2] jepsen.util: 2	:invoke	:broadcast	16
2026-03-20 16:25:33,819{GMT}	INFO	[jepsen worker 2] jepsen.util: 2	:ok	:broadcast	16
2026-03-20 16:25:33,945{GMT}	INFO	[jepsen worker 2] jepsen.util: 2	:invoke	:broadcast	17
2026-03-20 16:25:33,948{GMT}	INFO	[jepsen worker 2] jepsen.util: 2	:ok	:broadcast	17
2026-03-20 16:25:34,030{GMT}	INFO	[jepsen worker 4] jepsen.util: 4	:invoke	:read	nil
2026-03-20 16:25:34,032{GMT}	INFO	[jepsen worker 4] jepsen.util: 4	:ok	:read	[0 1 5 7 12]
2026-03-20 16:25:34,169{GMT}	INFO	[jepsen worker 4] jepsen.util: 4	:invoke	:read	nil
2026-03-20 16:25:34,172{GMT}	INFO	[jepsen worker 4] jepsen.util: 4	:ok	:read	[0 1 5 7 12]
2026-03-20 16:25:34,210{GMT}	INFO	[Jepsen shutdown hook] jepsen.core: Downloading DB logs before JVM shutdown...
