2026-03-12T16:35:54 Unexpected exception handling (msg c12 n2 {"type":"read","msg_id":6}) : java.util.ConcurrentModificationException
java.util.ConcurrentModificationException
	at java.base/java.util.ArrayList$Itr.checkForComodification(ArrayList.java:1095)
	at java.base/java.util.ArrayList$Itr.next(ArrayList.java:1049)
	at lab.BroadcastServer.lambda$run$1(BroadcastServer.java:59)
	at lab.Node.handleRequest(Node.java:97)
	at lab.Node.handleMessage(Node.java:71)
	at lab.Node.lambda$run$0(Node.java:44)
	at java.base/java.util.concurrent.ThreadPoolExecutor.runWorker(ThreadPoolExecutor.java:1144)
	at java.base/java.util.concurrent.ThreadPoolExecutor$Worker.run(ThreadPoolExecutor.java:642)
	at java.base/java.lang.Thread.run(Thread.java:1583)

2026-03-12T16:35:54 Unexpected exception handling (msg c12 n2 {"type":"read","msg_id":7}) : java.util.ConcurrentModificationException
java.util.ConcurrentModificationException
	at java.base/java.util.ArrayList$Itr.checkForComodification(ArrayList.java:1095)
	at java.base/java.util.ArrayList$Itr.next(ArrayList.java:1049)
	at lab.BroadcastServer.lambda$run$1(BroadcastServer.java:59)
	at lab.Node.handleRequest(Node.java:97)
	at lab.Node.handleMessage(Node.java:71)
	at lab.Node.lambda$run$0(Node.java:44)
	at java.base/java.util.concurrent.ThreadPoolExecutor.runWorker(ThreadPoolExecutor.java:1144)
	at java.base/java.util.concurrent.ThreadPoolExecutor$Worker.run(ThreadPoolExecutor.java:642)
	at java.base/java.lang.Thread.run(Thread.java:1583)

2026-03-12T16:35:55 Unexpected exception handling (msg c12 n2 {"type":"read","msg_id":13}) : java.util.ConcurrentModificationException
java.util.ConcurrentModificationException
	at java.base/java.util.ArrayList$Itr.checkForComodification(ArrayList.java:1095)
	at java.base/java.util.ArrayList$Itr.next(ArrayList.java:1049)
	at lab.BroadcastServer.lambda$run$1(BroadcastServer.java:59)
	at lab.Node.handleRequest(Node.java:97)
	at lab.Node.handleMessage(Node.java:71)
	at lab.Node.lambda$run$0(Node.java:44)
	at java.base/java.util.concurrent.ThreadPoolExecutor.runWorker(ThreadPoolExecutor.java:1144)
	at java.base/java.util.concurrent.ThreadPoolExecutor$Worker.run(ThreadPoolExecutor.java:642)
	at java.base/java.lang.Thread.run(Thread.java:1583)

2026-03-12T16:35:55 Unexpected exception handling (msg c12 n2 {"type":"read","msg_id":14}) : java.util.ConcurrentModificationException
java.util.ConcurrentModificationException
	at java.base/java.util.ArrayList$Itr.checkForComodification(ArrayList.java:1095)
	at java.base/java.util.ArrayList$Itr.next(ArrayList.java:1049)
	at lab.BroadcastServer.lambda$run$1(BroadcastServer.java:59)
	at lab.Node.handleRequest(Node.java:97)
	at lab.Node.handleMessage(Node.java:71)
	at lab.Node.lambda$run$0(Node.java:44)
	at java.base/java.util.concurrent.ThreadPoolExecutor.runWorker(ThreadPoolExecutor.java:1144)
	at java.base/java.util.concurrent.ThreadPoolExecutor$Worker.run(ThreadPoolExecutor.java:642)
	at java.base/java.lang.Thread.run(Thread.java:1583)

2026-03-12T16:35:56 Unexpected exception handling (msg c12 n2 {"type":"read","msg_id":16}) : java.util.ConcurrentModificationException
java.util.ConcurrentModificationException
	at java.base/java.util.ArrayList$Itr.checkForComodification(ArrayList.java:1095)
	at java.base/java.util.ArrayList$Itr.next(ArrayList.java:1049)
	at lab.BroadcastServer.lambda$run$1(BroadcastServer.java:59)
	at lab.Node.handleRequest(Node.java:97)
	at lab.Node.handleMessage(Node.java:71)
	at lab.Node.lambda$run$0(Node.java:44)
	at java.base/java.util.concurrent.ThreadPoolExecutor.runWorker(ThreadPoolExecutor.java:1144)
	at java.base/java.util.concurrent.ThreadPoolExecutor$Worker.run(ThreadPoolExecutor.java:642)
	at java.base/java.lang.Thread.run(Thread.java:1583)

2026-03-12T16:35:56 Unexpected exception handling (msg c12 n2 {"type":"read","msg_id":17}) : java.util.ConcurrentModificationException
java.util.ConcurrentModificationException
	at java.base/java.util.ArrayList$Itr.checkForComodification(ArrayList.java:1095)
	at java.base/java.util.ArrayList$Itr.next(ArrayList.java:1049)
	at lab.BroadcastServer.lambda$run$1(BroadcastServer.java:59)
	at lab.Node.handleRequest(Node.java:97)
	at lab.Node.handleMessage(Node.java:71)
	at lab.Node.lambda$run$0(Node.java:44)
	at java.base/java.util.concurrent.ThreadPoolExecutor.runWorker(ThreadPoolExecutor.java:1144)
	at java.base/java.util.concurrent.ThreadPoolExecutor$Worker.run(ThreadPoolExecutor.java:642)
	at java.base/java.lang.Thread.run(Thread.java:1583)

2026-03-12T16:35:57 Unexpected exception handling (msg c12 n2 {"type":"read","msg_id":20}) : java.util.ConcurrentModificationException
java.util.ConcurrentModificationException
	at java.base/java.util.ArrayList$Itr.checkForComodification(ArrayList.java:1095)
	at java.base/java.util.ArrayList$Itr.next(ArrayList.java:1049)
	at lab.BroadcastServer.lambda$run$1(BroadcastServer.java:59)
	at lab.Node.handleRequest(Node.java:97)
	at lab.Node.handleMessage(Node.java:71)
	at lab.Node.lambda$run$0(Node.java:44)
	at java.base/java.util.concurrent.ThreadPoolExecutor.runWorker(ThreadPoolExecutor.java:1144)
	at java.base/java.util.concurrent.ThreadPoolExecutor$Worker.run(ThreadPoolExecutor.java:642)
	at java.base/java.lang.Thread.run(Thread.java:1583)

