2026-03-20 16:06:23,215{GMT}	INFO	[jepsen test runner] jepsen.core: Command line:
lein run test -w broadcast --bin run.sh broadcast --node-count 5 --time-limit 20 --rate 10 --nemesis partition
2026-03-20 16:06:23,299{GMT}	INFO	[jepsen test runner] jepsen.core: Running test:
{:args ["broadcast"]
 :remote
 #jepsen.control.retry.Remote{:remote #jepsen.control.scp.Remote{:cmd-remote #jepsen.control.sshj.SSHJRemote{:concurrency-limit 6,
                                                                                                             :conn-spec nil,
                                                                                                             :client nil,
                                                                                                             :semaphore nil},
                                                                 :conn-spec nil},
                              :conn nil}
 :log-net-send false
 :node-count 5
 :availability nil
 :max-txn-length 4
 :concurrency 5
 :db
 #object[maelstrom.db$db$reify__16142
         "0x3619ecd"
         "maelstrom.db$db$reify__16142@3619ecd"]
 :max-writes-per-key 16
 :leave-db-running? false
 :name "broadcast"
 :logging-json? false
 :start-time
 #object[org.joda.time.DateTime "0x7de4bd8f" "2026-03-20T16:06:23.194Z"]
 :nemesis-interval 10
 :net
 #object[maelstrom.net$jepsen_net$reify__15251
         "0x193e65d5"
         "maelstrom.net$jepsen_net$reify__15251@193e65d5"]
 :client
 #object[maelstrom.workload.broadcast$client$reify__16644
         "0x2a97b4b8"
         "maelstrom.workload.broadcast$client$reify__16644@2a97b4b8"]
 :barrier
 #object[java.util.concurrent.CyclicBarrier
         "0x250fc0d1"
         "java.util.concurrent.CyclicBarrier@250fc0d1"]
 :log-stderr false
 :pure-generators true
 :ssh {:dummy? true}
 :rate 10.0
 :checker
 #object[jepsen.checker$compose$reify__11881
         "0x7ddf193a"
         "jepsen.checker$compose$reify__11881@7ddf193a"]
 :argv
 ("test"
  "-w"
  "broadcast"
  "--bin"
  "run.sh"
  "broadcast"
  "--node-count"
  "5"
  "--time-limit"
  "20"
  "--rate"
  "10"
  "--nemesis"
  "partition")
 :nemesis
 (jepsen.nemesis.ReflCompose
  {:fm {:start-partition 0,
        :stop-partition 0,
        :kill 1,
        :start 1,
        :pause 1,
        :resume 1},
   :nemeses [#unprintable "jepsen.nemesis.combined$partition_nemesis$reify__16416@17a5cb99"
             #unprintable "jepsen.nemesis.combined$db_nemesis$reify__16397@808fa1"]})
 :nodes ["n0" "n1" "n2" "n3" "n4"]
 :test-count 1
 :latency {:mean 0, :dist :constant}
 :bin "run.sh"
 :generator
 ((jepsen.generator.Synchronize
   {:gen (jepsen.generator.TimeLimit
          {:limit 20000000000,
           :cutoff nil,
           :gen (jepsen.generator.Any
                 {:gens [(jepsen.generator.OnThreads
                          {:f #{:nemesis},
                           :context-filter #object[jepsen.generator.context$make_thread_filter$lazy_filter__9167
                                                   "0x7545cb17"
                                                   "jepsen.generator.context$make_thread_filter$lazy_filter__9167@7545cb17"],
                           :gen (jepsen.generator.Stagger
                                 {:dt 20000000000,
                                  :next-time nil,
                                  :gen (jepsen.generator.FlipFlop
                                        {:gens [#object[jepsen.nemesis.combined$partition_package$start__16420
                                                        "0x635b3ec7"
                                                        "jepsen.nemesis.combined$partition_package$start__16420@635b3ec7"]
                                                ({:type :info,
                                                  :f :stop-partition,
                                                  :value nil}
                                                 {:type :info,
                                                  :f :stop-partition,
                                                  :value nil}
                                                 {:type :info,
                                                  :f :stop-partition,
                                                  :value nil}
                                                 {:type :info,
                                                  :f :stop-partition,
                                                  :value nil}
                                                 {:type :info,
                                                  :f :stop-partition,
                                                  :value nil}
                                                 {:type :info,
                                                  :f :stop-partition,
                                                  :value nil}
                                                 {:type :info,
                                                  :f :stop-partition,
                                                  :value nil}
                                                 {:type :info,
                                                  :f :stop-partition,
                                                  :value nil}
                                                 ...)],
                                         :i 0})})})
                         (jepsen.generator.OnThreads
                          {:f #jepsen.generator.context.AllBut{:element :nemesis},
                           :context-filter #object[jepsen.generator.context$make_thread_filter$lazy_filter__9167
                                                   "0x15aa3084"
                                                   "jepsen.generator.context$make_thread_filter$lazy_filter__9167@15aa3084"],
                           :gen (jepsen.generator.Stagger
                                 {:dt 200000000,
                                  :next-time nil,
                                  :gen (jepsen.generator.Mix
                                        {:i 1,
                                         :gens [({:f :broadcast, :value 0}
                                                 {:f :broadcast, :value 1}
                                                 {:f :broadcast, :value 2}
                                                 {:f :broadcast, :value 3}
                                                 {:f :broadcast, :value 4}
                                                 {:f :broadcast, :value 5}
                                                 {:f :broadcast, :value 6}
                                                 {:f :broadcast, :value 7}
                                                 ...)
                                                ({:f :read}
                                                 {:f :read}
                                                 {:f :read}
                                                 {:f :read}
                                                 {:f :read}
                                                 {:f :read}
                                                 {:f :read}
                                                 {:f :read}
                                                 ...)]})})})]})})})
  (jepsen.generator.Synchronize
   {:gen (jepsen.generator.OnThreads
          {:f #{:nemesis},
           :context-filter #object[jepsen.generator.context$make_thread_filter$lazy_filter__9167
                                   "0x4e6c4c55"
                                   "jepsen.generator.context$make_thread_filter$lazy_filter__9167@4e6c4c55"],
           :gen ({:type :info, :f :stop-partition, :value nil})})})
  (jepsen.generator.Synchronize
   {:gen {:type :log, :value "Waiting for recovery..."}})
  (jepsen.generator.Synchronize {:gen {:type :sleep, :value 10}})
  (jepsen.generator.Synchronize
   {:gen (jepsen.generator.OnThreads
          {:f #jepsen.generator.context.AllBut{:element :nemesis},
           :context-filter #object[jepsen.generator.context$make_thread_filter$lazy_filter__9167
                                   "0x74fbee59"
                                   "jepsen.generator.context$make_thread_filter$lazy_filter__9167@74fbee59"],
           :gen (jepsen.generator.EachThread
                 {:fresh-gen {:f :read, :final? true},
                  :context-filters #object[clojure.core$promise$reify__8591
                                           "0x3794621d"
                                           {:status :pending, :val nil}],
                  :gens {}})})}))
 :log-net-recv false
 :os
 #object[maelstrom.net$jepsen_os$reify__15254
         "0x737e4a7b"
         "maelstrom.net$jepsen_os$reify__15254@737e4a7b"]
 :time-limit 20
 :workload :broadcast
 :consistency-models [:strict-serializable]
 :topology :grid}

2026-03-20 16:06:24,672{GMT}	INFO	[jepsen node n0] maelstrom.net: Starting Maelstrom network
2026-03-20 16:06:24,673{GMT}	INFO	[jepsen test runner] jepsen.db: Tearing down DB
2026-03-20 16:06:24,675{GMT}	INFO	[jepsen test runner] jepsen.db: Setting up DB
2026-03-20 16:06:24,676{GMT}	INFO	[jepsen node n4] maelstrom.db: Setting up n4
2026-03-20 16:06:24,676{GMT}	INFO	[jepsen node n2] maelstrom.db: Setting up n2
2026-03-20 16:06:24,676{GMT}	INFO	[jepsen node n3] maelstrom.db: Setting up n3
2026-03-20 16:06:24,676{GMT}	INFO	[jepsen node n1] maelstrom.db: Setting up n1
2026-03-20 16:06:24,677{GMT}	INFO	[jepsen node n1] maelstrom.process: launching run.sh ["broadcast"]
2026-03-20 16:06:24,678{GMT}	INFO	[jepsen node n0] maelstrom.service: Starting services: (lin-kv lin-tso lww-kv seq-kv)
2026-03-20 16:06:24,679{GMT}	INFO	[jepsen node n3] maelstrom.process: launching run.sh ["broadcast"]
2026-03-20 16:06:24,679{GMT}	INFO	[jepsen node n2] maelstrom.process: launching run.sh ["broadcast"]
2026-03-20 16:06:24,680{GMT}	INFO	[jepsen node n4] maelstrom.process: launching run.sh ["broadcast"]
2026-03-20 16:06:24,681{GMT}	INFO	[jepsen node n0] maelstrom.db: Setting up n0
2026-03-20 16:06:24,684{GMT}	INFO	[jepsen node n0] maelstrom.process: launching run.sh ["broadcast"]
2026-03-20 16:06:24,876{GMT}	INFO	[jepsen test runner] jepsen.core: Relative time begins now
2026-03-20 16:06:24,898{GMT}	INFO	[jepsen worker nemesis] jepsen.util: :nemesis	:info	:start-partition	:minority-third
2026-03-20 16:06:24,898{GMT}	INFO	[jepsen worker 1] jepsen.util: 1	:invoke	:read	nil
2026-03-20 16:06:24,905{GMT}	INFO	[jepsen worker nemesis] jepsen.util: :nemesis	:info	:start-partition	[:isolated {"n3" #{"n2" "n1" "n4" "n0"}, "n2" #{"n3"}, "n1" #{"n3"}, "n4" #{"n3"}, "n0" #{"n3"}}]
2026-03-20 16:06:24,906{GMT}	INFO	[jepsen worker 1] jepsen.util: 1	:ok	:read	[]
2026-03-20 16:06:25,005{GMT}	INFO	[jepsen worker 2] jepsen.util: 2	:invoke	:broadcast	0
2026-03-20 16:06:25,010{GMT}	INFO	[jepsen worker 2] jepsen.util: 2	:ok	:broadcast	0
2026-03-20 16:06:25,038{GMT}	INFO	[jepsen worker 3] jepsen.util: 3	:invoke	:broadcast	1
2026-03-20 16:06:25,043{GMT}	INFO	[jepsen worker 3] jepsen.util: 3	:ok	:broadcast	1
2026-03-20 16:06:25,186{GMT}	INFO	[jepsen worker 4] jepsen.util: 4	:invoke	:broadcast	2
2026-03-20 16:06:25,189{GMT}	INFO	[jepsen worker 4] jepsen.util: 4	:ok	:broadcast	2
2026-03-20 16:06:25,197{GMT}	INFO	[jepsen worker 0] jepsen.util: 0	:invoke	:broadcast	3
2026-03-20 16:06:25,200{GMT}	INFO	[jepsen worker 0] jepsen.util: 0	:ok	:broadcast	3
2026-03-20 16:06:25,288{GMT}	INFO	[jepsen worker 0] jepsen.util: 0	:invoke	:broadcast	4
2026-03-20 16:06:25,290{GMT}	INFO	[jepsen worker 0] jepsen.util: 0	:ok	:broadcast	4
2026-03-20 16:06:25,453{GMT}	INFO	[jepsen worker 1] jepsen.util: 1	:invoke	:read	nil
2026-03-20 16:06:25,455{GMT}	INFO	[jepsen worker 1] jepsen.util: 1	:ok	:read	[0 2 3 4]
2026-03-20 16:06:25,533{GMT}	INFO	[jepsen worker 2] jepsen.util: 2	:invoke	:read	nil
2026-03-20 16:06:25,536{GMT}	INFO	[jepsen worker 2] jepsen.util: 2	:ok	:read	[0 2 3 4]
2026-03-20 16:06:25,728{GMT}	INFO	[jepsen worker 3] jepsen.util: 3	:invoke	:read	nil
2026-03-20 16:06:25,731{GMT}	INFO	[jepsen worker 3] jepsen.util: 3	:ok	:read	[1]
2026-03-20 16:06:25,761{GMT}	INFO	[jepsen worker 4] jepsen.util: 4	:invoke	:broadcast	5
2026-03-20 16:06:25,764{GMT}	INFO	[jepsen worker 4] jepsen.util: 4	:ok	:broadcast	5
2026-03-20 16:06:25,808{GMT}	INFO	[jepsen worker 0] jepsen.util: 0	:invoke	:read	nil
2026-03-20 16:06:25,811{GMT}	INFO	[jepsen worker 0] jepsen.util: 0	:ok	:read	[0 2 3 4 5]
2026-03-20 16:06:25,824{GMT}	INFO	[jepsen worker 0] jepsen.util: 0	:invoke	:read	nil
2026-03-20 16:06:25,826{GMT}	INFO	[jepsen worker 0] jepsen.util: 0	:ok	:read	[0 2 3 4 5]
2026-03-20 16:06:25,918{GMT}	INFO	[jepsen worker 1] jepsen.util: 1	:invoke	:broadcast	6
2026-03-20 16:06:25,921{GMT}	INFO	[jepsen worker 1] jepsen.util: 1	:ok	:broadcast	6
2026-03-20 16:06:26,018{GMT}	INFO	[jepsen worker 2] jepsen.util: 2	:invoke	:broadcast	7
2026-03-20 16:06:26,020{GMT}	INFO	[jepsen worker 2] jepsen.util: 2	:ok	:broadcast	7
2026-03-20 16:06:26,128{GMT}	INFO	[jepsen worker 3] jepsen.util: 3	:invoke	:broadcast	8
2026-03-20 16:06:26,130{GMT}	INFO	[jepsen worker 3] jepsen.util: 3	:ok	:broadcast	8
2026-03-20 16:06:26,171{GMT}	INFO	[jepsen worker 4] jepsen.util: 4	:invoke	:read	nil
2026-03-20 16:06:26,175{GMT}	INFO	[jepsen worker 4] jepsen.util: 4	:ok	:read	[0 2 3 4 5 6 7]
2026-03-20 16:06:26,324{GMT}	INFO	[jepsen worker 0] jepsen.util: 0	:invoke	:broadcast	9
2026-03-20 16:06:26,326{GMT}	INFO	[jepsen worker 0] jepsen.util: 0	:ok	:broadcast	9
2026-03-20 16:06:26,339{GMT}	INFO	[jepsen worker 0] jepsen.util: 0	:invoke	:read	nil
2026-03-20 16:06:26,341{GMT}	INFO	[jepsen worker 0] jepsen.util: 0	:ok	:read	[0 2 3 4 5 6 7 9]
2026-03-20 16:06:26,372{GMT}	INFO	[jepsen worker 1] jepsen.util: 1	:invoke	:read	nil
2026-03-20 16:06:26,374{GMT}	INFO	[jepsen worker 1] jepsen.util: 1	:ok	:read	[0 2 3 4 5 6 7 9]
2026-03-20 16:06:26,500{GMT}	INFO	[jepsen worker 2] jepsen.util: 2	:invoke	:read	nil
2026-03-20 16:06:26,501{GMT}	INFO	[jepsen worker 2] jepsen.util: 2	:ok	:read	[0 2 3 4 5 6 7 9]
2026-03-20 16:06:26,670{GMT}	INFO	[jepsen worker 3] jepsen.util: 3	:invoke	:read	nil
2026-03-20 16:06:26,672{GMT}	INFO	[jepsen worker 3] jepsen.util: 3	:ok	:read	[1 8]
2026-03-20 16:06:26,774{GMT}	INFO	[jepsen worker 4] jepsen.util: 4	:invoke	:broadcast	10
2026-03-20 16:06:26,776{GMT}	INFO	[jepsen worker 4] jepsen.util: 4	:ok	:broadcast	10
2026-03-20 16:06:26,827{GMT}	INFO	[jepsen worker 0] jepsen.util: 0	:invoke	:read	nil
2026-03-20 16:06:26,829{GMT}	INFO	[jepsen worker 0] jepsen.util: 0	:ok	:read	[0 2 3 4 5 6 7 9 10]
2026-03-20 16:06:26,867{GMT}	INFO	[jepsen worker 0] jepsen.util: 0	:invoke	:read	nil
2026-03-20 16:06:26,869{GMT}	INFO	[jepsen worker 0] jepsen.util: 0	:ok	:read	[0 2 3 4 5 6 7 9 10]
2026-03-20 16:06:27,022{GMT}	INFO	[jepsen worker 1] jepsen.util: 1	:invoke	:broadcast	11
2026-03-20 16:06:27,024{GMT}	INFO	[jepsen worker 1] jepsen.util: 1	:ok	:broadcast	11
2026-03-20 16:06:27,139{GMT}	INFO	[jepsen worker 2] jepsen.util: 2	:invoke	:read	nil
2026-03-20 16:06:27,141{GMT}	INFO	[jepsen worker 2] jepsen.util: 2	:ok	:read	[0 2 3 4 5 6 7 9 10 11]
2026-03-20 16:06:27,243{GMT}	INFO	[jepsen worker 3] jepsen.util: 3	:invoke	:broadcast	12
2026-03-20 16:06:27,245{GMT}	INFO	[jepsen worker 3] jepsen.util: 3	:ok	:broadcast	12
2026-03-20 16:06:27,363{GMT}	INFO	[jepsen worker 4] jepsen.util: 4	:invoke	:broadcast	13
2026-03-20 16:06:27,366{GMT}	INFO	[jepsen worker 4] jepsen.util: 4	:ok	:broadcast	13
2026-03-20 16:06:27,558{GMT}	INFO	[jepsen worker 0] jepsen.util: 0	:invoke	:broadcast	14
2026-03-20 16:06:27,560{GMT}	INFO	[jepsen worker 0] jepsen.util: 0	:ok	:broadcast	14
2026-03-20 16:06:27,640{GMT}	INFO	[jepsen worker 0] jepsen.util: 0	:invoke	:read	nil
2026-03-20 16:06:27,641{GMT}	INFO	[jepsen worker 0] jepsen.util: 0	:ok	:read	[0 2 3 4 5 6 7 9 10 11 13 14]
2026-03-20 16:06:27,788{GMT}	INFO	[jepsen worker 1] jepsen.util: 1	:invoke	:read	nil
2026-03-20 16:06:27,789{GMT}	INFO	[jepsen worker 1] jepsen.util: 1	:ok	:read	[0 2 3 4 5 6 7 9 10 11 13 14]
2026-03-20 16:06:27,889{GMT}	INFO	[jepsen worker 2] jepsen.util: 2	:invoke	:read	nil
2026-03-20 16:06:27,890{GMT}	INFO	[jepsen worker 2] jepsen.util: 2	:ok	:read	[0 2 3 4 5 6 7 9 10 11 13 14]
2026-03-20 16:06:27,982{GMT}	INFO	[jepsen worker 3] jepsen.util: 3	:invoke	:read	nil
2026-03-20 16:06:27,984{GMT}	INFO	[jepsen worker 3] jepsen.util: 3	:ok	:read	[1 8 12]
2026-03-20 16:06:28,160{GMT}	INFO	[jepsen worker 4] jepsen.util: 4	:invoke	:read	nil
2026-03-20 16:06:28,161{GMT}	INFO	[jepsen worker 4] jepsen.util: 4	:ok	:read	[0 2 3 4 5 6 7 9 10 11 13 14]
2026-03-20 16:06:28,218{GMT}	INFO	[jepsen worker 0] jepsen.util: 0	:invoke	:broadcast	15
2026-03-20 16:06:28,219{GMT}	INFO	[jepsen worker 0] jepsen.util: 0	:ok	:broadcast	15
2026-03-20 16:06:28,281{GMT}	INFO	[jepsen worker 0] jepsen.util: 0	:invoke	:broadcast	16
2026-03-20 16:06:28,283{GMT}	INFO	[jepsen worker 1] jepsen.util: 1	:invoke	:broadcast	17
2026-03-20 16:06:28,284{GMT}	INFO	[jepsen worker 0] jepsen.util: 0	:ok	:broadcast	16
2026-03-20 16:06:28,286{GMT}	INFO	[jepsen worker 1] jepsen.util: 1	:ok	:broadcast	17
2026-03-20 16:06:28,380{GMT}	INFO	[jepsen worker 2] jepsen.util: 2	:invoke	:broadcast	18
2026-03-20 16:06:28,382{GMT}	INFO	[jepsen worker 2] jepsen.util: 2	:ok	:broadcast	18
2026-03-20 16:06:28,465{GMT}	INFO	[jepsen worker 3] jepsen.util: 3	:invoke	:broadcast	19
2026-03-20 16:06:28,467{GMT}	INFO	[jepsen worker 3] jepsen.util: 3	:ok	:broadcast	19
2026-03-20 16:06:28,579{GMT}	INFO	[jepsen worker 4] jepsen.util: 4	:invoke	:read	nil
2026-03-20 16:06:28,581{GMT}	INFO	[jepsen worker 4] jepsen.util: 4	:ok	:read	[0 2 3 4 5 6 7 9 10 11 13 14 15 17 16 18]
2026-03-20 16:06:28,751{GMT}	INFO	[jepsen worker 0] jepsen.util: 0	:invoke	:broadcast	20
2026-03-20 16:06:28,753{GMT}	INFO	[jepsen worker 0] jepsen.util: 0	:ok	:broadcast	20
2026-03-20 16:06:28,828{GMT}	INFO	[jepsen worker 0] jepsen.util: 0	:invoke	:broadcast	21
2026-03-20 16:06:28,829{GMT}	INFO	[jepsen worker 0] jepsen.util: 0	:ok	:broadcast	21
2026-03-20 16:06:28,861{GMT}	INFO	[jepsen worker 1] jepsen.util: 1	:invoke	:broadcast	22
2026-03-20 16:06:28,863{GMT}	INFO	[jepsen worker 1] jepsen.util: 1	:ok	:broadcast	22
2026-03-20 16:06:29,046{GMT}	INFO	[jepsen worker 2] jepsen.util: 2	:invoke	:broadcast	23
2026-03-20 16:06:29,048{GMT}	INFO	[jepsen worker 2] jepsen.util: 2	:ok	:broadcast	23
2026-03-20 16:06:29,181{GMT}	INFO	[jepsen worker 3] jepsen.util: 3	:invoke	:broadcast	24
2026-03-20 16:06:29,183{GMT}	INFO	[jepsen worker 3] jepsen.util: 3	:ok	:broadcast	24
2026-03-20 16:06:29,313{GMT}	INFO	[jepsen worker 4] jepsen.util: 4	:invoke	:broadcast	25
2026-03-20 16:06:29,315{GMT}	INFO	[jepsen worker 4] jepsen.util: 4	:ok	:broadcast	25
2026-03-20 16:06:29,345{GMT}	INFO	[jepsen worker 0] jepsen.util: 0	:invoke	:broadcast	26
2026-03-20 16:06:29,346{GMT}	INFO	[jepsen worker 0] jepsen.util: 0	:ok	:broadcast	26
2026-03-20 16:06:29,364{GMT}	INFO	[jepsen worker 0] jepsen.util: 0	:invoke	:read	nil
2026-03-20 16:06:29,366{GMT}	INFO	[jepsen worker 0] jepsen.util: 0	:ok	:read	[0 2 3 4 5 6 7 9 10 11 13 14 15 16 17 18 20 21 22 23 25 26]
2026-03-20 16:06:29,399{GMT}	INFO	[jepsen worker 1] jepsen.util: 1	:invoke	:broadcast	27
2026-03-20 16:06:29,400{GMT}	INFO	[jepsen worker 1] jepsen.util: 1	:ok	:broadcast	27
2026-03-20 16:06:29,539{GMT}	INFO	[jepsen worker 2] jepsen.util: 2	:invoke	:read	nil
2026-03-20 16:06:29,541{GMT}	INFO	[jepsen worker 2] jepsen.util: 2	:ok	:read	[0 2 3 4 5 6 7 9 10 11 13 14 15 16 17 18 20 21 22 23 25 26 27]
2026-03-20 16:06:29,645{GMT}	INFO	[jepsen worker 3] jepsen.util: 3	:invoke	:read	nil
2026-03-20 16:06:29,647{GMT}	INFO	[jepsen worker 3] jepsen.util: 3	:ok	:read	[1 8 12 19 24]
2026-03-20 16:06:29,704{GMT}	INFO	[jepsen worker 4] jepsen.util: 4	:invoke	:broadcast	28
2026-03-20 16:06:29,706{GMT}	INFO	[jepsen worker 4] jepsen.util: 4	:ok	:broadcast	28
2026-03-20 16:06:29,851{GMT}	INFO	[jepsen worker 0] jepsen.util: 0	:invoke	:broadcast	29
2026-03-20 16:06:29,853{GMT}	INFO	[jepsen worker 0] jepsen.util: 0	:ok	:broadcast	29
2026-03-20 16:06:29,978{GMT}	INFO	[jepsen worker 0] jepsen.util: 0	:invoke	:broadcast	30
2026-03-20 16:06:29,981{GMT}	INFO	[jepsen worker 0] jepsen.util: 0	:ok	:broadcast	30
2026-03-20 16:06:30,134{GMT}	INFO	[jepsen worker 1] jepsen.util: 1	:invoke	:read	nil
2026-03-20 16:06:30,135{GMT}	INFO	[jepsen worker 1] jepsen.util: 1	:ok	:read	[0 2 3 4 5 6 7 9 10 11 13 14 15 17 16 18 20 21 22 23 25 26 27 28 29 30]
2026-03-20 16:06:30,196{GMT}	INFO	[jepsen worker 2] jepsen.util: 2	:invoke	:read	nil
2026-03-20 16:06:30,198{GMT}	INFO	[jepsen worker 2] jepsen.util: 2	:ok	:read	[0 2 3 4 5 6 7 9 10 11 13 14 15 16 17 18 20 21 22 23 25 26 27 28 29 30]
2026-03-20 16:06:30,271{GMT}	INFO	[jepsen worker 3] jepsen.util: 3	:invoke	:read	nil
2026-03-20 16:06:30,272{GMT}	INFO	[jepsen worker 3] jepsen.util: 3	:ok	:read	[1 8 12 19 24]
2026-03-20 16:06:30,332{GMT}	INFO	[jepsen worker 4] jepsen.util: 4	:invoke	:read	nil
2026-03-20 16:06:30,333{GMT}	INFO	[jepsen worker 4] jepsen.util: 4	:ok	:read	[0 2 3 4 5 6 7 9 10 11 13 14 15 17 16 18 20 21 22 23 25 26 27 28 29 30]
2026-03-20 16:06:30,496{GMT}	INFO	[jepsen worker 0] jepsen.util: 0	:invoke	:broadcast	31
2026-03-20 16:06:30,498{GMT}	INFO	[jepsen worker 0] jepsen.util: 0	:ok	:broadcast	31
2026-03-20 16:06:30,655{GMT}	INFO	[jepsen worker 0] jepsen.util: 0	:invoke	:broadcast	32
2026-03-20 16:06:30,657{GMT}	INFO	[jepsen worker 0] jepsen.util: 0	:ok	:broadcast	32
2026-03-20 16:06:30,702{GMT}	INFO	[jepsen worker 1] jepsen.util: 1	:invoke	:read	nil
2026-03-20 16:06:30,704{GMT}	INFO	[jepsen worker 1] jepsen.util: 1	:ok	:read	[0 2 3 4 5 6 7 9 10 11 13 14 15 17 16 18 20 21 22 23 25 26 27 28 29 30 31 32]
2026-03-20 16:06:30,826{GMT}	INFO	[jepsen worker 2] jepsen.util: 2	:invoke	:read	nil
2026-03-20 16:06:30,828{GMT}	INFO	[jepsen worker 2] jepsen.util: 2	:ok	:read	[0 2 3 4 5 6 7 9 10 11 13 14 15 16 17 18 20 21 22 23 25 26 27 28 29 30 31 32]
2026-03-20 16:06:30,855{GMT}	INFO	[jepsen worker 3] jepsen.util: 3	:invoke	:read	nil
2026-03-20 16:06:30,857{GMT}	INFO	[jepsen worker 3] jepsen.util: 3	:ok	:read	[1 8 12 19 24]
2026-03-20 16:06:30,887{GMT}	INFO	[jepsen worker 4] jepsen.util: 4	:invoke	:broadcast	33
2026-03-20 16:06:30,889{GMT}	INFO	[jepsen worker 4] jepsen.util: 4	:ok	:broadcast	33
2026-03-20 16:06:31,034{GMT}	INFO	[jepsen worker 0] jepsen.util: 0	:invoke	:read	nil
2026-03-20 16:06:31,037{GMT}	INFO	[jepsen worker 0] jepsen.util: 0	:ok	:read	[0 2 3 4 5 6 7 9 10 11 13 14 15 16 17 18 20 21 22 23 25 26 27 28 29 30 31 32 33]
2026-03-20 16:06:31,220{GMT}	INFO	[jepsen worker 0] jepsen.util: 0	:invoke	:read	nil
2026-03-20 16:06:31,222{GMT}	INFO	[jepsen worker 0] jepsen.util: 0	:ok	:read	[0 2 3 4 5 6 7 9 10 11 13 14 15 16 17 18 20 21 22 23 25 26 27 28 29 30 31 32 33]
2026-03-20 16:06:31,417{GMT}	INFO	[jepsen worker 1] jepsen.util: 1	:invoke	:read	nil
2026-03-20 16:06:31,418{GMT}	INFO	[jepsen worker 1] jepsen.util: 1	:ok	:read	[0 2 3 4 5 6 7 9 10 11 13 14 15 17 16 18 20 21 22 23 25 26 27 28 29 30 31 32 33]
2026-03-20 16:06:31,586{GMT}	INFO	[jepsen worker 2] jepsen.util: 2	:invoke	:broadcast	34
2026-03-20 16:06:31,588{GMT}	INFO	[jepsen worker 2] jepsen.util: 2	:ok	:broadcast	34
2026-03-20 16:06:31,674{GMT}	INFO	[jepsen worker 3] jepsen.util: 3	:invoke	:broadcast	35
2026-03-20 16:06:31,676{GMT}	INFO	[jepsen worker 3] jepsen.util: 3	:ok	:broadcast	35
2026-03-20 16:06:31,802{GMT}	INFO	[jepsen worker 4] jepsen.util: 4	:invoke	:read	nil
2026-03-20 16:06:31,803{GMT}	INFO	[jepsen worker 4] jepsen.util: 4	:ok	:read	[0 2 3 4 5 6 7 9 10 11 13 14 15 17 16 18 20 21 22 23 25 26 27 28 29 30 31 32 33 34]
2026-03-20 16:06:31,902{GMT}	INFO	[jepsen worker 0] jepsen.util: 0	:invoke	:read	nil
2026-03-20 16:06:31,903{GMT}	INFO	[jepsen worker 0] jepsen.util: 0	:ok	:read	[0 2 3 4 5 6 7 9 10 11 13 14 15 16 17 18 20 21 22 23 25 26 27 28 29 30 31 32 33 34]
2026-03-20 16:06:31,926{GMT}	INFO	[jepsen worker 0] jepsen.util: 0	:invoke	:broadcast	36
2026-03-20 16:06:31,927{GMT}	INFO	[jepsen worker 0] jepsen.util: 0	:ok	:broadcast	36
2026-03-20 16:06:32,060{GMT}	INFO	[jepsen worker 1] jepsen.util: 1	:invoke	:read	nil
2026-03-20 16:06:32,062{GMT}	INFO	[jepsen worker 1] jepsen.util: 1	:ok	:read	[0 2 3 4 5 6 7 9 10 11 13 14 15 17 16 18 20 21 22 23 25 26 27 28 29 30 31 32 33 34 36]
2026-03-20 16:06:32,219{GMT}	INFO	[jepsen worker 2] jepsen.util: 2	:invoke	:broadcast	37
2026-03-20 16:06:32,221{GMT}	INFO	[jepsen worker 2] jepsen.util: 2	:ok	:broadcast	37
2026-03-20 16:06:32,301{GMT}	INFO	[jepsen worker 3] jepsen.util: 3	:invoke	:read	nil
2026-03-20 16:06:32,302{GMT}	INFO	[jepsen worker 3] jepsen.util: 3	:ok	:read	[1 8 12 19 24 35]
2026-03-20 16:06:32,484{GMT}	INFO	[jepsen worker 4] jepsen.util: 4	:invoke	:broadcast	38
2026-03-20 16:06:32,485{GMT}	INFO	[jepsen worker 4] jepsen.util: 4	:ok	:broadcast	38
2026-03-20 16:06:32,679{GMT}	INFO	[jepsen worker 0] jepsen.util: 0	:invoke	:broadcast	39
2026-03-20 16:06:32,680{GMT}	INFO	[jepsen worker 0] jepsen.util: 0	:ok	:broadcast	39
2026-03-20 16:06:32,815{GMT}	INFO	[jepsen worker 0] jepsen.util: 0	:invoke	:broadcast	40
2026-03-20 16:06:32,817{GMT}	INFO	[jepsen worker 0] jepsen.util: 0	:ok	:broadcast	40
2026-03-20 16:06:32,997{GMT}	INFO	[jepsen worker 1] jepsen.util: 1	:invoke	:broadcast	41
2026-03-20 16:06:32,998{GMT}	INFO	[jepsen worker 1] jepsen.util: 1	:ok	:broadcast	41
2026-03-20 16:06:33,141{GMT}	INFO	[jepsen worker 2] jepsen.util: 2	:invoke	:read	nil
2026-03-20 16:06:33,142{GMT}	INFO	[jepsen worker 2] jepsen.util: 2	:ok	:read	[0 2 3 4 5 6 7 9 10 11 13 14 15 16 17 18 20 21 22 23 25 26 27 28 29 30 31 32 33 34 36 37 38 39 40 41]
2026-03-20 16:06:33,236{GMT}	INFO	[jepsen worker 3] jepsen.util: 3	:invoke	:broadcast	42
2026-03-20 16:06:33,237{GMT}	INFO	[jepsen worker 3] jepsen.util: 3	:ok	:broadcast	42
2026-03-20 16:06:33,310{GMT}	INFO	[jepsen worker 4] jepsen.util: 4	:invoke	:broadcast	43
2026-03-20 16:06:33,312{GMT}	INFO	[jepsen worker 4] jepsen.util: 4	:ok	:broadcast	43
2026-03-20 16:06:33,452{GMT}	INFO	[jepsen worker 0] jepsen.util: 0	:invoke	:broadcast	44
2026-03-20 16:06:33,453{GMT}	INFO	[jepsen worker 0] jepsen.util: 0	:ok	:broadcast	44
2026-03-20 16:06:33,465{GMT}	INFO	[jepsen worker 0] jepsen.util: 0	:invoke	:broadcast	45
2026-03-20 16:06:33,466{GMT}	INFO	[jepsen worker 0] jepsen.util: 0	:ok	:broadcast	45
2026-03-20 16:06:33,487{GMT}	INFO	[jepsen worker 1] jepsen.util: 1	:invoke	:read	nil
2026-03-20 16:06:33,488{GMT}	INFO	[jepsen worker 1] jepsen.util: 1	:ok	:read	[0 2 3 4 5 6 7 9 10 11 13 14 15 17 16 18 20 21 22 23 25 26 27 28 29 30 31 32 33 34 36 37 38 39 40 41 43 44 45]
2026-03-20 16:06:33,674{GMT}	INFO	[jepsen worker 2] jepsen.util: 2	:invoke	:broadcast	46
2026-03-20 16:06:33,676{GMT}	INFO	[jepsen worker 2] jepsen.util: 2	:ok	:broadcast	46
2026-03-20 16:06:33,783{GMT}	INFO	[jepsen worker 3] jepsen.util: 3	:invoke	:broadcast	47
2026-03-20 16:06:33,785{GMT}	INFO	[jepsen worker 3] jepsen.util: 3	:ok	:broadcast	47
2026-03-20 16:06:33,849{GMT}	INFO	[jepsen worker 4] jepsen.util: 4	:invoke	:read	nil
2026-03-20 16:06:33,851{GMT}	INFO	[jepsen worker 4] jepsen.util: 4	:ok	:read	[0 2 3 4 5 6 7 9 10 11 13 14 15 17 16 18 20 21 22 23 25 26 27 28 29 30 31 32 33 34 36 37 38 39 40 41 43 44 45 46]
2026-03-20 16:06:33,897{GMT}	INFO	[jepsen worker 0] jepsen.util: 0	:invoke	:broadcast	48
2026-03-20 16:06:33,898{GMT}	INFO	[jepsen worker 0] jepsen.util: 0	:ok	:broadcast	48
2026-03-20 16:06:34,010{GMT}	INFO	[jepsen worker 0] jepsen.util: 0	:invoke	:read	nil
2026-03-20 16:06:34,011{GMT}	INFO	[jepsen worker 0] jepsen.util: 0	:ok	:read	[0 2 3 4 5 6 7 9 10 11 13 14 15 16 17 18 20 21 22 23 25 26 27 28 29 30 31 32 33 34 36 37 38 39 40 41 43 44 45 46 48]
2026-03-20 16:06:34,076{GMT}	INFO	[jepsen worker 1] jepsen.util: 1	:invoke	:read	nil
2026-03-20 16:06:34,077{GMT}	INFO	[jepsen worker 1] jepsen.util: 1	:ok	:read	[0 2 3 4 5 6 7 9 10 11 13 14 15 17 16 18 20 21 22 23 25 26 27 28 29 30 31 32 33 34 36 37 38 39 40 41 43 44 45 46 48]
2026-03-20 16:06:34,214{GMT}	INFO	[jepsen worker 2] jepsen.util: 2	:invoke	:broadcast	49
2026-03-20 16:06:34,215{GMT}	INFO	[jepsen worker 2] jepsen.util: 2	:ok	:broadcast	49
2026-03-20 16:06:34,220{GMT}	INFO	[jepsen worker 3] jepsen.util: 3	:invoke	:read	nil
2026-03-20 16:06:34,221{GMT}	INFO	[jepsen worker 3] jepsen.util: 3	:ok	:read	[1 8 12 19 24 35 42 47]
2026-03-20 16:06:34,311{GMT}	INFO	[jepsen worker 4] jepsen.util: 4	:invoke	:broadcast	50
2026-03-20 16:06:34,313{GMT}	INFO	[jepsen worker 4] jepsen.util: 4	:ok	:broadcast	50
2026-03-20 16:06:34,401{GMT}	INFO	[jepsen worker 0] jepsen.util: 0	:invoke	:read	nil
2026-03-20 16:06:34,402{GMT}	INFO	[jepsen worker 0] jepsen.util: 0	:ok	:read	[0 2 3 4 5 6 7 9 10 11 13 14 15 16 17 18 20 21 22 23 25 26 27 28 29 30 31 32 33 34 36 37 38 39 40 41 43 44 45 46 48 49 50]
2026-03-20 16:06:34,544{GMT}	INFO	[jepsen worker 0] jepsen.util: 0	:invoke	:broadcast	51
2026-03-20 16:06:34,545{GMT}	INFO	[jepsen worker 0] jepsen.util: 0	:ok	:broadcast	51
2026-03-20 16:06:34,609{GMT}	INFO	[jepsen worker 1] jepsen.util: 1	:invoke	:broadcast	52
2026-03-20 16:06:34,610{GMT}	INFO	[jepsen worker 1] jepsen.util: 1	:ok	:broadcast	52
2026-03-20 16:06:34,675{GMT}	INFO	[jepsen worker 2] jepsen.util: 2	:invoke	:broadcast	53
2026-03-20 16:06:34,676{GMT}	INFO	[jepsen worker 2] jepsen.util: 2	:ok	:broadcast	53
2026-03-20 16:06:34,842{GMT}	INFO	[jepsen worker 3] jepsen.util: 3	:invoke	:broadcast	54
2026-03-20 16:06:34,844{GMT}	INFO	[jepsen worker 3] jepsen.util: 3	:ok	:broadcast	54
2026-03-20 16:06:34,863{GMT}	INFO	[jepsen worker 4] jepsen.util: 4	:invoke	:broadcast	55
2026-03-20 16:06:34,865{GMT}	INFO	[jepsen worker 4] jepsen.util: 4	:ok	:broadcast	55
2026-03-20 16:06:34,988{GMT}	INFO	[jepsen worker 0] jepsen.util: 0	:invoke	:read	nil
2026-03-20 16:06:34,990{GMT}	INFO	[jepsen worker 0] jepsen.util: 0	:ok	:read	[0 2 3 4 5 6 7 9 10 11 13 14 15 16 17 18 20 21 22 23 25 26 27 28 29 30 31 32 33 34 36 37 38 39 40 41 43 44 45 46 48 49 50 51 52 53 55]
2026-03-20 16:06:35,104{GMT}	INFO	[jepsen worker 0] jepsen.util: 0	:invoke	:broadcast	56
2026-03-20 16:06:35,105{GMT}	INFO	[jepsen worker 0] jepsen.util: 0	:ok	:broadcast	56
2026-03-20 16:06:35,233{GMT}	INFO	[jepsen worker 1] jepsen.util: 1	:invoke	:broadcast	57
2026-03-20 16:06:35,235{GMT}	INFO	[jepsen worker 1] jepsen.util: 1	:ok	:broadcast	57
2026-03-20 16:06:35,306{GMT}	INFO	[jepsen worker 2] jepsen.util: 2	:invoke	:read	nil
2026-03-20 16:06:35,307{GMT}	INFO	[jepsen worker 2] jepsen.util: 2	:ok	:read	[0 2 3 4 5 6 7 9 10 11 13 14 15 16 17 18 20 21 22 23 25 26 27 28 29 30 31 32 33 34 36 37 38 39 40 41 43 44 45 46 48 49 50 51 52 53 55 56 57]
2026-03-20 16:06:35,347{GMT}	INFO	[jepsen worker 3] jepsen.util: 3	:invoke	:broadcast	58
2026-03-20 16:06:35,349{GMT}	INFO	[jepsen worker 3] jepsen.util: 3	:ok	:broadcast	58
2026-03-20 16:06:35,455{GMT}	INFO	[jepsen worker 4] jepsen.util: 4	:invoke	:broadcast	59
2026-03-20 16:06:35,456{GMT}	INFO	[jepsen worker 4] jepsen.util: 4	:ok	:broadcast	59
2026-03-20 16:06:35,589{GMT}	INFO	[jepsen worker 0] jepsen.util: 0	:invoke	:read	nil
2026-03-20 16:06:35,591{GMT}	INFO	[jepsen worker 0] jepsen.util: 0	:ok	:read	[0 2 3 4 5 6 7 9 10 11 13 14 15 16 17 18 20 21 22 23 25 26 27 28 29 30 31 32 33 34 36 37 38 39 40 41 43 44 45 46 48 49 50 51 52 53 55 56 57 59]
2026-03-20 16:06:35,716{GMT}	INFO	[jepsen worker 0] jepsen.util: 0	:invoke	:broadcast	60
2026-03-20 16:06:35,717{GMT}	INFO	[jepsen worker 0] jepsen.util: 0	:ok	:broadcast	60
2026-03-20 16:06:35,852{GMT}	INFO	[jepsen worker 1] jepsen.util: 1	:invoke	:read	nil
2026-03-20 16:06:35,853{GMT}	INFO	[jepsen worker 1] jepsen.util: 1	:ok	:read	[0 2 3 4 5 6 7 9 10 11 13 14 15 17 16 18 20 21 22 23 25 26 27 28 29 30 31 32 33 34 36 37 38 39 40 41 43 44 45 46 48 49 50 51 52 53 55 56 57 59 60]
2026-03-20 16:06:35,934{GMT}	INFO	[jepsen worker 2] jepsen.util: 2	:invoke	:read	nil
2026-03-20 16:06:35,935{GMT}	INFO	[jepsen worker 2] jepsen.util: 2	:ok	:read	[0 2 3 4 5 6 7 9 10 11 13 14 15 16 17 18 20 21 22 23 25 26 27 28 29 30 31 32 33 34 36 37 38 39 40 41 43 44 45 46 48 49 50 51 52 53 55 56 57 59 60]
2026-03-20 16:06:36,015{GMT}	INFO	[jepsen worker 3] jepsen.util: 3	:invoke	:read	nil
2026-03-20 16:06:36,016{GMT}	INFO	[jepsen worker 3] jepsen.util: 3	:ok	:read	[1 8 12 19 24 35 42 47 54 58]
2026-03-20 16:06:36,174{GMT}	INFO	[jepsen worker 4] jepsen.util: 4	:invoke	:broadcast	61
2026-03-20 16:06:36,175{GMT}	INFO	[jepsen worker 4] jepsen.util: 4	:ok	:broadcast	61
2026-03-20 16:06:36,373{GMT}	INFO	[jepsen worker 0] jepsen.util: 0	:invoke	:read	nil
2026-03-20 16:06:36,374{GMT}	INFO	[jepsen worker 0] jepsen.util: 0	:ok	:read	[0 2 3 4 5 6 7 9 10 11 13 14 15 16 17 18 20 21 22 23 25 26 27 28 29 30 31 32 33 34 36 37 38 39 40 41 43 44 45 46 48 49 50 51 52 53 55 56 57 59 60 61]
2026-03-20 16:06:36,398{GMT}	INFO	[jepsen worker 0] jepsen.util: 0	:invoke	:read	nil
2026-03-20 16:06:36,399{GMT}	INFO	[jepsen worker 0] jepsen.util: 0	:ok	:read	[0 2 3 4 5 6 7 9 10 11 13 14 15 16 17 18 20 21 22 23 25 26 27 28 29 30 31 32 33 34 36 37 38 39 40 41 43 44 45 46 48 49 50 51 52 53 55 56 57 59 60 61]
2026-03-20 16:06:36,518{GMT}	INFO	[jepsen worker 1] jepsen.util: 1	:invoke	:read	nil
2026-03-20 16:06:36,519{GMT}	INFO	[jepsen worker 1] jepsen.util: 1	:ok	:read	[0 2 3 4 5 6 7 9 10 11 13 14 15 17 16 18 20 21 22 23 25 26 27 28 29 30 31 32 33 34 36 37 38 39 40 41 43 44 45 46 48 49 50 51 52 53 55 56 57 59 60 61]
2026-03-20 16:06:36,696{GMT}	INFO	[jepsen worker 2] jepsen.util: 2	:invoke	:read	nil
2026-03-20 16:06:36,697{GMT}	INFO	[jepsen worker 2] jepsen.util: 2	:ok	:read	[0 2 3 4 5 6 7 9 10 11 13 14 15 16 17 18 20 21 22 23 25 26 27 28 29 30 31 32 33 34 36 37 38 39 40 41 43 44 45 46 48 49 50 51 52 53 55 56 57 59 60 61]
2026-03-20 16:06:36,709{GMT}	INFO	[jepsen worker 3] jepsen.util: 3	:invoke	:broadcast	62
2026-03-20 16:06:36,710{GMT}	INFO	[jepsen worker 3] jepsen.util: 3	:ok	:broadcast	62
2026-03-20 16:06:36,905{GMT}	INFO	[jepsen worker 4] jepsen.util: 4	:invoke	:broadcast	63
2026-03-20 16:06:36,906{GMT}	INFO	[jepsen worker 4] jepsen.util: 4	:ok	:broadcast	63
2026-03-20 16:06:37,043{GMT}	INFO	[jepsen worker 0] jepsen.util: 0	:invoke	:broadcast	64
2026-03-20 16:06:37,045{GMT}	INFO	[jepsen worker 0] jepsen.util: 0	:ok	:broadcast	64
2026-03-20 16:06:37,184{GMT}	INFO	[jepsen worker 0] jepsen.util: 0	:invoke	:broadcast	65
2026-03-20 16:06:37,185{GMT}	INFO	[jepsen worker 0] jepsen.util: 0	:ok	:broadcast	65
2026-03-20 16:06:37,346{GMT}	INFO	[jepsen worker 1] jepsen.util: 1	:invoke	:broadcast	66
2026-03-20 16:06:37,347{GMT}	INFO	[jepsen worker 1] jepsen.util: 1	:ok	:broadcast	66
2026-03-20 16:06:37,466{GMT}	INFO	[jepsen worker 2] jepsen.util: 2	:invoke	:read	nil
2026-03-20 16:06:37,468{GMT}	INFO	[jepsen worker 2] jepsen.util: 2	:ok	:read	[0 2 3 4 5 6 7 9 10 11 13 14 15 16 17 18 20 21 22 23 25 26 27 28 29 30 31 32 33 34 36 37 38 39 40 41 43 44 45 46 48 49 50 51 52 53 55 56 57 59 60 61 63 64 65 66]
2026-03-20 16:06:37,596{GMT}	INFO	[jepsen worker 3] jepsen.util: 3	:invoke	:broadcast	67
2026-03-20 16:06:37,597{GMT}	INFO	[jepsen worker 3] jepsen.util: 3	:ok	:broadcast	67
2026-03-20 16:06:37,793{GMT}	INFO	[jepsen worker 4] jepsen.util: 4	:invoke	:broadcast	68
2026-03-20 16:06:37,794{GMT}	INFO	[jepsen worker 4] jepsen.util: 4	:ok	:broadcast	68
2026-03-20 16:06:37,946{GMT}	INFO	[jepsen worker 0] jepsen.util: 0	:invoke	:broadcast	69
2026-03-20 16:06:37,947{GMT}	INFO	[jepsen worker 0] jepsen.util: 0	:ok	:broadcast	69
2026-03-20 16:06:38,024{GMT}	INFO	[jepsen worker 0] jepsen.util: 0	:invoke	:read	nil
2026-03-20 16:06:38,025{GMT}	INFO	[jepsen worker 0] jepsen.util: 0	:ok	:read	[0 2 3 4 5 6 7 9 10 11 13 14 15 16 17 18 20 21 22 23 25 26 27 28 29 30 31 32 33 34 36 37 38 39 40 41 43 44 45 46 48 49 50 51 52 53 55 56 57 59 60 61 63 64 65 66 68 69]
2026-03-20 16:06:38,173{GMT}	INFO	[jepsen worker 1] jepsen.util: 1	:invoke	:read	nil
2026-03-20 16:06:38,174{GMT}	INFO	[jepsen worker 1] jepsen.util: 1	:ok	:read	[0 2 3 4 5 6 7 9 10 11 13 14 15 17 16 18 20 21 22 23 25 26 27 28 29 30 31 32 33 34 36 37 38 39 40 41 43 44 45 46 48 49 50 51 52 53 55 56 57 59 60 61 63 64 65 66 68 69]
2026-03-20 16:06:38,370{GMT}	INFO	[jepsen worker 2] jepsen.util: 2	:invoke	:read	nil
2026-03-20 16:06:38,371{GMT}	INFO	[jepsen worker 2] jepsen.util: 2	:ok	:read	[0 2 3 4 5 6 7 9 10 11 13 14 15 16 17 18 20 21 22 23 25 26 27 28 29 30 31 32 33 34 36 37 38 39 40 41 43 44 45 46 48 49 50 51 52 53 55 56 57 59 60 61 63 64 65 66 68 69]
2026-03-20 16:06:38,405{GMT}	INFO	[jepsen worker 3] jepsen.util: 3	:invoke	:read	nil
2026-03-20 16:06:38,406{GMT}	INFO	[jepsen worker 3] jepsen.util: 3	:ok	:read	[1 8 12 19 24 35 42 47 54 58 62 67]
2026-03-20 16:06:38,531{GMT}	INFO	[jepsen worker 4] jepsen.util: 4	:invoke	:broadcast	70
2026-03-20 16:06:38,533{GMT}	INFO	[jepsen worker 4] jepsen.util: 4	:ok	:broadcast	70
2026-03-20 16:06:38,583{GMT}	INFO	[jepsen worker 0] jepsen.util: 0	:invoke	:read	nil
2026-03-20 16:06:38,584{GMT}	INFO	[jepsen worker 0] jepsen.util: 0	:ok	:read	[0 2 3 4 5 6 7 9 10 11 13 14 15 16 17 18 20 21 22 23 25 26 27 28 29 30 31 32 33 34 36 37 38 39 40 41 43 44 45 46 48 49 50 51 52 53 55 56 57 59 60 61 63 64 65 66 68 69 70]
2026-03-20 16:06:38,712{GMT}	INFO	[jepsen worker 0] jepsen.util: 0	:invoke	:broadcast	71
2026-03-20 16:06:38,713{GMT}	INFO	[jepsen worker 0] jepsen.util: 0	:ok	:broadcast	71
2026-03-20 16:06:38,804{GMT}	INFO	[jepsen worker 1] jepsen.util: 1	:invoke	:read	nil
2026-03-20 16:06:38,805{GMT}	INFO	[jepsen worker 1] jepsen.util: 1	:ok	:read	[0 2 3 4 5 6 7 9 10 11 13 14 15 17 16 18 20 21 22 23 25 26 27 28 29 30 31 32 33 34 36 37 38 39 40 41 43 44 45 46 48 49 50 51 52 53 55 56 57 59 60 61 63 64 65 66 68 69 70 71]
2026-03-20 16:06:38,881{GMT}	INFO	[jepsen worker 2] jepsen.util: 2	:invoke	:broadcast	72
2026-03-20 16:06:38,882{GMT}	INFO	[jepsen worker 2] jepsen.util: 2	:ok	:broadcast	72
2026-03-20 16:06:39,046{GMT}	INFO	[jepsen worker 3] jepsen.util: 3	:invoke	:broadcast	73
2026-03-20 16:06:39,048{GMT}	INFO	[jepsen worker 3] jepsen.util: 3	:ok	:broadcast	73
2026-03-20 16:06:39,236{GMT}	INFO	[jepsen worker 4] jepsen.util: 4	:invoke	:broadcast	74
2026-03-20 16:06:39,237{GMT}	INFO	[jepsen worker 4] jepsen.util: 4	:ok	:broadcast	74
2026-03-20 16:06:39,300{GMT}	INFO	[jepsen worker 0] jepsen.util: 0	:invoke	:read	nil
2026-03-20 16:06:39,301{GMT}	INFO	[jepsen worker 0] jepsen.util: 0	:ok	:read	[0 2 3 4 5 6 7 9 10 11 13 14 15 16 17 18 20 21 22 23 25 26 27 28 29 30 31 32 33 34 36 37 38 39 40 41 43 44 45 46 48 49 50 51 52 53 55 56 57 59 60 61 63 64 65 66 68 69 70 71 72 74]
2026-03-20 16:06:39,323{GMT}	INFO	[jepsen worker 0] jepsen.util: 0	:invoke	:broadcast	75
2026-03-20 16:06:39,324{GMT}	INFO	[jepsen worker 0] jepsen.util: 0	:ok	:broadcast	75
2026-03-20 16:06:39,447{GMT}	INFO	[jepsen worker nemesis] jepsen.util: :nemesis	:info	:stop-partition	nil
2026-03-20 16:06:39,447{GMT}	INFO	[jepsen worker nemesis] jepsen.util: :nemesis	:info	:stop-partition	:network-healed
2026-03-20 16:06:39,477{GMT}	INFO	[jepsen worker 2] jepsen.util: 2	:invoke	:broadcast	76
2026-03-20 16:06:39,478{GMT}	INFO	[jepsen worker 2] jepsen.util: 2	:ok	:broadcast	76
2026-03-20 16:06:39,587{GMT}	INFO	[jepsen worker 3] jepsen.util: 3	:invoke	:read	nil
2026-03-20 16:06:39,589{GMT}	INFO	[jepsen worker 3] jepsen.util: 3	:ok	:read	[1 8 12 19 24 35 42 47 54 58 62 67 73 76]
2026-03-20 16:06:39,776{GMT}	INFO	[jepsen worker 4] jepsen.util: 4	:invoke	:read	nil
2026-03-20 16:06:39,777{GMT}	INFO	[jepsen worker 4] jepsen.util: 4	:ok	:read	[0 2 3 4 5 6 7 9 10 11 13 14 15 17 16 18 20 21 22 23 25 26 27 28 29 30 31 32 33 34 36 37 38 39 40 41 43 44 45 46 48 49 50 51 52 53 55 56 57 59 60 61 63 64 65 66 68 69 70 71 72 74 75 76]
2026-03-20 16:06:39,969{GMT}	INFO	[jepsen worker 0] jepsen.util: 0	:invoke	:read	nil
2026-03-20 16:06:39,970{GMT}	INFO	[jepsen worker 0] jepsen.util: 0	:ok	:read	[0 2 3 4 5 6 7 9 10 11 13 14 15 16 17 18 20 21 22 23 25 26 27 28 29 30 31 32 33 34 36 37 38 39 40 41 43 44 45 46 48 49 50 51 52 53 55 56 57 59 60 61 63 64 65 66 68 69 70 71 72 74 75 76]
2026-03-20 16:06:40,127{GMT}	INFO	[jepsen worker 0] jepsen.util: 0	:invoke	:read	nil
2026-03-20 16:06:40,128{GMT}	INFO	[jepsen worker 0] jepsen.util: 0	:ok	:read	[0 2 3 4 5 6 7 9 10 11 13 14 15 16 17 18 20 21 22 23 25 26 27 28 29 30 31 32 33 34 36 37 38 39 40 41 43 44 45 46 48 49 50 51 52 53 55 56 57 59 60 61 63 64 65 66 68 69 70 71 72 74 75 76]
2026-03-20 16:06:40,276{GMT}	INFO	[jepsen worker 1] jepsen.util: 1	:invoke	:read	nil
2026-03-20 16:06:40,278{GMT}	INFO	[jepsen worker 1] jepsen.util: 1	:ok	:read	[0 2 3 4 5 6 7 9 10 11 13 14 15 17 16 18 20 21 22 23 25 26 27 28 29 30 31 32 33 34 36 37 38 39 40 41 43 44 45 46 48 49 50 51 52 53 55 56 57 59 60 61 63 64 65 66 68 69 70 71 72 74 75 76]
2026-03-20 16:06:40,315{GMT}	INFO	[jepsen worker 2] jepsen.util: 2	:invoke	:broadcast	77
2026-03-20 16:06:40,316{GMT}	INFO	[jepsen worker 2] jepsen.util: 2	:ok	:broadcast	77
2026-03-20 16:06:40,415{GMT}	INFO	[jepsen worker 3] jepsen.util: 3	:invoke	:read	nil
2026-03-20 16:06:40,416{GMT}	INFO	[jepsen worker 3] jepsen.util: 3	:ok	:read	[1 8 12 19 24 35 42 47 54 58 62 67 73 76 77]
2026-03-20 16:06:40,572{GMT}	INFO	[jepsen worker 4] jepsen.util: 4	:invoke	:broadcast	78
2026-03-20 16:06:40,574{GMT}	INFO	[jepsen worker 4] jepsen.util: 4	:ok	:broadcast	78
2026-03-20 16:06:40,637{GMT}	INFO	[jepsen worker 0] jepsen.util: 0	:invoke	:read	nil
2026-03-20 16:06:40,638{GMT}	INFO	[jepsen worker 0] jepsen.util: 0	:ok	:read	[0 2 3 4 5 6 7 9 10 11 13 14 15 16 17 18 20 21 22 23 25 26 27 28 29 30 31 32 33 34 36 37 38 39 40 41 43 44 45 46 48 49 50 51 52 53 55 56 57 59 60 61 63 64 65 66 68 69 70 71 72 74 75 76 77 78]
2026-03-20 16:06:40,803{GMT}	INFO	[jepsen worker 0] jepsen.util: 0	:invoke	:broadcast	79
2026-03-20 16:06:40,804{GMT}	INFO	[jepsen worker 0] jepsen.util: 0	:ok	:broadcast	79
2026-03-20 16:06:40,935{GMT}	INFO	[jepsen worker 1] jepsen.util: 1	:invoke	:read	nil
2026-03-20 16:06:40,936{GMT}	INFO	[jepsen worker 1] jepsen.util: 1	:ok	:read	[0 2 3 4 5 6 7 9 10 11 13 14 15 17 16 18 20 21 22 23 25 26 27 28 29 30 31 32 33 34 36 37 38 39 40 41 43 44 45 46 48 49 50 51 52 53 55 56 57 59 60 61 63 64 65 66 68 69 70 71 72 74 75 76 77 78 79]
2026-03-20 16:06:40,999{GMT}	INFO	[jepsen worker 2] jepsen.util: 2	:invoke	:broadcast	80
2026-03-20 16:06:41,001{GMT}	INFO	[jepsen worker 2] jepsen.util: 2	:ok	:broadcast	80
2026-03-20 16:06:41,163{GMT}	INFO	[jepsen worker 3] jepsen.util: 3	:invoke	:read	nil
2026-03-20 16:06:41,164{GMT}	INFO	[jepsen worker 3] jepsen.util: 3	:ok	:read	[1 8 12 19 24 35 42 47 54 58 62 67 73 76 77 78 79 80]
2026-03-20 16:06:41,218{GMT}	INFO	[jepsen worker 4] jepsen.util: 4	:invoke	:read	nil
2026-03-20 16:06:41,221{GMT}	INFO	[jepsen worker 4] jepsen.util: 4	:ok	:read	[0 2 3 4 5 6 7 9 10 11 13 14 15 17 16 18 20 21 22 23 25 26 27 28 29 30 31 32 33 34 36 37 38 39 40 41 43 44 45 46 48 49 50 51 52 53 55 56 57 59 60 61 63 64 65 66 68 69 70 71 72 74 75 76 77 78 79 80]
2026-03-20 16:06:41,302{GMT}	INFO	[jepsen worker 0] jepsen.util: 0	:invoke	:broadcast	81
2026-03-20 16:06:41,304{GMT}	INFO	[jepsen worker 0] jepsen.util: 0	:ok	:broadcast	81
2026-03-20 16:06:41,482{GMT}	INFO	[jepsen worker 0] jepsen.util: 0	:invoke	:broadcast	82
2026-03-20 16:06:41,483{GMT}	INFO	[jepsen worker 0] jepsen.util: 0	:ok	:broadcast	82
2026-03-20 16:06:41,502{GMT}	INFO	[jepsen worker 1] jepsen.util: 1	:invoke	:broadcast	83
2026-03-20 16:06:41,504{GMT}	INFO	[jepsen worker 1] jepsen.util: 1	:ok	:broadcast	83
2026-03-20 16:06:41,509{GMT}	INFO	[jepsen worker 2] jepsen.util: 2	:invoke	:read	nil
2026-03-20 16:06:41,510{GMT}	INFO	[jepsen worker 2] jepsen.util: 2	:ok	:read	[0 2 3 4 5 6 7 9 10 11 13 14 15 16 17 18 20 21 22 23 25 26 27 28 29 30 31 32 33 34 36 37 38 39 40 41 43 44 45 46 48 49 50 51 52 53 55 56 57 59 60 61 63 64 65 66 68 69 70 71 72 74 75 76 77 78 79 80 81 82 83]
2026-03-20 16:06:41,543{GMT}	INFO	[jepsen worker 3] jepsen.util: 3	:invoke	:read	nil
2026-03-20 16:06:41,544{GMT}	INFO	[jepsen worker 3] jepsen.util: 3	:ok	:read	[1 8 12 19 24 35 42 47 54 58 62 67 73 76 77 78 79 80 81 82 83]
2026-03-20 16:06:41,741{GMT}	INFO	[jepsen worker 4] jepsen.util: 4	:invoke	:broadcast	84
2026-03-20 16:06:41,742{GMT}	INFO	[jepsen worker 4] jepsen.util: 4	:ok	:broadcast	84
2026-03-20 16:06:41,878{GMT}	INFO	[jepsen worker 0] jepsen.util: 0	:invoke	:broadcast	85
2026-03-20 16:06:41,879{GMT}	INFO	[jepsen worker 0] jepsen.util: 0	:ok	:broadcast	85
2026-03-20 16:06:41,963{GMT}	INFO	[jepsen worker 0] jepsen.util: 0	:invoke	:broadcast	86
2026-03-20 16:06:41,964{GMT}	INFO	[jepsen worker 0] jepsen.util: 0	:ok	:broadcast	86
2026-03-20 16:06:42,109{GMT}	INFO	[jepsen worker 1] jepsen.util: 1	:invoke	:broadcast	87
2026-03-20 16:06:42,110{GMT}	INFO	[jepsen worker 1] jepsen.util: 1	:ok	:broadcast	87
2026-03-20 16:06:42,115{GMT}	INFO	[jepsen worker 2] jepsen.util: 2	:invoke	:broadcast	88
2026-03-20 16:06:42,116{GMT}	INFO	[jepsen worker 2] jepsen.util: 2	:ok	:broadcast	88
2026-03-20 16:06:42,121{GMT}	INFO	[jepsen worker 3] jepsen.util: 3	:invoke	:broadcast	89
2026-03-20 16:06:42,123{GMT}	INFO	[jepsen worker 3] jepsen.util: 3	:ok	:broadcast	89
2026-03-20 16:06:42,185{GMT}	INFO	[jepsen worker 4] jepsen.util: 4	:invoke	:read	nil
2026-03-20 16:06:42,187{GMT}	INFO	[jepsen worker 4] jepsen.util: 4	:ok	:read	[0 2 3 4 5 6 7 9 10 11 13 14 15 17 16 18 20 21 22 23 25 26 27 28 29 30 31 32 33 34 36 37 38 39 40 41 43 44 45 46 48 49 50 51 52 53 55 56 57 59 60 61 63 64 65 66 68 69 70 71 72 74 75 76 77 78 79 80 81 82 83 84 85 86 87 88 89]
2026-03-20 16:06:42,223{GMT}	INFO	[jepsen worker 0] jepsen.util: 0	:invoke	:broadcast	90
2026-03-20 16:06:42,224{GMT}	INFO	[jepsen worker 0] jepsen.util: 0	:ok	:broadcast	90
2026-03-20 16:06:42,399{GMT}	INFO	[jepsen worker 0] jepsen.util: 0	:invoke	:read	nil
2026-03-20 16:06:42,400{GMT}	INFO	[jepsen worker 0] jepsen.util: 0	:ok	:read	[0 2 3 4 5 6 7 9 10 11 13 14 15 16 17 18 20 21 22 23 25 26 27 28 29 30 31 32 33 34 36 37 38 39 40 41 43 44 45 46 48 49 50 51 52 53 55 56 57 59 60 61 63 64 65 66 68 69 70 71 72 74 75 76 77 78 79 80 81 82 83 84 85 86 87 88 89 90]
2026-03-20 16:06:42,422{GMT}	INFO	[jepsen worker 1] jepsen.util: 1	:invoke	:read	nil
2026-03-20 16:06:42,423{GMT}	INFO	[jepsen worker 1] jepsen.util: 1	:ok	:read	[0 2 3 4 5 6 7 9 10 11 13 14 15 17 16 18 20 21 22 23 25 26 27 28 29 30 31 32 33 34 36 37 38 39 40 41 43 44 45 46 48 49 50 51 52 53 55 56 57 59 60 61 63 64 65 66 68 69 70 71 72 74 75 76 77 78 79 80 81 82 83 84 85 86 87 88 89 89 90]
2026-03-20 16:06:42,475{GMT}	INFO	[jepsen worker 2] jepsen.util: 2	:invoke	:read	nil
2026-03-20 16:06:42,476{GMT}	INFO	[jepsen worker 2] jepsen.util: 2	:ok	:read	[0 2 3 4 5 6 7 9 10 11 13 14 15 16 17 18 20 21 22 23 25 26 27 28 29 30 31 32 33 34 36 37 38 39 40 41 43 44 45 46 48 49 50 51 52 53 55 56 57 59 60 61 63 64 65 66 68 69 70 71 72 74 75 76 77 78 79 80 81 82 83 84 85 86 87 88 89 90]
2026-03-20 16:06:42,560{GMT}	INFO	[jepsen worker 3] jepsen.util: 3	:invoke	:broadcast	91
2026-03-20 16:06:42,561{GMT}	INFO	[jepsen worker 3] jepsen.util: 3	:ok	:broadcast	91
2026-03-20 16:06:42,639{GMT}	INFO	[jepsen worker 4] jepsen.util: 4	:invoke	:broadcast	92
2026-03-20 16:06:42,640{GMT}	INFO	[jepsen worker 4] jepsen.util: 4	:ok	:broadcast	92
2026-03-20 16:06:42,684{GMT}	INFO	[jepsen worker 0] jepsen.util: 0	:invoke	:read	nil
2026-03-20 16:06:42,685{GMT}	INFO	[jepsen worker 0] jepsen.util: 0	:ok	:read	[0 2 3 4 5 6 7 9 10 11 13 14 15 16 17 18 20 21 22 23 25 26 27 28 29 30 31 32 33 34 36 37 38 39 40 41 43 44 45 46 48 49 50 51 52 53 55 56 57 59 60 61 63 64 65 66 68 69 70 71 72 74 75 76 77 78 79 80 81 82 83 84 85 86 87 88 89 90 91 92]
2026-03-20 16:06:42,711{GMT}	INFO	[jepsen worker 0] jepsen.util: 0	:invoke	:broadcast	93
2026-03-20 16:06:42,712{GMT}	INFO	[jepsen worker 0] jepsen.util: 0	:ok	:broadcast	93
2026-03-20 16:06:42,725{GMT}	INFO	[jepsen worker 1] jepsen.util: 1	:invoke	:broadcast	94
2026-03-20 16:06:42,726{GMT}	INFO	[jepsen worker 1] jepsen.util: 1	:ok	:broadcast	94
2026-03-20 16:06:42,886{GMT}	INFO	[jepsen worker 2] jepsen.util: 2	:invoke	:broadcast	95
2026-03-20 16:06:42,887{GMT}	INFO	[jepsen worker 2] jepsen.util: 2	:ok	:broadcast	95
2026-03-20 16:06:42,961{GMT}	INFO	[jepsen worker 3] jepsen.util: 3	:invoke	:broadcast	96
2026-03-20 16:06:42,962{GMT}	INFO	[jepsen worker 3] jepsen.util: 3	:ok	:broadcast	96
2026-03-20 16:06:43,121{GMT}	INFO	[jepsen worker 4] jepsen.util: 4	:invoke	:broadcast	97
2026-03-20 16:06:43,122{GMT}	INFO	[jepsen worker 4] jepsen.util: 4	:ok	:broadcast	97
2026-03-20 16:06:43,266{GMT}	INFO	[jepsen worker 0] jepsen.util: 0	:invoke	:read	nil
2026-03-20 16:06:43,267{GMT}	INFO	[jepsen worker 0] jepsen.util: 0	:ok	:read	[0 2 3 4 5 6 7 9 10 11 13 14 15 16 17 18 20 21 22 23 25 26 27 28 29 30 31 32 33 34 36 37 38 39 40 41 43 44 45 46 48 49 50 51 52 53 55 56 57 59 60 61 63 64 65 66 68 69 70 71 72 74 75 76 77 78 79 80 81 82 83 84 85 86 87 88 89 90 91 92 93 94 95 96 97 97]
2026-03-20 16:06:43,406{GMT}	INFO	[jepsen worker 0] jepsen.util: 0	:invoke	:broadcast	98
2026-03-20 16:06:43,407{GMT}	INFO	[jepsen worker 0] jepsen.util: 0	:ok	:broadcast	98
2026-03-20 16:06:43,554{GMT}	INFO	[jepsen worker 1] jepsen.util: 1	:invoke	:broadcast	99
2026-03-20 16:06:43,555{GMT}	INFO	[jepsen worker 1] jepsen.util: 1	:ok	:broadcast	99
2026-03-20 16:06:43,630{GMT}	INFO	[jepsen worker 2] jepsen.util: 2	:invoke	:broadcast	100
2026-03-20 16:06:43,631{GMT}	INFO	[jepsen worker 2] jepsen.util: 2	:ok	:broadcast	100
2026-03-20 16:06:43,677{GMT}	INFO	[jepsen worker 3] jepsen.util: 3	:invoke	:broadcast	101
2026-03-20 16:06:43,679{GMT}	INFO	[jepsen worker 3] jepsen.util: 3	:ok	:broadcast	101
2026-03-20 16:06:43,684{GMT}	INFO	[jepsen worker 4] jepsen.util: 4	:invoke	:read	nil
2026-03-20 16:06:43,685{GMT}	INFO	[jepsen worker 4] jepsen.util: 4	:ok	:read	[0 2 3 4 5 6 7 9 10 11 13 14 15 17 16 18 20 21 22 23 25 26 27 28 29 30 31 32 33 34 36 37 38 39 40 41 43 44 45 46 48 49 50 51 52 53 55 56 57 59 60 61 63 64 65 66 68 69 70 71 72 74 75 76 77 78 79 80 81 82 83 84 85 86 87 88 89 90 91 92 93 93 94 95 96 97 98 99 100 101]
2026-03-20 16:06:43,697{GMT}	INFO	[jepsen worker 0] jepsen.util: 0	:invoke	:read	nil
2026-03-20 16:06:43,698{GMT}	INFO	[jepsen worker 0] jepsen.util: 0	:ok	:read	[0 2 3 4 5 6 7 9 10 11 13 14 15 16 17 18 20 21 22 23 25 26 27 28 29 30 31 32 33 34 36 37 38 39 40 41 43 44 45 46 48 49 50 51 52 53 55 56 57 59 60 61 63 64 65 66 68 69 70 71 72 74 75 76 77 78 79 80 81 82 83 84 85 86 87 88 89 90 91 92 93 94 95 96 97 97 98 99 100 101]
2026-03-20 16:06:43,886{GMT}	INFO	[jepsen worker 0] jepsen.util: 0	:invoke	:read	nil
2026-03-20 16:06:43,887{GMT}	INFO	[jepsen worker 0] jepsen.util: 0	:ok	:read	[0 2 3 4 5 6 7 9 10 11 13 14 15 16 17 18 20 21 22 23 25 26 27 28 29 30 31 32 33 34 36 37 38 39 40 41 43 44 45 46 48 49 50 51 52 53 55 56 57 59 60 61 63 64 65 66 68 69 70 71 72 74 75 76 77 78 79 80 81 82 83 84 85 86 87 88 89 90 91 92 93 94 95 96 97 97 98 99 100 101]
2026-03-20 16:06:44,013{GMT}	INFO	[jepsen worker 1] jepsen.util: 1	:invoke	:read	nil
2026-03-20 16:06:44,015{GMT}	INFO	[jepsen worker 1] jepsen.util: 1	:ok	:read	[0 2 3 4 5 6 7 9 10 11 13 14 15 17 16 18 20 21 22 23 25 26 27 28 29 30 31 32 33 34 36 37 38 39 40 41 43 44 45 46 48 49 50 51 52 53 55 56 57 59 60 61 63 64 65 66 68 69 70 71 72 74 75 76 77 78 79 80 81 82 83 84 85 86 87 88 89 89 90 91 91 92 93 94 95 96 97 98 99 100 101]
2026-03-20 16:06:44,039{GMT}	INFO	[jepsen worker 2] jepsen.util: 2	:invoke	:read	nil
2026-03-20 16:06:44,040{GMT}	INFO	[jepsen worker 2] jepsen.util: 2	:ok	:read	[0 2 3 4 5 6 7 9 10 11 13 14 15 16 17 18 20 21 22 23 25 26 27 28 29 30 31 32 33 34 36 37 38 39 40 41 43 44 45 46 48 49 50 51 52 53 55 56 57 59 60 61 63 64 65 66 68 69 70 71 72 74 75 76 77 78 79 80 81 82 83 84 85 86 87 88 89 90 91 92 93 94 95 96 97 98 99 100 101]
2026-03-20 16:06:44,109{GMT}	INFO	[jepsen worker 3] jepsen.util: 3	:invoke	:broadcast	102
2026-03-20 16:06:44,110{GMT}	INFO	[jepsen worker 3] jepsen.util: 3	:ok	:broadcast	102
2026-03-20 16:06:44,284{GMT}	INFO	[jepsen worker 4] jepsen.util: 4	:invoke	:read	nil
2026-03-20 16:06:44,286{GMT}	INFO	[jepsen worker 4] jepsen.util: 4	:ok	:read	[0 2 3 4 5 6 7 9 10 11 13 14 15 17 16 18 20 21 22 23 25 26 27 28 29 30 31 32 33 34 36 37 38 39 40 41 43 44 45 46 48 49 50 51 52 53 55 56 57 59 60 61 63 64 65 66 68 69 70 71 72 74 75 76 77 78 79 80 81 82 83 84 85 86 87 88 89 90 91 92 93 93 94 95 96 97 98 99 100 101 102]
2026-03-20 16:06:44,323{GMT}	INFO	[jepsen worker 0] jepsen.util: 0	:invoke	:read	nil
2026-03-20 16:06:44,324{GMT}	INFO	[jepsen worker 0] jepsen.util: 0	:ok	:read	[0 2 3 4 5 6 7 9 10 11 13 14 15 16 17 18 20 21 22 23 25 26 27 28 29 30 31 32 33 34 36 37 38 39 40 41 43 44 45 46 48 49 50 51 52 53 55 56 57 59 60 61 63 64 65 66 68 69 70 71 72 74 75 76 77 78 79 80 81 82 83 84 85 86 87 88 89 90 91 92 93 94 95 96 97 97 98 99 100 101 102]
2026-03-20 16:06:44,444{GMT}	INFO	[jepsen worker 0] jepsen.util: 0	:invoke	:read	nil
2026-03-20 16:06:44,445{GMT}	INFO	[jepsen worker 0] jepsen.util: 0	:ok	:read	[0 2 3 4 5 6 7 9 10 11 13 14 15 16 17 18 20 21 22 23 25 26 27 28 29 30 31 32 33 34 36 37 38 39 40 41 43 44 45 46 48 49 50 51 52 53 55 56 57 59 60 61 63 64 65 66 68 69 70 71 72 74 75 76 77 78 79 80 81 82 83 84 85 86 87 88 89 90 91 92 93 94 95 96 97 97 98 99 100 101 102]
2026-03-20 16:06:44,467{GMT}	INFO	[jepsen worker 1] jepsen.util: 1	:invoke	:broadcast	103
2026-03-20 16:06:44,468{GMT}	INFO	[jepsen worker 1] jepsen.util: 1	:ok	:broadcast	103
2026-03-20 16:06:44,536{GMT}	INFO	[jepsen worker 2] jepsen.util: 2	:invoke	:broadcast	104
2026-03-20 16:06:44,537{GMT}	INFO	[jepsen worker 2] jepsen.util: 2	:ok	:broadcast	104
2026-03-20 16:06:44,639{GMT}	INFO	[jepsen worker 3] jepsen.util: 3	:invoke	:read	nil
2026-03-20 16:06:44,640{GMT}	INFO	[jepsen worker 3] jepsen.util: 3	:ok	:read	[1 8 12 19 24 35 42 47 54 58 62 67 73 76 77 78 79 80 81 82 83 84 85 86 87 88 89 90 91 92 93 94 95 96 97 98 99 100 101 102 103 104]
2026-03-20 16:06:44,823{GMT}	INFO	[jepsen worker 4] jepsen.util: 4	:invoke	:broadcast	105
2026-03-20 16:06:44,824{GMT}	INFO	[jepsen worker 4] jepsen.util: 4	:ok	:broadcast	105
2026-03-20 16:06:44,824{GMT}	INFO	[jepsen worker nemesis] jepsen.util: :nemesis	:info	:stop-partition	nil
2026-03-20 16:06:44,824{GMT}	INFO	[jepsen worker nemesis] jepsen.util: :nemesis	:info	:stop-partition	:network-healed
2026-03-20 16:06:44,825{GMT}	INFO	[jepsen worker 0] jepsen.generator.interpreter: Waiting for recovery...
2026-03-20 16:06:54,827{GMT}	INFO	[jepsen worker 4] jepsen.util: 4	:invoke	:read	nil
2026-03-20 16:06:54,827{GMT}	INFO	[jepsen worker 1] jepsen.util: 1	:invoke	:read	nil
2026-03-20 16:06:54,828{GMT}	INFO	[jepsen worker 2] jepsen.util: 2	:invoke	:read	nil
2026-03-20 16:06:54,828{GMT}	INFO	[jepsen worker 0] jepsen.util: 0	:invoke	:read	nil
2026-03-20 16:06:54,828{GMT}	INFO	[jepsen worker 3] jepsen.util: 3	:invoke	:read	nil
2026-03-20 16:06:54,829{GMT}	INFO	[jepsen worker 1] jepsen.util: 1	:ok	:read	[0 2 3 4 5 6 7 9 10 11 13 14 15 17 16 18 20 21 22 23 25 26 27 28 29 30 31 32 33 34 36 37 38 39 40 41 43 44 45 46 48 49 50 51 52 53 55 56 57 59 60 61 63 64 65 66 68 69 70 71 72 74 75 76 77 78 79 80 81 82 83 84 85 86 87 88 89 89 90 91 91 92 93 94 95 96 97 98 99 100 101 102 103 104 105]
2026-03-20 16:06:54,829{GMT}	INFO	[jepsen worker 2] jepsen.util: 2	:ok	:read	[0 2 3 4 5 6 7 9 10 11 13 14 15 16 17 18 20 21 22 23 25 26 27 28 29 30 31 32 33 34 36 37 38 39 40 41 43 44 45 46 48 49 50 51 52 53 55 56 57 59 60 61 63 64 65 66 68 69 70 71 72 74 75 76 77 78 79 80 81 82 83 84 85 86 87 88 89 90 91 92 93 94 95 96 97 98 99 100 101 102 103 104 105]
2026-03-20 16:06:54,830{GMT}	INFO	[jepsen worker 4] jepsen.util: 4	:ok	:read	[0 2 3 4 5 6 7 9 10 11 13 14 15 17 16 18 20 21 22 23 25 26 27 28 29 30 31 32 33 34 36 37 38 39 40 41 43 44 45 46 48 49 50 51 52 53 55 56 57 59 60 61 63 64 65 66 68 69 70 71 72 74 75 76 77 78 79 80 81 82 83 84 85 86 87 88 89 90 91 92 93 93 94 95 96 97 98 99 100 101 102 103 104 105]
2026-03-20 16:06:54,830{GMT}	INFO	[jepsen worker 3] jepsen.util: 3	:ok	:read	[1 8 12 19 24 35 42 47 54 58 62 67 73 76 77 78 79 80 81 82 83 84 85 86 87 88 89 90 91 92 93 94 95 96 97 98 99 100 101 102 103 104 105]
2026-03-20 16:06:54,830{GMT}	INFO	[jepsen worker 0] jepsen.util: 0	:ok	:read	[0 2 3 4 5 6 7 9 10 11 13 14 15 16 17 18 20 21 22 23 25 26 27 28 29 30 31 32 33 34 36 37 38 39 40 41 43 44 45 46 48 49 50 51 52 53 55 56 57 59 60 61 63 64 65 66 68 69 70 71 72 74 75 76 77 78 79 80 81 82 83 84 85 86 87 88 89 90 91 92 93 94 95 96 97 97 98 99 100 101 102 103 104 105]
2026-03-20 16:06:54,849{GMT}	INFO	[jepsen test runner] jepsen.core: Run complete, writing
2026-03-20 16:06:54,904{GMT}	INFO	[jepsen node n2] maelstrom.db: Tearing down n2
2026-03-20 16:06:54,904{GMT}	INFO	[jepsen node n0] maelstrom.db: Tearing down n0
2026-03-20 16:06:54,904{GMT}	INFO	[jepsen node n1] maelstrom.db: Tearing down n1
2026-03-20 16:06:54,904{GMT}	INFO	[jepsen node n3] maelstrom.db: Tearing down n3
2026-03-20 16:06:54,904{GMT}	INFO	[jepsen node n4] maelstrom.db: Tearing down n4
2026-03-20 16:06:56,688{GMT}	INFO	[jepsen node n0] maelstrom.net: Shutting down Maelstrom network
2026-03-20 16:06:56,689{GMT}	INFO	[jepsen test runner] jepsen.core: Analyzing...
2026-03-20 16:06:57,043{GMT}	INFO	[jepsen test runner] jepsen.core: Analysis complete
2026-03-20 16:06:57,078{GMT}	INFO	[jepsen results] jepsen.store: Wrote /home/banna/Documents/maelstrom-java/store/broadcast/20260320T160623.194Z/results.edn
2026-03-20 16:06:57,110{GMT}	INFO	[jepsen test runner] jepsen.core: {:perf {:latency-graph {:valid? true},
        :rate-graph {:valid? true},
        :valid? true},
 :timeline {:valid? true},
 :exceptions {:valid? true},
 :stats {:valid? true,
         :count 200,
         :ok-count 200,
         :fail-count 0,
         :info-count 0,
         :by-f {:broadcast {:valid? true,
                            :count 106,
                            :ok-count 106,
                            :fail-count 0,
                            :info-count 0},
                :read {:valid? true,
                       :count 94,
                       :ok-count 94,
                       :fail-count 0,
                       :info-count 0}}},
 :availability {:valid? true, :ok-fraction 1.0},
 :net {:all {:send-count 1573,
             :recv-count 1421,
             :msg-count 1573,
             :msgs-per-op 7.865},
       :clients {:send-count 420, :recv-count 420, :msg-count 420},
       :servers {:send-count 1153,
                 :recv-count 1001,
                 :msg-count 1153,
                 :msgs-per-op 5.765},
       :valid? true},
 :workload {:worst-stale ({:element 1,
                           :outcome :stable,
                           :stable-latency 29784,
                           :lost-latency nil,
                           :known #jepsen.history.Op{:index 7,
                                                     :time 167573118,
                                                     :type :ok,
                                                     :process 3,
                                                     :f :add,
                                                     :value 1},
                           :last-absent #jepsen.history.Op{:index 399,
                                                           :time 29952203624,
                                                           :type :invoke,
                                                           :process 0,
                                                           :f :read,
                                                           :value nil,
                                                           :final? true}}
                          {:element 8,
                           :outcome :stable,
                           :stable-latency 28697,
                           :lost-latency nil,
                           :known #jepsen.history.Op{:index 31,
                                                     :time 1254894671,
                                                     :type :ok,
                                                     :process 3,
                                                     :f :add,
                                                     :value 8},
                           :last-absent #jepsen.history.Op{:index 399,
                                                           :time 29952203624,
                                                           :type :invoke,
                                                           :process 0,
                                                           :f :read,
                                                           :value nil,
                                                           :final? true}}
                          {:element 12,
                           :outcome :stable,
                           :stable-latency 27582,
                           :lost-latency nil,
                           :known #jepsen.history.Op{:index 55,
                                                     :time 2369520605,
                                                     :type :ok,
                                                     :process 3,
                                                     :f :add,
                                                     :value 12},
                           :last-absent #jepsen.history.Op{:index 399,
                                                           :time 29952203624,
                                                           :type :invoke,
                                                           :process 0,
                                                           :f :read,
                                                           :value nil,
                                                           :final? true}}
                          {:element 19,
                           :outcome :stable,
                           :stable-latency 26360,
                           :lost-latency nil,
                           :known #jepsen.history.Op{:index 79,
                                                     :time 3591803473,
                                                     :type :ok,
                                                     :process 3,
                                                     :f :add,
                                                     :value 19},
                           :last-absent #jepsen.history.Op{:index 399,
                                                           :time 29952203624,
                                                           :type :invoke,
                                                           :process 0,
                                                           :f :read,
                                                           :value nil,
                                                           :final? true}}
                          {:element 24,
                           :outcome :stable,
                           :stable-latency 25644,
                           :lost-latency nil,
                           :known #jepsen.history.Op{:index 91,
                                                     :time 4307277510,
                                                     :type :ok,
                                                     :process 3,
                                                     :f :add,
                                                     :value 24},
                           :last-absent #jepsen.history.Op{:index 399,
                                                           :time 29952203624,
                                                           :type :invoke,
                                                           :process 0,
                                                           :f :read,
                                                           :value nil,
                                                           :final? true}}
                          {:element 35,
                           :outcome :stable,
                           :stable-latency 23152,
                           :lost-latency nil,
                           :known #jepsen.history.Op{:index 139,
                                                     :time 6800195079,
                                                     :type :ok,
                                                     :process 3,
                                                     :f :add,
                                                     :value 35},
                           :last-absent #jepsen.history.Op{:index 399,
                                                           :time 29952203624,
                                                           :type :invoke,
                                                           :process 0,
                                                           :f :read,
                                                           :value nil,
                                                           :final? true}}
                          {:element 42,
                           :outcome :stable,
                           :stable-latency 21590,
                           :lost-latency nil,
                           :known #jepsen.history.Op{:index 163,
                                                     :time 8361744535,
                                                     :type :ok,
                                                     :process 3,
                                                     :f :add,
                                                     :value 42},
                           :last-absent #jepsen.history.Op{:index 399,
                                                           :time 29952203624,
                                                           :type :invoke,
                                                           :process 0,
                                                           :f :read,
                                                           :value nil,
                                                           :final? true}}
                          {:element 47,
                           :outcome :stable,
                           :stable-latency 21043,
                           :lost-latency nil,
                           :known #jepsen.history.Op{:index 175,
                                                     :time 8909123475,
                                                     :type :ok,
                                                     :process 3,
                                                     :f :add,
                                                     :value 47},
                           :last-absent #jepsen.history.Op{:index 399,
                                                           :time 29952203624,
                                                           :type :invoke,
                                                           :process 0,
                                                           :f :read,
                                                           :value nil,
                                                           :final? true}}),
            :duplicated-count 0,
            :valid? false,
            :lost-count 63,
            :lost (0
                   2
                   3
                   4
                   5
                   6
                   7
                   9
                   10
                   11
                   13
                   14
                   15
                   16
                   17
                   18
                   20
                   21
                   22
                   23
                   25
                   26
                   27
                   28
                   29
                   30
                   31
                   32
                   33
                   34
                   36
                   37
                   38
                   39
                   40
                   41
                   43
                   44
                   45
                   46
                   48
                   49
                   50
                   51
                   52
                   53
                   55
                   56
                   57
                   59
                   60
                   61
                   63
                   64
                   65
                   66
                   68
                   69
                   70
                   71
                   72
                   74
                   75),
            :stable-count 43,
            :stale-count 13,
            :stale (1 8 12 19 24 35 42 47 54 58 62 67 73),
            :never-read-count 0,
            :stable-latencies {0 0,
                               0.5 0,
                               0.95 27582,
                               0.99 29784,
                               1 29784},
            :attempt-count 106,
            :lost-latencies {0 15503,
                             0.5 22607,
                             0.95 29537,
                             0.99 29817,
                             1 29817},
            :never-read (),
            :duplicated {}},
 :valid? false}


Analysis invalid! (ﾉಥ益ಥ）ﾉ ┻━┻
