2026-03-20 15:50:20,058{GMT}	INFO	[jepsen test runner] jepsen.core: Command line:
lein run test -w broadcast --bin run.sh broadcast --node-count 5 --time-limit 20 --rate 10 --nemesis partition
2026-03-20 15:50:20,135{GMT}	INFO	[jepsen test runner] jepsen.core: Running test:
{:args ["broadcast"]
 :remote
 #jepsen.control.retry.Remote{:remote #jepsen.control.scp.Remote{:cmd-remote #jepsen.control.sshj.SSHJRemote{:concurrency-limit 6,
                                                                                                             :conn-spec nil,
                                                                                                             :client nil,
                                                                                                             :semaphore nil},
                                                                 :conn-spec nil},
                              :conn nil}
 :log-net-send false
 :node-count 5
 :availability nil
 :max-txn-length 4
 :concurrency 5
 :db
 #object[maelstrom.db$db$reify__16142
         "0x3619ecd"
         "maelstrom.db$db$reify__16142@3619ecd"]
 :max-writes-per-key 16
 :leave-db-running? false
 :name "broadcast"
 :logging-json? false
 :start-time
 #object[org.joda.time.DateTime "0x7de4bd8f" "2026-03-20T15:50:20.036Z"]
 :nemesis-interval 10
 :net
 #object[maelstrom.net$jepsen_net$reify__15251
         "0x193e65d5"
         "maelstrom.net$jepsen_net$reify__15251@193e65d5"]
 :client
 #object[maelstrom.workload.broadcast$client$reify__16644
         "0x2a97b4b8"
         "maelstrom.workload.broadcast$client$reify__16644@2a97b4b8"]
 :barrier
 #object[java.util.concurrent.CyclicBarrier
         "0x250fc0d1"
         "java.util.concurrent.CyclicBarrier@250fc0d1"]
 :log-stderr false
 :pure-generators true
 :ssh {:dummy? true}
 :rate 10.0
 :checker
 #object[jepsen.checker$compose$reify__11881
         "0x7ddf193a"
         "jepsen.checker$compose$reify__11881@7ddf193a"]
 :argv
 ("test"
  "-w"
  "broadcast"
  "--bin"
  "run.sh"
  "broadcast"
  "--node-count"
  "5"
  "--time-limit"
  "20"
  "--rate"
  "10"
  "--nemesis"
  "partition")
 :nemesis
 (jepsen.nemesis.ReflCompose
  {:fm {:start-partition 0,
        :stop-partition 0,
        :kill 1,
        :start 1,
        :pause 1,
        :resume 1},
   :nemeses [#unprintable "jepsen.nemesis.combined$partition_nemesis$reify__16416@17a5cb99"
             #unprintable "jepsen.nemesis.combined$db_nemesis$reify__16397@808fa1"]})
 :nodes ["n0" "n1" "n2" "n3" "n4"]
 :test-count 1
 :latency {:mean 0, :dist :constant}
 :bin "run.sh"
 :generator
 ((jepsen.generator.Synchronize
   {:gen (jepsen.generator.TimeLimit
          {:limit 20000000000,
           :cutoff nil,
           :gen (jepsen.generator.Any
                 {:gens [(jepsen.generator.OnThreads
                          {:f #{:nemesis},
                           :context-filter #object[jepsen.generator.context$make_thread_filter$lazy_filter__9167
                                                   "0x7545cb17"
                                                   "jepsen.generator.context$make_thread_filter$lazy_filter__9167@7545cb17"],
                           :gen (jepsen.generator.Stagger
                                 {:dt 20000000000,
                                  :next-time nil,
                                  :gen (jepsen.generator.FlipFlop
                                        {:gens [#object[jepsen.nemesis.combined$partition_package$start__16420
                                                        "0x635b3ec7"
                                                        "jepsen.nemesis.combined$partition_package$start__16420@635b3ec7"]
                                                ({:type :info,
                                                  :f :stop-partition,
                                                  :value nil}
                                                 {:type :info,
                                                  :f :stop-partition,
                                                  :value nil}
                                                 {:type :info,
                                                  :f :stop-partition,
                                                  :value nil}
                                                 {:type :info,
                                                  :f :stop-partition,
                                                  :value nil}
                                                 {:type :info,
                                                  :f :stop-partition,
                                                  :value nil}
                                                 {:type :info,
                                                  :f :stop-partition,
                                                  :value nil}
                                                 {:type :info,
                                                  :f :stop-partition,
                                                  :value nil}
                                                 {:type :info,
                                                  :f :stop-partition,
                                                  :value nil}
                                                 ...)],
                                         :i 0})})})
                         (jepsen.generator.OnThreads
                          {:f #jepsen.generator.context.AllBut{:element :nemesis},
                           :context-filter #object[jepsen.generator.context$make_thread_filter$lazy_filter__9167
                                                   "0x15aa3084"
                                                   "jepsen.generator.context$make_thread_filter$lazy_filter__9167@15aa3084"],
                           :gen (jepsen.generator.Stagger
                                 {:dt 200000000,
                                  :next-time nil,
                                  :gen (jepsen.generator.Mix
                                        {:i 0,
                                         :gens [({:f :broadcast, :value 0}
                                                 {:f :broadcast, :value 1}
                                                 {:f :broadcast, :value 2}
                                                 {:f :broadcast, :value 3}
                                                 {:f :broadcast, :value 4}
                                                 {:f :broadcast, :value 5}
                                                 {:f :broadcast, :value 6}
                                                 {:f :broadcast, :value 7}
                                                 ...)
                                                ({:f :read}
                                                 {:f :read}
                                                 {:f :read}
                                                 {:f :read}
                                                 {:f :read}
                                                 {:f :read}
                                                 {:f :read}
                                                 {:f :read}
                                                 ...)]})})})]})})})
  (jepsen.generator.Synchronize
   {:gen (jepsen.generator.OnThreads
          {:f #{:nemesis},
           :context-filter #object[jepsen.generator.context$make_thread_filter$lazy_filter__9167
                                   "0x4e6c4c55"
                                   "jepsen.generator.context$make_thread_filter$lazy_filter__9167@4e6c4c55"],
           :gen ({:type :info, :f :stop-partition, :value nil})})})
  (jepsen.generator.Synchronize
   {:gen {:type :log, :value "Waiting for recovery..."}})
  (jepsen.generator.Synchronize {:gen {:type :sleep, :value 10}})
  (jepsen.generator.Synchronize
   {:gen (jepsen.generator.OnThreads
          {:f #jepsen.generator.context.AllBut{:element :nemesis},
           :context-filter #object[jepsen.generator.context$make_thread_filter$lazy_filter__9167
                                   "0x74fbee59"
                                   "jepsen.generator.context$make_thread_filter$lazy_filter__9167@74fbee59"],
           :gen (jepsen.generator.EachThread
                 {:fresh-gen {:f :read, :final? true},
                  :context-filters #object[clojure.core$promise$reify__8591
                                           "0x3794621d"
                                           {:status :pending, :val nil}],
                  :gens {}})})}))
 :log-net-recv false
 :os
 #object[maelstrom.net$jepsen_os$reify__15254
         "0x737e4a7b"
         "maelstrom.net$jepsen_os$reify__15254@737e4a7b"]
 :time-limit 20
 :workload :broadcast
 :consistency-models [:strict-serializable]
 :topology :grid}

2026-03-20 15:50:21,445{GMT}	INFO	[jepsen node n0] maelstrom.net: Starting Maelstrom network
2026-03-20 15:50:21,446{GMT}	INFO	[jepsen test runner] jepsen.db: Tearing down DB
2026-03-20 15:50:21,448{GMT}	INFO	[jepsen test runner] jepsen.db: Setting up DB
2026-03-20 15:50:21,449{GMT}	INFO	[jepsen node n2] maelstrom.db: Setting up n2
2026-03-20 15:50:21,449{GMT}	INFO	[jepsen node n1] maelstrom.db: Setting up n1
2026-03-20 15:50:21,449{GMT}	INFO	[jepsen node n3] maelstrom.db: Setting up n3
2026-03-20 15:50:21,449{GMT}	INFO	[jepsen node n4] maelstrom.db: Setting up n4
2026-03-20 15:50:21,450{GMT}	INFO	[jepsen node n1] maelstrom.process: launching run.sh ["broadcast"]
2026-03-20 15:50:21,450{GMT}	INFO	[jepsen node n2] maelstrom.process: launching run.sh ["broadcast"]
2026-03-20 15:50:21,450{GMT}	INFO	[jepsen node n4] maelstrom.process: launching run.sh ["broadcast"]
2026-03-20 15:50:21,451{GMT}	INFO	[jepsen node n3] maelstrom.process: launching run.sh ["broadcast"]
2026-03-20 15:50:21,451{GMT}	INFO	[jepsen node n0] maelstrom.service: Starting services: (lin-kv lin-tso lww-kv seq-kv)
2026-03-20 15:50:21,455{GMT}	INFO	[jepsen node n0] maelstrom.db: Setting up n0
2026-03-20 15:50:21,456{GMT}	INFO	[jepsen node n0] maelstrom.process: launching run.sh ["broadcast"]
2026-03-20 15:50:21,613{GMT}	INFO	[jepsen test runner] jepsen.core: Relative time begins now
2026-03-20 15:50:21,642{GMT}	INFO	[jepsen worker 0] jepsen.util: 0	:invoke	:broadcast	0
2026-03-20 15:50:21,643{GMT}	INFO	[jepsen worker nemesis] jepsen.util: :nemesis	:info	:start-partition	:majority
2026-03-20 15:50:21,654{GMT}	INFO	[jepsen worker nemesis] jepsen.util: :nemesis	:info	:start-partition	[:isolated {"n0" #{"n2" "n1" "n4"}, "n3" #{"n2" "n1" "n4"}, "n2" #{"n0" "n3"}, "n1" #{"n0" "n3"}, "n4" #{"n0" "n3"}}]
2026-03-20 15:50:21,654{GMT}	INFO	[jepsen worker 0] jepsen.util: 0	:ok	:broadcast	0
2026-03-20 15:50:21,797{GMT}	INFO	[jepsen worker 2] jepsen.util: 2	:invoke	:broadcast	1
2026-03-20 15:50:21,801{GMT}	INFO	[jepsen worker 2] jepsen.util: 2	:ok	:broadcast	1
2026-03-20 15:50:21,841{GMT}	INFO	[jepsen worker 3] jepsen.util: 3	:invoke	:broadcast	2
2026-03-20 15:50:21,844{GMT}	INFO	[jepsen worker 3] jepsen.util: 3	:ok	:broadcast	2
2026-03-20 15:50:21,893{GMT}	INFO	[jepsen worker 4] jepsen.util: 4	:invoke	:broadcast	3
2026-03-20 15:50:21,896{GMT}	INFO	[jepsen worker 4] jepsen.util: 4	:ok	:broadcast	3
2026-03-20 15:50:21,941{GMT}	INFO	[jepsen worker 0] jepsen.util: 0	:invoke	:broadcast	4
2026-03-20 15:50:21,944{GMT}	INFO	[jepsen worker 0] jepsen.util: 0	:ok	:broadcast	4
2026-03-20 15:50:22,052{GMT}	INFO	[jepsen worker 0] jepsen.util: 0	:invoke	:broadcast	5
2026-03-20 15:50:22,054{GMT}	INFO	[jepsen worker 0] jepsen.util: 0	:ok	:broadcast	5
2026-03-20 15:50:22,207{GMT}	INFO	[jepsen worker 1] jepsen.util: 1	:invoke	:broadcast	6
2026-03-20 15:50:22,210{GMT}	INFO	[jepsen worker 1] jepsen.util: 1	:ok	:broadcast	6
2026-03-20 15:50:22,306{GMT}	INFO	[jepsen worker 2] jepsen.util: 2	:invoke	:read	nil
2026-03-20 15:50:22,309{GMT}	INFO	[jepsen worker 2] jepsen.util: 2	:ok	:read	[1 3 6]
2026-03-20 15:50:22,375{GMT}	INFO	[jepsen worker nemesis] jepsen.util: :nemesis	:info	:stop-partition	nil
2026-03-20 15:50:22,376{GMT}	INFO	[jepsen worker nemesis] jepsen.util: :nemesis	:info	:stop-partition	:network-healed
2026-03-20 15:50:22,458{GMT}	INFO	[jepsen worker 4] jepsen.util: 4	:invoke	:read	nil
2026-03-20 15:50:22,463{GMT}	INFO	[jepsen worker 4] jepsen.util: 4	:ok	:read	[1 3 6]
2026-03-20 15:50:22,601{GMT}	INFO	[jepsen worker 0] jepsen.util: 0	:invoke	:broadcast	7
2026-03-20 15:50:22,604{GMT}	INFO	[jepsen worker 0] jepsen.util: 0	:ok	:broadcast	7
2026-03-20 15:50:22,720{GMT}	INFO	[jepsen worker 0] jepsen.util: 0	:invoke	:read	nil
2026-03-20 15:50:22,723{GMT}	INFO	[jepsen worker 0] jepsen.util: 0	:ok	:read	[0 2 4 5 7]
2026-03-20 15:50:22,891{GMT}	INFO	[jepsen worker 1] jepsen.util: 1	:invoke	:broadcast	8
2026-03-20 15:50:22,902{GMT}	INFO	[jepsen worker 1] jepsen.util: 1	:ok	:broadcast	8
2026-03-20 15:50:22,975{GMT}	INFO	[jepsen worker 2] jepsen.util: 2	:invoke	:read	nil
2026-03-20 15:50:22,977{GMT}	INFO	[jepsen worker 2] jepsen.util: 2	:ok	:read	[1 3 6 7 8]
2026-03-20 15:50:22,978{GMT}	INFO	[jepsen worker 3] jepsen.util: 3	:invoke	:read	nil
2026-03-20 15:50:22,982{GMT}	INFO	[jepsen worker 3] jepsen.util: 3	:ok	:read	[0 2 4 5 7 8]
2026-03-20 15:50:23,062{GMT}	INFO	[jepsen worker 4] jepsen.util: 4	:invoke	:broadcast	9
2026-03-20 15:50:23,064{GMT}	INFO	[jepsen worker 4] jepsen.util: 4	:ok	:broadcast	9
2026-03-20 15:50:23,247{GMT}	INFO	[jepsen worker 0] jepsen.util: 0	:invoke	:read	nil
2026-03-20 15:50:23,248{GMT}	INFO	[jepsen worker 0] jepsen.util: 0	:ok	:read	[0 2 4 5 7 8 9]
2026-03-20 15:50:23,360{GMT}	INFO	[jepsen worker 0] jepsen.util: 0	:invoke	:broadcast	10
2026-03-20 15:50:23,362{GMT}	INFO	[jepsen worker 0] jepsen.util: 0	:ok	:broadcast	10
2026-03-20 15:50:23,435{GMT}	INFO	[jepsen worker 1] jepsen.util: 1	:invoke	:broadcast	11
2026-03-20 15:50:23,437{GMT}	INFO	[jepsen worker 1] jepsen.util: 1	:ok	:broadcast	11
2026-03-20 15:50:23,525{GMT}	INFO	[jepsen worker 2] jepsen.util: 2	:invoke	:read	nil
2026-03-20 15:50:23,526{GMT}	INFO	[jepsen worker 2] jepsen.util: 2	:ok	:read	[1 3 6 7 8 9 10 11]
2026-03-20 15:50:23,663{GMT}	INFO	[jepsen worker 3] jepsen.util: 3	:invoke	:broadcast	12
2026-03-20 15:50:23,665{GMT}	INFO	[jepsen worker 3] jepsen.util: 3	:ok	:broadcast	12
2026-03-20 15:50:23,720{GMT}	INFO	[jepsen worker 4] jepsen.util: 4	:invoke	:broadcast	13
2026-03-20 15:50:23,722{GMT}	INFO	[jepsen worker 4] jepsen.util: 4	:ok	:broadcast	13
2026-03-20 15:50:23,770{GMT}	INFO	[jepsen worker 0] jepsen.util: 0	:invoke	:broadcast	14
2026-03-20 15:50:23,772{GMT}	INFO	[jepsen worker 0] jepsen.util: 0	:ok	:broadcast	14
2026-03-20 15:50:23,930{GMT}	INFO	[jepsen worker 0] jepsen.util: 0	:invoke	:broadcast	15
2026-03-20 15:50:23,932{GMT}	INFO	[jepsen worker 0] jepsen.util: 0	:ok	:broadcast	15
2026-03-20 15:50:23,967{GMT}	INFO	[jepsen worker 1] jepsen.util: 1	:invoke	:broadcast	16
2026-03-20 15:50:23,970{GMT}	INFO	[jepsen worker 1] jepsen.util: 1	:ok	:broadcast	16
2026-03-20 15:50:24,160{GMT}	INFO	[jepsen worker 2] jepsen.util: 2	:invoke	:read	nil
2026-03-20 15:50:24,162{GMT}	INFO	[jepsen worker 2] jepsen.util: 2	:ok	:read	[1 3 6 7 8 9 10 11 12 13 14 15 16]
2026-03-20 15:50:24,194{GMT}	INFO	[jepsen worker 3] jepsen.util: 3	:invoke	:read	nil
2026-03-20 15:50:24,196{GMT}	INFO	[jepsen worker 3] jepsen.util: 3	:ok	:read	[0 2 4 5 7 8 9 10 11 12 13 14 15 16]
2026-03-20 15:50:24,227{GMT}	INFO	[jepsen worker 4] jepsen.util: 4	:invoke	:broadcast	17
2026-03-20 15:50:24,229{GMT}	INFO	[jepsen worker 4] jepsen.util: 4	:ok	:broadcast	17
2026-03-20 15:50:24,357{GMT}	INFO	[jepsen worker 0] jepsen.util: 0	:invoke	:broadcast	18
2026-03-20 15:50:24,358{GMT}	INFO	[jepsen worker 0] jepsen.util: 0	:ok	:broadcast	18
2026-03-20 15:50:24,502{GMT}	INFO	[jepsen worker 0] jepsen.util: 0	:invoke	:read	nil
2026-03-20 15:50:24,503{GMT}	INFO	[jepsen worker 0] jepsen.util: 0	:ok	:read	[0 2 4 5 7 8 9 10 11 12 13 14 15 16 17 18]
2026-03-20 15:50:24,634{GMT}	INFO	[jepsen worker 1] jepsen.util: 1	:invoke	:broadcast	19
2026-03-20 15:50:24,636{GMT}	INFO	[jepsen worker 1] jepsen.util: 1	:ok	:broadcast	19
2026-03-20 15:50:24,807{GMT}	INFO	[jepsen worker 2] jepsen.util: 2	:invoke	:read	nil
2026-03-20 15:50:24,809{GMT}	INFO	[jepsen worker 2] jepsen.util: 2	:ok	:read	[1 3 6 7 8 9 10 11 12 13 14 15 16 17 18 19]
2026-03-20 15:50:24,816{GMT}	INFO	[jepsen worker 3] jepsen.util: 3	:invoke	:read	nil
2026-03-20 15:50:24,818{GMT}	INFO	[jepsen worker 3] jepsen.util: 3	:ok	:read	[0 2 4 5 7 8 9 10 11 12 13 14 15 16 17 18 19]
2026-03-20 15:50:24,884{GMT}	INFO	[jepsen worker 4] jepsen.util: 4	:invoke	:read	nil
2026-03-20 15:50:24,886{GMT}	INFO	[jepsen worker 4] jepsen.util: 4	:ok	:read	[1 3 6 7 7 8 9 10 11 12 13 14 15 16 17 18 19]
2026-03-20 15:50:24,924{GMT}	INFO	[jepsen worker 0] jepsen.util: 0	:invoke	:read	nil
2026-03-20 15:50:24,926{GMT}	INFO	[jepsen worker 0] jepsen.util: 0	:ok	:read	[0 2 4 5 7 8 9 10 11 12 13 14 15 16 17 18 19]
2026-03-20 15:50:25,065{GMT}	INFO	[jepsen worker 0] jepsen.util: 0	:invoke	:read	nil
2026-03-20 15:50:25,067{GMT}	INFO	[jepsen worker 0] jepsen.util: 0	:ok	:read	[0 2 4 5 7 8 9 10 11 12 13 14 15 16 17 18 19]
2026-03-20 15:50:25,134{GMT}	INFO	[jepsen worker 1] jepsen.util: 1	:invoke	:broadcast	20
2026-03-20 15:50:25,136{GMT}	INFO	[jepsen worker 1] jepsen.util: 1	:ok	:broadcast	20
2026-03-20 15:50:25,333{GMT}	INFO	[jepsen worker 2] jepsen.util: 2	:invoke	:broadcast	21
2026-03-20 15:50:25,335{GMT}	INFO	[jepsen worker 2] jepsen.util: 2	:ok	:broadcast	21
2026-03-20 15:50:25,483{GMT}	INFO	[jepsen worker 3] jepsen.util: 3	:invoke	:broadcast	22
2026-03-20 15:50:25,485{GMT}	INFO	[jepsen worker 3] jepsen.util: 3	:ok	:broadcast	22
2026-03-20 15:50:25,529{GMT}	INFO	[jepsen worker 4] jepsen.util: 4	:invoke	:read	nil
2026-03-20 15:50:25,530{GMT}	INFO	[jepsen worker 4] jepsen.util: 4	:ok	:read	[1 3 6 7 7 8 9 10 11 12 13 14 15 16 17 18 19 20 21 22]
2026-03-20 15:50:25,693{GMT}	INFO	[jepsen worker 0] jepsen.util: 0	:invoke	:broadcast	23
2026-03-20 15:50:25,694{GMT}	INFO	[jepsen worker 0] jepsen.util: 0	:ok	:broadcast	23
2026-03-20 15:50:25,852{GMT}	INFO	[jepsen worker 0] jepsen.util: 0	:invoke	:broadcast	24
2026-03-20 15:50:25,854{GMT}	INFO	[jepsen worker 0] jepsen.util: 0	:ok	:broadcast	24
2026-03-20 15:50:25,998{GMT}	INFO	[jepsen worker 1] jepsen.util: 1	:invoke	:broadcast	25
2026-03-20 15:50:26,000{GMT}	INFO	[jepsen worker 1] jepsen.util: 1	:ok	:broadcast	25
2026-03-20 15:50:26,174{GMT}	INFO	[jepsen worker 2] jepsen.util: 2	:invoke	:read	nil
2026-03-20 15:50:26,176{GMT}	INFO	[jepsen worker 2] jepsen.util: 2	:ok	:read	[1 3 6 7 8 9 10 11 12 13 14 15 16 17 18 19 20 21 22 23 24 25]
2026-03-20 15:50:26,352{GMT}	INFO	[jepsen worker 3] jepsen.util: 3	:invoke	:broadcast	26
2026-03-20 15:50:26,358{GMT}	INFO	[jepsen worker 3] jepsen.util: 3	:ok	:broadcast	26
2026-03-20 15:50:26,407{GMT}	INFO	[jepsen worker 4] jepsen.util: 4	:invoke	:broadcast	27
2026-03-20 15:50:26,409{GMT}	INFO	[jepsen worker 4] jepsen.util: 4	:ok	:broadcast	27
2026-03-20 15:50:26,416{GMT}	INFO	[jepsen worker 0] jepsen.util: 0	:invoke	:read	nil
2026-03-20 15:50:26,418{GMT}	INFO	[jepsen worker 0] jepsen.util: 0	:ok	:read	[0 2 4 5 7 8 9 10 11 12 13 14 15 16 17 18 19 20 21 22 23 24 25 26 27]
2026-03-20 15:50:26,588{GMT}	INFO	[jepsen worker 0] jepsen.util: 0	:invoke	:broadcast	28
2026-03-20 15:50:26,590{GMT}	INFO	[jepsen worker 0] jepsen.util: 0	:ok	:broadcast	28
2026-03-20 15:50:26,671{GMT}	INFO	[jepsen worker 1] jepsen.util: 1	:invoke	:read	nil
2026-03-20 15:50:26,674{GMT}	INFO	[jepsen worker 1] jepsen.util: 1	:ok	:read	[1 3 6 7 8 9 10 11 12 13 14 15 16 17 18 19 20 21 22 23 24 25 26 27 28]
2026-03-20 15:50:26,838{GMT}	INFO	[jepsen worker 2] jepsen.util: 2	:invoke	:broadcast	29
2026-03-20 15:50:26,840{GMT}	INFO	[jepsen worker 2] jepsen.util: 2	:ok	:broadcast	29
2026-03-20 15:50:26,999{GMT}	INFO	[jepsen worker 3] jepsen.util: 3	:invoke	:broadcast	30
2026-03-20 15:50:27,001{GMT}	INFO	[jepsen worker 3] jepsen.util: 3	:ok	:broadcast	30
2026-03-20 15:50:27,074{GMT}	INFO	[jepsen worker 4] jepsen.util: 4	:invoke	:broadcast	31
2026-03-20 15:50:27,075{GMT}	INFO	[jepsen worker 4] jepsen.util: 4	:ok	:broadcast	31
2026-03-20 15:50:27,082{GMT}	INFO	[jepsen worker 0] jepsen.util: 0	:invoke	:read	nil
2026-03-20 15:50:27,084{GMT}	INFO	[jepsen worker 0] jepsen.util: 0	:ok	:read	[0 2 4 5 7 8 9 10 11 12 13 14 15 16 17 18 19 20 21 22 23 24 25 26 27 28 29 30 31]
2026-03-20 15:50:27,111{GMT}	INFO	[jepsen worker 0] jepsen.util: 0	:invoke	:read	nil
2026-03-20 15:50:27,113{GMT}	INFO	[jepsen worker 0] jepsen.util: 0	:ok	:read	[0 2 4 5 7 8 9 10 11 12 13 14 15 16 17 18 19 20 21 22 23 24 25 26 27 28 29 30 31]
2026-03-20 15:50:27,153{GMT}	INFO	[jepsen worker 1] jepsen.util: 1	:invoke	:broadcast	32
2026-03-20 15:50:27,155{GMT}	INFO	[jepsen worker 1] jepsen.util: 1	:ok	:broadcast	32
2026-03-20 15:50:27,334{GMT}	INFO	[jepsen worker 2] jepsen.util: 2	:invoke	:read	nil
2026-03-20 15:50:27,335{GMT}	INFO	[jepsen worker 2] jepsen.util: 2	:ok	:read	[1 3 6 7 8 9 10 11 12 13 14 15 16 17 18 19 20 21 22 23 24 25 26 27 28 29 30 31 32]
2026-03-20 15:50:27,341{GMT}	INFO	[jepsen worker 3] jepsen.util: 3	:invoke	:broadcast	33
2026-03-20 15:50:27,343{GMT}	INFO	[jepsen worker 3] jepsen.util: 3	:ok	:broadcast	33
2026-03-20 15:50:27,454{GMT}	INFO	[jepsen worker 4] jepsen.util: 4	:invoke	:read	nil
2026-03-20 15:50:27,455{GMT}	INFO	[jepsen worker 4] jepsen.util: 4	:ok	:read	[1 3 6 7 7 8 9 10 11 12 13 14 15 16 17 18 19 20 21 22 23 24 25 26 27 28 29 30 31 32 33]
2026-03-20 15:50:27,592{GMT}	INFO	[jepsen worker 0] jepsen.util: 0	:invoke	:read	nil
2026-03-20 15:50:27,593{GMT}	INFO	[jepsen worker 0] jepsen.util: 0	:ok	:read	[0 2 4 5 7 8 9 10 11 12 13 14 15 16 17 18 19 20 21 22 23 24 25 26 27 28 29 30 31 32 33]
2026-03-20 15:50:27,746{GMT}	INFO	[jepsen worker 0] jepsen.util: 0	:invoke	:broadcast	34
2026-03-20 15:50:27,748{GMT}	INFO	[jepsen worker 0] jepsen.util: 0	:ok	:broadcast	34
2026-03-20 15:50:27,841{GMT}	INFO	[jepsen worker 1] jepsen.util: 1	:invoke	:broadcast	35
2026-03-20 15:50:27,842{GMT}	INFO	[jepsen worker 1] jepsen.util: 1	:ok	:broadcast	35
2026-03-20 15:50:27,974{GMT}	INFO	[jepsen worker 2] jepsen.util: 2	:invoke	:broadcast	36
2026-03-20 15:50:27,975{GMT}	INFO	[jepsen worker 2] jepsen.util: 2	:ok	:broadcast	36
2026-03-20 15:50:28,130{GMT}	INFO	[jepsen worker 3] jepsen.util: 3	:invoke	:broadcast	37
2026-03-20 15:50:28,131{GMT}	INFO	[jepsen worker 3] jepsen.util: 3	:ok	:broadcast	37
2026-03-20 15:50:28,313{GMT}	INFO	[jepsen worker 4] jepsen.util: 4	:invoke	:broadcast	38
2026-03-20 15:50:28,315{GMT}	INFO	[jepsen worker 4] jepsen.util: 4	:ok	:broadcast	38
2026-03-20 15:50:28,512{GMT}	INFO	[jepsen worker 0] jepsen.util: 0	:invoke	:broadcast	39
2026-03-20 15:50:28,514{GMT}	INFO	[jepsen worker 0] jepsen.util: 0	:ok	:broadcast	39
2026-03-20 15:50:28,633{GMT}	INFO	[jepsen worker 0] jepsen.util: 0	:invoke	:broadcast	40
2026-03-20 15:50:28,634{GMT}	INFO	[jepsen worker 0] jepsen.util: 0	:ok	:broadcast	40
2026-03-20 15:50:28,707{GMT}	INFO	[jepsen worker 1] jepsen.util: 1	:invoke	:read	nil
2026-03-20 15:50:28,709{GMT}	INFO	[jepsen worker 1] jepsen.util: 1	:ok	:read	[1 3 6 7 8 9 10 11 12 13 14 15 16 17 18 19 20 21 22 23 24 25 26 27 28 29 30 31 32 33 34 35 36 37 38 39 40]
2026-03-20 15:50:28,779{GMT}	INFO	[jepsen worker 2] jepsen.util: 2	:invoke	:broadcast	41
2026-03-20 15:50:28,780{GMT}	INFO	[jepsen worker 2] jepsen.util: 2	:ok	:broadcast	41
2026-03-20 15:50:28,977{GMT}	INFO	[jepsen worker 3] jepsen.util: 3	:invoke	:broadcast	42
2026-03-20 15:50:28,979{GMT}	INFO	[jepsen worker 3] jepsen.util: 3	:ok	:broadcast	42
2026-03-20 15:50:29,126{GMT}	INFO	[jepsen worker 4] jepsen.util: 4	:invoke	:read	nil
2026-03-20 15:50:29,127{GMT}	INFO	[jepsen worker 4] jepsen.util: 4	:ok	:read	[1 3 6 7 7 8 9 10 11 12 13 14 15 16 17 18 19 20 21 22 23 24 25 26 27 28 29 30 31 32 33 34 35 36 37 38 39 40 41 42]
2026-03-20 15:50:29,198{GMT}	INFO	[jepsen worker 0] jepsen.util: 0	:invoke	:broadcast	43
2026-03-20 15:50:29,199{GMT}	INFO	[jepsen worker 0] jepsen.util: 0	:ok	:broadcast	43
2026-03-20 15:50:29,247{GMT}	INFO	[jepsen worker 0] jepsen.util: 0	:invoke	:read	nil
2026-03-20 15:50:29,249{GMT}	INFO	[jepsen worker 0] jepsen.util: 0	:ok	:read	[0 2 4 5 7 8 9 10 11 12 13 14 15 16 17 18 19 20 21 22 23 24 25 26 27 28 29 30 31 32 33 34 35 36 37 38 38 39 40 41 42 43]
2026-03-20 15:50:29,340{GMT}	INFO	[jepsen worker 1] jepsen.util: 1	:invoke	:broadcast	44
2026-03-20 15:50:29,342{GMT}	INFO	[jepsen worker 1] jepsen.util: 1	:ok	:broadcast	44
2026-03-20 15:50:29,415{GMT}	INFO	[jepsen worker 2] jepsen.util: 2	:invoke	:broadcast	45
2026-03-20 15:50:29,416{GMT}	INFO	[jepsen worker 2] jepsen.util: 2	:ok	:broadcast	45
2026-03-20 15:50:29,541{GMT}	INFO	[jepsen worker 3] jepsen.util: 3	:invoke	:broadcast	46
2026-03-20 15:50:29,542{GMT}	INFO	[jepsen worker 3] jepsen.util: 3	:ok	:broadcast	46
2026-03-20 15:50:29,664{GMT}	INFO	[jepsen worker 4] jepsen.util: 4	:invoke	:broadcast	47
2026-03-20 15:50:29,665{GMT}	INFO	[jepsen worker 4] jepsen.util: 4	:ok	:broadcast	47
2026-03-20 15:50:29,804{GMT}	INFO	[jepsen worker 0] jepsen.util: 0	:invoke	:read	nil
2026-03-20 15:50:29,805{GMT}	INFO	[jepsen worker 0] jepsen.util: 0	:ok	:read	[0 2 4 5 7 8 9 10 11 12 13 14 15 16 17 18 19 20 21 22 23 24 25 26 27 28 29 30 31 32 33 34 35 36 37 38 38 39 40 41 42 43 44 45 46 47]
2026-03-20 15:50:29,833{GMT}	INFO	[jepsen worker 0] jepsen.util: 0	:invoke	:read	nil
2026-03-20 15:50:29,834{GMT}	INFO	[jepsen worker 0] jepsen.util: 0	:ok	:read	[0 2 4 5 7 8 9 10 11 12 13 14 15 16 17 18 19 20 21 22 23 24 25 26 27 28 29 30 31 32 33 34 35 36 37 38 38 39 40 41 42 43 44 45 46 47]
2026-03-20 15:50:29,882{GMT}	INFO	[jepsen worker 1] jepsen.util: 1	:invoke	:read	nil
2026-03-20 15:50:29,883{GMT}	INFO	[jepsen worker 1] jepsen.util: 1	:ok	:read	[1 3 6 7 8 9 10 11 12 13 14 15 16 17 18 19 20 21 22 23 24 25 26 27 28 29 30 31 32 33 34 35 36 37 38 39 40 41 42 43 44 45 46 47]
2026-03-20 15:50:29,907{GMT}	INFO	[jepsen worker 2] jepsen.util: 2	:invoke	:read	nil
2026-03-20 15:50:29,909{GMT}	INFO	[jepsen worker 2] jepsen.util: 2	:ok	:read	[1 3 6 7 8 9 10 11 12 13 14 15 16 17 18 19 20 21 22 23 24 25 26 27 28 29 30 31 32 33 34 35 36 37 38 39 40 41 42 43 44 45 46 47]
2026-03-20 15:50:30,016{GMT}	INFO	[jepsen worker 3] jepsen.util: 3	:invoke	:broadcast	48
2026-03-20 15:50:30,017{GMT}	INFO	[jepsen worker 3] jepsen.util: 3	:ok	:broadcast	48
2026-03-20 15:50:30,114{GMT}	INFO	[jepsen worker 4] jepsen.util: 4	:invoke	:broadcast	49
2026-03-20 15:50:30,115{GMT}	INFO	[jepsen worker 4] jepsen.util: 4	:ok	:broadcast	49
2026-03-20 15:50:30,150{GMT}	INFO	[jepsen worker 0] jepsen.util: 0	:invoke	:broadcast	50
2026-03-20 15:50:30,151{GMT}	INFO	[jepsen worker 0] jepsen.util: 0	:ok	:broadcast	50
2026-03-20 15:50:30,335{GMT}	INFO	[jepsen worker 0] jepsen.util: 0	:invoke	:broadcast	51
2026-03-20 15:50:30,336{GMT}	INFO	[jepsen worker 0] jepsen.util: 0	:ok	:broadcast	51
2026-03-20 15:50:30,431{GMT}	INFO	[jepsen worker 1] jepsen.util: 1	:invoke	:broadcast	52
2026-03-20 15:50:30,433{GMT}	INFO	[jepsen worker 1] jepsen.util: 1	:ok	:broadcast	52
2026-03-20 15:50:30,438{GMT}	INFO	[jepsen worker 2] jepsen.util: 2	:invoke	:read	nil
2026-03-20 15:50:30,439{GMT}	INFO	[jepsen worker 2] jepsen.util: 2	:ok	:read	[1 3 6 7 8 9 10 11 12 13 14 15 16 17 18 19 20 21 22 23 24 25 26 27 28 29 30 31 32 33 34 35 36 37 38 39 40 41 42 43 44 45 46 47 48 49 50 51 52]
2026-03-20 15:50:30,579{GMT}	INFO	[jepsen worker 3] jepsen.util: 3	:invoke	:read	nil
2026-03-20 15:50:30,580{GMT}	INFO	[jepsen worker 3] jepsen.util: 3	:ok	:read	[0 2 4 5 7 8 9 10 11 12 13 14 15 16 17 18 19 20 21 22 23 24 25 26 27 28 29 30 31 32 33 34 35 36 37 38 39 40 41 42 43 44 45 46 47 48 49 50 51 52]
2026-03-20 15:50:30,586{GMT}	INFO	[jepsen worker 4] jepsen.util: 4	:invoke	:read	nil
2026-03-20 15:50:30,588{GMT}	INFO	[jepsen worker 4] jepsen.util: 4	:ok	:read	[1 3 6 7 7 8 9 10 11 12 13 14 15 16 17 18 19 20 21 22 23 24 25 26 27 28 29 30 31 32 33 34 35 36 37 38 39 40 41 42 43 44 45 46 47 48 49 50 51 52]
2026-03-20 15:50:30,766{GMT}	INFO	[jepsen worker 0] jepsen.util: 0	:invoke	:broadcast	53
2026-03-20 15:50:30,769{GMT}	INFO	[jepsen worker 0] jepsen.util: 0	:ok	:broadcast	53
2026-03-20 15:50:30,948{GMT}	INFO	[jepsen worker 0] jepsen.util: 0	:invoke	:read	nil
2026-03-20 15:50:30,949{GMT}	INFO	[jepsen worker 0] jepsen.util: 0	:ok	:read	[0 2 4 5 7 8 9 10 11 12 13 14 15 16 17 18 19 20 21 22 23 24 25 26 27 28 29 30 31 32 33 34 35 36 37 38 38 39 40 41 42 43 44 45 46 47 48 49 50 51 52 53]
2026-03-20 15:50:31,138{GMT}	INFO	[jepsen worker 1] jepsen.util: 1	:invoke	:broadcast	54
2026-03-20 15:50:31,139{GMT}	INFO	[jepsen worker 1] jepsen.util: 1	:ok	:broadcast	54
2026-03-20 15:50:31,307{GMT}	INFO	[jepsen worker 2] jepsen.util: 2	:invoke	:read	nil
2026-03-20 15:50:31,309{GMT}	INFO	[jepsen worker 2] jepsen.util: 2	:ok	:read	[1 3 6 7 8 9 10 11 12 13 14 15 16 17 18 19 20 21 22 23 24 25 26 27 28 29 30 31 32 33 34 35 36 37 38 39 40 41 42 43 44 45 46 47 48 49 50 51 52 53 54]
2026-03-20 15:50:31,456{GMT}	INFO	[jepsen worker 3] jepsen.util: 3	:invoke	:read	nil
2026-03-20 15:50:31,457{GMT}	INFO	[jepsen worker 3] jepsen.util: 3	:ok	:read	[0 2 4 5 7 8 9 10 11 12 13 14 15 16 17 18 19 20 21 22 23 24 25 26 27 28 29 30 31 32 33 34 35 36 37 38 39 40 41 42 43 44 45 46 47 48 49 50 51 52 53 54]
2026-03-20 15:50:31,640{GMT}	INFO	[jepsen worker 4] jepsen.util: 4	:invoke	:broadcast	55
2026-03-20 15:50:31,641{GMT}	INFO	[jepsen worker 4] jepsen.util: 4	:ok	:broadcast	55
2026-03-20 15:50:31,828{GMT}	INFO	[jepsen worker 0] jepsen.util: 0	:invoke	:broadcast	56
2026-03-20 15:50:31,829{GMT}	INFO	[jepsen worker 0] jepsen.util: 0	:ok	:broadcast	56
2026-03-20 15:50:31,911{GMT}	INFO	[jepsen worker 0] jepsen.util: 0	:invoke	:read	nil
2026-03-20 15:50:31,912{GMT}	INFO	[jepsen worker 0] jepsen.util: 0	:ok	:read	[0 2 4 5 7 8 9 10 11 12 13 14 15 16 17 18 19 20 21 22 23 24 25 26 27 28 29 30 31 32 33 34 35 36 37 38 38 39 40 41 42 43 44 45 46 47 48 49 50 51 52 53 54 55 56]
2026-03-20 15:50:31,919{GMT}	INFO	[jepsen worker 1] jepsen.util: 1	:invoke	:read	nil
2026-03-20 15:50:31,920{GMT}	INFO	[jepsen worker 1] jepsen.util: 1	:ok	:read	[1 3 6 7 8 9 10 11 12 13 14 15 16 17 18 19 20 21 22 23 24 25 26 27 28 29 30 31 32 33 34 35 36 37 38 39 40 41 42 43 44 45 46 47 48 49 50 51 52 53 54 55 56]
2026-03-20 15:50:32,047{GMT}	INFO	[jepsen worker 2] jepsen.util: 2	:invoke	:broadcast	57
2026-03-20 15:50:32,048{GMT}	INFO	[jepsen worker 2] jepsen.util: 2	:ok	:broadcast	57
2026-03-20 15:50:32,121{GMT}	INFO	[jepsen worker 3] jepsen.util: 3	:invoke	:read	nil
2026-03-20 15:50:32,123{GMT}	INFO	[jepsen worker 3] jepsen.util: 3	:ok	:read	[0 2 4 5 7 8 9 10 11 12 13 14 15 16 17 18 19 20 21 22 23 24 25 26 27 28 29 30 31 32 33 34 35 36 37 38 39 40 41 42 43 44 45 46 47 48 49 50 51 52 53 54 55 56 57]
2026-03-20 15:50:32,293{GMT}	INFO	[jepsen worker 4] jepsen.util: 4	:invoke	:broadcast	58
2026-03-20 15:50:32,295{GMT}	INFO	[jepsen worker 4] jepsen.util: 4	:ok	:broadcast	58
2026-03-20 15:50:32,440{GMT}	INFO	[jepsen worker 0] jepsen.util: 0	:invoke	:broadcast	59
2026-03-20 15:50:32,441{GMT}	INFO	[jepsen worker 0] jepsen.util: 0	:ok	:broadcast	59
2026-03-20 15:50:32,612{GMT}	INFO	[jepsen worker 0] jepsen.util: 0	:invoke	:broadcast	60
2026-03-20 15:50:32,613{GMT}	INFO	[jepsen worker 0] jepsen.util: 0	:ok	:broadcast	60
2026-03-20 15:50:32,806{GMT}	INFO	[jepsen worker 1] jepsen.util: 1	:invoke	:read	nil
2026-03-20 15:50:32,808{GMT}	INFO	[jepsen worker 1] jepsen.util: 1	:ok	:read	[1 3 6 7 8 9 10 11 12 13 14 15 16 17 18 19 20 21 22 23 24 25 26 27 28 29 30 31 32 33 34 35 36 37 38 39 40 41 42 43 44 45 46 47 48 49 50 51 52 53 54 55 56 57 58 59 60]
2026-03-20 15:50:32,810{GMT}	INFO	[jepsen worker 2] jepsen.util: 2	:invoke	:read	nil
2026-03-20 15:50:32,812{GMT}	INFO	[jepsen worker 2] jepsen.util: 2	:ok	:read	[1 3 6 7 8 9 10 11 12 13 14 15 16 17 18 19 20 21 22 23 24 25 26 27 28 29 30 31 32 33 34 35 36 37 38 39 40 41 42 43 44 45 46 47 48 49 50 51 52 53 54 55 56 57 58 59 60]
2026-03-20 15:50:32,914{GMT}	INFO	[jepsen worker 3] jepsen.util: 3	:invoke	:broadcast	61
2026-03-20 15:50:32,915{GMT}	INFO	[jepsen worker 3] jepsen.util: 3	:ok	:broadcast	61
2026-03-20 15:50:33,100{GMT}	INFO	[jepsen worker 4] jepsen.util: 4	:invoke	:broadcast	62
2026-03-20 15:50:33,102{GMT}	INFO	[jepsen worker 4] jepsen.util: 4	:ok	:broadcast	62
2026-03-20 15:50:33,122{GMT}	INFO	[jepsen worker 0] jepsen.util: 0	:invoke	:broadcast	63
2026-03-20 15:50:33,123{GMT}	INFO	[jepsen worker 0] jepsen.util: 0	:ok	:broadcast	63
2026-03-20 15:50:33,254{GMT}	INFO	[jepsen worker 0] jepsen.util: 0	:invoke	:broadcast	64
2026-03-20 15:50:33,255{GMT}	INFO	[jepsen worker 0] jepsen.util: 0	:ok	:broadcast	64
2026-03-20 15:50:33,442{GMT}	INFO	[jepsen worker 1] jepsen.util: 1	:invoke	:broadcast	65
2026-03-20 15:50:33,443{GMT}	INFO	[jepsen worker 1] jepsen.util: 1	:ok	:broadcast	65
2026-03-20 15:50:33,560{GMT}	INFO	[jepsen worker 2] jepsen.util: 2	:invoke	:broadcast	66
2026-03-20 15:50:33,562{GMT}	INFO	[jepsen worker 2] jepsen.util: 2	:ok	:broadcast	66
2026-03-20 15:50:33,665{GMT}	INFO	[jepsen worker 3] jepsen.util: 3	:invoke	:read	nil
2026-03-20 15:50:33,666{GMT}	INFO	[jepsen worker 3] jepsen.util: 3	:ok	:read	[0 2 4 5 7 8 9 10 11 12 13 14 15 16 17 18 19 20 21 22 23 24 25 26 27 28 29 30 31 32 33 34 35 36 37 38 39 40 41 42 43 44 45 46 47 48 49 50 51 52 53 54 55 56 57 58 59 60 61 62 63 64 65 66 66]
2026-03-20 15:50:33,747{GMT}	INFO	[jepsen worker 4] jepsen.util: 4	:invoke	:broadcast	67
2026-03-20 15:50:33,748{GMT}	INFO	[jepsen worker 4] jepsen.util: 4	:ok	:broadcast	67
2026-03-20 15:50:33,815{GMT}	INFO	[jepsen worker 0] jepsen.util: 0	:invoke	:read	nil
2026-03-20 15:50:33,816{GMT}	INFO	[jepsen worker 0] jepsen.util: 0	:ok	:read	[0 2 4 5 7 8 9 10 11 12 13 14 15 16 17 18 19 20 21 22 23 24 25 26 27 28 29 30 31 32 33 34 35 36 37 38 38 39 40 41 42 43 44 45 46 47 48 49 50 51 52 53 54 55 56 57 58 59 60 61 62 63 64 65 66 67 67]
2026-03-20 15:50:33,919{GMT}	INFO	[jepsen worker 0] jepsen.util: 0	:invoke	:read	nil
2026-03-20 15:50:33,920{GMT}	INFO	[jepsen worker 0] jepsen.util: 0	:ok	:read	[0 2 4 5 7 8 9 10 11 12 13 14 15 16 17 18 19 20 21 22 23 24 25 26 27 28 29 30 31 32 33 34 35 36 37 38 38 39 40 41 42 43 44 45 46 47 48 49 50 51 52 53 54 55 56 57 58 59 60 61 62 63 64 65 66 67 67]
2026-03-20 15:50:34,044{GMT}	INFO	[jepsen worker 1] jepsen.util: 1	:invoke	:read	nil
2026-03-20 15:50:34,046{GMT}	INFO	[jepsen worker 1] jepsen.util: 1	:ok	:read	[1 3 6 7 8 9 10 11 12 13 14 15 16 17 18 19 20 21 22 23 24 25 26 27 28 29 30 31 32 33 34 35 36 37 38 39 40 41 42 43 44 45 46 47 48 49 50 51 52 53 54 55 56 57 58 59 60 61 62 63 64 65 66 67]
2026-03-20 15:50:34,104{GMT}	INFO	[jepsen worker 2] jepsen.util: 2	:invoke	:read	nil
2026-03-20 15:50:34,106{GMT}	INFO	[jepsen worker 2] jepsen.util: 2	:ok	:read	[1 3 6 7 8 9 10 11 12 13 14 15 16 17 18 19 20 21 22 23 24 25 26 27 28 29 30 31 32 33 34 35 36 37 38 39 40 41 42 43 44 45 46 47 48 49 50 51 52 53 54 55 56 57 58 59 60 61 62 63 64 65 66 67]
2026-03-20 15:50:34,272{GMT}	INFO	[jepsen worker 3] jepsen.util: 3	:invoke	:read	nil
2026-03-20 15:50:34,274{GMT}	INFO	[jepsen worker 3] jepsen.util: 3	:ok	:read	[0 2 4 5 7 8 9 10 11 12 13 14 15 16 17 18 19 20 21 22 23 24 25 26 27 28 29 30 31 32 33 34 35 36 37 38 39 40 41 42 43 44 45 46 47 48 49 50 51 52 53 54 55 56 57 58 59 60 61 62 63 64 65 66 66 67]
2026-03-20 15:50:34,354{GMT}	INFO	[jepsen worker 4] jepsen.util: 4	:invoke	:broadcast	68
2026-03-20 15:50:34,355{GMT}	INFO	[jepsen worker 4] jepsen.util: 4	:ok	:broadcast	68
2026-03-20 15:50:34,505{GMT}	INFO	[jepsen worker 0] jepsen.util: 0	:invoke	:read	nil
2026-03-20 15:50:34,507{GMT}	INFO	[jepsen worker 0] jepsen.util: 0	:ok	:read	[0 2 4 5 7 8 9 10 11 12 13 14 15 16 17 18 19 20 21 22 23 24 25 26 27 28 29 30 31 32 33 34 35 36 37 38 38 39 40 41 42 43 44 45 46 47 48 49 50 51 52 53 54 55 56 57 58 59 60 61 62 63 64 65 66 67 67 68]
2026-03-20 15:50:34,672{GMT}	INFO	[jepsen worker 0] jepsen.util: 0	:invoke	:broadcast	69
2026-03-20 15:50:34,673{GMT}	INFO	[jepsen worker 0] jepsen.util: 0	:ok	:broadcast	69
2026-03-20 15:50:34,856{GMT}	INFO	[jepsen worker 1] jepsen.util: 1	:invoke	:read	nil
2026-03-20 15:50:34,857{GMT}	INFO	[jepsen worker 1] jepsen.util: 1	:ok	:read	[1 3 6 7 8 9 10 11 12 13 14 15 16 17 18 19 20 21 22 23 24 25 26 27 28 29 30 31 32 33 34 35 36 37 38 39 40 41 42 43 44 45 46 47 48 49 50 51 52 53 54 55 56 57 58 59 60 61 62 63 64 65 66 67 68 69]
2026-03-20 15:50:34,913{GMT}	INFO	[jepsen worker 2] jepsen.util: 2	:invoke	:read	nil
2026-03-20 15:50:34,915{GMT}	INFO	[jepsen worker 2] jepsen.util: 2	:ok	:read	[1 3 6 7 8 9 10 11 12 13 14 15 16 17 18 19 20 21 22 23 24 25 26 27 28 29 30 31 32 33 34 35 36 37 38 39 40 41 42 43 44 45 46 47 48 49 50 51 52 53 54 55 56 57 58 59 60 61 62 63 64 65 66 67 68 69]
2026-03-20 15:50:35,085{GMT}	INFO	[jepsen worker 3] jepsen.util: 3	:invoke	:read	nil
2026-03-20 15:50:35,086{GMT}	INFO	[jepsen worker 3] jepsen.util: 3	:ok	:read	[0 2 4 5 7 8 9 10 11 12 13 14 15 16 17 18 19 20 21 22 23 24 25 26 27 28 29 30 31 32 33 34 35 36 37 38 39 40 41 42 43 44 45 46 47 48 49 50 51 52 53 54 55 56 57 58 59 60 61 62 63 64 65 66 66 67 68 69]
2026-03-20 15:50:35,183{GMT}	INFO	[jepsen worker 4] jepsen.util: 4	:invoke	:read	nil
2026-03-20 15:50:35,184{GMT}	INFO	[jepsen worker 4] jepsen.util: 4	:ok	:read	[1 3 6 7 7 8 9 10 11 12 13 14 15 16 17 18 19 20 21 22 23 24 25 26 27 28 29 30 31 32 33 34 35 36 37 38 39 40 41 42 43 44 45 46 47 48 49 50 51 52 53 54 55 56 57 58 59 60 61 62 63 64 65 66 67 68 69]
2026-03-20 15:50:35,316{GMT}	INFO	[jepsen worker 0] jepsen.util: 0	:invoke	:read	nil
2026-03-20 15:50:35,317{GMT}	INFO	[jepsen worker 0] jepsen.util: 0	:ok	:read	[0 2 4 5 7 8 9 10 11 12 13 14 15 16 17 18 19 20 21 22 23 24 25 26 27 28 29 30 31 32 33 34 35 36 37 38 38 39 40 41 42 43 44 45 46 47 48 49 50 51 52 53 54 55 56 57 58 59 60 61 62 63 64 65 66 67 67 68 69]
2026-03-20 15:50:35,479{GMT}	INFO	[jepsen worker 0] jepsen.util: 0	:invoke	:broadcast	70
2026-03-20 15:50:35,481{GMT}	INFO	[jepsen worker 0] jepsen.util: 0	:ok	:broadcast	70
2026-03-20 15:50:35,485{GMT}	INFO	[jepsen worker 1] jepsen.util: 1	:invoke	:read	nil
2026-03-20 15:50:35,486{GMT}	INFO	[jepsen worker 1] jepsen.util: 1	:ok	:read	[1 3 6 7 8 9 10 11 12 13 14 15 16 17 18 19 20 21 22 23 24 25 26 27 28 29 30 31 32 33 34 35 36 37 38 39 40 41 42 43 44 45 46 47 48 49 50 51 52 53 54 55 56 57 58 59 60 61 62 63 64 65 66 67 68 69 70]
2026-03-20 15:50:35,606{GMT}	INFO	[jepsen worker 2] jepsen.util: 2	:invoke	:broadcast	71
2026-03-20 15:50:35,608{GMT}	INFO	[jepsen worker 2] jepsen.util: 2	:ok	:broadcast	71
2026-03-20 15:50:35,636{GMT}	INFO	[jepsen worker 3] jepsen.util: 3	:invoke	:broadcast	72
2026-03-20 15:50:35,638{GMT}	INFO	[jepsen worker 3] jepsen.util: 3	:ok	:broadcast	72
2026-03-20 15:50:35,640{GMT}	INFO	[jepsen worker 4] jepsen.util: 4	:invoke	:read	nil
2026-03-20 15:50:35,641{GMT}	INFO	[jepsen worker 4] jepsen.util: 4	:ok	:read	[1 3 6 7 7 8 9 10 11 12 13 14 15 16 17 18 19 20 21 22 23 24 25 26 27 28 29 30 31 32 33 34 35 36 37 38 39 40 41 42 43 44 45 46 47 48 49 50 51 52 53 54 55 56 57 58 59 60 61 62 63 64 65 66 67 68 69 70 71 72]
2026-03-20 15:50:35,831{GMT}	INFO	[jepsen worker 0] jepsen.util: 0	:invoke	:broadcast	73
2026-03-20 15:50:35,832{GMT}	INFO	[jepsen worker 0] jepsen.util: 0	:ok	:broadcast	73
2026-03-20 15:50:35,872{GMT}	INFO	[jepsen worker 0] jepsen.util: 0	:invoke	:read	nil
2026-03-20 15:50:35,873{GMT}	INFO	[jepsen worker 0] jepsen.util: 0	:ok	:read	[0 2 4 5 7 8 9 10 11 12 13 14 15 16 17 18 19 20 21 22 23 24 25 26 27 28 29 30 31 32 33 34 35 36 37 38 38 39 40 41 42 43 44 45 46 47 48 49 50 51 52 53 54 55 56 57 58 59 60 61 62 63 64 65 66 67 67 68 69 70 71 72 73]
2026-03-20 15:50:36,064{GMT}	INFO	[jepsen worker 1] jepsen.util: 1	:invoke	:read	nil
2026-03-20 15:50:36,065{GMT}	INFO	[jepsen worker 1] jepsen.util: 1	:ok	:read	[1 3 6 7 8 9 10 11 12 13 14 15 16 17 18 19 20 21 22 23 24 25 26 27 28 29 30 31 32 33 34 35 36 37 38 39 40 41 42 43 44 45 46 47 48 49 50 51 52 53 54 55 56 57 58 59 60 61 62 63 64 65 66 67 68 69 70 71 72 73]
2026-03-20 15:50:36,081{GMT}	INFO	[jepsen worker 2] jepsen.util: 2	:invoke	:read	nil
2026-03-20 15:50:36,082{GMT}	INFO	[jepsen worker 2] jepsen.util: 2	:ok	:read	[1 3 6 7 8 9 10 11 12 13 14 15 16 17 18 19 20 21 22 23 24 25 26 27 28 29 30 31 32 33 34 35 36 37 38 39 40 41 42 43 44 45 46 47 48 49 50 51 52 53 54 55 56 57 58 59 60 61 62 63 64 65 66 67 68 69 70 71 72 73]
2026-03-20 15:50:36,103{GMT}	INFO	[jepsen worker 3] jepsen.util: 3	:invoke	:read	nil
2026-03-20 15:50:36,104{GMT}	INFO	[jepsen worker 3] jepsen.util: 3	:ok	:read	[0 2 4 5 7 8 9 10 11 12 13 14 15 16 17 18 19 20 21 22 23 24 25 26 27 28 29 30 31 32 33 34 35 36 37 38 39 40 41 42 43 44 45 46 47 48 49 50 51 52 53 54 55 56 57 58 59 60 61 62 63 64 65 66 66 67 68 69 70 71 72 73]
2026-03-20 15:50:36,223{GMT}	INFO	[jepsen worker 4] jepsen.util: 4	:invoke	:broadcast	74
2026-03-20 15:50:36,225{GMT}	INFO	[jepsen worker 4] jepsen.util: 4	:ok	:broadcast	74
2026-03-20 15:50:36,327{GMT}	INFO	[jepsen worker 0] jepsen.util: 0	:invoke	:read	nil
2026-03-20 15:50:36,328{GMT}	INFO	[jepsen worker 0] jepsen.util: 0	:ok	:read	[0 2 4 5 7 8 9 10 11 12 13 14 15 16 17 18 19 20 21 22 23 24 25 26 27 28 29 30 31 32 33 34 35 36 37 38 38 39 40 41 42 43 44 45 46 47 48 49 50 51 52 53 54 55 56 57 58 59 60 61 62 63 64 65 66 67 67 68 69 70 71 72 73 74]
2026-03-20 15:50:36,408{GMT}	INFO	[jepsen worker 0] jepsen.util: 0	:invoke	:broadcast	75
2026-03-20 15:50:36,409{GMT}	INFO	[jepsen worker 0] jepsen.util: 0	:ok	:broadcast	75
2026-03-20 15:50:36,491{GMT}	INFO	[jepsen worker 1] jepsen.util: 1	:invoke	:broadcast	76
2026-03-20 15:50:36,492{GMT}	INFO	[jepsen worker 1] jepsen.util: 1	:ok	:broadcast	76
2026-03-20 15:50:36,613{GMT}	INFO	[jepsen worker 2] jepsen.util: 2	:invoke	:broadcast	77
2026-03-20 15:50:36,615{GMT}	INFO	[jepsen worker 2] jepsen.util: 2	:ok	:broadcast	77
2026-03-20 15:50:36,698{GMT}	INFO	[jepsen worker 3] jepsen.util: 3	:invoke	:broadcast	78
2026-03-20 15:50:36,700{GMT}	INFO	[jepsen worker 3] jepsen.util: 3	:ok	:broadcast	78
2026-03-20 15:50:36,720{GMT}	INFO	[jepsen worker 4] jepsen.util: 4	:invoke	:broadcast	79
2026-03-20 15:50:36,722{GMT}	INFO	[jepsen worker 4] jepsen.util: 4	:ok	:broadcast	79
2026-03-20 15:50:36,844{GMT}	INFO	[jepsen worker 0] jepsen.util: 0	:invoke	:read	nil
2026-03-20 15:50:36,846{GMT}	INFO	[jepsen worker 0] jepsen.util: 0	:ok	:read	[0 2 4 5 7 8 9 10 11 12 13 14 15 16 17 18 19 20 21 22 23 24 25 26 27 28 29 30 31 32 33 34 35 36 37 38 38 39 40 41 42 43 44 45 46 47 48 49 50 51 52 53 54 55 56 57 58 59 60 61 62 63 64 65 66 67 67 68 69 70 71 72 73 74 75 76 77 78 79]
2026-03-20 15:50:36,936{GMT}	INFO	[jepsen worker 0] jepsen.util: 0	:invoke	:broadcast	80
2026-03-20 15:50:36,937{GMT}	INFO	[jepsen worker 0] jepsen.util: 0	:ok	:broadcast	80
2026-03-20 15:50:36,961{GMT}	INFO	[jepsen worker 1] jepsen.util: 1	:invoke	:read	nil
2026-03-20 15:50:36,962{GMT}	INFO	[jepsen worker 1] jepsen.util: 1	:ok	:read	[1 3 6 7 8 9 10 11 12 13 14 15 16 17 18 19 20 21 22 23 24 25 26 27 28 29 30 31 32 33 34 35 36 37 38 39 40 41 42 43 44 45 46 47 48 49 50 51 52 53 54 55 56 57 58 59 60 61 62 63 64 65 66 67 68 69 70 71 72 73 74 75 76 77 78 79 80]
2026-03-20 15:50:37,106{GMT}	INFO	[jepsen worker 2] jepsen.util: 2	:invoke	:read	nil
2026-03-20 15:50:37,108{GMT}	INFO	[jepsen worker 2] jepsen.util: 2	:ok	:read	[1 3 6 7 8 9 10 11 12 13 14 15 16 17 18 19 20 21 22 23 24 25 26 27 28 29 30 31 32 33 34 35 36 37 38 39 40 41 42 43 44 45 46 47 48 49 50 51 52 53 54 55 56 57 58 59 60 61 62 63 64 65 66 67 68 69 70 71 72 73 74 75 76 77 78 79 80]
2026-03-20 15:50:37,230{GMT}	INFO	[jepsen worker 3] jepsen.util: 3	:invoke	:broadcast	81
2026-03-20 15:50:37,232{GMT}	INFO	[jepsen worker 3] jepsen.util: 3	:ok	:broadcast	81
2026-03-20 15:50:37,354{GMT}	INFO	[jepsen worker 4] jepsen.util: 4	:invoke	:read	nil
2026-03-20 15:50:37,355{GMT}	INFO	[jepsen worker 4] jepsen.util: 4	:ok	:read	[1 3 6 7 7 8 9 10 11 12 13 14 15 16 17 18 19 20 21 22 23 24 25 26 27 28 29 30 31 32 33 34 35 36 37 38 39 40 41 42 43 44 45 46 47 48 49 50 51 52 53 54 55 56 57 58 59 60 61 62 63 64 65 66 67 68 69 70 71 72 73 74 75 75 76 77 78 79 80 81]
2026-03-20 15:50:37,460{GMT}	INFO	[jepsen worker 0] jepsen.util: 0	:invoke	:read	nil
2026-03-20 15:50:37,462{GMT}	INFO	[jepsen worker 0] jepsen.util: 0	:ok	:read	[0 2 4 5 7 8 9 10 11 12 13 14 15 16 17 18 19 20 21 22 23 24 25 26 27 28 29 30 31 32 33 34 35 36 37 38 38 39 40 41 42 43 44 45 46 47 48 49 50 51 52 53 54 55 56 57 58 59 60 61 62 63 64 65 66 67 67 68 69 70 71 72 73 74 75 76 77 78 79 80 81]
2026-03-20 15:50:37,543{GMT}	INFO	[jepsen worker 0] jepsen.util: 0	:invoke	:broadcast	82
2026-03-20 15:50:37,544{GMT}	INFO	[jepsen worker 0] jepsen.util: 0	:ok	:broadcast	82
2026-03-20 15:50:37,676{GMT}	INFO	[jepsen worker 1] jepsen.util: 1	:invoke	:broadcast	83
2026-03-20 15:50:37,678{GMT}	INFO	[jepsen worker 1] jepsen.util: 1	:ok	:broadcast	83
2026-03-20 15:50:37,701{GMT}	INFO	[jepsen worker 2] jepsen.util: 2	:invoke	:broadcast	84
2026-03-20 15:50:37,702{GMT}	INFO	[jepsen worker 2] jepsen.util: 2	:ok	:broadcast	84
2026-03-20 15:50:37,857{GMT}	INFO	[jepsen worker 3] jepsen.util: 3	:invoke	:read	nil
2026-03-20 15:50:37,859{GMT}	INFO	[jepsen worker 3] jepsen.util: 3	:ok	:read	[0 2 4 5 7 8 9 10 11 12 13 14 15 16 17 18 19 20 21 22 23 24 25 26 27 28 29 30 31 32 33 34 35 36 37 38 39 40 41 42 43 44 45 46 47 48 49 50 51 52 53 54 55 56 57 58 59 60 61 62 63 64 65 66 66 67 68 69 70 71 72 73 74 75 76 77 78 79 80 81 82 83 84]
2026-03-20 15:50:38,028{GMT}	INFO	[jepsen worker 4] jepsen.util: 4	:invoke	:read	nil
2026-03-20 15:50:38,029{GMT}	INFO	[jepsen worker 4] jepsen.util: 4	:ok	:read	[1 3 6 7 7 8 9 10 11 12 13 14 15 16 17 18 19 20 21 22 23 24 25 26 27 28 29 30 31 32 33 34 35 36 37 38 39 40 41 42 43 44 45 46 47 48 49 50 51 52 53 54 55 56 57 58 59 60 61 62 63 64 65 66 67 68 69 70 71 72 73 74 75 75 76 77 78 79 80 81 82 83 84]
2026-03-20 15:50:38,047{GMT}	INFO	[jepsen worker 0] jepsen.util: 0	:invoke	:read	nil
2026-03-20 15:50:38,048{GMT}	INFO	[jepsen worker 0] jepsen.util: 0	:ok	:read	[0 2 4 5 7 8 9 10 11 12 13 14 15 16 17 18 19 20 21 22 23 24 25 26 27 28 29 30 31 32 33 34 35 36 37 38 38 39 40 41 42 43 44 45 46 47 48 49 50 51 52 53 54 55 56 57 58 59 60 61 62 63 64 65 66 67 67 68 69 70 71 72 73 74 75 76 77 78 79 80 81 82 83 84]
2026-03-20 15:50:38,113{GMT}	INFO	[jepsen worker 0] jepsen.util: 0	:invoke	:read	nil
2026-03-20 15:50:38,114{GMT}	INFO	[jepsen worker 0] jepsen.util: 0	:ok	:read	[0 2 4 5 7 8 9 10 11 12 13 14 15 16 17 18 19 20 21 22 23 24 25 26 27 28 29 30 31 32 33 34 35 36 37 38 38 39 40 41 42 43 44 45 46 47 48 49 50 51 52 53 54 55 56 57 58 59 60 61 62 63 64 65 66 67 67 68 69 70 71 72 73 74 75 76 77 78 79 80 81 82 83 84]
2026-03-20 15:50:38,259{GMT}	INFO	[jepsen worker 1] jepsen.util: 1	:invoke	:broadcast	85
2026-03-20 15:50:38,260{GMT}	INFO	[jepsen worker 1] jepsen.util: 1	:ok	:broadcast	85
2026-03-20 15:50:38,459{GMT}	INFO	[jepsen worker 2] jepsen.util: 2	:invoke	:broadcast	86
2026-03-20 15:50:38,460{GMT}	INFO	[jepsen worker 2] jepsen.util: 2	:ok	:broadcast	86
2026-03-20 15:50:38,498{GMT}	INFO	[jepsen worker 3] jepsen.util: 3	:invoke	:broadcast	87
2026-03-20 15:50:38,499{GMT}	INFO	[jepsen worker 3] jepsen.util: 3	:ok	:broadcast	87
2026-03-20 15:50:38,683{GMT}	INFO	[jepsen worker 4] jepsen.util: 4	:invoke	:broadcast	88
2026-03-20 15:50:38,684{GMT}	INFO	[jepsen worker 4] jepsen.util: 4	:ok	:broadcast	88
2026-03-20 15:50:38,802{GMT}	INFO	[jepsen worker 0] jepsen.util: 0	:invoke	:read	nil
2026-03-20 15:50:38,804{GMT}	INFO	[jepsen worker 0] jepsen.util: 0	:ok	:read	[0 2 4 5 7 8 9 10 11 12 13 14 15 16 17 18 19 20 21 22 23 24 25 26 27 28 29 30 31 32 33 34 35 36 37 38 38 39 40 41 42 43 44 45 46 47 48 49 50 51 52 53 54 55 56 57 58 59 60 61 62 63 64 65 66 67 67 68 69 70 71 72 73 74 75 76 77 78 79 80 81 82 83 84 85 86 87 88]
2026-03-20 15:50:38,940{GMT}	INFO	[jepsen worker 0] jepsen.util: 0	:invoke	:read	nil
2026-03-20 15:50:38,941{GMT}	INFO	[jepsen worker 1] jepsen.util: 1	:invoke	:read	nil
2026-03-20 15:50:38,942{GMT}	INFO	[jepsen worker 1] jepsen.util: 1	:ok	:read	[1 3 6 7 8 9 10 11 12 13 14 15 16 17 18 19 20 21 22 23 24 25 26 27 28 29 30 31 32 33 34 35 36 37 38 39 40 41 42 43 44 45 46 47 48 49 50 51 52 53 54 55 56 57 58 59 60 61 62 63 64 65 66 67 68 69 70 71 72 73 74 75 76 77 78 79 80 81 82 83 84 85 86 87 88]
2026-03-20 15:50:38,942{GMT}	INFO	[jepsen worker 0] jepsen.util: 0	:ok	:read	[0 2 4 5 7 8 9 10 11 12 13 14 15 16 17 18 19 20 21 22 23 24 25 26 27 28 29 30 31 32 33 34 35 36 37 38 38 39 40 41 42 43 44 45 46 47 48 49 50 51 52 53 54 55 56 57 58 59 60 61 62 63 64 65 66 67 67 68 69 70 71 72 73 74 75 76 77 78 79 80 81 82 83 84 85 86 87 88]
2026-03-20 15:50:39,058{GMT}	INFO	[jepsen worker 2] jepsen.util: 2	:invoke	:read	nil
2026-03-20 15:50:39,060{GMT}	INFO	[jepsen worker 2] jepsen.util: 2	:ok	:read	[1 3 6 7 8 9 10 11 12 13 14 15 16 17 18 19 20 21 22 23 24 25 26 27 28 29 30 31 32 33 34 35 36 37 38 39 40 41 42 43 44 45 46 47 48 49 50 51 52 53 54 55 56 57 58 59 60 61 62 63 64 65 66 67 68 69 70 71 72 73 74 75 76 77 78 79 80 81 82 83 84 85 86 87 88]
2026-03-20 15:50:39,252{GMT}	INFO	[jepsen worker 3] jepsen.util: 3	:invoke	:read	nil
2026-03-20 15:50:39,253{GMT}	INFO	[jepsen worker 3] jepsen.util: 3	:ok	:read	[0 2 4 5 7 8 9 10 11 12 13 14 15 16 17 18 19 20 21 22 23 24 25 26 27 28 29 30 31 32 33 34 35 36 37 38 39 40 41 42 43 44 45 46 47 48 49 50 51 52 53 54 55 56 57 58 59 60 61 62 63 64 65 66 66 67 68 69 70 71 72 73 74 75 76 77 78 79 80 81 82 83 84 85 86 87 88]
2026-03-20 15:50:39,258{GMT}	INFO	[jepsen worker 4] jepsen.util: 4	:invoke	:broadcast	89
2026-03-20 15:50:39,259{GMT}	INFO	[jepsen worker 4] jepsen.util: 4	:ok	:broadcast	89
2026-03-20 15:50:39,329{GMT}	INFO	[jepsen worker 0] jepsen.util: 0	:invoke	:broadcast	90
2026-03-20 15:50:39,330{GMT}	INFO	[jepsen worker 0] jepsen.util: 0	:ok	:broadcast	90
2026-03-20 15:50:39,524{GMT}	INFO	[jepsen worker 0] jepsen.util: 0	:invoke	:read	nil
2026-03-20 15:50:39,525{GMT}	INFO	[jepsen worker 0] jepsen.util: 0	:ok	:read	[0 2 4 5 7 8 9 10 11 12 13 14 15 16 17 18 19 20 21 22 23 24 25 26 27 28 29 30 31 32 33 34 35 36 37 38 38 39 40 41 42 43 44 45 46 47 48 49 50 51 52 53 54 55 56 57 58 59 60 61 62 63 64 65 66 67 67 68 69 70 71 72 73 74 75 76 77 78 79 80 81 82 83 84 85 86 87 88 89 90]
2026-03-20 15:50:39,627{GMT}	INFO	[jepsen worker 1] jepsen.util: 1	:invoke	:read	nil
2026-03-20 15:50:39,628{GMT}	INFO	[jepsen worker 1] jepsen.util: 1	:ok	:read	[1 3 6 7 8 9 10 11 12 13 14 15 16 17 18 19 20 21 22 23 24 25 26 27 28 29 30 31 32 33 34 35 36 37 38 39 40 41 42 43 44 45 46 47 48 49 50 51 52 53 54 55 56 57 58 59 60 61 62 63 64 65 66 67 68 69 70 71 72 73 74 75 76 77 78 79 80 81 82 83 84 85 86 87 88 89 90]
2026-03-20 15:50:39,788{GMT}	INFO	[jepsen worker 2] jepsen.util: 2	:invoke	:broadcast	91
2026-03-20 15:50:39,789{GMT}	INFO	[jepsen worker 2] jepsen.util: 2	:ok	:broadcast	91
2026-03-20 15:50:39,907{GMT}	INFO	[jepsen worker 3] jepsen.util: 3	:invoke	:read	nil
2026-03-20 15:50:39,909{GMT}	INFO	[jepsen worker 3] jepsen.util: 3	:ok	:read	[0 2 4 5 7 8 9 10 11 12 13 14 15 16 17 18 19 20 21 22 23 24 25 26 27 28 29 30 31 32 33 34 35 36 37 38 39 40 41 42 43 44 45 46 47 48 49 50 51 52 53 54 55 56 57 58 59 60 61 62 63 64 65 66 66 67 68 69 70 71 72 73 74 75 76 77 78 79 80 81 82 83 84 85 86 87 88 89 90 91]
2026-03-20 15:50:40,031{GMT}	INFO	[jepsen worker 4] jepsen.util: 4	:invoke	:read	nil
2026-03-20 15:50:40,032{GMT}	INFO	[jepsen worker 4] jepsen.util: 4	:ok	:read	[1 3 6 7 7 8 9 10 11 12 13 14 15 16 17 18 19 20 21 22 23 24 25 26 27 28 29 30 31 32 33 34 35 36 37 38 39 40 41 42 43 44 45 46 47 48 49 50 51 52 53 54 55 56 57 58 59 60 61 62 63 64 65 66 67 68 69 70 71 72 73 74 75 75 76 77 78 79 80 81 82 83 84 85 86 87 88 89 90 91]
2026-03-20 15:50:40,109{GMT}	INFO	[jepsen worker 0] jepsen.util: 0	:invoke	:broadcast	92
2026-03-20 15:50:40,110{GMT}	INFO	[jepsen worker 0] jepsen.util: 0	:ok	:broadcast	92
2026-03-20 15:50:40,187{GMT}	INFO	[jepsen worker nemesis] jepsen.util: :nemesis	:info	:start-partition	:majority
2026-03-20 15:50:40,188{GMT}	INFO	[jepsen worker nemesis] jepsen.util: :nemesis	:info	:start-partition	[:isolated {"n2" #{"n1" "n4" "n0"}, "n3" #{"n1" "n4" "n0"}, "n1" #{"n2" "n3"}, "n4" #{"n2" "n3"}, "n0" #{"n2" "n3"}}]
2026-03-20 15:50:40,240{GMT}	INFO	[jepsen worker 1] jepsen.util: 1	:invoke	:read	nil
2026-03-20 15:50:40,241{GMT}	INFO	[jepsen worker 1] jepsen.util: 1	:ok	:read	[1 3 6 7 8 9 10 11 12 13 14 15 16 17 18 19 20 21 22 23 24 25 26 27 28 29 30 31 32 33 34 35 36 37 38 39 40 41 42 43 44 45 46 47 48 49 50 51 52 53 54 55 56 57 58 59 60 61 62 63 64 65 66 67 68 69 70 71 72 73 74 75 76 77 78 79 80 81 82 83 84 85 86 87 88 89 90 91 92]
2026-03-20 15:50:40,314{GMT}	INFO	[jepsen worker 2] jepsen.util: 2	:invoke	:broadcast	93
2026-03-20 15:50:40,315{GMT}	INFO	[jepsen worker 2] jepsen.util: 2	:ok	:broadcast	93
2026-03-20 15:50:40,465{GMT}	INFO	[jepsen worker 3] jepsen.util: 3	:invoke	:read	nil
2026-03-20 15:50:40,467{GMT}	INFO	[jepsen worker 3] jepsen.util: 3	:ok	:read	[0 2 4 5 7 8 9 10 11 12 13 14 15 16 17 18 19 20 21 22 23 24 25 26 27 28 29 30 31 32 33 34 35 36 37 38 39 40 41 42 43 44 45 46 47 48 49 50 51 52 53 54 55 56 57 58 59 60 61 62 63 64 65 66 66 67 68 69 70 71 72 73 74 75 76 77 78 79 80 81 82 83 84 85 86 87 88 89 90 91 92]
2026-03-20 15:50:40,595{GMT}	INFO	[jepsen worker 4] jepsen.util: 4	:invoke	:read	nil
2026-03-20 15:50:40,596{GMT}	INFO	[jepsen worker 4] jepsen.util: 4	:ok	:read	[1 3 6 7 7 8 9 10 11 12 13 14 15 16 17 18 19 20 21 22 23 24 25 26 27 28 29 30 31 32 33 34 35 36 37 38 39 40 41 42 43 44 45 46 47 48 49 50 51 52 53 54 55 56 57 58 59 60 61 62 63 64 65 66 67 68 69 70 71 72 73 74 75 75 76 77 78 79 80 81 82 83 84 85 86 87 88 89 90 91 92]
2026-03-20 15:50:40,763{GMT}	INFO	[jepsen worker 0] jepsen.util: 0	:invoke	:read	nil
2026-03-20 15:50:40,764{GMT}	INFO	[jepsen worker 0] jepsen.util: 0	:ok	:read	[0 2 4 5 7 8 9 10 11 12 13 14 15 16 17 18 19 20 21 22 23 24 25 26 27 28 29 30 31 32 33 34 35 36 37 38 38 39 40 41 42 43 44 45 46 47 48 49 50 51 52 53 54 55 56 57 58 59 60 61 62 63 64 65 66 67 67 68 69 70 71 72 73 74 75 76 77 78 79 80 81 82 83 84 85 86 87 88 89 90 91 92]
2026-03-20 15:50:40,913{GMT}	INFO	[jepsen worker 0] jepsen.util: 0	:invoke	:broadcast	94
2026-03-20 15:50:40,914{GMT}	INFO	[jepsen worker 0] jepsen.util: 0	:ok	:broadcast	94
2026-03-20 15:50:40,979{GMT}	INFO	[jepsen worker 1] jepsen.util: 1	:invoke	:read	nil
2026-03-20 15:50:40,980{GMT}	INFO	[jepsen worker 1] jepsen.util: 1	:ok	:read	[1 3 6 7 8 9 10 11 12 13 14 15 16 17 18 19 20 21 22 23 24 25 26 27 28 29 30 31 32 33 34 35 36 37 38 39 40 41 42 43 44 45 46 47 48 49 50 51 52 53 54 55 56 57 58 59 60 61 62 63 64 65 66 67 68 69 70 71 72 73 74 75 76 77 78 79 80 81 82 83 84 85 86 87 88 89 90 91 92 94]
2026-03-20 15:50:40,996{GMT}	INFO	[jepsen worker 2] jepsen.util: 2	:invoke	:read	nil
2026-03-20 15:50:40,997{GMT}	INFO	[jepsen worker 2] jepsen.util: 2	:ok	:read	[1 3 6 7 8 9 10 11 12 13 14 15 16 17 18 19 20 21 22 23 24 25 26 27 28 29 30 31 32 33 34 35 36 37 38 39 40 41 42 43 44 45 46 47 48 49 50 51 52 53 54 55 56 57 58 59 60 61 62 63 64 65 66 67 68 69 70 71 72 73 74 75 76 77 78 79 80 81 82 83 84 85 86 87 88 89 90 91 92 93]
2026-03-20 15:50:41,000{GMT}	INFO	[jepsen worker 3] jepsen.util: 3	:invoke	:read	nil
2026-03-20 15:50:41,001{GMT}	INFO	[jepsen worker 3] jepsen.util: 3	:ok	:read	[0 2 4 5 7 8 9 10 11 12 13 14 15 16 17 18 19 20 21 22 23 24 25 26 27 28 29 30 31 32 33 34 35 36 37 38 39 40 41 42 43 44 45 46 47 48 49 50 51 52 53 54 55 56 57 58 59 60 61 62 63 64 65 66 66 67 68 69 70 71 72 73 74 75 76 77 78 79 80 81 82 83 84 85 86 87 88 89 90 91 92]
2026-03-20 15:50:41,073{GMT}	INFO	[jepsen worker 4] jepsen.util: 4	:invoke	:read	nil
2026-03-20 15:50:41,075{GMT}	INFO	[jepsen worker 4] jepsen.util: 4	:ok	:read	[1 3 6 7 7 8 9 10 11 12 13 14 15 16 17 18 19 20 21 22 23 24 25 26 27 28 29 30 31 32 33 34 35 36 37 38 39 40 41 42 43 44 45 46 47 48 49 50 51 52 53 54 55 56 57 58 59 60 61 62 63 64 65 66 67 68 69 70 71 72 73 74 75 75 76 77 78 79 80 81 82 83 84 85 86 87 88 89 90 91 92 94]
2026-03-20 15:50:41,252{GMT}	INFO	[jepsen worker 0] jepsen.util: 0	:invoke	:broadcast	95
2026-03-20 15:50:41,254{GMT}	INFO	[jepsen worker 0] jepsen.util: 0	:ok	:broadcast	95
2026-03-20 15:50:41,335{GMT}	INFO	[jepsen worker 0] jepsen.util: 0	:invoke	:read	nil
2026-03-20 15:50:41,336{GMT}	INFO	[jepsen worker 0] jepsen.util: 0	:ok	:read	[0 2 4 5 7 8 9 10 11 12 13 14 15 16 17 18 19 20 21 22 23 24 25 26 27 28 29 30 31 32 33 34 35 36 37 38 38 39 40 41 42 43 44 45 46 47 48 49 50 51 52 53 54 55 56 57 58 59 60 61 62 63 64 65 66 67 67 68 69 70 71 72 73 74 75 76 77 78 79 80 81 82 83 84 85 86 87 88 89 90 91 92 94 95]
2026-03-20 15:50:41,362{GMT}	INFO	[jepsen worker 1] jepsen.util: 1	:invoke	:read	nil
2026-03-20 15:50:41,363{GMT}	INFO	[jepsen worker 1] jepsen.util: 1	:ok	:read	[1 3 6 7 8 9 10 11 12 13 14 15 16 17 18 19 20 21 22 23 24 25 26 27 28 29 30 31 32 33 34 35 36 37 38 39 40 41 42 43 44 45 46 47 48 49 50 51 52 53 54 55 56 57 58 59 60 61 62 63 64 65 66 67 68 69 70 71 72 73 74 75 76 77 78 79 80 81 82 83 84 85 86 87 88 89 90 91 92 94 95]
2026-03-20 15:50:41,419{GMT}	INFO	[jepsen worker 2] jepsen.util: 2	:invoke	:read	nil
2026-03-20 15:50:41,421{GMT}	INFO	[jepsen worker 2] jepsen.util: 2	:ok	:read	[1 3 6 7 8 9 10 11 12 13 14 15 16 17 18 19 20 21 22 23 24 25 26 27 28 29 30 31 32 33 34 35 36 37 38 39 40 41 42 43 44 45 46 47 48 49 50 51 52 53 54 55 56 57 58 59 60 61 62 63 64 65 66 67 68 69 70 71 72 73 74 75 76 77 78 79 80 81 82 83 84 85 86 87 88 89 90 91 92 93]
2026-03-20 15:50:41,478{GMT}	INFO	[jepsen worker 3] jepsen.util: 3	:invoke	:broadcast	96
2026-03-20 15:50:41,479{GMT}	INFO	[jepsen worker 3] jepsen.util: 3	:ok	:broadcast	96
2026-03-20 15:50:41,604{GMT}	INFO	[jepsen worker 4] jepsen.util: 4	:invoke	:broadcast	97
2026-03-20 15:50:41,605{GMT}	INFO	[jepsen worker 4] jepsen.util: 4	:ok	:broadcast	97
2026-03-20 15:50:41,605{GMT}	INFO	[jepsen worker nemesis] jepsen.util: :nemesis	:info	:stop-partition	nil
2026-03-20 15:50:41,605{GMT}	INFO	[jepsen worker nemesis] jepsen.util: :nemesis	:info	:stop-partition	:network-healed
2026-03-20 15:50:41,606{GMT}	INFO	[jepsen worker 0] jepsen.generator.interpreter: Waiting for recovery...
2026-03-20 15:50:51,608{GMT}	INFO	[jepsen worker 0] jepsen.util: 0	:invoke	:read	nil
2026-03-20 15:50:51,609{GMT}	INFO	[jepsen worker 3] jepsen.util: 3	:invoke	:read	nil
2026-03-20 15:50:51,609{GMT}	INFO	[jepsen worker 2] jepsen.util: 2	:invoke	:read	nil
2026-03-20 15:50:51,609{GMT}	INFO	[jepsen worker 4] jepsen.util: 4	:invoke	:read	nil
2026-03-20 15:50:51,609{GMT}	INFO	[jepsen worker 1] jepsen.util: 1	:invoke	:read	nil
2026-03-20 15:50:51,610{GMT}	INFO	[jepsen worker 0] jepsen.util: 0	:ok	:read	[0 2 4 5 7 8 9 10 11 12 13 14 15 16 17 18 19 20 21 22 23 24 25 26 27 28 29 30 31 32 33 34 35 36 37 38 38 39 40 41 42 43 44 45 46 47 48 49 50 51 52 53 54 55 56 57 58 59 60 61 62 63 64 65 66 67 67 68 69 70 71 72 73 74 75 76 77 78 79 80 81 82 83 84 85 86 87 88 89 90 91 92 94 95 97]
2026-03-20 15:50:51,610{GMT}	INFO	[jepsen worker 4] jepsen.util: 4	:ok	:read	[1 3 6 7 7 8 9 10 11 12 13 14 15 16 17 18 19 20 21 22 23 24 25 26 27 28 29 30 31 32 33 34 35 36 37 38 39 40 41 42 43 44 45 46 47 48 49 50 51 52 53 54 55 56 57 58 59 60 61 62 63 64 65 66 67 68 69 70 71 72 73 74 75 75 76 77 78 79 80 81 82 83 84 85 86 87 88 89 90 91 92 94 95 97]
2026-03-20 15:50:51,610{GMT}	INFO	[jepsen worker 3] jepsen.util: 3	:ok	:read	[0 2 4 5 7 8 9 10 11 12 13 14 15 16 17 18 19 20 21 22 23 24 25 26 27 28 29 30 31 32 33 34 35 36 37 38 39 40 41 42 43 44 45 46 47 48 49 50 51 52 53 54 55 56 57 58 59 60 61 62 63 64 65 66 66 67 68 69 70 71 72 73 74 75 76 77 78 79 80 81 82 83 84 85 86 87 88 89 90 91 92 96 97]
2026-03-20 15:50:51,610{GMT}	INFO	[jepsen worker 2] jepsen.util: 2	:ok	:read	[1 3 6 7 8 9 10 11 12 13 14 15 16 17 18 19 20 21 22 23 24 25 26 27 28 29 30 31 32 33 34 35 36 37 38 39 40 41 42 43 44 45 46 47 48 49 50 51 52 53 54 55 56 57 58 59 60 61 62 63 64 65 66 67 68 69 70 71 72 73 74 75 76 77 78 79 80 81 82 83 84 85 86 87 88 89 90 91 92 93 97]
2026-03-20 15:50:51,610{GMT}	INFO	[jepsen worker 1] jepsen.util: 1	:ok	:read	[1 3 6 7 8 9 10 11 12 13 14 15 16 17 18 19 20 21 22 23 24 25 26 27 28 29 30 31 32 33 34 35 36 37 38 39 40 41 42 43 44 45 46 47 48 49 50 51 52 53 54 55 56 57 58 59 60 61 62 63 64 65 66 67 68 69 70 71 72 73 74 75 76 77 78 79 80 81 82 83 84 85 86 87 88 89 90 91 92 94 95 97]
2026-03-20 15:50:51,626{GMT}	INFO	[jepsen test runner] jepsen.core: Run complete, writing
2026-03-20 15:50:51,682{GMT}	INFO	[jepsen node n3] maelstrom.db: Tearing down n3
2026-03-20 15:50:51,682{GMT}	INFO	[jepsen node n0] maelstrom.db: Tearing down n0
2026-03-20 15:50:51,682{GMT}	INFO	[jepsen node n1] maelstrom.db: Tearing down n1
2026-03-20 15:50:51,682{GMT}	INFO	[jepsen node n4] maelstrom.db: Tearing down n4
2026-03-20 15:50:51,682{GMT}	INFO	[jepsen node n2] maelstrom.db: Tearing down n2
2026-03-20 15:50:53,461{GMT}	INFO	[jepsen node n0] maelstrom.net: Shutting down Maelstrom network
2026-03-20 15:50:53,462{GMT}	INFO	[jepsen test runner] jepsen.core: Analyzing...
2026-03-20 15:50:53,723{GMT}	INFO	[jepsen test runner] jepsen.core: Analysis complete
2026-03-20 15:50:53,744{GMT}	INFO	[jepsen results] jepsen.store: Wrote /home/banna/Documents/maelstrom-java/store/broadcast/20260320T155020.036Z/results.edn
2026-03-20 15:50:53,765{GMT}	INFO	[jepsen test runner] jepsen.core: {:perf {:latency-graph {:valid? true},
        :rate-graph {:valid? true},
        :valid? true},
 :timeline {:valid? true},
 :exceptions {:valid? true},
 :stats {:valid? true,
         :count 193,
         :ok-count 193,
         :fail-count 0,
         :info-count 0,
         :by-f {:broadcast {:valid? true,
                            :count 98,
                            :ok-count 98,
                            :fail-count 0,
                            :info-count 0},
                :read {:valid? true,
                       :count 95,
                       :ok-count 95,
                       :fail-count 0,
                       :info-count 0}}},
 :availability {:valid? true, :ok-fraction 1.0},
 :net {:all {:send-count 1340,
             :recv-count 1316,
             :msg-count 1340,
             :msgs-per-op 6.943005},
       :clients {:send-count 406, :recv-count 406, :msg-count 406},
       :servers {:send-count 934,
                 :recv-count 910,
                 :msg-count 934,
                 :msgs-per-op 4.8393784},
       :valid? true},
 :workload {:worst-stale ({:element 1,
                           :outcome :stable,
                           :stable-latency 29807,
                           :lost-latency nil,
                           :known #jepsen.history.Op{:index 5,
                                                     :time 188438402,
                                                     :type :ok,
                                                     :process 2,
                                                     :f :add,
                                                     :value 1},
                           :last-absent #jepsen.history.Op{:index 386,
                                                           :time 29995828699,
                                                           :type :invoke,
                                                           :process 3,
                                                           :f :read,
                                                           :value nil,
                                                           :final? true}}
                          {:element 3,
                           :outcome :stable,
                           :stable-latency 29712,
                           :lost-latency nil,
                           :known #jepsen.history.Op{:index 9,
                                                     :time 283618884,
                                                     :type :ok,
                                                     :process 4,
                                                     :f :add,
                                                     :value 3},
                           :last-absent #jepsen.history.Op{:index 386,
                                                           :time 29995828699,
                                                           :type :invoke,
                                                           :process 3,
                                                           :f :read,
                                                           :value nil,
                                                           :final? true}}
                          {:element 6,
                           :outcome :stable,
                           :stable-latency 29397,
                           :lost-latency nil,
                           :known #jepsen.history.Op{:index 15,
                                                     :time 598066710,
                                                     :type :ok,
                                                     :process 1,
                                                     :f :add,
                                                     :value 6},
                           :last-absent #jepsen.history.Op{:index 386,
                                                           :time 29995828699,
                                                           :type :invoke,
                                                           :process 3,
                                                           :f :read,
                                                           :value nil,
                                                           :final? true}}
                          {:element 94,
                           :outcome :stable,
                           :stable-latency 10693,
                           :lost-latency nil,
                           :known #jepsen.history.Op{:index 361,
                                                     :time 19301910871,
                                                     :type :ok,
                                                     :process 0,
                                                     :f :add,
                                                     :value 94},
                           :last-absent #jepsen.history.Op{:index 386,
                                                           :time 29995828699,
                                                           :type :invoke,
                                                           :process 3,
                                                           :f :read,
                                                           :value nil,
                                                           :final? true}}
                          {:element 95,
                           :outcome :stable,
                           :stable-latency 10354,
                           :lost-latency nil,
                           :known #jepsen.history.Op{:index 371,
                                                     :time 19641122346,
                                                     :type :ok,
                                                     :process 0,
                                                     :f :add,
                                                     :value 95},
                           :last-absent #jepsen.history.Op{:index 386,
                                                           :time 29995828699,
                                                           :type :invoke,
                                                           :process 3,
                                                           :f :read,
                                                           :value nil,
                                                           :final? true}}),
            :duplicated-count 0,
            :valid? false,
            :lost-count 6,
            :lost (0 2 4 5 93 96),
            :stable-count 92,
            :stale-count 5,
            :stale (1 3 6 94 95),
            :never-read-count 0,
            :stable-latencies {0 0,
                               0.5 0,
                               0.95 10354,
                               0.99 29807,
                               1 29807},
            :attempt-count 98,
            :lost-latencies {0 10129,
                             0.5 29664,
                             0.95 29954,
                             0.99 29954,
                             1 29954},
            :never-read (),
            :duplicated {}},
 :valid? false}


Analysis invalid! (ﾉಥ益ಥ）ﾉ ┻━┻
