2026-03-20 15:20:28,637{GMT}	INFO	[jepsen test runner] jepsen.core: Command line:
lein run test -w broadcast --bin run.sh broadcast --node-count 25 --time-limit 20 --rate 100 --latency 100
2026-03-20 15:20:28,742{GMT}	INFO	[jepsen test runner] jepsen.core: Running test:
{:args ["broadcast"]
 :remote
 #jepsen.control.retry.Remote{:remote #jepsen.control.scp.Remote{:cmd-remote #jepsen.control.sshj.SSHJRemote{:concurrency-limit 6,
                                                                                                             :conn-spec nil,
                                                                                                             :client nil,
                                                                                                             :semaphore nil},
                                                                 :conn-spec nil},
                              :conn nil}
 :log-net-send false
 :node-count 25
 :availability nil
 :max-txn-length 4
 :concurrency 25
 :db
 #object[maelstrom.db$db$reify__16142
         "0x65dac812"
         "maelstrom.db$db$reify__16142@65dac812"]
 :max-writes-per-key 16
 :leave-db-running? false
 :name "broadcast"
 :logging-json? false
 :start-time
 #object[org.joda.time.DateTime "0x3619ecd" "2026-03-20T15:20:28.611Z"]
 :nemesis-interval 10
 :net
 #object[maelstrom.net$jepsen_net$reify__15251
         "0x7de4bd8f"
         "maelstrom.net$jepsen_net$reify__15251@7de4bd8f"]
 :client
 #object[maelstrom.workload.broadcast$client$reify__16644
         "0x193e65d5"
         "maelstrom.workload.broadcast$client$reify__16644@193e65d5"]
 :barrier
 #object[java.util.concurrent.CyclicBarrier
         "0x2a97b4b8"
         "java.util.concurrent.CyclicBarrier@2a97b4b8"]
 :log-stderr false
 :pure-generators true
 :ssh {:dummy? true}
 :rate 100.0
 :checker
 #object[jepsen.checker$compose$reify__11881
         "0x250fc0d1"
         "jepsen.checker$compose$reify__11881@250fc0d1"]
 :argv
 ("test"
  "-w"
  "broadcast"
  "--bin"
  "run.sh"
  "broadcast"
  "--node-count"
  "25"
  "--time-limit"
  "20"
  "--rate"
  "100"
  "--latency"
  "100")
 :nemesis
 (jepsen.nemesis.ReflCompose
  {:fm {:start-partition 0,
        :stop-partition 0,
        :kill 1,
        :start 1,
        :pause 1,
        :resume 1},
   :nemeses [#unprintable "jepsen.nemesis.combined$partition_nemesis$reify__16416@7ddf193a"
             #unprintable "jepsen.nemesis.combined$db_nemesis$reify__16397@17a5cb99"]})
 :nodes
 ["n0"
  "n1"
  "n2"
  "n3"
  "n4"
  "n5"
  "n6"
  "n7"
  "n8"
  "n9"
  "n10"
  "n11"
  "n12"
  "n13"
  "n14"
  "n15"
  "n16"
  "n17"
  "n18"
  "n19"
  "n20"
  "n21"
  "n22"
  "n23"
  "n24"]
 :test-count 1
 :latency {:mean 100, :dist :constant}
 :bin "run.sh"
 :generator
 ((jepsen.generator.Synchronize
   {:gen (jepsen.generator.TimeLimit
          {:limit 20000000000,
           :cutoff nil,
           :gen (jepsen.generator.Any
                 {:gens [(jepsen.generator.OnThreads
                          {:f #{:nemesis},
                           :context-filter #object[jepsen.generator.context$make_thread_filter$lazy_filter__9167
                                                   "0x71cf6e8c"
                                                   "jepsen.generator.context$make_thread_filter$lazy_filter__9167@71cf6e8c"],
                           :gen nil})
                         (jepsen.generator.OnThreads
                          {:f #jepsen.generator.context.AllBut{:element :nemesis},
                           :context-filter #object[jepsen.generator.context$make_thread_filter$lazy_filter__9167
                                                   "0x7545cb17"
                                                   "jepsen.generator.context$make_thread_filter$lazy_filter__9167@7545cb17"],
                           :gen (jepsen.generator.Stagger
                                 {:dt 20000000,
                                  :next-time nil,
                                  :gen (jepsen.generator.Mix
                                        {:i 1,
                                         :gens [({:f :broadcast, :value 0}
                                                 {:f :broadcast, :value 1}
                                                 {:f :broadcast, :value 2}
                                                 {:f :broadcast, :value 3}
                                                 {:f :broadcast, :value 4}
                                                 {:f :broadcast, :value 5}
                                                 {:f :broadcast, :value 6}
                                                 {:f :broadcast, :value 7}
                                                 ...)
                                                ({:f :read}
                                                 {:f :read}
                                                 {:f :read}
                                                 {:f :read}
                                                 {:f :read}
                                                 {:f :read}
                                                 {:f :read}
                                                 {:f :read}
                                                 ...)]})})})]})})})
  (jepsen.generator.Synchronize
   {:gen (jepsen.generator.OnThreads
          {:f #{:nemesis},
           :context-filter #object[jepsen.generator.context$make_thread_filter$lazy_filter__9167
                                   "0x1f9b86f5"
                                   "jepsen.generator.context$make_thread_filter$lazy_filter__9167@1f9b86f5"],
           :gen ()})})
  (jepsen.generator.Synchronize
   {:gen {:type :log, :value "Waiting for recovery..."}})
  (jepsen.generator.Synchronize {:gen {:type :sleep, :value 10}})
  (jepsen.generator.Synchronize
   {:gen (jepsen.generator.OnThreads
          {:f #jepsen.generator.context.AllBut{:element :nemesis},
           :context-filter #object[jepsen.generator.context$make_thread_filter$lazy_filter__9167
                                   "0x15aa3084"
                                   "jepsen.generator.context$make_thread_filter$lazy_filter__9167@15aa3084"],
           :gen (jepsen.generator.EachThread
                 {:fresh-gen {:f :read, :final? true},
                  :context-filters #object[clojure.core$promise$reify__8591
                                           "0x4e6c4c55"
                                           {:status :pending, :val nil}],
                  :gens {}})})}))
 :log-net-recv false
 :os
 #object[maelstrom.net$jepsen_os$reify__15254
         "0x74fbee59"
         "maelstrom.net$jepsen_os$reify__15254@74fbee59"]
 :time-limit 20
 :workload :broadcast
 :consistency-models [:strict-serializable]
 :topology :grid}

2026-03-20 15:20:30,197{GMT}	INFO	[jepsen node n0] maelstrom.net: Starting Maelstrom network
2026-03-20 15:20:30,203{GMT}	INFO	[jepsen test runner] jepsen.db: Tearing down DB
2026-03-20 15:20:30,208{GMT}	INFO	[jepsen test runner] jepsen.db: Setting up DB
2026-03-20 15:20:30,210{GMT}	INFO	[jepsen node n5] maelstrom.db: Setting up n5
2026-03-20 15:20:30,210{GMT}	INFO	[jepsen node n1] maelstrom.db: Setting up n1
2026-03-20 15:20:30,210{GMT}	INFO	[jepsen node n3] maelstrom.db: Setting up n3
2026-03-20 15:20:30,210{GMT}	INFO	[jepsen node n2] maelstrom.db: Setting up n2
2026-03-20 15:20:30,210{GMT}	INFO	[jepsen node n4] maelstrom.db: Setting up n4
2026-03-20 15:20:30,211{GMT}	INFO	[jepsen node n7] maelstrom.db: Setting up n7
2026-03-20 15:20:30,211{GMT}	INFO	[jepsen node n4] maelstrom.process: launching run.sh ["broadcast"]
2026-03-20 15:20:30,211{GMT}	INFO	[jepsen node n8] maelstrom.db: Setting up n8
2026-03-20 15:20:30,210{GMT}	INFO	[jepsen node n6] maelstrom.db: Setting up n6
2026-03-20 15:20:30,211{GMT}	INFO	[jepsen node n3] maelstrom.process: launching run.sh ["broadcast"]
2026-03-20 15:20:30,211{GMT}	INFO	[jepsen node n5] maelstrom.process: launching run.sh ["broadcast"]
2026-03-20 15:20:30,211{GMT}	INFO	[jepsen node n6] maelstrom.process: launching run.sh ["broadcast"]
2026-03-20 15:20:30,212{GMT}	INFO	[jepsen node n2] maelstrom.process: launching run.sh ["broadcast"]
2026-03-20 15:20:30,212{GMT}	INFO	[jepsen node n1] maelstrom.process: launching run.sh ["broadcast"]
2026-03-20 15:20:30,212{GMT}	INFO	[jepsen node n7] maelstrom.process: launching run.sh ["broadcast"]
2026-03-20 15:20:30,213{GMT}	INFO	[jepsen node n8] maelstrom.process: launching run.sh ["broadcast"]
2026-03-20 15:20:30,214{GMT}	INFO	[jepsen node n0] maelstrom.service: Starting services: (lin-kv lin-tso lww-kv seq-kv)
2026-03-20 15:20:30,214{GMT}	INFO	[jepsen node n9] maelstrom.db: Setting up n9
2026-03-20 15:20:30,215{GMT}	INFO	[jepsen node n9] maelstrom.process: launching run.sh ["broadcast"]
2026-03-20 15:20:30,216{GMT}	INFO	[jepsen node n11] maelstrom.db: Setting up n11
2026-03-20 15:20:30,217{GMT}	INFO	[jepsen node n11] maelstrom.process: launching run.sh ["broadcast"]
2026-03-20 15:20:30,215{GMT}	INFO	[jepsen node n10] maelstrom.db: Setting up n10
2026-03-20 15:20:30,219{GMT}	INFO	[jepsen node n10] maelstrom.process: launching run.sh ["broadcast"]
2026-03-20 15:20:30,219{GMT}	INFO	[jepsen node n12] maelstrom.db: Setting up n12
2026-03-20 15:20:30,220{GMT}	INFO	[jepsen node n12] maelstrom.process: launching run.sh ["broadcast"]
2026-03-20 15:20:30,224{GMT}	INFO	[jepsen node n13] maelstrom.db: Setting up n13
2026-03-20 15:20:30,227{GMT}	INFO	[jepsen node n13] maelstrom.process: launching run.sh ["broadcast"]
2026-03-20 15:20:30,232{GMT}	INFO	[jepsen node n0] maelstrom.db: Setting up n0
2026-03-20 15:20:30,236{GMT}	INFO	[jepsen node n0] maelstrom.process: launching run.sh ["broadcast"]
2026-03-20 15:20:30,255{GMT}	INFO	[jepsen node n15] maelstrom.db: Setting up n15
2026-03-20 15:20:30,255{GMT}	INFO	[jepsen node n14] maelstrom.db: Setting up n14
2026-03-20 15:20:30,256{GMT}	INFO	[jepsen node n15] maelstrom.process: launching run.sh ["broadcast"]
2026-03-20 15:20:30,258{GMT}	INFO	[jepsen node n16] maelstrom.db: Setting up n16
2026-03-20 15:20:30,260{GMT}	INFO	[jepsen node n14] maelstrom.process: launching run.sh ["broadcast"]
2026-03-20 15:20:30,260{GMT}	INFO	[jepsen node n16] maelstrom.process: launching run.sh ["broadcast"]
2026-03-20 15:20:30,261{GMT}	INFO	[jepsen node n17] maelstrom.db: Setting up n17
2026-03-20 15:20:30,263{GMT}	INFO	[jepsen node n17] maelstrom.process: launching run.sh ["broadcast"]
2026-03-20 15:20:30,325{GMT}	INFO	[jepsen node n18] maelstrom.db: Setting up n18
2026-03-20 15:20:30,325{GMT}	INFO	[jepsen node n18] maelstrom.process: launching run.sh ["broadcast"]
2026-03-20 15:20:30,337{GMT}	INFO	[jepsen node n19] maelstrom.db: Setting up n19
2026-03-20 15:20:30,347{GMT}	INFO	[jepsen node n19] maelstrom.process: launching run.sh ["broadcast"]
2026-03-20 15:20:30,351{GMT}	INFO	[jepsen node n21] maelstrom.db: Setting up n21
2026-03-20 15:20:30,356{GMT}	INFO	[jepsen node n22] maelstrom.db: Setting up n22
2026-03-20 15:20:30,356{GMT}	INFO	[jepsen node n22] maelstrom.process: launching run.sh ["broadcast"]
2026-03-20 15:20:30,352{GMT}	INFO	[jepsen node n21] maelstrom.process: launching run.sh ["broadcast"]
2026-03-20 15:20:30,348{GMT}	INFO	[jepsen node n20] maelstrom.db: Setting up n20
2026-03-20 15:20:30,358{GMT}	INFO	[jepsen node n23] maelstrom.db: Setting up n23
2026-03-20 15:20:30,379{GMT}	INFO	[jepsen node n20] maelstrom.process: launching run.sh ["broadcast"]
2026-03-20 15:20:30,363{GMT}	INFO	[jepsen node n24] maelstrom.db: Setting up n24
2026-03-20 15:20:30,381{GMT}	INFO	[jepsen node n24] maelstrom.process: launching run.sh ["broadcast"]
2026-03-20 15:20:30,379{GMT}	INFO	[jepsen node n23] maelstrom.process: launching run.sh ["broadcast"]
2026-03-20 15:20:31,065{GMT}	INFO	[jepsen test runner] jepsen.core: Relative time begins now
2026-03-20 15:20:31,121{GMT}	INFO	[jepsen worker 0] jepsen.util: 0	:invoke	:read	nil
2026-03-20 15:20:31,126{GMT}	INFO	[jepsen worker 0] jepsen.util: 0	:ok	:read	[]
2026-03-20 15:20:31,129{GMT}	INFO	[jepsen worker 1] jepsen.util: 1	:invoke	:broadcast	0
2026-03-20 15:20:31,135{GMT}	INFO	[jepsen worker 1] jepsen.util: 1	:ok	:broadcast	0
2026-03-20 15:20:31,143{GMT}	INFO	[jepsen worker 2] jepsen.util: 2	:invoke	:broadcast	1
2026-03-20 15:20:31,154{GMT}	INFO	[jepsen worker 3] jepsen.util: 3	:invoke	:broadcast	2
2026-03-20 15:20:31,158{GMT}	INFO	[jepsen worker 3] jepsen.util: 3	:ok	:broadcast	2
2026-03-20 15:20:31,169{GMT}	INFO	[jepsen worker 4] jepsen.util: 4	:invoke	:read	nil
2026-03-20 15:20:31,179{GMT}	INFO	[jepsen worker 5] jepsen.util: 5	:invoke	:broadcast	3
2026-03-20 15:20:31,185{GMT}	INFO	[jepsen worker 5] jepsen.util: 5	:ok	:broadcast	3
2026-03-20 15:20:31,198{GMT}	INFO	[jepsen worker 6] jepsen.util: 6	:invoke	:read	nil
2026-03-20 15:20:31,216{GMT}	INFO	[jepsen worker 7] jepsen.util: 7	:invoke	:read	nil
2026-03-20 15:20:31,220{GMT}	INFO	[jepsen worker 7] jepsen.util: 7	:ok	:read	[]
2026-03-20 15:20:31,224{GMT}	INFO	[jepsen worker 8] jepsen.util: 8	:invoke	:broadcast	4
2026-03-20 15:20:31,231{GMT}	INFO	[jepsen worker 9] jepsen.util: 9	:invoke	:read	nil
2026-03-20 15:20:31,233{GMT}	INFO	[jepsen worker 10] jepsen.util: 10	:invoke	:broadcast	5
2026-03-20 15:20:31,235{GMT}	INFO	[jepsen worker 9] jepsen.util: 9	:ok	:read	[]
2026-03-20 15:20:31,239{GMT}	INFO	[jepsen worker 11] jepsen.util: 11	:invoke	:broadcast	6
2026-03-20 15:20:31,240{GMT}	INFO	[jepsen worker 2] jepsen.util: 2	:ok	:broadcast	1
2026-03-20 15:20:31,242{GMT}	INFO	[jepsen worker 6] jepsen.util: 6	:ok	:read	[0]
2026-03-20 15:20:31,243{GMT}	INFO	[jepsen worker 12] jepsen.util: 12	:invoke	:read	nil
2026-03-20 15:20:31,247{GMT}	INFO	[jepsen worker 12] jepsen.util: 12	:ok	:read	[]
2026-03-20 15:20:31,250{GMT}	INFO	[jepsen worker 13] jepsen.util: 13	:invoke	:broadcast	7
2026-03-20 15:20:31,252{GMT}	INFO	[jepsen worker 14] jepsen.util: 14	:invoke	:read	nil
2026-03-20 15:20:31,254{GMT}	INFO	[jepsen worker 13] jepsen.util: 13	:ok	:broadcast	7
2026-03-20 15:20:31,256{GMT}	INFO	[jepsen worker 14] jepsen.util: 14	:ok	:read	[]
2026-03-20 15:20:31,261{GMT}	INFO	[jepsen worker 4] jepsen.util: 4	:ok	:read	[2]
2026-03-20 15:20:31,263{GMT}	INFO	[jepsen worker 8] jepsen.util: 8	:ok	:broadcast	4
2026-03-20 15:20:31,264{GMT}	INFO	[jepsen worker 15] jepsen.util: 15	:invoke	:read	nil
2026-03-20 15:20:31,269{GMT}	INFO	[jepsen worker 15] jepsen.util: 15	:ok	:read	[]
2026-03-20 15:20:31,280{GMT}	INFO	[jepsen worker 16] jepsen.util: 16	:invoke	:read	nil
2026-03-20 15:20:31,284{GMT}	INFO	[jepsen worker 16] jepsen.util: 16	:ok	:read	[]
2026-03-20 15:20:31,288{GMT}	INFO	[jepsen worker 10] jepsen.util: 10	:ok	:broadcast	5
2026-03-20 15:20:31,288{GMT}	INFO	[jepsen worker 17] jepsen.util: 17	:invoke	:read	nil
2026-03-20 15:20:31,292{GMT}	INFO	[jepsen worker 17] jepsen.util: 17	:ok	:read	[]
2026-03-20 15:20:31,299{GMT}	INFO	[jepsen worker 18] jepsen.util: 18	:invoke	:read	nil
2026-03-20 15:20:31,317{GMT}	INFO	[jepsen worker 19] jepsen.util: 19	:invoke	:read	nil
2026-03-20 15:20:31,320{GMT}	INFO	[jepsen worker 20] jepsen.util: 20	:invoke	:read	nil
2026-03-20 15:20:31,321{GMT}	INFO	[jepsen worker 19] jepsen.util: 19	:ok	:read	[]
2026-03-20 15:20:31,324{GMT}	INFO	[jepsen worker 20] jepsen.util: 20	:ok	:read	[]
2026-03-20 15:20:31,338{GMT}	INFO	[jepsen worker 21] jepsen.util: 21	:invoke	:broadcast	8
2026-03-20 15:20:31,338{GMT}	INFO	[jepsen worker 22] jepsen.util: 22	:invoke	:read	nil
2026-03-20 15:20:31,343{GMT}	INFO	[jepsen worker 23] jepsen.util: 23	:invoke	:read	nil
2026-03-20 15:20:31,349{GMT}	INFO	[jepsen worker 22] jepsen.util: 22	:ok	:read	[]
2026-03-20 15:20:31,353{GMT}	INFO	[jepsen worker 21] jepsen.util: 21	:ok	:broadcast	8
2026-03-20 15:20:31,354{GMT}	INFO	[jepsen worker 23] jepsen.util: 23	:ok	:read	[]
2026-03-20 15:20:31,355{GMT}	INFO	[jepsen worker 24] jepsen.util: 24	:invoke	:read	nil
2026-03-20 15:20:31,355{GMT}	INFO	[jepsen worker 11] jepsen.util: 11	:ok	:broadcast	6
2026-03-20 15:20:31,363{GMT}	INFO	[jepsen worker 18] jepsen.util: 18	:ok	:read	[7]
2026-03-20 15:20:31,369{GMT}	INFO	[jepsen worker 0] jepsen.util: 0	:invoke	:read	nil
2026-03-20 15:20:31,369{GMT}	INFO	[jepsen worker 24] jepsen.util: 24	:ok	:read	[]
2026-03-20 15:20:31,381{GMT}	INFO	[jepsen worker 1] jepsen.util: 1	:invoke	:broadcast	9
2026-03-20 15:20:31,385{GMT}	INFO	[jepsen worker 2] jepsen.util: 2	:invoke	:broadcast	10
2026-03-20 15:20:31,394{GMT}	INFO	[jepsen worker 1] jepsen.util: 1	:ok	:broadcast	9
2026-03-20 15:20:31,394{GMT}	INFO	[jepsen worker 3] jepsen.util: 3	:invoke	:read	nil
2026-03-20 15:20:31,409{GMT}	INFO	[jepsen worker 4] jepsen.util: 4	:invoke	:broadcast	11
2026-03-20 15:20:31,415{GMT}	INFO	[jepsen worker 5] jepsen.util: 5	:invoke	:broadcast	12
2026-03-20 15:20:31,419{GMT}	INFO	[jepsen worker 5] jepsen.util: 5	:ok	:broadcast	12
2026-03-20 15:20:31,435{GMT}	INFO	[jepsen worker 5] jepsen.util: 5	:invoke	:read	nil
2026-03-20 15:20:31,437{GMT}	INFO	[jepsen worker 5] jepsen.util: 5	:ok	:read	[3 0 0 5 12]
2026-03-20 15:20:31,442{GMT}	INFO	[jepsen worker 4] jepsen.util: 4	:ok	:broadcast	11
2026-03-20 15:20:31,445{GMT}	INFO	[jepsen worker 6] jepsen.util: 6	:invoke	:read	nil
2026-03-20 15:20:31,450{GMT}	INFO	[jepsen worker 2] jepsen.util: 2	:ok	:broadcast	10
2026-03-20 15:20:31,451{GMT}	INFO	[jepsen worker 0] jepsen.util: 0	:ok	:read	[0 3 1]
2026-03-20 15:20:31,457{GMT}	INFO	[jepsen worker 6] jepsen.util: 6	:ok	:read	[0 3 1 0]
2026-03-20 15:20:31,456{GMT}	INFO	[jepsen worker 7] jepsen.util: 7	:invoke	:read	nil
2026-03-20 15:20:31,472{GMT}	INFO	[jepsen worker 7] jepsen.util: 7	:ok	:read	[1 0 0 2 4 2 3 7]
2026-03-20 15:20:31,472{GMT}	INFO	[jepsen worker 8] jepsen.util: 8	:invoke	:broadcast	13
2026-03-20 15:20:31,473{GMT}	INFO	[jepsen worker 3] jepsen.util: 3	:ok	:read	[2 1 0 4]
2026-03-20 15:20:31,484{GMT}	INFO	[jepsen worker 9] jepsen.util: 9	:invoke	:read	nil
2026-03-20 15:20:31,487{GMT}	INFO	[jepsen worker 8] jepsen.util: 8	:ok	:broadcast	13
2026-03-20 15:20:31,496{GMT}	INFO	[jepsen worker 10] jepsen.util: 10	:invoke	:broadcast	14
2026-03-20 15:20:31,498{GMT}	INFO	[jepsen worker 11] jepsen.util: 11	:invoke	:read	nil
2026-03-20 15:20:31,508{GMT}	INFO	[jepsen worker 10] jepsen.util: 10	:ok	:broadcast	14
2026-03-20 15:20:31,509{GMT}	INFO	[jepsen worker 12] jepsen.util: 12	:invoke	:broadcast	15
2026-03-20 15:20:31,526{GMT}	INFO	[jepsen worker 13] jepsen.util: 13	:invoke	:read	nil
2026-03-20 15:20:31,540{GMT}	INFO	[jepsen worker 14] jepsen.util: 14	:invoke	:read	nil
2026-03-20 15:20:31,547{GMT}	INFO	[jepsen worker 13] jepsen.util: 13	:ok	:read	[7 2 4 1]
2026-03-20 15:20:31,548{GMT}	INFO	[jepsen worker 11] jepsen.util: 11	:ok	:read	[0 6 3 5 3 7 1]
2026-03-20 15:20:31,548{GMT}	INFO	[jepsen worker 9] jepsen.util: 9	:ok	:read	[2 4 2 7 7 1 11]
2026-03-20 15:20:31,553{GMT}	INFO	[jepsen worker 15] jepsen.util: 15	:invoke	:read	nil
2026-03-20 15:20:31,558{GMT}	INFO	[jepsen worker 16] jepsen.util: 16	:invoke	:read	nil
2026-03-20 15:20:31,573{GMT}	INFO	[jepsen worker 15] jepsen.util: 15	:ok	:read	[5 3 0 0 0 6]
2026-03-20 15:20:31,575{GMT}	INFO	[jepsen worker 17] jepsen.util: 17	:invoke	:read	nil
2026-03-20 15:20:31,581{GMT}	INFO	[jepsen worker 14] jepsen.util: 14	:ok	:read	[7 2 2 4 4 2 7]
2026-03-20 15:20:31,582{GMT}	INFO	[jepsen worker 12] jepsen.util: 12	:ok	:broadcast	15
2026-03-20 15:20:31,585{GMT}	INFO	[jepsen worker 16] jepsen.util: 16	:ok	:read	[8 0 6 5 3 3 5 3 7]
2026-03-20 15:20:31,598{GMT}	INFO	[jepsen worker 19] jepsen.util: 19	:invoke	:read	nil
2026-03-20 15:20:31,599{GMT}	INFO	[jepsen worker 18] jepsen.util: 18	:invoke	:read	nil
2026-03-20 15:20:31,612{GMT}	INFO	[jepsen worker 20] jepsen.util: 20	:invoke	:broadcast	16
2026-03-20 15:20:31,628{GMT}	INFO	[jepsen worker 21] jepsen.util: 21	:invoke	:broadcast	17
2026-03-20 15:20:31,635{GMT}	INFO	[jepsen worker 19] jepsen.util: 19	:ok	:read	[7 7 2 4 4 2 2 4 2]
2026-03-20 15:20:31,635{GMT}	INFO	[jepsen worker 17] jepsen.util: 17	:ok	:read	[7 7 1 0 8 0 0 8 6 0 6 2]
2026-03-20 15:20:31,639{GMT}	INFO	[jepsen worker 22] jepsen.util: 22	:invoke	:broadcast	18
2026-03-20 15:20:31,650{GMT}	INFO	[jepsen worker 23] jepsen.util: 23	:invoke	:broadcast	19
2026-03-20 15:20:31,657{GMT}	INFO	[jepsen worker 18] jepsen.util: 18	:ok	:read	[7 2 4 7 7 1]
2026-03-20 15:20:31,673{GMT}	INFO	[jepsen worker 22] jepsen.util: 22	:ok	:broadcast	18
2026-03-20 15:20:31,673{GMT}	INFO	[jepsen worker 24] jepsen.util: 24	:invoke	:read	nil
2026-03-20 15:20:31,678{GMT}	INFO	[jepsen worker 20] jepsen.util: 20	:ok	:broadcast	16
2026-03-20 15:20:31,688{GMT}	INFO	[jepsen worker 1] jepsen.util: 1	:invoke	:read	nil
2026-03-20 15:20:31,684{GMT}	INFO	[jepsen worker 0] jepsen.util: 0	:invoke	:broadcast	20
2026-03-20 15:20:31,695{GMT}	INFO	[jepsen worker 21] jepsen.util: 21	:ok	:broadcast	17
2026-03-20 15:20:31,704{GMT}	INFO	[jepsen worker 23] jepsen.util: 23	:ok	:broadcast	19
2026-03-20 15:20:31,709{GMT}	INFO	[jepsen worker 2] jepsen.util: 2	:invoke	:broadcast	21
2026-03-20 15:20:31,724{GMT}	INFO	[jepsen worker 1] jepsen.util: 1	:ok	:read	[0 1 2 3 9 3 10 1 6 2 4 4 4 2 2 3 5 5 5 3 12 12 7 7 7 7 7]
2026-03-20 15:20:31,728{GMT}	INFO	[jepsen worker 24] jepsen.util: 24	:ok	:read	[7 7 7 8]
2026-03-20 15:20:31,738{GMT}	INFO	[jepsen worker 0] jepsen.util: 0	:ok	:broadcast	20
2026-03-20 15:20:31,741{GMT}	INFO	[jepsen worker 3] jepsen.util: 3	:invoke	:broadcast	22
2026-03-20 15:20:31,743{GMT}	INFO	[jepsen worker 5] jepsen.util: 5	:invoke	:broadcast	23
2026-03-20 15:20:31,744{GMT}	INFO	[jepsen worker 4] jepsen.util: 4	:invoke	:read	nil
2026-03-20 15:20:31,765{GMT}	INFO	[jepsen worker 6] jepsen.util: 6	:invoke	:broadcast	24
2026-03-20 15:20:31,782{GMT}	INFO	[jepsen worker 7] jepsen.util: 7	:invoke	:read	nil
2026-03-20 15:20:31,787{GMT}	INFO	[jepsen worker 3] jepsen.util: 3	:ok	:broadcast	22
2026-03-20 15:20:31,792{GMT}	INFO	[jepsen worker 8] jepsen.util: 8	:invoke	:read	nil
2026-03-20 15:20:31,797{GMT}	INFO	[jepsen worker 5] jepsen.util: 5	:ok	:broadcast	23
2026-03-20 15:20:31,813{GMT}	INFO	[jepsen worker 9] jepsen.util: 9	:invoke	:read	nil
2026-03-20 15:20:31,818{GMT}	INFO	[jepsen worker 2] jepsen.util: 2	:ok	:broadcast	21
2026-03-20 15:20:31,826{GMT}	INFO	[jepsen worker 4] jepsen.util: 4	:ok	:read	[2 1 11 0 4 4 2 7 7 7 1 1 1 0 0 10 0 0 0 0 2 13 4 2 13 4 3 9 3 3 3 3 7]
2026-03-20 15:20:31,828{GMT}	INFO	[jepsen worker 10] jepsen.util: 10	:invoke	:broadcast	25
2026-03-20 15:20:31,843{GMT}	INFO	[jepsen worker 11] jepsen.util: 11	:invoke	:read	nil
2026-03-20 15:20:31,863{GMT}	INFO	[jepsen worker 12] jepsen.util: 12	:invoke	:broadcast	26
2026-03-20 15:20:31,874{GMT}	INFO	[jepsen worker 7] jepsen.util: 7	:ok	:read	[1 0 0 2 4 2 3 7 7 1 10 1 0 0 6 0 2 6 4 2 4 2 13 9 3 9 3 3 5 3 5 5 3 12 3 15 7 7 7 7 11 1 11 1 11 1 0 0 1 0 0 10 10 0]
2026-03-20 15:20:31,877{GMT}	INFO	[jepsen worker 8] jepsen.util: 8	:ok	:read	[2 4 7 1 1 0 0 0 2 2 13 3 7 7 11 1 10 11 1 0 1 0 0 0 10 6 6 0 0 0 2 6 2 9 3 3 3 9 3 9 3 5 5 3 3 3 3 12 2 3 5 3 7 3 5]
2026-03-20 15:20:31,900{GMT}	INFO	[jepsen worker 13] jepsen.util: 13	:invoke	:read	nil
2026-03-20 15:20:31,929{GMT}	INFO	[jepsen worker 14] jepsen.util: 14	:invoke	:broadcast	27
2026-03-20 15:20:31,948{GMT}	INFO	[jepsen worker 15] jepsen.util: 15	:invoke	:broadcast	28
2026-03-20 15:20:31,958{GMT}	INFO	[jepsen worker 10] jepsen.util: 10	:ok	:broadcast	25
2026-03-20 15:20:31,970{GMT}	INFO	[jepsen worker 6] jepsen.util: 6	:ok	:broadcast	24
2026-03-20 15:20:31,971{GMT}	INFO	[jepsen worker 16] jepsen.util: 16	:invoke	:read	nil
2026-03-20 15:20:31,985{GMT}	INFO	[jepsen worker 17] jepsen.util: 17	:invoke	:read	nil
2026-03-20 15:20:32,141{GMT}	INFO	[jepsen worker 9] jepsen.util: 9	:ok	:read	[2 4 2 7 7 1 11 1 1 0 0 0 0 2 2 13 4 4 3 7 7 7 11 1 1 1 10 1 0 1 0 0 0 1 10 0 10 0 0 6 6 0 6 0]
2026-03-20 15:20:32,154{GMT}	INFO	[jepsen worker 16] jepsen.util: 16	:ok	:read	[8 0 6 5 3 3 5 3 7 7 7 1 0 1 0 0 0 1 0 0 1 0 6 0 8 8 0 0 0 0 2 4 2 2 6 4 4 2 5 2 2 3 2 5 4 2 9 12 14 3 2 3 4 3 3 5 2 4 3 3 12 7 17 12 7 7 14 15 7 7 7 7 15 1 7 7 7 1 16 1 16 7 1 1 0 1 1 1 0 18 10 1 10 1 6 0 0 18 1 0 1 1 0 0 0 1 0 2 0 0 4 5]
2026-03-20 15:20:32,157{GMT}	INFO	[jepsen worker 12] jepsen.util: 12	:ok	:broadcast	26
2026-03-20 15:20:32,165{GMT}	INFO	[jepsen worker 11] jepsen.util: 11	:ok	:read	[0 6 3 5 3 7 1 0 1 0 0 0 1 0 0 2 8 4 2 2 2 4 4 9 2 2 5 3 5 3 3 12 12 14 7 7 15 7 7 7 7 1 1 0 1 10 0 1 1 1 1 10 0 1 0 0 10 0 8 0 8 8 0 2 0 2 8 0 8 1 4 8 2 4 0]
2026-03-20 15:20:32,185{GMT}	INFO	[jepsen worker 14] jepsen.util: 14	:ok	:broadcast	27
2026-03-20 15:20:32,209{GMT}	INFO	[jepsen worker 18] jepsen.util: 18	:invoke	:read	nil
2026-03-20 15:20:32,210{GMT}	INFO	[jepsen worker 19] jepsen.util: 19	:invoke	:read	nil
2026-03-20 15:20:32,211{GMT}	INFO	[jepsen worker 15] jepsen.util: 15	:ok	:broadcast	28
2026-03-20 15:20:32,235{GMT}	INFO	[jepsen worker 20] jepsen.util: 20	:invoke	:broadcast	29
2026-03-20 15:20:32,250{GMT}	INFO	[jepsen worker 17] jepsen.util: 17	:ok	:read	[7 7 1 0 8 0 0 8 6 0 6 2 2 4 2 4 2 3 4 5 3 3 5 3 3 3 5 7 15 7 7 7 1 1 18 1 10 0 1 0 0 1 1 0 1 0 0 0 1 1 0 0 2 0 0 6 1 4 5 1 0 8 8 0 0 0 2 0 0 0 0 0 6 2 2 2 0 5 2 4 4 1 8 4 6 0 2 2 2 0 6 0 0 4 2 13 4 2 4 4 4 5 5 2 2 2 2 2 3 3 3 12 3 5 9 3 2 2 2 14 2 3 4 5 3 3 3 3 3 3 13 2 13 12 7 17 19 2 7]
2026-03-20 15:20:32,257{GMT}	INFO	[jepsen worker 21] jepsen.util: 21	:invoke	:broadcast	30
2026-03-20 15:20:32,261{GMT}	INFO	[jepsen worker 22] jepsen.util: 22	:invoke	:read	nil
2026-03-20 15:20:32,279{GMT}	INFO	[jepsen worker 13] jepsen.util: 13	:ok	:read	[7 2 4 1 1 1 0 0 0 6 0 0 0 2 2 13 2 2 4 4 2 2 5 3 3 3 3 15 1 11 1 1 1 11 0 10 11 0 1 10 0 0 1 0 0 1 0 0 10 1 6 0 0 1 0 0 8 2 8 6 0 1 0 0 8 6 0 8 4 8 2 9 4 8 3 3 9 3 6 2 13 2 0 0 2 9 3 2 5 6 3 2 3]
2026-03-20 15:20:32,314{GMT}	INFO	[jepsen worker 23] jepsen.util: 23	:invoke	:read	nil
2026-03-20 15:20:32,344{GMT}	INFO	[jepsen worker 24] jepsen.util: 24	:invoke	:broadcast	31
2026-03-20 15:20:32,355{GMT}	INFO	[jepsen worker 0] jepsen.util: 0	:invoke	:broadcast	32
2026-03-20 15:20:32,359{GMT}	INFO	[jepsen worker 19] jepsen.util: 19	:ok	:read	[7 7 2 4 4 2 2 4 2 7 7 7 1 1 11 1 1 1 0 1 1 1 0 0 8 1 0 1 0 0 0 0 6 8 0 0 4 0 2 2 0 0 0 8 6 0 0 0 8 0 0 6 2 2 2 2 4 4 2 2 13 6 0 4 13 3 2 2 5 3 4 2 2 13 2 7 2 3 5 3 5 19 4 3 3 3 5 3 5 3 4 7 15 19 7 7 3 7 3 15 3 3 7 3 3 7 1 7 11 2 1 1 1 11 1 15 27]
2026-03-20 15:20:32,400{GMT}	INFO	[jepsen worker 1] jepsen.util: 1	:invoke	:read	nil
2026-03-20 15:20:32,415{GMT}	INFO	[jepsen worker 18] jepsen.util: 18	:ok	:read	[7 2 4 7 7 1 1 1 1 0 0 8 0 0 8 0 0 0 6 0 8 0 6 2 2 2 4 2 2 4 4 0 13 6 4 2 2 2 2 2 3 3 5 2 3 3 5 5 3 3 3 2 3 3 3 4 4 5 15 7 7 7 7 19 7 15 1 11 1 1 0 10 18 1 1 1 1 11 1 1 1 1 0 0 0 1 1 0 0 1 18 0 1 0 0 0 11 1 0 0 0 0 6 1 8 1 0 0 8 0 1 0 5 0 6 0 0 0 8 0 0 0 0 0 2 6 0 10 0 0 2 0 0 5 2]
2026-03-20 15:20:32,448{GMT}	INFO	[jepsen worker 3] jepsen.util: 3	:invoke	:broadcast	33
2026-03-20 15:20:32,456{GMT}	INFO	[jepsen worker 2] jepsen.util: 2	:invoke	:read	nil
2026-03-20 15:20:32,461{GMT}	INFO	[jepsen worker 4] jepsen.util: 4	:invoke	:broadcast	34
2026-03-20 15:20:32,464{GMT}	INFO	[jepsen worker 21] jepsen.util: 21	:ok	:broadcast	30
2026-03-20 15:20:32,471{GMT}	INFO	[jepsen worker 20] jepsen.util: 20	:ok	:broadcast	29
2026-03-20 15:20:32,496{GMT}	INFO	[jepsen worker 5] jepsen.util: 5	:invoke	:broadcast	35
2026-03-20 15:20:32,508{GMT}	INFO	[jepsen worker 6] jepsen.util: 6	:invoke	:broadcast	36
2026-03-20 15:20:32,535{GMT}	INFO	[jepsen worker 3] jepsen.util: 3	:ok	:broadcast	33
2026-03-20 15:20:32,536{GMT}	INFO	[jepsen worker 8] jepsen.util: 8	:invoke	:broadcast	37
2026-03-20 15:20:32,540{GMT}	INFO	[jepsen worker 7] jepsen.util: 7	:invoke	:read	nil
2026-03-20 15:20:32,549{GMT}	INFO	[jepsen worker 9] jepsen.util: 9	:invoke	:read	nil
2026-03-20 15:20:32,737{GMT}	INFO	[jepsen worker 1] jepsen.util: 1	:ok	:read	[0 1 2 3 9 3 10 1 6 2 4 4 4 2 2 3 5 5 5 3 12 12 7 7 7 7 7 7 11 1 10 1 6 13 6 6 1 20 4 6 8 4 4 2 2 6 2 2 4 4 2 2 2 21 3 2 13 2 4 13 5 3 14 3 5 7 7 5 12 5 6 3 1 7 4 7 7 7 14 15 23 11 1 7 7 22 10 7 1 7 5 24 3 5 11 12 7 7 14 1 3 7 15 15 6 11 7 7 7 1 7 7 8 8 6 6 4 13 6 8 8 2 8 4 1 2 1 11 23 1 11 11 7 1 8 10 3 8 4 6 4]
2026-03-20 15:20:32,749{GMT}	INFO	[jepsen worker 24] jepsen.util: 24	:ok	:broadcast	31
2026-03-20 15:20:32,800{GMT}	INFO	[jepsen worker 0] jepsen.util: 0	:ok	:broadcast	32
2026-03-20 15:20:32,807{GMT}	INFO	[jepsen worker 9] jepsen.util: 9	:ok	:read	[2 4 2 7 7 1 11 1 1 0 0 0 0 2 2 13 4 4 3 7 7 7 11 1 1 1 10 1 0 1 0 0 0 1 10 0 10 0 0 6 6 0 6 0 0 0 0 13 0 0 6 2 2 4 0 3 9 3 9 3 3 2 9 3 4 5 9 12 3 5 13 3 3 3 3 2 3 4 3 3 2 2 5 3 3 3 5 3 3 3 7 7 5 3 7 7 7 15 15 11 7 10 7 22 7 11 0 0 1 22 1 1 0 1 0 0 6 0 27 1 6 15 1 10 6 0 6 1 0 1 1 8 0 6 0 0 8 6 0 10 6 0 0 6 3 6 6 8 6 2 0 0 2 0 0 8 0 8 6 8 8 0 4 0 8 0 6 0 2 2 0 10 1 0 1 0 0 2 1 21]
2026-03-20 15:20:32,832{GMT}	INFO	[jepsen worker 7] jepsen.util: 7	:ok	:read	[1 0 0 2 4 2 3 7 7 1 10 1 0 0 6 0 2 6 4 2 4 2 13 9 3 9 3 3 5 3 5 5 3 12 3 15 7 7 7 7 11 1 11 1 11 1 0 0 1 0 0 10 10 0 0 0 6 6 13 4 9 6 2 8 8 4 3 4 2 8 8 3 5 2 3 21 3 3 4 5 2 0 13 5 2 7 14 5 12 2 5 5 9 12 9 7 6 4 7 15 7 22 7 7 5 12 1 11 3 22 7 24 7 15 14 12 11 2 5 3 2 6 12 3 3 0 7 7 5 14 12 5 3 3 7 1 0 7 7 11 1 7 26 11 1 18 0 0 1 0 1 0 8 6 4 6 6 20 13 2 0 1 6 4 0 8 2 11 0 8 0 10 10 1 0 23 1 0 5 1 0 2 8 4 8 2 4 8 8 6 10 0 6 5 0 0 4 9 13 4 0 2 3 4 5 8 6 13 0 20 1 8 20 0 8 5 2 14 3 3 3 3 3 5 3 7 3 21 9 2 10 12 7 1 5 14 2]
2026-03-20 15:20:32,858{GMT}	INFO	[jepsen worker 9] jepsen.util: 9	:invoke	:broadcast	38
2026-03-20 15:20:32,867{GMT}	INFO	[jepsen worker 5] jepsen.util: 5	:ok	:broadcast	35
2026-03-20 15:20:32,879{GMT}	INFO	[jepsen worker 10] jepsen.util: 10	:invoke	:read	nil
2026-03-20 15:20:32,881{GMT}	INFO	[jepsen worker 11] jepsen.util: 11	:invoke	:read	nil
2026-03-20 15:20:32,881{GMT}	INFO	[jepsen worker 23] jepsen.util: 23	:ok	:read	[7 8 2 4 19 7 7 7 7 7 7 1 18 1 0 1 0 0 0 1 8 0 1 6 6 5 4 4 2 0 0 0 0 0 8 0 0 6 2 2 0 0 8 6 2 2 4 2 5 4 2 6 4 2 0 2 4 13 2 4 4 5 3 2 6 2 2 3 4 2 2 2 2 3 2 7 2 3 3 3 5 3 5 4 3 3 5 3 3 3 5 3 5 3 3 15 7 3 3 4 5 4 3 7 3 5 2 3 7 1 1 7 7 1 15 1 7 11 18 0 10 1 1 1 1 1 1 0 1 1 11 1 11 1 1 15 17 0 16 1 7 7 0 0 1 0 1 1 0 1 0 1 1 0 0 1 1 1 0 1 1 0 0 0]
2026-03-20 15:20:32,901{GMT}	INFO	[jepsen worker 12] jepsen.util: 12	:invoke	:broadcast	39
2026-03-20 15:20:32,905{GMT}	INFO	[jepsen worker 13] jepsen.util: 13	:invoke	:broadcast	40
2026-03-20 15:20:32,939{GMT}	INFO	[jepsen worker 14] jepsen.util: 14	:invoke	:broadcast	41
2026-03-20 15:20:32,940{GMT}	INFO	[jepsen worker 9] jepsen.util: 9	:ok	:broadcast	38
2026-03-20 15:20:32,943{GMT}	INFO	[jepsen worker 15] jepsen.util: 15	:invoke	:read	nil
2026-03-20 15:20:33,004{GMT}	INFO	[jepsen worker 15] jepsen.util: 15	:ok	:read	[5 3 0 0 0 6 8 0 6 8 3 3 5 12 14 3 7 7 7 7 1 1 16 1 1 0 0 1 0 1 1 0 0 0 0 0 0 1 2 6 0 1 8 1 0 0 0 8 2 0 2 4 0 2 4 6 2 2 2 2 4 2 4 2 3 2 9 2 2 2 9 5 4 2 6 4 2 3 5 4 5 3 4 2 2 4 3 4 3 12 12 7 3 7 17 7 3 9 9 2 14 28 3 7 2 12 7 17 7 3 7 7 7 15 7 7 7 7 7 7 15 7 7 1 7 25 15 7 0 7 7 1 1 7 16 7 10 18 1 1 1 1 10 1 1 2 1 1 1 18 0 0 0 0 1 0 0 4 1 10 1 1 1 7 1 1 1 1 1 1 7 10 0 0 18 10 23 0 0 0 1 0 10 6 10 4 1 1 0 2 10 1 1 0 0 1 0 6 0 8 0 2 1 0 10 20 2 0 0 2 1 2 2 0 4 10 0 6 0 0 4 2 4 0 0 0 0 0 8 2 2 0 0 0 8 2 0 8 0 0 6 0 1 2 2 2 6 2 2 4 0 0 0 6 0 0 2 2 0 2 2 4 29 0 2 6 2 2 4 2 0 4 4 2 4 2 4 2 4 2 4 4 3 2 4 3 9 2 2 4 2 4 2 6 2 5 4 0 2 4 7 8 2]
2026-03-20 15:20:33,020{GMT}	INFO	[jepsen worker 16] jepsen.util: 16	:invoke	:broadcast	42
2026-03-20 15:20:33,076{GMT}	INFO	[jepsen worker 17] jepsen.util: 17	:invoke	:read	nil
2026-03-20 15:20:33,081{GMT}	INFO	[jepsen worker 2] jepsen.util: 2	:ok	:read	[0 1 2 10 0 4 2 4 3 9 3 3 7 7 7 11 0 0 6 6 6 13 4 0 2 21 13 2 4 4 2 3 9 5 3 5 3 5 3 12 5 3 5 12 5 12 7 7 3 7 7 15 7 22 7 7 11 7 7 7 0 11 0 0 11 0 6 0 0 0 0 6 6 20 0 6 8 4 6 4 2 8 6 6 0 13 2 2 8 4 4 8 2 6 2 8 4 3 3 2 3 14 5 9 13 3 5 3 5 7 3 12 3 0 14 13 7 2 4 2 2 3 6 4 7 3 5 3 7 7 7 5 5 9 7 14 9 5 15 23 6 4 7 7 5 11 7 12 7 22 3 15 5 14 7 15 24 12 0 5 0 11 15 2 0 3 2 3 12 5 7 7 14 12]
2026-03-20 15:20:33,118{GMT}	INFO	[jepsen worker 18] jepsen.util: 18	:invoke	:read	nil
2026-03-20 15:20:33,154{GMT}	INFO	[jepsen worker 19] jepsen.util: 19	:invoke	:broadcast	43
2026-03-20 15:20:33,208{GMT}	INFO	[jepsen worker 20] jepsen.util: 20	:invoke	:read	nil
2026-03-20 15:20:33,213{GMT}	INFO	[jepsen worker 21] jepsen.util: 21	:invoke	:read	nil
2026-03-20 15:20:33,218{GMT}	INFO	[jepsen worker 4] jepsen.util: 4	:ok	:broadcast	34
2026-03-20 15:20:33,237{GMT}	INFO	[jepsen worker 23] jepsen.util: 23	:invoke	:read	nil
2026-03-20 15:20:33,255{GMT}	INFO	[jepsen worker 22] jepsen.util: 22	:ok	:read	[8 7 7 7 18 1 0 0 0 2 4 0 8 6 6 5 0 2 5 2 6 4 2 3 4 2 3 3 3 3 4 5 3 3 5 3 5 3 3 5 15 17 7 7 7 19 7 7 7 7 7 7 7 1 1 0 16 1 1 10 1 1 0 0 1 0 0 1 1 0 1 0 1 0 0 1 0 0 0 6 0 0 0 1 0 0 1 1 1 0 0 0 0 1 1 0 1 0 2 0 0 8 0 6 2 0 0 0 0 2 0 2 0 2 6 4 4 0 0 0 0 0 0 0 2 4 1 4 0 0 2 6 2 6 0 2 0 8 0 2 6 4 2 0 0 4 8 0 2 6 4 4 2 2 2 4 13 2 4 4 5 2 2 5 4 2 2 4 4 4 0 2 3 0 6 2 2 2 3 5 2 6 13 2 4 0 2 2 6 2 3 2 3 4 3 2 9 2 4 2 4 5 4 14 3 12 3 3 3 12 5 9 14 5 2 3 5 2 2 3 14 4 4 2 2 7 3]
2026-03-20 15:20:33,273{GMT}	INFO	[jepsen worker 22] jepsen.util: 22	:invoke	:read	nil
2026-03-20 15:20:33,303{GMT}	INFO	[jepsen worker 24] jepsen.util: 24	:invoke	:broadcast	44
2026-03-20 15:20:33,337{GMT}	INFO	[jepsen worker 0] jepsen.util: 0	:invoke	:broadcast	45
2026-03-20 15:20:33,342{GMT}	INFO	[jepsen worker 1] jepsen.util: 1	:invoke	:broadcast	46
2026-03-20 15:20:33,572{GMT}	INFO	[jepsen worker 10] jepsen.util: 10	:ok	:read	[3 5 0 0 6 0 3 14 12 7 1 1 0 1 1 0 8 0 0 8 2 1 1 0 6 8 0 4 2 2 2 2 2 9 6 2 4 4 2 4 2 9 9 3 2 3 12 3 7 7 7 7 7 15 7 7 7 7 25 7 16 7 1 1 1 1 7 1 1 10 1 23 10 1 1 6 10 1 0 1 10 0 1 10 8 0 1 0 0 0 2 0 20 10 2 4 2 4 0 8 0 0 0 6 1 8 0 0 2 0 2 0 0 2 0 2 2 8 0 4 6 4 4 2 2 2 2 3 6 2 9 4 4 2 2 2 4 4 4 2 4 2 2 2 3 3 4 4 3 17 7 7 2 12 4 28 3 8 7 8 7 2 4 13 4 2 4 2 4 4 7 2 1 7 7 7 11 2 4 2 4 7 9 4 7 13 2 3 4 2 2 2 2 4 13 13 17 7 9 4 17 7 9 7 3 1 7 9 3 7 10 7 24 12 7 7 1 7 16 24 15 15 7 7 1 7 7 7 7 7 7 15 7 1 7 7 15 7 7 7 1 7 7 15 10 7 1 18 16 7 7 1 1 11 7 13 2 9 3 18 3 1 2 10 6 16 6 1 0 0 12 1 2 2 1 1 18 10 1 1 1 0 1 1 0 1 3 4 1 1 1 4 4 4 10 1 1 1 1 0 7 0 18 7 8 1 15 10 7 7 0 7 1 11 11 0 7 11 7 18 0 0 0 4 1 4 2 2 6 0 2 2 1 0]
2026-03-20 15:20:33,626{GMT}	INFO	[jepsen worker 8] jepsen.util: 8	:ok	:broadcast	37
2026-03-20 15:20:33,675{GMT}	INFO	[jepsen worker 0] jepsen.util: 0	:ok	:broadcast	45
2026-03-20 15:20:33,699{GMT}	INFO	[jepsen worker 23] jepsen.util: 23	:ok	:read	[7 8 2 4 19 7 7 7 7 7 7 1 18 1 0 1 0 0 0 1 8 0 1 6 6 5 4 4 2 0 0 0 0 0 8 0 0 6 2 2 0 0 8 6 2 2 4 2 5 4 2 6 4 2 0 2 4 13 2 4 4 5 3 2 6 2 2 3 4 2 2 2 2 3 2 7 2 3 3 3 5 3 5 4 3 3 5 3 3 3 5 3 5 3 3 15 7 3 3 4 5 4 3 7 3 5 2 3 7 1 1 7 7 1 15 1 7 11 18 0 10 1 1 1 1 1 1 0 1 1 11 1 11 1 1 15 17 0 16 1 7 7 0 0 1 0 1 1 0 1 0 1 1 0 0 1 1 1 0 1 1 0 0 0 1 11 0 0 1 0 10 0 1 0 1 0 0 0 7 0 7 0 1 0 0 1 0 6 1 0 0 1 1 6 0 1 0 1 0 0 8 1 0 0 0 0 0 6 0 5 6 0 0 2 0 0 1 0 0 0 0 1 0 1 0 0 0 0 0 8 0 2 0 0 8 0 0 6 6 0 0 2 0 0 1 2 0 2 8 0 0 2 0 0 0 4 2 10 6 0 0 2 0 0 2 0 0 2 0 6 0 0 2 2 0 8 0 4 0 5 2 0 4 4 6 4 2 1 1 2 0 1 6 0 0 2 8 4 0 2 6 0 2 2 2 5 4 13 2 4 2 5 3 0 13 4 6 3 2 2 4 2 2 13 2 2 4 3 4 2 13 3 3 9 2 5 2 3 2 2 5 3 3 3 3 4 5 3 3 4 3 7 5 3 3 3 7 7 11 3 31 1 1 15 7 1 15 2 1 11 0 1 5 11 10 10 0 0 10 1 1 15 0 0 0 1 18 27 1 1 11 0 10 1 10 1 1 1 0 0 0 6 1 0 6 4 13 2 2 4 4 2 0 12 4 2 13 4 0 11 0 2 0 3 0 10 0 0 0 0 0 1 0 1 5 2 4 0 2 6 2 2 2 5 3 4 6 0 10 0 14 1 3 0 0 4 0 2 6 2 2 3 2 2 3 2 9 3 4 4 2 4 2 5 3 9 0 3 3 5 3 12 12 2 5 4]
2026-03-20 15:20:33,700{GMT}	INFO	[jepsen worker 6] jepsen.util: 6	:ok	:broadcast	36
2026-03-20 15:20:33,703{GMT}	INFO	[jepsen worker 3] jepsen.util: 3	:invoke	:read	nil
2026-03-20 15:20:33,714{GMT}	INFO	[jepsen worker 2] jepsen.util: 2	:invoke	:broadcast	47
2026-03-20 15:20:33,734{GMT}	INFO	[jepsen worker 16] jepsen.util: 16	:ok	:broadcast	42
2026-03-20 15:20:33,742{GMT}	INFO	[jepsen worker 4] jepsen.util: 4	:invoke	:broadcast	48
2026-03-20 15:20:33,752{GMT}	INFO	[jepsen worker 5] jepsen.util: 5	:invoke	:read	nil
2026-03-20 15:20:33,753{GMT}	INFO	[jepsen worker 19] jepsen.util: 19	:ok	:broadcast	43
2026-03-20 15:20:33,774{GMT}	INFO	[jepsen worker 18] jepsen.util: 18	:ok	:read	[7 2 4 7 7 1 1 1 1 0 0 8 0 0 8 0 0 0 6 0 8 0 6 2 2 2 4 2 2 4 4 0 13 6 4 2 2 2 2 2 3 3 5 2 3 3 5 5 3 3 3 2 3 3 3 4 4 5 15 7 7 7 7 19 7 15 1 11 1 1 0 10 18 1 1 1 1 11 1 1 1 1 0 0 0 1 1 0 0 1 18 0 1 0 0 0 11 1 0 0 0 0 6 1 8 1 0 0 8 0 1 0 5 0 6 0 0 0 8 0 0 0 0 0 2 6 0 10 0 0 2 0 0 5 2 0 4 6 5 4 2 0 8 6 2 6 1 1 0 0 4 2 2 2 6 2 2 5 2 4 2 4 2 13 2 4 5 2 4 4 3 3 9 2 5 12 13 10 3 0 2 2 0 2 4 0 11 0 14 1 3 6 10 4 3 0 0 1 5 3 0 3 0 4 0 2 5 1 5 3 3 3 7 2 3 3 0 1 8 2 6 3 3 0 3 0 8 4 19 5 5 3 3 13 7 2 3 3 12 7 3 7 3 17 5 7 3 3 1 1 7 13 7 2 1 1 15 8 2 13 3 3 3 7 9 9 7 2 9 6 4 3 5 3 3 9 9 12 3 2 13 3 4 3 15 7 5 16 1 12 11 19 14 2 7 1 1 1 27 1 11 0 5 2 0 12 1 3 3 2 5 16 1 0 3 5 5 1 0 10 3 10 10 10 0 11 5 2 9 3 1 9 0 3 0 6 3 9 0 1 0 0 10 0 0 1 5 2 18 0 0 0 18 4 1 5 3 9 3 1 5 3 5 7 14 7 3 12 7 12 1 27 0 12 6 10 2 3 26 11 0 1 1 1 1 15 17 11 0 16 1 3 0 22 0 0 11 0 15 10 1 6 6 5 1 1 0 1 11 7 11 0 11 10 0 1 1 1 0 1 0 12 0 0 1 0 0 1 0 10 0 1 0 5 1 3 7 3 26 14 12 11 3 3 1 18 11 10 6 8 0 0 6 5 0 0 6 0 0 0 0 0 1 1 0 0 0 1 0 0 0 8 2 1 1 7 0 1 1 0 0 0]
2026-03-20 15:20:33,780{GMT}	INFO	[jepsen worker 13] jepsen.util: 13	:ok	:broadcast	40
2026-03-20 15:20:33,794{GMT}	INFO	[jepsen worker 6] jepsen.util: 6	:invoke	:broadcast	49
2026-03-20 15:20:33,824{GMT}	INFO	[jepsen worker 8] jepsen.util: 8	:invoke	:broadcast	51
2026-03-20 15:20:33,825{GMT}	INFO	[jepsen worker 7] jepsen.util: 7	:invoke	:broadcast	50
2026-03-20 15:20:33,833{GMT}	INFO	[jepsen worker 21] jepsen.util: 21	:ok	:read	[8 0 6 5 5 3 3 3 3 5 7 17 7 7 7 7 7 0 16 1 0 0 1 0 1 0 0 1 18 0 6 0 0 0 0 0 2 4 1 6 0 0 0 6 0 2 6 0 0 2 3 0 6 2 4 2 2 0 2 4 6 4 2 4 2 3 3 2 2 2 4 4 5 2 2 9 3 14 12 3 4 3 3 4 3 2 5 4 5 3 3 3 3 5 14 5 3 12 12 7 3 7 12 7 14 3 7 15 7 1 7 7 15 7 7 1 7 1 19 7 7 7 5 1 16 1 1 1 7 1 1 10 1 1 1 10 1 18 0 1 0 0 1 0 2 1 1 1 0 0 10 30 1 1 1 0 1 0 4 0 1 0 0 0 0 0 0 0 1 7 1 7 1 15 1 1 0 1 1 0 0 0 0 0 2 0 1 1 1 2 1 0 7 0 0 1 1 1 7 7 0 10 0 0 2 0 0 1 10 0 2 1 0 1 0 2 2 1 0 4 2 4 4 2 0 2 6 2 2 2 0 0 2 2 1 0 2 0 0 1 0 1 0 1 2 2 2 6 4 0 2 0 2 6 2 9 0 0 0 0 1 1 2 4 0 4 0 0 2 5 4 4 2 9 4 2 0 0 2 6 0 0 0 29 2 0 0 0 0 2 3 4 0 5 6 0 0 4 0 2 4 2 0 1 0 4 6 2 2 6 4 2 2 2 7 0 3 4 4 0 2 7 3 4 12 3 2 2 2 6 2 2 4 0 3 2 0 2 2 2 4 4 9 13 4 2 6 2 5 4 2 2 4 2 0 4 2 5 4 6 0 2 4 2 4 13 28 7 9 12 9 2 14 12 2 4 2 4 3 4 2 4 2 15 3 2 2 3 7 7 7 7 15 7 3 7 7 4 2 4 2 4 4 3 0 2 2 2 2 7 7 15 4 10 7 2 1 4 28 2 1 3 2 1 2 1 25 4 1 0 5 9]
2026-03-20 15:20:33,844{GMT}	INFO	[jepsen worker 9] jepsen.util: 9	:invoke	:read	nil
2026-03-20 15:20:33,875{GMT}	INFO	[jepsen worker 10] jepsen.util: 10	:invoke	:read	nil
2026-03-20 15:20:33,882{GMT}	INFO	[jepsen worker 13] jepsen.util: 13	:invoke	:broadcast	52
2026-03-20 15:20:33,919{GMT}	INFO	[jepsen worker 15] jepsen.util: 15	:invoke	:broadcast	53
2026-03-20 15:20:33,929{GMT}	INFO	[jepsen worker 16] jepsen.util: 16	:invoke	:broadcast	54
2026-03-20 15:20:33,945{GMT}	INFO	[jepsen worker 18] jepsen.util: 18	:invoke	:read	nil
2026-03-20 15:20:33,967{GMT}	INFO	[jepsen worker 19] jepsen.util: 19	:invoke	:read	nil
2026-03-20 15:20:33,977{GMT}	INFO	[jepsen worker 21] jepsen.util: 21	:invoke	:broadcast	55
2026-03-20 15:20:33,995{GMT}	INFO	[jepsen worker 23] jepsen.util: 23	:invoke	:read	nil
2026-03-20 15:20:34,001{GMT}	INFO	[jepsen worker 2] jepsen.util: 2	:ok	:broadcast	47
2026-03-20 15:20:34,002{GMT}	INFO	[jepsen worker 17] jepsen.util: 17	:ok	:read	[7 7 1 0 8 0 0 8 6 0 6 2 2 4 2 4 2 3 4 5 3 3 5 3 3 3 5 7 15 7 7 7 1 1 18 1 10 0 1 0 0 1 1 0 1 0 0 0 1 1 0 0 2 0 0 6 1 4 5 1 0 8 8 0 0 0 2 0 0 0 0 0 6 2 2 2 0 5 2 4 4 1 8 4 6 0 2 2 2 0 6 0 0 4 2 13 4 2 4 4 4 5 5 2 2 2 2 2 3 3 3 12 3 5 9 3 2 2 2 14 2 3 4 5 3 3 3 3 3 3 13 2 13 12 7 17 19 2 7 1 15 5 9 7 9 4 7 3 7 7 1 15 19 16 1 7 7 1 1 16 0 12 14 2 1 3 3 0 5 2 3 12 5 3 2 9 3 1 0 1 10 0 5 18 0 6 3 14 1 12 7 7 12 7 10 26 11 1 0 1 1 11 11 11 1 1 11 1 1 10 11 1 0 0 1 1 16 0 17 7 0 1 7 0 0 10 0 1 11 1 1 18 10 1 0 10 13 1 0 0 4 11 1 0 1 0 0 6 0 7 1 1 1 10 4 2 2 8 1 8 1 0 8 6 0 1 0 8 6 0 0 3 0 6 0 0 10 0 8 9 2 4 1 1 1 0 0 0 0 0 2 10 0 0 4 0 2 2 6 4 6 0 0 5 2 0 8 4 2 2 0 0 1 0 0 0 0 2 0 10 0 1 6 0 0 2 2 1 6 0 4 1 0 4 11 2 3 4 4 2 1 17 2 4 13 9 2 5 2 13 2 4 2 5 2 2 12 4 0 2 2 14 9 5 12 5 3 0 8 3 5 3 14 5 7 9 14 9 2 4 2 21 0 3 2 6 9 5 2 4 4 2 2 2 2 4 2 10 2 7 4 0 0 1 0 4 2 0 4 0 13 4 4 1 11 0]
2026-03-20 15:20:34,006{GMT}	INFO	[jepsen worker 17] jepsen.util: 17	:invoke	:read	nil
2026-03-20 15:20:34,014{GMT}	INFO	[jepsen worker 0] jepsen.util: 0	:invoke	:read	nil
2026-03-20 15:20:34,014{GMT}	INFO	[jepsen worker 14] jepsen.util: 14	:ok	:broadcast	41
2026-03-20 15:20:34,022{GMT}	INFO	[jepsen worker 20] jepsen.util: 20	:ok	:read	[8 3 5 0 16 0 0 6 0 8 6 6 0 3 3 5 3 3 5 7 5 14 3 12 3 7 7 7 7 7 7 17 7 1 7 7 1 0 0 1 1 1 1 1 1 1 1 0 0 0 0 0 18 0 0 1 0 0 0 0 0 0 0 4 2 0 6 1 0 0 8 0 8 2 1 2 0 1 1 0 0 0 6 0 0 2 0 2 4 0 2 6 2 2 4 2 2 4 2 2 4 2 2 2 9 2 2 5 29 2 2 4 6 2 4 0 9 4 6 2 0 5 4 2 3 6 2 4 2 4 2 2 4 3 7 3 4 17 4 2 3 3 7 4 12 14 3 9 2 3 12 2 3 4 2 2 4 2 5 4 3 3 4 5 2 4 3 5 3 7 12 9 9 2 12 14 7 7 12 3 3 5 28 14 3 3 3 7 1 7 7 12 15 2 3 15 7 7 19 7 7 15 7 5 3 7 7 15 7 7 7 7 7 7 1 7 1 1 7 10 7 1 7 1 1 1 15 25 18 1 10 1 0 0 0 1 1 1 7 10 1 7 0 1 18 2 1 1 10 1 1 1 1 30 0 10 0 2 1 1 0 0 0 0 0 1 0 1 1 1 0 1 10 1 18 4 1 0 4 1 1 7 1 1 7 1 7 1 15 10 1 7 1 1 1 0 10 0 10 1 1 6 10 23 1 1 10 1 1 0 2 0 4 0 2 1 8 0 2 10 0 2 0 2 20 0 0 10 0 4 0 1 0 0 1 7 0 1 2 8 0 1 0 1 1 0 0 0 4 0 8 0 2 0 6 2 0 2 2 0 6 6 0 2 8 0 4 1 0 0 0 2 2 2 0 0 4 2 0 4 4 2 4 2 2 4 4 0 2 4 7 8 2 4 7 6 2 4 2 7 2 4 1 13 2 8 0 2 10 0 0 10 4 4 4 0 0 2 2 2 4 5 4 4 2 0 1 2 2 7 7 4 13 2 0 0 1 1]
2026-03-20 15:20:34,037{GMT}	INFO	[jepsen worker 12] jepsen.util: 12	:ok	:broadcast	39
2026-03-20 15:20:34,049{GMT}	INFO	[jepsen worker 20] jepsen.util: 20	:invoke	:read	nil
2026-03-20 15:20:34,064{GMT}	INFO	[jepsen worker 24] jepsen.util: 24	:ok	:broadcast	44
2026-03-20 15:20:34,076{GMT}	INFO	[jepsen worker 24] jepsen.util: 24	:invoke	:broadcast	56
2026-03-20 15:20:34,112{GMT}	INFO	[jepsen worker 2] jepsen.util: 2	:invoke	:broadcast	57
2026-03-20 15:20:34,127{GMT}	INFO	[jepsen worker 12] jepsen.util: 12	:invoke	:read	nil
2026-03-20 15:20:34,136{GMT}	INFO	[jepsen worker 1] jepsen.util: 1	:ok	:broadcast	46
2026-03-20 15:20:34,153{GMT}	INFO	[jepsen worker 1] jepsen.util: 1	:invoke	:broadcast	58
2026-03-20 15:20:34,168{GMT}	INFO	[jepsen worker 14] jepsen.util: 14	:invoke	:read	nil
2026-03-20 15:20:34,453{GMT}	INFO	[jepsen worker 11] jepsen.util: 11	:ok	:read	[0 6 3 5 3 7 1 0 1 0 0 0 1 0 0 2 8 4 2 2 2 4 4 9 2 2 5 3 5 3 3 12 12 14 7 7 15 7 7 7 7 1 1 0 1 10 0 1 1 1 1 10 0 1 0 0 10 0 8 0 8 8 0 2 0 2 8 0 8 1 4 8 2 4 0 4 4 2 2 2 1 4 4 5 2 2 2 14 12 3 9 2 2 4 4 2 4 2 2 13 17 2 7 4 13 2 3 13 9 2 9 5 14 4 9 7 7 3 7 3 9 7 25 7 7 24 16 12 1 7 15 7 7 7 7 0 1 1 16 9 18 3 3 2 1 2 10 3 5 12 1 2 18 1 0 1 0 1 0 7 7 5 15 7 7 7 7 3 5 26 1 4 0 7 11 1 11 11 1 23 1 1 0 1 11 1 11 0 1 23 1 16 18 10 2 10 0 4 10 0 1 0 4 13 10 10 1 2 20 2 0 8 0 2 7 0 8 10 11 0 11 11 1 0 11 4 10 0 0 1 0 0 4 4 10 5 0 2 2 9 2 2 3 2 1 2 0 8 4 2 5 13 2 13 5 4 4 4 2 8 0 8 9 8 4 0 20 20 13 2 2 2 0 1 0 0 12 4 4 4 2 4 3 4 11 2 8 4 10 2 4 0 2 3 2 1 0 8 14 4 4 2 2 4 4 4 2 3 0 2 2 4 7 11 7 13 7 2 17 2 21 2]
2026-03-20 15:20:34,541{GMT}	INFO	[jepsen worker 0] jepsen.util: 0	:ok	:read	[0 3 1 0 2 3 5 9 12 10 1 1 6 1 6 2 20 0 0 4 4 2 4 2 9 2 2 4 3 6 2 14 5 5 5 12 3 7 7 7 7 7 7 7 7 7 7 1 11 1 23 1 1 10 1 10 1 1 10 0 13 6 6 8 0 8 0 0 0 8 6 4 8 4 4 2 4 2 4 2 2 2 6 2 4 6 2 4 2 0 2 4 2 2 6 4 8 2 4 2 4 13 2 2 9 4 2 2 4 9 21 4 3 3 13 7 4 12 3 3 2 2 5 13 5 5 7 7 7 7 25 7 14 5 24 32 15 5 7 15 7 14 15 7 7 7 7 7 11 7 16 7 15 7 1 7 7 7 7 1 1 3 11 7 24 1 11 7 5 5 22 7 7 15 7 12 15 7 3 14 7 6 11 10 1 10 1 1 1 0 1 7 1 7 0 7 1 6 7 7 0 6 4 13 8 6 11 11 23 2 11 8 11 10 8 7 1 4 8 3 10 1 1 8 1 8 0 6 13 5 4 5 3 1 3 1 8 1 8 1 11 7 0 8 10 6 0 10 0 11 0 0 1 6 5 3 8 2 8 3 12 8 7 6 4 8 8 0 2 0 8 2 0 4 8 6 4 1 4 2 2 2 6 3 4 14 0 8 4 3 2 2 1 10 13 2 2 7 1 13 0 2 0 6 4 2 8 2 8 0 5 3 8 4 5 7 4 8 2 9 2 2 3 2 13 35 0 4 9 3 4 14 5 4 15 6 8 8 0 8 0 8 8 4 0 7 8 2 21 5 4 2 17 13 4 4 2 4 2 7 4 8 2 7 2 14 13 2 4 12 2 7 5 3 15 15 2 2 7 12 5 7 14 22 11 2 7 5 11 7 15 4 2 24 17 12 13 7 3 5 12 14 7 8 2 2 2 3 13 8 4 4 6 4 8 7 45 5 21 7 7 5 2 3 2 4 2 4 4 28 2 2 2 4 2 4 7 13 13 2 2 17 4 4 4 2 7 2 4 2 4 2 2 13 17 17 4 2 13 13 2 2 25 7 1 24 2 7 2 7 6 7 9 7 7 2 7 7 7 16 9 4 7 15 7 7 7 5 21 7 4 7 5 15 7 4 16 13 7 2 4 7 7 7 22 2 7 1 7 7 7 15 7 7 6 3 18 7 6 3 6 1 7 7 7 7 18 10 26 15 7 1 15 7 7 7 5 1 7 1 7 1 7 1 1 10 2 18 1 9 0 7 15 16 1 2 1 2 7 16 18 1 1 15 2 1 11 1 11 1 4 0 0 2 10 1 1 1 1 1 33 7 6 8 8 7 4 11 7 8 7 7 16 25 6 8 11 8 7 23]
2026-03-20 15:20:34,548{GMT}	INFO	[jepsen worker 11] jepsen.util: 11	:invoke	:broadcast	59
2026-03-20 15:20:34,553{GMT}	INFO	[jepsen worker 5] jepsen.util: 5	:ok	:read	[3 0 0 5 12 1 1 0 1 6 2 0 2 2 9 2 6 4 14 9 5 7 7 7 7 1 23 1 1 1 10 10 1 10 1 0 6 8 0 0 0 0 8 2 2 8 4 20 2 4 2 6 2 0 2 4 4 8 6 2 4 4 2 2 4 4 2 2 2 4 4 4 13 2 7 7 7 2 9 2 5 7 11 7 1 9 4 7 7 5 10 1 5 7 15 7 7 7 24 25 7 7 7 15 7 7 14 1 7 7 7 7 7 15 11 7 13 16 7 6 6 7 1 1 1 0 1 1 1 10 1 10 1 4 4 4 8 1 0 0 11 0 1 1 11 0 7 10 6 10 0 0 11 8 0 0 1 2 2 4 0 0 2 6 8 2 0 4 6 1 4 2 2 2 2 6 2 1 0 10 13 0 0 1 4 6 0 8 8 2 0 20 4 4 13 9 2 2 2 9 35 8 8 8 8 0 4 0 8 8 0 8 2 21 2 7 7 17 13 2 4 4 4 2 2 4 8 2 4 4 5 21 14 2 13 2 13 5 4 2 7 5 7 32 15 24 11 7 8 7 8 4 11 7 7 15 14 6 15 22 5 2 11 7 5 7 7 28 2 4 2 4 4 2 4 2 2 13 2 7 4 2 2 17 2 13 4 4 13 4 2 7 4 2 2 4 2 2 2 13 2 7 4 17 9 13 17 9 7 4 7 7 7 7 2 1 7 13 4 4 2 21 5 7 7 7 7 6 7 6 25 2 7 4 16 6 7 7 7 24 7 7 15 1 5 15 7 4 16 7 8 7 7 13 7 7 7 8 11 11 2 7 11 1 8 4 6 10 8 7 22 5 1 1 10 5 8 13 4 1 1 8 7 1 7 7 7 18 10 15 15 7 7 5 1 1 7 7 1 7 1 16 15 1 7 2 9 1 7 2 18 10 7 16 0 1 2 1 1 1 15 18 7 1 2 1 11 1 0 0 1 1 11 1 2 10 4 1 1 8 5 1 6 1 8 8 7 8 8 8 2 13 4 4 2 2 7 2 5 4 7 8 5 6 4 14 4 15 2 7 7 2 2 4 13 2 5 15 7 15 2 7 2 14 22 11 7 7 7 0 0 18 1 10 0 7 18 15 7 1 1 0 7 1 7 6 0 5 11 0 0 1 0 2 0 1 6 10 7 0 4 17 5 24 13 1 15 2 4 4 0 1 0 4 8 2 26 0 1 4 13 8]
2026-03-20 15:20:34,568{GMT}	INFO	[jepsen worker 5] jepsen.util: 5	:invoke	:read	nil
2026-03-20 15:20:34,572{GMT}	INFO	[jepsen worker 0] jepsen.util: 0	:invoke	:read	nil
2026-03-20 15:20:34,600{GMT}	INFO	[jepsen worker 16] jepsen.util: 16	:ok	:broadcast	54
2026-03-20 15:20:34,611{GMT}	INFO	[jepsen worker 16] jepsen.util: 16	:invoke	:read	nil
2026-03-20 15:20:34,615{GMT}	INFO	[jepsen worker 4] jepsen.util: 4	:ok	:broadcast	48
2026-03-20 15:20:34,627{GMT}	INFO	[jepsen worker 2] jepsen.util: 2	:ok	:broadcast	57
2026-03-20 15:20:34,636{GMT}	INFO	[jepsen worker 2] jepsen.util: 2	:invoke	:read	nil
2026-03-20 15:20:34,645{GMT}	INFO	[jepsen worker 4] jepsen.util: 4	:invoke	:broadcast	60
2026-03-20 15:20:34,723{GMT}	INFO	[jepsen worker 0] jepsen.util: 0	:ok	:read	[0 3 1 0 2 3 5 9 12 10 1 1 6 1 6 2 20 0 0 4 4 2 4 2 9 2 2 4 3 6 2 14 5 5 5 12 3 7 7 7 7 7 7 7 7 7 7 1 11 1 23 1 1 10 1 10 1 1 10 0 13 6 6 8 0 8 0 0 0 8 6 4 8 4 4 2 4 2 4 2 2 2 6 2 4 6 2 4 2 0 2 4 2 2 6 4 8 2 4 2 4 13 2 2 9 4 2 2 4 9 21 4 3 3 13 7 4 12 3 3 2 2 5 13 5 5 7 7 7 7 25 7 14 5 24 32 15 5 7 15 7 14 15 7 7 7 7 7 11 7 16 7 15 7 1 7 7 7 7 1 1 3 11 7 24 1 11 7 5 5 22 7 7 15 7 12 15 7 3 14 7 6 11 10 1 10 1 1 1 0 1 7 1 7 0 7 1 6 7 7 0 6 4 13 8 6 11 11 23 2 11 8 11 10 8 7 1 4 8 3 10 1 1 8 1 8 0 6 13 5 4 5 3 1 3 1 8 1 8 1 11 7 0 8 10 6 0 10 0 11 0 0 1 6 5 3 8 2 8 3 12 8 7 6 4 8 8 0 2 0 8 2 0 4 8 6 4 1 4 2 2 2 6 3 4 14 0 8 4 3 2 2 1 10 13 2 2 7 1 13 0 2 0 6 4 2 8 2 8 0 5 3 8 4 5 7 4 8 2 9 2 2 3 2 13 35 0 4 9 3 4 14 5 4 15 6 8 8 0 8 0 8 8 4 0 7 8 2 21 5 4 2 17 13 4 4 2 4 2 7 4 8 2 7 2 14 13 2 4 12 2 7 5 3 15 15 2 2 7 12 5 7 14 22 11 2 7 5 11 7 15 4 2 24 17 12 13 7 3 5 12 14 7 8 2 2 2 3 13 8 4 4 6 4 8 7 45 5 21 7 7 5 2 3 2 4 2 4 4 28 2 2 2 4 2 4 7 13 13 2 2 17 4 4 4 2 7 2 4 2 4 2 2 13 17 17 4 2 13 13 2 2 25 7 1 24 2 7 2 7 6 7 9 7 7 2 7 7 7 16 9 4 7 15 7 7 7 5 21 7 4 7 5 15 7 4 16 13 7 2 4 7 7 7 22 2 7 1 7 7 7 15 7 7 6 3 18 7 6 3 6 1 7 7 7 7 18 10 26 15 7 1 15 7 7 7 5 1 7 1 7 1 7 1 1 10 2 18 1 9 0 7 15 16 1 2 1 2 7 16 18 1 1 15 2 1 11 1 11 1 4 0 0 2 10 1 1 1 1 1 33 7 6 8 8 7 4 11 7 8 7 7 16 25 6 8 11 8 7 23 4 8 2 8 2 8 13 6 7 6 7 4 4 2 8 7 1 5 7 5 7 25 22 5 2 7 7 7 7 1 7 18 0 10 0 0 1 11 7 18 15 1 1 0 7 6 1 6 7 0 3 15 0 1 0 0 4 0 1 46 0 2 5 15 10 3 1]
2026-03-20 15:20:34,731{GMT}	INFO	[jepsen worker 0] jepsen.util: 0	:invoke	:read	nil
2026-03-20 15:20:34,747{GMT}	INFO	[jepsen worker 15] jepsen.util: 15	:ok	:broadcast	53
2026-03-20 15:20:34,756{GMT}	INFO	[jepsen worker 15] jepsen.util: 15	:invoke	:broadcast	61
2026-03-20 15:20:34,795{GMT}	INFO	[jepsen worker 3] jepsen.util: 3	:ok	:read	[2 1 0 4 7 11 1 0 10 0 0 4 13 4 9 3 3 3 3 7 7 7 7 7 7 22 1 10 1 0 0 11 0 0 1 6 6 6 0 0 0 6 6 0 13 6 4 3 0 3 3 3 3 9 9 5 5 21 7 13 3 3 12 4 5 3 7 5 3 3 4 3 9 5 3 5 3 3 12 5 5 5 12 5 12 3 7 7 7 7 7 7 7 7 15 15 7 0 1 11 0 0 6 0 11 10 1 15 0 1 0 0 6 0 4 6 20 8 6 0 10 8 4 4 6 8 6 1 0 6 1 1 8 1 0 0 0 6 0 8 0 4 8 8 8 6 0 8 0 0 0 0 1 10 1 1 33 0 0 0 6 6 3 0 13 0 14 9 3 21 3 5 3 3 5 6 5 3 9 12 5 0 3 0 14 12 5 6 7 3 3 3 14 4 7 0 13 4 5 0 8 5 8 6 7 0 8 4 1 3 7 14 9 3 5 3 9 5 7 5 15 13 4 5 23 4 6 3 5 3 3 5 15 0 12 3 8 8 7 7 11 3 7 5 15 24 5 12 14 8 15 7 7 15 7 3 3 7 3 0 0 1 12 3 12 9 5 5 24 0 3 7 7 6 6 5 7 14 5 5 3 15 9 12 14 0 3 15 5 3 6 7 5 5 5 5 12 12 3 7 8 3 7 7 8 0 7 7 7 7 26 7 18 8 0 11 0 8 0 23 4 4 20 8 11 0 8 8 7 23 4 4 0 8 8 8 6 6 1 6 0 27 1 10 0 34 1 15 0 6 8 6 7 15 12 14 5 3 8 8 8 6 0 8 0 8 8 0 5 4 8 8 4 13 13 6 8 4 0 5 4 6 4 15 9 4 1 3 8 27 5 0 0 4 10 0 8 0 8 6 5 4 3 3 9 7 3 8 24 19 0 3 3 12 1 3 1 3 3 6 12 0 9 8 14 5 0 5 7 7 5 27 3 3 12 3]
2026-03-20 15:20:34,798{GMT}	INFO	[jepsen worker 3] jepsen.util: 3	:invoke	:broadcast	62
2026-03-20 15:20:34,811{GMT}	INFO	[jepsen worker 9] jepsen.util: 9	:ok	:read	[2 4 2 7 7 1 11 1 1 0 0 0 0 2 2 13 4 4 3 7 7 7 11 1 1 1 10 1 0 1 0 0 0 1 10 0 10 0 0 6 6 0 6 0 0 0 0 13 0 0 6 2 2 4 0 3 9 3 9 3 3 2 9 3 4 5 9 12 3 5 13 3 3 3 3 2 3 4 3 3 2 2 5 3 3 3 5 3 3 3 7 7 5 3 7 7 7 15 15 11 7 10 7 22 7 11 0 0 1 22 1 1 0 1 0 0 6 0 27 1 6 15 1 10 6 0 6 1 0 1 1 8 0 6 0 0 8 6 0 10 6 0 0 6 3 6 6 8 6 2 0 0 2 0 0 8 0 8 6 8 8 0 4 0 8 0 6 0 2 2 0 10 1 0 1 0 0 2 1 21 21 3 2 5 5 12 0 3 2 6 4 14 13 0 8 0 1 5 3 0 8 6 5 1 0 8 2 1 0 38 3 9 3 9 13 5 8 3 0 3 8 5 5 3 10 9 5 12 8 3 12 4 21 3 12 3 5 5 3 4 5 3 5 3 9 5 3 0 0 6 10 1 12 1 3 12 7 0 5 5 5 5 5 3 12 5 9 9 22 0 6 0 2 2 5 6 3 3 6 5 3 5 5 7 12 3 2 12 5 15 7 5 7 15 7 5 12 7 7 7 7 7 7 3 12 5 5 7 3 15 0 0 0 5 3 14 7 15 9 5 34 15 2 0 3 8 8 6 0 0 1 1 19 4 10 4 0 20 6 6 4 8 4 0 3 15 0 6 0 4 6 1 3 6 0 15 7 8 3 7 0 7 3 6 8 3 8 7 6 6 9 0 0 3 19 3 7 2 6 8 3 3 1 8 9 3 3 0 5 2 5 9 5 3 3 3 5 6 3 2 13 5 11 8 2 0 15 19 3 11 5 9 3 5 3 1 5 1 4 9 3 3 1 2 18 0 10 9 12 0 3 3 3 19 1 4 15 7 0 0 3 24 12 3 0 7 3 7 3 5 0 8 20 14 6 5 12 2 0 0 18 0 1 1 1 0 1 3 2 6 5 5 3 3 5 8 6 0 3 9 12 3 5 3 6 8 37 6 3 33 0 1 12 12 8 3 7 10 9 5 7 1 0 0 5 26 11 3 7 0 27 3 18 3 8 7 6 8 0 0 1 6 0 0 20 1 3 2 6 18 10 10 3 18 0 5 6 0 23 15 0 0 0 3 1 6 1]
2026-03-20 15:20:34,818{GMT}	INFO	[jepsen worker 9] jepsen.util: 9	:invoke	:broadcast	64
2026-03-20 15:20:34,800{GMT}	INFO	[jepsen worker 22] jepsen.util: 22	:ok	:read	[8 7 7 7 18 1 0 0 0 2 4 0 8 6 6 5 0 2 5 2 6 4 2 3 4 2 3 3 3 3 4 5 3 3 5 3 5 3 3 5 15 17 7 7 7 19 7 7 7 7 7 7 7 1 1 0 16 1 1 10 1 1 0 0 1 0 0 1 1 0 1 0 1 0 0 1 0 0 0 6 0 0 0 1 0 0 1 1 1 0 0 0 0 1 1 0 1 0 2 0 0 8 0 6 2 0 0 0 0 2 0 2 0 2 6 4 4 0 0 0 0 0 0 0 2 4 1 4 0 0 2 6 2 6 0 2 0 8 0 2 6 4 2 0 0 4 8 0 2 6 4 4 2 2 2 4 13 2 4 4 5 2 2 5 4 2 2 4 4 4 0 2 3 0 6 2 2 2 3 5 2 6 13 2 4 0 2 2 6 2 3 2 3 4 3 2 9 2 4 2 4 5 4 14 3 12 3 3 3 12 5 9 14 5 2 3 5 2 2 3 14 4 4 2 2 7 3 2 3 2 12 12 7 7 2 7 12 3 3 14 7 3 3 2 2 2 5 15 3 5 3 3 5 3 3 7 3 4 3 4 3 7 15 7 1 7 3 13 2 7 13 2 17 7 7 12 19 1 1 15 1 3 7 2 1 9 1 4 9 7 15 3 7 7 7 1 15 7 7 1 15 7 12 1 5 1 1 16 2 11 14 1 7 0 16 1 1 5 10 3 0 0 1 1 3 7 10 1 1 1 2 5 16 1 1 12 1 3 1 1 9 6 0 3 1 0 2 0 10 1 1 0 0 10 1 1 1 3 1 1 1 0 5 0 1 0 1 10 30 1 1 1 1 0 0 1 1 12 10 1 26 7 12 7 14 7 0 0 3 11 1 11 0 1 1 1 11 0 1 1 11 0 0 0 0 0 11 1 1 0 11 0 11 1 1 11 1 10 1 0 1 0 0 1 0 1 0 1 2 0 1 2 1 0 0 0 11 1 0 1 0 1 1 0 0 1 0 0 0 1 0 0 1 0 0 1 1 1 6 6 8 0 0 0 1 0 0 0 0 1 0 0 0 2 0 0 6 0 6 0 0 2 0 0 1 2 0 0 8 0 2 0 0 0 0 1 1 0 10 2 0 4 10 0 0 10 2 2 2 4 0 0 8 2 1 4 6 1 0 2 0 1 6 2 4 2 5 2 4 2 4 5 3 2 0 1 11 4 13 0 1 1 2 2 10 10 13 6 0 1 0 4 3 4 2 2 2 1 4 6 2 2 2 0 2 0 2 2 2 4 13 0 2 0 0 2 2 0 13 0 2 4 4 2 13 2 3 9 2 0 5 2 0 3 2]
2026-03-20 15:20:34,840{GMT}	INFO	[jepsen worker 22] jepsen.util: 22	:invoke	:broadcast	63
2026-03-20 15:20:34,852{GMT}	INFO	[jepsen worker 21] jepsen.util: 21	:ok	:broadcast	55
2026-03-20 15:20:34,856{GMT}	INFO	[jepsen worker 21] jepsen.util: 21	:invoke	:read	nil
2026-03-20 15:20:34,862{GMT}	INFO	[jepsen worker 0] jepsen.util: 0	:ok	:read	[0 3 1 0 2 3 5 9 12 10 1 1 6 1 6 2 20 0 0 4 4 2 4 2 9 2 2 4 3 6 2 14 5 5 5 12 3 7 7 7 7 7 7 7 7 7 7 1 11 1 23 1 1 10 1 10 1 1 10 0 13 6 6 8 0 8 0 0 0 8 6 4 8 4 4 2 4 2 4 2 2 2 6 2 4 6 2 4 2 0 2 4 2 2 6 4 8 2 4 2 4 13 2 2 9 4 2 2 4 9 21 4 3 3 13 7 4 12 3 3 2 2 5 13 5 5 7 7 7 7 25 7 14 5 24 32 15 5 7 15 7 14 15 7 7 7 7 7 11 7 16 7 15 7 1 7 7 7 7 1 1 3 11 7 24 1 11 7 5 5 22 7 7 15 7 12 15 7 3 14 7 6 11 10 1 10 1 1 1 0 1 7 1 7 0 7 1 6 7 7 0 6 4 13 8 6 11 11 23 2 11 8 11 10 8 7 1 4 8 3 10 1 1 8 1 8 0 6 13 5 4 5 3 1 3 1 8 1 8 1 11 7 0 8 10 6 0 10 0 11 0 0 1 6 5 3 8 2 8 3 12 8 7 6 4 8 8 0 2 0 8 2 0 4 8 6 4 1 4 2 2 2 6 3 4 14 0 8 4 3 2 2 1 10 13 2 2 7 1 13 0 2 0 6 4 2 8 2 8 0 5 3 8 4 5 7 4 8 2 9 2 2 3 2 13 35 0 4 9 3 4 14 5 4 15 6 8 8 0 8 0 8 8 4 0 7 8 2 21 5 4 2 17 13 4 4 2 4 2 7 4 8 2 7 2 14 13 2 4 12 2 7 5 3 15 15 2 2 7 12 5 7 14 22 11 2 7 5 11 7 15 4 2 24 17 12 13 7 3 5 12 14 7 8 2 2 2 3 13 8 4 4 6 4 8 7 45 5 21 7 7 5 2 3 2 4 2 4 4 28 2 2 2 4 2 4 7 13 13 2 2 17 4 4 4 2 7 2 4 2 4 2 2 13 17 17 4 2 13 13 2 2 25 7 1 24 2 7 2 7 6 7 9 7 7 2 7 7 7 16 9 4 7 15 7 7 7 5 21 7 4 7 5 15 7 4 16 13 7 2 4 7 7 7 22 2 7 1 7 7 7 15 7 7 6 3 18 7 6 3 6 1 7 7 7 7 18 10 26 15 7 1 15 7 7 7 5 1 7 1 7 1 7 1 1 10 2 18 1 9 0 7 15 16 1 2 1 2 7 16 18 1 1 15 2 1 11 1 11 1 4 0 0 2 10 1 1 1 1 1 33 7 6 8 8 7 4 11 7 8 7 7 16 25 6 8 11 8 7 23 4 8 2 8 2 8 13 6 7 6 7 4 4 2 8 7 1 5 7 5 7 25 22 5 2 7 7 7 7 1 7 18 0 10 0 0 1 11 7 18 15 1 1 0 7 6 1 6 7 0 3 15 0 1 0 0 4 0 1 46 0 2 5 15 10 3 1 2 22 16 2 18 7 5 1 0 0 4 4 1 26 1 8 0 4 2 2 14 0 14 1 1 10 7 2 3 5 7 7 12 5 18 3 1 14 11 16 1 1 1 18 26 1 5]
2026-03-20 15:20:34,882{GMT}	INFO	[jepsen worker 0] jepsen.util: 0	:invoke	:read	nil
2026-03-20 15:20:34,889{GMT}	INFO	[jepsen worker 2] jepsen.util: 2	:ok	:read	[0 1 2 10 0 4 2 4 3 9 3 3 7 7 7 11 0 0 6 6 6 13 4 0 2 21 13 2 4 4 2 3 9 5 3 5 3 5 3 12 5 3 5 12 5 12 7 7 3 7 7 15 7 22 7 7 11 7 7 7 0 11 0 0 11 0 6 0 0 0 0 6 6 20 0 6 8 4 6 4 2 8 6 6 0 13 2 2 8 4 4 8 2 6 2 8 4 3 3 2 3 14 5 9 13 3 5 3 5 7 3 12 3 0 14 13 7 2 4 2 2 3 6 4 7 3 5 3 7 7 7 5 5 9 7 14 9 5 15 23 6 4 7 7 5 11 7 12 7 22 3 15 5 14 7 15 24 12 0 5 0 11 15 2 0 3 2 3 12 5 7 7 14 12 3 5 5 3 5 24 7 15 0 14 0 0 0 0 8 7 3 15 6 12 3 3 7 8 7 7 7 7 8 0 0 7 11 26 7 6 7 0 6 0 0 0 0 0 33 0 8 6 18 8 0 0 8 0 8 11 11 2 23 8 2 8 2 7 4 20 8 4 6 4 8 8 6 4 23 8 11 6 0 0 2 2 8 6 8 0 2 2 8 4 0 2 2 8 8 2 8 8 6 5 0 8 8 8 8 0 4 2 2 8 6 13 13 4 4 0 0 6 4 5 4 4 5 0 4 6 3 9 2 2 5 7 14 5 3 12 3 3 2 20 0 8 8 20 8 0 8 2 8 4 2 11 8 8 8 8 4 3 17 12 8 2 5 8 5 4 14 2 4 9 8 6 6 5 2 9 3 14 4 3 3 4 3 8 3 14 6 32 25 12 9 3 6 5 3 5 7 0 7 5 7 7 14 14 3 3 5 15 0 24 7 15 7 16 15 7 7 7 7 7 7 14 7 7 7 8 9 5 4 7 3 0 8 6 8 7 3 3 8 3 4 5 8 17 2 2 2 12 13 2 13 4 7 15 17 7 2 12 8 8 13 4 7 4 3 3 3 5 13 4 5 8 0 17 2 19 2 13 12 2 9 3 5 3 5 8 15 8 3 7 7 8 15 3 8 7 15 7 3 7 7 3 2 13 4 5 4 0 2 0 22 5 9 4 0 7 7 2 47 2 2 6 6 5 7 7 6 15 3 6 7 14 7 7 4 2 25 0 9 12 5 5 7 6 4 7 7 5 0 7 15 7 5 11 5 7 5 5 12 25 3 5 7 16 25 24 7 7 14 7 16 6 16 7 57 7 5 16 25 5 7 8 7 46 15 11 2 7 3 6 23 4 2 2 6 35 2 7 4 2 8 8 6 8 4 0 25 7 34 8 8 0 27 12 15 19 7 0 12 15 5 14 15 15 3 7 7 7 7 15 8 7 4 2 8 8 2 7 2 3 45 2 8 4 8 4 5 8 14 8 2 8 4 4 7 17 9 7 7 8 3 16 5]
2026-03-20 15:20:34,889{GMT}	INFO	[jepsen worker 6] jepsen.util: 6	:ok	:broadcast	49
2026-03-20 15:20:34,922{GMT}	INFO	[jepsen worker 23] jepsen.util: 23	:ok	:read	[7 8 2 4 19 7 7 7 7 7 7 1 18 1 0 1 0 0 0 1 8 0 1 6 6 5 4 4 2 0 0 0 0 0 8 0 0 6 2 2 0 0 8 6 2 2 4 2 5 4 2 6 4 2 0 2 4 13 2 4 4 5 3 2 6 2 2 3 4 2 2 2 2 3 2 7 2 3 3 3 5 3 5 4 3 3 5 3 3 3 5 3 5 3 3 15 7 3 3 4 5 4 3 7 3 5 2 3 7 1 1 7 7 1 15 1 7 11 18 0 10 1 1 1 1 1 1 0 1 1 11 1 11 1 1 15 17 0 16 1 7 7 0 0 1 0 1 1 0 1 0 1 1 0 0 1 1 1 0 1 1 0 0 0 1 11 0 0 1 0 10 0 1 0 1 0 0 0 7 0 7 0 1 0 0 1 0 6 1 0 0 1 1 6 0 1 0 1 0 0 8 1 0 0 0 0 0 6 0 5 6 0 0 2 0 0 1 0 0 0 0 1 0 1 0 0 0 0 0 8 0 2 0 0 8 0 0 6 6 0 0 2 0 0 1 2 0 2 8 0 0 2 0 0 0 4 2 10 6 0 0 2 0 0 2 0 0 2 0 6 0 0 2 2 0 8 0 4 0 5 2 0 4 4 6 4 2 1 1 2 0 1 6 0 0 2 8 4 0 2 6 0 2 2 2 5 4 13 2 4 2 5 3 0 13 4 6 3 2 2 4 2 2 13 2 2 4 3 4 2 13 3 3 9 2 5 2 3 2 2 5 3 3 3 3 4 5 3 3 4 3 7 5 3 3 3 7 7 11 3 31 1 1 15 7 1 15 2 1 11 0 1 5 11 10 10 0 0 10 1 1 15 0 0 0 1 18 27 1 1 11 0 10 1 10 1 1 1 0 0 0 6 1 0 6 4 13 2 2 4 4 2 0 12 4 2 13 4 0 11 0 2 0 3 0 10 0 0 0 0 0 1 0 1 5 2 4 0 2 6 2 2 2 5 3 4 6 0 10 0 14 1 3 0 0 4 0 2 6 2 2 3 2 2 3 2 9 3 4 4 2 4 2 5 3 9 0 3 3 5 3 12 12 2 5 4 14 14 2 3 7 12 3 12 4 3 2 4 5 2 7 2 3 6 1 8 2 1 2 3 7 0 14 14 1 12 0 7 0 8 3 3 3 3 7 7 1 15 3 13 13 2 7 8 4 0 5 5 5 3 13 3 2 17 7 7 12 3 3 7 3 3 7 3 3 2 17 7 5 4 7 3 12 3 13 4 2 1 15 3 2 2 3 8 2 3 13 9 9 3 6 13 9 9 3 9 12 3 15 3 7 16 5 11 7 14 2 12 1 11 1 1 27 1 1 1 1 3 5 16 2 5 3 3 0 5 1 10 3 10 0 10 11 10 3 9 12 3 0 3 0 2 5 2 1 0 0 0 9 6 5 4 0 2 1 5 1 0 18 0 9 0 10 0 5 1 0 15 22 0 3 11 0 2 26 0 3 0 6 11 6 1 5 10 10 6 27 7 14 0 1 7 12 12 12 3 1 18 0 11 7 1 3 3 10 3 5 5 9 3 14 26 3 12 11 3 1 5 12 10 11 11 3 11 1 1 1 0 0 1 0 0 1 1 1 0 0 17 6 0 0 0 16 9 3 7 1 4 9 15 1 15 1 1 7 7 15 7 7 11 0 0 0 0 6 7 6 1 10 0 6 10 1 1 0 7]
2026-03-20 15:20:34,937{GMT}	INFO	[jepsen worker 2] jepsen.util: 2	:invoke	:read	nil
2026-03-20 15:20:34,941{GMT}	INFO	[jepsen worker 23] jepsen.util: 23	:invoke	:read	nil
2026-03-20 15:20:34,982{GMT}	INFO	[jepsen worker 19] jepsen.util: 19	:ok	:read	[7 7 2 4 4 2 2 4 2 7 7 7 1 1 11 1 1 1 0 1 1 1 0 0 8 1 0 1 0 0 0 0 6 8 0 0 4 0 2 2 0 0 0 8 6 0 0 0 8 0 0 6 2 2 2 2 4 4 2 2 13 6 0 4 13 3 2 2 5 3 4 2 2 13 2 7 2 3 5 3 5 19 4 3 3 3 5 3 5 3 4 7 15 19 7 7 3 7 3 15 3 3 7 3 3 7 1 7 11 2 1 1 1 11 1 15 27 11 11 1 1 10 0 18 1 1 1 10 0 0 1 0 1 0 10 10 0 10 0 1 18 1 0 0 0 1 1 1 1 0 0 0 18 0 0 1 0 1 1 0 0 0 6 0 0 0 6 1 8 0 0 6 0 1 8 5 0 0 8 5 6 0 0 0 0 2 0 0 2 6 8 0 0 0 6 6 2 0 0 2 6 10 4 0 0 2 6 8 4 2 0 4 0 0 0 0 5 0 6 6 8 0 13 0 2 4 5 2 1 2 1 6 13 6 2 6 5 3 0 2 0 4 5 2 5 0 4 3 3 3 9 3 3 9 2 4 2 2 2 6 9 12 9 3 3 4 2 2 9 5 5 3 2 3 2 2 2 3 2 3 2 3 4 3 10 3 3 3 1 11 0 4 0 1 0 3 3 3 3 5 3 15 3 3 3 3 3 5 4 3 4 3 3 5 5 3 5 7 5 7 5 31 1 7 15 7 3 11 2 1 0 18 10 1 5 12 1 1 1 17 0 1 15 7 16 10 3 0 1 0 4 11 0 7 2 1 0 0 1 0 11 0 1 3 3 6 5 1 0 2 7 1 43 0 0 3 1 1 1 3 6 1 4 5 7 0 3 14 10 3 1 0 0 0 3 5 10 0 0 0 0 3 1 0 0 0 7 1 0 1 3 3 0 0 0 10 1 0 5 4 6 2 0 1 3 3 8 0 1 2 3 5 5 1 6 3 0 1 0 0 0 2 6 0 3 7 8 10 1 8 6 3 0 7 22 15 0 7 4 0 1 8 8 0 0 0 7 9 8 6 3 0 2 3 9 5 2 3 3 6 3 0 11 2 0 4 5 0 8 0 10 6 6 1 0 1 0 1 9 22 5 1 0 12 13 3 3 3 3 3 5 15 3 19 0 5 3 5 15 2 11 9 3 3 9 0 6 2 6 0 5 6 0 4 1 6 2 5 3 3 6 5 3 2 3 9 12 3 0 1 2 2 1 5 0 6 8 1 0 0 0 0 0 0 1 6 8 6 0 0 0 0 0 4 3 8 0 0 3 13 3 5 6 3 7 0 6 3 2 3 6 5 13 8 3 7 17 5 12 8 7 1 7 6 4 7 9 2 9 3 5 9 3 3 2 7 1 13 3 15 14 2 0 0 0 6 10 5 0 0 2 2 12 10 3 19 1 1 0 2 1 12 0 5 16 5 5 15 3 7 16 12 5 3 11 5 3 9 3 2 3 1 9 3 9 1 3 4 0 0 1 2 5 0 18 4 6 10 5 0 0 11 9 0 9 3 22 0 15 3 3 3 13 2 16 1 3 10 1 6 6 5 17 15 1 26 3 10 2 12 1 1 0 0 27 0 0 11 1 6 12 7 12 3 7 7 5 3 5 1 3 3 3 1 1 9 3 10 0 0 0 1 0 14 11 18 14 26 12 5 7 3 11 3 1 0 2 0 10 12 1 1 8 0 1 11 1 0 0 1 0 0 0 10 1 4 0 0 0 0 8 0 1 1 0 0 1 0 1 0 1 0 0 1 1 7 6 0 0 11 1 6 0 0 0 0 0 10 0 17 0 1 11 0 0 0 6 0 2 0 0 16 2 0 0 0 0 0 0 0 1 0 2 4 0 8 1 0 10 0 0 18 22 1 8 2 8 12 0 8 0 1 0 5 10 0 6 5 0 11 0 1 21 0 5 6 0 1 5 1 6 6 8 0 0 6 4 0 2 2]
2026-03-20 15:20:34,985{GMT}	INFO	[jepsen worker 19] jepsen.util: 19	:invoke	:read	nil
2026-03-20 15:20:34,983{GMT}	INFO	[jepsen worker 7] jepsen.util: 7	:ok	:broadcast	50
2026-03-20 15:20:34,997{GMT}	INFO	[jepsen worker 6] jepsen.util: 6	:invoke	:broadcast	65
2026-03-20 15:20:35,027{GMT}	INFO	[jepsen worker 7] jepsen.util: 7	:invoke	:read	nil
2026-03-20 15:20:35,202{GMT}	INFO	[jepsen worker 24] jepsen.util: 24	:ok	:broadcast	56
2026-03-20 15:20:35,292{GMT}	INFO	[jepsen worker 20] jepsen.util: 20	:ok	:read	[8 3 5 0 16 0 0 6 0 8 6 6 0 3 3 5 3 3 5 7 5 14 3 12 3 7 7 7 7 7 7 17 7 1 7 7 1 0 0 1 1 1 1 1 1 1 1 0 0 0 0 0 18 0 0 1 0 0 0 0 0 0 0 4 2 0 6 1 0 0 8 0 8 2 1 2 0 1 1 0 0 0 6 0 0 2 0 2 4 0 2 6 2 2 4 2 2 4 2 2 4 2 2 2 9 2 2 5 29 2 2 4 6 2 4 0 9 4 6 2 0 5 4 2 3 6 2 4 2 4 2 2 4 3 7 3 4 17 4 2 3 3 7 4 12 14 3 9 2 3 12 2 3 4 2 2 4 2 5 4 3 3 4 5 2 4 3 5 3 7 12 9 9 2 12 14 7 7 12 3 3 5 28 14 3 3 3 7 1 7 7 12 15 2 3 15 7 7 19 7 7 15 7 5 3 7 7 15 7 7 7 7 7 7 1 7 1 1 7 10 7 1 7 1 1 1 15 25 18 1 10 1 0 0 0 1 1 1 7 10 1 7 0 1 18 2 1 1 10 1 1 1 1 30 0 10 0 2 1 1 0 0 0 0 0 1 0 1 1 1 0 1 10 1 18 4 1 0 4 1 1 7 1 1 7 1 7 1 15 10 1 7 1 1 1 0 10 0 10 1 1 6 10 23 1 1 10 1 1 0 2 0 4 0 2 1 8 0 2 10 0 2 0 2 20 0 0 10 0 4 0 1 0 0 1 7 0 1 2 8 0 1 0 1 1 0 0 0 4 0 8 0 2 0 6 2 0 2 2 0 6 6 0 2 8 0 4 1 0 0 0 2 2 2 0 0 4 2 0 4 4 2 4 2 2 4 4 0 2 4 7 8 2 4 7 6 2 4 2 7 2 4 1 13 2 8 0 2 10 0 0 10 4 4 4 0 0 2 2 2 4 5 4 4 2 0 1 2 2 7 7 4 13 2 0 0 1 1 11 2 0 1 0 7 2 5 7 4 3 4 2 2 2 7 2 2 9 3 4 3 4 2 4 3 3 2 4 2 13 1 0 0 2 0 0 2 1 1 0 0 1 2 6 9 6 2 9 4 2 0 7 4 3 4 2 7 1 1 7 3 13 2 17 9 13 4 2 2 0 0 0 2 0 0 0 0 0 4 1 0 0 0 0 4 2 0 6 2 4 0 0 4 2 4 0 0 4 2 0 0 6 6 0 1 0 1 2 2 0 2 4 0 2 2 2 2 13 4 7 24 2 10 1 24 7 2 2 6 2 2 4 3 0 0 1 2 2 0 2 2 2 4 4 2 13 6 9 4 2 2 4 2 0 5 4 4 4 6 0 4 2 2 9 2 2 2 5 4 13 7 3 7 4 1 7 2 15 2 15 4 2 7 7 4 12 4 2 2 7 3 4 7 13 7 2 4 2 2 4 4 2 2 3 2 4 0 2 4 2 4 1 3 2 4 2 2 0 4 5 28 2 1 2 2 13 3 2 12 2 5 9 4 7 4 2 3 2 9 9 4 2 2 3 9 13 13 2 9 6 9 13 2 2 12 4 2 4 3 4 7 2 3 2 3 2 2 3 3 14 14 9 2 3 2 2 5 0 4 2 9 2 4 7 2 3 9 7 3 5 19 9 12 9 25 4 3 3 9 13 2 2 7 13 7 7 5 9 2 19 3 5 15 7 15 2 7 3 7 7 1 3 2 3 3 25 7 3 24 3 13 9]
2026-03-20 15:20:35,364{GMT}	INFO	[jepsen worker 0] jepsen.util: 0	:ok	:read	[0 3 1 0 2 3 5 9 12 10 1 1 6 1 6 2 20 0 0 4 4 2 4 2 9 2 2 4 3 6 2 14 5 5 5 12 3 7 7 7 7 7 7 7 7 7 7 1 11 1 23 1 1 10 1 10 1 1 10 0 13 6 6 8 0 8 0 0 0 8 6 4 8 4 4 2 4 2 4 2 2 2 6 2 4 6 2 4 2 0 2 4 2 2 6 4 8 2 4 2 4 13 2 2 9 4 2 2 4 9 21 4 3 3 13 7 4 12 3 3 2 2 5 13 5 5 7 7 7 7 25 7 14 5 24 32 15 5 7 15 7 14 15 7 7 7 7 7 11 7 16 7 15 7 1 7 7 7 7 1 1 3 11 7 24 1 11 7 5 5 22 7 7 15 7 12 15 7 3 14 7 6 11 10 1 10 1 1 1 0 1 7 1 7 0 7 1 6 7 7 0 6 4 13 8 6 11 11 23 2 11 8 11 10 8 7 1 4 8 3 10 1 1 8 1 8 0 6 13 5 4 5 3 1 3 1 8 1 8 1 11 7 0 8 10 6 0 10 0 11 0 0 1 6 5 3 8 2 8 3 12 8 7 6 4 8 8 0 2 0 8 2 0 4 8 6 4 1 4 2 2 2 6 3 4 14 0 8 4 3 2 2 1 10 13 2 2 7 1 13 0 2 0 6 4 2 8 2 8 0 5 3 8 4 5 7 4 8 2 9 2 2 3 2 13 35 0 4 9 3 4 14 5 4 15 6 8 8 0 8 0 8 8 4 0 7 8 2 21 5 4 2 17 13 4 4 2 4 2 7 4 8 2 7 2 14 13 2 4 12 2 7 5 3 15 15 2 2 7 12 5 7 14 22 11 2 7 5 11 7 15 4 2 24 17 12 13 7 3 5 12 14 7 8 2 2 2 3 13 8 4 4 6 4 8 7 45 5 21 7 7 5 2 3 2 4 2 4 4 28 2 2 2 4 2 4 7 13 13 2 2 17 4 4 4 2 7 2 4 2 4 2 2 13 17 17 4 2 13 13 2 2 25 7 1 24 2 7 2 7 6 7 9 7 7 2 7 7 7 16 9 4 7 15 7 7 7 5 21 7 4 7 5 15 7 4 16 13 7 2 4 7 7 7 22 2 7 1 7 7 7 15 7 7 6 3 18 7 6 3 6 1 7 7 7 7 18 10 26 15 7 1 15 7 7 7 5 1 7 1 7 1 7 1 1 10 2 18 1 9 0 7 15 16 1 2 1 2 7 16 18 1 1 15 2 1 11 1 11 1 4 0 0 2 10 1 1 1 1 1 33 7 6 8 8 7 4 11 7 8 7 7 16 25 6 8 11 8 7 23 4 8 2 8 2 8 13 6 7 6 7 4 4 2 8 7 1 5 7 5 7 25 22 5 2 7 7 7 7 1 7 18 0 10 0 0 1 11 7 18 15 1 1 0 7 6 1 6 7 0 3 15 0 1 0 0 4 0 1 46 0 2 5 15 10 3 1 2 22 16 2 18 7 5 1 0 0 4 4 1 26 1 8 0 4 2 2 14 0 14 1 1 10 7 2 3 5 7 7 12 5 18 3 1 14 11 16 1 1 1 18 26 1 5 2 13 2 11 1 1 1 36 1 1 7 3 1 10 1 7 11 7 7 2 8 12 8 4 2 7 8 7 3 6 6 8 8 8 4 2 8 5 8 2 8 4 11 8 2 3 4 2 8 16 5 2 6 2 22 8 0 3 6 5 7 11 1 11 8 36 8 5 7 9 18 1 7 7 2 11 7 4 8 5 4 8 12]
2026-03-20 15:20:35,381{GMT}	INFO	[jepsen worker 20] jepsen.util: 20	:invoke	:broadcast	66
2026-03-20 15:20:35,394{GMT}	INFO	[jepsen worker 24] jepsen.util: 24	:invoke	:broadcast	67
2026-03-20 15:20:35,424{GMT}	INFO	[jepsen worker 0] jepsen.util: 0	:invoke	:read	nil
2026-03-20 15:20:35,428{GMT}	INFO	[jepsen worker 4] jepsen.util: 4	:ok	:broadcast	60
2026-03-20 15:20:35,441{GMT}	INFO	[jepsen worker 4] jepsen.util: 4	:invoke	:broadcast	68
2026-03-20 15:20:35,537{GMT}	INFO	[jepsen worker 6] jepsen.util: 6	:ok	:broadcast	65
2026-03-20 15:20:35,540{GMT}	INFO	[jepsen worker 8] jepsen.util: 8	:ok	:broadcast	51
2026-03-20 15:20:35,540{GMT}	INFO	[jepsen worker 1] jepsen.util: 1	:ok	:broadcast	58
2026-03-20 15:20:35,560{GMT}	INFO	[jepsen worker 1] jepsen.util: 1	:invoke	:read	nil
2026-03-20 15:20:35,569{GMT}	INFO	[jepsen worker 6] jepsen.util: 6	:invoke	:broadcast	69
2026-03-20 15:20:35,585{GMT}	INFO	[jepsen worker 8] jepsen.util: 8	:invoke	:read	nil
2026-03-20 15:20:35,644{GMT}	INFO	[jepsen worker 6] jepsen.util: 6	:ok	:broadcast	69
2026-03-20 15:20:35,654{GMT}	INFO	[jepsen worker 6] jepsen.util: 6	:invoke	:broadcast	70
2026-03-20 15:20:35,672{GMT}	INFO	[jepsen worker 5] jepsen.util: 5	:ok	:read	[3 0 0 5 12 1 1 0 1 6 2 0 2 2 9 2 6 4 14 9 5 7 7 7 7 1 23 1 1 1 10 10 1 10 1 0 6 8 0 0 0 0 8 2 2 8 4 20 2 4 2 6 2 0 2 4 4 8 6 2 4 4 2 2 4 4 2 2 2 4 4 4 13 2 7 7 7 2 9 2 5 7 11 7 1 9 4 7 7 5 10 1 5 7 15 7 7 7 24 25 7 7 7 15 7 7 14 1 7 7 7 7 7 15 11 7 13 16 7 6 6 7 1 1 1 0 1 1 1 10 1 10 1 4 4 4 8 1 0 0 11 0 1 1 11 0 7 10 6 10 0 0 11 8 0 0 1 2 2 4 0 0 2 6 8 2 0 4 6 1 4 2 2 2 2 6 2 1 0 10 13 0 0 1 4 6 0 8 8 2 0 20 4 4 13 9 2 2 2 9 35 8 8 8 8 0 4 0 8 8 0 8 2 21 2 7 7 17 13 2 4 4 4 2 2 4 8 2 4 4 5 21 14 2 13 2 13 5 4 2 7 5 7 32 15 24 11 7 8 7 8 4 11 7 7 15 14 6 15 22 5 2 11 7 5 7 7 28 2 4 2 4 4 2 4 2 2 13 2 7 4 2 2 17 2 13 4 4 13 4 2 7 4 2 2 4 2 2 2 13 2 7 4 17 9 13 17 9 7 4 7 7 7 7 2 1 7 13 4 4 2 21 5 7 7 7 7 6 7 6 25 2 7 4 16 6 7 7 7 24 7 7 15 1 5 15 7 4 16 7 8 7 7 13 7 7 7 8 11 11 2 7 11 1 8 4 6 10 8 7 22 5 1 1 10 5 8 13 4 1 1 8 7 1 7 7 7 18 10 15 15 7 7 5 1 1 7 7 1 7 1 16 15 1 7 2 9 1 7 2 18 10 7 16 0 1 2 1 1 1 15 18 7 1 2 1 11 1 0 0 1 1 11 1 2 10 4 1 1 8 5 1 6 1 8 8 7 8 8 8 2 13 4 4 2 2 7 2 5 4 7 8 5 6 4 14 4 15 2 7 7 2 2 4 13 2 5 15 7 15 2 7 2 14 22 11 7 7 7 0 0 18 1 10 0 7 18 15 7 1 1 0 7 1 7 6 0 5 11 0 0 1 0 2 0 1 6 10 7 0 4 17 5 24 13 1 15 2 4 4 0 1 0 4 8 2 26 0 1 4 13 8 0 2 7 2 4 14 7 2 5 21 45 14 8 7 5 5 7 0 16 2 22 2 11 5 7 36 9 11 7 7 18 1 7 11 1 1 7 6 5 7 0 13 7 7 1 2 6 7 11 7 1 1 2 10 1 22 18 18 2 26 1 6 6 8 8 13 4 4 6 8 11 20 0 8 0 5 5 6 1 7 2 0 0 11 2 2 4 2 0 0 2 2 2 0 0 0 8 7 2 8 4 4 2 5 6 2 0 2 0 0 2 1 0 11 2 29 8 11 4 8 1 10 6 2 2 2 5 4 13 0 2 2 6 2 2 2 4 4 0 2 0 2 4 2 8 7 9 6 13 2 4 5 2 2 5 14 10 4 2 4 6 9 4 2 4 4 2 11 1 1 1 2 4 0 11 2 4 0 2 7 7 18 7 6 6 7 6 26 4 7 17 2 5 21 2 8 5 2 4 7 2 0 5 18 4 2 4 4 2 15 2 13 2 14 7 33 8 6 8 11 6 4 7]
2026-03-20 15:20:35,674{GMT}	INFO	[jepsen worker 5] jepsen.util: 5	:invoke	:read	nil
2026-03-20 15:20:35,718{GMT}	INFO	[jepsen worker 0] jepsen.util: 0	:ok	:read	[0 3 1 0 2 3 5 9 12 10 1 1 6 1 6 2 20 0 0 4 4 2 4 2 9 2 2 4 3 6 2 14 5 5 5 12 3 7 7 7 7 7 7 7 7 7 7 1 11 1 23 1 1 10 1 10 1 1 10 0 13 6 6 8 0 8 0 0 0 8 6 4 8 4 4 2 4 2 4 2 2 2 6 2 4 6 2 4 2 0 2 4 2 2 6 4 8 2 4 2 4 13 2 2 9 4 2 2 4 9 21 4 3 3 13 7 4 12 3 3 2 2 5 13 5 5 7 7 7 7 25 7 14 5 24 32 15 5 7 15 7 14 15 7 7 7 7 7 11 7 16 7 15 7 1 7 7 7 7 1 1 3 11 7 24 1 11 7 5 5 22 7 7 15 7 12 15 7 3 14 7 6 11 10 1 10 1 1 1 0 1 7 1 7 0 7 1 6 7 7 0 6 4 13 8 6 11 11 23 2 11 8 11 10 8 7 1 4 8 3 10 1 1 8 1 8 0 6 13 5 4 5 3 1 3 1 8 1 8 1 11 7 0 8 10 6 0 10 0 11 0 0 1 6 5 3 8 2 8 3 12 8 7 6 4 8 8 0 2 0 8 2 0 4 8 6 4 1 4 2 2 2 6 3 4 14 0 8 4 3 2 2 1 10 13 2 2 7 1 13 0 2 0 6 4 2 8 2 8 0 5 3 8 4 5 7 4 8 2 9 2 2 3 2 13 35 0 4 9 3 4 14 5 4 15 6 8 8 0 8 0 8 8 4 0 7 8 2 21 5 4 2 17 13 4 4 2 4 2 7 4 8 2 7 2 14 13 2 4 12 2 7 5 3 15 15 2 2 7 12 5 7 14 22 11 2 7 5 11 7 15 4 2 24 17 12 13 7 3 5 12 14 7 8 2 2 2 3 13 8 4 4 6 4 8 7 45 5 21 7 7 5 2 3 2 4 2 4 4 28 2 2 2 4 2 4 7 13 13 2 2 17 4 4 4 2 7 2 4 2 4 2 2 13 17 17 4 2 13 13 2 2 25 7 1 24 2 7 2 7 6 7 9 7 7 2 7 7 7 16 9 4 7 15 7 7 7 5 21 7 4 7 5 15 7 4 16 13 7 2 4 7 7 7 22 2 7 1 7 7 7 15 7 7 6 3 18 7 6 3 6 1 7 7 7 7 18 10 26 15 7 1 15 7 7 7 5 1 7 1 7 1 7 1 1 10 2 18 1 9 0 7 15 16 1 2 1 2 7 16 18 1 1 15 2 1 11 1 11 1 4 0 0 2 10 1 1 1 1 1 33 7 6 8 8 7 4 11 7 8 7 7 16 25 6 8 11 8 7 23 4 8 2 8 2 8 13 6 7 6 7 4 4 2 8 7 1 5 7 5 7 25 22 5 2 7 7 7 7 1 7 18 0 10 0 0 1 11 7 18 15 1 1 0 7 6 1 6 7 0 3 15 0 1 0 0 4 0 1 46 0 2 5 15 10 3 1 2 22 16 2 18 7 5 1 0 0 4 4 1 26 1 8 0 4 2 2 14 0 14 1 1 10 7 2 3 5 7 7 12 5 18 3 1 14 11 16 1 1 1 18 26 1 5 2 13 2 11 1 1 1 36 1 1 7 3 1 10 1 7 11 7 7 2 8 12 8 4 2 7 8 7 3 6 6 8 8 8 4 2 8 5 8 2 8 4 11 8 2 3 4 2 8 16 5 2 6 2 22 8 0 3 6 5 7 11 1 11 8 36 8 5 7 9 18 1 7 7 2 11 7 4 8 5 4 8 12 8 14 17 2 3 2 6 6 3 5 14 3 6 5 7 3 7 3 1 1 13 2 7 5 7 0 7 6 1 1 2 11 10 7 18 22 1 18 7 3 4 8 5 6 14 2 3 7 3 8 3 14 17 12 8 3 8 6 26 7 3 4 8 8 8 12 7 8 7 6 8 4 4 4 8 4 3 6 3 4 5 15 10 13 6 8 1 5 3 7 7 6 8 5 13 4 4 6 8 8 2 3 12 2 13 3 5 11 13 5 19 17 8 7 4 22 5 8 15 2 8 3]
2026-03-20 15:20:35,733{GMT}	INFO	[jepsen worker 6] jepsen.util: 6	:ok	:broadcast	70
2026-03-20 15:20:35,718{GMT}	INFO	[jepsen worker 2] jepsen.util: 2	:ok	:read	[0 1 2 10 0 4 2 4 3 9 3 3 7 7 7 11 0 0 6 6 6 13 4 0 2 21 13 2 4 4 2 3 9 5 3 5 3 5 3 12 5 3 5 12 5 12 7 7 3 7 7 15 7 22 7 7 11 7 7 7 0 11 0 0 11 0 6 0 0 0 0 6 6 20 0 6 8 4 6 4 2 8 6 6 0 13 2 2 8 4 4 8 2 6 2 8 4 3 3 2 3 14 5 9 13 3 5 3 5 7 3 12 3 0 14 13 7 2 4 2 2 3 6 4 7 3 5 3 7 7 7 5 5 9 7 14 9 5 15 23 6 4 7 7 5 11 7 12 7 22 3 15 5 14 7 15 24 12 0 5 0 11 15 2 0 3 2 3 12 5 7 7 14 12 3 5 5 3 5 24 7 15 0 14 0 0 0 0 8 7 3 15 6 12 3 3 7 8 7 7 7 7 8 0 0 7 11 26 7 6 7 0 6 0 0 0 0 0 33 0 8 6 18 8 0 0 8 0 8 11 11 2 23 8 2 8 2 7 4 20 8 4 6 4 8 8 6 4 23 8 11 6 0 0 2 2 8 6 8 0 2 2 8 4 0 2 2 8 8 2 8 8 6 5 0 8 8 8 8 0 4 2 2 8 6 13 13 4 4 0 0 6 4 5 4 4 5 0 4 6 3 9 2 2 5 7 14 5 3 12 3 3 2 20 0 8 8 20 8 0 8 2 8 4 2 11 8 8 8 8 4 3 17 12 8 2 5 8 5 4 14 2 4 9 8 6 6 5 2 9 3 14 4 3 3 4 3 8 3 14 6 32 25 12 9 3 6 5 3 5 7 0 7 5 7 7 14 14 3 3 5 15 0 24 7 15 7 16 15 7 7 7 7 7 7 14 7 7 7 8 9 5 4 7 3 0 8 6 8 7 3 3 8 3 4 5 8 17 2 2 2 12 13 2 13 4 7 15 17 7 2 12 8 8 13 4 7 4 3 3 3 5 13 4 5 8 0 17 2 19 2 13 12 2 9 3 5 3 5 8 15 8 3 7 7 8 15 3 8 7 15 7 3 7 7 3 2 13 4 5 4 0 2 0 22 5 9 4 0 7 7 2 47 2 2 6 6 5 7 7 6 15 3 6 7 14 7 7 4 2 25 0 9 12 5 5 7 6 4 7 7 5 0 7 15 7 5 11 5 7 5 5 12 25 3 5 7 16 25 24 7 7 14 7 16 6 16 7 57 7 5 16 25 5 7 8 7 46 15 11 2 7 3 6 23 4 2 2 6 35 2 7 4 2 8 8 6 8 4 0 25 7 34 8 8 0 27 12 15 19 7 0 12 15 5 14 15 15 3 7 7 7 7 15 8 7 4 2 8 8 2 7 2 3 45 2 8 4 8 4 5 8 14 8 2 8 4 4 7 17 9 7 7 8 3 16 5 0 8 6 5 3 3 19 8 0 7 27 3 27 18 3 15 16 7 22 2 11 9 3 36 3 2 7 5 7 7 12 16 14 5 11 8 26 7 7 0 18 7 18 2 4 2 2 9 6 8 4 8 8 3 2 0 6 5 3 2 5 8 4 4 11 8 5 2 2 3 4 2 2 28 6 5 7 13 12 33 6 27 37 0 8 3 0 24 19 7 7 3 14 7 5 3 12 16 7 6 5 0 5 3 8 7 2 7 18 12 27 0 0 18 16 12 3 6 19 3 36 3 3 3 13 2 17 18 2 13 0 7 4 4 2 4 13 2 13 17 2 8 8 8 5 8 7 3 0 0 26 7 4 7 0 5 7 37 3 3 7 7 3 5 5 0 6 0 8 8 12 18]
2026-03-20 15:20:35,751{GMT}	INFO	[jepsen worker 6] jepsen.util: 6	:invoke	:read	nil
2026-03-20 15:20:35,750{GMT}	INFO	[jepsen worker 2] jepsen.util: 2	:invoke	:broadcast	71
2026-03-20 15:20:35,842{GMT}	INFO	[jepsen worker 0] jepsen.util: 0	:invoke	:read	nil
2026-03-20 15:20:35,892{GMT}	INFO	[jepsen worker 20] jepsen.util: 20	:ok	:broadcast	66
2026-03-20 15:20:35,903{GMT}	INFO	[jepsen worker 20] jepsen.util: 20	:invoke	:read	nil
2026-03-20 15:20:35,891{GMT}	INFO	[jepsen worker 10] jepsen.util: 10	:ok	:read	[3 5 0 0 6 0 3 14 12 7 1 1 0 1 1 0 8 0 0 8 2 1 1 0 6 8 0 4 2 2 2 2 2 9 6 2 4 4 2 4 2 9 9 3 2 3 12 3 7 7 7 7 7 15 7 7 7 7 25 7 16 7 1 1 1 1 7 1 1 10 1 23 10 1 1 6 10 1 0 1 10 0 1 10 8 0 1 0 0 0 2 0 20 10 2 4 2 4 0 8 0 0 0 6 1 8 0 0 2 0 2 0 0 2 0 2 2 8 0 4 6 4 4 2 2 2 2 3 6 2 9 4 4 2 2 2 4 4 4 2 4 2 2 2 3 3 4 4 3 17 7 7 2 12 4 28 3 8 7 8 7 2 4 13 4 2 4 2 4 4 7 2 1 7 7 7 11 2 4 2 4 7 9 4 7 13 2 3 4 2 2 2 2 4 13 13 17 7 9 4 17 7 9 7 3 1 7 9 3 7 10 7 24 12 7 7 1 7 16 24 15 15 7 7 1 7 7 7 7 7 7 15 7 1 7 7 15 7 7 7 1 7 7 15 10 7 1 18 16 7 7 1 1 11 7 13 2 9 3 18 3 1 2 10 6 16 6 1 0 0 12 1 2 2 1 1 18 10 1 1 1 0 1 1 0 1 3 4 1 1 1 4 4 4 10 1 1 1 1 0 7 0 18 7 8 1 15 10 7 7 0 7 1 11 11 0 7 11 7 18 0 0 0 4 1 4 2 2 6 0 2 2 1 0 0 0 6 2 1 20 9 1 8 0 0 35 6 4 13 4 0 6 13 1 0 10 10 4 6 1 0 2 0 0 0 2 2 0 8 0 0 8 0 4 8 8 0 0 21 8 8 4 1 0 26 0 2 1 2 8 6 0 0 7 2 11 1 2 2 2 0 4 2 0 6 2 2 0 0 0 1 0 13 4 23 11 2 29 11 1 0 2 0 4 4 2 8 4 4 3 2 2 0 2 6 21 2 2 2 4 2 2 2 9 4 6 2 4 2 4 2 4 4 1 11 11 1 1 2 4 0 4 2 0 18 4 2 2 4 2 7 32 2 4 3 4 2 7 4 13 13 13 2 3 3 15 3 2 3 4 7 4 12 8 7 1 10 3 2 0 3 2 2 7 10 7 15 3 4 3 7 10 7 2 15 2 7 0 2 24 8 19 7 11 7 1 11 7 7 7 15 15 4 6 11 7 7 22 2 7 4 2 4 1 2 4 10 13 2 2 7 17 2 4 13 4 4 11 2 7 2 6 1 7 7 7 7 7 21 2 8 7 13 16 4 7 7 7 7 2 4 6 2 0 0 11 2 0 7 11 11 2 7 4 13 0 11 4 4 0 11 13 4 8 0 0 6 11 1 4 1 0 7 22 10 3 1 1 10 1 4 7 2 13 2 18 1 10 13 4 1 6 8 4 2 10 1 1 2 1 1 1 8 10 1 8 1 3 9 2 2 2 7 15 1]
2026-03-20 15:20:35,920{GMT}	INFO	[jepsen worker 10] jepsen.util: 10	:invoke	:read	nil
2026-03-20 15:27:26,913{GMT}	INFO	[jepsen worker 23] jepsen.util: 23	:fail	:read	nil	:net-timeout
2026-03-20 15:27:26,913{GMT}	INFO	[jepsen worker 8] jepsen.util: 8	:fail	:read	nil	:net-timeout
2026-03-20 15:27:26,913{GMT}	INFO	[jepsen worker 16] jepsen.util: 16	:fail	:read	nil	:net-timeout
2026-03-20 15:27:26,913{GMT}	INFO	[jepsen worker 22] jepsen.util: 22	:info	:broadcast	63	:net-timeout
2026-03-20 15:27:26,913{GMT}	INFO	[jepsen worker 13] jepsen.util: 13	:info	:broadcast	52	:net-timeout
2026-03-20 15:27:26,912{GMT}	INFO	[jepsen worker 0] jepsen.util: 0	:fail	:read	nil	:net-timeout
2026-03-20 15:27:26,912{GMT}	INFO	[jepsen worker 2] jepsen.util: 2	:info	:broadcast	71	:net-timeout
2026-03-20 15:27:26,912{GMT}	INFO	[jepsen worker 18] jepsen.util: 18	:fail	:read	nil	:net-timeout
2026-03-20 15:27:26,912{GMT}	INFO	[jepsen worker 7] jepsen.util: 7	:fail	:read	nil	:net-timeout
2026-03-20 15:27:26,912{GMT}	INFO	[jepsen worker 12] jepsen.util: 12	:fail	:read	nil	:net-timeout
2026-03-20 15:27:26,914{GMT}	INFO	[jepsen worker 21] jepsen.util: 21	:fail	:read	nil	:net-timeout
2026-03-20 15:27:26,946{GMT}	INFO	[jepsen worker 4] jepsen.util: 4	:info	:broadcast	68	:net-timeout
2026-03-20 15:27:26,955{GMT}	INFO	[jepsen worker 10] jepsen.util: 10	:fail	:read	nil	:net-timeout
2026-03-20 15:27:26,959{GMT}	INFO	[jepsen worker 3] jepsen.util: 3	:info	:broadcast	62	:net-timeout
2026-03-20 15:27:26,961{GMT}	INFO	[jepsen worker 11] jepsen.util: 11	:info	:broadcast	59	:net-timeout
2026-03-20 15:27:26,963{GMT}	INFO	[jepsen worker 15] jepsen.util: 15	:info	:broadcast	61	:net-timeout
2026-03-20 15:27:26,967{GMT}	INFO	[jepsen worker 24] jepsen.util: 24	:info	:broadcast	67	:net-timeout
2026-03-20 15:27:26,969{GMT}	INFO	[jepsen worker 6] jepsen.util: 6	:fail	:read	nil	:net-timeout
2026-03-20 15:27:27,015{GMT}	INFO	[jepsen worker 19] jepsen.util: 19	:fail	:read	nil	:net-timeout
2026-03-20 15:27:27,033{GMT}	INFO	[jepsen worker 1] jepsen.util: 1	:fail	:read	nil	:net-timeout
2026-03-20 15:27:27,043{GMT}	INFO	[jepsen worker 20] jepsen.util: 20	:fail	:read	nil	:net-timeout
2026-03-20 15:27:27,022{GMT}	INFO	[jepsen worker 17] jepsen.util: 17	:fail	:read	nil	:net-timeout
2026-03-20 15:27:27,202{GMT}	INFO	[jepsen worker 5] jepsen.util: 5	:fail	:read	nil	:net-timeout
2026-03-20 15:27:27,222{GMT}	INFO	[jepsen worker 9] jepsen.util: 9	:info	:broadcast	64	:net-timeout
2026-03-20 15:27:27,277{GMT}	INFO	[jepsen worker 14] jepsen.util: 14	:fail	:read	nil	:net-timeout
2026-03-20 15:27:28,140{GMT}	INFO	[jepsen worker 4] jepsen.generator.interpreter: Waiting for recovery...
2026-03-20 15:27:42,285{GMT}	INFO	[jepsen worker 8] jepsen.util: 8	:invoke	:read	nil
2026-03-20 15:27:42,300{GMT}	INFO	[jepsen worker 10] jepsen.util: 10	:invoke	:read	nil
2026-03-20 15:27:42,304{GMT}	INFO	[jepsen worker 19] jepsen.util: 19	:invoke	:read	nil
2026-03-20 15:27:42,306{GMT}	INFO	[jepsen worker 23] jepsen.util: 23	:invoke	:read	nil
2026-03-20 15:27:42,309{GMT}	INFO	[jepsen worker 5] jepsen.util: 5	:invoke	:read	nil
2026-03-20 15:27:42,321{GMT}	INFO	[jepsen worker 12] jepsen.util: 12	:invoke	:read	nil
2026-03-20 15:27:42,322{GMT}	INFO	[jepsen worker 17] jepsen.util: 17	:invoke	:read	nil
2026-03-20 15:27:42,322{GMT}	INFO	[jepsen worker 14] jepsen.util: 14	:invoke	:read	nil
2026-03-20 15:27:42,325{GMT}	INFO	[jepsen worker 22] jepsen.util: 47	:invoke	:read	nil
2026-03-20 15:27:42,330{GMT}	INFO	[jepsen worker 18] jepsen.util: 18	:invoke	:read	nil
2026-03-20 15:27:42,335{GMT}	INFO	[jepsen worker 13] jepsen.util: 38	:invoke	:read	nil
2026-03-20 15:27:42,336{GMT}	INFO	[jepsen worker 2] jepsen.util: 27	:invoke	:read	nil
2026-03-20 15:27:42,336{GMT}	INFO	[jepsen worker 3] jepsen.util: 28	:invoke	:read	nil
2026-03-20 15:27:42,336{GMT}	INFO	[jepsen worker 24] jepsen.util: 49	:invoke	:read	nil
2026-03-20 15:27:42,336{GMT}	INFO	[jepsen worker 15] jepsen.util: 40	:invoke	:read	nil
2026-03-20 15:27:42,337{GMT}	INFO	[jepsen worker 20] jepsen.util: 20	:invoke	:read	nil
2026-03-20 15:27:42,338{GMT}	INFO	[jepsen worker 7] jepsen.util: 7	:invoke	:read	nil
2026-03-20 15:27:42,339{GMT}	INFO	[jepsen worker 0] jepsen.util: 0	:invoke	:read	nil
2026-03-20 15:27:42,340{GMT}	INFO	[jepsen worker 21] jepsen.util: 21	:invoke	:read	nil
2026-03-20 15:27:42,336{GMT}	INFO	[jepsen worker 6] jepsen.util: 6	:invoke	:read	nil
2026-03-20 15:27:42,342{GMT}	INFO	[jepsen worker 11] jepsen.util: 36	:invoke	:read	nil
2026-03-20 15:27:42,344{GMT}	INFO	[jepsen worker 16] jepsen.util: 16	:invoke	:read	nil
2026-03-20 15:27:42,352{GMT}	INFO	[jepsen worker 1] jepsen.util: 1	:invoke	:read	nil
2026-03-20 15:27:42,355{GMT}	INFO	[jepsen worker 9] jepsen.util: 34	:invoke	:read	nil
2026-03-20 15:27:42,359{GMT}	INFO	[jepsen worker 4] jepsen.util: 29	:invoke	:read	nil
2026-03-20 15:27:42,427{GMT}	INFO	[jepsen worker 20] jepsen.util: 20	:ok	:read	[8 3 5 0 16 0 0 6 0 8 6 6 0 3 3 5 3 3 5 7 5 14 3 12 3 7 7 7 7 7 7 17 7 1 7 7 1 0 0 1 1 1 1 1 1 1 1 0 0 0 0 0 18 0 0 1 0 0 0 0 0 0 0 4 2 0 6 1 0 0 8 0 8 2 1 2 0 1 1 0 0 0 6 0 0 2 0 2 4 0 2 6 2 2 4 2 2 4 2 2 4 2 2 2 9 2 2 5 29 2 2 4 6 2 4 0 9 4 6 2 0 5 4 2 3 6 2 4 2 4 2 2 4 3 7 3 4 17 4 2 3 3 7 4 12 14 3 9 2 3 12 2 3 4 2 2 4 2 5 4 3 3 4 5 2 4 3 5 3 7 12 9 9 2 12 14 7 7 12 3 3 5 28 14 3 3 3 7 1 7 7 12 15 2 3 15 7 7 19 7 7 15 7 5 3 7 7 15 7 7 7 7 7 7 1 7 1 1 7 10 7 1 7 1 1 1 15 25 18 1 10 1 0 0 0 1 1 1 7 10 1 7 0 1 18 2 1 1 10 1 1 1 1 30 0 10 0 2 1 1 0 0 0 0 0 1 0 1 1 1 0 1 10 1 18 4 1 0 4 1 1 7 1 1 7 1 7 1 15 10 1 7 1 1 1 0 10 0 10 1 1 6 10 23 1 1 10 1 1 0 2 0 4 0 2 1 8 0 2 10 0 2 0 2 20 0 0 10 0 4 0 1 0 0 1 7 0 1 2 8 0 1 0 1 1 0 0 0 4 0 8 0 2 0 6 2 0 2 2 0 6 6 0 2 8 0 4 1 0 0 0 2 2 2 0 0 4 2 0 4 4 2 4 2 2 4 4 0 2 4 7 8 2 4 7 6 2 4 2 7 2 4 1 13 2 8 0 2 10 0 0 10 4 4 4 0 0 2 2 2 4 5 4 4 2 0 1 2 2 7 7 4 13 2 0 0 1 1 11 2 0 1 0 7 2 5 7 4 3 4 2 2 2 7 2 2 9 3 4 3 4 2 4 3 3 2 4 2 13 1 0 0 2 0 0 2 1 1 0 0 1 2 6 9 6 2 9 4 2 0 7 4 3 4 2 7 1 1 7 3 13 2 17 9 13 4 2 2 0 0 0 2 0 0 0 0 0 4 1 0 0 0 0 4 2 0 6 2 4 0 0 4 2 4 0 0 4 2 0 0 6 6 0 1 0 1 2 2 0 2 4 0 2 2 2 2 13 4 7 24 2 10 1 24 7 2 2 6 2 2 4 3 0 0 1 2 2 0 2 2 2 4 4 2 13 6 9 4 2 2 4 2 0 5 4 4 4 6 0 4 2 2 9 2 2 2 5 4 13 7 3 7 4 1 7 2 15 2 15 4 2 7 7 4 12 4 2 2 7 3 4 7 13 7 2 4 2 2 4 4 2 2 3 2 4 0 2 4 2 4 1 3 2 4 2 2 0 4 5 28 2 1 2 2 13 3 2 12 2 5 9 4 7 4 2 3 2 9 9 4 2 2 3 9 13 13 2 9 6 9 13 2 2 12 4 2 4 3 4 7 2 3 2 3 2 2 3 3 14 14 9 2 3 2 2 5 0 4 2 9 2 4 7 2 3 9 7 3 5 19 9 12 9 25 4 3 3 9 13 2 2 7 13 7 7 5 9 2 19 3 5 15 7 15 2 7 3 7 7 1 3 2 3 3 25 7 3 24 3 13 9 7 1 5 7 4 13 12 6 10 9 1 4 4 1 14 4 3 7 18 1 1 2 2 7 3 7 0 18 3 11 6 7 0 15 1 10 7 8 9 7 2 3 15 1 5 12 2 5 3 1 15 7 15 2 2 7 1 11 5 5 7 0 7 11 7 7 3 1 3 26 3 3 7 11 7 12 7 11 3 1 11 3 7 7 7 12 2 1 11 7 7 11 2 1 4 2 9 3 2 13 0 7 19 3 4 9 9 13 2 12 7 14 1 2 10 6 1 1 1 7 0 10 1 10 1 10 1 3 5 12 19 6 7 20 25 2 35 1 8 4 13 9 0 6 13 7 1 19 24 1 15 3 2 7 3 2 7 9 3 3 7 4 9 3 5 3 3 2 12 30 5 2 2 10 23 10 1 6 11 7 1 20 2 4 4 3 5 4 1 12 10 4 3 2 13 2 0 7 3 2 0 7 0 0 13 2 2 26 0 1 1 2 0 7 0 7 11 23 4 11 2 42 11 7 3 12 7 11 6 7 11 26 1 7 7 11 7 11 1 10 1 7 1 11 1 1 2 12 2 19 7 15 1 14 1 12 7 1 1 1 7 1 7 1 1 1 1 15 4 1 3 2 1 7 15 10 8 0 1 8 26 8 2 26 23 7 1 11 11 0 0 1 1 0 1 7 4 4 21 0 0 4 7 7 4 0 2 1 0 4 11 42 7 7 11 1 8 7 0 1 1 1 9 2 4 3 7 53 0 1 7 1 4 15 9 1 17 1 7 13 12 55 1 15 14 1 23 1 11 2 4 11 8 2 4 21 4 2 11 1 2 1 1 1 5 1 7 10 3 0 0 2 3 5 5 12 10 1 0 1 18 11 10 1 7 7 11 1 2 1 23 11 1 11 1 0 0 18 11 2 1 66 4 7 2 13 10 4 13 10 10 32 7 1 4 2 0 1 10 10 1 0 1 0 1 1 7 18 2 2 1 10 10 11 0 1 23 4 3 2 0 11 1 13 10 11 0 0 2 0 11 10 1 8 7 10 18 1 1 1 10 1 10 4 1 4 6 3 1 4 20 1 0 0 9 2 0 7 2 2 4 2 0 1 11 13 1 0 1 1 3 4 1 10 7 1 4 10 10 1 11 7 1 7 11 13 10 7 18 2 20 2 9 7 4 10 9 0 0 11 13 4 3 1 2 9 13 2 3 0 13 2 4 4 0 0 0 0 0 0 1 9 11 6 4 4 4 4 0 0 1 11 4 11 11 0 0 0 1 0 0 2 2 0 2 0 0 2 0 13 1 4 0 11 1 0 6 7 2 4 2 6 0 1 10 0 3 1 10 24 6 0 7 2 0 9 0 0 0 4 11 13 1 1 7 2 6 11 2 1 4 11 10 4 4 2 2 2 0 1 0 2 1 6 0 0 0 0 3 2 13 2 4 2 2 0 0 4 4 8 2 9 0 0 10 1 2 4 4 9 5 7 5 10 2 0 4 1 9 2 6 3 6 0 13 2 3 1 5 1 2 4 0 2 24 1 1 10 2 0 0 6 0 1 1 0 2 15 2 1 3 2 2 4 10 10 4 11 11 1 7 7 1 15 54 10 0 2 11 0 0 1 7 11 11 1 3 1 2 54 3 2 3 2 11 7 7 2 14 7 0 2 11 11 15 24 8 7 61 6 15 4 7 4 7 11 17 2 4 13 7 4 2 2 2 4 7 22 2 0 2 2 3 6 4 13 1 1 2 2 2 10 0 2 2 7 7 3 2 4 4 7 4 7 7 21 2 7 2 4 4 2 7 3 13 8 7 13 7 11 13 10 7 7 13 0 6 7 4 11 2 7 4 11 2 4 0 11 0 7 0 11 0 2 0 4 0 6 4 1 8 1 1 12 10 7 26 12 7 1 11 4 2 4 1 0 7 2 0 0 7 0 0 7 13 2 6 10 1 0 0 0 10 1 0 1 2 13 0 2 1 0 4 4 13 0 0 0 0 0 13 0 4 2 10 4 1 4 4 4 2 2 2 0 0 4 1 1 2 4 2 11 4 22 0 0 0 9 1 2 5 2 4 11 2 0 9 3 4 2 2 0 2 2 2 1 0 1 1 1 0 0 1 0 4 0 0 0 0 0 0 1 1 0 1 1 0 1 0 0 11 0 0 0 1 1 1 11 1 10 1 1 12 1 11 0 0 0 2 2 3 13 1 5 2 13 10 12 3 0 13 3 4 2 0 4 0 3 0 0 6 0 11 6 7 15 2 0 0 2 13 2 6 0 0 2 0 4 2 2 5 0 0 2 5 14 8 3 5 3 0 0 0 2 2 1 2 21 1 7 2 9 4 2 9 2 1 2 10 4 0 1 0 10 2 13 10 3 0 3 0 10 0 31 6 1 1 2 6 4 1 0 14 7 1 0 2 1 15 1 2 2 5 2 0 2 0 5 7 3 7 7 11 10 2 0 0 11 1 10 6 2 15 6 0 1 5 0 4 10 2 7 22 0 4 0 0 9 9 4 2 1 4 3 2 6 4 4 27 10 0 14 2 0 2 5 13 4 20 0 13 4 1 4 7 1 9 5 0 1 15 2 11 3 0 3 4 2 4 2 0 0 1 7 0 3 3 3 0 9 4 3 24 2 2 3 3 4 3 12 9 3 3 2 25 12 3 5 1 7 2 15 20 6 0 13 0 2 5 4 5 2 2 2 13 0 0 0 1 8 10 1 13 10 7 2 3 5 3 2 6 2 9 4 4 13 1 3 1 10 2 15 4 3 2 7 4 9 0 2 1 8 10 4 3 14 0 0 9 4 9 2 3 1 7 0 11 2 4 2 3 2 11 5 4 3 4 2 7 1 8 7 7 8 15 8 2 1 6 2 2 1 11 15 1 7 12 2 4 2 4 0 11 13 10 2 4 0 3 1 0 4 8 4 13 2 13 8 0 22 6 3 7 2 8 0 2 10 2 7 4 2 7 3 4 11 3 9 13 2 7 7 4 3 4 13 2 8 21 2 7 2 2 3 4 9 7 1 0 4 4 13 0 11 11 1 7 2 7 0 7 4 0 0 8 7 8 4 2 2 4 3 9 2 14 7 2 2 1 14 0 2 4 1 2 10 6 4 11 0 7 13 21 0 1 1 0 4 0 1 13 1 1 1 1 0 21 3 5 6 7 0 1 7 2 7 1 13 1 8 1 15 5 2 4 2 12 4 2 15 1 7 0 6 12 0 2 3 2 4 2 0 11 0 1 3 10 10 0 0 1 0 11 7 4 1 20 4 2 6 3 35 0 1 0 4 0 0 1 3 0 0 14 13 0 5 4 3 20 5 0 13 19 0 2 0 7 5 7 20 2 4 9 4 1 7 11 3 15 2 13 22 2 3 7 7 2 22 2 0 1 4 7 7 3 2 2 6 7 9 11 9 2 1 1 4 11 2 7 7 7 7 12 7 8 25 7 11 22 7 2 4 23 11 24 11 0 5 3 7 7 2 3 3 19 4 9 2 7 2 7 4 10 8 2 12 7 3 13 15 2 7 4 2 2 1 4 4 7 4 7 0 3 7 0]
2026-03-20 15:27:47,297{GMT}	INFO	[jepsen worker 8] jepsen.util: 8	:fail	:read	nil	:net-timeout
2026-03-20 15:27:47,303{GMT}	INFO	[jepsen worker 10] jepsen.util: 10	:fail	:read	nil	:net-timeout
2026-03-20 15:27:47,315{GMT}	INFO	[jepsen worker 5] jepsen.util: 5	:fail	:read	nil	:net-timeout
2026-03-20 15:27:47,342{GMT}	INFO	[jepsen worker 21] jepsen.util: 21	:fail	:read	nil	:net-timeout
2026-03-20 15:27:47,345{GMT}	INFO	[jepsen worker 16] jepsen.util: 16	:fail	:read	nil	:net-timeout
2026-03-20 15:27:47,353{GMT}	INFO	[jepsen worker 11] jepsen.util: 36	:fail	:read	nil	:net-timeout
2026-03-20 15:27:47,362{GMT}	INFO	[jepsen worker 9] jepsen.util: 34	:fail	:read	nil	:net-timeout
2026-03-20 15:27:47,370{GMT}	INFO	[jepsen worker 1] jepsen.util: 1	:fail	:read	nil	:net-timeout
2026-03-20 15:27:47,378{GMT}	INFO	[jepsen worker 4] jepsen.util: 29	:fail	:read	nil	:net-timeout
2026-03-20 15:27:47,386{GMT}	INFO	[jepsen worker 6] jepsen.util: 6	:fail	:read	nil	:net-timeout
2026-03-20 15:27:47,391{GMT}	INFO	[jepsen worker 2] jepsen.util: 27	:fail	:read	nil	:net-timeout
2026-03-20 15:27:47,387{GMT}	INFO	[jepsen worker 3] jepsen.util: 28	:fail	:read	nil	:net-timeout
2026-03-20 15:27:47,396{GMT}	INFO	[jepsen worker 18] jepsen.util: 18	:fail	:read	nil	:net-timeout
2026-03-20 15:27:47,411{GMT}	INFO	[jepsen worker 19] jepsen.util: 19	:fail	:read	nil	:net-timeout
2026-03-20 15:27:47,413{GMT}	INFO	[jepsen worker 15] jepsen.util: 40	:fail	:read	nil	:net-timeout
2026-03-20 15:27:47,417{GMT}	INFO	[jepsen worker 22] jepsen.util: 47	:fail	:read	nil	:net-timeout
2026-03-20 15:27:47,421{GMT}	INFO	[jepsen worker 7] jepsen.util: 7	:fail	:read	nil	:net-timeout
2026-03-20 15:27:47,421{GMT}	INFO	[jepsen worker 13] jepsen.util: 38	:fail	:read	nil	:net-timeout
2026-03-20 15:27:47,422{GMT}	INFO	[jepsen worker 12] jepsen.util: 12	:fail	:read	nil	:net-timeout
2026-03-20 15:27:47,422{GMT}	INFO	[jepsen worker 14] jepsen.util: 14	:fail	:read	nil	:net-timeout
2026-03-20 15:27:47,437{GMT}	INFO	[jepsen worker 17] jepsen.util: 17	:fail	:read	nil	:net-timeout
2026-03-20 15:27:47,437{GMT}	INFO	[jepsen worker 24] jepsen.util: 49	:fail	:read	nil	:net-timeout
2026-03-20 15:27:47,438{GMT}	INFO	[jepsen worker 0] jepsen.util: 0	:fail	:read	nil	:net-timeout
2026-03-20 15:27:47,441{GMT}	INFO	[jepsen worker 23] jepsen.util: 23	:fail	:read	nil	:net-timeout
2026-03-20 15:27:47,965{GMT}	INFO	[jepsen test runner] jepsen.core: Run complete, writing
2026-03-20 15:27:50,356{GMT}	INFO	[jepsen node n1] maelstrom.db: Tearing down n1
2026-03-20 15:27:50,357{GMT}	INFO	[jepsen node n2] maelstrom.db: Tearing down n2
2026-03-20 15:27:50,357{GMT}	INFO	[jepsen node n0] maelstrom.db: Tearing down n0
2026-03-20 15:27:50,373{GMT}	INFO	[jepsen node n4] maelstrom.db: Tearing down n4
2026-03-20 15:27:50,376{GMT}	INFO	[jepsen node n5] maelstrom.db: Tearing down n5
2026-03-20 15:27:50,378{GMT}	INFO	[jepsen node n6] maelstrom.db: Tearing down n6
2026-03-20 15:27:50,380{GMT}	INFO	[jepsen node n7] maelstrom.db: Tearing down n7
2026-03-20 15:27:50,401{GMT}	INFO	[jepsen node n8] maelstrom.db: Tearing down n8
2026-03-20 15:27:50,407{GMT}	INFO	[jepsen node n3] maelstrom.db: Tearing down n3
2026-03-20 15:27:50,412{GMT}	INFO	[jepsen node n9] maelstrom.db: Tearing down n9
2026-03-20 15:27:50,416{GMT}	INFO	[jepsen node n10] maelstrom.db: Tearing down n10
2026-03-20 15:27:50,426{GMT}	INFO	[jepsen node n12] maelstrom.db: Tearing down n12
2026-03-20 15:27:50,430{GMT}	INFO	[jepsen node n13] maelstrom.db: Tearing down n13
2026-03-20 15:27:50,431{GMT}	INFO	[jepsen node n14] maelstrom.db: Tearing down n14
2026-03-20 15:27:50,428{GMT}	INFO	[jepsen node n11] maelstrom.db: Tearing down n11
2026-03-20 15:27:50,435{GMT}	INFO	[jepsen node n15] maelstrom.db: Tearing down n15
2026-03-20 15:27:50,445{GMT}	INFO	[jepsen node n16] maelstrom.db: Tearing down n16
2026-03-20 15:27:50,450{GMT}	INFO	[jepsen node n17] maelstrom.db: Tearing down n17
2026-03-20 15:27:50,460{GMT}	INFO	[jepsen node n18] maelstrom.db: Tearing down n18
2026-03-20 15:27:50,460{GMT}	INFO	[jepsen node n19] maelstrom.db: Tearing down n19
2026-03-20 15:27:50,461{GMT}	INFO	[jepsen node n20] maelstrom.db: Tearing down n20
2026-03-20 15:27:50,465{GMT}	INFO	[jepsen node n21] maelstrom.db: Tearing down n21
2026-03-20 15:27:50,474{GMT}	INFO	[jepsen node n22] maelstrom.db: Tearing down n22
2026-03-20 15:27:50,478{GMT}	INFO	[jepsen node n23] maelstrom.db: Tearing down n23
2026-03-20 15:27:50,480{GMT}	INFO	[jepsen node n24] maelstrom.db: Tearing down n24
2026-03-20 15:27:51,338{GMT}	INFO	[jepsen node n0] maelstrom.net: Shutting down Maelstrom network
2026-03-20 15:27:51,355{GMT}	WARN	[jepsen test runner] jepsen.core: Test crashed!
clojure.lang.ExceptionInfo: Node n2 crashed with exit status 1. Before crashing, it wrote to STDOUT:

{"src":"n2","dest":"n1","body":{"type":"broadcast","message":15,"seen":["n12","n17","n16","n11","n6","n7","n8","n3","n2"],"msg_id":4044}}
{"src":"n2","dest":"n3","body":{"type":"broadcast_ok","in_reply_to":3481,"msg_id":4045}}
{"src":"n2","dest":"n7","body":{"type":"broadcast","message":18,"seen":["n22","n23","n24","n19","n14","n9","n8","n3","n2"],"msg_id":4046}}
{"src":"n2","dest":"n1","body":{"type":"broadcast","message":18,"seen":["n22","n23","n24","n19","n14","n9","n8","n3","n2"],"msg_id":4047}}
{"src":"n2","dest":"n3","body":{"type":"broadcast_ok","in_reply_to":3458,"msg_id":4048}}
{"src":"n2","dest":"n3","body":{"type":"broadcast_ok","in_reply_to":3504,"msg_id":4049}}
{"src":"n2","dest":"n7","body":{"type":"broadcast","message":5,"seen":["n10","n15","n16","n11","n12","n13","n14","n9","n8","n3","n2"],"msg_id":4050}}
{"src":"n2","dest":"n1","body":{"type":"broadcast","message":5,"seen":["n10","n15","n16","n11","n12","n13","n14","n9","n8","n3","n2"],"msg_id":4051}}
{"src":"n2","dest":"n3","body":{"type":"broadcast_ok","in_reply_to":3510,"msg_id":4052}}
{"src":"n2","dest":"n7","body":{"type":"broadcast","message":9,"seen":["n1","n6","n11","n12","n13","n14","n9","n8","n3","n2"],"msg_id":4053}}
{"src":"n2","dest":"n3","body":{"type":"broadcast_ok","in_reply_to":3519,"msg_id":4054}}
{"src":"n2","dest":"n1","body":{"type":"broadcast","message":3,"seen":["n5","n6","n11","n16","n17","n18","n13","n12","n7","n8","n3","n2"],"msg_id":4055}}
{"src":"n2","dest":"n3","body":{"type":"broadcast_ok","in_reply_to":3528,"msg_id":4056}}
{"src":"n2","dest":"n7","body":{"type":"broadcast","message":0,"seen":["n1","n0","n5","n6","n11","n16","n17","n12","n13","n8","n3","n2"],"msg_id":4057}}
{"src":"n2","dest":"n3","body":{"type":"broadcast_ok","in_reply_to":3536,"msg_id":4058}}
{"src":"n2","dest":"n3","body":{"type":"broadcast","message":7,"seen":["n13","n18","n17","n22","n21","n16","n11","n12","n7","n6","n1","n2"],"msg_id":4059}}
{"src":"n2","dest":"n1","body":{"type":"broadcast_ok","in_reply_to":2592,"msg_id":4060}}
{"src":"n2","dest":"n7","body":{"type":"broadcast","message":13,"seen":["n8","n13","n18","n17","n12","n11","n6","n1","n2"],"msg_id":4061}}
{"src":"n2","dest":"n3","body":{"type":"broadcast","message":13,"seen":["n8","n13","n18","n17","n12","n11","n6","n1","n2"],"msg_id":4062}}
{"src":"n2","dest":"n1","body":{"type":"broadcast_ok","in_reply_to":2595,"msg_id":4063}}
{"src":"n2","dest":"n7","body":{"type":"broadcast","message":6,"seen":["n11","n10","n15","n16","n17","n18","n13","n8","n3","n2"],"msg_id":4064}}
{"src":"n2","dest":"n1","body":{"type":"broadcast","message":6,"seen":["n11","n10","n15","n16","n17","n18","n13","n8","n3","n2"],"msg_id":4065}}
{"src":"n2","dest":"n3","body":{"type":"broadcast_ok","in_reply_to":3551,"msg_id":4066}}
{"src":"n2","dest":"n3","body":{"type":"broadcast","message":45,"seen":["n0","n5","n6","n7","n2"],"msg_id":4067}}
{"src":"n2","dest":"n1","body":{"type":"broadcast","message":45,"seen":["n0","n5","n6","n7","n2"],"msg_id":4068}}
{"src":"n2","dest":"n7","body":{"type":"broadcast_ok","in_reply_to":3247,"msg_id":4069}}
{"src":"n2","dest":"n7","body":{"type":"broadcast","message":5,"seen":["n10","n15","n20","n21","n22","n17","n18","n13","n8","n3","n2"],"msg_id":4070}}
{"src":"n2","dest":"n1","body":{"type":"broadcast","message":5,"seen":["n10","n15","n20","n21","n22","n17","n18","n13","n8","n3","n2"],"msg_id":4071}}
{"src":"n2","dest":"n1","body":{"type":"broadcast","message":2,"seen":["n3","n4","n9","n14","n13","n18","n17","n16","n11","n6","n7","n2"],"msg_id":4072}}
{"src":"n2","dest":"n7","body":{"type":"broadcast_ok","in_reply_to":3258,"msg_id":4073}}
{"src":"n2","dest":"n1","body":{"type":"broadcast","message":7,"seen":["n13","n12","n17","n16","n15","n10","n11","n6","n7","n8","n3","n2"],"msg_id":4074}}
{"src":"n2","dest":"n3","body":{"type":"broadcast_ok","in_reply_to":3453,"msg_id":4075}}

And to STDERR:

Fatal error! java.lang.OutOfMemoryError: unable to create native thread: possibly out of memory or process/resource limits reached
java.lang.OutOfMemoryError: unable to create native thread: possibly out of memory or process/resource limits reached
	at java.base/java.lang.Thread.start0(Native Method)
	at java.base/java.lang.Thread.start(Thread.java:1553)
	at java.base/java.lang.System$2.start(System.java:2577)
	at java.base/jdk.internal.vm.SharedThreadContainer.start(SharedThreadContainer.java:152)
	at java.base/java.util.concurrent.ThreadPoolExecutor.addWorker(ThreadPoolExecutor.java:953)
	at java.base/java.util.concurrent.ThreadPoolExecutor.execute(ThreadPoolExecutor.java:1375)
	at lab.Node.run(Node.java:44)
	at lab.BroadcastServer.run(BroadcastServer.java:74)
	at lab.Main.main(Main.java:12)

Full STDERR logs are available in /home/banna/Documents/maelstrom-java/store/broadcast/20260320T152028.611Z/node-logs/n2.log
	at slingshot.support$stack_trace.invoke(support.clj:201)
	at maelstrom.process$stop_node_BANG_.invokeStatic(process.clj:239)
	at maelstrom.process$stop_node_BANG_.invoke(process.clj:217)
	at maelstrom.db$db$reify__16142.teardown_BANG_(db.clj:75)
	at jepsen.db$fn__8744$G__8725__8748.invoke(db.clj:12)
	at jepsen.db$fn__8744$G__8724__8753.invoke(db.clj:12)
	at clojure.core$partial$fn__5908.invoke(core.clj:2642)
	at jepsen.control$on_nodes$fn__8599.invoke(control.clj:314)
	at clojure.lang.AFn.applyToHelper(AFn.java:154)
	at clojure.lang.AFn.applyTo(AFn.java:144)
	at clojure.core$apply.invokeStatic(core.clj:667)
	at clojure.core$with_bindings_STAR_.invokeStatic(core.clj:1990)
	at clojure.core$with_bindings_STAR_.doInvoke(core.clj:1990)
	at clojure.lang.RestFn.applyTo(RestFn.java:142)
	at clojure.core$apply.invokeStatic(core.clj:671)
	at clojure.core$bound_fn_STAR_$fn__5818.doInvoke(core.clj:2020)
	at clojure.lang.RestFn.invoke(RestFn.java:408)
	at dom_top.core$real_pmap_helper$build_thread__211$fn__212.invoke(core.clj:163)
	at clojure.lang.AFn.applyToHelper(AFn.java:152)
	at clojure.lang.AFn.applyTo(AFn.java:144)
	at clojure.core$apply.invokeStatic(core.clj:667)
	at clojure.core$with_bindings_STAR_.invokeStatic(core.clj:1990)
	at clojure.core$with_bindings_STAR_.doInvoke(core.clj:1990)
	at clojure.lang.RestFn.invoke(RestFn.java:425)
	at clojure.lang.AFn.applyToHelper(AFn.java:156)
	at clojure.lang.RestFn.applyTo(RestFn.java:132)
	at clojure.core$apply.invokeStatic(core.clj:671)
	at clojure.core$bound_fn_STAR_$fn__5818.doInvoke(core.clj:2020)
	at clojure.lang.RestFn.invoke(RestFn.java:397)
	at clojure.lang.AFn.run(AFn.java:22)
	at java.base/java.lang.Thread.run(Thread.java:1583)
