2026-03-20 15:44:49,218{GMT}	INFO	[jepsen test runner] jepsen.core: Command line:
lein run test -w broadcast --bin run.sh broadcast --node-count 5 --time-limit 20 --rate 10 --nemesis partition
2026-03-20 15:44:49,322{GMT}	INFO	[jepsen test runner] jepsen.core: Running test:
{:args ["broadcast"]
 :remote
 #jepsen.control.retry.Remote{:remote #jepsen.control.scp.Remote{:cmd-remote #jepsen.control.sshj.SSHJRemote{:concurrency-limit 6,
                                                                                                             :conn-spec nil,
                                                                                                             :client nil,
                                                                                                             :semaphore nil},
                                                                 :conn-spec nil},
                              :conn nil}
 :log-net-send false
 :node-count 5
 :availability nil
 :max-txn-length 4
 :concurrency 5
 :db
 #object[maelstrom.db$db$reify__16142
         "0x3619ecd"
         "maelstrom.db$db$reify__16142@3619ecd"]
 :max-writes-per-key 16
 :leave-db-running? false
 :name "broadcast"
 :logging-json? false
 :start-time
 #object[org.joda.time.DateTime "0x7de4bd8f" "2026-03-20T15:44:49.193Z"]
 :nemesis-interval 10
 :net
 #object[maelstrom.net$jepsen_net$reify__15251
         "0x193e65d5"
         "maelstrom.net$jepsen_net$reify__15251@193e65d5"]
 :client
 #object[maelstrom.workload.broadcast$client$reify__16644
         "0x2a97b4b8"
         "maelstrom.workload.broadcast$client$reify__16644@2a97b4b8"]
 :barrier
 #object[java.util.concurrent.CyclicBarrier
         "0x250fc0d1"
         "java.util.concurrent.CyclicBarrier@250fc0d1"]
 :log-stderr false
 :pure-generators true
 :ssh {:dummy? true}
 :rate 10.0
 :checker
 #object[jepsen.checker$compose$reify__11881
         "0x7ddf193a"
         "jepsen.checker$compose$reify__11881@7ddf193a"]
 :argv
 ("test"
  "-w"
  "broadcast"
  "--bin"
  "run.sh"
  "broadcast"
  "--node-count"
  "5"
  "--time-limit"
  "20"
  "--rate"
  "10"
  "--nemesis"
  "partition")
 :nemesis
 (jepsen.nemesis.ReflCompose
  {:fm {:start-partition 0,
        :stop-partition 0,
        :kill 1,
        :start 1,
        :pause 1,
        :resume 1},
   :nemeses [#unprintable "jepsen.nemesis.combined$partition_nemesis$reify__16416@17a5cb99"
             #unprintable "jepsen.nemesis.combined$db_nemesis$reify__16397@808fa1"]})
 :nodes ["n0" "n1" "n2" "n3" "n4"]
 :test-count 1
 :latency {:mean 0, :dist :constant}
 :bin "run.sh"
 :generator
 ((jepsen.generator.Synchronize
   {:gen (jepsen.generator.TimeLimit
          {:limit 20000000000,
           :cutoff nil,
           :gen (jepsen.generator.Any
                 {:gens [(jepsen.generator.OnThreads
                          {:f #{:nemesis},
                           :context-filter #object[jepsen.generator.context$make_thread_filter$lazy_filter__9167
                                                   "0x7545cb17"
                                                   "jepsen.generator.context$make_thread_filter$lazy_filter__9167@7545cb17"],
                           :gen (jepsen.generator.Stagger
                                 {:dt 20000000000,
                                  :next-time nil,
                                  :gen (jepsen.generator.FlipFlop
                                        {:gens [#object[jepsen.nemesis.combined$partition_package$start__16420
                                                        "0x635b3ec7"
                                                        "jepsen.nemesis.combined$partition_package$start__16420@635b3ec7"]
                                                ({:type :info,
                                                  :f :stop-partition,
                                                  :value nil}
                                                 {:type :info,
                                                  :f :stop-partition,
                                                  :value nil}
                                                 {:type :info,
                                                  :f :stop-partition,
                                                  :value nil}
                                                 {:type :info,
                                                  :f :stop-partition,
                                                  :value nil}
                                                 {:type :info,
                                                  :f :stop-partition,
                                                  :value nil}
                                                 {:type :info,
                                                  :f :stop-partition,
                                                  :value nil}
                                                 {:type :info,
                                                  :f :stop-partition,
                                                  :value nil}
                                                 {:type :info,
                                                  :f :stop-partition,
                                                  :value nil}
                                                 ...)],
                                         :i 0})})})
                         (jepsen.generator.OnThreads
                          {:f #jepsen.generator.context.AllBut{:element :nemesis},
                           :context-filter #object[jepsen.generator.context$make_thread_filter$lazy_filter__9167
                                                   "0x15aa3084"
                                                   "jepsen.generator.context$make_thread_filter$lazy_filter__9167@15aa3084"],
                           :gen (jepsen.generator.Stagger
                                 {:dt 200000000,
                                  :next-time nil,
                                  :gen (jepsen.generator.Mix
                                        {:i 1,
                                         :gens [({:f :broadcast, :value 0}
                                                 {:f :broadcast, :value 1}
                                                 {:f :broadcast, :value 2}
                                                 {:f :broadcast, :value 3}
                                                 {:f :broadcast, :value 4}
                                                 {:f :broadcast, :value 5}
                                                 {:f :broadcast, :value 6}
                                                 {:f :broadcast, :value 7}
                                                 ...)
                                                ({:f :read}
                                                 {:f :read}
                                                 {:f :read}
                                                 {:f :read}
                                                 {:f :read}
                                                 {:f :read}
                                                 {:f :read}
                                                 {:f :read}
                                                 ...)]})})})]})})})
  (jepsen.generator.Synchronize
   {:gen (jepsen.generator.OnThreads
          {:f #{:nemesis},
           :context-filter #object[jepsen.generator.context$make_thread_filter$lazy_filter__9167
                                   "0x4e6c4c55"
                                   "jepsen.generator.context$make_thread_filter$lazy_filter__9167@4e6c4c55"],
           :gen ({:type :info, :f :stop-partition, :value nil})})})
  (jepsen.generator.Synchronize
   {:gen {:type :log, :value "Waiting for recovery..."}})
  (jepsen.generator.Synchronize {:gen {:type :sleep, :value 10}})
  (jepsen.generator.Synchronize
   {:gen (jepsen.generator.OnThreads
          {:f #jepsen.generator.context.AllBut{:element :nemesis},
           :context-filter #object[jepsen.generator.context$make_thread_filter$lazy_filter__9167
                                   "0x74fbee59"
                                   "jepsen.generator.context$make_thread_filter$lazy_filter__9167@74fbee59"],
           :gen (jepsen.generator.EachThread
                 {:fresh-gen {:f :read, :final? true},
                  :context-filters #object[clojure.core$promise$reify__8591
                                           "0x3794621d"
                                           {:status :pending, :val nil}],
                  :gens {}})})}))
 :log-net-recv false
 :os
 #object[maelstrom.net$jepsen_os$reify__15254
         "0x737e4a7b"
         "maelstrom.net$jepsen_os$reify__15254@737e4a7b"]
 :time-limit 20
 :workload :broadcast
 :consistency-models [:strict-serializable]
 :topology :grid}

2026-03-20 15:44:50,704{GMT}	INFO	[jepsen node n0] maelstrom.net: Starting Maelstrom network
2026-03-20 15:44:50,706{GMT}	INFO	[jepsen test runner] jepsen.db: Tearing down DB
2026-03-20 15:44:50,708{GMT}	INFO	[jepsen test runner] jepsen.db: Setting up DB
2026-03-20 15:44:50,708{GMT}	INFO	[jepsen node n3] maelstrom.db: Setting up n3
2026-03-20 15:44:50,708{GMT}	INFO	[jepsen node n4] maelstrom.db: Setting up n4
2026-03-20 15:44:50,708{GMT}	INFO	[jepsen node n1] maelstrom.db: Setting up n1
2026-03-20 15:44:50,708{GMT}	INFO	[jepsen node n2] maelstrom.db: Setting up n2
2026-03-20 15:44:50,709{GMT}	INFO	[jepsen node n2] maelstrom.process: launching run.sh ["broadcast"]
2026-03-20 15:44:50,709{GMT}	INFO	[jepsen node n3] maelstrom.process: launching run.sh ["broadcast"]
2026-03-20 15:44:50,709{GMT}	INFO	[jepsen node n1] maelstrom.process: launching run.sh ["broadcast"]
2026-03-20 15:44:50,710{GMT}	INFO	[jepsen node n4] maelstrom.process: launching run.sh ["broadcast"]
2026-03-20 15:44:50,710{GMT}	INFO	[jepsen node n0] maelstrom.service: Starting services: (lin-kv lin-tso lww-kv seq-kv)
2026-03-20 15:44:50,712{GMT}	INFO	[jepsen node n0] maelstrom.db: Setting up n0
2026-03-20 15:44:50,712{GMT}	INFO	[jepsen node n0] maelstrom.process: launching run.sh ["broadcast"]
2026-03-20 15:44:50,886{GMT}	INFO	[jepsen test runner] jepsen.core: Relative time begins now
2026-03-20 15:44:50,909{GMT}	INFO	[jepsen worker nemesis] jepsen.util: :nemesis	:info	:start-partition	:majorities-ring
2026-03-20 15:44:50,909{GMT}	INFO	[jepsen worker 0] jepsen.util: 0	:invoke	:read	nil
2026-03-20 15:44:50,918{GMT}	INFO	[jepsen worker 0] jepsen.util: 0	:ok	:read	[]
2026-03-20 15:44:50,918{GMT}	INFO	[jepsen worker nemesis] jepsen.util: :nemesis	:info	:start-partition	[:isolated {"n1" #{"n2" "n3"}, "n0" #{"n2" "n4"}, "n3" #{"n1" "n4"}, "n2" #{"n1" "n0"}, "n4" #{"n0" "n3"}}]
2026-03-20 15:44:51,030{GMT}	INFO	[jepsen worker 2] jepsen.util: 2	:invoke	:broadcast	0
2026-03-20 15:44:51,034{GMT}	INFO	[jepsen worker 2] jepsen.util: 2	:ok	:broadcast	0
2026-03-20 15:44:51,107{GMT}	INFO	[jepsen worker 3] jepsen.util: 3	:invoke	:broadcast	1
2026-03-20 15:44:51,112{GMT}	INFO	[jepsen worker 3] jepsen.util: 3	:ok	:broadcast	1
2026-03-20 15:44:51,281{GMT}	INFO	[jepsen worker 4] jepsen.util: 4	:invoke	:broadcast	2
2026-03-20 15:44:51,285{GMT}	INFO	[jepsen worker 4] jepsen.util: 4	:ok	:broadcast	2
2026-03-20 15:44:51,357{GMT}	INFO	[jepsen worker 0] jepsen.util: 0	:invoke	:read	nil
2026-03-20 15:44:51,358{GMT}	INFO	[jepsen worker 0] jepsen.util: 0	:ok	:read	[1 2]
2026-03-20 15:44:51,482{GMT}	INFO	[jepsen worker 0] jepsen.util: 0	:invoke	:read	nil
2026-03-20 15:44:51,484{GMT}	INFO	[jepsen worker 0] jepsen.util: 0	:ok	:read	[1 2]
2026-03-20 15:44:51,573{GMT}	INFO	[jepsen worker 1] jepsen.util: 1	:invoke	:read	nil
2026-03-20 15:44:51,576{GMT}	INFO	[jepsen worker 1] jepsen.util: 1	:ok	:read	[1 2]
2026-03-20 15:44:51,768{GMT}	INFO	[jepsen worker 2] jepsen.util: 2	:invoke	:broadcast	3
2026-03-20 15:44:51,771{GMT}	INFO	[jepsen worker 2] jepsen.util: 2	:ok	:broadcast	3
2026-03-20 15:44:51,845{GMT}	INFO	[jepsen worker 3] jepsen.util: 3	:invoke	:read	nil
2026-03-20 15:44:51,848{GMT}	INFO	[jepsen worker 3] jepsen.util: 3	:ok	:read	[1 2]
2026-03-20 15:44:52,033{GMT}	INFO	[jepsen worker 4] jepsen.util: 4	:invoke	:read	nil
2026-03-20 15:44:52,036{GMT}	INFO	[jepsen worker 4] jepsen.util: 4	:ok	:read	[1 2]
2026-03-20 15:44:52,110{GMT}	INFO	[jepsen worker 0] jepsen.util: 0	:invoke	:read	nil
2026-03-20 15:44:52,112{GMT}	INFO	[jepsen worker 0] jepsen.util: 0	:ok	:read	[1 2]
2026-03-20 15:44:52,222{GMT}	INFO	[jepsen worker 0] jepsen.util: 0	:invoke	:read	nil
2026-03-20 15:44:52,224{GMT}	INFO	[jepsen worker 0] jepsen.util: 0	:ok	:read	[1 2]
2026-03-20 15:44:52,315{GMT}	INFO	[jepsen worker 1] jepsen.util: 1	:invoke	:read	nil
2026-03-20 15:44:52,317{GMT}	INFO	[jepsen worker 1] jepsen.util: 1	:ok	:read	[1 2]
2026-03-20 15:44:52,327{GMT}	INFO	[jepsen worker 2] jepsen.util: 2	:invoke	:broadcast	4
2026-03-20 15:44:52,329{GMT}	INFO	[jepsen worker 2] jepsen.util: 2	:ok	:broadcast	4
2026-03-20 15:44:52,342{GMT}	INFO	[jepsen worker 3] jepsen.util: 3	:invoke	:read	nil
2026-03-20 15:44:52,344{GMT}	INFO	[jepsen worker 3] jepsen.util: 3	:ok	:read	[1 2]
2026-03-20 15:44:52,392{GMT}	INFO	[jepsen worker 4] jepsen.util: 4	:invoke	:read	nil
2026-03-20 15:44:52,394{GMT}	INFO	[jepsen worker 4] jepsen.util: 4	:ok	:read	[1 2]
2026-03-20 15:44:52,405{GMT}	INFO	[jepsen worker nemesis] jepsen.util: :nemesis	:info	:stop-partition	nil
2026-03-20 15:44:52,405{GMT}	INFO	[jepsen worker nemesis] jepsen.util: :nemesis	:info	:stop-partition	:network-healed
2026-03-20 15:44:52,440{GMT}	INFO	[jepsen worker 0] jepsen.util: 0	:invoke	:broadcast	5
2026-03-20 15:44:52,442{GMT}	INFO	[jepsen worker 0] jepsen.util: 0	:ok	:broadcast	5
2026-03-20 15:44:52,522{GMT}	INFO	[jepsen worker 1] jepsen.util: 1	:invoke	:broadcast	6
2026-03-20 15:44:52,524{GMT}	INFO	[jepsen worker 1] jepsen.util: 1	:ok	:broadcast	6
2026-03-20 15:44:52,653{GMT}	INFO	[jepsen worker 2] jepsen.util: 2	:invoke	:read	nil
2026-03-20 15:44:52,656{GMT}	INFO	[jepsen worker 2] jepsen.util: 2	:ok	:read	[0 3 4 5 6]
2026-03-20 15:44:52,716{GMT}	INFO	[jepsen worker 3] jepsen.util: 3	:invoke	:broadcast	7
2026-03-20 15:44:52,717{GMT}	INFO	[jepsen worker 3] jepsen.util: 3	:ok	:broadcast	7
2026-03-20 15:44:52,843{GMT}	INFO	[jepsen worker 4] jepsen.util: 4	:invoke	:broadcast	8
2026-03-20 15:44:52,845{GMT}	INFO	[jepsen worker 4] jepsen.util: 4	:ok	:broadcast	8
2026-03-20 15:44:53,020{GMT}	INFO	[jepsen worker 0] jepsen.util: 0	:invoke	:read	nil
2026-03-20 15:44:53,022{GMT}	INFO	[jepsen worker 0] jepsen.util: 0	:ok	:read	[1 2 5 6 7 8]
2026-03-20 15:44:53,099{GMT}	INFO	[jepsen worker 0] jepsen.util: 0	:invoke	:read	nil
2026-03-20 15:44:53,100{GMT}	INFO	[jepsen worker 0] jepsen.util: 0	:ok	:read	[1 2 5 6 7 8]
2026-03-20 15:44:53,137{GMT}	INFO	[jepsen worker 1] jepsen.util: 1	:invoke	:read	nil
2026-03-20 15:44:53,139{GMT}	INFO	[jepsen worker 1] jepsen.util: 1	:ok	:read	[1 2 5 6 7 8]
2026-03-20 15:44:53,146{GMT}	INFO	[jepsen worker 2] jepsen.util: 2	:invoke	:read	nil
2026-03-20 15:44:53,148{GMT}	INFO	[jepsen worker 2] jepsen.util: 2	:ok	:read	[0 3 4 5 6 7 8]
2026-03-20 15:44:53,235{GMT}	INFO	[jepsen worker 3] jepsen.util: 3	:invoke	:broadcast	9
2026-03-20 15:44:53,237{GMT}	INFO	[jepsen worker 3] jepsen.util: 3	:ok	:broadcast	9
2026-03-20 15:44:53,269{GMT}	INFO	[jepsen worker 4] jepsen.util: 4	:invoke	:read	nil
2026-03-20 15:44:53,271{GMT}	INFO	[jepsen worker 4] jepsen.util: 4	:ok	:read	[1 2 5 6 7 8 9]
2026-03-20 15:44:53,325{GMT}	INFO	[jepsen worker 0] jepsen.util: 0	:invoke	:read	nil
2026-03-20 15:44:53,327{GMT}	INFO	[jepsen worker 0] jepsen.util: 0	:ok	:read	[1 2 5 6 7 8 9]
2026-03-20 15:44:53,356{GMT}	INFO	[jepsen worker 0] jepsen.util: 0	:invoke	:broadcast	10
2026-03-20 15:44:53,358{GMT}	INFO	[jepsen worker 0] jepsen.util: 0	:ok	:broadcast	10
2026-03-20 15:44:53,532{GMT}	INFO	[jepsen worker 1] jepsen.util: 1	:invoke	:broadcast	11
2026-03-20 15:44:53,534{GMT}	INFO	[jepsen worker 1] jepsen.util: 1	:ok	:broadcast	11
2026-03-20 15:44:53,559{GMT}	INFO	[jepsen worker 2] jepsen.util: 2	:invoke	:read	nil
2026-03-20 15:44:53,561{GMT}	INFO	[jepsen worker 2] jepsen.util: 2	:ok	:read	[0 3 4 5 6 7 8 9 10 11]
2026-03-20 15:44:53,668{GMT}	INFO	[jepsen worker 3] jepsen.util: 3	:invoke	:broadcast	12
2026-03-20 15:44:53,671{GMT}	INFO	[jepsen worker 3] jepsen.util: 3	:ok	:broadcast	12
2026-03-20 15:44:53,866{GMT}	INFO	[jepsen worker 4] jepsen.util: 4	:invoke	:read	nil
2026-03-20 15:44:53,868{GMT}	INFO	[jepsen worker 4] jepsen.util: 4	:ok	:read	[1 2 5 6 7 8 9 10 11 12]
2026-03-20 15:44:53,918{GMT}	INFO	[jepsen worker 0] jepsen.util: 0	:invoke	:read	nil
2026-03-20 15:44:53,920{GMT}	INFO	[jepsen worker 0] jepsen.util: 0	:ok	:read	[1 2 5 6 7 8 9 10 11 12]
2026-03-20 15:44:53,953{GMT}	INFO	[jepsen worker 0] jepsen.util: 0	:invoke	:read	nil
2026-03-20 15:44:53,955{GMT}	INFO	[jepsen worker 0] jepsen.util: 0	:ok	:read	[1 2 5 6 7 8 9 10 11 12]
2026-03-20 15:44:53,962{GMT}	INFO	[jepsen worker 1] jepsen.util: 1	:invoke	:read	nil
2026-03-20 15:44:53,963{GMT}	INFO	[jepsen worker 1] jepsen.util: 1	:ok	:read	[1 2 5 6 7 8 9 10 11 12]
2026-03-20 15:44:53,985{GMT}	INFO	[jepsen worker 2] jepsen.util: 2	:invoke	:read	nil
2026-03-20 15:44:53,986{GMT}	INFO	[jepsen worker 2] jepsen.util: 2	:ok	:read	[0 3 4 5 6 7 8 9 10 11 12]
2026-03-20 15:44:54,143{GMT}	INFO	[jepsen worker 3] jepsen.util: 3	:invoke	:broadcast	13
2026-03-20 15:44:54,145{GMT}	INFO	[jepsen worker 3] jepsen.util: 3	:ok	:broadcast	13
2026-03-20 15:44:54,293{GMT}	INFO	[jepsen worker 4] jepsen.util: 4	:invoke	:broadcast	14
2026-03-20 15:44:54,294{GMT}	INFO	[jepsen worker 4] jepsen.util: 4	:ok	:broadcast	14
2026-03-20 15:44:54,420{GMT}	INFO	[jepsen worker 0] jepsen.util: 0	:invoke	:broadcast	15
2026-03-20 15:44:54,421{GMT}	INFO	[jepsen worker 0] jepsen.util: 0	:ok	:broadcast	15
2026-03-20 15:44:54,455{GMT}	INFO	[jepsen worker 0] jepsen.util: 0	:invoke	:broadcast	16
2026-03-20 15:44:54,457{GMT}	INFO	[jepsen worker 0] jepsen.util: 0	:ok	:broadcast	16
2026-03-20 15:44:54,530{GMT}	INFO	[jepsen worker 1] jepsen.util: 1	:invoke	:broadcast	17
2026-03-20 15:44:54,532{GMT}	INFO	[jepsen worker 1] jepsen.util: 1	:ok	:broadcast	17
2026-03-20 15:44:54,650{GMT}	INFO	[jepsen worker 2] jepsen.util: 2	:invoke	:broadcast	18
2026-03-20 15:44:54,651{GMT}	INFO	[jepsen worker 2] jepsen.util: 2	:ok	:broadcast	18
2026-03-20 15:44:54,795{GMT}	INFO	[jepsen worker 3] jepsen.util: 3	:invoke	:broadcast	19
2026-03-20 15:44:54,797{GMT}	INFO	[jepsen worker 3] jepsen.util: 3	:ok	:broadcast	19
2026-03-20 15:44:54,934{GMT}	INFO	[jepsen worker 4] jepsen.util: 4	:invoke	:broadcast	20
2026-03-20 15:44:54,936{GMT}	INFO	[jepsen worker 4] jepsen.util: 4	:ok	:broadcast	20
2026-03-20 15:44:55,058{GMT}	INFO	[jepsen worker 0] jepsen.util: 0	:invoke	:broadcast	21
2026-03-20 15:44:55,060{GMT}	INFO	[jepsen worker 0] jepsen.util: 0	:ok	:broadcast	21
2026-03-20 15:44:55,227{GMT}	INFO	[jepsen worker 0] jepsen.util: 0	:invoke	:read	nil
2026-03-20 15:44:55,236{GMT}	INFO	[jepsen worker 0] jepsen.util: 0	:ok	:read	[1 2 5 6 7 8 9 10 11 12 13 14 15 16 17 18 19 20 21]
2026-03-20 15:44:55,331{GMT}	INFO	[jepsen worker 1] jepsen.util: 1	:invoke	:read	nil
2026-03-20 15:44:55,334{GMT}	INFO	[jepsen worker 1] jepsen.util: 1	:ok	:read	[1 2 5 6 7 8 9 10 11 12 13 14 15 16 17 18 19 20 21]
2026-03-20 15:44:55,468{GMT}	INFO	[jepsen worker 2] jepsen.util: 2	:invoke	:broadcast	22
2026-03-20 15:44:55,469{GMT}	INFO	[jepsen worker 2] jepsen.util: 2	:ok	:broadcast	22
2026-03-20 15:44:55,665{GMT}	INFO	[jepsen worker 3] jepsen.util: 3	:invoke	:read	nil
2026-03-20 15:44:55,666{GMT}	INFO	[jepsen worker 3] jepsen.util: 3	:ok	:read	[1 2 5 6 7 8 9 10 11 12 13 14 15 16 17 18 19 20 21 22]
2026-03-20 15:44:55,776{GMT}	INFO	[jepsen worker 4] jepsen.util: 4	:invoke	:broadcast	23
2026-03-20 15:44:55,778{GMT}	INFO	[jepsen worker 4] jepsen.util: 4	:ok	:broadcast	23
2026-03-20 15:44:55,951{GMT}	INFO	[jepsen worker 0] jepsen.util: 0	:invoke	:read	nil
2026-03-20 15:44:55,953{GMT}	INFO	[jepsen worker 0] jepsen.util: 0	:ok	:read	[1 2 5 6 7 8 9 10 11 12 13 14 15 16 17 18 19 20 21 22 23]
2026-03-20 15:44:56,038{GMT}	INFO	[jepsen worker 0] jepsen.util: 0	:invoke	:read	nil
2026-03-20 15:44:56,039{GMT}	INFO	[jepsen worker 0] jepsen.util: 0	:ok	:read	[1 2 5 6 7 8 9 10 11 12 13 14 15 16 17 18 19 20 21 22 23]
2026-03-20 15:44:56,232{GMT}	INFO	[jepsen worker 1] jepsen.util: 1	:invoke	:read	nil
2026-03-20 15:44:56,233{GMT}	INFO	[jepsen worker 1] jepsen.util: 1	:ok	:read	[1 2 5 6 7 8 9 10 11 12 13 14 15 16 17 18 19 20 21 22 23]
2026-03-20 15:44:56,257{GMT}	INFO	[jepsen worker 2] jepsen.util: 2	:invoke	:read	nil
2026-03-20 15:44:56,259{GMT}	INFO	[jepsen worker 2] jepsen.util: 2	:ok	:read	[0 3 4 5 6 7 8 9 10 11 12 13 14 15 16 17 18 19 20 21 22 23]
2026-03-20 15:44:56,328{GMT}	INFO	[jepsen worker 3] jepsen.util: 3	:invoke	:read	nil
2026-03-20 15:44:56,330{GMT}	INFO	[jepsen worker 3] jepsen.util: 3	:ok	:read	[1 2 5 6 7 8 9 10 11 12 13 14 15 16 17 18 19 20 21 22 23]
2026-03-20 15:44:56,342{GMT}	INFO	[jepsen worker 4] jepsen.util: 4	:invoke	:read	nil
2026-03-20 15:44:56,343{GMT}	INFO	[jepsen worker 4] jepsen.util: 4	:ok	:read	[1 2 5 6 7 8 9 10 11 12 13 14 15 16 17 18 19 20 21 22 23]
2026-03-20 15:44:56,453{GMT}	INFO	[jepsen worker 0] jepsen.util: 0	:invoke	:broadcast	24
2026-03-20 15:44:56,455{GMT}	INFO	[jepsen worker 0] jepsen.util: 0	:ok	:broadcast	24
2026-03-20 15:44:56,596{GMT}	INFO	[jepsen worker 0] jepsen.util: 0	:invoke	:broadcast	25
2026-03-20 15:44:56,597{GMT}	INFO	[jepsen worker 0] jepsen.util: 0	:ok	:broadcast	25
2026-03-20 15:44:56,776{GMT}	INFO	[jepsen worker 1] jepsen.util: 1	:invoke	:broadcast	26
2026-03-20 15:44:56,778{GMT}	INFO	[jepsen worker 1] jepsen.util: 1	:ok	:broadcast	26
2026-03-20 15:44:56,821{GMT}	INFO	[jepsen worker 2] jepsen.util: 2	:invoke	:read	nil
2026-03-20 15:44:56,822{GMT}	INFO	[jepsen worker 2] jepsen.util: 2	:ok	:read	[0 3 4 5 6 7 8 9 10 11 12 13 14 15 16 17 18 19 20 21 22 23 24 25 26]
2026-03-20 15:44:56,892{GMT}	INFO	[jepsen worker 3] jepsen.util: 3	:invoke	:read	nil
2026-03-20 15:44:56,894{GMT}	INFO	[jepsen worker 3] jepsen.util: 3	:ok	:read	[1 2 5 6 7 8 9 10 11 12 13 14 15 16 17 18 19 20 21 22 23 24 25 26]
2026-03-20 15:44:57,006{GMT}	INFO	[jepsen worker 4] jepsen.util: 4	:invoke	:read	nil
2026-03-20 15:44:57,007{GMT}	INFO	[jepsen worker 4] jepsen.util: 4	:ok	:read	[1 2 5 6 7 8 9 10 11 12 13 14 15 16 17 18 19 20 21 22 23 24 25 26]
2026-03-20 15:44:57,072{GMT}	INFO	[jepsen worker 0] jepsen.util: 0	:invoke	:read	nil
2026-03-20 15:44:57,074{GMT}	INFO	[jepsen worker 0] jepsen.util: 0	:ok	:read	[1 2 5 6 7 8 9 10 11 12 13 14 15 16 17 18 19 20 21 22 23 24 25 26]
2026-03-20 15:44:57,273{GMT}	INFO	[jepsen worker 0] jepsen.util: 0	:invoke	:broadcast	27
2026-03-20 15:44:57,274{GMT}	INFO	[jepsen worker 0] jepsen.util: 0	:ok	:broadcast	27
2026-03-20 15:44:57,291{GMT}	INFO	[jepsen worker 1] jepsen.util: 1	:invoke	:read	nil
2026-03-20 15:44:57,293{GMT}	INFO	[jepsen worker 1] jepsen.util: 1	:ok	:read	[1 2 5 6 7 8 9 10 11 12 13 14 15 16 17 18 19 20 21 22 23 24 25 26 27]
2026-03-20 15:44:57,308{GMT}	INFO	[jepsen worker 2] jepsen.util: 2	:invoke	:broadcast	28
2026-03-20 15:44:57,309{GMT}	INFO	[jepsen worker 2] jepsen.util: 2	:ok	:broadcast	28
2026-03-20 15:44:57,323{GMT}	INFO	[jepsen worker 3] jepsen.util: 3	:invoke	:broadcast	29
2026-03-20 15:44:57,324{GMT}	INFO	[jepsen worker 3] jepsen.util: 3	:ok	:broadcast	29
2026-03-20 15:44:57,443{GMT}	INFO	[jepsen worker 4] jepsen.util: 4	:invoke	:broadcast	30
2026-03-20 15:44:57,445{GMT}	INFO	[jepsen worker 4] jepsen.util: 4	:ok	:broadcast	30
2026-03-20 15:44:57,637{GMT}	INFO	[jepsen worker 0] jepsen.util: 0	:invoke	:read	nil
2026-03-20 15:44:57,639{GMT}	INFO	[jepsen worker 0] jepsen.util: 0	:ok	:read	[1 2 5 6 7 8 9 10 11 12 13 14 15 16 17 18 19 20 21 22 23 24 25 26 27 28 29 30]
2026-03-20 15:44:57,805{GMT}	INFO	[jepsen worker 0] jepsen.util: 0	:invoke	:read	nil
2026-03-20 15:44:57,806{GMT}	INFO	[jepsen worker 0] jepsen.util: 0	:ok	:read	[1 2 5 6 7 8 9 10 11 12 13 14 15 16 17 18 19 20 21 22 23 24 25 26 27 28 29 30]
2026-03-20 15:44:57,879{GMT}	INFO	[jepsen worker 1] jepsen.util: 1	:invoke	:read	nil
2026-03-20 15:44:57,889{GMT}	INFO	[jepsen worker 1] jepsen.util: 1	:ok	:read	[1 2 5 6 7 8 9 10 11 12 13 14 15 16 17 18 19 20 21 22 23 24 25 26 27 28 29 30]
2026-03-20 15:44:58,024{GMT}	INFO	[jepsen worker 2] jepsen.util: 2	:invoke	:broadcast	31
2026-03-20 15:44:58,026{GMT}	INFO	[jepsen worker 2] jepsen.util: 2	:ok	:broadcast	31
2026-03-20 15:44:58,182{GMT}	INFO	[jepsen worker 3] jepsen.util: 3	:invoke	:read	nil
2026-03-20 15:44:58,183{GMT}	INFO	[jepsen worker 3] jepsen.util: 3	:ok	:read	[1 2 5 6 7 8 9 10 11 12 13 14 15 16 17 18 19 20 21 22 23 24 25 26 27 28 29 30 31]
2026-03-20 15:44:58,268{GMT}	INFO	[jepsen worker 4] jepsen.util: 4	:invoke	:read	nil
2026-03-20 15:44:58,269{GMT}	INFO	[jepsen worker 4] jepsen.util: 4	:ok	:read	[1 2 5 6 7 8 9 10 11 12 13 14 15 16 17 18 19 20 21 22 23 24 25 26 27 27 28 29 30 31]
2026-03-20 15:44:58,277{GMT}	INFO	[jepsen worker 0] jepsen.util: 0	:invoke	:broadcast	32
2026-03-20 15:44:58,279{GMT}	INFO	[jepsen worker 0] jepsen.util: 0	:ok	:broadcast	32
2026-03-20 15:44:58,416{GMT}	INFO	[jepsen worker 0] jepsen.util: 0	:invoke	:read	nil
2026-03-20 15:44:58,417{GMT}	INFO	[jepsen worker 0] jepsen.util: 0	:ok	:read	[1 2 5 6 7 8 9 10 11 12 13 14 15 16 17 18 19 20 21 22 23 24 25 26 27 28 29 30 31 32]
2026-03-20 15:44:58,495{GMT}	INFO	[jepsen worker 1] jepsen.util: 1	:invoke	:broadcast	33
2026-03-20 15:44:58,497{GMT}	INFO	[jepsen worker 1] jepsen.util: 1	:ok	:broadcast	33
2026-03-20 15:44:58,575{GMT}	INFO	[jepsen worker 2] jepsen.util: 2	:invoke	:read	nil
2026-03-20 15:44:58,576{GMT}	INFO	[jepsen worker 2] jepsen.util: 2	:ok	:read	[0 3 4 5 6 7 8 9 10 11 12 13 14 15 16 17 18 19 20 21 22 23 24 25 26 27 28 29 30 31 32 33]
2026-03-20 15:44:58,613{GMT}	INFO	[jepsen worker 3] jepsen.util: 3	:invoke	:broadcast	34
2026-03-20 15:44:58,615{GMT}	INFO	[jepsen worker 3] jepsen.util: 3	:ok	:broadcast	34
2026-03-20 15:44:58,685{GMT}	INFO	[jepsen worker 4] jepsen.util: 4	:invoke	:read	nil
2026-03-20 15:44:58,686{GMT}	INFO	[jepsen worker 4] jepsen.util: 4	:ok	:read	[1 2 5 6 7 8 9 10 11 12 13 14 15 16 17 18 19 20 21 22 23 24 25 26 27 27 28 29 30 31 32 33 34]
2026-03-20 15:44:58,709{GMT}	INFO	[jepsen worker 0] jepsen.util: 0	:invoke	:read	nil
2026-03-20 15:44:58,710{GMT}	INFO	[jepsen worker 0] jepsen.util: 0	:ok	:read	[1 2 5 6 7 8 9 10 11 12 13 14 15 16 17 18 19 20 21 22 23 24 25 26 27 28 29 30 31 32 33 34]
2026-03-20 15:44:58,803{GMT}	INFO	[jepsen worker 0] jepsen.util: 0	:invoke	:read	nil
2026-03-20 15:44:58,804{GMT}	INFO	[jepsen worker 0] jepsen.util: 0	:ok	:read	[1 2 5 6 7 8 9 10 11 12 13 14 15 16 17 18 19 20 21 22 23 24 25 26 27 28 29 30 31 32 33 34]
2026-03-20 15:44:58,828{GMT}	INFO	[jepsen worker 1] jepsen.util: 1	:invoke	:read	nil
2026-03-20 15:44:58,830{GMT}	INFO	[jepsen worker 1] jepsen.util: 1	:ok	:read	[1 2 5 6 7 8 9 10 11 12 13 14 15 16 17 18 19 20 21 22 23 24 25 26 27 28 29 30 31 32 33 34]
2026-03-20 15:44:59,012{GMT}	INFO	[jepsen worker 2] jepsen.util: 2	:invoke	:read	nil
2026-03-20 15:44:59,013{GMT}	INFO	[jepsen worker 2] jepsen.util: 2	:ok	:read	[0 3 4 5 6 7 8 9 10 11 12 13 14 15 16 17 18 19 20 21 22 23 24 25 26 27 28 29 30 31 32 33 34]
2026-03-20 15:44:59,023{GMT}	INFO	[jepsen worker 3] jepsen.util: 3	:invoke	:read	nil
2026-03-20 15:44:59,025{GMT}	INFO	[jepsen worker 3] jepsen.util: 3	:ok	:read	[1 2 5 6 7 8 9 10 11 12 13 14 15 16 17 18 19 20 21 22 23 24 25 26 27 28 29 30 31 32 33 34]
2026-03-20 15:44:59,192{GMT}	INFO	[jepsen worker 4] jepsen.util: 4	:invoke	:broadcast	35
2026-03-20 15:44:59,193{GMT}	INFO	[jepsen worker 4] jepsen.util: 4	:ok	:broadcast	35
2026-03-20 15:44:59,348{GMT}	INFO	[jepsen worker 0] jepsen.util: 0	:invoke	:broadcast	36
2026-03-20 15:44:59,350{GMT}	INFO	[jepsen worker 0] jepsen.util: 0	:ok	:broadcast	36
2026-03-20 15:44:59,436{GMT}	INFO	[jepsen worker 0] jepsen.util: 0	:invoke	:broadcast	37
2026-03-20 15:44:59,438{GMT}	INFO	[jepsen worker 0] jepsen.util: 0	:ok	:broadcast	37
2026-03-20 15:44:59,512{GMT}	INFO	[jepsen worker 1] jepsen.util: 1	:invoke	:read	nil
2026-03-20 15:44:59,513{GMT}	INFO	[jepsen worker 1] jepsen.util: 1	:ok	:read	[1 2 5 6 7 8 9 10 11 12 13 14 15 16 17 18 19 20 21 22 23 24 25 26 27 28 29 30 31 32 33 34 35 36 37]
2026-03-20 15:44:59,588{GMT}	INFO	[jepsen worker 2] jepsen.util: 2	:invoke	:read	nil
2026-03-20 15:44:59,589{GMT}	INFO	[jepsen worker 2] jepsen.util: 2	:ok	:read	[0 3 4 5 6 7 8 9 10 11 12 13 14 15 16 17 18 19 20 21 22 23 24 25 26 27 28 29 30 31 32 33 34 35 36 37]
2026-03-20 15:44:59,626{GMT}	INFO	[jepsen worker 3] jepsen.util: 3	:invoke	:read	nil
2026-03-20 15:44:59,627{GMT}	INFO	[jepsen worker 3] jepsen.util: 3	:ok	:read	[1 2 5 6 7 8 9 10 11 12 13 14 15 16 17 18 19 20 21 22 23 24 25 26 27 28 29 30 31 32 33 34 35 36 37]
2026-03-20 15:44:59,707{GMT}	INFO	[jepsen worker 4] jepsen.util: 4	:invoke	:read	nil
2026-03-20 15:44:59,709{GMT}	INFO	[jepsen worker 4] jepsen.util: 4	:ok	:read	[1 2 5 6 7 8 9 10 11 12 13 14 15 16 17 18 19 20 21 22 23 24 25 26 27 27 28 29 30 31 32 33 34 35 36 37]
2026-03-20 15:44:59,879{GMT}	INFO	[jepsen worker 0] jepsen.util: 0	:invoke	:broadcast	38
2026-03-20 15:44:59,881{GMT}	INFO	[jepsen worker 0] jepsen.util: 0	:ok	:broadcast	38
2026-03-20 15:44:59,943{GMT}	INFO	[jepsen worker 0] jepsen.util: 0	:invoke	:read	nil
2026-03-20 15:44:59,945{GMT}	INFO	[jepsen worker 0] jepsen.util: 0	:ok	:read	[1 2 5 6 7 8 9 10 11 12 13 14 15 16 17 18 19 20 21 22 23 24 25 26 27 28 29 30 31 32 33 34 35 36 37 38]
2026-03-20 15:44:59,983{GMT}	INFO	[jepsen worker 1] jepsen.util: 1	:invoke	:read	nil
2026-03-20 15:44:59,986{GMT}	INFO	[jepsen worker 1] jepsen.util: 1	:ok	:read	[1 2 5 6 7 8 9 10 11 12 13 14 15 16 17 18 19 20 21 22 23 24 25 26 27 28 29 30 31 32 33 34 35 36 37 38]
2026-03-20 15:45:00,121{GMT}	INFO	[jepsen worker 2] jepsen.util: 2	:invoke	:read	nil
2026-03-20 15:45:00,124{GMT}	INFO	[jepsen worker 2] jepsen.util: 2	:ok	:read	[0 3 4 5 6 7 8 9 10 11 12 13 14 15 16 17 18 19 20 21 22 23 24 25 26 27 28 29 30 31 32 33 34 35 36 37 38]
2026-03-20 15:45:00,212{GMT}	INFO	[jepsen worker 3] jepsen.util: 3	:invoke	:read	nil
2026-03-20 15:45:00,216{GMT}	INFO	[jepsen worker 3] jepsen.util: 3	:ok	:read	[1 2 5 6 7 8 9 10 11 12 13 14 15 16 17 18 19 20 21 22 23 24 25 26 27 28 29 30 31 32 33 34 35 36 37 38]
2026-03-20 15:45:00,230{GMT}	INFO	[jepsen worker 4] jepsen.util: 4	:invoke	:read	nil
2026-03-20 15:45:00,232{GMT}	INFO	[jepsen worker 4] jepsen.util: 4	:ok	:read	[1 2 5 6 7 8 9 10 11 12 13 14 15 16 17 18 19 20 21 22 23 24 25 26 27 27 28 29 30 31 32 33 34 35 36 37 38]
2026-03-20 15:45:00,336{GMT}	INFO	[jepsen worker 0] jepsen.util: 0	:invoke	:broadcast	39
2026-03-20 15:45:00,338{GMT}	INFO	[jepsen worker 0] jepsen.util: 0	:ok	:broadcast	39
2026-03-20 15:45:00,472{GMT}	INFO	[jepsen worker 0] jepsen.util: 0	:invoke	:read	nil
2026-03-20 15:45:00,474{GMT}	INFO	[jepsen worker 0] jepsen.util: 0	:ok	:read	[1 2 5 6 7 8 9 10 11 12 13 14 15 16 17 18 19 20 21 22 23 24 25 26 27 28 29 30 31 32 33 34 35 36 37 38 39]
2026-03-20 15:45:00,584{GMT}	INFO	[jepsen worker 1] jepsen.util: 1	:invoke	:broadcast	40
2026-03-20 15:45:00,586{GMT}	INFO	[jepsen worker 1] jepsen.util: 1	:ok	:broadcast	40
2026-03-20 15:45:00,633{GMT}	INFO	[jepsen worker 2] jepsen.util: 2	:invoke	:broadcast	41
2026-03-20 15:45:00,634{GMT}	INFO	[jepsen worker 2] jepsen.util: 2	:ok	:broadcast	41
2026-03-20 15:45:00,825{GMT}	INFO	[jepsen worker 3] jepsen.util: 3	:invoke	:broadcast	42
2026-03-20 15:45:00,826{GMT}	INFO	[jepsen worker 3] jepsen.util: 3	:ok	:broadcast	42
2026-03-20 15:45:00,977{GMT}	INFO	[jepsen worker 4] jepsen.util: 4	:invoke	:broadcast	43
2026-03-20 15:45:00,978{GMT}	INFO	[jepsen worker 4] jepsen.util: 4	:ok	:broadcast	43
2026-03-20 15:45:00,983{GMT}	INFO	[jepsen worker 0] jepsen.util: 0	:invoke	:read	nil
2026-03-20 15:45:00,985{GMT}	INFO	[jepsen worker 0] jepsen.util: 0	:ok	:read	[1 2 5 6 7 8 9 10 11 12 13 14 15 16 17 18 19 20 21 22 23 24 25 26 27 28 29 30 31 32 33 34 35 36 37 38 39 40 41 42 43]
2026-03-20 15:45:01,117{GMT}	INFO	[jepsen worker 0] jepsen.util: 0	:invoke	:read	nil
2026-03-20 15:45:01,118{GMT}	INFO	[jepsen worker 0] jepsen.util: 0	:ok	:read	[1 2 5 6 7 8 9 10 11 12 13 14 15 16 17 18 19 20 21 22 23 24 25 26 27 28 29 30 31 32 33 34 35 36 37 38 39 40 41 42 43]
2026-03-20 15:45:01,283{GMT}	INFO	[jepsen worker 1] jepsen.util: 1	:invoke	:broadcast	44
2026-03-20 15:45:01,285{GMT}	INFO	[jepsen worker 1] jepsen.util: 1	:ok	:broadcast	44
2026-03-20 15:45:01,480{GMT}	INFO	[jepsen worker 2] jepsen.util: 2	:invoke	:read	nil
2026-03-20 15:45:01,481{GMT}	INFO	[jepsen worker 2] jepsen.util: 2	:ok	:read	[0 3 4 5 6 7 8 9 10 11 12 13 14 15 16 17 18 19 20 21 22 23 24 25 26 27 28 29 30 31 32 33 34 35 36 37 38 39 40 41 42 43 44]
2026-03-20 15:45:01,658{GMT}	INFO	[jepsen worker 3] jepsen.util: 3	:invoke	:read	nil
2026-03-20 15:45:01,660{GMT}	INFO	[jepsen worker 3] jepsen.util: 3	:ok	:read	[1 2 5 6 7 8 9 10 11 12 13 14 15 16 17 18 19 20 21 22 23 24 25 26 27 28 29 30 31 32 33 34 35 36 37 38 39 40 41 42 43 44]
2026-03-20 15:45:01,800{GMT}	INFO	[jepsen worker 4] jepsen.util: 4	:invoke	:read	nil
2026-03-20 15:45:01,801{GMT}	INFO	[jepsen worker 4] jepsen.util: 4	:ok	:read	[1 2 5 6 7 8 9 10 11 12 13 14 15 16 17 18 19 20 21 22 23 24 25 26 27 27 28 29 30 31 32 33 34 35 36 37 38 39 40 41 42 43 44]
2026-03-20 15:45:01,990{GMT}	INFO	[jepsen worker 0] jepsen.util: 0	:invoke	:broadcast	45
2026-03-20 15:45:01,991{GMT}	INFO	[jepsen worker 0] jepsen.util: 0	:ok	:broadcast	45
2026-03-20 15:45:02,025{GMT}	INFO	[jepsen worker 0] jepsen.util: 0	:invoke	:broadcast	46
2026-03-20 15:45:02,027{GMT}	INFO	[jepsen worker 0] jepsen.util: 0	:ok	:broadcast	46
2026-03-20 15:45:02,111{GMT}	INFO	[jepsen worker 1] jepsen.util: 1	:invoke	:read	nil
2026-03-20 15:45:02,113{GMT}	INFO	[jepsen worker 1] jepsen.util: 1	:ok	:read	[1 2 5 6 7 8 9 10 11 12 13 14 15 16 17 18 19 20 21 22 23 24 25 26 27 28 29 30 31 32 33 34 35 36 37 38 39 40 41 42 43 44 45 46]
2026-03-20 15:45:02,143{GMT}	INFO	[jepsen worker nemesis] jepsen.util: :nemesis	:info	:start-partition	:minority-third
2026-03-20 15:45:02,145{GMT}	INFO	[jepsen worker nemesis] jepsen.util: :nemesis	:info	:start-partition	[:isolated {"n1" #{"n2" "n4" "n0" "n3"}, "n2" #{"n1"}, "n4" #{"n1"}, "n0" #{"n1"}, "n3" #{"n1"}}]
2026-03-20 15:45:02,231{GMT}	INFO	[jepsen worker 3] jepsen.util: 3	:invoke	:broadcast	47
2026-03-20 15:45:02,233{GMT}	INFO	[jepsen worker 3] jepsen.util: 3	:ok	:broadcast	47
2026-03-20 15:45:02,330{GMT}	INFO	[jepsen worker 4] jepsen.util: 4	:invoke	:broadcast	48
2026-03-20 15:45:02,332{GMT}	INFO	[jepsen worker 4] jepsen.util: 4	:ok	:broadcast	48
2026-03-20 15:45:02,352{GMT}	INFO	[jepsen worker 0] jepsen.util: 0	:invoke	:read	nil
2026-03-20 15:45:02,354{GMT}	INFO	[jepsen worker 0] jepsen.util: 0	:ok	:read	[1 2 5 6 7 8 9 10 11 12 13 14 15 16 17 18 19 20 21 22 23 24 25 26 27 28 29 30 31 32 33 34 35 36 37 38 39 40 41 42 43 44 45 46 47 48]
2026-03-20 15:45:02,494{GMT}	INFO	[jepsen worker 0] jepsen.util: 0	:invoke	:read	nil
2026-03-20 15:45:02,496{GMT}	INFO	[jepsen worker 0] jepsen.util: 0	:ok	:read	[1 2 5 6 7 8 9 10 11 12 13 14 15 16 17 18 19 20 21 22 23 24 25 26 27 28 29 30 31 32 33 34 35 36 37 38 39 40 41 42 43 44 45 46 47 48]
2026-03-20 15:45:02,590{GMT}	INFO	[jepsen worker 1] jepsen.util: 1	:invoke	:broadcast	49
2026-03-20 15:45:02,591{GMT}	INFO	[jepsen worker 1] jepsen.util: 1	:ok	:broadcast	49
2026-03-20 15:45:02,768{GMT}	INFO	[jepsen worker 2] jepsen.util: 2	:invoke	:broadcast	50
2026-03-20 15:45:02,770{GMT}	INFO	[jepsen worker 2] jepsen.util: 2	:ok	:broadcast	50
2026-03-20 15:45:02,913{GMT}	INFO	[jepsen worker 3] jepsen.util: 3	:invoke	:broadcast	51
2026-03-20 15:45:02,914{GMT}	INFO	[jepsen worker 3] jepsen.util: 3	:ok	:broadcast	51
2026-03-20 15:45:03,048{GMT}	INFO	[jepsen worker 4] jepsen.util: 4	:invoke	:broadcast	52
2026-03-20 15:45:03,050{GMT}	INFO	[jepsen worker 4] jepsen.util: 4	:ok	:broadcast	52
2026-03-20 15:45:03,059{GMT}	INFO	[jepsen worker 0] jepsen.util: 0	:invoke	:read	nil
2026-03-20 15:45:03,061{GMT}	INFO	[jepsen worker 0] jepsen.util: 0	:ok	:read	[1 2 5 6 7 8 9 10 11 12 13 14 15 16 17 18 19 20 21 22 23 24 25 26 27 28 29 30 31 32 33 34 35 36 37 38 39 40 41 42 43 44 45 46 47 48 51 52]
2026-03-20 15:45:03,069{GMT}	INFO	[jepsen worker 0] jepsen.util: 0	:invoke	:read	nil
2026-03-20 15:45:03,070{GMT}	INFO	[jepsen worker 0] jepsen.util: 0	:ok	:read	[1 2 5 6 7 8 9 10 11 12 13 14 15 16 17 18 19 20 21 22 23 24 25 26 27 28 29 30 31 32 33 34 35 36 37 38 39 40 41 42 43 44 45 46 47 48 51 52]
2026-03-20 15:45:03,150{GMT}	INFO	[jepsen worker 1] jepsen.util: 1	:invoke	:broadcast	53
2026-03-20 15:45:03,152{GMT}	INFO	[jepsen worker 1] jepsen.util: 1	:ok	:broadcast	53
2026-03-20 15:45:03,252{GMT}	INFO	[jepsen worker 2] jepsen.util: 2	:invoke	:broadcast	54
2026-03-20 15:45:03,253{GMT}	INFO	[jepsen worker 2] jepsen.util: 2	:ok	:broadcast	54
2026-03-20 15:45:03,353{GMT}	INFO	[jepsen worker 3] jepsen.util: 3	:invoke	:read	nil
2026-03-20 15:45:03,354{GMT}	INFO	[jepsen worker 3] jepsen.util: 3	:ok	:read	[1 2 5 6 7 8 9 10 11 12 13 14 15 16 17 18 19 20 21 22 23 24 25 26 27 28 29 30 31 32 33 34 35 36 37 38 39 40 41 42 43 44 45 46 47 48 51 52]
2026-03-20 15:45:03,432{GMT}	INFO	[jepsen worker 4] jepsen.util: 4	:invoke	:broadcast	55
2026-03-20 15:45:03,433{GMT}	INFO	[jepsen worker 4] jepsen.util: 4	:ok	:broadcast	55
2026-03-20 15:45:03,467{GMT}	INFO	[jepsen worker 0] jepsen.util: 0	:invoke	:broadcast	56
2026-03-20 15:45:03,468{GMT}	INFO	[jepsen worker 0] jepsen.util: 0	:ok	:broadcast	56
2026-03-20 15:45:03,497{GMT}	INFO	[jepsen worker 0] jepsen.util: 0	:invoke	:read	nil
2026-03-20 15:45:03,498{GMT}	INFO	[jepsen worker 0] jepsen.util: 0	:ok	:read	[1 2 5 6 7 8 9 10 11 12 13 14 15 16 17 18 19 20 21 22 23 24 25 26 27 28 29 30 31 32 33 34 35 36 37 38 39 40 41 42 43 44 45 46 47 48 51 52 55 56]
2026-03-20 15:45:03,545{GMT}	INFO	[jepsen worker 1] jepsen.util: 1	:invoke	:broadcast	57
2026-03-20 15:45:03,546{GMT}	INFO	[jepsen worker 1] jepsen.util: 1	:ok	:broadcast	57
2026-03-20 15:45:03,719{GMT}	INFO	[jepsen worker 2] jepsen.util: 2	:invoke	:read	nil
2026-03-20 15:45:03,721{GMT}	INFO	[jepsen worker 2] jepsen.util: 2	:ok	:read	[0 3 4 5 6 7 8 9 10 11 12 13 14 15 16 17 18 19 20 21 22 23 24 25 26 27 28 29 30 31 32 33 34 35 36 37 38 39 40 41 42 43 44 45 46 50 54]
2026-03-20 15:45:03,730{GMT}	INFO	[jepsen worker 3] jepsen.util: 3	:invoke	:broadcast	58
2026-03-20 15:45:03,731{GMT}	INFO	[jepsen worker 3] jepsen.util: 3	:ok	:broadcast	58
2026-03-20 15:45:03,747{GMT}	INFO	[jepsen worker 4] jepsen.util: 4	:invoke	:broadcast	59
2026-03-20 15:45:03,748{GMT}	INFO	[jepsen worker 4] jepsen.util: 4	:ok	:broadcast	59
2026-03-20 15:45:03,943{GMT}	INFO	[jepsen worker 0] jepsen.util: 0	:invoke	:read	nil
2026-03-20 15:45:03,945{GMT}	INFO	[jepsen worker 0] jepsen.util: 0	:ok	:read	[1 2 5 6 7 8 9 10 11 12 13 14 15 16 17 18 19 20 21 22 23 24 25 26 27 28 29 30 31 32 33 34 35 36 37 38 39 40 41 42 43 44 45 46 47 48 51 52 55 56 58 59]
2026-03-20 15:45:04,014{GMT}	INFO	[jepsen worker 0] jepsen.util: 0	:invoke	:read	nil
2026-03-20 15:45:04,015{GMT}	INFO	[jepsen worker 0] jepsen.util: 0	:ok	:read	[1 2 5 6 7 8 9 10 11 12 13 14 15 16 17 18 19 20 21 22 23 24 25 26 27 28 29 30 31 32 33 34 35 36 37 38 39 40 41 42 43 44 45 46 47 48 51 52 55 56 58 59]
2026-03-20 15:45:04,160{GMT}	INFO	[jepsen worker 1] jepsen.util: 1	:invoke	:read	nil
2026-03-20 15:45:04,161{GMT}	INFO	[jepsen worker 1] jepsen.util: 1	:ok	:read	[1 2 5 6 7 8 9 10 11 12 13 14 15 16 17 18 19 20 21 22 23 24 25 26 27 28 29 30 31 32 33 34 35 36 37 38 39 40 41 42 43 44 45 46 49 53 57]
2026-03-20 15:45:04,191{GMT}	INFO	[jepsen worker 2] jepsen.util: 2	:invoke	:read	nil
2026-03-20 15:45:04,192{GMT}	INFO	[jepsen worker 2] jepsen.util: 2	:ok	:read	[0 3 4 5 6 7 8 9 10 11 12 13 14 15 16 17 18 19 20 21 22 23 24 25 26 27 28 29 30 31 32 33 34 35 36 37 38 39 40 41 42 43 44 45 46 50 54]
2026-03-20 15:45:04,271{GMT}	INFO	[jepsen worker 3] jepsen.util: 3	:invoke	:read	nil
2026-03-20 15:45:04,272{GMT}	INFO	[jepsen worker 3] jepsen.util: 3	:ok	:read	[1 2 5 6 7 8 9 10 11 12 13 14 15 16 17 18 19 20 21 22 23 24 25 26 27 28 29 30 31 32 33 34 35 36 37 38 39 40 41 42 43 44 45 46 47 48 51 52 55 56 58 59]
2026-03-20 15:45:04,411{GMT}	INFO	[jepsen worker 4] jepsen.util: 4	:invoke	:read	nil
2026-03-20 15:45:04,412{GMT}	INFO	[jepsen worker 4] jepsen.util: 4	:ok	:read	[1 2 5 6 7 8 9 10 11 12 13 14 15 16 17 18 19 20 21 22 23 24 25 26 27 27 28 29 30 31 32 33 34 35 36 37 38 39 40 41 42 43 44 45 46 47 48 51 52 55 56 58 59]
2026-03-20 15:45:04,442{GMT}	INFO	[jepsen worker 0] jepsen.util: 0	:invoke	:read	nil
2026-03-20 15:45:04,444{GMT}	INFO	[jepsen worker 0] jepsen.util: 0	:ok	:read	[1 2 5 6 7 8 9 10 11 12 13 14 15 16 17 18 19 20 21 22 23 24 25 26 27 28 29 30 31 32 33 34 35 36 37 38 39 40 41 42 43 44 45 46 47 48 51 52 55 56 58 59]
2026-03-20 15:45:04,459{GMT}	INFO	[jepsen worker 0] jepsen.util: 0	:invoke	:read	nil
2026-03-20 15:45:04,460{GMT}	INFO	[jepsen worker 0] jepsen.util: 0	:ok	:read	[1 2 5 6 7 8 9 10 11 12 13 14 15 16 17 18 19 20 21 22 23 24 25 26 27 28 29 30 31 32 33 34 35 36 37 38 39 40 41 42 43 44 45 46 47 48 51 52 55 56 58 59]
2026-03-20 15:45:04,588{GMT}	INFO	[jepsen worker 1] jepsen.util: 1	:invoke	:read	nil
2026-03-20 15:45:04,589{GMT}	INFO	[jepsen worker 1] jepsen.util: 1	:ok	:read	[1 2 5 6 7 8 9 10 11 12 13 14 15 16 17 18 19 20 21 22 23 24 25 26 27 28 29 30 31 32 33 34 35 36 37 38 39 40 41 42 43 44 45 46 49 53 57]
2026-03-20 15:45:04,750{GMT}	INFO	[jepsen worker 2] jepsen.util: 2	:invoke	:broadcast	60
2026-03-20 15:45:04,751{GMT}	INFO	[jepsen worker 2] jepsen.util: 2	:ok	:broadcast	60
2026-03-20 15:45:04,831{GMT}	INFO	[jepsen worker 3] jepsen.util: 3	:invoke	:broadcast	61
2026-03-20 15:45:04,833{GMT}	INFO	[jepsen worker 3] jepsen.util: 3	:ok	:broadcast	61
2026-03-20 15:45:04,965{GMT}	INFO	[jepsen worker 4] jepsen.util: 4	:invoke	:read	nil
2026-03-20 15:45:04,967{GMT}	INFO	[jepsen worker 4] jepsen.util: 4	:ok	:read	[1 2 5 6 7 8 9 10 11 12 13 14 15 16 17 18 19 20 21 22 23 24 25 26 27 27 28 29 30 31 32 33 34 35 36 37 38 39 40 41 42 43 44 45 46 47 48 51 52 55 56 58 59 61]
2026-03-20 15:45:05,164{GMT}	INFO	[jepsen worker 0] jepsen.util: 0	:invoke	:broadcast	62
2026-03-20 15:45:05,165{GMT}	INFO	[jepsen worker 0] jepsen.util: 0	:ok	:broadcast	62
2026-03-20 15:45:05,202{GMT}	INFO	[jepsen worker 0] jepsen.util: 0	:invoke	:broadcast	63
2026-03-20 15:45:05,203{GMT}	INFO	[jepsen worker 0] jepsen.util: 0	:ok	:broadcast	63
2026-03-20 15:45:05,221{GMT}	INFO	[jepsen worker 1] jepsen.util: 1	:invoke	:read	nil
2026-03-20 15:45:05,222{GMT}	INFO	[jepsen worker 1] jepsen.util: 1	:ok	:read	[1 2 5 6 7 8 9 10 11 12 13 14 15 16 17 18 19 20 21 22 23 24 25 26 27 28 29 30 31 32 33 34 35 36 37 38 39 40 41 42 43 44 45 46 49 53 57]
2026-03-20 15:45:05,295{GMT}	INFO	[jepsen worker 2] jepsen.util: 2	:invoke	:read	nil
2026-03-20 15:45:05,296{GMT}	INFO	[jepsen worker 2] jepsen.util: 2	:ok	:read	[0 3 4 5 6 7 8 9 10 11 12 13 14 15 16 17 18 19 20 21 22 23 24 25 26 27 28 29 30 31 32 33 34 35 36 37 38 39 40 41 42 43 44 45 46 50 54 60]
2026-03-20 15:45:05,354{GMT}	INFO	[jepsen worker 3] jepsen.util: 3	:invoke	:broadcast	64
2026-03-20 15:45:05,356{GMT}	INFO	[jepsen worker 3] jepsen.util: 3	:ok	:broadcast	64
2026-03-20 15:45:05,475{GMT}	INFO	[jepsen worker 4] jepsen.util: 4	:invoke	:read	nil
2026-03-20 15:45:05,476{GMT}	INFO	[jepsen worker 4] jepsen.util: 4	:ok	:read	[1 2 5 6 7 8 9 10 11 12 13 14 15 16 17 18 19 20 21 22 23 24 25 26 27 27 28 29 30 31 32 33 34 35 36 37 38 39 40 41 42 43 44 45 46 47 48 51 52 55 56 58 59 61 62 63 64]
2026-03-20 15:45:05,545{GMT}	INFO	[jepsen worker 0] jepsen.util: 0	:invoke	:read	nil
2026-03-20 15:45:05,547{GMT}	INFO	[jepsen worker 0] jepsen.util: 0	:ok	:read	[1 2 5 6 7 8 9 10 11 12 13 14 15 16 17 18 19 20 21 22 23 24 25 26 27 28 29 30 31 32 33 34 35 36 37 38 39 40 41 42 43 44 45 46 47 48 51 52 55 56 58 59 61 62 63 64]
2026-03-20 15:45:05,727{GMT}	INFO	[jepsen worker 0] jepsen.util: 0	:invoke	:broadcast	65
2026-03-20 15:45:05,728{GMT}	INFO	[jepsen worker 0] jepsen.util: 0	:ok	:broadcast	65
2026-03-20 15:45:05,778{GMT}	INFO	[jepsen worker 1] jepsen.util: 1	:invoke	:read	nil
2026-03-20 15:45:05,779{GMT}	INFO	[jepsen worker 1] jepsen.util: 1	:ok	:read	[1 2 5 6 7 8 9 10 11 12 13 14 15 16 17 18 19 20 21 22 23 24 25 26 27 28 29 30 31 32 33 34 35 36 37 38 39 40 41 42 43 44 45 46 49 53 57]
2026-03-20 15:45:05,893{GMT}	INFO	[jepsen worker 2] jepsen.util: 2	:invoke	:read	nil
2026-03-20 15:45:05,894{GMT}	INFO	[jepsen worker 2] jepsen.util: 2	:ok	:read	[0 3 4 5 6 7 8 9 10 11 12 13 14 15 16 17 18 19 20 21 22 23 24 25 26 27 28 29 30 31 32 33 34 35 36 37 38 39 40 41 42 43 44 45 46 50 54 60]
2026-03-20 15:45:06,088{GMT}	INFO	[jepsen worker 3] jepsen.util: 3	:invoke	:broadcast	66
2026-03-20 15:45:06,090{GMT}	INFO	[jepsen worker 3] jepsen.util: 3	:ok	:broadcast	66
2026-03-20 15:45:06,262{GMT}	INFO	[jepsen worker 4] jepsen.util: 4	:invoke	:broadcast	67
2026-03-20 15:45:06,263{GMT}	INFO	[jepsen worker 4] jepsen.util: 4	:ok	:broadcast	67
2026-03-20 15:45:06,299{GMT}	INFO	[jepsen worker 0] jepsen.util: 0	:invoke	:read	nil
2026-03-20 15:45:06,301{GMT}	INFO	[jepsen worker 0] jepsen.util: 0	:ok	:read	[1 2 5 6 7 8 9 10 11 12 13 14 15 16 17 18 19 20 21 22 23 24 25 26 27 28 29 30 31 32 33 34 35 36 37 38 39 40 41 42 43 44 45 46 47 48 51 52 55 56 58 59 61 62 63 64 65 66 67]
2026-03-20 15:45:06,434{GMT}	INFO	[jepsen worker 0] jepsen.util: 0	:invoke	:broadcast	68
2026-03-20 15:45:06,436{GMT}	INFO	[jepsen worker 0] jepsen.util: 0	:ok	:broadcast	68
2026-03-20 15:45:06,546{GMT}	INFO	[jepsen worker 1] jepsen.util: 1	:invoke	:broadcast	69
2026-03-20 15:45:06,548{GMT}	INFO	[jepsen worker 1] jepsen.util: 1	:ok	:broadcast	69
2026-03-20 15:45:06,644{GMT}	INFO	[jepsen worker 2] jepsen.util: 2	:invoke	:broadcast	70
2026-03-20 15:45:06,646{GMT}	INFO	[jepsen worker 2] jepsen.util: 2	:ok	:broadcast	70
2026-03-20 15:45:06,783{GMT}	INFO	[jepsen worker 3] jepsen.util: 3	:invoke	:read	nil
2026-03-20 15:45:06,784{GMT}	INFO	[jepsen worker 3] jepsen.util: 3	:ok	:read	[1 2 5 6 7 8 9 10 11 12 13 14 15 16 17 18 19 20 21 22 23 24 25 26 27 28 29 30 31 32 33 34 35 36 37 38 39 40 41 42 43 44 45 46 47 48 51 52 55 56 58 59 61 62 63 64 65 66 67 68]
2026-03-20 15:45:06,884{GMT}	INFO	[jepsen worker 4] jepsen.util: 4	:invoke	:read	nil
2026-03-20 15:45:06,886{GMT}	INFO	[jepsen worker 4] jepsen.util: 4	:ok	:read	[1 2 5 6 7 8 9 10 11 12 13 14 15 16 17 18 19 20 21 22 23 24 25 26 27 27 28 29 30 31 32 33 34 35 36 37 38 39 40 41 42 43 44 45 46 47 48 51 52 55 56 58 59 61 62 63 64 65 66 67 68]
2026-03-20 15:45:06,954{GMT}	INFO	[jepsen worker 0] jepsen.util: 0	:invoke	:read	nil
2026-03-20 15:45:06,955{GMT}	INFO	[jepsen worker 0] jepsen.util: 0	:ok	:read	[1 2 5 6 7 8 9 10 11 12 13 14 15 16 17 18 19 20 21 22 23 24 25 26 27 28 29 30 31 32 33 34 35 36 37 38 39 40 41 42 43 44 45 46 47 48 51 52 55 56 58 59 61 62 63 64 65 66 67 68]
2026-03-20 15:45:07,144{GMT}	INFO	[jepsen worker 0] jepsen.util: 0	:invoke	:read	nil
2026-03-20 15:45:07,146{GMT}	INFO	[jepsen worker 0] jepsen.util: 0	:ok	:read	[1 2 5 6 7 8 9 10 11 12 13 14 15 16 17 18 19 20 21 22 23 24 25 26 27 28 29 30 31 32 33 34 35 36 37 38 39 40 41 42 43 44 45 46 47 48 51 52 55 56 58 59 61 62 63 64 65 66 67 68]
2026-03-20 15:45:07,218{GMT}	INFO	[jepsen worker 1] jepsen.util: 1	:invoke	:read	nil
2026-03-20 15:45:07,219{GMT}	INFO	[jepsen worker 1] jepsen.util: 1	:ok	:read	[1 2 5 6 7 8 9 10 11 12 13 14 15 16 17 18 19 20 21 22 23 24 25 26 27 28 29 30 31 32 33 34 35 36 37 38 39 40 41 42 43 44 45 46 49 53 57 69]
2026-03-20 15:45:07,244{GMT}	INFO	[jepsen worker 2] jepsen.util: 2	:invoke	:read	nil
2026-03-20 15:45:07,246{GMT}	INFO	[jepsen worker 2] jepsen.util: 2	:ok	:read	[0 3 4 5 6 7 8 9 10 11 12 13 14 15 16 17 18 19 20 21 22 23 24 25 26 27 28 29 30 31 32 33 34 35 36 37 38 39 40 41 42 43 44 45 46 50 54 60 70]
2026-03-20 15:45:07,259{GMT}	INFO	[jepsen worker 3] jepsen.util: 3	:invoke	:read	nil
2026-03-20 15:45:07,260{GMT}	INFO	[jepsen worker 3] jepsen.util: 3	:ok	:read	[1 2 5 6 7 8 9 10 11 12 13 14 15 16 17 18 19 20 21 22 23 24 25 26 27 28 29 30 31 32 33 34 35 36 37 38 39 40 41 42 43 44 45 46 47 48 51 52 55 56 58 59 61 62 63 64 65 66 67 68]
2026-03-20 15:45:07,357{GMT}	INFO	[jepsen worker 4] jepsen.util: 4	:invoke	:read	nil
2026-03-20 15:45:07,358{GMT}	INFO	[jepsen worker 4] jepsen.util: 4	:ok	:read	[1 2 5 6 7 8 9 10 11 12 13 14 15 16 17 18 19 20 21 22 23 24 25 26 27 27 28 29 30 31 32 33 34 35 36 37 38 39 40 41 42 43 44 45 46 47 48 51 52 55 56 58 59 61 62 63 64 65 66 67 68]
2026-03-20 15:45:07,487{GMT}	INFO	[jepsen worker 0] jepsen.util: 0	:invoke	:read	nil
2026-03-20 15:45:07,488{GMT}	INFO	[jepsen worker 0] jepsen.util: 0	:ok	:read	[1 2 5 6 7 8 9 10 11 12 13 14 15 16 17 18 19 20 21 22 23 24 25 26 27 28 29 30 31 32 33 34 35 36 37 38 39 40 41 42 43 44 45 46 47 48 51 52 55 56 58 59 61 62 63 64 65 66 67 68]
2026-03-20 15:45:07,562{GMT}	INFO	[jepsen worker 0] jepsen.util: 0	:invoke	:broadcast	71
2026-03-20 15:45:07,564{GMT}	INFO	[jepsen worker 0] jepsen.util: 0	:ok	:broadcast	71
2026-03-20 15:45:07,592{GMT}	INFO	[jepsen worker 1] jepsen.util: 1	:invoke	:read	nil
2026-03-20 15:45:07,593{GMT}	INFO	[jepsen worker 1] jepsen.util: 1	:ok	:read	[1 2 5 6 7 8 9 10 11 12 13 14 15 16 17 18 19 20 21 22 23 24 25 26 27 28 29 30 31 32 33 34 35 36 37 38 39 40 41 42 43 44 45 46 49 53 57 69]
2026-03-20 15:45:07,692{GMT}	INFO	[jepsen worker 2] jepsen.util: 2	:invoke	:read	nil
2026-03-20 15:45:07,693{GMT}	INFO	[jepsen worker 3] jepsen.util: 3	:invoke	:broadcast	72
2026-03-20 15:45:07,693{GMT}	INFO	[jepsen worker 2] jepsen.util: 2	:ok	:read	[0 3 4 5 6 7 8 9 10 11 12 13 14 15 16 17 18 19 20 21 22 23 24 25 26 27 28 29 30 31 32 33 34 35 36 37 38 39 40 41 42 43 44 45 46 50 54 60 70]
2026-03-20 15:45:07,694{GMT}	INFO	[jepsen worker 3] jepsen.util: 3	:ok	:broadcast	72
2026-03-20 15:45:07,771{GMT}	INFO	[jepsen worker 4] jepsen.util: 4	:invoke	:broadcast	73
2026-03-20 15:45:07,772{GMT}	INFO	[jepsen worker 4] jepsen.util: 4	:ok	:broadcast	73
2026-03-20 15:45:07,935{GMT}	INFO	[jepsen worker 0] jepsen.util: 0	:invoke	:read	nil
2026-03-20 15:45:07,937{GMT}	INFO	[jepsen worker 0] jepsen.util: 0	:ok	:read	[1 2 5 6 7 8 9 10 11 12 13 14 15 16 17 18 19 20 21 22 23 24 25 26 27 28 29 30 31 32 33 34 35 36 37 38 39 40 41 42 43 44 45 46 47 48 51 52 55 56 58 59 61 62 63 64 65 66 67 68 71 72 73]
2026-03-20 15:45:07,999{GMT}	INFO	[jepsen worker 0] jepsen.util: 0	:invoke	:broadcast	74
2026-03-20 15:45:08,000{GMT}	INFO	[jepsen worker 0] jepsen.util: 0	:ok	:broadcast	74
2026-03-20 15:45:08,168{GMT}	INFO	[jepsen worker 1] jepsen.util: 1	:invoke	:read	nil
2026-03-20 15:45:08,169{GMT}	INFO	[jepsen worker 1] jepsen.util: 1	:ok	:read	[1 2 5 6 7 8 9 10 11 12 13 14 15 16 17 18 19 20 21 22 23 24 25 26 27 28 29 30 31 32 33 34 35 36 37 38 39 40 41 42 43 44 45 46 49 53 57 69]
2026-03-20 15:45:08,252{GMT}	INFO	[jepsen worker 2] jepsen.util: 2	:invoke	:broadcast	75
2026-03-20 15:45:08,253{GMT}	INFO	[jepsen worker 2] jepsen.util: 2	:ok	:broadcast	75
2026-03-20 15:45:08,420{GMT}	INFO	[jepsen worker 3] jepsen.util: 3	:invoke	:read	nil
2026-03-20 15:45:08,421{GMT}	INFO	[jepsen worker 3] jepsen.util: 3	:ok	:read	[1 2 5 6 7 8 9 10 11 12 13 14 15 16 17 18 19 20 21 22 23 24 25 26 27 28 29 30 31 32 33 34 35 36 37 38 39 40 41 42 43 44 45 46 47 48 51 52 55 56 58 59 61 62 63 64 65 66 67 68 71 72 73 74]
2026-03-20 15:45:08,485{GMT}	INFO	[jepsen worker 4] jepsen.util: 4	:invoke	:broadcast	76
2026-03-20 15:45:08,486{GMT}	INFO	[jepsen worker 4] jepsen.util: 4	:ok	:broadcast	76
2026-03-20 15:45:08,548{GMT}	INFO	[jepsen worker 0] jepsen.util: 0	:invoke	:read	nil
2026-03-20 15:45:08,550{GMT}	INFO	[jepsen worker 0] jepsen.util: 0	:ok	:read	[1 2 5 6 7 8 9 10 11 12 13 14 15 16 17 18 19 20 21 22 23 24 25 26 27 28 29 30 31 32 33 34 35 36 37 38 39 40 41 42 43 44 45 46 47 48 51 52 55 56 58 59 61 62 63 64 65 66 67 68 71 72 73 74 76]
2026-03-20 15:45:08,695{GMT}	INFO	[jepsen worker 0] jepsen.util: 0	:invoke	:read	nil
2026-03-20 15:45:08,696{GMT}	INFO	[jepsen worker 0] jepsen.util: 0	:ok	:read	[1 2 5 6 7 8 9 10 11 12 13 14 15 16 17 18 19 20 21 22 23 24 25 26 27 28 29 30 31 32 33 34 35 36 37 38 39 40 41 42 43 44 45 46 47 48 51 52 55 56 58 59 61 62 63 64 65 66 67 68 71 72 73 74 76]
2026-03-20 15:45:08,809{GMT}	INFO	[jepsen worker 1] jepsen.util: 1	:invoke	:broadcast	77
2026-03-20 15:45:08,810{GMT}	INFO	[jepsen worker 1] jepsen.util: 1	:ok	:broadcast	77
2026-03-20 15:45:08,893{GMT}	INFO	[jepsen worker 2] jepsen.util: 2	:invoke	:broadcast	78
2026-03-20 15:45:08,894{GMT}	INFO	[jepsen worker 2] jepsen.util: 2	:ok	:broadcast	78
2026-03-20 15:45:09,035{GMT}	INFO	[jepsen worker 3] jepsen.util: 3	:invoke	:broadcast	79
2026-03-20 15:45:09,036{GMT}	INFO	[jepsen worker 3] jepsen.util: 3	:ok	:broadcast	79
2026-03-20 15:45:09,068{GMT}	INFO	[jepsen worker 4] jepsen.util: 4	:invoke	:broadcast	80
2026-03-20 15:45:09,069{GMT}	INFO	[jepsen worker 4] jepsen.util: 4	:ok	:broadcast	80
2026-03-20 15:45:09,109{GMT}	INFO	[jepsen worker 0] jepsen.util: 0	:invoke	:broadcast	81
2026-03-20 15:45:09,111{GMT}	INFO	[jepsen worker 0] jepsen.util: 0	:ok	:broadcast	81
2026-03-20 15:45:09,200{GMT}	INFO	[jepsen worker 0] jepsen.util: 0	:invoke	:broadcast	82
2026-03-20 15:45:09,202{GMT}	INFO	[jepsen worker 0] jepsen.util: 0	:ok	:broadcast	82
2026-03-20 15:45:09,257{GMT}	INFO	[jepsen worker 1] jepsen.util: 1	:invoke	:read	nil
2026-03-20 15:45:09,259{GMT}	INFO	[jepsen worker 1] jepsen.util: 1	:ok	:read	[1 2 5 6 7 8 9 10 11 12 13 14 15 16 17 18 19 20 21 22 23 24 25 26 27 28 29 30 31 32 33 34 35 36 37 38 39 40 41 42 43 44 45 46 49 53 57 69 77]
2026-03-20 15:45:09,443{GMT}	INFO	[jepsen worker 2] jepsen.util: 2	:invoke	:broadcast	83
2026-03-20 15:45:09,445{GMT}	INFO	[jepsen worker 2] jepsen.util: 2	:ok	:broadcast	83
2026-03-20 15:45:09,605{GMT}	INFO	[jepsen worker 3] jepsen.util: 3	:invoke	:broadcast	84
2026-03-20 15:45:09,607{GMT}	INFO	[jepsen worker 3] jepsen.util: 3	:ok	:broadcast	84
2026-03-20 15:45:09,769{GMT}	INFO	[jepsen worker 4] jepsen.util: 4	:invoke	:broadcast	85
2026-03-20 15:45:09,771{GMT}	INFO	[jepsen worker 4] jepsen.util: 4	:ok	:broadcast	85
2026-03-20 15:45:09,902{GMT}	INFO	[jepsen worker 0] jepsen.util: 0	:invoke	:read	nil
2026-03-20 15:45:09,903{GMT}	INFO	[jepsen worker 0] jepsen.util: 0	:ok	:read	[1 2 5 6 7 8 9 10 11 12 13 14 15 16 17 18 19 20 21 22 23 24 25 26 27 28 29 30 31 32 33 34 35 36 37 38 39 40 41 42 43 44 45 46 47 48 51 52 55 56 58 59 61 62 63 64 65 66 67 68 71 72 73 74 76 79 80 81 82 84 85]
2026-03-20 15:45:10,100{GMT}	INFO	[jepsen worker 0] jepsen.util: 0	:invoke	:broadcast	86
2026-03-20 15:45:10,102{GMT}	INFO	[jepsen worker 0] jepsen.util: 0	:ok	:broadcast	86
2026-03-20 15:45:10,127{GMT}	INFO	[jepsen worker 1] jepsen.util: 1	:invoke	:broadcast	87
2026-03-20 15:45:10,128{GMT}	INFO	[jepsen worker 1] jepsen.util: 1	:ok	:broadcast	87
2026-03-20 15:45:10,278{GMT}	INFO	[jepsen worker 2] jepsen.util: 2	:invoke	:broadcast	88
2026-03-20 15:45:10,279{GMT}	INFO	[jepsen worker 2] jepsen.util: 2	:ok	:broadcast	88
2026-03-20 15:45:10,281{GMT}	INFO	[jepsen worker 3] jepsen.util: 3	:invoke	:broadcast	89
2026-03-20 15:45:10,282{GMT}	INFO	[jepsen worker 3] jepsen.util: 3	:ok	:broadcast	89
2026-03-20 15:45:10,426{GMT}	INFO	[jepsen worker 4] jepsen.util: 4	:invoke	:read	nil
2026-03-20 15:45:10,428{GMT}	INFO	[jepsen worker 4] jepsen.util: 4	:ok	:read	[1 2 5 6 7 8 9 10 11 12 13 14 15 16 17 18 19 20 21 22 23 24 25 26 27 27 28 29 30 31 32 33 34 35 36 37 38 39 40 41 42 43 44 45 46 47 48 51 52 55 56 58 59 61 62 63 64 65 66 67 68 71 72 73 74 76 79 80 81 82 84 85 86 89]
2026-03-20 15:45:10,450{GMT}	INFO	[jepsen worker 0] jepsen.util: 0	:invoke	:read	nil
2026-03-20 15:45:10,451{GMT}	INFO	[jepsen worker 0] jepsen.util: 0	:ok	:read	[1 2 5 6 7 8 9 10 11 12 13 14 15 16 17 18 19 20 21 22 23 24 25 26 27 28 29 30 31 32 33 34 35 36 37 38 39 40 41 42 43 44 45 46 47 48 51 52 55 56 58 59 61 62 63 64 65 66 67 68 71 72 73 74 76 79 80 81 82 84 85 86 89]
2026-03-20 15:45:10,579{GMT}	INFO	[jepsen worker 0] jepsen.util: 0	:invoke	:read	nil
2026-03-20 15:45:10,580{GMT}	INFO	[jepsen worker 0] jepsen.util: 0	:ok	:read	[1 2 5 6 7 8 9 10 11 12 13 14 15 16 17 18 19 20 21 22 23 24 25 26 27 28 29 30 31 32 33 34 35 36 37 38 39 40 41 42 43 44 45 46 47 48 51 52 55 56 58 59 61 62 63 64 65 66 67 68 71 72 73 74 76 79 80 81 82 84 85 86 89]
2026-03-20 15:45:10,653{GMT}	INFO	[jepsen worker 1] jepsen.util: 1	:invoke	:broadcast	90
2026-03-20 15:45:10,655{GMT}	INFO	[jepsen worker 1] jepsen.util: 1	:ok	:broadcast	90
2026-03-20 15:45:10,845{GMT}	INFO	[jepsen worker 2] jepsen.util: 2	:invoke	:broadcast	91
2026-03-20 15:45:10,847{GMT}	INFO	[jepsen worker 2] jepsen.util: 2	:ok	:broadcast	91
2026-03-20 15:45:10,866{GMT}	INFO	[jepsen worker 3] jepsen.util: 3	:invoke	:broadcast	92
2026-03-20 15:45:10,867{GMT}	INFO	[jepsen worker 3] jepsen.util: 3	:ok	:broadcast	92
2026-03-20 15:45:10,867{GMT}	INFO	[jepsen worker nemesis] jepsen.util: :nemesis	:info	:stop-partition	nil
2026-03-20 15:45:10,867{GMT}	INFO	[jepsen worker nemesis] jepsen.util: :nemesis	:info	:stop-partition	:network-healed
2026-03-20 15:45:10,868{GMT}	INFO	[jepsen worker nemesis] jepsen.generator.interpreter: Waiting for recovery...
2026-03-20 15:45:20,870{GMT}	INFO	[jepsen worker 3] jepsen.util: 3	:invoke	:read	nil
2026-03-20 15:45:20,870{GMT}	INFO	[jepsen worker 1] jepsen.util: 1	:invoke	:read	nil
2026-03-20 15:45:20,870{GMT}	INFO	[jepsen worker 0] jepsen.util: 0	:invoke	:read	nil
2026-03-20 15:45:20,870{GMT}	INFO	[jepsen worker 2] jepsen.util: 2	:invoke	:read	nil
2026-03-20 15:45:20,870{GMT}	INFO	[jepsen worker 4] jepsen.util: 4	:invoke	:read	nil
2026-03-20 15:45:20,871{GMT}	INFO	[jepsen worker 1] jepsen.util: 1	:ok	:read	[1 2 5 6 7 8 9 10 11 12 13 14 15 16 17 18 19 20 21 22 23 24 25 26 27 28 29 30 31 32 33 34 35 36 37 38 39 40 41 42 43 44 45 46 49 53 57 69 77 87 90]
2026-03-20 15:45:20,871{GMT}	INFO	[jepsen worker 2] jepsen.util: 2	:ok	:read	[0 3 4 5 6 7 8 9 10 11 12 13 14 15 16 17 18 19 20 21 22 23 24 25 26 27 28 29 30 31 32 33 34 35 36 37 38 39 40 41 42 43 44 45 46 50 54 60 70 75 78 83 88 91]
2026-03-20 15:45:20,871{GMT}	INFO	[jepsen worker 4] jepsen.util: 4	:ok	:read	[1 2 5 6 7 8 9 10 11 12 13 14 15 16 17 18 19 20 21 22 23 24 25 26 27 27 28 29 30 31 32 33 34 35 36 37 38 39 40 41 42 43 44 45 46 47 48 51 52 55 56 58 59 61 62 63 64 65 66 67 68 71 72 73 74 76 79 80 81 82 84 85 86 89 92]
2026-03-20 15:45:20,871{GMT}	INFO	[jepsen worker 3] jepsen.util: 3	:ok	:read	[1 2 5 6 7 8 9 10 11 12 13 14 15 16 17 18 19 20 21 22 23 24 25 26 27 28 29 30 31 32 33 34 35 36 37 38 39 40 41 42 43 44 45 46 47 48 51 52 55 56 58 59 61 62 63 64 65 66 67 68 71 72 73 74 76 79 80 81 82 84 85 86 89 92]
2026-03-20 15:45:20,872{GMT}	INFO	[jepsen worker 0] jepsen.util: 0	:ok	:read	[1 2 5 6 7 8 9 10 11 12 13 14 15 16 17 18 19 20 21 22 23 24 25 26 27 28 29 30 31 32 33 34 35 36 37 38 39 40 41 42 43 44 45 46 47 48 51 52 55 56 58 59 61 62 63 64 65 66 67 68 71 72 73 74 76 79 80 81 82 84 85 86 89 92]
2026-03-20 15:45:20,892{GMT}	INFO	[jepsen test runner] jepsen.core: Run complete, writing
2026-03-20 15:45:20,952{GMT}	INFO	[jepsen node n1] maelstrom.db: Tearing down n1
2026-03-20 15:45:20,952{GMT}	INFO	[jepsen node n4] maelstrom.db: Tearing down n4
2026-03-20 15:45:20,952{GMT}	INFO	[jepsen node n2] maelstrom.db: Tearing down n2
2026-03-20 15:45:20,952{GMT}	INFO	[jepsen node n0] maelstrom.db: Tearing down n0
2026-03-20 15:45:20,952{GMT}	INFO	[jepsen node n3] maelstrom.db: Tearing down n3
2026-03-20 15:45:22,718{GMT}	INFO	[jepsen node n0] maelstrom.net: Shutting down Maelstrom network
2026-03-20 15:45:22,719{GMT}	INFO	[jepsen test runner] jepsen.core: Analyzing...
2026-03-20 15:45:22,979{GMT}	INFO	[jepsen test runner] jepsen.core: Analysis complete
2026-03-20 15:45:23,011{GMT}	INFO	[jepsen results] jepsen.store: Wrote /home/banna/Documents/maelstrom-java/store/broadcast/20260320T154449.193Z/results.edn
2026-03-20 15:45:23,033{GMT}	INFO	[jepsen test runner] jepsen.core: {:perf {:latency-graph {:valid? true},
        :rate-graph {:valid? true},
        :valid? true},
 :timeline {:valid? true},
 :exceptions {:valid? true},
 :stats {:valid? true,
         :count 210,
         :ok-count 210,
         :fail-count 0,
         :info-count 0,
         :by-f {:broadcast {:valid? true,
                            :count 93,
                            :ok-count 93,
                            :fail-count 0,
                            :info-count 0},
                :read {:valid? true,
                       :count 117,
                       :ok-count 117,
                       :fail-count 0,
                       :info-count 0}}},
 :availability {:valid? true, :ok-fraction 1.0},
 :net {:all {:send-count 1091,
             :recv-count 994,
             :msg-count 1091,
             :msgs-per-op 5.195238},
       :clients {:send-count 440, :recv-count 440, :msg-count 440},
       :servers {:send-count 651,
                 :recv-count 554,
                 :msg-count 651,
                 :msgs-per-op 3.1},
       :valid? true},
 :workload {:worst-stale ({:element 1,
                           :outcome :stable,
                           :stable-latency 29757,
                           :lost-latency nil,
                           :known #jepsen.history.Op{:index 7,
                                                     :time 227001406,
                                                     :type :ok,
                                                     :process 3,
                                                     :f :add,
                                                     :value 1},
                           :last-absent #jepsen.history.Op{:index 421,
                                                           :time 29984913116,
                                                           :type :invoke,
                                                           :process 2,
                                                           :f :read,
                                                           :value nil,
                                                           :final? true}}
                          {:element 2,
                           :outcome :stable,
                           :stable-latency 29584,
                           :lost-latency nil,
                           :known #jepsen.history.Op{:index 9,
                                                     :time 400293182,
                                                     :type :ok,
                                                     :process 4,
                                                     :f :add,
                                                     :value 2},
                           :last-absent #jepsen.history.Op{:index 421,
                                                           :time 29984913116,
                                                           :type :invoke,
                                                           :process 2,
                                                           :f :read,
                                                           :value nil,
                                                           :final? true}}
                          {:element 47,
                           :outcome :stable,
                           :stable-latency 18637,
                           :lost-latency nil,
                           :known #jepsen.history.Op{:index 235,
                                                     :time 11347778501,
                                                     :type :ok,
                                                     :process 3,
                                                     :f :add,
                                                     :value 47},
                           :last-absent #jepsen.history.Op{:index 421,
                                                           :time 29984913116,
                                                           :type :invoke,
                                                           :process 2,
                                                           :f :read,
                                                           :value nil,
                                                           :final? true}}
                          {:element 48,
                           :outcome :stable,
                           :stable-latency 18538,
                           :lost-latency nil,
                           :known #jepsen.history.Op{:index 237,
                                                     :time 11446414948,
                                                     :type :ok,
                                                     :process 4,
                                                     :f :add,
                                                     :value 48},
                           :last-absent #jepsen.history.Op{:index 421,
                                                           :time 29984913116,
                                                           :type :invoke,
                                                           :process 2,
                                                           :f :read,
                                                           :value nil,
                                                           :final? true}}
                          {:element 51,
                           :outcome :stable,
                           :stable-latency 17956,
                           :lost-latency nil,
                           :known #jepsen.history.Op{:index 247,
                                                     :time 12028872992,
                                                     :type :ok,
                                                     :process 3,
                                                     :f :add,
                                                     :value 51},
                           :last-absent #jepsen.history.Op{:index 421,
                                                           :time 29984913116,
                                                           :type :invoke,
                                                           :process 2,
                                                           :f :read,
                                                           :value nil,
                                                           :final? true}}
                          {:element 52,
                           :outcome :stable,
                           :stable-latency 17820,
                           :lost-latency nil,
                           :known #jepsen.history.Op{:index 249,
                                                     :time 12164573080,
                                                     :type :ok,
                                                     :process 4,
                                                     :f :add,
                                                     :value 52},
                           :last-absent #jepsen.history.Op{:index 421,
                                                           :time 29984913116,
                                                           :type :invoke,
                                                           :process 2,
                                                           :f :read,
                                                           :value nil,
                                                           :final? true}}
                          {:element 55,
                           :outcome :stable,
                           :stable-latency 17436,
                           :lost-latency nil,
                           :known #jepsen.history.Op{:index 261,
                                                     :time 12548177715,
                                                     :type :ok,
                                                     :process 4,
                                                     :f :add,
                                                     :value 55},
                           :last-absent #jepsen.history.Op{:index 421,
                                                           :time 29984913116,
                                                           :type :invoke,
                                                           :process 2,
                                                           :f :read,
                                                           :value nil,
                                                           :final? true}}
                          {:element 56,
                           :outcome :stable,
                           :stable-latency 17401,
                           :lost-latency nil,
                           :known #jepsen.history.Op{:index 263,
                                                     :time 12582927614,
                                                     :type :ok,
                                                     :process 0,
                                                     :f :add,
                                                     :value 56},
                           :last-absent #jepsen.history.Op{:index 421,
                                                           :time 29984913116,
                                                           :type :invoke,
                                                           :process 2,
                                                           :f :read,
                                                           :value nil,
                                                           :final? true}}),
            :duplicated-count 0,
            :valid? false,
            :lost-count 19,
            :lost (0
                   3
                   4
                   49
                   50
                   53
                   54
                   57
                   60
                   69
                   70
                   75
                   77
                   78
                   83
                   87
                   88
                   90
                   91),
            :stable-count 74,
            :stale-count 32,
            :stale (1
                    2
                    47
                    48
                    51
                    52
                    55
                    56
                    58
                    59
                    61
                    62
                    63
                    64
                    65
                    66
                    67
                    68
                    71
                    72
                    73
                    74
                    76
                    79
                    80
                    81
                    82
                    84
                    85
                    86
                    89
                    92),
            :never-read-count 0,
            :stable-latencies {0 0,
                               0.5 0,
                               0.95 18538,
                               0.99 29757,
                               1 29757},
            :attempt-count 93,
            :lost-latencies {0 10023,
                             0.5 14322,
                             0.95 29835,
                             0.99 29835,
                             1 29835},
            :never-read (),
            :duplicated {}},
 :valid? false}


Analysis invalid! (ﾉಥ益ಥ）ﾉ ┻━┻
