2026-03-12 16:43:37,447{GMT}	INFO	[jepsen test runner] jepsen.core: Command line:
lein run test -w broadcast --bin run.sh broadcast --node-count 5 --time-limit 20 --rate 10
2026-03-12 16:43:37,514{GMT}	INFO	[jepsen test runner] jepsen.core: Running test:
{:args ["broadcast"]
 :remote
 #jepsen.control.retry.Remote{:remote #jepsen.control.scp.Remote{:cmd-remote #jepsen.control.sshj.SSHJRemote{:concurrency-limit 6,
                                                                                                             :conn-spec nil,
                                                                                                             :client nil,
                                                                                                             :semaphore nil},
                                                                 :conn-spec nil},
                              :conn nil}
 :log-net-send false
 :node-count 5
 :availability nil
 :max-txn-length 4
 :concurrency 5
 :db
 #object[maelstrom.db$db$reify__16142
         "0x3619ecd"
         "maelstrom.db$db$reify__16142@3619ecd"]
 :max-writes-per-key 16
 :leave-db-running? false
 :name "broadcast"
 :logging-json? false
 :start-time
 #object[org.joda.time.DateTime "0x7de4bd8f" "2026-03-12T16:43:37.427Z"]
 :nemesis-interval 10
 :net
 #object[maelstrom.net$jepsen_net$reify__15251
         "0x193e65d5"
         "maelstrom.net$jepsen_net$reify__15251@193e65d5"]
 :client
 #object[maelstrom.workload.broadcast$client$reify__16644
         "0x2a97b4b8"
         "maelstrom.workload.broadcast$client$reify__16644@2a97b4b8"]
 :barrier
 #object[java.util.concurrent.CyclicBarrier
         "0x250fc0d1"
         "java.util.concurrent.CyclicBarrier@250fc0d1"]
 :log-stderr false
 :pure-generators true
 :ssh {:dummy? true}
 :rate 10.0
 :checker
 #object[jepsen.checker$compose$reify__11881
         "0x7ddf193a"
         "jepsen.checker$compose$reify__11881@7ddf193a"]
 :argv
 ("test"
  "-w"
  "broadcast"
  "--bin"
  "run.sh"
  "broadcast"
  "--node-count"
  "5"
  "--time-limit"
  "20"
  "--rate"
  "10")
 :nemesis
 (jepsen.nemesis.ReflCompose
  {:fm {:start-partition 0,
        :stop-partition 0,
        :kill 1,
        :start 1,
        :pause 1,
        :resume 1},
   :nemeses [#unprintable "jepsen.nemesis.combined$partition_nemesis$reify__16416@17a5cb99"
             #unprintable "jepsen.nemesis.combined$db_nemesis$reify__16397@808fa1"]})
 :nodes ["n0" "n1" "n2" "n3" "n4"]
 :test-count 1
 :latency {:mean 0, :dist :constant}
 :bin "run.sh"
 :generator
 ((jepsen.generator.Synchronize
   {:gen (jepsen.generator.TimeLimit
          {:limit 20000000000,
           :cutoff nil,
           :gen (jepsen.generator.Any
                 {:gens [(jepsen.generator.OnThreads
                          {:f #{:nemesis},
                           :context-filter #object[jepsen.generator.context$make_thread_filter$lazy_filter__9167
                                                   "0x7545cb17"
                                                   "jepsen.generator.context$make_thread_filter$lazy_filter__9167@7545cb17"],
                           :gen nil})
                         (jepsen.generator.OnThreads
                          {:f #jepsen.generator.context.AllBut{:element :nemesis},
                           :context-filter #object[jepsen.generator.context$make_thread_filter$lazy_filter__9167
                                                   "0x635b3ec7"
                                                   "jepsen.generator.context$make_thread_filter$lazy_filter__9167@635b3ec7"],
                           :gen (jepsen.generator.Stagger
                                 {:dt 200000000,
                                  :next-time nil,
                                  :gen (jepsen.generator.Mix
                                        {:i 0,
                                         :gens [({:f :broadcast, :value 0}
                                                 {:f :broadcast, :value 1}
                                                 {:f :broadcast, :value 2}
                                                 {:f :broadcast, :value 3}
                                                 {:f :broadcast, :value 4}
                                                 {:f :broadcast, :value 5}
                                                 {:f :broadcast, :value 6}
                                                 {:f :broadcast, :value 7}
                                                 ...)
                                                ({:f :read}
                                                 {:f :read}
                                                 {:f :read}
                                                 {:f :read}
                                                 {:f :read}
                                                 {:f :read}
                                                 {:f :read}
                                                 {:f :read}
                                                 ...)]})})})]})})})
  (jepsen.generator.Synchronize
   {:gen (jepsen.generator.OnThreads
          {:f #{:nemesis},
           :context-filter #object[jepsen.generator.context$make_thread_filter$lazy_filter__9167
                                   "0x15aa3084"
                                   "jepsen.generator.context$make_thread_filter$lazy_filter__9167@15aa3084"],
           :gen ()})})
  (jepsen.generator.Synchronize
   {:gen {:type :log, :value "Waiting for recovery..."}})
  (jepsen.generator.Synchronize {:gen {:type :sleep, :value 10}})
  (jepsen.generator.Synchronize
   {:gen (jepsen.generator.OnThreads
          {:f #jepsen.generator.context.AllBut{:element :nemesis},
           :context-filter #object[jepsen.generator.context$make_thread_filter$lazy_filter__9167
                                   "0x4e6c4c55"
                                   "jepsen.generator.context$make_thread_filter$lazy_filter__9167@4e6c4c55"],
           :gen (jepsen.generator.EachThread
                 {:fresh-gen {:f :read, :final? true},
                  :context-filters #object[clojure.core$promise$reify__8591
                                           "0x74fbee59"
                                           {:status :pending, :val nil}],
                  :gens {}})})}))
 :log-net-recv false
 :os
 #object[maelstrom.net$jepsen_os$reify__15254
         "0x3794621d"
         "maelstrom.net$jepsen_os$reify__15254@3794621d"]
 :time-limit 20
 :workload :broadcast
 :consistency-models [:strict-serializable]
 :topology :grid}

2026-03-12 16:43:38,708{GMT}	INFO	[jepsen node n0] maelstrom.net: Starting Maelstrom network
2026-03-12 16:43:38,710{GMT}	INFO	[jepsen test runner] jepsen.db: Tearing down DB
2026-03-12 16:43:38,711{GMT}	INFO	[jepsen test runner] jepsen.db: Setting up DB
2026-03-12 16:43:38,712{GMT}	INFO	[jepsen node n1] maelstrom.db: Setting up n1
2026-03-12 16:43:38,712{GMT}	INFO	[jepsen node n2] maelstrom.db: Setting up n2
2026-03-12 16:43:38,712{GMT}	INFO	[jepsen node n4] maelstrom.db: Setting up n4
2026-03-12 16:43:38,712{GMT}	INFO	[jepsen node n3] maelstrom.db: Setting up n3
2026-03-12 16:43:38,713{GMT}	INFO	[jepsen node n1] maelstrom.process: launching run.sh ["broadcast"]
2026-03-12 16:43:38,713{GMT}	INFO	[jepsen node n4] maelstrom.process: launching run.sh ["broadcast"]
2026-03-12 16:43:38,713{GMT}	INFO	[jepsen node n2] maelstrom.process: launching run.sh ["broadcast"]
2026-03-12 16:43:38,714{GMT}	INFO	[jepsen node n3] maelstrom.process: launching run.sh ["broadcast"]
2026-03-12 16:43:38,714{GMT}	INFO	[jepsen node n0] maelstrom.service: Starting services: (lin-kv lin-tso lww-kv seq-kv)
2026-03-12 16:43:38,716{GMT}	INFO	[jepsen node n0] maelstrom.db: Setting up n0
2026-03-12 16:43:38,717{GMT}	INFO	[jepsen node n0] maelstrom.process: launching run.sh ["broadcast"]
2026-03-12 16:43:38,882{GMT}	INFO	[jepsen test runner] jepsen.core: Relative time begins now
2026-03-12 16:43:38,907{GMT}	INFO	[jepsen worker 0] jepsen.util: 0	:invoke	:broadcast	0
2026-03-12 16:43:38,910{GMT}	INFO	[jepsen worker 0] jepsen.util: 0	:ok	:broadcast	0
2026-03-12 16:43:39,055{GMT}	INFO	[jepsen worker 1] jepsen.util: 1	:invoke	:read	nil
2026-03-12 16:43:39,061{GMT}	INFO	[jepsen worker 1] jepsen.util: 1	:ok	:read	[]
2026-03-12 16:43:39,217{GMT}	INFO	[jepsen worker 2] jepsen.util: 2	:invoke	:broadcast	1
2026-03-12 16:43:39,221{GMT}	INFO	[jepsen worker 2] jepsen.util: 2	:ok	:broadcast	1
2026-03-12 16:43:39,286{GMT}	INFO	[jepsen worker 3] jepsen.util: 3	:invoke	:broadcast	2
2026-03-12 16:43:39,291{GMT}	INFO	[jepsen worker 3] jepsen.util: 3	:ok	:broadcast	2
2026-03-12 16:43:39,318{GMT}	INFO	[jepsen worker 4] jepsen.util: 4	:invoke	:read	nil
2026-03-12 16:43:39,322{GMT}	INFO	[jepsen worker 4] jepsen.util: 4	:ok	:read	[]
2026-03-12 16:43:39,486{GMT}	INFO	[jepsen worker 0] jepsen.util: 0	:invoke	:broadcast	3
2026-03-12 16:43:39,490{GMT}	INFO	[jepsen worker 0] jepsen.util: 0	:ok	:broadcast	3
2026-03-12 16:43:39,524{GMT}	INFO	[jepsen worker 0] jepsen.util: 0	:invoke	:read	nil
2026-03-12 16:43:39,526{GMT}	INFO	[jepsen worker 0] jepsen.util: 0	:ok	:read	[0 3]
2026-03-12 16:43:39,565{GMT}	INFO	[jepsen worker 1] jepsen.util: 1	:invoke	:read	nil
2026-03-12 16:43:39,567{GMT}	INFO	[jepsen worker 1] jepsen.util: 1	:ok	:read	[]
2026-03-12 16:43:39,710{GMT}	INFO	[jepsen worker 2] jepsen.util: 2	:invoke	:broadcast	4
2026-03-12 16:43:39,714{GMT}	INFO	[jepsen worker 2] jepsen.util: 2	:ok	:broadcast	4
2026-03-12 16:43:39,722{GMT}	INFO	[jepsen worker 3] jepsen.util: 3	:invoke	:read	nil
2026-03-12 16:43:39,727{GMT}	INFO	[jepsen worker 3] jepsen.util: 3	:ok	:read	[2]
2026-03-12 16:43:39,788{GMT}	INFO	[jepsen worker 4] jepsen.util: 4	:invoke	:read	nil
2026-03-12 16:43:39,792{GMT}	INFO	[jepsen worker 4] jepsen.util: 4	:ok	:read	[]
2026-03-12 16:43:39,819{GMT}	INFO	[jepsen worker 0] jepsen.util: 0	:invoke	:read	nil
2026-03-12 16:43:39,823{GMT}	INFO	[jepsen worker 0] jepsen.util: 0	:ok	:read	[0 3]
2026-03-12 16:43:40,016{GMT}	INFO	[jepsen worker 0] jepsen.util: 0	:invoke	:broadcast	5
2026-03-12 16:43:40,020{GMT}	INFO	[jepsen worker 0] jepsen.util: 0	:ok	:broadcast	5
2026-03-12 16:43:40,072{GMT}	INFO	[jepsen worker 1] jepsen.util: 1	:invoke	:read	nil
2026-03-12 16:43:40,075{GMT}	INFO	[jepsen worker 1] jepsen.util: 1	:ok	:read	[]
2026-03-12 16:43:40,121{GMT}	INFO	[jepsen worker 2] jepsen.util: 2	:invoke	:broadcast	6
2026-03-12 16:43:40,125{GMT}	INFO	[jepsen worker 2] jepsen.util: 2	:ok	:broadcast	6
2026-03-12 16:43:40,300{GMT}	INFO	[jepsen worker 3] jepsen.util: 3	:invoke	:broadcast	7
2026-03-12 16:43:40,304{GMT}	INFO	[jepsen worker 3] jepsen.util: 3	:ok	:broadcast	7
2026-03-12 16:43:40,410{GMT}	INFO	[jepsen worker 4] jepsen.util: 4	:invoke	:read	nil
2026-03-12 16:43:40,414{GMT}	INFO	[jepsen worker 4] jepsen.util: 4	:ok	:read	[]
2026-03-12 16:43:40,442{GMT}	INFO	[jepsen worker 0] jepsen.util: 0	:invoke	:read	nil
2026-03-12 16:43:40,444{GMT}	INFO	[jepsen worker 1] jepsen.util: 1	:invoke	:read	nil
2026-03-12 16:43:40,446{GMT}	INFO	[jepsen worker 0] jepsen.util: 0	:ok	:read	[0 3 5]
2026-03-12 16:43:40,447{GMT}	INFO	[jepsen worker 1] jepsen.util: 1	:ok	:read	[]
2026-03-12 16:43:40,562{GMT}	INFO	[jepsen worker 1] jepsen.util: 1	:invoke	:broadcast	8
2026-03-12 16:43:40,566{GMT}	INFO	[jepsen worker 1] jepsen.util: 1	:ok	:broadcast	8
2026-03-12 16:43:40,630{GMT}	INFO	[jepsen worker 2] jepsen.util: 2	:invoke	:broadcast	9
2026-03-12 16:43:40,634{GMT}	INFO	[jepsen worker 2] jepsen.util: 2	:ok	:broadcast	9
2026-03-12 16:43:40,771{GMT}	INFO	[jepsen worker 3] jepsen.util: 3	:invoke	:broadcast	10
2026-03-12 16:43:40,774{GMT}	INFO	[jepsen worker 3] jepsen.util: 3	:ok	:broadcast	10
2026-03-12 16:43:40,835{GMT}	INFO	[jepsen worker 4] jepsen.util: 4	:invoke	:broadcast	11
2026-03-12 16:43:40,838{GMT}	INFO	[jepsen worker 4] jepsen.util: 4	:ok	:broadcast	11
2026-03-12 16:43:41,031{GMT}	INFO	[jepsen worker 0] jepsen.util: 0	:invoke	:read	nil
2026-03-12 16:43:41,033{GMT}	INFO	[jepsen worker 0] jepsen.util: 0	:ok	:read	[0 3 5]
2026-03-12 16:43:41,095{GMT}	INFO	[jepsen worker 0] jepsen.util: 0	:invoke	:broadcast	12
2026-03-12 16:43:41,098{GMT}	INFO	[jepsen worker 0] jepsen.util: 0	:ok	:broadcast	12
2026-03-12 16:43:41,107{GMT}	INFO	[jepsen worker 1] jepsen.util: 1	:invoke	:broadcast	13
2026-03-12 16:43:41,110{GMT}	INFO	[jepsen worker 1] jepsen.util: 1	:ok	:broadcast	13
2026-03-12 16:43:41,185{GMT}	INFO	[jepsen worker 2] jepsen.util: 2	:invoke	:broadcast	14
2026-03-12 16:43:41,186{GMT}	INFO	[jepsen worker 2] jepsen.util: 2	:ok	:broadcast	14
2026-03-12 16:43:41,257{GMT}	INFO	[jepsen worker 3] jepsen.util: 3	:invoke	:read	nil
2026-03-12 16:43:41,259{GMT}	INFO	[jepsen worker 3] jepsen.util: 3	:ok	:read	[2 7 10]
2026-03-12 16:43:41,346{GMT}	INFO	[jepsen worker 4] jepsen.util: 4	:invoke	:broadcast	15
2026-03-12 16:43:41,348{GMT}	INFO	[jepsen worker 4] jepsen.util: 4	:ok	:broadcast	15
2026-03-12 16:43:41,454{GMT}	INFO	[jepsen worker 0] jepsen.util: 0	:invoke	:broadcast	16
2026-03-12 16:43:41,455{GMT}	INFO	[jepsen worker 1] jepsen.util: 1	:invoke	:read	nil
2026-03-12 16:43:41,456{GMT}	INFO	[jepsen worker 0] jepsen.util: 0	:ok	:broadcast	16
2026-03-12 16:43:41,457{GMT}	INFO	[jepsen worker 1] jepsen.util: 1	:ok	:read	[8 13]
2026-03-12 16:43:41,639{GMT}	INFO	[jepsen worker 1] jepsen.util: 1	:invoke	:read	nil
2026-03-12 16:43:41,641{GMT}	INFO	[jepsen worker 1] jepsen.util: 1	:ok	:read	[8 13]
2026-03-12 16:43:41,829{GMT}	INFO	[jepsen worker 2] jepsen.util: 2	:invoke	:read	nil
2026-03-12 16:43:41,831{GMT}	INFO	[jepsen worker 2] jepsen.util: 2	:ok	:read	[1 4 6 9 14]
2026-03-12 16:43:42,012{GMT}	INFO	[jepsen worker 3] jepsen.util: 3	:invoke	:broadcast	17
2026-03-12 16:43:42,013{GMT}	INFO	[jepsen worker 3] jepsen.util: 3	:ok	:broadcast	17
2026-03-12 16:43:42,195{GMT}	INFO	[jepsen worker 4] jepsen.util: 4	:invoke	:broadcast	18
2026-03-12 16:43:42,197{GMT}	INFO	[jepsen worker 4] jepsen.util: 4	:ok	:broadcast	18
2026-03-12 16:43:42,307{GMT}	INFO	[jepsen worker 0] jepsen.util: 0	:invoke	:broadcast	19
2026-03-12 16:43:42,309{GMT}	INFO	[jepsen worker 0] jepsen.util: 0	:ok	:broadcast	19
2026-03-12 16:43:42,456{GMT}	INFO	[jepsen worker 0] jepsen.util: 0	:invoke	:read	nil
2026-03-12 16:43:42,458{GMT}	INFO	[jepsen worker 0] jepsen.util: 0	:ok	:read	[0 3 5 12 16 19]
2026-03-12 16:43:42,649{GMT}	INFO	[jepsen worker 1] jepsen.util: 1	:invoke	:read	nil
2026-03-12 16:43:42,651{GMT}	INFO	[jepsen worker 1] jepsen.util: 1	:ok	:read	[8 13]
2026-03-12 16:43:42,735{GMT}	INFO	[jepsen worker 2] jepsen.util: 2	:invoke	:read	nil
2026-03-12 16:43:42,737{GMT}	INFO	[jepsen worker 2] jepsen.util: 2	:ok	:read	[1 4 6 9 14]
2026-03-12 16:43:42,912{GMT}	INFO	[jepsen worker 3] jepsen.util: 3	:invoke	:broadcast	20
2026-03-12 16:43:42,915{GMT}	INFO	[jepsen worker 3] jepsen.util: 3	:ok	:broadcast	20
2026-03-12 16:43:42,956{GMT}	INFO	[jepsen worker 4] jepsen.util: 4	:invoke	:broadcast	21
2026-03-12 16:43:42,958{GMT}	INFO	[jepsen worker 4] jepsen.util: 4	:ok	:broadcast	21
2026-03-12 16:43:43,013{GMT}	INFO	[jepsen worker 0] jepsen.util: 0	:invoke	:read	nil
2026-03-12 16:43:43,024{GMT}	INFO	[jepsen worker 0] jepsen.util: 0	:ok	:read	[0 3 5 12 16 19]
2026-03-12 16:43:43,058{GMT}	INFO	[jepsen worker 0] jepsen.util: 0	:invoke	:read	nil
2026-03-12 16:43:43,060{GMT}	INFO	[jepsen worker 0] jepsen.util: 0	:ok	:read	[0 3 5 12 16 19]
2026-03-12 16:43:43,233{GMT}	INFO	[jepsen worker 1] jepsen.util: 1	:invoke	:broadcast	22
2026-03-12 16:43:43,236{GMT}	INFO	[jepsen worker 1] jepsen.util: 1	:ok	:broadcast	22
2026-03-12 16:43:43,268{GMT}	INFO	[jepsen worker 2] jepsen.util: 2	:invoke	:read	nil
2026-03-12 16:43:43,272{GMT}	INFO	[jepsen worker 2] jepsen.util: 2	:ok	:read	[1 4 6 9 14]
2026-03-12 16:43:43,311{GMT}	INFO	[jepsen worker 3] jepsen.util: 3	:invoke	:broadcast	23
2026-03-12 16:43:43,314{GMT}	INFO	[jepsen worker 3] jepsen.util: 3	:ok	:broadcast	23
2026-03-12 16:43:43,421{GMT}	INFO	[jepsen worker 4] jepsen.util: 4	:invoke	:read	nil
2026-03-12 16:43:43,423{GMT}	INFO	[jepsen worker 4] jepsen.util: 4	:ok	:read	[11 15 18 21]
2026-03-12 16:43:43,463{GMT}	INFO	[jepsen worker 0] jepsen.util: 0	:invoke	:broadcast	24
2026-03-12 16:43:43,465{GMT}	INFO	[jepsen worker 0] jepsen.util: 0	:ok	:broadcast	24
2026-03-12 16:43:43,476{GMT}	INFO	[jepsen worker 0] jepsen.util: 0	:invoke	:read	nil
2026-03-12 16:43:43,478{GMT}	INFO	[jepsen worker 0] jepsen.util: 0	:ok	:read	[0 3 5 12 16 19 24]
2026-03-12 16:43:43,543{GMT}	INFO	[jepsen worker 1] jepsen.util: 1	:invoke	:read	nil
2026-03-12 16:43:43,544{GMT}	INFO	[jepsen worker 1] jepsen.util: 1	:ok	:read	[8 13 22]
2026-03-12 16:43:43,633{GMT}	INFO	[jepsen worker 2] jepsen.util: 2	:invoke	:read	nil
2026-03-12 16:43:43,634{GMT}	INFO	[jepsen worker 2] jepsen.util: 2	:ok	:read	[1 4 6 9 14]
2026-03-12 16:43:43,714{GMT}	INFO	[jepsen worker 3] jepsen.util: 3	:invoke	:read	nil
2026-03-12 16:43:43,716{GMT}	INFO	[jepsen worker 3] jepsen.util: 3	:ok	:read	[2 7 10 17 20 23]
2026-03-12 16:43:43,809{GMT}	INFO	[jepsen worker 4] jepsen.util: 4	:invoke	:broadcast	25
2026-03-12 16:43:43,811{GMT}	INFO	[jepsen worker 4] jepsen.util: 4	:ok	:broadcast	25
2026-03-12 16:43:43,973{GMT}	INFO	[jepsen worker 0] jepsen.util: 0	:invoke	:read	nil
2026-03-12 16:43:43,975{GMT}	INFO	[jepsen worker 0] jepsen.util: 0	:ok	:read	[0 3 5 12 16 19 24]
2026-03-12 16:43:44,064{GMT}	INFO	[jepsen worker 0] jepsen.util: 0	:invoke	:read	nil
2026-03-12 16:43:44,066{GMT}	INFO	[jepsen worker 0] jepsen.util: 0	:ok	:read	[0 3 5 12 16 19 24]
2026-03-12 16:43:44,168{GMT}	INFO	[jepsen worker 1] jepsen.util: 1	:invoke	:broadcast	26
2026-03-12 16:43:44,172{GMT}	INFO	[jepsen worker 1] jepsen.util: 1	:ok	:broadcast	26
2026-03-12 16:43:44,338{GMT}	INFO	[jepsen worker 2] jepsen.util: 2	:invoke	:broadcast	27
2026-03-12 16:43:44,342{GMT}	INFO	[jepsen worker 2] jepsen.util: 2	:ok	:broadcast	27
2026-03-12 16:43:44,401{GMT}	INFO	[jepsen worker 3] jepsen.util: 3	:invoke	:broadcast	28
2026-03-12 16:43:44,405{GMT}	INFO	[jepsen worker 3] jepsen.util: 3	:ok	:broadcast	28
2026-03-12 16:43:44,485{GMT}	INFO	[jepsen worker 4] jepsen.util: 4	:invoke	:broadcast	29
2026-03-12 16:43:44,487{GMT}	INFO	[jepsen worker 4] jepsen.util: 4	:ok	:broadcast	29
2026-03-12 16:43:44,492{GMT}	INFO	[jepsen worker 0] jepsen.util: 0	:invoke	:broadcast	30
2026-03-12 16:43:44,495{GMT}	INFO	[jepsen worker 0] jepsen.util: 0	:ok	:broadcast	30
2026-03-12 16:43:44,583{GMT}	INFO	[jepsen worker 0] jepsen.util: 0	:invoke	:broadcast	31
2026-03-12 16:43:44,587{GMT}	INFO	[jepsen worker 0] jepsen.util: 0	:ok	:broadcast	31
2026-03-12 16:43:44,774{GMT}	INFO	[jepsen worker 1] jepsen.util: 1	:invoke	:read	nil
2026-03-12 16:43:44,778{GMT}	INFO	[jepsen worker 1] jepsen.util: 1	:ok	:read	[8 13 22 26]
2026-03-12 16:43:44,893{GMT}	INFO	[jepsen worker 2] jepsen.util: 2	:invoke	:read	nil
2026-03-12 16:43:44,896{GMT}	INFO	[jepsen worker 2] jepsen.util: 2	:ok	:read	[1 4 6 9 14 27]
2026-03-12 16:43:44,906{GMT}	INFO	[jepsen worker 3] jepsen.util: 3	:invoke	:read	nil
2026-03-12 16:43:44,909{GMT}	INFO	[jepsen worker 3] jepsen.util: 3	:ok	:read	[2 7 10 17 20 23 28]
2026-03-12 16:43:45,034{GMT}	INFO	[jepsen worker 4] jepsen.util: 4	:invoke	:broadcast	32
2026-03-12 16:43:45,037{GMT}	INFO	[jepsen worker 4] jepsen.util: 4	:ok	:broadcast	32
2026-03-12 16:43:45,164{GMT}	INFO	[jepsen worker 0] jepsen.util: 0	:invoke	:broadcast	33
2026-03-12 16:43:45,167{GMT}	INFO	[jepsen worker 0] jepsen.util: 0	:ok	:broadcast	33
2026-03-12 16:43:45,168{GMT}	INFO	[jepsen worker 0] jepsen.util: 0	:invoke	:read	nil
2026-03-12 16:43:45,171{GMT}	INFO	[jepsen worker 0] jepsen.util: 0	:ok	:read	[0 3 5 12 16 19 24 30 31 33]
2026-03-12 16:43:45,181{GMT}	INFO	[jepsen worker 1] jepsen.util: 1	:invoke	:read	nil
2026-03-12 16:43:45,184{GMT}	INFO	[jepsen worker 1] jepsen.util: 1	:ok	:read	[8 13 22 26]
2026-03-12 16:43:45,303{GMT}	INFO	[Jepsen shutdown hook] jepsen.core: Downloading DB logs before JVM shutdown...
