2026-03-12 17:05:05,034{GMT}	INFO	[jepsen test runner] jepsen.core: Command line:
lein run test -w broadcast --bin run.sh broadcast --node-count 5 --time-limit 20 --rate 10
2026-03-12 17:05:05,119{GMT}	INFO	[jepsen test runner] jepsen.core: Running test:
{:args ["broadcast"]
 :remote
 #jepsen.control.retry.Remote{:remote #jepsen.control.scp.Remote{:cmd-remote #jepsen.control.sshj.SSHJRemote{:concurrency-limit 6,
                                                                                                             :conn-spec nil,
                                                                                                             :client nil,
                                                                                                             :semaphore nil},
                                                                 :conn-spec nil},
                              :conn nil}
 :log-net-send false
 :node-count 5
 :availability nil
 :max-txn-length 4
 :concurrency 5
 :db
 #object[maelstrom.db$db$reify__16142
         "0x3619ecd"
         "maelstrom.db$db$reify__16142@3619ecd"]
 :max-writes-per-key 16
 :leave-db-running? false
 :name "broadcast"
 :logging-json? false
 :start-time
 #object[org.joda.time.DateTime "0x7de4bd8f" "2026-03-12T17:05:04.998Z"]
 :nemesis-interval 10
 :net
 #object[maelstrom.net$jepsen_net$reify__15251
         "0x193e65d5"
         "maelstrom.net$jepsen_net$reify__15251@193e65d5"]
 :client
 #object[maelstrom.workload.broadcast$client$reify__16644
         "0x2a97b4b8"
         "maelstrom.workload.broadcast$client$reify__16644@2a97b4b8"]
 :barrier
 #object[java.util.concurrent.CyclicBarrier
         "0x250fc0d1"
         "java.util.concurrent.CyclicBarrier@250fc0d1"]
 :log-stderr false
 :pure-generators true
 :ssh {:dummy? true}
 :rate 10.0
 :checker
 #object[jepsen.checker$compose$reify__11881
         "0x7ddf193a"
         "jepsen.checker$compose$reify__11881@7ddf193a"]
 :argv
 ("test"
  "-w"
  "broadcast"
  "--bin"
  "run.sh"
  "broadcast"
  "--node-count"
  "5"
  "--time-limit"
  "20"
  "--rate"
  "10")
 :nemesis
 (jepsen.nemesis.ReflCompose
  {:fm {:start-partition 0,
        :stop-partition 0,
        :kill 1,
        :start 1,
        :pause 1,
        :resume 1},
   :nemeses [#unprintable "jepsen.nemesis.combined$partition_nemesis$reify__16416@17a5cb99"
             #unprintable "jepsen.nemesis.combined$db_nemesis$reify__16397@808fa1"]})
 :nodes ["n0" "n1" "n2" "n3" "n4"]
 :test-count 1
 :latency {:mean 0, :dist :constant}
 :bin "run.sh"
 :generator
 ((jepsen.generator.Synchronize
   {:gen (jepsen.generator.TimeLimit
          {:limit 20000000000,
           :cutoff nil,
           :gen (jepsen.generator.Any
                 {:gens [(jepsen.generator.OnThreads
                          {:f #{:nemesis},
                           :context-filter #object[jepsen.generator.context$make_thread_filter$lazy_filter__9167
                                                   "0x7545cb17"
                                                   "jepsen.generator.context$make_thread_filter$lazy_filter__9167@7545cb17"],
                           :gen nil})
                         (jepsen.generator.OnThreads
                          {:f #jepsen.generator.context.AllBut{:element :nemesis},
                           :context-filter #object[jepsen.generator.context$make_thread_filter$lazy_filter__9167
                                                   "0x635b3ec7"
                                                   "jepsen.generator.context$make_thread_filter$lazy_filter__9167@635b3ec7"],
                           :gen (jepsen.generator.Stagger
                                 {:dt 200000000,
                                  :next-time nil,
                                  :gen (jepsen.generator.Mix
                                        {:i 1,
                                         :gens [({:f :broadcast, :value 0}
                                                 {:f :broadcast, :value 1}
                                                 {:f :broadcast, :value 2}
                                                 {:f :broadcast, :value 3}
                                                 {:f :broadcast, :value 4}
                                                 {:f :broadcast, :value 5}
                                                 {:f :broadcast, :value 6}
                                                 {:f :broadcast, :value 7}
                                                 ...)
                                                ({:f :read}
                                                 {:f :read}
                                                 {:f :read}
                                                 {:f :read}
                                                 {:f :read}
                                                 {:f :read}
                                                 {:f :read}
                                                 {:f :read}
                                                 ...)]})})})]})})})
  (jepsen.generator.Synchronize
   {:gen (jepsen.generator.OnThreads
          {:f #{:nemesis},
           :context-filter #object[jepsen.generator.context$make_thread_filter$lazy_filter__9167
                                   "0x15aa3084"
                                   "jepsen.generator.context$make_thread_filter$lazy_filter__9167@15aa3084"],
           :gen ()})})
  (jepsen.generator.Synchronize
   {:gen {:type :log, :value "Waiting for recovery..."}})
  (jepsen.generator.Synchronize {:gen {:type :sleep, :value 10}})
  (jepsen.generator.Synchronize
   {:gen (jepsen.generator.OnThreads
          {:f #jepsen.generator.context.AllBut{:element :nemesis},
           :context-filter #object[jepsen.generator.context$make_thread_filter$lazy_filter__9167
                                   "0x4e6c4c55"
                                   "jepsen.generator.context$make_thread_filter$lazy_filter__9167@4e6c4c55"],
           :gen (jepsen.generator.EachThread
                 {:fresh-gen {:f :read, :final? true},
                  :context-filters #object[clojure.core$promise$reify__8591
                                           "0x74fbee59"
                                           {:status :pending, :val nil}],
                  :gens {}})})}))
 :log-net-recv false
 :os
 #object[maelstrom.net$jepsen_os$reify__15254
         "0x3794621d"
         "maelstrom.net$jepsen_os$reify__15254@3794621d"]
 :time-limit 20
 :workload :broadcast
 :consistency-models [:strict-serializable]
 :topology :grid}

2026-03-12 17:05:06,578{GMT}	INFO	[jepsen node n0] maelstrom.net: Starting Maelstrom network
2026-03-12 17:05:06,580{GMT}	INFO	[jepsen test runner] jepsen.db: Tearing down DB
2026-03-12 17:05:06,582{GMT}	INFO	[jepsen test runner] jepsen.db: Setting up DB
2026-03-12 17:05:06,583{GMT}	INFO	[jepsen node n1] maelstrom.db: Setting up n1
2026-03-12 17:05:06,583{GMT}	INFO	[jepsen node n4] maelstrom.db: Setting up n4
2026-03-12 17:05:06,583{GMT}	INFO	[jepsen node n2] maelstrom.db: Setting up n2
2026-03-12 17:05:06,583{GMT}	INFO	[jepsen node n3] maelstrom.db: Setting up n3
2026-03-12 17:05:06,584{GMT}	INFO	[jepsen node n4] maelstrom.process: launching run.sh ["broadcast"]
2026-03-12 17:05:06,584{GMT}	INFO	[jepsen node n1] maelstrom.process: launching run.sh ["broadcast"]
2026-03-12 17:05:06,584{GMT}	INFO	[jepsen node n2] maelstrom.process: launching run.sh ["broadcast"]
2026-03-12 17:05:06,584{GMT}	INFO	[jepsen node n3] maelstrom.process: launching run.sh ["broadcast"]
2026-03-12 17:05:06,586{GMT}	INFO	[jepsen node n0] maelstrom.service: Starting services: (lin-kv lin-tso lww-kv seq-kv)
2026-03-12 17:05:06,592{GMT}	INFO	[jepsen node n0] maelstrom.db: Setting up n0
2026-03-12 17:05:06,593{GMT}	INFO	[jepsen node n0] maelstrom.process: launching run.sh ["broadcast"]
2026-03-12 17:05:06,772{GMT}	INFO	[jepsen test runner] jepsen.core: Relative time begins now
2026-03-12 17:05:06,799{GMT}	INFO	[jepsen worker 0] jepsen.util: 0	:invoke	:read	nil
2026-03-12 17:05:06,804{GMT}	INFO	[jepsen worker 0] jepsen.util: 0	:ok	:read	[]
2026-03-12 17:05:06,932{GMT}	INFO	[jepsen worker 1] jepsen.util: 1	:invoke	:read	nil
2026-03-12 17:05:06,935{GMT}	INFO	[jepsen worker 1] jepsen.util: 1	:ok	:read	[]
2026-03-12 17:05:06,968{GMT}	INFO	[jepsen worker 2] jepsen.util: 2	:invoke	:read	nil
2026-03-12 17:05:06,971{GMT}	INFO	[jepsen worker 2] jepsen.util: 2	:ok	:read	[]
2026-03-12 17:05:07,093{GMT}	INFO	[jepsen worker 3] jepsen.util: 3	:invoke	:broadcast	0
2026-03-12 17:05:07,098{GMT}	INFO	[jepsen worker 3] jepsen.util: 3	:ok	:broadcast	0
2026-03-12 17:05:07,225{GMT}	INFO	[jepsen worker 4] jepsen.util: 4	:invoke	:broadcast	1
2026-03-12 17:05:07,231{GMT}	INFO	[jepsen worker 4] jepsen.util: 4	:ok	:broadcast	1
2026-03-12 17:05:07,384{GMT}	INFO	[jepsen worker 0] jepsen.util: 0	:invoke	:read	nil
2026-03-12 17:05:07,388{GMT}	INFO	[jepsen worker 0] jepsen.util: 0	:ok	:read	[]
2026-03-12 17:05:07,553{GMT}	INFO	[jepsen worker 0] jepsen.util: 0	:invoke	:read	nil
2026-03-12 17:05:07,556{GMT}	INFO	[jepsen worker 0] jepsen.util: 0	:ok	:read	[]
2026-03-12 17:05:07,700{GMT}	INFO	[jepsen worker 1] jepsen.util: 1	:invoke	:read	nil
2026-03-12 17:05:07,704{GMT}	INFO	[jepsen worker 1] jepsen.util: 1	:ok	:read	[]
2026-03-12 17:05:07,885{GMT}	INFO	[jepsen worker 2] jepsen.util: 2	:invoke	:read	nil
2026-03-12 17:05:07,889{GMT}	INFO	[jepsen worker 2] jepsen.util: 2	:ok	:read	[]
2026-03-12 17:05:07,916{GMT}	INFO	[jepsen worker 3] jepsen.util: 3	:invoke	:read	nil
2026-03-12 17:05:07,921{GMT}	INFO	[jepsen worker 3] jepsen.util: 3	:ok	:read	[0]
2026-03-12 17:05:08,004{GMT}	INFO	[jepsen worker 4] jepsen.util: 4	:invoke	:broadcast	2
2026-03-12 17:05:08,009{GMT}	INFO	[jepsen worker 4] jepsen.util: 4	:ok	:broadcast	2
2026-03-12 17:05:08,099{GMT}	INFO	[jepsen worker 0] jepsen.util: 0	:invoke	:broadcast	3
2026-03-12 17:05:08,103{GMT}	INFO	[jepsen worker 0] jepsen.util: 0	:ok	:broadcast	3
2026-03-12 17:05:08,260{GMT}	INFO	[jepsen worker 0] jepsen.util: 0	:invoke	:broadcast	4
2026-03-12 17:05:08,265{GMT}	INFO	[jepsen worker 0] jepsen.util: 0	:ok	:broadcast	4
2026-03-12 17:05:08,368{GMT}	INFO	[jepsen worker 1] jepsen.util: 1	:invoke	:read	nil
2026-03-12 17:05:08,372{GMT}	INFO	[jepsen worker 1] jepsen.util: 1	:ok	:read	[]
2026-03-12 17:05:08,431{GMT}	INFO	[jepsen worker 2] jepsen.util: 2	:invoke	:broadcast	5
2026-03-12 17:05:08,435{GMT}	INFO	[jepsen worker 2] jepsen.util: 2	:ok	:broadcast	5
2026-03-12 17:05:08,619{GMT}	INFO	[jepsen worker 3] jepsen.util: 3	:invoke	:read	nil
2026-03-12 17:05:08,623{GMT}	INFO	[jepsen worker 3] jepsen.util: 3	:ok	:read	[0]
2026-03-12 17:05:08,799{GMT}	INFO	[jepsen worker 4] jepsen.util: 4	:invoke	:read	nil
2026-03-12 17:05:08,803{GMT}	INFO	[jepsen worker 4] jepsen.util: 4	:ok	:read	[1 2]
2026-03-12 17:05:08,891{GMT}	INFO	[jepsen worker 0] jepsen.util: 0	:invoke	:read	nil
2026-03-12 17:05:08,895{GMT}	INFO	[jepsen worker 0] jepsen.util: 0	:ok	:read	[3 4]
2026-03-12 17:05:08,966{GMT}	INFO	[jepsen worker 0] jepsen.util: 0	:invoke	:broadcast	6
2026-03-12 17:05:08,970{GMT}	INFO	[jepsen worker 0] jepsen.util: 0	:ok	:broadcast	6
2026-03-12 17:05:08,997{GMT}	INFO	[jepsen worker 1] jepsen.util: 1	:invoke	:read	nil
2026-03-12 17:05:09,001{GMT}	INFO	[jepsen worker 1] jepsen.util: 1	:ok	:read	[]
2026-03-12 17:05:09,101{GMT}	INFO	[jepsen worker 2] jepsen.util: 2	:invoke	:broadcast	7
2026-03-12 17:05:09,105{GMT}	INFO	[jepsen worker 2] jepsen.util: 2	:ok	:broadcast	7
2026-03-12 17:05:09,212{GMT}	INFO	[jepsen worker 3] jepsen.util: 3	:invoke	:broadcast	8
2026-03-12 17:05:09,216{GMT}	INFO	[jepsen worker 3] jepsen.util: 3	:ok	:broadcast	8
2026-03-12 17:05:09,316{GMT}	INFO	[jepsen worker 4] jepsen.util: 4	:invoke	:broadcast	9
2026-03-12 17:05:09,320{GMT}	INFO	[jepsen worker 4] jepsen.util: 4	:ok	:broadcast	9
2026-03-12 17:05:09,419{GMT}	INFO	[jepsen worker 0] jepsen.util: 0	:invoke	:read	nil
2026-03-12 17:05:09,423{GMT}	INFO	[jepsen worker 0] jepsen.util: 0	:ok	:read	[3 4 6]
2026-03-12 17:05:09,483{GMT}	INFO	[jepsen worker 0] jepsen.util: 0	:invoke	:read	nil
2026-03-12 17:05:09,487{GMT}	INFO	[jepsen worker 0] jepsen.util: 0	:ok	:read	[3 4 6]
2026-03-12 17:05:09,517{GMT}	INFO	[jepsen worker 1] jepsen.util: 1	:invoke	:read	nil
2026-03-12 17:05:09,521{GMT}	INFO	[jepsen worker 1] jepsen.util: 1	:ok	:read	[]
2026-03-12 17:05:09,583{GMT}	INFO	[jepsen worker 2] jepsen.util: 2	:invoke	:read	nil
2026-03-12 17:05:09,587{GMT}	INFO	[jepsen worker 2] jepsen.util: 2	:ok	:read	[5 7]
2026-03-12 17:05:09,693{GMT}	INFO	[jepsen worker 3] jepsen.util: 3	:invoke	:read	nil
2026-03-12 17:05:09,697{GMT}	INFO	[jepsen worker 3] jepsen.util: 3	:ok	:read	[0 8]
2026-03-12 17:05:09,698{GMT}	INFO	[jepsen worker 4] jepsen.util: 4	:invoke	:broadcast	10
2026-03-12 17:05:09,701{GMT}	INFO	[jepsen worker 4] jepsen.util: 4	:ok	:broadcast	10
2026-03-12 17:05:09,753{GMT}	INFO	[jepsen worker 0] jepsen.util: 0	:invoke	:read	nil
2026-03-12 17:05:09,756{GMT}	INFO	[jepsen worker 0] jepsen.util: 0	:ok	:read	[3 4 6]
2026-03-12 17:05:09,945{GMT}	INFO	[jepsen worker 0] jepsen.util: 0	:invoke	:read	nil
2026-03-12 17:05:09,949{GMT}	INFO	[jepsen worker 0] jepsen.util: 0	:ok	:read	[3 4 6]
2026-03-12 17:05:10,129{GMT}	INFO	[jepsen worker 1] jepsen.util: 1	:invoke	:read	nil
2026-03-12 17:05:10,133{GMT}	INFO	[jepsen worker 1] jepsen.util: 1	:ok	:read	[]
2026-03-12 17:05:10,240{GMT}	INFO	[jepsen worker 2] jepsen.util: 2	:invoke	:broadcast	11
2026-03-12 17:05:10,244{GMT}	INFO	[jepsen worker 2] jepsen.util: 2	:ok	:broadcast	11
2026-03-12 17:05:10,344{GMT}	INFO	[jepsen worker 3] jepsen.util: 3	:invoke	:read	nil
2026-03-12 17:05:10,348{GMT}	INFO	[jepsen worker 3] jepsen.util: 3	:ok	:read	[0 8]
2026-03-12 17:05:10,422{GMT}	INFO	[jepsen worker 4] jepsen.util: 4	:invoke	:broadcast	12
2026-03-12 17:05:10,425{GMT}	INFO	[jepsen worker 4] jepsen.util: 4	:ok	:broadcast	12
2026-03-12 17:05:10,551{GMT}	INFO	[jepsen worker 0] jepsen.util: 0	:invoke	:broadcast	13
2026-03-12 17:05:10,555{GMT}	INFO	[jepsen worker 0] jepsen.util: 0	:ok	:broadcast	13
2026-03-12 17:05:10,606{GMT}	INFO	[jepsen worker 0] jepsen.util: 0	:invoke	:broadcast	14
2026-03-12 17:05:10,610{GMT}	INFO	[jepsen worker 0] jepsen.util: 0	:ok	:broadcast	14
2026-03-12 17:05:10,741{GMT}	INFO	[jepsen worker 1] jepsen.util: 1	:invoke	:broadcast	15
2026-03-12 17:05:10,745{GMT}	INFO	[jepsen worker 1] jepsen.util: 1	:ok	:broadcast	15
2026-03-12 17:05:10,897{GMT}	INFO	[jepsen worker 2] jepsen.util: 2	:invoke	:broadcast	16
2026-03-12 17:05:10,901{GMT}	INFO	[jepsen worker 2] jepsen.util: 2	:ok	:broadcast	16
2026-03-12 17:05:11,021{GMT}	INFO	[jepsen worker 3] jepsen.util: 3	:invoke	:read	nil
2026-03-12 17:05:11,025{GMT}	INFO	[jepsen worker 3] jepsen.util: 3	:ok	:read	[0 8]
2026-03-12 17:05:11,137{GMT}	INFO	[jepsen worker 4] jepsen.util: 4	:invoke	:broadcast	17
2026-03-12 17:05:11,141{GMT}	INFO	[jepsen worker 4] jepsen.util: 4	:ok	:broadcast	17
2026-03-12 17:05:11,173{GMT}	INFO	[jepsen worker 0] jepsen.util: 0	:invoke	:broadcast	18
2026-03-12 17:05:11,177{GMT}	INFO	[jepsen worker 0] jepsen.util: 0	:ok	:broadcast	18
2026-03-12 17:05:11,215{GMT}	INFO	[jepsen worker 0] jepsen.util: 0	:invoke	:broadcast	19
2026-03-12 17:05:11,219{GMT}	INFO	[jepsen worker 0] jepsen.util: 0	:ok	:broadcast	19
2026-03-12 17:05:11,282{GMT}	INFO	[jepsen worker 1] jepsen.util: 1	:invoke	:read	nil
2026-03-12 17:05:11,285{GMT}	INFO	[jepsen worker 1] jepsen.util: 1	:ok	:read	[15]
2026-03-12 17:05:11,420{GMT}	INFO	[jepsen worker 2] jepsen.util: 2	:invoke	:read	nil
2026-03-12 17:05:11,424{GMT}	INFO	[jepsen worker 2] jepsen.util: 2	:ok	:read	[16 5 7 11]
2026-03-12 17:05:11,436{GMT}	INFO	[jepsen worker 3] jepsen.util: 3	:invoke	:broadcast	20
2026-03-12 17:05:11,440{GMT}	INFO	[jepsen worker 3] jepsen.util: 3	:ok	:broadcast	20
2026-03-12 17:05:11,549{GMT}	INFO	[jepsen worker 4] jepsen.util: 4	:invoke	:broadcast	21
2026-03-12 17:05:11,552{GMT}	INFO	[jepsen worker 4] jepsen.util: 4	:ok	:broadcast	21
2026-03-12 17:05:11,722{GMT}	INFO	[jepsen worker 0] jepsen.util: 0	:invoke	:read	nil
2026-03-12 17:05:11,726{GMT}	INFO	[jepsen worker 0] jepsen.util: 0	:ok	:read	[18 3 19 4 6 13 14]
2026-03-12 17:05:11,868{GMT}	INFO	[jepsen worker 0] jepsen.util: 0	:invoke	:read	nil
2026-03-12 17:05:11,872{GMT}	INFO	[jepsen worker 0] jepsen.util: 0	:ok	:read	[18 3 19 4 6 13 14]
2026-03-12 17:05:11,882{GMT}	INFO	[jepsen worker 1] jepsen.util: 1	:invoke	:read	nil
2026-03-12 17:05:11,886{GMT}	INFO	[jepsen worker 1] jepsen.util: 1	:ok	:read	[15]
2026-03-12 17:05:12,033{GMT}	INFO	[jepsen worker 2] jepsen.util: 2	:invoke	:read	nil
2026-03-12 17:05:12,036{GMT}	INFO	[jepsen worker 2] jepsen.util: 2	:ok	:read	[16 5 7 11]
2026-03-12 17:05:12,063{GMT}	INFO	[jepsen worker 3] jepsen.util: 3	:invoke	:broadcast	22
2026-03-12 17:05:12,067{GMT}	INFO	[jepsen worker 3] jepsen.util: 3	:ok	:broadcast	22
2026-03-12 17:05:12,261{GMT}	INFO	[jepsen worker 4] jepsen.util: 4	:invoke	:broadcast	23
2026-03-12 17:05:12,265{GMT}	INFO	[jepsen worker 4] jepsen.util: 4	:ok	:broadcast	23
2026-03-12 17:05:12,447{GMT}	INFO	[jepsen worker 0] jepsen.util: 0	:invoke	:broadcast	24
2026-03-12 17:05:12,451{GMT}	INFO	[jepsen worker 0] jepsen.util: 0	:ok	:broadcast	24
2026-03-12 17:05:12,469{GMT}	INFO	[jepsen worker 0] jepsen.util: 0	:invoke	:read	nil
2026-03-12 17:05:12,472{GMT}	INFO	[jepsen worker 0] jepsen.util: 0	:ok	:read	[18 3 19 4 6 24 13 14]
2026-03-12 17:05:12,561{GMT}	INFO	[jepsen worker 1] jepsen.util: 1	:invoke	:broadcast	25
2026-03-12 17:05:12,565{GMT}	INFO	[jepsen worker 1] jepsen.util: 1	:ok	:broadcast	25
2026-03-12 17:05:12,664{GMT}	INFO	[jepsen worker 2] jepsen.util: 2	:invoke	:broadcast	26
2026-03-12 17:05:12,668{GMT}	INFO	[jepsen worker 2] jepsen.util: 2	:ok	:broadcast	26
2026-03-12 17:05:12,684{GMT}	INFO	[jepsen worker 3] jepsen.util: 3	:invoke	:read	nil
2026-03-12 17:05:12,687{GMT}	INFO	[jepsen worker 3] jepsen.util: 3	:ok	:read	[0 20 22 8]
2026-03-12 17:05:12,702{GMT}	INFO	[jepsen worker 4] jepsen.util: 4	:invoke	:read	nil
2026-03-12 17:05:12,706{GMT}	INFO	[jepsen worker 4] jepsen.util: 4	:ok	:read	[1 17 2 21 23 9 10 12]
2026-03-12 17:05:12,728{GMT}	INFO	[jepsen worker 0] jepsen.util: 0	:invoke	:broadcast	27
2026-03-12 17:05:12,731{GMT}	INFO	[jepsen worker 0] jepsen.util: 0	:ok	:broadcast	27
2026-03-12 17:05:12,909{GMT}	INFO	[jepsen worker 0] jepsen.util: 0	:invoke	:read	nil
2026-03-12 17:05:12,913{GMT}	INFO	[jepsen worker 0] jepsen.util: 0	:ok	:read	[18 3 19 4 6 24 27 13 14]
2026-03-12 17:05:13,023{GMT}	INFO	[jepsen worker 1] jepsen.util: 1	:invoke	:broadcast	28
2026-03-12 17:05:13,026{GMT}	INFO	[jepsen worker 1] jepsen.util: 1	:ok	:broadcast	28
2026-03-12 17:05:13,064{GMT}	INFO	[jepsen worker 2] jepsen.util: 2	:invoke	:read	nil
2026-03-12 17:05:13,068{GMT}	INFO	[jepsen worker 2] jepsen.util: 2	:ok	:read	[16 5 7 26 11]
2026-03-12 17:05:13,178{GMT}	INFO	[jepsen worker 3] jepsen.util: 3	:invoke	:read	nil
2026-03-12 17:05:13,181{GMT}	INFO	[jepsen worker 3] jepsen.util: 3	:ok	:read	[0 20 22 8]
2026-03-12 17:05:13,253{GMT}	INFO	[jepsen worker 4] jepsen.util: 4	:invoke	:broadcast	29
2026-03-12 17:05:13,257{GMT}	INFO	[jepsen worker 4] jepsen.util: 4	:ok	:broadcast	29
2026-03-12 17:05:13,449{GMT}	INFO	[jepsen worker 0] jepsen.util: 0	:invoke	:broadcast	30
2026-03-12 17:05:13,453{GMT}	INFO	[jepsen worker 0] jepsen.util: 0	:ok	:broadcast	30
2026-03-12 17:05:13,487{GMT}	INFO	[jepsen worker 0] jepsen.util: 0	:invoke	:read	nil
2026-03-12 17:05:13,491{GMT}	INFO	[jepsen worker 0] jepsen.util: 0	:ok	:read	[18 3 19 4 6 24 27 13 14 30]
2026-03-12 17:05:13,588{GMT}	INFO	[jepsen worker 1] jepsen.util: 1	:invoke	:read	nil
2026-03-12 17:05:13,592{GMT}	INFO	[jepsen worker 1] jepsen.util: 1	:ok	:read	[25 28 15]
2026-03-12 17:05:13,595{GMT}	INFO	[jepsen worker 2] jepsen.util: 2	:invoke	:read	nil
2026-03-12 17:05:13,597{GMT}	INFO	[jepsen worker 3] jepsen.util: 3	:invoke	:broadcast	31
2026-03-12 17:05:13,597{GMT}	INFO	[jepsen worker 2] jepsen.util: 2	:ok	:read	[16 5 7 26 11]
2026-03-12 17:05:13,598{GMT}	INFO	[jepsen worker 3] jepsen.util: 3	:ok	:broadcast	31
2026-03-12 17:05:13,756{GMT}	INFO	[jepsen worker 4] jepsen.util: 4	:invoke	:read	nil
2026-03-12 17:05:13,759{GMT}	INFO	[jepsen worker 4] jepsen.util: 4	:ok	:read	[1 17 2 21 23 9 10 12 29]
2026-03-12 17:05:13,848{GMT}	INFO	[jepsen worker 0] jepsen.util: 0	:invoke	:read	nil
2026-03-12 17:05:13,852{GMT}	INFO	[jepsen worker 0] jepsen.util: 0	:ok	:read	[18 3 19 4 6 24 27 13 14 30]
2026-03-12 17:05:13,946{GMT}	INFO	[jepsen worker 0] jepsen.util: 0	:invoke	:broadcast	32
2026-03-12 17:05:13,950{GMT}	INFO	[jepsen worker 0] jepsen.util: 0	:ok	:broadcast	32
2026-03-12 17:05:14,143{GMT}	INFO	[jepsen worker 1] jepsen.util: 1	:invoke	:read	nil
2026-03-12 17:05:14,146{GMT}	INFO	[jepsen worker 1] jepsen.util: 1	:ok	:read	[25 28 15]
2026-03-12 17:05:14,280{GMT}	INFO	[jepsen worker 2] jepsen.util: 2	:invoke	:read	nil
2026-03-12 17:05:14,283{GMT}	INFO	[jepsen worker 2] jepsen.util: 2	:ok	:read	[16 5 7 26 11]
2026-03-12 17:05:14,386{GMT}	INFO	[jepsen worker 3] jepsen.util: 3	:invoke	:read	nil
2026-03-12 17:05:14,390{GMT}	INFO	[jepsen worker 3] jepsen.util: 3	:ok	:read	[0 20 22 8 31]
2026-03-12 17:05:14,504{GMT}	INFO	[jepsen worker 4] jepsen.util: 4	:invoke	:broadcast	33
2026-03-12 17:05:14,508{GMT}	INFO	[jepsen worker 4] jepsen.util: 4	:ok	:broadcast	33
2026-03-12 17:05:14,652{GMT}	INFO	[jepsen worker 0] jepsen.util: 0	:invoke	:broadcast	34
2026-03-12 17:05:14,655{GMT}	INFO	[jepsen worker 0] jepsen.util: 0	:ok	:broadcast	34
2026-03-12 17:05:14,839{GMT}	INFO	[jepsen worker 0] jepsen.util: 0	:invoke	:broadcast	35
2026-03-12 17:05:14,842{GMT}	INFO	[jepsen worker 0] jepsen.util: 0	:ok	:broadcast	35
2026-03-12 17:05:14,905{GMT}	INFO	[jepsen worker 1] jepsen.util: 1	:invoke	:read	nil
2026-03-12 17:05:14,908{GMT}	INFO	[jepsen worker 1] jepsen.util: 1	:ok	:read	[25 28 15]
2026-03-12 17:05:15,012{GMT}	INFO	[jepsen worker 2] jepsen.util: 2	:invoke	:broadcast	36
2026-03-12 17:05:15,015{GMT}	INFO	[jepsen worker 2] jepsen.util: 2	:ok	:broadcast	36
2026-03-12 17:05:15,161{GMT}	INFO	[jepsen worker 3] jepsen.util: 3	:invoke	:broadcast	37
2026-03-12 17:05:15,164{GMT}	INFO	[jepsen worker 3] jepsen.util: 3	:ok	:broadcast	37
2026-03-12 17:05:15,290{GMT}	INFO	[jepsen worker 4] jepsen.util: 4	:invoke	:broadcast	38
2026-03-12 17:05:15,294{GMT}	INFO	[jepsen worker 4] jepsen.util: 4	:ok	:broadcast	38
2026-03-12 17:05:15,346{GMT}	INFO	[jepsen worker 0] jepsen.util: 0	:invoke	:broadcast	39
2026-03-12 17:05:15,349{GMT}	INFO	[jepsen worker 0] jepsen.util: 0	:ok	:broadcast	39
2026-03-12 17:05:15,377{GMT}	INFO	[jepsen worker 0] jepsen.util: 0	:invoke	:broadcast	40
2026-03-12 17:05:15,380{GMT}	INFO	[jepsen worker 0] jepsen.util: 0	:ok	:broadcast	40
2026-03-12 17:05:15,473{GMT}	INFO	[jepsen worker 1] jepsen.util: 1	:invoke	:broadcast	41
2026-03-12 17:05:15,476{GMT}	INFO	[jepsen worker 1] jepsen.util: 1	:ok	:broadcast	41
2026-03-12 17:05:15,506{GMT}	INFO	[jepsen worker 2] jepsen.util: 2	:invoke	:broadcast	42
2026-03-12 17:05:15,509{GMT}	INFO	[jepsen worker 2] jepsen.util: 2	:ok	:broadcast	42
2026-03-12 17:05:15,517{GMT}	INFO	[jepsen worker 3] jepsen.util: 3	:invoke	:read	nil
2026-03-12 17:05:15,521{GMT}	INFO	[jepsen worker 3] jepsen.util: 3	:ok	:read	[0 20 37 22 8 31]
2026-03-12 17:05:15,611{GMT}	INFO	[jepsen worker 4] jepsen.util: 4	:invoke	:broadcast	43
2026-03-12 17:05:15,613{GMT}	INFO	[jepsen worker 4] jepsen.util: 4	:ok	:broadcast	43
2026-03-12 17:05:15,616{GMT}	INFO	[jepsen worker 0] jepsen.util: 0	:invoke	:broadcast	44
2026-03-12 17:05:15,617{GMT}	INFO	[jepsen worker 0] jepsen.util: 0	:ok	:broadcast	44
2026-03-12 17:05:15,695{GMT}	INFO	[jepsen worker 0] jepsen.util: 0	:invoke	:read	nil
2026-03-12 17:05:15,699{GMT}	INFO	[jepsen worker 0] jepsen.util: 0	:ok	:read	[32 34 3 35 4 6 39 40 44 13 14 18 19 24 27 30]
2026-03-12 17:05:15,771{GMT}	INFO	[jepsen worker 1] jepsen.util: 1	:invoke	:read	nil
2026-03-12 17:05:15,774{GMT}	INFO	[jepsen worker 1] jepsen.util: 1	:ok	:read	[25 41 28 15]
2026-03-12 17:05:15,873{GMT}	INFO	[jepsen worker 2] jepsen.util: 2	:invoke	:broadcast	45
2026-03-12 17:05:15,876{GMT}	INFO	[jepsen worker 2] jepsen.util: 2	:ok	:broadcast	45
2026-03-12 17:05:16,068{GMT}	INFO	[jepsen worker 3] jepsen.util: 3	:invoke	:broadcast	46
2026-03-12 17:05:16,071{GMT}	INFO	[jepsen worker 3] jepsen.util: 3	:ok	:broadcast	46
2026-03-12 17:05:16,215{GMT}	INFO	[jepsen worker 4] jepsen.util: 4	:invoke	:broadcast	47
2026-03-12 17:05:16,218{GMT}	INFO	[jepsen worker 4] jepsen.util: 4	:ok	:broadcast	47
2026-03-12 17:05:16,410{GMT}	INFO	[jepsen worker 0] jepsen.util: 0	:invoke	:broadcast	48
2026-03-12 17:05:16,413{GMT}	INFO	[jepsen worker 0] jepsen.util: 0	:ok	:broadcast	48
2026-03-12 17:05:16,477{GMT}	INFO	[jepsen worker 0] jepsen.util: 0	:invoke	:read	nil
2026-03-12 17:05:16,481{GMT}	INFO	[jepsen worker 0] jepsen.util: 0	:ok	:read	[32 34 3 35 4 6 39 40 44 13 14 48 18 19 24 27 30]
2026-03-12 17:05:16,579{GMT}	INFO	[jepsen worker 1] jepsen.util: 1	:invoke	:read	nil
2026-03-12 17:05:16,582{GMT}	INFO	[jepsen worker 1] jepsen.util: 1	:ok	:read	[25 41 28 15]
2026-03-12 17:05:16,630{GMT}	INFO	[jepsen worker 2] jepsen.util: 2	:invoke	:broadcast	49
2026-03-12 17:05:16,633{GMT}	INFO	[jepsen worker 2] jepsen.util: 2	:ok	:broadcast	49
2026-03-12 17:05:16,798{GMT}	INFO	[jepsen worker 3] jepsen.util: 3	:invoke	:read	nil
2026-03-12 17:05:16,802{GMT}	INFO	[jepsen worker 3] jepsen.util: 3	:ok	:read	[0 20 37 22 8 46 31]
2026-03-12 17:05:16,874{GMT}	INFO	[jepsen worker 4] jepsen.util: 4	:invoke	:broadcast	50
2026-03-12 17:05:16,877{GMT}	INFO	[jepsen worker 4] jepsen.util: 4	:ok	:broadcast	50
2026-03-12 17:05:17,032{GMT}	INFO	[jepsen worker 0] jepsen.util: 0	:invoke	:broadcast	51
2026-03-12 17:05:17,035{GMT}	INFO	[jepsen worker 0] jepsen.util: 0	:ok	:broadcast	51
2026-03-12 17:05:17,060{GMT}	INFO	[jepsen worker 0] jepsen.util: 0	:invoke	:read	nil
2026-03-12 17:05:17,063{GMT}	INFO	[jepsen worker 0] jepsen.util: 0	:ok	:read	[32 34 3 35 4 6 39 40 44 13 14 48 18 19 51 24 27 30]
2026-03-12 17:05:17,199{GMT}	INFO	[jepsen worker 1] jepsen.util: 1	:invoke	:read	nil
2026-03-12 17:05:17,202{GMT}	INFO	[jepsen worker 1] jepsen.util: 1	:ok	:read	[25 41 28 15]
2026-03-12 17:05:17,398{GMT}	INFO	[jepsen worker 2] jepsen.util: 2	:invoke	:read	nil
2026-03-12 17:05:17,401{GMT}	INFO	[jepsen worker 2] jepsen.util: 2	:ok	:read	[16 49 36 5 7 26 42 11 45]
2026-03-12 17:05:17,512{GMT}	INFO	[jepsen worker 3] jepsen.util: 3	:invoke	:broadcast	52
2026-03-12 17:05:17,515{GMT}	INFO	[jepsen worker 3] jepsen.util: 3	:ok	:broadcast	52
2026-03-12 17:05:17,581{GMT}	INFO	[jepsen worker 4] jepsen.util: 4	:invoke	:broadcast	53
2026-03-12 17:05:17,584{GMT}	INFO	[jepsen worker 4] jepsen.util: 4	:ok	:broadcast	53
2026-03-12 17:05:17,740{GMT}	INFO	[jepsen worker 0] jepsen.util: 0	:invoke	:broadcast	54
2026-03-12 17:05:17,743{GMT}	INFO	[jepsen worker 0] jepsen.util: 0	:ok	:broadcast	54
2026-03-12 17:05:17,789{GMT}	INFO	[jepsen worker 0] jepsen.util: 0	:invoke	:broadcast	55
2026-03-12 17:05:17,791{GMT}	INFO	[jepsen worker 0] jepsen.util: 0	:ok	:broadcast	55
2026-03-12 17:05:17,801{GMT}	INFO	[jepsen worker 1] jepsen.util: 1	:invoke	:broadcast	56
2026-03-12 17:05:17,804{GMT}	INFO	[jepsen worker 1] jepsen.util: 1	:ok	:broadcast	56
2026-03-12 17:05:17,912{GMT}	INFO	[jepsen worker 2] jepsen.util: 2	:invoke	:read	nil
2026-03-12 17:05:17,916{GMT}	INFO	[jepsen worker 2] jepsen.util: 2	:ok	:read	[16 49 36 5 7 26 42 11 45]
2026-03-12 17:05:18,081{GMT}	INFO	[jepsen worker 3] jepsen.util: 3	:invoke	:broadcast	57
2026-03-12 17:05:18,084{GMT}	INFO	[jepsen worker 3] jepsen.util: 3	:ok	:broadcast	57
2026-03-12 17:05:18,275{GMT}	INFO	[jepsen worker 4] jepsen.util: 4	:invoke	:read	nil
2026-03-12 17:05:18,279{GMT}	INFO	[jepsen worker 4] jepsen.util: 4	:ok	:read	[1 33 2 38 9 10 43 12 47 17 50 21 53 23 29]
2026-03-12 17:05:18,287{GMT}	INFO	[jepsen worker 0] jepsen.util: 0	:invoke	:read	nil
2026-03-12 17:05:18,290{GMT}	INFO	[jepsen worker 0] jepsen.util: 0	:ok	:read	[32 34 3 35 4 6 39 40 44 13 14 48 18 19 51 54 55 24 27 30]
2026-03-12 17:05:18,359{GMT}	INFO	[jepsen worker 0] jepsen.util: 0	:invoke	:broadcast	58
2026-03-12 17:05:18,362{GMT}	INFO	[jepsen worker 0] jepsen.util: 0	:ok	:broadcast	58
2026-03-12 17:05:18,420{GMT}	INFO	[jepsen worker 1] jepsen.util: 1	:invoke	:broadcast	59
2026-03-12 17:05:18,423{GMT}	INFO	[jepsen worker 1] jepsen.util: 1	:ok	:broadcast	59
2026-03-12 17:05:18,438{GMT}	INFO	[jepsen worker 2] jepsen.util: 2	:invoke	:broadcast	60
2026-03-12 17:05:18,441{GMT}	INFO	[jepsen worker 2] jepsen.util: 2	:ok	:broadcast	60
2026-03-12 17:05:18,499{GMT}	INFO	[jepsen worker 3] jepsen.util: 3	:invoke	:broadcast	61
2026-03-12 17:05:18,501{GMT}	INFO	[jepsen worker 3] jepsen.util: 3	:ok	:broadcast	61
2026-03-12 17:05:18,629{GMT}	INFO	[jepsen worker 4] jepsen.util: 4	:invoke	:read	nil
2026-03-12 17:05:18,632{GMT}	INFO	[jepsen worker 4] jepsen.util: 4	:ok	:read	[1 33 2 38 9 10 43 12 47 17 50 21 53 23 29]
2026-03-12 17:05:18,802{GMT}	INFO	[jepsen worker 0] jepsen.util: 0	:invoke	:broadcast	62
2026-03-12 17:05:18,805{GMT}	INFO	[jepsen worker 0] jepsen.util: 0	:ok	:broadcast	62
2026-03-12 17:05:18,836{GMT}	INFO	[jepsen worker 0] jepsen.util: 0	:invoke	:broadcast	63
2026-03-12 17:05:18,838{GMT}	INFO	[jepsen worker 0] jepsen.util: 0	:ok	:broadcast	63
2026-03-12 17:05:18,854{GMT}	INFO	[jepsen worker 1] jepsen.util: 1	:invoke	:read	nil
2026-03-12 17:05:18,857{GMT}	INFO	[jepsen worker 1] jepsen.util: 1	:ok	:read	[56 25 41 59 28 15]
2026-03-12 17:05:18,924{GMT}	INFO	[jepsen worker 2] jepsen.util: 2	:invoke	:read	nil
2026-03-12 17:05:18,927{GMT}	INFO	[jepsen worker 2] jepsen.util: 2	:ok	:read	[16 49 36 5 7 26 42 11 60 45]
2026-03-12 17:05:18,955{GMT}	INFO	[jepsen worker 3] jepsen.util: 3	:invoke	:broadcast	64
2026-03-12 17:05:18,957{GMT}	INFO	[jepsen worker 3] jepsen.util: 3	:ok	:broadcast	64
2026-03-12 17:05:18,998{GMT}	INFO	[jepsen worker 4] jepsen.util: 4	:invoke	:read	nil
2026-03-12 17:05:19,001{GMT}	INFO	[jepsen worker 4] jepsen.util: 4	:ok	:read	[1 33 2 38 9 10 43 12 47 17 50 21 53 23 29]
2026-03-12 17:05:19,032{GMT}	INFO	[jepsen worker 0] jepsen.util: 0	:invoke	:broadcast	65
2026-03-12 17:05:19,035{GMT}	INFO	[jepsen worker 0] jepsen.util: 0	:ok	:broadcast	65
2026-03-12 17:05:19,094{GMT}	INFO	[jepsen worker 0] jepsen.util: 0	:invoke	:broadcast	66
2026-03-12 17:05:19,097{GMT}	INFO	[jepsen worker 0] jepsen.util: 0	:ok	:broadcast	66
2026-03-12 17:05:19,251{GMT}	INFO	[jepsen worker 1] jepsen.util: 1	:invoke	:read	nil
2026-03-12 17:05:19,254{GMT}	INFO	[jepsen worker 1] jepsen.util: 1	:ok	:read	[56 25 41 59 28 15]
2026-03-12 17:05:19,396{GMT}	INFO	[jepsen worker 2] jepsen.util: 2	:invoke	:broadcast	67
2026-03-12 17:05:19,400{GMT}	INFO	[jepsen worker 2] jepsen.util: 2	:ok	:broadcast	67
2026-03-12 17:05:19,560{GMT}	INFO	[jepsen worker 3] jepsen.util: 3	:invoke	:broadcast	68
2026-03-12 17:05:19,564{GMT}	INFO	[jepsen worker 3] jepsen.util: 3	:ok	:broadcast	68
2026-03-12 17:05:19,661{GMT}	INFO	[jepsen worker 4] jepsen.util: 4	:invoke	:broadcast	69
2026-03-12 17:05:19,664{GMT}	INFO	[jepsen worker 4] jepsen.util: 4	:ok	:broadcast	69
2026-03-12 17:05:19,777{GMT}	INFO	[jepsen worker 0] jepsen.util: 0	:invoke	:read	nil
2026-03-12 17:05:19,780{GMT}	INFO	[jepsen worker 0] jepsen.util: 0	:ok	:read	[65 66 3 4 6 13 14 18 19 24 27 30 32 34 35 39 40 44 48 51 54 55 58 62 63]
2026-03-12 17:05:19,975{GMT}	INFO	[jepsen worker 0] jepsen.util: 0	:invoke	:read	nil
2026-03-12 17:05:19,978{GMT}	INFO	[jepsen worker 0] jepsen.util: 0	:ok	:read	[65 66 3 4 6 13 14 18 19 24 27 30 32 34 35 39 40 44 48 51 54 55 58 62 63]
2026-03-12 17:05:20,027{GMT}	INFO	[jepsen worker 1] jepsen.util: 1	:invoke	:read	nil
2026-03-12 17:05:20,029{GMT}	INFO	[jepsen worker 1] jepsen.util: 1	:ok	:read	[56 25 41 59 28 15]
2026-03-12 17:05:20,119{GMT}	INFO	[jepsen worker 2] jepsen.util: 2	:invoke	:read	nil
2026-03-12 17:05:20,122{GMT}	INFO	[jepsen worker 2] jepsen.util: 2	:ok	:read	[16 49 67 36 5 7 26 42 11 60 45]
2026-03-12 17:05:20,125{GMT}	INFO	[jepsen worker 3] jepsen.util: 3	:invoke	:broadcast	70
2026-03-12 17:05:20,128{GMT}	INFO	[jepsen worker 3] jepsen.util: 3	:ok	:broadcast	70
2026-03-12 17:05:20,265{GMT}	INFO	[jepsen worker 4] jepsen.util: 4	:invoke	:broadcast	71
2026-03-12 17:05:20,268{GMT}	INFO	[jepsen worker 4] jepsen.util: 4	:ok	:broadcast	71
2026-03-12 17:05:20,310{GMT}	INFO	[jepsen worker 0] jepsen.util: 0	:invoke	:broadcast	72
2026-03-12 17:05:20,312{GMT}	INFO	[jepsen worker 0] jepsen.util: 0	:ok	:broadcast	72
2026-03-12 17:05:20,497{GMT}	INFO	[jepsen worker 0] jepsen.util: 0	:invoke	:broadcast	73
2026-03-12 17:05:20,500{GMT}	INFO	[jepsen worker 0] jepsen.util: 0	:ok	:broadcast	73
2026-03-12 17:05:20,517{GMT}	INFO	[jepsen worker 1] jepsen.util: 1	:invoke	:read	nil
2026-03-12 17:05:20,521{GMT}	INFO	[jepsen worker 1] jepsen.util: 1	:ok	:read	[56 25 41 59 28 15]
2026-03-12 17:05:20,650{GMT}	INFO	[jepsen worker 2] jepsen.util: 2	:invoke	:read	nil
2026-03-12 17:05:20,654{GMT}	INFO	[jepsen worker 2] jepsen.util: 2	:ok	:read	[16 49 67 36 5 7 26 42 11 60 45]
2026-03-12 17:05:20,824{GMT}	INFO	[jepsen worker 3] jepsen.util: 3	:invoke	:read	nil
2026-03-12 17:05:20,828{GMT}	INFO	[jepsen worker 3] jepsen.util: 3	:ok	:read	[0 64 68 37 70 8 46 20 52 22 57 61 31]
2026-03-12 17:05:20,992{GMT}	INFO	[jepsen worker 4] jepsen.util: 4	:invoke	:broadcast	74
2026-03-12 17:05:20,996{GMT}	INFO	[jepsen worker 4] jepsen.util: 4	:ok	:broadcast	74
2026-03-12 17:05:21,027{GMT}	INFO	[jepsen worker 0] jepsen.util: 0	:invoke	:broadcast	75
2026-03-12 17:05:21,029{GMT}	INFO	[jepsen worker 0] jepsen.util: 0	:ok	:broadcast	75
2026-03-12 17:05:21,216{GMT}	INFO	[jepsen worker 0] jepsen.util: 0	:invoke	:read	nil
2026-03-12 17:05:21,219{GMT}	INFO	[jepsen worker 0] jepsen.util: 0	:ok	:read	[65 66 3 4 6 72 73 75 13 14 18 19 24 27 30 32 34 35 39 40 44 48 51 54 55 58 62 63]
2026-03-12 17:05:21,390{GMT}	INFO	[jepsen worker 1] jepsen.util: 1	:invoke	:broadcast	76
2026-03-12 17:05:21,393{GMT}	INFO	[jepsen worker 1] jepsen.util: 1	:ok	:broadcast	76
2026-03-12 17:05:21,479{GMT}	INFO	[jepsen worker 2] jepsen.util: 2	:invoke	:broadcast	77
2026-03-12 17:05:21,482{GMT}	INFO	[jepsen worker 2] jepsen.util: 2	:ok	:broadcast	77
2026-03-12 17:05:21,539{GMT}	INFO	[jepsen worker 3] jepsen.util: 3	:invoke	:broadcast	78
2026-03-12 17:05:21,542{GMT}	INFO	[jepsen worker 3] jepsen.util: 3	:ok	:broadcast	78
2026-03-12 17:05:21,563{GMT}	INFO	[jepsen worker 4] jepsen.util: 4	:invoke	:broadcast	79
2026-03-12 17:05:21,566{GMT}	INFO	[jepsen worker 4] jepsen.util: 4	:ok	:broadcast	79
2026-03-12 17:05:21,722{GMT}	INFO	[jepsen worker 0] jepsen.util: 0	:invoke	:read	nil
2026-03-12 17:05:21,725{GMT}	INFO	[jepsen worker 0] jepsen.util: 0	:ok	:read	[65 66 3 4 6 72 73 75 13 14 18 19 24 27 30 32 34 35 39 40 44 48 51 54 55 58 62 63]
2026-03-12 17:05:21,877{GMT}	INFO	[jepsen worker 0] jepsen.util: 0	:invoke	:broadcast	80
2026-03-12 17:05:21,880{GMT}	INFO	[jepsen worker 0] jepsen.util: 0	:ok	:broadcast	80
2026-03-12 17:05:22,021{GMT}	INFO	[jepsen worker 1] jepsen.util: 1	:invoke	:broadcast	81
2026-03-12 17:05:22,024{GMT}	INFO	[jepsen worker 1] jepsen.util: 1	:ok	:broadcast	81
2026-03-12 17:05:22,190{GMT}	INFO	[jepsen worker 2] jepsen.util: 2	:invoke	:broadcast	82
2026-03-12 17:05:22,193{GMT}	INFO	[jepsen worker 2] jepsen.util: 2	:ok	:broadcast	82
2026-03-12 17:05:22,334{GMT}	INFO	[jepsen worker 3] jepsen.util: 3	:invoke	:read	nil
2026-03-12 17:05:22,337{GMT}	INFO	[jepsen worker 3] jepsen.util: 3	:ok	:read	[0 64 68 37 70 8 46 78 20 52 22 57 61 31]
2026-03-12 17:05:22,399{GMT}	INFO	[jepsen worker 4] jepsen.util: 4	:invoke	:read	nil
2026-03-12 17:05:22,402{GMT}	INFO	[jepsen worker 4] jepsen.util: 4	:ok	:read	[1 33 2 69 38 71 9 10 74 43 12 47 79 17 50 21 53 23 29]
2026-03-12 17:05:22,513{GMT}	INFO	[jepsen worker 0] jepsen.util: 0	:invoke	:read	nil
2026-03-12 17:05:22,516{GMT}	INFO	[jepsen worker 0] jepsen.util: 0	:ok	:read	[65 66 3 4 6 72 73 75 13 14 80 18 19 24 27 30 32 34 35 39 40 44 48 51 54 55 58 62 63]
2026-03-12 17:05:22,646{GMT}	INFO	[jepsen worker 0] jepsen.util: 0	:invoke	:broadcast	83
2026-03-12 17:05:22,647{GMT}	INFO	[jepsen worker 0] jepsen.util: 0	:ok	:broadcast	83
2026-03-12 17:05:22,667{GMT}	INFO	[jepsen worker 1] jepsen.util: 1	:invoke	:read	nil
2026-03-12 17:05:22,670{GMT}	INFO	[jepsen worker 1] jepsen.util: 1	:ok	:read	[81 56 25 41 59 28 76 15]
2026-03-12 17:05:22,860{GMT}	INFO	[jepsen worker 2] jepsen.util: 2	:invoke	:broadcast	84
2026-03-12 17:05:22,863{GMT}	INFO	[jepsen worker 2] jepsen.util: 2	:ok	:broadcast	84
2026-03-12 17:05:23,040{GMT}	INFO	[jepsen worker 3] jepsen.util: 3	:invoke	:read	nil
2026-03-12 17:05:23,043{GMT}	INFO	[jepsen worker 3] jepsen.util: 3	:ok	:read	[0 64 68 37 70 8 46 78 20 52 22 57 61 31]
2026-03-12 17:05:23,057{GMT}	INFO	[jepsen worker 4] jepsen.util: 4	:invoke	:read	nil
2026-03-12 17:05:23,060{GMT}	INFO	[jepsen worker 4] jepsen.util: 4	:ok	:read	[1 33 2 69 38 71 9 10 74 43 12 47 79 17 50 21 53 23 29]
2026-03-12 17:05:23,238{GMT}	INFO	[jepsen worker 0] jepsen.util: 0	:invoke	:broadcast	85
2026-03-12 17:05:23,240{GMT}	INFO	[jepsen worker 0] jepsen.util: 0	:ok	:broadcast	85
2026-03-12 17:05:23,264{GMT}	INFO	[jepsen worker 0] jepsen.util: 0	:invoke	:broadcast	86
2026-03-12 17:05:23,266{GMT}	INFO	[jepsen worker 0] jepsen.util: 0	:ok	:broadcast	86
2026-03-12 17:05:23,445{GMT}	INFO	[jepsen worker 1] jepsen.util: 1	:invoke	:read	nil
2026-03-12 17:05:23,447{GMT}	INFO	[jepsen worker 1] jepsen.util: 1	:ok	:read	[81 56 25 41 59 28 76 15]
2026-03-12 17:05:23,612{GMT}	INFO	[jepsen worker 2] jepsen.util: 2	:invoke	:read	nil
2026-03-12 17:05:23,613{GMT}	INFO	[jepsen worker 2] jepsen.util: 2	:ok	:read	[67 36 5 7 42 11 45 77 16 49 82 84 26 60]
2026-03-12 17:05:23,799{GMT}	INFO	[jepsen worker 3] jepsen.util: 3	:invoke	:broadcast	87
2026-03-12 17:05:23,801{GMT}	INFO	[jepsen worker 3] jepsen.util: 3	:ok	:broadcast	87
2026-03-12 17:05:23,851{GMT}	INFO	[jepsen worker 4] jepsen.util: 4	:invoke	:broadcast	88
2026-03-12 17:05:23,853{GMT}	INFO	[jepsen worker 4] jepsen.util: 4	:ok	:broadcast	88
2026-03-12 17:05:23,938{GMT}	INFO	[jepsen worker 0] jepsen.util: 0	:invoke	:read	nil
2026-03-12 17:05:23,941{GMT}	INFO	[jepsen worker 0] jepsen.util: 0	:ok	:read	[65 66 3 4 6 72 73 75 13 14 80 18 19 83 85 86 24 27 30 32 34 35 39 40 44 48 51 54 55 58 62 63]
2026-03-12 17:05:24,031{GMT}	INFO	[jepsen worker 0] jepsen.util: 0	:invoke	:broadcast	89
2026-03-12 17:05:24,033{GMT}	INFO	[jepsen worker 0] jepsen.util: 0	:ok	:broadcast	89
2026-03-12 17:05:24,129{GMT}	INFO	[jepsen worker 1] jepsen.util: 1	:invoke	:broadcast	90
2026-03-12 17:05:24,132{GMT}	INFO	[jepsen worker 1] jepsen.util: 1	:ok	:broadcast	90
2026-03-12 17:05:24,222{GMT}	INFO	[jepsen worker 2] jepsen.util: 2	:invoke	:read	nil
2026-03-12 17:05:24,225{GMT}	INFO	[jepsen worker 2] jepsen.util: 2	:ok	:read	[67 36 5 7 42 11 45 77 16 49 82 84 26 60]
2026-03-12 17:05:24,366{GMT}	INFO	[jepsen worker 3] jepsen.util: 3	:invoke	:read	nil
2026-03-12 17:05:24,369{GMT}	INFO	[jepsen worker 3] jepsen.util: 3	:ok	:read	[0 64 68 37 70 8 46 78 20 52 22 87 57 61 31]
2026-03-12 17:05:24,391{GMT}	INFO	[jepsen worker 4] jepsen.util: 4	:invoke	:read	nil
2026-03-12 17:05:24,394{GMT}	INFO	[jepsen worker 4] jepsen.util: 4	:ok	:read	[1 33 2 69 38 71 9 10 74 43 12 47 79 17 50 21 53 23 88 29]
2026-03-12 17:05:24,438{GMT}	INFO	[jepsen worker 0] jepsen.util: 0	:invoke	:broadcast	91
2026-03-12 17:05:24,441{GMT}	INFO	[jepsen worker 0] jepsen.util: 0	:ok	:broadcast	91
2026-03-12 17:05:24,528{GMT}	INFO	[jepsen worker 0] jepsen.util: 0	:invoke	:broadcast	92
2026-03-12 17:05:24,531{GMT}	INFO	[jepsen worker 0] jepsen.util: 0	:ok	:broadcast	92
2026-03-12 17:05:24,598{GMT}	INFO	[jepsen worker 1] jepsen.util: 1	:invoke	:read	nil
2026-03-12 17:05:24,601{GMT}	INFO	[jepsen worker 1] jepsen.util: 1	:ok	:read	[81 56 25 41 90 59 28 76 15]
2026-03-12 17:05:24,729{GMT}	INFO	[jepsen worker 2] jepsen.util: 2	:invoke	:broadcast	93
2026-03-12 17:05:24,732{GMT}	INFO	[jepsen worker 2] jepsen.util: 2	:ok	:broadcast	93
2026-03-12 17:05:24,786{GMT}	INFO	[jepsen worker 3] jepsen.util: 3	:invoke	:read	nil
2026-03-12 17:05:24,789{GMT}	INFO	[jepsen worker 3] jepsen.util: 3	:ok	:read	[0 64 68 37 70 8 46 78 20 52 22 87 57 61 31]
2026-03-12 17:05:24,932{GMT}	INFO	[jepsen worker 4] jepsen.util: 4	:invoke	:read	nil
2026-03-12 17:05:24,935{GMT}	INFO	[jepsen worker 4] jepsen.util: 4	:ok	:read	[1 33 2 69 38 71 9 10 74 43 12 47 79 17 50 21 53 23 88 29]
2026-03-12 17:05:25,047{GMT}	INFO	[jepsen worker 0] jepsen.util: 0	:invoke	:broadcast	94
2026-03-12 17:05:25,049{GMT}	INFO	[jepsen worker 0] jepsen.util: 0	:ok	:broadcast	94
2026-03-12 17:05:25,213{GMT}	INFO	[jepsen worker 0] jepsen.util: 0	:invoke	:broadcast	95
2026-03-12 17:05:25,216{GMT}	INFO	[jepsen worker 0] jepsen.util: 0	:ok	:broadcast	95
2026-03-12 17:05:25,333{GMT}	INFO	[jepsen worker 1] jepsen.util: 1	:invoke	:broadcast	96
2026-03-12 17:05:25,336{GMT}	INFO	[jepsen worker 1] jepsen.util: 1	:ok	:broadcast	96
2026-03-12 17:05:25,339{GMT}	INFO	[jepsen worker 2] jepsen.util: 2	:invoke	:broadcast	97
2026-03-12 17:05:25,341{GMT}	INFO	[jepsen worker 2] jepsen.util: 2	:ok	:broadcast	97
2026-03-12 17:05:25,484{GMT}	INFO	[jepsen worker 3] jepsen.util: 3	:invoke	:read	nil
2026-03-12 17:05:25,488{GMT}	INFO	[jepsen worker 3] jepsen.util: 3	:ok	:read	[0 64 68 37 70 8 46 78 20 52 22 87 57 61 31]
2026-03-12 17:05:25,681{GMT}	INFO	[jepsen worker 4] jepsen.util: 4	:invoke	:broadcast	98
2026-03-12 17:05:25,684{GMT}	INFO	[jepsen worker 4] jepsen.util: 4	:ok	:broadcast	98
2026-03-12 17:05:25,799{GMT}	INFO	[jepsen worker 0] jepsen.util: 0	:invoke	:read	nil
2026-03-12 17:05:25,803{GMT}	INFO	[jepsen worker 0] jepsen.util: 0	:ok	:read	[65 66 3 4 6 72 73 75 13 14 80 18 19 83 85 86 24 89 27 91 92 30 94 95 32 34 35 39 40 44 48 51 54 55 58 62 63]
2026-03-12 17:05:25,993{GMT}	INFO	[jepsen worker 0] jepsen.util: 0	:invoke	:read	nil
2026-03-12 17:05:25,994{GMT}	INFO	[jepsen worker 1] jepsen.util: 1	:invoke	:read	nil
2026-03-12 17:05:25,996{GMT}	INFO	[jepsen worker 1] jepsen.util: 1	:ok	:read	[96 81 56 25 41 90 59 28 76 15]
2026-03-12 17:05:25,996{GMT}	INFO	[jepsen worker 0] jepsen.util: 0	:ok	:read	[65 66 3 4 6 72 73 75 13 14 80 18 19 83 85 86 24 89 27 91 92 30 94 95 32 34 35 39 40 44 48 51 54 55 58 62 63]
2026-03-12 17:05:26,092{GMT}	INFO	[jepsen worker 2] jepsen.util: 2	:invoke	:broadcast	99
2026-03-12 17:05:26,095{GMT}	INFO	[jepsen worker 2] jepsen.util: 2	:ok	:broadcast	99
2026-03-12 17:05:26,107{GMT}	INFO	[jepsen worker 3] jepsen.util: 3	:invoke	:broadcast	100
2026-03-12 17:05:26,110{GMT}	INFO	[jepsen worker 3] jepsen.util: 3	:ok	:broadcast	100
2026-03-12 17:05:26,282{GMT}	INFO	[jepsen worker 4] jepsen.util: 4	:invoke	:broadcast	101
2026-03-12 17:05:26,285{GMT}	INFO	[jepsen worker 4] jepsen.util: 4	:ok	:broadcast	101
2026-03-12 17:05:26,313{GMT}	INFO	[jepsen worker 0] jepsen.util: 0	:invoke	:read	nil
2026-03-12 17:05:26,316{GMT}	INFO	[jepsen worker 0] jepsen.util: 0	:ok	:read	[65 66 3 4 6 72 73 75 13 14 80 18 19 83 85 86 24 89 27 91 92 30 94 95 32 34 35 39 40 44 48 51 54 55 58 62 63]
2026-03-12 17:05:26,356{GMT}	INFO	[jepsen worker 0] jepsen.util: 0	:invoke	:broadcast	102
2026-03-12 17:05:26,359{GMT}	INFO	[jepsen worker 0] jepsen.util: 0	:ok	:broadcast	102
2026-03-12 17:05:26,423{GMT}	INFO	[jepsen worker 1] jepsen.util: 1	:invoke	:broadcast	103
2026-03-12 17:05:26,426{GMT}	INFO	[jepsen worker 1] jepsen.util: 1	:ok	:broadcast	103
2026-03-12 17:05:26,494{GMT}	INFO	[jepsen worker 2] jepsen.util: 2	:invoke	:broadcast	104
2026-03-12 17:05:26,496{GMT}	INFO	[jepsen worker 2] jepsen.util: 2	:ok	:broadcast	104
2026-03-12 17:05:26,688{GMT}	INFO	[jepsen worker 3] jepsen.util: 3	:invoke	:read	nil
2026-03-12 17:05:26,691{GMT}	INFO	[jepsen worker 3] jepsen.util: 3	:ok	:read	[0 64 68 100 37 70 8 46 78 20 52 22 87 57 61 31]
2026-03-12 17:05:26,692{GMT}	INFO	[jepsen worker 4] jepsen.generator.interpreter: Waiting for recovery...
2026-03-12 17:05:36,697{GMT}	INFO	[jepsen worker 0] jepsen.util: 0	:invoke	:read	nil
2026-03-12 17:05:36,697{GMT}	INFO	[jepsen worker 1] jepsen.util: 1	:invoke	:read	nil
2026-03-12 17:05:36,698{GMT}	INFO	[jepsen worker 3] jepsen.util: 3	:invoke	:read	nil
2026-03-12 17:05:36,698{GMT}	INFO	[jepsen worker 4] jepsen.util: 4	:invoke	:read	nil
2026-03-12 17:05:36,699{GMT}	INFO	[jepsen worker 2] jepsen.util: 2	:invoke	:read	nil
2026-03-12 17:05:36,701{GMT}	INFO	[jepsen worker 1] jepsen.util: 1	:ok	:read	[96 81 103 56 25 41 90 59 28 76 15]
2026-03-12 17:05:36,701{GMT}	INFO	[jepsen worker 0] jepsen.util: 0	:ok	:read	[65 66 3 4 6 72 73 75 13 14 80 18 19 83 85 86 24 89 27 91 92 30 94 95 32 34 35 102 39 40 44 48 51 54 55 58 62 63]
2026-03-12 17:05:36,703{GMT}	INFO	[jepsen worker 3] jepsen.util: 3	:ok	:read	[0 64 68 100 37 70 8 46 78 20 52 22 87 57 61 31]
2026-03-12 17:05:36,703{GMT}	INFO	[jepsen worker 4] jepsen.util: 4	:ok	:read	[1 33 2 98 69 101 38 71 9 10 74 43 12 47 79 17 50 21 53 23 88 29]
2026-03-12 17:05:36,703{GMT}	INFO	[jepsen worker 2] jepsen.util: 2	:ok	:read	[97 67 99 36 5 7 104 42 11 45 77 16 49 82 84 26 60 93]
2026-03-12 17:05:36,731{GMT}	INFO	[jepsen test runner] jepsen.core: Run complete, writing
2026-03-12 17:05:36,840{GMT}	INFO	[jepsen node n0] maelstrom.db: Tearing down n0
2026-03-12 17:05:36,840{GMT}	INFO	[jepsen node n1] maelstrom.db: Tearing down n1
2026-03-12 17:05:36,840{GMT}	INFO	[jepsen node n2] maelstrom.db: Tearing down n2
2026-03-12 17:05:36,842{GMT}	INFO	[jepsen node n3] maelstrom.db: Tearing down n3
2026-03-12 17:05:36,844{GMT}	INFO	[jepsen node n4] maelstrom.db: Tearing down n4
2026-03-12 17:05:38,601{GMT}	INFO	[jepsen node n0] maelstrom.net: Shutting down Maelstrom network
2026-03-12 17:05:38,602{GMT}	INFO	[jepsen test runner] jepsen.core: Analyzing...
2026-03-12 17:05:38,916{GMT}	INFO	[jepsen test runner] jepsen.core: Analysis complete
2026-03-12 17:05:38,956{GMT}	INFO	[jepsen results] jepsen.store: Wrote /home/banna/Documents/maelstrom-java/store/broadcast/20260312T170504.998Z/results.edn
2026-03-12 17:05:38,988{GMT}	INFO	[jepsen test runner] jepsen.core: {:perf {:latency-graph {:valid? true},
        :rate-graph {:valid? true},
        :valid? true},
 :timeline {:valid? true},
 :exceptions {:valid? true},
 :stats {:valid? true,
         :count 201,
         :ok-count 201,
         :fail-count 0,
         :info-count 0,
         :by-f {:broadcast {:valid? true,
                            :count 105,
                            :ok-count 105,
                            :fail-count 0,
                            :info-count 0},
                :read {:valid? true,
                       :count 96,
                       :ok-count 96,
                       :fail-count 0,
                       :info-count 0}}},
 :availability {:valid? true, :ok-fraction 1.0},
 :net {:all {:send-count 422,
             :recv-count 422,
             :msg-count 422,
             :msgs-per-op 2.0995026},
       :clients {:send-count 422, :recv-count 422, :msg-count 422},
       :servers {:send-count 0,
                 :recv-count 0,
                 :msg-count 0,
                 :msgs-per-op 0.0},
       :valid? true},
 :workload {:worst-stale ({:element 5,
                           :outcome :stable,
                           :stable-latency 28262,
                           :lost-latency nil,
                           :known #jepsen.history.Op{:index 29,
                                                     :time 1663601247,
                                                     :type :ok,
                                                     :process 2,
                                                     :f :add,
                                                     :value 5},
                           :last-absent #jepsen.history.Op{:index 395,
                                                           :time 29925880031,
                                                           :type :invoke,
                                                           :process 4,
                                                           :f :read,
                                                           :value nil,
                                                           :final? true}}
                          {:element 7,
                           :outcome :stable,
                           :stable-latency 27592,
                           :lost-latency nil,
                           :known #jepsen.history.Op{:index 41,
                                                     :time 2332949601,
                                                     :type :ok,
                                                     :process 2,
                                                     :f :add,
                                                     :value 7},
                           :last-absent #jepsen.history.Op{:index 395,
                                                           :time 29925880031,
                                                           :type :invoke,
                                                           :process 4,
                                                           :f :read,
                                                           :value nil,
                                                           :final? true}}
                          {:element 11,
                           :outcome :stable,
                           :stable-latency 26453,
                           :lost-latency nil,
                           :known #jepsen.history.Op{:index 65,
                                                     :time 3472402866,
                                                     :type :ok,
                                                     :process 2,
                                                     :f :add,
                                                     :value 11},
                           :last-absent #jepsen.history.Op{:index 395,
                                                           :time 29925880031,
                                                           :type :invoke,
                                                           :process 4,
                                                           :f :read,
                                                           :value nil,
                                                           :final? true}}
                          {:element 16,
                           :outcome :stable,
                           :stable-latency 25796,
                           :lost-latency nil,
                           :known #jepsen.history.Op{:index 77,
                                                     :time 4129010180,
                                                     :type :ok,
                                                     :process 2,
                                                     :f :add,
                                                     :value 16},
                           :last-absent #jepsen.history.Op{:index 395,
                                                           :time 29925880031,
                                                           :type :invoke,
                                                           :process 4,
                                                           :f :read,
                                                           :value nil,
                                                           :final? true}}
                          {:element 26,
                           :outcome :stable,
                           :stable-latency 24029,
                           :lost-latency nil,
                           :known #jepsen.history.Op{:index 113,
                                                     :time 5896132474,
                                                     :type :ok,
                                                     :process 2,
                                                     :f :add,
                                                     :value 26},
                           :last-absent #jepsen.history.Op{:index 395,
                                                           :time 29925880031,
                                                           :type :invoke,
                                                           :process 4,
                                                           :f :read,
                                                           :value nil,
                                                           :final? true}}
                          {:element 36,
                           :outcome :stable,
                           :stable-latency 21682,
                           :lost-latency nil,
                           :known #jepsen.history.Op{:index 161,
                                                     :time 8243623145,
                                                     :type :ok,
                                                     :process 2,
                                                     :f :add,
                                                     :value 36},
                           :last-absent #jepsen.history.Op{:index 395,
                                                           :time 29925880031,
                                                           :type :invoke,
                                                           :process 4,
                                                           :f :read,
                                                           :value nil,
                                                           :final? true}}
                          {:element 42,
                           :outcome :stable,
                           :stable-latency 21188,
                           :lost-latency nil,
                           :known #jepsen.history.Op{:index 173,
                                                     :time 8737582962,
                                                     :type :ok,
                                                     :process 2,
                                                     :f :add,
                                                     :value 42},
                           :last-absent #jepsen.history.Op{:index 395,
                                                           :time 29925880031,
                                                           :type :invoke,
                                                           :process 4,
                                                           :f :read,
                                                           :value nil,
                                                           :final? true}}
                          {:element 45,
                           :outcome :stable,
                           :stable-latency 20821,
                           :lost-latency nil,
                           :known #jepsen.history.Op{:index 185,
                                                     :time 9103966346,
                                                     :type :ok,
                                                     :process 2,
                                                     :f :add,
                                                     :value 45},
                           :last-absent #jepsen.history.Op{:index 395,
                                                           :time 29925880031,
                                                           :type :invoke,
                                                           :process 4,
                                                           :f :read,
                                                           :value nil,
                                                           :final? true}}),
            :duplicated-count 0,
            :valid? false,
            :lost-count 87,
            :lost (0
                   1
                   2
                   3
                   4
                   6
                   8
                   9
                   10
                   12
                   13
                   14
                   15
                   17
                   18
                   19
                   20
                   21
                   22
                   23
                   24
                   25
                   27
                   28
                   29
                   30
                   31
                   32
                   33
                   34
                   35
                   37
                   38
                   39
                   40
                   41
                   43
                   44
                   46
                   47
                   48
                   50
                   51
                   52
                   53
                   54
                   55
                   56
                   57
                   58
                   59
                   61
                   62
                   63
                   64
                   65
                   66
                   68
                   69
                   70
                   71
                   72
                   73
                   74
                   75
                   76
                   78
                   79
                   80
                   81
                   83
                   85
                   86
                   87
                   88
                   89
                   90
                   91
                   92
                   94
                   95
                   96
                   98
                   100
                   101
                   102
                   103),
            :stable-count 18,
            :stale-count 18,
            :stale (5
                    7
                    11
                    16
                    26
                    36
                    42
                    45
                    49
                    60
                    67
                    77
                    82
                    84
                    93
                    97
                    99
                    104),
            :never-read-count 0,
            :stable-latencies {0 10201,
                               0.5 20064,
                               0.95 28262,
                               0.99 28262,
                               1 28262},
            :attempt-count 105,
            :lost-latencies {0 10270,
                             0.5 19182,
                             0.95 28428,
                             0.99 29598,
                             1 29598},
            :never-read (),
            :duplicated {}},
 :valid? false}


Analysis invalid! (ﾉಥ益ಥ）ﾉ ┻━┻
