2026-03-20 15:15:53,813{GMT}	INFO	[jepsen test runner] jepsen.core: Command line:
lein run test -w broadcast --bin run.sh broadcast --node-count 5 --time-limit 20 --rate 10 nemesis partition
2026-03-20 15:15:53,882{GMT}	INFO	[jepsen test runner] jepsen.core: Running test:
{:args ["broadcast" "nemesis" "partition"]
 :remote
 #jepsen.control.retry.Remote{:remote #jepsen.control.scp.Remote{:cmd-remote #jepsen.control.sshj.SSHJRemote{:concurrency-limit 6,
                                                                                                             :conn-spec nil,
                                                                                                             :client nil,
                                                                                                             :semaphore nil},
                                                                 :conn-spec nil},
                              :conn nil}
 :log-net-send false
 :node-count 5
 :availability nil
 :max-txn-length 4
 :concurrency 5
 :db
 #object[maelstrom.db$db$reify__16142
         "0x70b2819f"
         "maelstrom.db$db$reify__16142@70b2819f"]
 :max-writes-per-key 16
 :leave-db-running? false
 :name "broadcast"
 :logging-json? false
 :start-time
 #object[org.joda.time.DateTime "0x65dac812" "2026-03-20T15:15:53.787Z"]
 :nemesis-interval 10
 :net
 #object[maelstrom.net$jepsen_net$reify__15251
         "0x3619ecd"
         "maelstrom.net$jepsen_net$reify__15251@3619ecd"]
 :client
 #object[maelstrom.workload.broadcast$client$reify__16644
         "0x7de4bd8f"
         "maelstrom.workload.broadcast$client$reify__16644@7de4bd8f"]
 :barrier
 #object[java.util.concurrent.CyclicBarrier
         "0x193e65d5"
         "java.util.concurrent.CyclicBarrier@193e65d5"]
 :log-stderr false
 :pure-generators true
 :ssh {:dummy? true}
 :rate 10.0
 :checker
 #object[jepsen.checker$compose$reify__11881
         "0x2a97b4b8"
         "jepsen.checker$compose$reify__11881@2a97b4b8"]
 :argv
 ("test"
  "-w"
  "broadcast"
  "--bin"
  "run.sh"
  "broadcast"
  "--node-count"
  "5"
  "--time-limit"
  "20"
  "--rate"
  "10"
  "nemesis"
  "partition")
 :nemesis
 (jepsen.nemesis.ReflCompose
  {:fm {:start-partition 0,
        :stop-partition 0,
        :kill 1,
        :start 1,
        :pause 1,
        :resume 1},
   :nemeses [#unprintable "jepsen.nemesis.combined$partition_nemesis$reify__16416@250fc0d1"
             #unprintable "jepsen.nemesis.combined$db_nemesis$reify__16397@7ddf193a"]})
 :nodes ["n0" "n1" "n2" "n3" "n4"]
 :test-count 1
 :latency {:mean 0, :dist :constant}
 :bin "run.sh"
 :generator
 ((jepsen.generator.Synchronize
   {:gen (jepsen.generator.TimeLimit
          {:limit 20000000000,
           :cutoff nil,
           :gen (jepsen.generator.Any
                 {:gens [(jepsen.generator.OnThreads
                          {:f #{:nemesis},
                           :context-filter #object[jepsen.generator.context$make_thread_filter$lazy_filter__9167
                                                   "0x28ba90c1"
                                                   "jepsen.generator.context$make_thread_filter$lazy_filter__9167@28ba90c1"],
                           :gen nil})
                         (jepsen.generator.OnThreads
                          {:f #jepsen.generator.context.AllBut{:element :nemesis},
                           :context-filter #object[jepsen.generator.context$make_thread_filter$lazy_filter__9167
                                                   "0x71cf6e8c"
                                                   "jepsen.generator.context$make_thread_filter$lazy_filter__9167@71cf6e8c"],
                           :gen (jepsen.generator.Stagger
                                 {:dt 200000000,
                                  :next-time nil,
                                  :gen (jepsen.generator.Mix
                                        {:i 1,
                                         :gens [({:f :broadcast, :value 0}
                                                 {:f :broadcast, :value 1}
                                                 {:f :broadcast, :value 2}
                                                 {:f :broadcast, :value 3}
                                                 {:f :broadcast, :value 4}
                                                 {:f :broadcast, :value 5}
                                                 {:f :broadcast, :value 6}
                                                 {:f :broadcast, :value 7}
                                                 ...)
                                                ({:f :read}
                                                 {:f :read}
                                                 {:f :read}
                                                 {:f :read}
                                                 {:f :read}
                                                 {:f :read}
                                                 {:f :read}
                                                 {:f :read}
                                                 ...)]})})})]})})})
  (jepsen.generator.Synchronize
   {:gen (jepsen.generator.OnThreads
          {:f #{:nemesis},
           :context-filter #object[jepsen.generator.context$make_thread_filter$lazy_filter__9167
                                   "0x635b3ec7"
                                   "jepsen.generator.context$make_thread_filter$lazy_filter__9167@635b3ec7"],
           :gen ()})})
  (jepsen.generator.Synchronize
   {:gen {:type :log, :value "Waiting for recovery..."}})
  (jepsen.generator.Synchronize {:gen {:type :sleep, :value 10}})
  (jepsen.generator.Synchronize
   {:gen (jepsen.generator.OnThreads
          {:f #jepsen.generator.context.AllBut{:element :nemesis},
           :context-filter #object[jepsen.generator.context$make_thread_filter$lazy_filter__9167
                                   "0x1f9b86f5"
                                   "jepsen.generator.context$make_thread_filter$lazy_filter__9167@1f9b86f5"],
           :gen (jepsen.generator.EachThread
                 {:fresh-gen {:f :read, :final? true},
                  :context-filters #object[clojure.core$promise$reify__8591
                                           "0x15aa3084"
                                           {:status :pending, :val nil}],
                  :gens {}})})}))
 :log-net-recv false
 :os
 #object[maelstrom.net$jepsen_os$reify__15254
         "0x4e6c4c55"
         "maelstrom.net$jepsen_os$reify__15254@4e6c4c55"]
 :time-limit 20
 :workload :broadcast
 :consistency-models [:strict-serializable]
 :topology :grid}

2026-03-20 15:15:55,072{GMT}	INFO	[jepsen node n0] maelstrom.net: Starting Maelstrom network
2026-03-20 15:15:55,073{GMT}	INFO	[jepsen test runner] jepsen.db: Tearing down DB
2026-03-20 15:15:55,076{GMT}	INFO	[jepsen test runner] jepsen.db: Setting up DB
2026-03-20 15:15:55,077{GMT}	INFO	[jepsen node n3] maelstrom.db: Setting up n3
2026-03-20 15:15:55,077{GMT}	INFO	[jepsen node n4] maelstrom.db: Setting up n4
2026-03-20 15:15:55,077{GMT}	INFO	[jepsen node n1] maelstrom.db: Setting up n1
2026-03-20 15:15:55,077{GMT}	INFO	[jepsen node n2] maelstrom.db: Setting up n2
2026-03-20 15:15:55,077{GMT}	INFO	[jepsen node n3] maelstrom.process: launching run.sh ["broadcast" "nemesis" "partition"]
2026-03-20 15:15:55,077{GMT}	INFO	[jepsen node n1] maelstrom.process: launching run.sh ["broadcast" "nemesis" "partition"]
2026-03-20 15:15:55,077{GMT}	INFO	[jepsen node n4] maelstrom.process: launching run.sh ["broadcast" "nemesis" "partition"]
2026-03-20 15:15:55,078{GMT}	INFO	[jepsen node n2] maelstrom.process: launching run.sh ["broadcast" "nemesis" "partition"]
2026-03-20 15:15:55,079{GMT}	INFO	[jepsen node n0] maelstrom.service: Starting services: (lin-kv lin-tso lww-kv seq-kv)
2026-03-20 15:15:55,088{GMT}	INFO	[jepsen node n0] maelstrom.db: Setting up n0
2026-03-20 15:15:55,089{GMT}	INFO	[jepsen node n0] maelstrom.process: launching run.sh ["broadcast" "nemesis" "partition"]
2026-03-20 15:15:55,259{GMT}	INFO	[jepsen test runner] jepsen.core: Relative time begins now
2026-03-20 15:15:55,279{GMT}	INFO	[jepsen worker 0] jepsen.util: 0	:invoke	:read	nil
2026-03-20 15:15:55,284{GMT}	INFO	[jepsen worker 0] jepsen.util: 0	:ok	:read	[]
2026-03-20 15:15:55,373{GMT}	INFO	[jepsen worker 1] jepsen.util: 1	:invoke	:read	nil
2026-03-20 15:15:55,380{GMT}	INFO	[jepsen worker 1] jepsen.util: 1	:ok	:read	[]
2026-03-20 15:15:55,551{GMT}	INFO	[jepsen worker 2] jepsen.util: 2	:invoke	:read	nil
2026-03-20 15:15:55,559{GMT}	INFO	[jepsen worker 2] jepsen.util: 2	:ok	:read	[]
2026-03-20 15:15:55,623{GMT}	INFO	[jepsen worker 3] jepsen.util: 3	:invoke	:broadcast	0
2026-03-20 15:15:55,628{GMT}	INFO	[jepsen worker 4] jepsen.util: 4	:invoke	:broadcast	1
2026-03-20 15:15:55,633{GMT}	INFO	[jepsen worker 3] jepsen.util: 3	:ok	:broadcast	0
2026-03-20 15:15:55,642{GMT}	INFO	[jepsen worker 4] jepsen.util: 4	:ok	:broadcast	1
2026-03-20 15:15:55,674{GMT}	INFO	[jepsen worker 0] jepsen.util: 0	:invoke	:read	nil
2026-03-20 15:15:55,677{GMT}	INFO	[jepsen worker 0] jepsen.util: 0	:ok	:read	[0 0 1 1]
2026-03-20 15:15:55,854{GMT}	INFO	[jepsen worker 0] jepsen.util: 0	:invoke	:broadcast	2
2026-03-20 15:15:55,859{GMT}	INFO	[jepsen worker 0] jepsen.util: 0	:ok	:broadcast	2
2026-03-20 15:15:56,026{GMT}	INFO	[jepsen worker 1] jepsen.util: 1	:invoke	:broadcast	3
2026-03-20 15:15:56,031{GMT}	INFO	[jepsen worker 1] jepsen.util: 1	:ok	:broadcast	3
2026-03-20 15:15:56,099{GMT}	INFO	[jepsen worker 2] jepsen.util: 2	:invoke	:read	nil
2026-03-20 15:15:56,103{GMT}	INFO	[jepsen worker 2] jepsen.util: 2	:ok	:read	[0 0 1 1 2 2 3]
2026-03-20 15:15:56,246{GMT}	INFO	[jepsen worker 3] jepsen.util: 3	:invoke	:broadcast	4
2026-03-20 15:15:56,251{GMT}	INFO	[jepsen worker 3] jepsen.util: 3	:ok	:broadcast	4
2026-03-20 15:15:56,300{GMT}	INFO	[jepsen worker 4] jepsen.util: 4	:invoke	:broadcast	5
2026-03-20 15:15:56,304{GMT}	INFO	[jepsen worker 4] jepsen.util: 4	:ok	:broadcast	5
2026-03-20 15:15:56,376{GMT}	INFO	[jepsen worker 0] jepsen.util: 0	:invoke	:read	nil
2026-03-20 15:15:56,380{GMT}	INFO	[jepsen worker 0] jepsen.util: 0	:ok	:read	[0 0 1 1 2 3 3 4 4 5 5]
2026-03-20 15:15:56,457{GMT}	INFO	[jepsen worker 0] jepsen.util: 0	:invoke	:read	nil
2026-03-20 15:15:56,462{GMT}	INFO	[jepsen worker 0] jepsen.util: 0	:ok	:read	[0 0 1 1 2 3 3 4 4 5 5]
2026-03-20 15:15:56,540{GMT}	INFO	[jepsen worker 1] jepsen.util: 1	:invoke	:read	nil
2026-03-20 15:15:56,543{GMT}	INFO	[jepsen worker 1] jepsen.util: 1	:ok	:read	[0 0 1 1 2 2 3 4 4 5 5]
2026-03-20 15:15:56,722{GMT}	INFO	[jepsen worker 2] jepsen.util: 2	:invoke	:broadcast	6
2026-03-20 15:15:56,728{GMT}	INFO	[jepsen worker 2] jepsen.util: 2	:ok	:broadcast	6
2026-03-20 15:15:56,789{GMT}	INFO	[jepsen worker 3] jepsen.util: 3	:invoke	:broadcast	7
2026-03-20 15:15:56,791{GMT}	INFO	[jepsen worker 3] jepsen.util: 3	:ok	:broadcast	7
2026-03-20 15:15:56,951{GMT}	INFO	[jepsen worker 4] jepsen.util: 4	:invoke	:broadcast	8
2026-03-20 15:15:56,955{GMT}	INFO	[jepsen worker 4] jepsen.util: 4	:ok	:broadcast	8
2026-03-20 15:15:57,077{GMT}	INFO	[jepsen worker 0] jepsen.util: 0	:invoke	:read	nil
2026-03-20 15:15:57,081{GMT}	INFO	[jepsen worker 0] jepsen.util: 0	:ok	:read	[0 0 1 1 2 3 3 4 4 5 5 6 6 7 7 8 8]
2026-03-20 15:15:57,101{GMT}	INFO	[jepsen worker 0] jepsen.util: 0	:invoke	:broadcast	9
2026-03-20 15:15:57,105{GMT}	INFO	[jepsen worker 0] jepsen.util: 0	:ok	:broadcast	9
2026-03-20 15:15:57,253{GMT}	INFO	[jepsen worker 1] jepsen.util: 1	:invoke	:broadcast	10
2026-03-20 15:15:57,257{GMT}	INFO	[jepsen worker 1] jepsen.util: 1	:ok	:broadcast	10
2026-03-20 15:15:57,441{GMT}	INFO	[jepsen worker 2] jepsen.util: 2	:invoke	:broadcast	11
2026-03-20 15:15:57,445{GMT}	INFO	[jepsen worker 2] jepsen.util: 2	:ok	:broadcast	11
2026-03-20 15:15:57,474{GMT}	INFO	[jepsen worker 3] jepsen.util: 3	:invoke	:read	nil
2026-03-20 15:15:57,477{GMT}	INFO	[jepsen worker 3] jepsen.util: 3	:ok	:read	[0 1 1 2 2 3 3 4 5 5 6 6 7 8 8 9 9 10 10 11 11]
2026-03-20 15:15:57,478{GMT}	INFO	[jepsen worker 4] jepsen.util: 4	:invoke	:read	nil
2026-03-20 15:15:57,481{GMT}	INFO	[jepsen worker 4] jepsen.util: 4	:ok	:read	[1 0 0 2 2 3 3 4 4 5 6 6 7 7 8 9 9 10 10 11 11]
2026-03-20 15:15:57,489{GMT}	INFO	[jepsen worker 0] jepsen.util: 0	:invoke	:broadcast	12
2026-03-20 15:15:57,491{GMT}	INFO	[jepsen worker 0] jepsen.util: 0	:ok	:broadcast	12
2026-03-20 15:15:57,495{GMT}	INFO	[jepsen worker 0] jepsen.util: 0	:invoke	:broadcast	13
2026-03-20 15:15:57,498{GMT}	INFO	[jepsen worker 0] jepsen.util: 0	:ok	:broadcast	13
2026-03-20 15:15:57,501{GMT}	INFO	[jepsen worker 1] jepsen.util: 1	:invoke	:broadcast	14
2026-03-20 15:15:57,505{GMT}	INFO	[jepsen worker 1] jepsen.util: 1	:ok	:broadcast	14
2026-03-20 15:15:57,631{GMT}	INFO	[jepsen worker 2] jepsen.util: 2	:invoke	:read	nil
2026-03-20 15:15:57,634{GMT}	INFO	[jepsen worker 2] jepsen.util: 2	:ok	:read	[0 0 1 1 2 2 3 4 4 5 5 6 7 7 8 8 9 9 10 11 12 12 13 13 14]
2026-03-20 15:15:57,781{GMT}	INFO	[jepsen worker 3] jepsen.util: 3	:invoke	:read	nil
2026-03-20 15:15:57,784{GMT}	INFO	[jepsen worker 3] jepsen.util: 3	:ok	:read	[0 1 1 2 2 3 3 4 5 5 6 6 7 8 8 9 9 10 10 11 11 12 12 13 13 14 14]
2026-03-20 15:15:57,809{GMT}	INFO	[jepsen worker 4] jepsen.util: 4	:invoke	:read	nil
2026-03-20 15:15:57,812{GMT}	INFO	[jepsen worker 4] jepsen.util: 4	:ok	:read	[1 0 0 2 2 3 3 4 4 5 6 6 7 7 8 9 9 10 10 11 11 12 12 13 13 14 14]
2026-03-20 15:15:57,817{GMT}	INFO	[jepsen worker 0] jepsen.util: 0	:invoke	:read	nil
2026-03-20 15:15:57,819{GMT}	INFO	[jepsen worker 0] jepsen.util: 0	:ok	:read	[0 0 1 1 2 3 3 4 4 5 5 6 6 7 7 8 8 9 10 10 11 11 12 13 14 14]
2026-03-20 15:15:57,823{GMT}	INFO	[jepsen worker 0] jepsen.util: 0	:invoke	:read	nil
2026-03-20 15:15:57,825{GMT}	INFO	[jepsen worker 0] jepsen.util: 0	:ok	:read	[0 0 1 1 2 3 3 4 4 5 5 6 6 7 7 8 8 9 10 10 11 11 12 13 14 14]
2026-03-20 15:15:58,012{GMT}	INFO	[jepsen worker 1] jepsen.util: 1	:invoke	:broadcast	15
2026-03-20 15:15:58,016{GMT}	INFO	[jepsen worker 1] jepsen.util: 1	:ok	:broadcast	15
2026-03-20 15:15:58,073{GMT}	INFO	[jepsen worker 2] jepsen.util: 2	:invoke	:broadcast	16
2026-03-20 15:15:58,076{GMT}	INFO	[jepsen worker 2] jepsen.util: 2	:ok	:broadcast	16
2026-03-20 15:15:58,114{GMT}	INFO	[jepsen worker 3] jepsen.util: 3	:invoke	:broadcast	17
2026-03-20 15:15:58,116{GMT}	INFO	[jepsen worker 3] jepsen.util: 3	:ok	:broadcast	17
2026-03-20 15:15:58,255{GMT}	INFO	[jepsen worker 4] jepsen.util: 4	:invoke	:broadcast	18
2026-03-20 15:15:58,258{GMT}	INFO	[jepsen worker 4] jepsen.util: 4	:ok	:broadcast	18
2026-03-20 15:15:58,343{GMT}	INFO	[jepsen worker 0] jepsen.util: 0	:invoke	:broadcast	19
2026-03-20 15:15:58,347{GMT}	INFO	[jepsen worker 0] jepsen.util: 0	:ok	:broadcast	19
2026-03-20 15:15:58,479{GMT}	INFO	[jepsen worker 0] jepsen.util: 0	:invoke	:read	nil
2026-03-20 15:15:58,482{GMT}	INFO	[jepsen worker 0] jepsen.util: 0	:ok	:read	[0 0 1 1 2 3 3 4 4 5 5 6 6 7 7 8 8 9 10 10 11 11 12 13 14 14 15 15 16 16 17 17 18 18 19]
2026-03-20 15:15:58,509{GMT}	INFO	[jepsen worker 1] jepsen.util: 1	:invoke	:read	nil
2026-03-20 15:15:58,512{GMT}	INFO	[jepsen worker 1] jepsen.util: 1	:ok	:read	[0 0 1 1 2 2 3 4 4 5 5 6 7 7 8 8 9 9 10 11 12 12 13 13 14 15 16 17 17 18 18 19 19]
2026-03-20 15:15:58,604{GMT}	INFO	[jepsen worker 2] jepsen.util: 2	:invoke	:broadcast	20
2026-03-20 15:15:58,606{GMT}	INFO	[jepsen worker 2] jepsen.util: 2	:ok	:broadcast	20
2026-03-20 15:15:58,633{GMT}	INFO	[jepsen worker 3] jepsen.util: 3	:invoke	:read	nil
2026-03-20 15:15:58,635{GMT}	INFO	[jepsen worker 3] jepsen.util: 3	:ok	:read	[0 1 1 2 2 3 3 4 5 5 6 6 7 8 8 9 9 10 10 11 11 12 12 13 13 14 14 15 15 16 16 17 18 18 19 19 20 20]
2026-03-20 15:15:58,811{GMT}	INFO	[jepsen worker 4] jepsen.util: 4	:invoke	:broadcast	21
2026-03-20 15:15:58,814{GMT}	INFO	[jepsen worker 4] jepsen.util: 4	:ok	:broadcast	21
2026-03-20 15:15:58,955{GMT}	INFO	[jepsen worker 0] jepsen.util: 0	:invoke	:broadcast	22
2026-03-20 15:15:58,958{GMT}	INFO	[jepsen worker 0] jepsen.util: 0	:ok	:broadcast	22
2026-03-20 15:15:59,142{GMT}	INFO	[jepsen worker 0] jepsen.util: 0	:invoke	:read	nil
2026-03-20 15:15:59,145{GMT}	INFO	[jepsen worker 0] jepsen.util: 0	:ok	:read	[0 0 1 1 2 3 3 4 4 5 5 6 6 7 7 8 8 9 10 10 11 11 12 13 14 14 15 15 16 16 17 17 18 18 19 20 20 21 21 22]
2026-03-20 15:15:59,339{GMT}	INFO	[jepsen worker 1] jepsen.util: 1	:invoke	:read	nil
2026-03-20 15:15:59,341{GMT}	INFO	[jepsen worker 1] jepsen.util: 1	:ok	:read	[0 0 1 1 2 2 3 4 4 5 5 6 7 7 8 8 9 9 10 11 12 12 13 13 14 15 16 17 17 18 18 19 19 20 21 21 22 22]
2026-03-20 15:15:59,537{GMT}	INFO	[jepsen worker 2] jepsen.util: 2	:invoke	:broadcast	23
2026-03-20 15:15:59,541{GMT}	INFO	[jepsen worker 2] jepsen.util: 2	:ok	:broadcast	23
2026-03-20 15:15:59,698{GMT}	INFO	[jepsen worker 3] jepsen.util: 3	:invoke	:broadcast	24
2026-03-20 15:15:59,702{GMT}	INFO	[jepsen worker 3] jepsen.util: 3	:ok	:broadcast	24
2026-03-20 15:15:59,757{GMT}	INFO	[jepsen worker 4] jepsen.util: 4	:invoke	:broadcast	25
2026-03-20 15:15:59,760{GMT}	INFO	[jepsen worker 4] jepsen.util: 4	:ok	:broadcast	25
2026-03-20 15:15:59,821{GMT}	INFO	[jepsen worker 0] jepsen.util: 0	:invoke	:broadcast	26
2026-03-20 15:15:59,824{GMT}	INFO	[jepsen worker 0] jepsen.util: 0	:ok	:broadcast	26
2026-03-20 15:15:59,858{GMT}	INFO	[jepsen worker 0] jepsen.util: 0	:invoke	:broadcast	27
2026-03-20 15:15:59,862{GMT}	INFO	[jepsen worker 0] jepsen.util: 0	:ok	:broadcast	27
2026-03-20 15:15:59,899{GMT}	INFO	[jepsen worker 1] jepsen.util: 1	:invoke	:read	nil
2026-03-20 15:15:59,901{GMT}	INFO	[jepsen worker 1] jepsen.util: 1	:ok	:read	[0 0 1 1 2 2 3 4 4 5 5 6 7 7 8 8 9 9 10 11 12 12 13 13 14 15 16 17 17 18 18 19 19 20 21 21 22 22 23 24 24 25 25 26 26 27 27]
2026-03-20 15:15:59,977{GMT}	INFO	[jepsen worker 2] jepsen.util: 2	:invoke	:broadcast	28
2026-03-20 15:15:59,980{GMT}	INFO	[jepsen worker 2] jepsen.util: 2	:ok	:broadcast	28
2026-03-20 15:16:00,044{GMT}	INFO	[jepsen worker 3] jepsen.util: 3	:invoke	:read	nil
2026-03-20 15:16:00,047{GMT}	INFO	[jepsen worker 3] jepsen.util: 3	:ok	:read	[0 1 1 2 2 3 3 4 5 5 6 6 7 8 8 9 9 10 10 11 11 12 12 13 13 14 14 15 15 16 16 17 18 18 19 19 20 20 21 21 22 22 23 23 24 25 25 26 26 27 27 28 28]
2026-03-20 15:16:00,230{GMT}	INFO	[jepsen worker 4] jepsen.util: 4	:invoke	:broadcast	29
2026-03-20 15:16:00,233{GMT}	INFO	[jepsen worker 4] jepsen.util: 4	:ok	:broadcast	29
2026-03-20 15:16:00,257{GMT}	INFO	[jepsen worker 0] jepsen.util: 0	:invoke	:broadcast	30
2026-03-20 15:16:00,260{GMT}	INFO	[jepsen worker 0] jepsen.util: 0	:ok	:broadcast	30
2026-03-20 15:16:00,377{GMT}	INFO	[jepsen worker 0] jepsen.util: 0	:invoke	:read	nil
2026-03-20 15:16:00,380{GMT}	INFO	[jepsen worker 0] jepsen.util: 0	:ok	:read	[0 0 1 1 2 3 3 4 4 5 5 6 6 7 7 8 8 9 10 10 11 11 12 13 14 14 15 15 16 16 17 17 18 18 19 20 20 21 21 22 23 23 24 24 25 25 26 27 28 28 29 29 30]
2026-03-20 15:16:00,381{GMT}	INFO	[jepsen worker 1] jepsen.util: 1	:invoke	:read	nil
2026-03-20 15:16:00,383{GMT}	INFO	[jepsen worker 1] jepsen.util: 1	:ok	:read	[0 0 1 1 2 2 3 4 4 5 5 6 7 7 8 8 9 9 10 11 12 12 13 13 14 15 16 17 17 18 18 19 19 20 21 21 22 22 23 24 24 25 25 26 26 27 27 28 29 29 30 30]
2026-03-20 15:16:00,428{GMT}	INFO	[jepsen worker 2] jepsen.util: 2	:invoke	:read	nil
2026-03-20 15:16:00,431{GMT}	INFO	[jepsen worker 2] jepsen.util: 2	:ok	:read	[0 0 1 1 2 2 3 4 4 5 5 6 7 7 8 8 9 9 10 11 12 12 13 13 14 15 16 17 17 18 18 19 19 20 21 21 22 22 23 24 24 25 25 26 26 27 27 28 29 29 30 30]
2026-03-20 15:16:00,464{GMT}	INFO	[jepsen worker 3] jepsen.util: 3	:invoke	:read	nil
2026-03-20 15:16:00,468{GMT}	INFO	[jepsen worker 3] jepsen.util: 3	:ok	:read	[0 1 1 2 2 3 3 4 5 5 6 6 7 8 8 9 9 10 10 11 11 12 12 13 13 14 14 15 15 16 16 17 18 18 19 19 20 20 21 21 22 22 23 23 24 25 25 26 26 27 27 28 28 29 29 30 30]
2026-03-20 15:16:00,606{GMT}	INFO	[jepsen worker 4] jepsen.util: 4	:invoke	:read	nil
2026-03-20 15:16:00,609{GMT}	INFO	[jepsen worker 4] jepsen.util: 4	:ok	:read	[1 0 0 2 2 3 3 4 4 5 6 6 7 7 8 9 9 10 10 11 11 12 12 13 13 14 14 15 15 16 16 17 17 18 19 19 20 20 21 22 22 23 23 24 24 25 26 26 27 27 28 28 29 30 30]
2026-03-20 15:16:00,802{GMT}	INFO	[jepsen worker 0] jepsen.util: 0	:invoke	:read	nil
2026-03-20 15:16:00,805{GMT}	INFO	[jepsen worker 0] jepsen.util: 0	:ok	:read	[0 0 1 1 2 3 3 4 4 5 5 6 6 7 7 8 8 9 10 10 11 11 12 13 14 14 15 15 16 16 17 17 18 18 19 20 20 21 21 22 23 23 24 24 25 25 26 27 28 28 29 29 30]
2026-03-20 15:16:00,932{GMT}	INFO	[jepsen worker 0] jepsen.util: 0	:invoke	:broadcast	31
2026-03-20 15:16:00,935{GMT}	INFO	[jepsen worker 0] jepsen.util: 0	:ok	:broadcast	31
2026-03-20 15:16:00,939{GMT}	INFO	[jepsen worker 1] jepsen.util: 1	:invoke	:read	nil
2026-03-20 15:16:00,942{GMT}	INFO	[jepsen worker 1] jepsen.util: 1	:ok	:read	[0 0 1 1 2 2 3 4 4 5 5 6 7 7 8 8 9 9 10 11 12 12 13 13 14 15 16 17 17 18 18 19 19 20 21 21 22 22 23 24 24 25 25 26 26 27 27 28 29 29 30 30 31 31]
2026-03-20 15:16:00,989{GMT}	INFO	[jepsen worker 2] jepsen.util: 2	:invoke	:read	nil
2026-03-20 15:16:00,992{GMT}	INFO	[jepsen worker 2] jepsen.util: 2	:ok	:read	[0 0 1 1 2 2 3 4 4 5 5 6 7 7 8 8 9 9 10 11 12 12 13 13 14 15 16 17 17 18 18 19 19 20 21 21 22 22 23 24 24 25 25 26 26 27 27 28 29 29 30 30 31 31]
2026-03-20 15:16:01,018{GMT}	INFO	[jepsen worker 3] jepsen.util: 3	:invoke	:read	nil
2026-03-20 15:16:01,020{GMT}	INFO	[jepsen worker 3] jepsen.util: 3	:ok	:read	[0 1 1 2 2 3 3 4 5 5 6 6 7 8 8 9 9 10 10 11 11 12 12 13 13 14 14 15 15 16 16 17 18 18 19 19 20 20 21 21 22 22 23 23 24 25 25 26 26 27 27 28 28 29 29 30 30 31 31]
2026-03-20 15:16:01,038{GMT}	INFO	[jepsen worker 4] jepsen.util: 4	:invoke	:read	nil
2026-03-20 15:16:01,039{GMT}	INFO	[jepsen worker 4] jepsen.util: 4	:ok	:read	[1 0 0 2 2 3 3 4 4 5 6 6 7 7 8 9 9 10 10 11 11 12 12 13 13 14 14 15 15 16 16 17 17 18 19 19 20 20 21 22 22 23 23 24 24 25 26 26 27 27 28 28 29 30 30 31 31]
2026-03-20 15:16:01,126{GMT}	INFO	[jepsen worker 0] jepsen.util: 0	:invoke	:read	nil
2026-03-20 15:16:01,129{GMT}	INFO	[jepsen worker 0] jepsen.util: 0	:ok	:read	[0 0 1 1 2 3 3 4 4 5 5 6 6 7 7 8 8 9 10 10 11 11 12 13 14 14 15 15 16 16 17 17 18 18 19 20 20 21 21 22 23 23 24 24 25 25 26 27 28 28 29 29 30 31]
2026-03-20 15:16:01,199{GMT}	INFO	[jepsen worker 0] jepsen.util: 0	:invoke	:read	nil
2026-03-20 15:16:01,201{GMT}	INFO	[jepsen worker 0] jepsen.util: 0	:ok	:read	[0 0 1 1 2 3 3 4 4 5 5 6 6 7 7 8 8 9 10 10 11 11 12 13 14 14 15 15 16 16 17 17 18 18 19 20 20 21 21 22 23 23 24 24 25 25 26 27 28 28 29 29 30 31]
2026-03-20 15:16:01,204{GMT}	INFO	[jepsen worker 1] jepsen.util: 1	:invoke	:broadcast	32
2026-03-20 15:16:01,207{GMT}	INFO	[jepsen worker 1] jepsen.util: 1	:ok	:broadcast	32
2026-03-20 15:16:01,270{GMT}	INFO	[jepsen worker 2] jepsen.util: 2	:invoke	:read	nil
2026-03-20 15:16:01,273{GMT}	INFO	[jepsen worker 2] jepsen.util: 2	:ok	:read	[0 0 1 1 2 2 3 4 4 5 5 6 7 7 8 8 9 9 10 11 12 12 13 13 14 15 16 17 17 18 18 19 19 20 21 21 22 22 23 24 24 25 25 26 26 27 27 28 29 29 30 30 31 31 32]
2026-03-20 15:16:01,336{GMT}	INFO	[jepsen worker 3] jepsen.util: 3	:invoke	:broadcast	33
2026-03-20 15:16:01,339{GMT}	INFO	[jepsen worker 3] jepsen.util: 3	:ok	:broadcast	33
2026-03-20 15:16:01,528{GMT}	INFO	[jepsen worker 4] jepsen.util: 4	:invoke	:broadcast	34
2026-03-20 15:16:01,531{GMT}	INFO	[jepsen worker 4] jepsen.util: 4	:ok	:broadcast	34
2026-03-20 15:16:01,601{GMT}	INFO	[jepsen worker 0] jepsen.util: 0	:invoke	:read	nil
2026-03-20 15:16:01,604{GMT}	INFO	[jepsen worker 0] jepsen.util: 0	:ok	:read	[0 0 1 1 2 3 3 4 4 5 5 6 6 7 7 8 8 9 10 10 11 11 12 13 14 14 15 15 16 16 17 17 18 18 19 20 20 21 21 22 23 23 24 24 25 25 26 27 28 28 29 29 30 31 32 32 33 33 34 34]
2026-03-20 15:16:01,695{GMT}	INFO	[jepsen worker 0] jepsen.util: 0	:invoke	:broadcast	35
2026-03-20 15:16:01,698{GMT}	INFO	[jepsen worker 0] jepsen.util: 0	:ok	:broadcast	35
2026-03-20 15:16:01,787{GMT}	INFO	[jepsen worker 1] jepsen.util: 1	:invoke	:broadcast	36
2026-03-20 15:16:01,790{GMT}	INFO	[jepsen worker 1] jepsen.util: 1	:ok	:broadcast	36
2026-03-20 15:16:01,948{GMT}	INFO	[jepsen worker 2] jepsen.util: 2	:invoke	:read	nil
2026-03-20 15:16:01,952{GMT}	INFO	[jepsen worker 2] jepsen.util: 2	:ok	:read	[0 0 1 1 2 2 3 4 4 5 5 6 7 7 8 8 9 9 10 11 12 12 13 13 14 15 16 17 17 18 18 19 19 20 21 21 22 22 23 24 24 25 25 26 26 27 27 28 29 29 30 30 31 31 32 33 33 34 34 35 35 36]
2026-03-20 15:16:02,112{GMT}	INFO	[jepsen worker 3] jepsen.util: 3	:invoke	:broadcast	37
2026-03-20 15:16:02,115{GMT}	INFO	[jepsen worker 3] jepsen.util: 3	:ok	:broadcast	37
2026-03-20 15:16:02,140{GMT}	INFO	[jepsen worker 4] jepsen.util: 4	:invoke	:read	nil
2026-03-20 15:16:02,143{GMT}	INFO	[jepsen worker 4] jepsen.util: 4	:ok	:read	[1 0 0 2 2 3 3 4 4 5 6 6 7 7 8 9 9 10 10 11 11 12 12 13 13 14 14 15 15 16 16 17 17 18 19 19 20 20 21 22 22 23 23 24 24 25 26 26 27 27 28 28 29 30 30 31 31 32 32 33 33 34 35 35 36 36 37 37]
2026-03-20 15:16:02,233{GMT}	INFO	[jepsen worker 0] jepsen.util: 0	:invoke	:read	nil
2026-03-20 15:16:02,236{GMT}	INFO	[jepsen worker 0] jepsen.util: 0	:ok	:read	[0 0 1 1 2 3 3 4 4 5 5 6 6 7 7 8 8 9 10 10 11 11 12 13 14 14 15 15 16 16 17 17 18 18 19 20 20 21 21 22 23 23 24 24 25 25 26 27 28 28 29 29 30 31 32 32 33 33 34 34 35 36 36 37 37]
2026-03-20 15:16:02,310{GMT}	INFO	[jepsen worker 0] jepsen.util: 0	:invoke	:broadcast	38
2026-03-20 15:16:02,312{GMT}	INFO	[jepsen worker 0] jepsen.util: 0	:ok	:broadcast	38
2026-03-20 15:16:02,475{GMT}	INFO	[jepsen worker 1] jepsen.util: 1	:invoke	:broadcast	39
2026-03-20 15:16:02,478{GMT}	INFO	[jepsen worker 1] jepsen.util: 1	:ok	:broadcast	39
2026-03-20 15:16:02,553{GMT}	INFO	[jepsen worker 2] jepsen.util: 2	:invoke	:broadcast	40
2026-03-20 15:16:02,556{GMT}	INFO	[jepsen worker 2] jepsen.util: 2	:ok	:broadcast	40
2026-03-20 15:16:02,602{GMT}	INFO	[jepsen worker 3] jepsen.util: 3	:invoke	:read	nil
2026-03-20 15:16:02,605{GMT}	INFO	[jepsen worker 3] jepsen.util: 3	:ok	:read	[0 1 1 2 2 3 3 4 5 5 6 6 7 8 8 9 9 10 10 11 11 12 12 13 13 14 14 15 15 16 16 17 18 18 19 19 20 20 21 21 22 22 23 23 24 25 25 26 26 27 27 28 28 29 29 30 30 31 31 32 32 33 34 34 35 35 36 36 37 38 38 39 39 40 40]
2026-03-20 15:16:02,736{GMT}	INFO	[jepsen worker 4] jepsen.util: 4	:invoke	:read	nil
2026-03-20 15:16:02,739{GMT}	INFO	[jepsen worker 4] jepsen.util: 4	:ok	:read	[1 0 0 2 2 3 3 4 4 5 6 6 7 7 8 9 9 10 10 11 11 12 12 13 13 14 14 15 15 16 16 17 17 18 19 19 20 20 21 22 22 23 23 24 24 25 26 26 27 27 28 28 29 30 30 31 31 32 32 33 33 34 35 35 36 36 37 37 38 38 39 39 40 40]
2026-03-20 15:16:02,832{GMT}	INFO	[jepsen worker 0] jepsen.util: 0	:invoke	:read	nil
2026-03-20 15:16:02,835{GMT}	INFO	[jepsen worker 0] jepsen.util: 0	:ok	:read	[0 0 1 1 2 3 3 4 4 5 5 6 6 7 7 8 8 9 10 10 11 11 12 13 14 14 15 15 16 16 17 17 18 18 19 20 20 21 21 22 23 23 24 24 25 25 26 27 28 28 29 29 30 31 32 32 33 33 34 34 35 36 36 37 37 38 39 39 40 40]
2026-03-20 15:16:02,987{GMT}	INFO	[jepsen worker 0] jepsen.util: 0	:invoke	:read	nil
2026-03-20 15:16:02,989{GMT}	INFO	[jepsen worker 0] jepsen.util: 0	:ok	:read	[0 0 1 1 2 3 3 4 4 5 5 6 6 7 7 8 8 9 10 10 11 11 12 13 14 14 15 15 16 16 17 17 18 18 19 20 20 21 21 22 23 23 24 24 25 25 26 27 28 28 29 29 30 31 32 32 33 33 34 34 35 36 36 37 37 38 39 39 40 40]
2026-03-20 15:16:03,025{GMT}	INFO	[jepsen worker 1] jepsen.util: 1	:invoke	:read	nil
2026-03-20 15:16:03,028{GMT}	INFO	[jepsen worker 1] jepsen.util: 1	:ok	:read	[0 0 1 1 2 2 3 4 4 5 5 6 7 7 8 8 9 9 10 11 12 12 13 13 14 15 16 17 17 18 18 19 19 20 21 21 22 22 23 24 24 25 25 26 26 27 27 28 29 29 30 30 31 31 32 33 33 34 34 35 35 36 37 37 38 38 39 40]
2026-03-20 15:16:03,214{GMT}	INFO	[jepsen worker 2] jepsen.util: 2	:invoke	:read	nil
2026-03-20 15:16:03,217{GMT}	INFO	[jepsen worker 2] jepsen.util: 2	:ok	:read	[0 0 1 1 2 2 3 4 4 5 5 6 7 7 8 8 9 9 10 11 12 12 13 13 14 15 16 17 17 18 18 19 19 20 21 21 22 22 23 24 24 25 25 26 26 27 27 28 29 29 30 30 31 31 32 33 33 34 34 35 35 36 37 37 38 38 39 40]
2026-03-20 15:16:03,294{GMT}	INFO	[jepsen worker 3] jepsen.util: 3	:invoke	:broadcast	41
2026-03-20 15:16:03,297{GMT}	INFO	[jepsen worker 3] jepsen.util: 3	:ok	:broadcast	41
2026-03-20 15:16:03,458{GMT}	INFO	[jepsen worker 4] jepsen.util: 4	:invoke	:broadcast	42
2026-03-20 15:16:03,460{GMT}	INFO	[jepsen worker 4] jepsen.util: 4	:ok	:broadcast	42
2026-03-20 15:16:03,519{GMT}	INFO	[jepsen worker 0] jepsen.util: 0	:invoke	:broadcast	43
2026-03-20 15:16:03,520{GMT}	INFO	[jepsen worker 0] jepsen.util: 0	:ok	:broadcast	43
2026-03-20 15:16:03,705{GMT}	INFO	[jepsen worker 0] jepsen.util: 0	:invoke	:broadcast	44
2026-03-20 15:16:03,708{GMT}	INFO	[jepsen worker 0] jepsen.util: 0	:ok	:broadcast	44
2026-03-20 15:16:03,767{GMT}	INFO	[jepsen worker 1] jepsen.util: 1	:invoke	:read	nil
2026-03-20 15:16:03,770{GMT}	INFO	[jepsen worker 1] jepsen.util: 1	:ok	:read	[0 0 1 1 2 2 3 4 4 5 5 6 7 7 8 8 9 9 10 11 12 12 13 13 14 15 16 17 17 18 18 19 19 20 21 21 22 22 23 24 24 25 25 26 26 27 27 28 29 29 30 30 31 31 32 33 33 34 34 35 35 36 37 37 38 38 39 40 41 41 42 42 43 43 44 44]
2026-03-20 15:16:03,880{GMT}	INFO	[jepsen worker 2] jepsen.util: 2	:invoke	:read	nil
2026-03-20 15:16:03,883{GMT}	INFO	[jepsen worker 2] jepsen.util: 2	:ok	:read	[0 0 1 1 2 2 3 4 4 5 5 6 7 7 8 8 9 9 10 11 12 12 13 13 14 15 16 17 17 18 18 19 19 20 21 21 22 22 23 24 24 25 25 26 26 27 27 28 29 29 30 30 31 31 32 33 33 34 34 35 35 36 37 37 38 38 39 40 41 41 42 42 43 43 44 44]
2026-03-20 15:16:03,970{GMT}	INFO	[jepsen worker 3] jepsen.util: 3	:invoke	:read	nil
2026-03-20 15:16:03,973{GMT}	INFO	[jepsen worker 3] jepsen.util: 3	:ok	:read	[0 1 1 2 2 3 3 4 5 5 6 6 7 8 8 9 9 10 10 11 11 12 12 13 13 14 14 15 15 16 16 17 18 18 19 19 20 20 21 21 22 22 23 23 24 25 25 26 26 27 27 28 28 29 29 30 30 31 31 32 32 33 34 34 35 35 36 36 37 38 38 39 39 40 40 41 42 42 43 43 44 44]
2026-03-20 15:16:04,125{GMT}	INFO	[jepsen worker 4] jepsen.util: 4	:invoke	:read	nil
2026-03-20 15:16:04,128{GMT}	INFO	[jepsen worker 4] jepsen.util: 4	:ok	:read	[1 0 0 2 2 3 3 4 4 5 6 6 7 7 8 9 9 10 10 11 11 12 12 13 13 14 14 15 15 16 16 17 17 18 19 19 20 20 21 22 22 23 23 24 24 25 26 26 27 27 28 28 29 30 30 31 31 32 32 33 33 34 35 35 36 36 37 37 38 38 39 39 40 40 41 41 42 43 43 44 44]
2026-03-20 15:16:04,271{GMT}	INFO	[jepsen worker 0] jepsen.util: 0	:invoke	:broadcast	45
2026-03-20 15:16:04,274{GMT}	INFO	[jepsen worker 0] jepsen.util: 0	:ok	:broadcast	45
2026-03-20 15:16:04,338{GMT}	INFO	[jepsen worker 0] jepsen.util: 0	:invoke	:broadcast	46
2026-03-20 15:16:04,340{GMT}	INFO	[jepsen worker 0] jepsen.util: 0	:ok	:broadcast	46
2026-03-20 15:16:04,419{GMT}	INFO	[jepsen worker 1] jepsen.util: 1	:invoke	:read	nil
2026-03-20 15:16:04,422{GMT}	INFO	[jepsen worker 1] jepsen.util: 1	:ok	:read	[0 0 1 1 2 2 3 4 4 5 5 6 7 7 8 8 9 9 10 11 12 12 13 13 14 15 16 17 17 18 18 19 19 20 21 21 22 22 23 24 24 25 25 26 26 27 27 28 29 29 30 30 31 31 32 33 33 34 34 35 35 36 37 37 38 38 39 40 41 41 42 42 43 43 44 44 45 45 46 46]
2026-03-20 15:16:04,539{GMT}	INFO	[jepsen worker 2] jepsen.util: 2	:invoke	:read	nil
2026-03-20 15:16:04,542{GMT}	INFO	[jepsen worker 2] jepsen.util: 2	:ok	:read	[0 0 1 1 2 2 3 4 4 5 5 6 7 7 8 8 9 9 10 11 12 12 13 13 14 15 16 17 17 18 18 19 19 20 21 21 22 22 23 24 24 25 25 26 26 27 27 28 29 29 30 30 31 31 32 33 33 34 34 35 35 36 37 37 38 38 39 40 41 41 42 42 43 43 44 44 45 45 46 46]
2026-03-20 15:16:04,721{GMT}	INFO	[jepsen worker 3] jepsen.util: 3	:invoke	:read	nil
2026-03-20 15:16:04,724{GMT}	INFO	[jepsen worker 3] jepsen.util: 3	:ok	:read	[0 1 1 2 2 3 3 4 5 5 6 6 7 8 8 9 9 10 10 11 11 12 12 13 13 14 14 15 15 16 16 17 18 18 19 19 20 20 21 21 22 22 23 23 24 25 25 26 26 27 27 28 28 29 29 30 30 31 31 32 32 33 34 34 35 35 36 36 37 38 38 39 39 40 40 41 42 42 43 43 44 44 45 45 46 46]
2026-03-20 15:16:04,897{GMT}	INFO	[jepsen worker 4] jepsen.util: 4	:invoke	:broadcast	47
2026-03-20 15:16:04,900{GMT}	INFO	[jepsen worker 4] jepsen.util: 4	:ok	:broadcast	47
2026-03-20 15:16:05,013{GMT}	INFO	[jepsen worker 0] jepsen.util: 0	:invoke	:read	nil
2026-03-20 15:16:05,016{GMT}	INFO	[jepsen worker 0] jepsen.util: 0	:ok	:read	[0 0 1 1 2 3 3 4 4 5 5 6 6 7 7 8 8 9 10 10 11 11 12 13 14 14 15 15 16 16 17 17 18 18 19 20 20 21 21 22 23 23 24 24 25 25 26 27 28 28 29 29 30 31 32 32 33 33 34 34 35 36 36 37 37 38 39 39 40 40 41 41 42 42 43 44 45 46 47 47]
2026-03-20 15:16:05,036{GMT}	INFO	[jepsen worker 0] jepsen.util: 0	:invoke	:read	nil
2026-03-20 15:16:05,037{GMT}	INFO	[jepsen worker 0] jepsen.util: 0	:ok	:read	[0 0 1 1 2 3 3 4 4 5 5 6 6 7 7 8 8 9 10 10 11 11 12 13 14 14 15 15 16 16 17 17 18 18 19 20 20 21 21 22 23 23 24 24 25 25 26 27 28 28 29 29 30 31 32 32 33 33 34 34 35 36 36 37 37 38 39 39 40 40 41 41 42 42 43 44 45 46 47 47]
2026-03-20 15:16:05,119{GMT}	INFO	[jepsen worker 1] jepsen.util: 1	:invoke	:read	nil
2026-03-20 15:16:05,122{GMT}	INFO	[jepsen worker 1] jepsen.util: 1	:ok	:read	[0 0 1 1 2 2 3 4 4 5 5 6 7 7 8 8 9 9 10 11 12 12 13 13 14 15 16 17 17 18 18 19 19 20 21 21 22 22 23 24 24 25 25 26 26 27 27 28 29 29 30 30 31 31 32 33 33 34 34 35 35 36 37 37 38 38 39 40 41 41 42 42 43 43 44 44 45 45 46 46 47 47]
2026-03-20 15:16:05,294{GMT}	INFO	[jepsen worker 2] jepsen.util: 2	:invoke	:read	nil
2026-03-20 15:16:05,297{GMT}	INFO	[jepsen worker 2] jepsen.util: 2	:ok	:read	[0 0 1 1 2 2 3 4 4 5 5 6 7 7 8 8 9 9 10 11 12 12 13 13 14 15 16 17 17 18 18 19 19 20 21 21 22 22 23 24 24 25 25 26 26 27 27 28 29 29 30 30 31 31 32 33 33 34 34 35 35 36 37 37 38 38 39 40 41 41 42 42 43 43 44 44 45 45 46 46 47 47]
2026-03-20 15:16:05,376{GMT}	INFO	[jepsen worker 3] jepsen.util: 3	:invoke	:broadcast	48
2026-03-20 15:16:05,378{GMT}	INFO	[jepsen worker 3] jepsen.util: 3	:ok	:broadcast	48
2026-03-20 15:16:05,457{GMT}	INFO	[jepsen worker 4] jepsen.util: 4	:invoke	:broadcast	49
2026-03-20 15:16:05,460{GMT}	INFO	[jepsen worker 4] jepsen.util: 4	:ok	:broadcast	49
2026-03-20 15:16:05,483{GMT}	INFO	[jepsen worker 0] jepsen.util: 0	:invoke	:broadcast	50
2026-03-20 15:16:05,485{GMT}	INFO	[jepsen worker 0] jepsen.util: 0	:ok	:broadcast	50
2026-03-20 15:16:05,601{GMT}	INFO	[jepsen worker 0] jepsen.util: 0	:invoke	:broadcast	51
2026-03-20 15:16:05,604{GMT}	INFO	[jepsen worker 0] jepsen.util: 0	:ok	:broadcast	51
2026-03-20 15:16:05,783{GMT}	INFO	[jepsen worker 1] jepsen.util: 1	:invoke	:read	nil
2026-03-20 15:16:05,786{GMT}	INFO	[jepsen worker 1] jepsen.util: 1	:ok	:read	[0 0 1 1 2 2 3 4 4 5 5 6 7 7 8 8 9 9 10 11 12 12 13 13 14 15 16 17 17 18 18 19 19 20 21 21 22 22 23 24 24 25 25 26 26 27 27 28 29 29 30 30 31 31 32 33 33 34 34 35 35 36 37 37 38 38 39 40 41 41 42 42 43 43 44 44 45 45 46 46 47 47 48 48 49 49 50 50 51 51]
2026-03-20 15:16:05,951{GMT}	INFO	[jepsen worker 2] jepsen.util: 2	:invoke	:read	nil
2026-03-20 15:16:05,954{GMT}	INFO	[jepsen worker 2] jepsen.util: 2	:ok	:read	[0 0 1 1 2 2 3 4 4 5 5 6 7 7 8 8 9 9 10 11 12 12 13 13 14 15 16 17 17 18 18 19 19 20 21 21 22 22 23 24 24 25 25 26 26 27 27 28 29 29 30 30 31 31 32 33 33 34 34 35 35 36 37 37 38 38 39 40 41 41 42 42 43 43 44 44 45 45 46 46 47 47 48 48 49 49 50 50 51 51]
2026-03-20 15:16:06,137{GMT}	INFO	[jepsen worker 3] jepsen.util: 3	:invoke	:read	nil
2026-03-20 15:16:06,139{GMT}	INFO	[jepsen worker 3] jepsen.util: 3	:ok	:read	[0 1 1 2 2 3 3 4 5 5 6 6 7 8 8 9 9 10 10 11 11 12 12 13 13 14 14 15 15 16 16 17 18 18 19 19 20 20 21 21 22 22 23 23 24 25 25 26 26 27 27 28 28 29 29 30 30 31 31 32 32 33 34 34 35 35 36 36 37 38 38 39 39 40 40 41 42 42 43 43 44 44 45 45 46 46 47 47 48 49 49 50 50 51 51]
2026-03-20 15:16:06,217{GMT}	INFO	[jepsen worker 4] jepsen.util: 4	:invoke	:broadcast	52
2026-03-20 15:16:06,220{GMT}	INFO	[jepsen worker 4] jepsen.util: 4	:ok	:broadcast	52
2026-03-20 15:16:06,231{GMT}	INFO	[jepsen worker 0] jepsen.util: 0	:invoke	:broadcast	53
2026-03-20 15:16:06,233{GMT}	INFO	[jepsen worker 0] jepsen.util: 0	:ok	:broadcast	53
2026-03-20 15:16:06,355{GMT}	INFO	[jepsen worker 0] jepsen.util: 0	:invoke	:broadcast	54
2026-03-20 15:16:06,358{GMT}	INFO	[jepsen worker 0] jepsen.util: 0	:ok	:broadcast	54
2026-03-20 15:16:06,490{GMT}	INFO	[jepsen worker 1] jepsen.util: 1	:invoke	:read	nil
2026-03-20 15:16:06,493{GMT}	INFO	[jepsen worker 1] jepsen.util: 1	:ok	:read	[0 0 1 1 2 2 3 4 4 5 5 6 7 7 8 8 9 9 10 11 12 12 13 13 14 15 16 17 17 18 18 19 19 20 21 21 22 22 23 24 24 25 25 26 26 27 27 28 29 29 30 30 31 31 32 33 33 34 34 35 35 36 37 37 38 38 39 40 41 41 42 42 43 43 44 44 45 45 46 46 47 47 48 48 49 49 50 50 51 51 52 52 53 53 54 54]
2026-03-20 15:16:06,586{GMT}	INFO	[jepsen worker 2] jepsen.util: 2	:invoke	:read	nil
2026-03-20 15:16:06,588{GMT}	INFO	[jepsen worker 2] jepsen.util: 2	:ok	:read	[0 0 1 1 2 2 3 4 4 5 5 6 7 7 8 8 9 9 10 11 12 12 13 13 14 15 16 17 17 18 18 19 19 20 21 21 22 22 23 24 24 25 25 26 26 27 27 28 29 29 30 30 31 31 32 33 33 34 34 35 35 36 37 37 38 38 39 40 41 41 42 42 43 43 44 44 45 45 46 46 47 47 48 48 49 49 50 50 51 51 52 52 53 53 54 54]
2026-03-20 15:16:06,682{GMT}	INFO	[jepsen worker 3] jepsen.util: 3	:invoke	:read	nil
2026-03-20 15:16:06,685{GMT}	INFO	[jepsen worker 3] jepsen.util: 3	:ok	:read	[0 1 1 2 2 3 3 4 5 5 6 6 7 8 8 9 9 10 10 11 11 12 12 13 13 14 14 15 15 16 16 17 18 18 19 19 20 20 21 21 22 22 23 23 24 25 25 26 26 27 27 28 28 29 29 30 30 31 31 32 32 33 34 34 35 35 36 36 37 38 38 39 39 40 40 41 42 42 43 43 44 44 45 45 46 46 47 47 48 49 49 50 50 51 51 52 52 53 53 54 54]
2026-03-20 15:16:06,844{GMT}	INFO	[jepsen worker 4] jepsen.util: 4	:invoke	:read	nil
2026-03-20 15:16:06,846{GMT}	INFO	[jepsen worker 4] jepsen.util: 4	:ok	:read	[1 0 0 2 2 3 3 4 4 5 6 6 7 7 8 9 9 10 10 11 11 12 12 13 13 14 14 15 15 16 16 17 17 18 19 19 20 20 21 22 22 23 23 24 24 25 26 26 27 27 28 28 29 30 30 31 31 32 32 33 33 34 35 35 36 36 37 37 38 38 39 39 40 40 41 41 42 43 43 44 44 45 45 46 46 47 48 48 49 50 50 51 51 52 53 53 54 54]
2026-03-20 15:16:06,894{GMT}	INFO	[jepsen worker 0] jepsen.util: 0	:invoke	:broadcast	55
2026-03-20 15:16:06,895{GMT}	INFO	[jepsen worker 0] jepsen.util: 0	:ok	:broadcast	55
2026-03-20 15:16:06,945{GMT}	INFO	[jepsen worker 0] jepsen.util: 0	:invoke	:broadcast	56
2026-03-20 15:16:06,947{GMT}	INFO	[jepsen worker 0] jepsen.util: 0	:ok	:broadcast	56
2026-03-20 15:16:07,014{GMT}	INFO	[jepsen worker 1] jepsen.util: 1	:invoke	:read	nil
2026-03-20 15:16:07,016{GMT}	INFO	[jepsen worker 1] jepsen.util: 1	:ok	:read	[0 0 1 1 2 2 3 4 4 5 5 6 7 7 8 8 9 9 10 11 12 12 13 13 14 15 16 17 17 18 18 19 19 20 21 21 22 22 23 24 24 25 25 26 26 27 27 28 29 29 30 30 31 31 32 33 33 34 34 35 35 36 37 37 38 38 39 40 41 41 42 42 43 43 44 44 45 45 46 46 47 47 48 48 49 49 50 50 51 51 52 52 53 53 54 54 55 55 56 56]
2026-03-20 15:16:07,116{GMT}	INFO	[jepsen worker 2] jepsen.util: 2	:invoke	:broadcast	57
2026-03-20 15:16:07,119{GMT}	INFO	[jepsen worker 2] jepsen.util: 2	:ok	:broadcast	57
2026-03-20 15:16:07,188{GMT}	INFO	[jepsen worker 3] jepsen.util: 3	:invoke	:read	nil
2026-03-20 15:16:07,191{GMT}	INFO	[jepsen worker 3] jepsen.util: 3	:ok	:read	[0 1 1 2 2 3 3 4 5 5 6 6 7 8 8 9 9 10 10 11 11 12 12 13 13 14 14 15 15 16 16 17 18 18 19 19 20 20 21 21 22 22 23 23 24 25 25 26 26 27 27 28 28 29 29 30 30 31 31 32 32 33 34 34 35 35 36 36 37 38 38 39 39 40 40 41 42 42 43 43 44 44 45 45 46 46 47 47 48 49 49 50 50 51 51 52 52 53 53 54 54 55 55 56 56 57 57]
2026-03-20 15:16:07,365{GMT}	INFO	[jepsen worker 4] jepsen.util: 4	:invoke	:broadcast	58
2026-03-20 15:16:07,368{GMT}	INFO	[jepsen worker 4] jepsen.util: 4	:ok	:broadcast	58
2026-03-20 15:16:07,428{GMT}	INFO	[jepsen worker 0] jepsen.util: 0	:invoke	:read	nil
2026-03-20 15:16:07,429{GMT}	INFO	[jepsen worker 0] jepsen.util: 0	:ok	:read	[0 0 1 1 2 3 3 4 4 5 5 6 6 7 7 8 8 9 10 10 11 11 12 13 14 14 15 15 16 16 17 17 18 18 19 20 20 21 21 22 23 23 24 24 25 25 26 27 28 28 29 29 30 31 32 32 33 33 34 34 35 36 36 37 37 38 39 39 40 40 41 41 42 42 43 44 45 46 47 47 48 48 49 49 50 51 52 52 53 54 55 56 57 57 58 58]
2026-03-20 15:16:07,493{GMT}	INFO	[jepsen worker 0] jepsen.util: 0	:invoke	:broadcast	59
2026-03-20 15:16:07,495{GMT}	INFO	[jepsen worker 0] jepsen.util: 0	:ok	:broadcast	59
2026-03-20 15:16:07,565{GMT}	INFO	[jepsen worker 1] jepsen.util: 1	:invoke	:broadcast	60
2026-03-20 15:16:07,568{GMT}	INFO	[jepsen worker 1] jepsen.util: 1	:ok	:broadcast	60
2026-03-20 15:16:07,699{GMT}	INFO	[jepsen worker 2] jepsen.util: 2	:invoke	:broadcast	61
2026-03-20 15:16:07,701{GMT}	INFO	[jepsen worker 2] jepsen.util: 2	:ok	:broadcast	61
2026-03-20 15:16:07,830{GMT}	INFO	[jepsen worker 3] jepsen.util: 3	:invoke	:broadcast	62
2026-03-20 15:16:07,833{GMT}	INFO	[jepsen worker 3] jepsen.util: 3	:ok	:broadcast	62
2026-03-20 15:16:07,873{GMT}	INFO	[jepsen worker 4] jepsen.util: 4	:invoke	:read	nil
2026-03-20 15:16:07,875{GMT}	INFO	[jepsen worker 4] jepsen.util: 4	:ok	:read	[1 0 0 2 2 3 3 4 4 5 6 6 7 7 8 9 9 10 10 11 11 12 12 13 13 14 14 15 15 16 16 17 17 18 19 19 20 20 21 22 22 23 23 24 24 25 26 26 27 27 28 28 29 30 30 31 31 32 32 33 33 34 35 35 36 36 37 37 38 38 39 39 40 40 41 41 42 43 43 44 44 45 45 46 46 47 48 48 49 50 50 51 51 52 53 53 54 54 55 55 56 56 57 57 58 59 59 60 60 61 61 62 62]
2026-03-20 15:16:08,066{GMT}	INFO	[jepsen worker 0] jepsen.util: 0	:invoke	:broadcast	63
2026-03-20 15:16:08,069{GMT}	INFO	[jepsen worker 0] jepsen.util: 0	:ok	:broadcast	63
2026-03-20 15:16:08,133{GMT}	INFO	[jepsen worker 0] jepsen.util: 0	:invoke	:read	nil
2026-03-20 15:16:08,136{GMT}	INFO	[jepsen worker 0] jepsen.util: 0	:ok	:read	[0 0 1 1 2 3 3 4 4 5 5 6 6 7 7 8 8 9 10 10 11 11 12 13 14 14 15 15 16 16 17 17 18 18 19 20 20 21 21 22 23 23 24 24 25 25 26 27 28 28 29 29 30 31 32 32 33 33 34 34 35 36 36 37 37 38 39 39 40 40 41 41 42 42 43 44 45 46 47 47 48 48 49 49 50 51 52 52 53 54 55 56 57 57 58 58 59 60 60 61 61 62 62 63]
2026-03-20 15:16:08,260{GMT}	INFO	[jepsen worker 1] jepsen.util: 1	:invoke	:broadcast	64
2026-03-20 15:16:08,262{GMT}	INFO	[jepsen worker 1] jepsen.util: 1	:ok	:broadcast	64
2026-03-20 15:16:08,403{GMT}	INFO	[jepsen worker 2] jepsen.util: 2	:invoke	:broadcast	65
2026-03-20 15:16:08,405{GMT}	INFO	[jepsen worker 2] jepsen.util: 2	:ok	:broadcast	65
2026-03-20 15:16:08,588{GMT}	INFO	[jepsen worker 3] jepsen.util: 3	:invoke	:read	nil
2026-03-20 15:16:08,591{GMT}	INFO	[jepsen worker 3] jepsen.util: 3	:ok	:read	[0 1 1 2 2 3 3 4 5 5 6 6 7 8 8 9 9 10 10 11 11 12 12 13 13 14 14 15 15 16 16 17 18 18 19 19 20 20 21 21 22 22 23 23 24 25 25 26 26 27 27 28 28 29 29 30 30 31 31 32 32 33 34 34 35 35 36 36 37 38 38 39 39 40 40 41 42 42 43 43 44 44 45 45 46 46 47 47 48 49 49 50 50 51 51 52 52 53 53 54 54 55 55 56 56 57 57 58 58 59 59 60 60 61 61 62 63 63 64 64 65 65]
2026-03-20 15:16:08,657{GMT}	INFO	[jepsen worker 4] jepsen.util: 4	:invoke	:read	nil
2026-03-20 15:16:08,658{GMT}	INFO	[jepsen worker 4] jepsen.util: 4	:ok	:read	[1 0 0 2 2 3 3 4 4 5 6 6 7 7 8 9 9 10 10 11 11 12 12 13 13 14 14 15 15 16 16 17 17 18 19 19 20 20 21 22 22 23 23 24 24 25 26 26 27 27 28 28 29 30 30 31 31 32 32 33 33 34 35 35 36 36 37 37 38 38 39 39 40 40 41 41 42 43 43 44 44 45 45 46 46 47 48 48 49 50 50 51 51 52 53 53 54 54 55 55 56 56 57 57 58 59 59 60 60 61 61 62 62 63 63 64 64 65 65]
2026-03-20 15:16:08,696{GMT}	INFO	[jepsen worker 0] jepsen.util: 0	:invoke	:broadcast	66
2026-03-20 15:16:08,698{GMT}	INFO	[jepsen worker 0] jepsen.util: 0	:ok	:broadcast	66
2026-03-20 15:16:08,751{GMT}	INFO	[jepsen worker 0] jepsen.util: 0	:invoke	:broadcast	67
2026-03-20 15:16:08,753{GMT}	INFO	[jepsen worker 0] jepsen.util: 0	:ok	:broadcast	67
2026-03-20 15:16:08,824{GMT}	INFO	[jepsen worker 1] jepsen.util: 1	:invoke	:read	nil
2026-03-20 15:16:08,827{GMT}	INFO	[jepsen worker 1] jepsen.util: 1	:ok	:read	[0 0 1 1 2 2 3 4 4 5 5 6 7 7 8 8 9 9 10 11 12 12 13 13 14 15 16 17 17 18 18 19 19 20 21 21 22 22 23 24 24 25 25 26 26 27 27 28 29 29 30 30 31 31 32 33 33 34 34 35 35 36 37 37 38 38 39 40 41 41 42 42 43 43 44 44 45 45 46 46 47 47 48 48 49 49 50 50 51 51 52 52 53 53 54 54 55 55 56 56 57 58 58 59 59 60 61 62 62 63 63 64 65 66 66 67 67]
2026-03-20 15:16:08,970{GMT}	INFO	[jepsen worker 2] jepsen.util: 2	:invoke	:read	nil
2026-03-20 15:16:08,973{GMT}	INFO	[jepsen worker 2] jepsen.util: 2	:ok	:read	[0 0 1 1 2 2 3 4 4 5 5 6 7 7 8 8 9 9 10 11 12 12 13 13 14 15 16 17 17 18 18 19 19 20 21 21 22 22 23 24 24 25 25 26 26 27 27 28 29 29 30 30 31 31 32 33 33 34 34 35 35 36 37 37 38 38 39 40 41 41 42 42 43 43 44 44 45 45 46 46 47 47 48 48 49 49 50 50 51 51 52 52 53 53 54 54 55 55 56 56 57 58 58 59 59 60 61 62 62 63 63 64 65 66 66 67 67]
2026-03-20 15:16:08,975{GMT}	INFO	[jepsen worker 3] jepsen.util: 3	:invoke	:broadcast	68
2026-03-20 15:16:08,977{GMT}	INFO	[jepsen worker 3] jepsen.util: 3	:ok	:broadcast	68
2026-03-20 15:16:09,080{GMT}	INFO	[jepsen worker 4] jepsen.util: 4	:invoke	:broadcast	69
2026-03-20 15:16:09,082{GMT}	INFO	[jepsen worker 4] jepsen.util: 4	:ok	:broadcast	69
2026-03-20 15:16:09,193{GMT}	INFO	[jepsen worker 0] jepsen.util: 0	:invoke	:broadcast	70
2026-03-20 15:16:09,196{GMT}	INFO	[jepsen worker 0] jepsen.util: 0	:ok	:broadcast	70
2026-03-20 15:16:09,369{GMT}	INFO	[jepsen worker 0] jepsen.util: 0	:invoke	:read	nil
2026-03-20 15:16:09,372{GMT}	INFO	[jepsen worker 0] jepsen.util: 0	:ok	:read	[0 0 1 1 2 3 3 4 4 5 5 6 6 7 7 8 8 9 10 10 11 11 12 13 14 14 15 15 16 16 17 17 18 18 19 20 20 21 21 22 23 23 24 24 25 25 26 27 28 28 29 29 30 31 32 32 33 33 34 34 35 36 36 37 37 38 39 39 40 40 41 41 42 42 43 44 45 46 47 47 48 48 49 49 50 51 52 52 53 54 55 56 57 57 58 58 59 60 60 61 61 62 62 63 64 64 65 65 66 67 68 68 69 69 70]
2026-03-20 15:16:09,401{GMT}	INFO	[jepsen worker 1] jepsen.util: 1	:invoke	:read	nil
2026-03-20 15:16:09,403{GMT}	INFO	[jepsen worker 1] jepsen.util: 1	:ok	:read	[0 0 1 1 2 2 3 4 4 5 5 6 7 7 8 8 9 9 10 11 12 12 13 13 14 15 16 17 17 18 18 19 19 20 21 21 22 22 23 24 24 25 25 26 26 27 27 28 29 29 30 30 31 31 32 33 33 34 34 35 35 36 37 37 38 38 39 40 41 41 42 42 43 43 44 44 45 45 46 46 47 47 48 48 49 49 50 50 51 51 52 52 53 53 54 54 55 55 56 56 57 58 58 59 59 60 61 62 62 63 63 64 65 66 66 67 67 68 68 69 69 70 70]
2026-03-20 15:16:09,468{GMT}	INFO	[jepsen worker 2] jepsen.util: 2	:invoke	:broadcast	71
2026-03-20 15:16:09,470{GMT}	INFO	[jepsen worker 2] jepsen.util: 2	:ok	:broadcast	71
2026-03-20 15:16:09,666{GMT}	INFO	[jepsen worker 3] jepsen.util: 3	:invoke	:broadcast	72
2026-03-20 15:16:09,668{GMT}	INFO	[jepsen worker 3] jepsen.util: 3	:ok	:broadcast	72
2026-03-20 15:16:09,794{GMT}	INFO	[jepsen worker 4] jepsen.util: 4	:invoke	:read	nil
2026-03-20 15:16:09,797{GMT}	INFO	[jepsen worker 4] jepsen.util: 4	:ok	:read	[1 0 0 2 2 3 3 4 4 5 6 6 7 7 8 9 9 10 10 11 11 12 12 13 13 14 14 15 15 16 16 17 17 18 19 19 20 20 21 22 22 23 23 24 24 25 26 26 27 27 28 28 29 30 30 31 31 32 32 33 33 34 35 35 36 36 37 37 38 38 39 39 40 40 41 41 42 43 43 44 44 45 45 46 46 47 48 48 49 50 50 51 51 52 53 53 54 54 55 55 56 56 57 57 58 59 59 60 60 61 61 62 62 63 63 64 64 65 65 66 66 67 67 68 68 69 70 70 71 71 72 72]
2026-03-20 15:16:09,927{GMT}	INFO	[jepsen worker 0] jepsen.util: 0	:invoke	:read	nil
2026-03-20 15:16:09,930{GMT}	INFO	[jepsen worker 0] jepsen.util: 0	:ok	:read	[0 0 1 1 2 3 3 4 4 5 5 6 6 7 7 8 8 9 10 10 11 11 12 13 14 14 15 15 16 16 17 17 18 18 19 20 20 21 21 22 23 23 24 24 25 25 26 27 28 28 29 29 30 31 32 32 33 33 34 34 35 36 36 37 37 38 39 39 40 40 41 41 42 42 43 44 45 46 47 47 48 48 49 49 50 51 52 52 53 54 55 56 57 57 58 58 59 60 60 61 61 62 62 63 64 64 65 65 66 67 68 68 69 69 70 71 71 72 72]
2026-03-20 15:16:09,956{GMT}	INFO	[jepsen worker 0] jepsen.util: 0	:invoke	:read	nil
2026-03-20 15:16:09,958{GMT}	INFO	[jepsen worker 0] jepsen.util: 0	:ok	:read	[0 0 1 1 2 3 3 4 4 5 5 6 6 7 7 8 8 9 10 10 11 11 12 13 14 14 15 15 16 16 17 17 18 18 19 20 20 21 21 22 23 23 24 24 25 25 26 27 28 28 29 29 30 31 32 32 33 33 34 34 35 36 36 37 37 38 39 39 40 40 41 41 42 42 43 44 45 46 47 47 48 48 49 49 50 51 52 52 53 54 55 56 57 57 58 58 59 60 60 61 61 62 62 63 64 64 65 65 66 67 68 68 69 69 70 71 71 72 72]
2026-03-20 15:16:09,996{GMT}	INFO	[jepsen worker 1] jepsen.util: 1	:invoke	:read	nil
2026-03-20 15:16:09,998{GMT}	INFO	[jepsen worker 1] jepsen.util: 1	:ok	:read	[0 0 1 1 2 2 3 4 4 5 5 6 7 7 8 8 9 9 10 11 12 12 13 13 14 15 16 17 17 18 18 19 19 20 21 21 22 22 23 24 24 25 25 26 26 27 27 28 29 29 30 30 31 31 32 33 33 34 34 35 35 36 37 37 38 38 39 40 41 41 42 42 43 43 44 44 45 45 46 46 47 47 48 48 49 49 50 50 51 51 52 52 53 53 54 54 55 55 56 56 57 58 58 59 59 60 61 62 62 63 63 64 65 66 66 67 67 68 68 69 69 70 70 71 72 72]
2026-03-20 15:16:10,164{GMT}	INFO	[jepsen worker 2] jepsen.util: 2	:invoke	:read	nil
2026-03-20 15:16:10,166{GMT}	INFO	[jepsen worker 2] jepsen.util: 2	:ok	:read	[0 0 1 1 2 2 3 4 4 5 5 6 7 7 8 8 9 9 10 11 12 12 13 13 14 15 16 17 17 18 18 19 19 20 21 21 22 22 23 24 24 25 25 26 26 27 27 28 29 29 30 30 31 31 32 33 33 34 34 35 35 36 37 37 38 38 39 40 41 41 42 42 43 43 44 44 45 45 46 46 47 47 48 48 49 49 50 50 51 51 52 52 53 53 54 54 55 55 56 56 57 58 58 59 59 60 61 62 62 63 63 64 65 66 66 67 67 68 68 69 69 70 70 71 72 72]
2026-03-20 15:16:10,282{GMT}	INFO	[jepsen worker 3] jepsen.util: 3	:invoke	:broadcast	73
2026-03-20 15:16:10,285{GMT}	INFO	[jepsen worker 3] jepsen.util: 3	:ok	:broadcast	73
2026-03-20 15:16:10,453{GMT}	INFO	[jepsen worker 4] jepsen.util: 4	:invoke	:read	nil
2026-03-20 15:16:10,455{GMT}	INFO	[jepsen worker 4] jepsen.util: 4	:ok	:read	[1 0 0 2 2 3 3 4 4 5 6 6 7 7 8 9 9 10 10 11 11 12 12 13 13 14 14 15 15 16 16 17 17 18 19 19 20 20 21 22 22 23 23 24 24 25 26 26 27 27 28 28 29 30 30 31 31 32 32 33 33 34 35 35 36 36 37 37 38 38 39 39 40 40 41 41 42 43 43 44 44 45 45 46 46 47 48 48 49 50 50 51 51 52 53 53 54 54 55 55 56 56 57 57 58 59 59 60 60 61 61 62 62 63 63 64 64 65 65 66 66 67 67 68 68 69 70 70 71 71 72 72 73 73]
2026-03-20 15:16:10,511{GMT}	INFO	[jepsen worker 0] jepsen.util: 0	:invoke	:broadcast	74
2026-03-20 15:16:10,513{GMT}	INFO	[jepsen worker 0] jepsen.util: 0	:ok	:broadcast	74
2026-03-20 15:16:10,654{GMT}	INFO	[jepsen worker 0] jepsen.util: 0	:invoke	:read	nil
2026-03-20 15:16:10,656{GMT}	INFO	[jepsen worker 0] jepsen.util: 0	:ok	:read	[0 0 1 1 2 3 3 4 4 5 5 6 6 7 7 8 8 9 10 10 11 11 12 13 14 14 15 15 16 16 17 17 18 18 19 20 20 21 21 22 23 23 24 24 25 25 26 27 28 28 29 29 30 31 32 32 33 33 34 34 35 36 36 37 37 38 39 39 40 40 41 41 42 42 43 44 45 46 47 47 48 48 49 49 50 51 52 52 53 54 55 56 57 57 58 58 59 60 60 61 61 62 62 63 64 64 65 65 66 67 68 68 69 69 70 71 71 72 72 73 73 74]
2026-03-20 15:16:10,780{GMT}	INFO	[jepsen worker 1] jepsen.util: 1	:invoke	:broadcast	75
2026-03-20 15:16:10,783{GMT}	INFO	[jepsen worker 1] jepsen.util: 1	:ok	:broadcast	75
2026-03-20 15:16:10,892{GMT}	INFO	[jepsen worker 2] jepsen.util: 2	:invoke	:read	nil
2026-03-20 15:16:10,895{GMT}	INFO	[jepsen worker 2] jepsen.util: 2	:ok	:read	[0 0 1 1 2 2 3 4 4 5 5 6 7 7 8 8 9 9 10 11 12 12 13 13 14 15 16 17 17 18 18 19 19 20 21 21 22 22 23 24 24 25 25 26 26 27 27 28 29 29 30 30 31 31 32 33 33 34 34 35 35 36 37 37 38 38 39 40 41 41 42 42 43 43 44 44 45 45 46 46 47 47 48 48 49 49 50 50 51 51 52 52 53 53 54 54 55 55 56 56 57 58 58 59 59 60 61 62 62 63 63 64 65 66 66 67 67 68 68 69 69 70 70 71 72 72 73 73 74 74 75]
2026-03-20 15:16:11,038{GMT}	INFO	[jepsen worker 3] jepsen.util: 3	:invoke	:broadcast	76
2026-03-20 15:16:11,040{GMT}	INFO	[jepsen worker 3] jepsen.util: 3	:ok	:broadcast	76
2026-03-20 15:16:11,081{GMT}	INFO	[jepsen worker 4] jepsen.util: 4	:invoke	:broadcast	77
2026-03-20 15:16:11,083{GMT}	INFO	[jepsen worker 4] jepsen.util: 4	:ok	:broadcast	77
2026-03-20 15:16:11,266{GMT}	INFO	[jepsen worker 0] jepsen.util: 0	:invoke	:read	nil
2026-03-20 15:16:11,269{GMT}	INFO	[jepsen worker 0] jepsen.util: 0	:ok	:read	[0 0 1 1 2 3 3 4 4 5 5 6 6 7 7 8 8 9 10 10 11 11 12 13 14 14 15 15 16 16 17 17 18 18 19 20 20 21 21 22 23 23 24 24 25 25 26 27 28 28 29 29 30 31 32 32 33 33 34 34 35 36 36 37 37 38 39 39 40 40 41 41 42 42 43 44 45 46 47 47 48 48 49 49 50 51 52 52 53 54 55 56 57 57 58 58 59 60 60 61 61 62 62 63 64 64 65 65 66 67 68 68 69 69 70 71 71 72 72 73 73 74 75 75 76 76 77 77]
2026-03-20 15:16:11,336{GMT}	INFO	[jepsen worker 0] jepsen.util: 0	:invoke	:broadcast	78
2026-03-20 15:16:11,339{GMT}	INFO	[jepsen worker 0] jepsen.util: 0	:ok	:broadcast	78
2026-03-20 15:16:11,399{GMT}	INFO	[jepsen worker 1] jepsen.util: 1	:invoke	:read	nil
2026-03-20 15:16:11,402{GMT}	INFO	[jepsen worker 1] jepsen.util: 1	:ok	:read	[0 0 1 1 2 2 3 4 4 5 5 6 7 7 8 8 9 9 10 11 12 12 13 13 14 15 16 17 17 18 18 19 19 20 21 21 22 22 23 24 24 25 25 26 26 27 27 28 29 29 30 30 31 31 32 33 33 34 34 35 35 36 37 37 38 38 39 40 41 41 42 42 43 43 44 44 45 45 46 46 47 47 48 48 49 49 50 50 51 51 52 52 53 53 54 54 55 55 56 56 57 58 58 59 59 60 61 62 62 63 63 64 65 66 66 67 67 68 68 69 69 70 70 71 72 72 73 73 74 74 75 76 76 77 77 78 78]
2026-03-20 15:16:11,465{GMT}	INFO	[jepsen worker 2] jepsen.util: 2	:invoke	:read	nil
2026-03-20 15:16:11,468{GMT}	INFO	[jepsen worker 2] jepsen.util: 2	:ok	:read	[0 0 1 1 2 2 3 4 4 5 5 6 7 7 8 8 9 9 10 11 12 12 13 13 14 15 16 17 17 18 18 19 19 20 21 21 22 22 23 24 24 25 25 26 26 27 27 28 29 29 30 30 31 31 32 33 33 34 34 35 35 36 37 37 38 38 39 40 41 41 42 42 43 43 44 44 45 45 46 46 47 47 48 48 49 49 50 50 51 51 52 52 53 53 54 54 55 55 56 56 57 58 58 59 59 60 61 62 62 63 63 64 65 66 66 67 67 68 68 69 69 70 70 71 72 72 73 73 74 74 75 76 76 77 77 78 78]
2026-03-20 15:16:11,499{GMT}	INFO	[jepsen worker 3] jepsen.util: 3	:invoke	:read	nil
2026-03-20 15:16:11,501{GMT}	INFO	[jepsen worker 3] jepsen.util: 3	:ok	:read	[0 1 1 2 2 3 3 4 5 5 6 6 7 8 8 9 9 10 10 11 11 12 12 13 13 14 14 15 15 16 16 17 18 18 19 19 20 20 21 21 22 22 23 23 24 25 25 26 26 27 27 28 28 29 29 30 30 31 31 32 32 33 34 34 35 35 36 36 37 38 38 39 39 40 40 41 42 42 43 43 44 44 45 45 46 46 47 47 48 49 49 50 50 51 51 52 52 53 53 54 54 55 55 56 56 57 57 58 58 59 59 60 60 61 61 62 63 63 64 64 65 65 66 66 67 67 68 69 69 70 70 71 71 72 73 74 74 75 75 76 77 77 78 78]
2026-03-20 15:16:11,626{GMT}	INFO	[jepsen worker 4] jepsen.util: 4	:invoke	:read	nil
2026-03-20 15:16:11,629{GMT}	INFO	[jepsen worker 4] jepsen.util: 4	:ok	:read	[1 0 0 2 2 3 3 4 4 5 6 6 7 7 8 9 9 10 10 11 11 12 12 13 13 14 14 15 15 16 16 17 17 18 19 19 20 20 21 22 22 23 23 24 24 25 26 26 27 27 28 28 29 30 30 31 31 32 32 33 33 34 35 35 36 36 37 37 38 38 39 39 40 40 41 41 42 43 43 44 44 45 45 46 46 47 48 48 49 50 50 51 51 52 53 53 54 54 55 55 56 56 57 57 58 59 59 60 60 61 61 62 62 63 63 64 64 65 65 66 66 67 67 68 68 69 70 70 71 71 72 72 73 73 74 74 75 75 76 76 77 78 78]
2026-03-20 15:16:11,715{GMT}	INFO	[jepsen worker 0] jepsen.util: 0	:invoke	:broadcast	79
2026-03-20 15:16:11,718{GMT}	INFO	[jepsen worker 0] jepsen.util: 0	:ok	:broadcast	79
2026-03-20 15:16:11,733{GMT}	INFO	[jepsen worker 0] jepsen.util: 0	:invoke	:broadcast	80
2026-03-20 15:16:11,735{GMT}	INFO	[jepsen worker 0] jepsen.util: 0	:ok	:broadcast	80
2026-03-20 15:16:11,912{GMT}	INFO	[jepsen worker 1] jepsen.util: 1	:invoke	:broadcast	81
2026-03-20 15:16:11,915{GMT}	INFO	[jepsen worker 1] jepsen.util: 1	:ok	:broadcast	81
2026-03-20 15:16:12,040{GMT}	INFO	[jepsen worker 2] jepsen.util: 2	:invoke	:broadcast	82
2026-03-20 15:16:12,041{GMT}	INFO	[jepsen worker 3] jepsen.util: 3	:invoke	:read	nil
2026-03-20 15:16:12,041{GMT}	INFO	[jepsen worker 2] jepsen.util: 2	:ok	:broadcast	82
2026-03-20 15:16:12,042{GMT}	INFO	[jepsen worker 3] jepsen.util: 3	:ok	:read	[0 1 1 2 2 3 3 4 5 5 6 6 7 8 8 9 9 10 10 11 11 12 12 13 13 14 14 15 15 16 16 17 18 18 19 19 20 20 21 21 22 22 23 23 24 25 25 26 26 27 27 28 28 29 29 30 30 31 31 32 32 33 34 34 35 35 36 36 37 38 38 39 39 40 40 41 42 42 43 43 44 44 45 45 46 46 47 47 48 49 49 50 50 51 51 52 52 53 53 54 54 55 55 56 56 57 57 58 58 59 59 60 60 61 61 62 63 63 64 64 65 65 66 66 67 67 68 69 69 70 70 71 71 72 73 74 74 75 75 76 77 77 78 78 79 79 80 80 81 81]
2026-03-20 15:16:12,165{GMT}	INFO	[jepsen worker 4] jepsen.util: 4	:invoke	:broadcast	83
2026-03-20 15:16:12,167{GMT}	INFO	[jepsen worker 4] jepsen.util: 4	:ok	:broadcast	83
2026-03-20 15:16:12,282{GMT}	INFO	[jepsen worker 0] jepsen.util: 0	:invoke	:broadcast	84
2026-03-20 15:16:12,284{GMT}	INFO	[jepsen worker 0] jepsen.util: 0	:ok	:broadcast	84
2026-03-20 15:16:12,422{GMT}	INFO	[jepsen worker 0] jepsen.util: 0	:invoke	:read	nil
2026-03-20 15:16:12,423{GMT}	INFO	[jepsen worker 0] jepsen.util: 0	:ok	:read	[0 0 1 1 2 3 3 4 4 5 5 6 6 7 7 8 8 9 10 10 11 11 12 13 14 14 15 15 16 16 17 17 18 18 19 20 20 21 21 22 23 23 24 24 25 25 26 27 28 28 29 29 30 31 32 32 33 33 34 34 35 36 36 37 37 38 39 39 40 40 41 41 42 42 43 44 45 46 47 47 48 48 49 49 50 51 52 52 53 54 55 56 57 57 58 58 59 60 60 61 61 62 62 63 64 64 65 65 66 67 68 68 69 69 70 71 71 72 72 73 73 74 75 75 76 76 77 77 78 79 80 81 81 82 82 83 83 84]
2026-03-20 15:16:12,453{GMT}	INFO	[jepsen worker 1] jepsen.util: 1	:invoke	:broadcast	85
2026-03-20 15:16:12,454{GMT}	INFO	[jepsen worker 1] jepsen.util: 1	:ok	:broadcast	85
2026-03-20 15:16:12,633{GMT}	INFO	[jepsen worker 2] jepsen.util: 2	:invoke	:read	nil
2026-03-20 15:16:12,636{GMT}	INFO	[jepsen worker 2] jepsen.util: 2	:ok	:read	[0 0 1 1 2 2 3 4 4 5 5 6 7 7 8 8 9 9 10 11 12 12 13 13 14 15 16 17 17 18 18 19 19 20 21 21 22 22 23 24 24 25 25 26 26 27 27 28 29 29 30 30 31 31 32 33 33 34 34 35 35 36 37 37 38 38 39 40 41 41 42 42 43 43 44 44 45 45 46 46 47 47 48 48 49 49 50 50 51 51 52 52 53 53 54 54 55 55 56 56 57 58 58 59 59 60 61 62 62 63 63 64 65 66 66 67 67 68 68 69 69 70 70 71 72 72 73 73 74 74 75 76 76 77 77 78 78 79 79 80 80 81 82 83 83 84 84 85]
2026-03-20 15:16:12,722{GMT}	INFO	[jepsen worker 3] jepsen.util: 3	:invoke	:read	nil
2026-03-20 15:16:12,723{GMT}	INFO	[jepsen worker 3] jepsen.util: 3	:ok	:read	[0 1 1 2 2 3 3 4 5 5 6 6 7 8 8 9 9 10 10 11 11 12 12 13 13 14 14 15 15 16 16 17 18 18 19 19 20 20 21 21 22 22 23 23 24 25 25 26 26 27 27 28 28 29 29 30 30 31 31 32 32 33 34 34 35 35 36 36 37 38 38 39 39 40 40 41 42 42 43 43 44 44 45 45 46 46 47 47 48 49 49 50 50 51 51 52 52 53 53 54 54 55 55 56 56 57 57 58 58 59 59 60 60 61 61 62 63 63 64 64 65 65 66 66 67 67 68 69 69 70 70 71 71 72 73 74 74 75 75 76 77 77 78 78 79 79 80 80 81 81 82 82 83 83 84 84 85 85]
2026-03-20 15:16:12,905{GMT}	INFO	[jepsen worker 4] jepsen.util: 4	:invoke	:broadcast	86
2026-03-20 15:16:12,907{GMT}	INFO	[jepsen worker 4] jepsen.util: 4	:ok	:broadcast	86
2026-03-20 15:16:13,042{GMT}	INFO	[jepsen worker 0] jepsen.util: 0	:invoke	:broadcast	87
2026-03-20 15:16:13,044{GMT}	INFO	[jepsen worker 0] jepsen.util: 0	:ok	:broadcast	87
2026-03-20 15:16:13,064{GMT}	INFO	[jepsen worker 0] jepsen.util: 0	:invoke	:read	nil
2026-03-20 15:16:13,065{GMT}	INFO	[jepsen worker 0] jepsen.util: 0	:ok	:read	[0 0 1 1 2 3 3 4 4 5 5 6 6 7 7 8 8 9 10 10 11 11 12 13 14 14 15 15 16 16 17 17 18 18 19 20 20 21 21 22 23 23 24 24 25 25 26 27 28 28 29 29 30 31 32 32 33 33 34 34 35 36 36 37 37 38 39 39 40 40 41 41 42 42 43 44 45 46 47 47 48 48 49 49 50 51 52 52 53 54 55 56 57 57 58 58 59 60 60 61 61 62 62 63 64 64 65 65 66 67 68 68 69 69 70 71 71 72 72 73 73 74 75 75 76 76 77 77 78 79 80 81 81 82 82 83 83 84 85 85 86 86 87]
2026-03-20 15:16:13,072{GMT}	INFO	[jepsen worker 1] jepsen.util: 1	:invoke	:broadcast	88
2026-03-20 15:16:13,073{GMT}	INFO	[jepsen worker 1] jepsen.util: 1	:ok	:broadcast	88
2026-03-20 15:16:13,184{GMT}	INFO	[jepsen worker 2] jepsen.util: 2	:invoke	:broadcast	89
2026-03-20 15:16:13,187{GMT}	INFO	[jepsen worker 2] jepsen.util: 2	:ok	:broadcast	89
2026-03-20 15:16:13,377{GMT}	INFO	[jepsen worker 3] jepsen.util: 3	:invoke	:broadcast	90
2026-03-20 15:16:13,379{GMT}	INFO	[jepsen worker 3] jepsen.util: 3	:ok	:broadcast	90
2026-03-20 15:16:13,469{GMT}	INFO	[jepsen worker 4] jepsen.util: 4	:invoke	:broadcast	91
2026-03-20 15:16:13,472{GMT}	INFO	[jepsen worker 4] jepsen.util: 4	:ok	:broadcast	91
2026-03-20 15:16:13,520{GMT}	INFO	[jepsen worker 0] jepsen.util: 0	:invoke	:broadcast	92
2026-03-20 15:16:13,522{GMT}	INFO	[jepsen worker 0] jepsen.util: 0	:ok	:broadcast	92
2026-03-20 15:16:13,718{GMT}	INFO	[jepsen worker 0] jepsen.util: 0	:invoke	:read	nil
2026-03-20 15:16:13,720{GMT}	INFO	[jepsen worker 0] jepsen.util: 0	:ok	:read	[0 0 1 1 2 3 3 4 4 5 5 6 6 7 7 8 8 9 10 10 11 11 12 13 14 14 15 15 16 16 17 17 18 18 19 20 20 21 21 22 23 23 24 24 25 25 26 27 28 28 29 29 30 31 32 32 33 33 34 34 35 36 36 37 37 38 39 39 40 40 41 41 42 42 43 44 45 46 47 47 48 48 49 49 50 51 52 52 53 54 55 56 57 57 58 58 59 60 60 61 61 62 62 63 64 64 65 65 66 67 68 68 69 69 70 71 71 72 72 73 73 74 75 75 76 76 77 77 78 79 80 81 81 82 82 83 83 84 85 85 86 86 87 88 88 89 89 90 90 91 91 92]
2026-03-20 15:16:13,770{GMT}	INFO	[jepsen worker 1] jepsen.util: 1	:invoke	:broadcast	93
2026-03-20 15:16:13,771{GMT}	INFO	[jepsen worker 1] jepsen.util: 1	:ok	:broadcast	93
2026-03-20 15:16:13,929{GMT}	INFO	[jepsen worker 2] jepsen.util: 2	:invoke	:broadcast	94
2026-03-20 15:16:13,930{GMT}	INFO	[jepsen worker 2] jepsen.util: 2	:ok	:broadcast	94
2026-03-20 15:16:13,932{GMT}	INFO	[jepsen worker 3] jepsen.util: 3	:invoke	:read	nil
2026-03-20 15:16:13,933{GMT}	INFO	[jepsen worker 3] jepsen.util: 3	:ok	:read	[0 1 1 2 2 3 3 4 5 5 6 6 7 8 8 9 9 10 10 11 11 12 12 13 13 14 14 15 15 16 16 17 18 18 19 19 20 20 21 21 22 22 23 23 24 25 25 26 26 27 27 28 28 29 29 30 30 31 31 32 32 33 34 34 35 35 36 36 37 38 38 39 39 40 40 41 42 42 43 43 44 44 45 45 46 46 47 47 48 49 49 50 50 51 51 52 52 53 53 54 54 55 55 56 56 57 57 58 58 59 59 60 60 61 61 62 63 63 64 64 65 65 66 66 67 67 68 69 69 70 70 71 71 72 73 74 74 75 75 76 77 77 78 78 79 79 80 80 81 81 82 82 83 83 84 84 85 85 86 86 87 87 88 88 89 89 90 91 91 92 92 93 93 94 94]
2026-03-20 15:16:14,082{GMT}	INFO	[jepsen worker 4] jepsen.util: 4	:invoke	:broadcast	95
2026-03-20 15:16:14,084{GMT}	INFO	[jepsen worker 4] jepsen.util: 4	:ok	:broadcast	95
2026-03-20 15:16:14,100{GMT}	INFO	[jepsen worker 0] jepsen.util: 0	:invoke	:read	nil
2026-03-20 15:16:14,101{GMT}	INFO	[jepsen worker 0] jepsen.util: 0	:ok	:read	[0 0 1 1 2 3 3 4 4 5 5 6 6 7 7 8 8 9 10 10 11 11 12 13 14 14 15 15 16 16 17 17 18 18 19 20 20 21 21 22 23 23 24 24 25 25 26 27 28 28 29 29 30 31 32 32 33 33 34 34 35 36 36 37 37 38 39 39 40 40 41 41 42 42 43 44 45 46 47 47 48 48 49 49 50 51 52 52 53 54 55 56 57 57 58 58 59 60 60 61 61 62 62 63 64 64 65 65 66 67 68 68 69 69 70 71 71 72 72 73 73 74 75 75 76 76 77 77 78 79 80 81 81 82 82 83 83 84 85 85 86 86 87 88 88 89 89 90 90 91 91 92 93 93 94 94 95 95]
2026-03-20 15:16:14,169{GMT}	INFO	[jepsen worker 0] jepsen.util: 0	:invoke	:broadcast	96
2026-03-20 15:16:14,174{GMT}	INFO	[jepsen worker 0] jepsen.util: 0	:ok	:broadcast	96
2026-03-20 15:16:14,278{GMT}	INFO	[jepsen worker 1] jepsen.util: 1	:invoke	:read	nil
2026-03-20 15:16:14,280{GMT}	INFO	[jepsen worker 1] jepsen.util: 1	:ok	:read	[0 0 1 1 2 2 3 4 4 5 5 6 7 7 8 8 9 9 10 11 12 12 13 13 14 15 16 17 17 18 18 19 19 20 21 21 22 22 23 24 24 25 25 26 26 27 27 28 29 29 30 30 31 31 32 33 33 34 34 35 35 36 37 37 38 38 39 40 41 41 42 42 43 43 44 44 45 45 46 46 47 47 48 48 49 49 50 50 51 51 52 52 53 53 54 54 55 55 56 56 57 58 58 59 59 60 61 62 62 63 63 64 65 66 66 67 67 68 68 69 69 70 70 71 72 72 73 73 74 74 75 76 76 77 77 78 78 79 79 80 80 81 82 83 83 84 84 85 86 86 87 87 88 89 90 90 91 91 92 92 93 94 95 95 96 96]
2026-03-20 15:16:14,397{GMT}	INFO	[jepsen worker 2] jepsen.util: 2	:invoke	:broadcast	97
2026-03-20 15:16:14,398{GMT}	INFO	[jepsen worker 2] jepsen.util: 2	:ok	:broadcast	97
2026-03-20 15:16:14,584{GMT}	INFO	[jepsen worker 3] jepsen.util: 3	:invoke	:broadcast	98
2026-03-20 15:16:14,587{GMT}	INFO	[jepsen worker 3] jepsen.util: 3	:ok	:broadcast	98
2026-03-20 15:16:14,688{GMT}	INFO	[jepsen worker 4] jepsen.util: 4	:invoke	:broadcast	99
2026-03-20 15:16:14,691{GMT}	INFO	[jepsen worker 4] jepsen.util: 4	:ok	:broadcast	99
2026-03-20 15:16:14,767{GMT}	INFO	[jepsen worker 0] jepsen.util: 0	:invoke	:broadcast	100
2026-03-20 15:16:14,768{GMT}	INFO	[jepsen worker 0] jepsen.util: 0	:ok	:broadcast	100
2026-03-20 15:16:14,804{GMT}	INFO	[jepsen worker 0] jepsen.util: 0	:invoke	:broadcast	101
2026-03-20 15:16:14,806{GMT}	INFO	[jepsen worker 0] jepsen.util: 0	:ok	:broadcast	101
2026-03-20 15:16:14,961{GMT}	INFO	[jepsen worker 1] jepsen.util: 1	:invoke	:broadcast	102
2026-03-20 15:16:14,963{GMT}	INFO	[jepsen worker 1] jepsen.util: 1	:ok	:broadcast	102
2026-03-20 15:16:15,151{GMT}	INFO	[jepsen worker 2] jepsen.util: 2	:invoke	:broadcast	103
2026-03-20 15:16:15,153{GMT}	INFO	[jepsen worker 2] jepsen.util: 2	:ok	:broadcast	103
2026-03-20 15:16:15,195{GMT}	INFO	[jepsen worker 3] jepsen.util: 3	:invoke	:broadcast	104
2026-03-20 15:16:15,198{GMT}	INFO	[jepsen worker 3] jepsen.util: 3	:ok	:broadcast	104
2026-03-20 15:16:15,199{GMT}	INFO	[jepsen worker 4] jepsen.generator.interpreter: Waiting for recovery...
2026-03-20 15:16:25,206{GMT}	INFO	[jepsen worker 3] jepsen.util: 3	:invoke	:read	nil
2026-03-20 15:16:25,207{GMT}	INFO	[jepsen worker 2] jepsen.util: 2	:invoke	:read	nil
2026-03-20 15:16:25,209{GMT}	INFO	[jepsen worker 0] jepsen.util: 0	:invoke	:read	nil
2026-03-20 15:16:25,210{GMT}	INFO	[jepsen worker 1] jepsen.util: 1	:invoke	:read	nil
2026-03-20 15:16:25,211{GMT}	INFO	[jepsen worker 4] jepsen.util: 4	:invoke	:read	nil
2026-03-20 15:16:25,211{GMT}	INFO	[jepsen worker 3] jepsen.util: 3	:ok	:read	[0 1 1 2 2 3 3 4 5 5 6 6 7 8 8 9 9 10 10 11 11 12 12 13 13 14 14 15 15 16 16 17 18 18 19 19 20 20 21 21 22 22 23 23 24 25 25 26 26 27 27 28 28 29 29 30 30 31 31 32 32 33 34 34 35 35 36 36 37 38 38 39 39 40 40 41 42 42 43 43 44 44 45 45 46 46 47 47 48 49 49 50 50 51 51 52 52 53 53 54 54 55 55 56 56 57 57 58 58 59 59 60 60 61 61 62 63 63 64 64 65 65 66 66 67 67 68 69 69 70 70 71 71 72 73 74 74 75 75 76 77 77 78 78 79 79 80 80 81 81 82 82 83 83 84 84 85 85 86 86 87 87 88 88 89 89 90 91 91 92 92 93 93 94 94 95 95 96 96 97 97 98 99 99 100 100 101 101 102 102 103 103 104]
2026-03-20 15:16:25,214{GMT}	INFO	[jepsen worker 2] jepsen.util: 2	:ok	:read	[0 0 1 1 2 2 3 4 4 5 5 6 7 7 8 8 9 9 10 11 12 12 13 13 14 15 16 17 17 18 18 19 19 20 21 21 22 22 23 24 24 25 25 26 26 27 27 28 29 29 30 30 31 31 32 33 33 34 34 35 35 36 37 37 38 38 39 40 41 41 42 42 43 43 44 44 45 45 46 46 47 47 48 48 49 49 50 50 51 51 52 52 53 53 54 54 55 55 56 56 57 58 58 59 59 60 61 62 62 63 63 64 65 66 66 67 67 68 68 69 69 70 70 71 72 72 73 73 74 74 75 76 76 77 77 78 78 79 79 80 80 81 82 83 83 84 84 85 86 86 87 87 88 89 90 90 91 91 92 92 93 94 95 95 96 96 97 98 98 99 99 100 100 101 101 102 103 104 104]
2026-03-20 15:16:25,214{GMT}	INFO	[jepsen worker 0] jepsen.util: 0	:ok	:read	[0 0 1 1 2 3 3 4 4 5 5 6 6 7 7 8 8 9 10 10 11 11 12 13 14 14 15 15 16 16 17 17 18 18 19 20 20 21 21 22 23 23 24 24 25 25 26 27 28 28 29 29 30 31 32 32 33 33 34 34 35 36 36 37 37 38 39 39 40 40 41 41 42 42 43 44 45 46 47 47 48 48 49 49 50 51 52 52 53 54 55 56 57 57 58 58 59 60 60 61 61 62 62 63 64 64 65 65 66 67 68 68 69 69 70 71 71 72 72 73 73 74 75 75 76 76 77 77 78 79 80 81 81 82 82 83 83 84 85 85 86 86 87 88 88 89 89 90 90 91 91 92 93 93 94 94 95 95 96 97 97 98 98 99 99 100 101 102 102 103 103 104 104]
2026-03-20 15:16:25,215{GMT}	INFO	[jepsen worker 1] jepsen.util: 1	:ok	:read	[0 0 1 1 2 2 3 4 4 5 5 6 7 7 8 8 9 9 10 11 12 12 13 13 14 15 16 17 17 18 18 19 19 20 21 21 22 22 23 24 24 25 25 26 26 27 27 28 29 29 30 30 31 31 32 33 33 34 34 35 35 36 37 37 38 38 39 40 41 41 42 42 43 43 44 44 45 45 46 46 47 47 48 48 49 49 50 50 51 51 52 52 53 53 54 54 55 55 56 56 57 58 58 59 59 60 61 62 62 63 63 64 65 66 66 67 67 68 68 69 69 70 70 71 72 72 73 73 74 74 75 76 76 77 77 78 78 79 79 80 80 81 82 83 83 84 84 85 86 86 87 87 88 89 90 90 91 91 92 92 93 94 95 95 96 96 97 98 98 99 99 100 100 101 101 102 103 104 104]
2026-03-20 15:16:25,215{GMT}	INFO	[jepsen worker 4] jepsen.util: 4	:ok	:read	[1 0 0 2 2 3 3 4 4 5 6 6 7 7 8 9 9 10 10 11 11 12 12 13 13 14 14 15 15 16 16 17 17 18 19 19 20 20 21 22 22 23 23 24 24 25 26 26 27 27 28 28 29 30 30 31 31 32 32 33 33 34 35 35 36 36 37 37 38 38 39 39 40 40 41 41 42 43 43 44 44 45 45 46 46 47 48 48 49 50 50 51 51 52 53 53 54 54 55 55 56 56 57 57 58 59 59 60 60 61 61 62 62 63 63 64 64 65 65 66 66 67 67 68 68 69 70 70 71 71 72 72 73 73 74 74 75 75 76 76 77 78 78 79 79 80 80 81 81 82 82 83 84 84 85 85 86 87 87 88 88 89 89 90 90 91 92 92 93 93 94 94 95 96 96 97 97 98 98 99 100 100 101 101 102 102 103 103 104 104]
2026-03-20 15:16:25,241{GMT}	INFO	[jepsen test runner] jepsen.core: Run complete, writing
2026-03-20 15:16:25,331{GMT}	INFO	[jepsen node n0] maelstrom.db: Tearing down n0
2026-03-20 15:16:25,332{GMT}	INFO	[jepsen node n3] maelstrom.db: Tearing down n3
2026-03-20 15:16:25,332{GMT}	INFO	[jepsen node n2] maelstrom.db: Tearing down n2
2026-03-20 15:16:25,331{GMT}	INFO	[jepsen node n1] maelstrom.db: Tearing down n1
2026-03-20 15:16:25,332{GMT}	INFO	[jepsen node n4] maelstrom.db: Tearing down n4
2026-03-20 15:16:27,095{GMT}	INFO	[jepsen node n0] maelstrom.net: Shutting down Maelstrom network
2026-03-20 15:16:27,096{GMT}	INFO	[jepsen test runner] jepsen.core: Analyzing...
2026-03-20 15:16:27,543{GMT}	INFO	[jepsen test runner] jepsen.core: Analysis complete
2026-03-20 15:16:27,577{GMT}	INFO	[jepsen results] jepsen.store: Wrote /home/banna/Documents/maelstrom-java/store/broadcast/20260320T151553.787Z/results.edn
2026-03-20 15:16:27,605{GMT}	INFO	[jepsen test runner] jepsen.core: {:perf {:latency-graph {:valid? true},
        :rate-graph {:valid? true},
        :valid? true},
 :timeline {:valid? true},
 :exceptions {:valid? true},
 :stats {:valid? true,
         :count 207,
         :ok-count 207,
         :fail-count 0,
         :info-count 0,
         :by-f {:broadcast {:valid? true,
                            :count 105,
                            :ok-count 105,
                            :fail-count 0,
                            :info-count 0},
                :read {:valid? true,
                       :count 102,
                       :ok-count 102,
                       :fail-count 0,
                       :info-count 0}}},
 :availability {:valid? true, :ok-fraction 1.0},
 :net {:all {:send-count 2052,
             :recv-count 2052,
             :msg-count 2052,
             :msgs-per-op 9.913043},
       :clients {:send-count 434, :recv-count 434, :msg-count 434},
       :servers {:send-count 1618,
                 :recv-count 1618,
                 :msg-count 1618,
                 :msgs-per-op 7.8164253},
       :valid? true},
 :workload {:worst-stale (),
            :duplicated-count 0,
            :valid? true,
            :lost-count 0,
            :lost (),
            :stable-count 105,
            :stale-count 0,
            :stale (),
            :never-read-count 0,
            :stable-latencies {0 0, 0.5 0, 0.95 0, 0.99 0, 1 0},
            :attempt-count 105,
            :never-read (),
            :duplicated {}},
 :valid? true}


Everything looks good! ヽ(‘ー`)ノ
