2026-03-20 15:39:05,189{GMT}	INFO	[jepsen test runner] jepsen.core: Command line:
lein run test -w broadcast --bin run.sh broadcast --node-count 5 --time-limit 20 --rate 10 --nemesis partition
2026-03-20 15:39:05,286{GMT}	INFO	[jepsen test runner] jepsen.core: Running test:
{:args ["broadcast"]
 :remote
 #jepsen.control.retry.Remote{:remote #jepsen.control.scp.Remote{:cmd-remote #jepsen.control.sshj.SSHJRemote{:concurrency-limit 6,
                                                                                                             :conn-spec nil,
                                                                                                             :client nil,
                                                                                                             :semaphore nil},
                                                                 :conn-spec nil},
                              :conn nil}
 :log-net-send false
 :node-count 5
 :availability nil
 :max-txn-length 4
 :concurrency 5
 :db
 #object[maelstrom.db$db$reify__16142
         "0x3619ecd"
         "maelstrom.db$db$reify__16142@3619ecd"]
 :max-writes-per-key 16
 :leave-db-running? false
 :name "broadcast"
 :logging-json? false
 :start-time
 #object[org.joda.time.DateTime "0x7de4bd8f" "2026-03-20T15:39:05.167Z"]
 :nemesis-interval 10
 :net
 #object[maelstrom.net$jepsen_net$reify__15251
         "0x193e65d5"
         "maelstrom.net$jepsen_net$reify__15251@193e65d5"]
 :client
 #object[maelstrom.workload.broadcast$client$reify__16644
         "0x2a97b4b8"
         "maelstrom.workload.broadcast$client$reify__16644@2a97b4b8"]
 :barrier
 #object[java.util.concurrent.CyclicBarrier
         "0x250fc0d1"
         "java.util.concurrent.CyclicBarrier@250fc0d1"]
 :log-stderr false
 :pure-generators true
 :ssh {:dummy? true}
 :rate 10.0
 :checker
 #object[jepsen.checker$compose$reify__11881
         "0x7ddf193a"
         "jepsen.checker$compose$reify__11881@7ddf193a"]
 :argv
 ("test"
  "-w"
  "broadcast"
  "--bin"
  "run.sh"
  "broadcast"
  "--node-count"
  "5"
  "--time-limit"
  "20"
  "--rate"
  "10"
  "--nemesis"
  "partition")
 :nemesis
 (jepsen.nemesis.ReflCompose
  {:fm {:start-partition 0,
        :stop-partition 0,
        :kill 1,
        :start 1,
        :pause 1,
        :resume 1},
   :nemeses [#unprintable "jepsen.nemesis.combined$partition_nemesis$reify__16416@17a5cb99"
             #unprintable "jepsen.nemesis.combined$db_nemesis$reify__16397@808fa1"]})
 :nodes ["n0" "n1" "n2" "n3" "n4"]
 :test-count 1
 :latency {:mean 0, :dist :constant}
 :bin "run.sh"
 :generator
 ((jepsen.generator.Synchronize
   {:gen (jepsen.generator.TimeLimit
          {:limit 20000000000,
           :cutoff nil,
           :gen (jepsen.generator.Any
                 {:gens [(jepsen.generator.OnThreads
                          {:f #{:nemesis},
                           :context-filter #object[jepsen.generator.context$make_thread_filter$lazy_filter__9167
                                                   "0x7545cb17"
                                                   "jepsen.generator.context$make_thread_filter$lazy_filter__9167@7545cb17"],
                           :gen (jepsen.generator.Stagger
                                 {:dt 20000000000,
                                  :next-time nil,
                                  :gen (jepsen.generator.FlipFlop
                                        {:gens [#object[jepsen.nemesis.combined$partition_package$start__16420
                                                        "0x635b3ec7"
                                                        "jepsen.nemesis.combined$partition_package$start__16420@635b3ec7"]
                                                ({:type :info,
                                                  :f :stop-partition,
                                                  :value nil}
                                                 {:type :info,
                                                  :f :stop-partition,
                                                  :value nil}
                                                 {:type :info,
                                                  :f :stop-partition,
                                                  :value nil}
                                                 {:type :info,
                                                  :f :stop-partition,
                                                  :value nil}
                                                 {:type :info,
                                                  :f :stop-partition,
                                                  :value nil}
                                                 {:type :info,
                                                  :f :stop-partition,
                                                  :value nil}
                                                 {:type :info,
                                                  :f :stop-partition,
                                                  :value nil}
                                                 {:type :info,
                                                  :f :stop-partition,
                                                  :value nil}
                                                 ...)],
                                         :i 0})})})
                         (jepsen.generator.OnThreads
                          {:f #jepsen.generator.context.AllBut{:element :nemesis},
                           :context-filter #object[jepsen.generator.context$make_thread_filter$lazy_filter__9167
                                                   "0x15aa3084"
                                                   "jepsen.generator.context$make_thread_filter$lazy_filter__9167@15aa3084"],
                           :gen (jepsen.generator.Stagger
                                 {:dt 200000000,
                                  :next-time nil,
                                  :gen (jepsen.generator.Mix
                                        {:i 1,
                                         :gens [({:f :broadcast, :value 0}
                                                 {:f :broadcast, :value 1}
                                                 {:f :broadcast, :value 2}
                                                 {:f :broadcast, :value 3}
                                                 {:f :broadcast, :value 4}
                                                 {:f :broadcast, :value 5}
                                                 {:f :broadcast, :value 6}
                                                 {:f :broadcast, :value 7}
                                                 ...)
                                                ({:f :read}
                                                 {:f :read}
                                                 {:f :read}
                                                 {:f :read}
                                                 {:f :read}
                                                 {:f :read}
                                                 {:f :read}
                                                 {:f :read}
                                                 ...)]})})})]})})})
  (jepsen.generator.Synchronize
   {:gen (jepsen.generator.OnThreads
          {:f #{:nemesis},
           :context-filter #object[jepsen.generator.context$make_thread_filter$lazy_filter__9167
                                   "0x4e6c4c55"
                                   "jepsen.generator.context$make_thread_filter$lazy_filter__9167@4e6c4c55"],
           :gen ({:type :info, :f :stop-partition, :value nil})})})
  (jepsen.generator.Synchronize
   {:gen {:type :log, :value "Waiting for recovery..."}})
  (jepsen.generator.Synchronize {:gen {:type :sleep, :value 10}})
  (jepsen.generator.Synchronize
   {:gen (jepsen.generator.OnThreads
          {:f #jepsen.generator.context.AllBut{:element :nemesis},
           :context-filter #object[jepsen.generator.context$make_thread_filter$lazy_filter__9167
                                   "0x74fbee59"
                                   "jepsen.generator.context$make_thread_filter$lazy_filter__9167@74fbee59"],
           :gen (jepsen.generator.EachThread
                 {:fresh-gen {:f :read, :final? true},
                  :context-filters #object[clojure.core$promise$reify__8591
                                           "0x3794621d"
                                           {:status :pending, :val nil}],
                  :gens {}})})}))
 :log-net-recv false
 :os
 #object[maelstrom.net$jepsen_os$reify__15254
         "0x737e4a7b"
         "maelstrom.net$jepsen_os$reify__15254@737e4a7b"]
 :time-limit 20
 :workload :broadcast
 :consistency-models [:strict-serializable]
 :topology :grid}

2026-03-20 15:39:06,575{GMT}	INFO	[jepsen node n0] maelstrom.net: Starting Maelstrom network
2026-03-20 15:39:06,576{GMT}	INFO	[jepsen test runner] jepsen.db: Tearing down DB
2026-03-20 15:39:06,578{GMT}	INFO	[jepsen test runner] jepsen.db: Setting up DB
2026-03-20 15:39:06,579{GMT}	INFO	[jepsen node n1] maelstrom.db: Setting up n1
2026-03-20 15:39:06,579{GMT}	INFO	[jepsen node n3] maelstrom.db: Setting up n3
2026-03-20 15:39:06,579{GMT}	INFO	[jepsen node n4] maelstrom.db: Setting up n4
2026-03-20 15:39:06,579{GMT}	INFO	[jepsen node n2] maelstrom.db: Setting up n2
2026-03-20 15:39:06,580{GMT}	INFO	[jepsen node n1] maelstrom.process: launching run.sh ["broadcast"]
2026-03-20 15:39:06,580{GMT}	INFO	[jepsen node n4] maelstrom.process: launching run.sh ["broadcast"]
2026-03-20 15:39:06,580{GMT}	INFO	[jepsen node n3] maelstrom.process: launching run.sh ["broadcast"]
2026-03-20 15:39:06,580{GMT}	INFO	[jepsen node n2] maelstrom.process: launching run.sh ["broadcast"]
2026-03-20 15:39:06,580{GMT}	INFO	[jepsen node n0] maelstrom.service: Starting services: (lin-kv lin-tso lww-kv seq-kv)
2026-03-20 15:39:06,583{GMT}	INFO	[jepsen node n0] maelstrom.db: Setting up n0
2026-03-20 15:39:06,589{GMT}	INFO	[jepsen node n0] maelstrom.process: launching run.sh ["broadcast"]
2026-03-20 15:39:06,762{GMT}	INFO	[jepsen test runner] jepsen.core: Relative time begins now
2026-03-20 15:39:06,785{GMT}	INFO	[jepsen worker 0] jepsen.util: 0	:invoke	:read	nil
2026-03-20 15:39:06,785{GMT}	INFO	[jepsen worker nemesis] jepsen.util: :nemesis	:info	:start-partition	:majorities-ring
2026-03-20 15:39:06,794{GMT}	INFO	[jepsen worker 0] jepsen.util: 0	:ok	:read	[]
2026-03-20 15:39:06,794{GMT}	INFO	[jepsen worker nemesis] jepsen.util: :nemesis	:info	:start-partition	[:isolated {"n1" #{"n4" "n3"}, "n2" #{"n4" "n0"}, "n3" #{"n1" "n0"}, "n4" #{"n2" "n1"}, "n0" #{"n2" "n3"}}]
2026-03-20 15:39:06,881{GMT}	INFO	[jepsen worker 2] jepsen.util: 2	:invoke	:broadcast	0
2026-03-20 15:39:06,885{GMT}	INFO	[jepsen worker 2] jepsen.util: 2	:ok	:broadcast	0
2026-03-20 15:39:07,053{GMT}	INFO	[jepsen worker 3] jepsen.util: 3	:invoke	:broadcast	1
2026-03-20 15:39:07,057{GMT}	INFO	[jepsen worker 3] jepsen.util: 3	:ok	:broadcast	1
2026-03-20 15:39:07,116{GMT}	INFO	[jepsen worker 4] jepsen.util: 4	:invoke	:read	nil
2026-03-20 15:39:07,120{GMT}	INFO	[jepsen worker 4] jepsen.util: 4	:ok	:read	[1]
2026-03-20 15:39:07,253{GMT}	INFO	[jepsen worker 0] jepsen.util: 0	:invoke	:read	nil
2026-03-20 15:39:07,255{GMT}	INFO	[jepsen worker 0] jepsen.util: 0	:ok	:read	[0]
2026-03-20 15:39:07,306{GMT}	INFO	[jepsen worker 0] jepsen.util: 0	:invoke	:read	nil
2026-03-20 15:39:07,309{GMT}	INFO	[jepsen worker 0] jepsen.util: 0	:ok	:read	[0]
2026-03-20 15:39:07,341{GMT}	INFO	[jepsen worker 1] jepsen.util: 1	:invoke	:read	nil
2026-03-20 15:39:07,344{GMT}	INFO	[jepsen worker 1] jepsen.util: 1	:ok	:read	[0]
2026-03-20 15:39:07,505{GMT}	INFO	[jepsen worker 2] jepsen.util: 2	:invoke	:read	nil
2026-03-20 15:39:07,508{GMT}	INFO	[jepsen worker 2] jepsen.util: 2	:ok	:read	[0]
2026-03-20 15:39:07,595{GMT}	INFO	[jepsen worker 3] jepsen.util: 3	:invoke	:broadcast	2
2026-03-20 15:39:07,597{GMT}	INFO	[jepsen worker 3] jepsen.util: 3	:ok	:broadcast	2
2026-03-20 15:39:07,793{GMT}	INFO	[jepsen worker 4] jepsen.util: 4	:invoke	:read	nil
2026-03-20 15:39:07,796{GMT}	INFO	[jepsen worker 4] jepsen.util: 4	:ok	:read	[1 2]
2026-03-20 15:39:07,810{GMT}	INFO	[jepsen worker 0] jepsen.util: 0	:invoke	:broadcast	3
2026-03-20 15:39:07,813{GMT}	INFO	[jepsen worker 0] jepsen.util: 0	:ok	:broadcast	3
2026-03-20 15:39:07,833{GMT}	INFO	[jepsen worker 0] jepsen.util: 0	:invoke	:read	nil
2026-03-20 15:39:07,836{GMT}	INFO	[jepsen worker 0] jepsen.util: 0	:ok	:read	[0 3]
2026-03-20 15:39:07,900{GMT}	INFO	[jepsen worker 1] jepsen.util: 1	:invoke	:read	nil
2026-03-20 15:39:07,902{GMT}	INFO	[jepsen worker 1] jepsen.util: 1	:ok	:read	[0 3]
2026-03-20 15:39:08,080{GMT}	INFO	[jepsen worker 2] jepsen.util: 2	:invoke	:broadcast	4
2026-03-20 15:39:08,083{GMT}	INFO	[jepsen worker 2] jepsen.util: 2	:ok	:broadcast	4
2026-03-20 15:39:08,199{GMT}	INFO	[jepsen worker 3] jepsen.util: 3	:invoke	:read	nil
2026-03-20 15:39:08,202{GMT}	INFO	[jepsen worker 3] jepsen.util: 3	:ok	:read	[1 2]
2026-03-20 15:39:08,222{GMT}	INFO	[jepsen worker 4] jepsen.util: 4	:invoke	:read	nil
2026-03-20 15:39:08,224{GMT}	INFO	[jepsen worker 4] jepsen.util: 4	:ok	:read	[1 2]
2026-03-20 15:39:08,288{GMT}	INFO	[jepsen worker 0] jepsen.util: 0	:invoke	:read	nil
2026-03-20 15:39:08,290{GMT}	INFO	[jepsen worker 0] jepsen.util: 0	:ok	:read	[0 3 4]
2026-03-20 15:39:08,309{GMT}	INFO	[jepsen worker 0] jepsen.util: 0	:invoke	:read	nil
2026-03-20 15:39:08,311{GMT}	INFO	[jepsen worker 0] jepsen.util: 0	:ok	:read	[0 3 4]
2026-03-20 15:39:08,457{GMT}	INFO	[jepsen worker 1] jepsen.util: 1	:invoke	:broadcast	5
2026-03-20 15:39:08,459{GMT}	INFO	[jepsen worker 1] jepsen.util: 1	:ok	:broadcast	5
2026-03-20 15:39:08,624{GMT}	INFO	[jepsen worker 2] jepsen.util: 2	:invoke	:read	nil
2026-03-20 15:39:08,626{GMT}	INFO	[jepsen worker 2] jepsen.util: 2	:ok	:read	[0 3 4 5]
2026-03-20 15:39:08,711{GMT}	INFO	[jepsen worker 3] jepsen.util: 3	:invoke	:read	nil
2026-03-20 15:39:08,713{GMT}	INFO	[jepsen worker 3] jepsen.util: 3	:ok	:read	[1 2]
2026-03-20 15:39:08,720{GMT}	INFO	[jepsen worker 4] jepsen.util: 4	:invoke	:broadcast	6
2026-03-20 15:39:08,722{GMT}	INFO	[jepsen worker 4] jepsen.util: 4	:ok	:broadcast	6
2026-03-20 15:39:08,831{GMT}	INFO	[jepsen worker 0] jepsen.util: 0	:invoke	:read	nil
2026-03-20 15:39:08,833{GMT}	INFO	[jepsen worker 0] jepsen.util: 0	:ok	:read	[0 3 4 5]
2026-03-20 15:39:08,838{GMT}	INFO	[jepsen worker 0] jepsen.util: 0	:invoke	:broadcast	7
2026-03-20 15:39:08,840{GMT}	INFO	[jepsen worker 0] jepsen.util: 0	:ok	:broadcast	7
2026-03-20 15:39:09,021{GMT}	INFO	[jepsen worker 1] jepsen.util: 1	:invoke	:broadcast	8
2026-03-20 15:39:09,023{GMT}	INFO	[jepsen worker 1] jepsen.util: 1	:ok	:broadcast	8
2026-03-20 15:39:09,030{GMT}	INFO	[jepsen worker 2] jepsen.util: 2	:invoke	:broadcast	9
2026-03-20 15:39:09,033{GMT}	INFO	[jepsen worker 2] jepsen.util: 2	:ok	:broadcast	9
2026-03-20 15:39:09,088{GMT}	INFO	[jepsen worker 3] jepsen.util: 3	:invoke	:read	nil
2026-03-20 15:39:09,090{GMT}	INFO	[jepsen worker 3] jepsen.util: 3	:ok	:read	[1 2 6]
2026-03-20 15:39:09,272{GMT}	INFO	[jepsen worker 4] jepsen.util: 4	:invoke	:read	nil
2026-03-20 15:39:09,274{GMT}	INFO	[jepsen worker 4] jepsen.util: 4	:ok	:read	[1 2 6]
2026-03-20 15:39:09,328{GMT}	INFO	[jepsen worker 0] jepsen.util: 0	:invoke	:read	nil
2026-03-20 15:39:09,330{GMT}	INFO	[jepsen worker 0] jepsen.util: 0	:ok	:read	[0 3 4 5 7 8 9]
2026-03-20 15:39:09,395{GMT}	INFO	[jepsen worker 0] jepsen.util: 0	:invoke	:read	nil
2026-03-20 15:39:09,397{GMT}	INFO	[jepsen worker 0] jepsen.util: 0	:ok	:read	[0 3 4 5 7 8 9]
2026-03-20 15:39:09,550{GMT}	INFO	[jepsen worker 1] jepsen.util: 1	:invoke	:read	nil
2026-03-20 15:39:09,551{GMT}	INFO	[jepsen worker 1] jepsen.util: 1	:ok	:read	[0 3 4 5 7 8 9]
2026-03-20 15:39:09,575{GMT}	INFO	[jepsen worker 2] jepsen.util: 2	:invoke	:broadcast	10
2026-03-20 15:39:09,577{GMT}	INFO	[jepsen worker 2] jepsen.util: 2	:ok	:broadcast	10
2026-03-20 15:39:09,758{GMT}	INFO	[jepsen worker 3] jepsen.util: 3	:invoke	:broadcast	11
2026-03-20 15:39:09,760{GMT}	INFO	[jepsen worker 3] jepsen.util: 3	:ok	:broadcast	11
2026-03-20 15:39:09,807{GMT}	INFO	[jepsen worker 4] jepsen.util: 4	:invoke	:read	nil
2026-03-20 15:39:09,809{GMT}	INFO	[jepsen worker 4] jepsen.util: 4	:ok	:read	[1 2 6 11]
2026-03-20 15:39:09,931{GMT}	INFO	[jepsen worker 0] jepsen.util: 0	:invoke	:broadcast	12
2026-03-20 15:39:09,933{GMT}	INFO	[jepsen worker 0] jepsen.util: 0	:ok	:broadcast	12
2026-03-20 15:39:09,936{GMT}	INFO	[jepsen worker 0] jepsen.util: 0	:invoke	:broadcast	13
2026-03-20 15:39:09,938{GMT}	INFO	[jepsen worker 0] jepsen.util: 0	:ok	:broadcast	13
2026-03-20 15:39:10,017{GMT}	INFO	[jepsen worker 1] jepsen.util: 1	:invoke	:read	nil
2026-03-20 15:39:10,019{GMT}	INFO	[jepsen worker 1] jepsen.util: 1	:ok	:read	[0 3 4 5 7 8 9 10 12 13]
2026-03-20 15:39:10,133{GMT}	INFO	[jepsen worker 2] jepsen.util: 2	:invoke	:broadcast	14
2026-03-20 15:39:10,134{GMT}	INFO	[jepsen worker 2] jepsen.util: 2	:ok	:broadcast	14
2026-03-20 15:39:10,175{GMT}	INFO	[jepsen worker 3] jepsen.util: 3	:invoke	:broadcast	15
2026-03-20 15:39:10,177{GMT}	INFO	[jepsen worker 3] jepsen.util: 3	:ok	:broadcast	15
2026-03-20 15:39:10,227{GMT}	INFO	[jepsen worker 4] jepsen.util: 4	:invoke	:broadcast	16
2026-03-20 15:39:10,229{GMT}	INFO	[jepsen worker 4] jepsen.util: 4	:ok	:broadcast	16
2026-03-20 15:39:10,392{GMT}	INFO	[jepsen worker 0] jepsen.util: 0	:invoke	:read	nil
2026-03-20 15:39:10,393{GMT}	INFO	[jepsen worker 0] jepsen.util: 0	:ok	:read	[0 3 4 5 7 8 9 10 12 13 14]
2026-03-20 15:39:10,439{GMT}	INFO	[jepsen worker 0] jepsen.util: 0	:invoke	:broadcast	17
2026-03-20 15:39:10,440{GMT}	INFO	[jepsen worker 0] jepsen.util: 0	:ok	:broadcast	17
2026-03-20 15:39:10,597{GMT}	INFO	[jepsen worker 1] jepsen.util: 1	:invoke	:broadcast	18
2026-03-20 15:39:10,599{GMT}	INFO	[jepsen worker 1] jepsen.util: 1	:ok	:broadcast	18
2026-03-20 15:39:10,727{GMT}	INFO	[jepsen worker 2] jepsen.util: 2	:invoke	:read	nil
2026-03-20 15:39:10,729{GMT}	INFO	[jepsen worker 2] jepsen.util: 2	:ok	:read	[0 3 4 5 7 8 9 10 12 13 14 17 18]
2026-03-20 15:39:10,795{GMT}	INFO	[jepsen worker 3] jepsen.util: 3	:invoke	:broadcast	19
2026-03-20 15:39:10,797{GMT}	INFO	[jepsen worker 3] jepsen.util: 3	:ok	:broadcast	19
2026-03-20 15:39:10,817{GMT}	INFO	[jepsen worker 4] jepsen.util: 4	:invoke	:read	nil
2026-03-20 15:39:10,819{GMT}	INFO	[jepsen worker 4] jepsen.util: 4	:ok	:read	[1 2 6 11 15 16 19]
2026-03-20 15:39:10,895{GMT}	INFO	[jepsen worker 0] jepsen.util: 0	:invoke	:read	nil
2026-03-20 15:39:10,897{GMT}	INFO	[jepsen worker 0] jepsen.util: 0	:ok	:read	[0 3 4 5 7 8 9 10 12 13 14 17 18]
2026-03-20 15:39:11,078{GMT}	INFO	[jepsen worker 0] jepsen.util: 0	:invoke	:read	nil
2026-03-20 15:39:11,080{GMT}	INFO	[jepsen worker 0] jepsen.util: 0	:ok	:read	[0 3 4 5 7 8 9 10 12 13 14 17 18]
2026-03-20 15:39:11,277{GMT}	INFO	[jepsen worker 1] jepsen.util: 1	:invoke	:read	nil
2026-03-20 15:39:11,278{GMT}	INFO	[jepsen worker 1] jepsen.util: 1	:ok	:read	[0 3 4 5 7 8 9 10 12 13 14 17 18]
2026-03-20 15:39:11,457{GMT}	INFO	[jepsen worker 2] jepsen.util: 2	:invoke	:broadcast	20
2026-03-20 15:39:11,459{GMT}	INFO	[jepsen worker 2] jepsen.util: 2	:ok	:broadcast	20
2026-03-20 15:39:11,620{GMT}	INFO	[jepsen worker 3] jepsen.util: 3	:invoke	:broadcast	21
2026-03-20 15:39:11,622{GMT}	INFO	[jepsen worker 3] jepsen.util: 3	:ok	:broadcast	21
2026-03-20 15:39:11,721{GMT}	INFO	[jepsen worker 4] jepsen.util: 4	:invoke	:broadcast	22
2026-03-20 15:39:11,723{GMT}	INFO	[jepsen worker 4] jepsen.util: 4	:ok	:broadcast	22
2026-03-20 15:39:11,879{GMT}	INFO	[jepsen worker 0] jepsen.util: 0	:invoke	:read	nil
2026-03-20 15:39:11,881{GMT}	INFO	[jepsen worker 0] jepsen.util: 0	:ok	:read	[0 3 4 5 7 8 9 10 12 13 14 17 18 20]
2026-03-20 15:39:11,891{GMT}	INFO	[jepsen worker 0] jepsen.util: 0	:invoke	:read	nil
2026-03-20 15:39:11,892{GMT}	INFO	[jepsen worker 0] jepsen.util: 0	:ok	:read	[0 3 4 5 7 8 9 10 12 13 14 17 18 20]
2026-03-20 15:39:12,056{GMT}	INFO	[jepsen worker 1] jepsen.util: 1	:invoke	:read	nil
2026-03-20 15:39:12,057{GMT}	INFO	[jepsen worker 1] jepsen.util: 1	:ok	:read	[0 3 4 5 7 8 9 10 12 13 14 17 18 20]
2026-03-20 15:39:12,097{GMT}	INFO	[jepsen worker 2] jepsen.util: 2	:invoke	:broadcast	23
2026-03-20 15:39:12,099{GMT}	INFO	[jepsen worker 2] jepsen.util: 2	:ok	:broadcast	23
2026-03-20 15:39:12,284{GMT}	INFO	[jepsen worker 3] jepsen.util: 3	:invoke	:broadcast	24
2026-03-20 15:39:12,286{GMT}	INFO	[jepsen worker 3] jepsen.util: 3	:ok	:broadcast	24
2026-03-20 15:39:12,325{GMT}	INFO	[jepsen worker 4] jepsen.util: 4	:invoke	:read	nil
2026-03-20 15:39:12,327{GMT}	INFO	[jepsen worker 4] jepsen.util: 4	:ok	:read	[1 2 6 11 15 16 19 21 22 24]
2026-03-20 15:39:12,525{GMT}	INFO	[jepsen worker 0] jepsen.util: 0	:invoke	:broadcast	25
2026-03-20 15:39:12,526{GMT}	INFO	[jepsen worker 0] jepsen.util: 0	:ok	:broadcast	25
2026-03-20 15:39:12,597{GMT}	INFO	[jepsen worker 0] jepsen.util: 0	:invoke	:read	nil
2026-03-20 15:39:12,599{GMT}	INFO	[jepsen worker 0] jepsen.util: 0	:ok	:read	[0 3 4 5 7 8 9 10 12 13 14 17 18 20 23 25]
2026-03-20 15:39:12,696{GMT}	INFO	[jepsen worker 1] jepsen.util: 1	:invoke	:read	nil
2026-03-20 15:39:12,698{GMT}	INFO	[jepsen worker 1] jepsen.util: 1	:ok	:read	[0 3 4 5 7 8 9 10 12 13 14 17 18 20 23 25]
2026-03-20 15:39:12,730{GMT}	INFO	[jepsen worker 2] jepsen.util: 2	:invoke	:read	nil
2026-03-20 15:39:12,732{GMT}	INFO	[jepsen worker 2] jepsen.util: 2	:ok	:read	[0 3 4 5 7 8 9 10 12 13 14 17 18 20 23 25]
2026-03-20 15:39:12,874{GMT}	INFO	[jepsen worker 3] jepsen.util: 3	:invoke	:broadcast	26
2026-03-20 15:39:12,876{GMT}	INFO	[jepsen worker 3] jepsen.util: 3	:ok	:broadcast	26
2026-03-20 15:39:12,923{GMT}	INFO	[jepsen worker 4] jepsen.util: 4	:invoke	:broadcast	27
2026-03-20 15:39:12,925{GMT}	INFO	[jepsen worker 4] jepsen.util: 4	:ok	:broadcast	27
2026-03-20 15:39:13,016{GMT}	INFO	[jepsen worker 0] jepsen.util: 0	:invoke	:read	nil
2026-03-20 15:39:13,017{GMT}	INFO	[jepsen worker 0] jepsen.util: 0	:ok	:read	[0 3 4 5 7 8 9 10 12 13 14 17 18 20 23 25]
2026-03-20 15:39:13,215{GMT}	INFO	[jepsen worker 0] jepsen.util: 0	:invoke	:broadcast	28
2026-03-20 15:39:13,217{GMT}	INFO	[jepsen worker 0] jepsen.util: 0	:ok	:broadcast	28
2026-03-20 15:39:13,238{GMT}	INFO	[jepsen worker 1] jepsen.util: 1	:invoke	:read	nil
2026-03-20 15:39:13,240{GMT}	INFO	[jepsen worker 1] jepsen.util: 1	:ok	:read	[0 3 4 5 7 8 9 10 12 13 14 17 18 20 23 25 28]
2026-03-20 15:39:13,306{GMT}	INFO	[jepsen worker 2] jepsen.util: 2	:invoke	:broadcast	29
2026-03-20 15:39:13,307{GMT}	INFO	[jepsen worker 2] jepsen.util: 2	:ok	:broadcast	29
2026-03-20 15:39:13,328{GMT}	INFO	[jepsen worker 3] jepsen.util: 3	:invoke	:broadcast	30
2026-03-20 15:39:13,330{GMT}	INFO	[jepsen worker 3] jepsen.util: 3	:ok	:broadcast	30
2026-03-20 15:39:13,407{GMT}	INFO	[jepsen worker 4] jepsen.util: 4	:invoke	:broadcast	31
2026-03-20 15:39:13,409{GMT}	INFO	[jepsen worker 4] jepsen.util: 4	:ok	:broadcast	31
2026-03-20 15:39:13,443{GMT}	INFO	[jepsen worker 0] jepsen.util: 0	:invoke	:read	nil
2026-03-20 15:39:13,445{GMT}	INFO	[jepsen worker 0] jepsen.util: 0	:ok	:read	[0 3 4 5 7 8 9 10 12 13 14 17 18 20 23 25 28 29]
2026-03-20 15:39:13,612{GMT}	INFO	[jepsen worker 0] jepsen.util: 0	:invoke	:read	nil
2026-03-20 15:39:13,613{GMT}	INFO	[jepsen worker 0] jepsen.util: 0	:ok	:read	[0 3 4 5 7 8 9 10 12 13 14 17 18 20 23 25 28 29]
2026-03-20 15:39:13,714{GMT}	INFO	[jepsen worker 1] jepsen.util: 1	:invoke	:read	nil
2026-03-20 15:39:13,716{GMT}	INFO	[jepsen worker 1] jepsen.util: 1	:ok	:read	[0 3 4 5 7 8 9 10 12 13 14 17 18 20 23 25 28 29]
2026-03-20 15:39:13,901{GMT}	INFO	[jepsen worker 2] jepsen.util: 2	:invoke	:read	nil
2026-03-20 15:39:13,903{GMT}	INFO	[jepsen worker 2] jepsen.util: 2	:ok	:read	[0 3 4 5 7 8 9 10 12 13 14 17 18 20 23 25 28 29]
2026-03-20 15:39:14,017{GMT}	INFO	[jepsen worker 3] jepsen.util: 3	:invoke	:read	nil
2026-03-20 15:39:14,018{GMT}	INFO	[jepsen worker 3] jepsen.util: 3	:ok	:read	[1 2 6 11 15 16 19 21 22 24 26 27 30 31]
2026-03-20 15:39:14,152{GMT}	INFO	[jepsen worker 4] jepsen.util: 4	:invoke	:read	nil
2026-03-20 15:39:14,154{GMT}	INFO	[jepsen worker 4] jepsen.util: 4	:ok	:read	[1 2 6 11 15 16 19 21 22 24 26 27 30 31]
2026-03-20 15:39:14,264{GMT}	INFO	[jepsen worker 0] jepsen.util: 0	:invoke	:broadcast	32
2026-03-20 15:39:14,265{GMT}	INFO	[jepsen worker 0] jepsen.util: 0	:ok	:broadcast	32
2026-03-20 15:39:14,446{GMT}	INFO	[jepsen worker 0] jepsen.util: 0	:invoke	:read	nil
2026-03-20 15:39:14,448{GMT}	INFO	[jepsen worker 0] jepsen.util: 0	:ok	:read	[0 3 4 5 7 8 9 10 12 13 14 17 18 20 23 25 28 29 32]
2026-03-20 15:39:14,484{GMT}	INFO	[jepsen worker 1] jepsen.util: 1	:invoke	:broadcast	33
2026-03-20 15:39:14,486{GMT}	INFO	[jepsen worker 1] jepsen.util: 1	:ok	:broadcast	33
2026-03-20 15:39:14,573{GMT}	INFO	[jepsen worker 2] jepsen.util: 2	:invoke	:broadcast	34
2026-03-20 15:39:14,575{GMT}	INFO	[jepsen worker 2] jepsen.util: 2	:ok	:broadcast	34
2026-03-20 15:39:14,582{GMT}	INFO	[jepsen worker 3] jepsen.util: 3	:invoke	:broadcast	35
2026-03-20 15:39:14,584{GMT}	INFO	[jepsen worker 3] jepsen.util: 3	:ok	:broadcast	35
2026-03-20 15:39:14,731{GMT}	INFO	[jepsen worker 4] jepsen.util: 4	:invoke	:broadcast	36
2026-03-20 15:39:14,733{GMT}	INFO	[jepsen worker 4] jepsen.util: 4	:ok	:broadcast	36
2026-03-20 15:39:14,909{GMT}	INFO	[jepsen worker 0] jepsen.util: 0	:invoke	:broadcast	37
2026-03-20 15:39:14,911{GMT}	INFO	[jepsen worker 0] jepsen.util: 0	:ok	:broadcast	37
2026-03-20 15:39:15,095{GMT}	INFO	[jepsen worker 0] jepsen.util: 0	:invoke	:broadcast	38
2026-03-20 15:39:15,097{GMT}	INFO	[jepsen worker 0] jepsen.util: 0	:ok	:broadcast	38
2026-03-20 15:39:15,222{GMT}	INFO	[jepsen worker 1] jepsen.util: 1	:invoke	:read	nil
2026-03-20 15:39:15,224{GMT}	INFO	[jepsen worker 1] jepsen.util: 1	:ok	:read	[0 3 4 5 7 8 9 10 12 13 14 17 18 20 23 25 28 29 32 33 34 37 38]
2026-03-20 15:39:15,233{GMT}	INFO	[jepsen worker 2] jepsen.util: 2	:invoke	:broadcast	39
2026-03-20 15:39:15,235{GMT}	INFO	[jepsen worker 2] jepsen.util: 2	:ok	:broadcast	39
2026-03-20 15:39:15,397{GMT}	INFO	[jepsen worker 3] jepsen.util: 3	:invoke	:read	nil
2026-03-20 15:39:15,399{GMT}	INFO	[jepsen worker 3] jepsen.util: 3	:ok	:read	[1 2 6 11 15 16 19 21 22 24 26 27 30 31 35 36]
2026-03-20 15:39:15,527{GMT}	INFO	[jepsen worker 4] jepsen.util: 4	:invoke	:read	nil
2026-03-20 15:39:15,529{GMT}	INFO	[jepsen worker 4] jepsen.util: 4	:ok	:read	[1 2 6 11 15 16 19 21 22 24 26 27 30 31 35 36]
2026-03-20 15:39:15,547{GMT}	INFO	[jepsen worker 0] jepsen.util: 0	:invoke	:broadcast	40
2026-03-20 15:39:15,549{GMT}	INFO	[jepsen worker 0] jepsen.util: 0	:ok	:broadcast	40
2026-03-20 15:39:15,720{GMT}	INFO	[jepsen worker 0] jepsen.util: 0	:invoke	:broadcast	41
2026-03-20 15:39:15,722{GMT}	INFO	[jepsen worker 0] jepsen.util: 0	:ok	:broadcast	41
2026-03-20 15:39:15,814{GMT}	INFO	[jepsen worker 1] jepsen.util: 1	:invoke	:broadcast	42
2026-03-20 15:39:15,816{GMT}	INFO	[jepsen worker 1] jepsen.util: 1	:ok	:broadcast	42
2026-03-20 15:39:15,929{GMT}	INFO	[jepsen worker 2] jepsen.util: 2	:invoke	:broadcast	43
2026-03-20 15:39:15,930{GMT}	INFO	[jepsen worker 2] jepsen.util: 2	:ok	:broadcast	43
2026-03-20 15:39:16,070{GMT}	INFO	[jepsen worker 3] jepsen.util: 3	:invoke	:read	nil
2026-03-20 15:39:16,071{GMT}	INFO	[jepsen worker 3] jepsen.util: 3	:ok	:read	[1 2 6 11 15 16 19 21 22 24 26 27 30 31 35 36]
2026-03-20 15:39:16,118{GMT}	INFO	[jepsen worker 4] jepsen.util: 4	:invoke	:read	nil
2026-03-20 15:39:16,120{GMT}	INFO	[jepsen worker 4] jepsen.util: 4	:ok	:read	[1 2 6 11 15 16 19 21 22 24 26 27 30 31 35 36]
2026-03-20 15:39:16,186{GMT}	INFO	[jepsen worker 0] jepsen.util: 0	:invoke	:broadcast	44
2026-03-20 15:39:16,187{GMT}	INFO	[jepsen worker 0] jepsen.util: 0	:ok	:broadcast	44
2026-03-20 15:39:16,218{GMT}	INFO	[jepsen worker 0] jepsen.util: 0	:invoke	:read	nil
2026-03-20 15:39:16,219{GMT}	INFO	[jepsen worker 0] jepsen.util: 0	:ok	:read	[0 3 4 5 7 8 9 10 12 13 14 17 18 20 23 25 28 29 32 33 34 37 38 39 40 41 42 43 44]
2026-03-20 15:39:16,380{GMT}	INFO	[jepsen worker 1] jepsen.util: 1	:invoke	:broadcast	45
2026-03-20 15:39:16,381{GMT}	INFO	[jepsen worker 1] jepsen.util: 1	:ok	:broadcast	45
2026-03-20 15:39:16,382{GMT}	INFO	[jepsen worker 2] jepsen.util: 2	:invoke	:broadcast	46
2026-03-20 15:39:16,384{GMT}	INFO	[jepsen worker 2] jepsen.util: 2	:ok	:broadcast	46
2026-03-20 15:39:16,441{GMT}	INFO	[jepsen worker 3] jepsen.util: 3	:invoke	:read	nil
2026-03-20 15:39:16,442{GMT}	INFO	[jepsen worker 3] jepsen.util: 3	:ok	:read	[1 2 6 11 15 16 19 21 22 24 26 27 30 31 35 36]
2026-03-20 15:39:16,556{GMT}	INFO	[jepsen worker 4] jepsen.util: 4	:invoke	:broadcast	47
2026-03-20 15:39:16,558{GMT}	INFO	[jepsen worker 4] jepsen.util: 4	:ok	:broadcast	47
2026-03-20 15:39:16,603{GMT}	INFO	[jepsen worker 0] jepsen.util: 0	:invoke	:broadcast	48
2026-03-20 15:39:16,605{GMT}	INFO	[jepsen worker 0] jepsen.util: 0	:ok	:broadcast	48
2026-03-20 15:39:16,797{GMT}	INFO	[jepsen worker 0] jepsen.util: 0	:invoke	:broadcast	49
2026-03-20 15:39:16,799{GMT}	INFO	[jepsen worker 0] jepsen.util: 0	:ok	:broadcast	49
2026-03-20 15:39:16,811{GMT}	INFO	[jepsen worker 1] jepsen.util: 1	:invoke	:broadcast	50
2026-03-20 15:39:16,812{GMT}	INFO	[jepsen worker 1] jepsen.util: 1	:ok	:broadcast	50
2026-03-20 15:39:17,006{GMT}	INFO	[jepsen worker 2] jepsen.util: 2	:invoke	:read	nil
2026-03-20 15:39:17,008{GMT}	INFO	[jepsen worker 2] jepsen.util: 2	:ok	:read	[0 3 4 5 7 8 9 10 12 13 14 17 18 20 23 25 28 29 32 33 34 37 38 39 40 41 42 43 44 45 46 48 49 50]
2026-03-20 15:39:17,017{GMT}	INFO	[jepsen worker 3] jepsen.util: 3	:invoke	:read	nil
2026-03-20 15:39:17,018{GMT}	INFO	[jepsen worker 3] jepsen.util: 3	:ok	:read	[1 2 6 11 15 16 19 21 22 24 26 27 30 31 35 36 47]
2026-03-20 15:39:17,070{GMT}	INFO	[jepsen worker 4] jepsen.util: 4	:invoke	:read	nil
2026-03-20 15:39:17,072{GMT}	INFO	[jepsen worker 4] jepsen.util: 4	:ok	:read	[1 2 6 11 15 16 19 21 22 24 26 27 30 31 35 36 47]
2026-03-20 15:39:17,164{GMT}	INFO	[jepsen worker 0] jepsen.util: 0	:invoke	:broadcast	51
2026-03-20 15:39:17,165{GMT}	INFO	[jepsen worker 0] jepsen.util: 0	:ok	:broadcast	51
2026-03-20 15:39:17,242{GMT}	INFO	[jepsen worker 0] jepsen.util: 0	:invoke	:broadcast	52
2026-03-20 15:39:17,244{GMT}	INFO	[jepsen worker 0] jepsen.util: 0	:ok	:broadcast	52
2026-03-20 15:39:17,257{GMT}	INFO	[jepsen worker 1] jepsen.util: 1	:invoke	:read	nil
2026-03-20 15:39:17,259{GMT}	INFO	[jepsen worker 1] jepsen.util: 1	:ok	:read	[0 3 4 5 7 8 9 10 12 13 14 17 18 20 23 25 28 29 32 33 34 37 38 39 40 41 42 43 44 45 46 48 49 50 51 52]
2026-03-20 15:39:17,320{GMT}	INFO	[jepsen worker 2] jepsen.util: 2	:invoke	:read	nil
2026-03-20 15:39:17,321{GMT}	INFO	[jepsen worker 2] jepsen.util: 2	:ok	:read	[0 3 4 5 7 8 9 10 12 13 14 17 18 20 23 25 28 29 32 33 34 37 38 39 40 41 42 43 44 45 46 48 49 50 51 52]
2026-03-20 15:39:17,435{GMT}	INFO	[jepsen worker 3] jepsen.util: 3	:invoke	:read	nil
2026-03-20 15:39:17,436{GMT}	INFO	[jepsen worker 3] jepsen.util: 3	:ok	:read	[1 2 6 11 15 16 19 21 22 24 26 27 30 31 35 36 47]
2026-03-20 15:39:17,490{GMT}	INFO	[jepsen worker nemesis] jepsen.util: :nemesis	:info	:stop-partition	nil
2026-03-20 15:39:17,490{GMT}	INFO	[jepsen worker nemesis] jepsen.util: :nemesis	:info	:stop-partition	:network-healed
2026-03-20 15:39:17,589{GMT}	INFO	[jepsen worker 0] jepsen.util: 0	:invoke	:read	nil
2026-03-20 15:39:17,590{GMT}	INFO	[jepsen worker 0] jepsen.util: 0	:ok	:read	[0 3 4 5 7 8 9 10 12 13 14 17 18 20 23 25 28 29 32 33 34 37 38 39 40 41 42 43 44 45 46 48 49 50 51 52]
2026-03-20 15:39:17,705{GMT}	INFO	[jepsen worker 0] jepsen.util: 0	:invoke	:read	nil
2026-03-20 15:39:17,706{GMT}	INFO	[jepsen worker 0] jepsen.util: 0	:ok	:read	[0 3 4 5 7 8 9 10 12 13 14 17 18 20 23 25 28 29 32 33 34 37 38 39 40 41 42 43 44 45 46 48 49 50 51 52]
2026-03-20 15:39:17,788{GMT}	INFO	[jepsen worker 1] jepsen.util: 1	:invoke	:broadcast	53
2026-03-20 15:39:17,789{GMT}	INFO	[jepsen worker 1] jepsen.util: 1	:ok	:broadcast	53
2026-03-20 15:39:17,955{GMT}	INFO	[jepsen worker 2] jepsen.util: 2	:invoke	:read	nil
2026-03-20 15:39:17,957{GMT}	INFO	[jepsen worker 2] jepsen.util: 2	:ok	:read	[0 3 4 5 7 8 9 10 12 13 14 17 18 20 23 25 28 29 32 33 34 37 38 39 40 41 42 43 44 45 46 48 49 50 51 52 53]
2026-03-20 15:39:17,965{GMT}	INFO	[jepsen worker 3] jepsen.util: 3	:invoke	:read	nil
2026-03-20 15:39:17,967{GMT}	INFO	[jepsen worker 3] jepsen.util: 3	:ok	:read	[1 2 6 11 15 16 19 21 22 24 26 27 30 31 35 36 47 53]
2026-03-20 15:39:17,987{GMT}	INFO	[jepsen worker 4] jepsen.util: 4	:invoke	:broadcast	54
2026-03-20 15:39:17,989{GMT}	INFO	[jepsen worker 4] jepsen.util: 4	:ok	:broadcast	54
2026-03-20 15:39:18,088{GMT}	INFO	[jepsen worker 0] jepsen.util: 0	:invoke	:read	nil
2026-03-20 15:39:18,090{GMT}	INFO	[jepsen worker 0] jepsen.util: 0	:ok	:read	[0 3 4 5 7 8 9 10 12 13 14 17 18 20 23 25 28 29 32 33 34 37 38 39 40 41 42 43 44 45 46 48 49 50 51 52 53 54]
2026-03-20 15:39:18,275{GMT}	INFO	[jepsen worker 0] jepsen.util: 0	:invoke	:read	nil
2026-03-20 15:39:18,277{GMT}	INFO	[jepsen worker 0] jepsen.util: 0	:ok	:read	[0 3 4 5 7 8 9 10 12 13 14 17 18 20 23 25 28 29 32 33 34 37 38 39 40 41 42 43 44 45 46 48 49 50 51 52 53 54]
2026-03-20 15:39:18,284{GMT}	INFO	[jepsen worker 1] jepsen.util: 1	:invoke	:broadcast	55
2026-03-20 15:39:18,285{GMT}	INFO	[jepsen worker 1] jepsen.util: 1	:ok	:broadcast	55
2026-03-20 15:39:18,483{GMT}	INFO	[jepsen worker 2] jepsen.util: 2	:invoke	:broadcast	56
2026-03-20 15:39:18,486{GMT}	INFO	[jepsen worker 2] jepsen.util: 2	:ok	:broadcast	56
2026-03-20 15:39:18,621{GMT}	INFO	[jepsen worker 3] jepsen.util: 3	:invoke	:broadcast	57
2026-03-20 15:39:18,623{GMT}	INFO	[jepsen worker 3] jepsen.util: 3	:ok	:broadcast	57
2026-03-20 15:39:18,665{GMT}	INFO	[jepsen worker 4] jepsen.util: 4	:invoke	:broadcast	58
2026-03-20 15:39:18,667{GMT}	INFO	[jepsen worker 4] jepsen.util: 4	:ok	:broadcast	58
2026-03-20 15:39:18,716{GMT}	INFO	[jepsen worker 0] jepsen.util: 0	:invoke	:read	nil
2026-03-20 15:39:18,717{GMT}	INFO	[jepsen worker 0] jepsen.util: 0	:ok	:read	[0 3 4 5 7 8 9 10 12 13 14 17 18 20 23 25 28 29 32 33 34 37 38 39 40 41 42 43 44 45 46 48 49 50 51 52 53 54 55 56 57 58]
2026-03-20 15:39:18,742{GMT}	INFO	[jepsen worker 0] jepsen.util: 0	:invoke	:read	nil
2026-03-20 15:39:18,743{GMT}	INFO	[jepsen worker 0] jepsen.util: 0	:ok	:read	[0 3 4 5 7 8 9 10 12 13 14 17 18 20 23 25 28 29 32 33 34 37 38 39 40 41 42 43 44 45 46 48 49 50 51 52 53 54 55 56 57 58]
2026-03-20 15:39:18,793{GMT}	INFO	[jepsen worker 1] jepsen.util: 1	:invoke	:broadcast	59
2026-03-20 15:39:18,800{GMT}	INFO	[jepsen worker 1] jepsen.util: 1	:ok	:broadcast	59
2026-03-20 15:39:18,813{GMT}	INFO	[jepsen worker 2] jepsen.util: 2	:invoke	:read	nil
2026-03-20 15:39:18,814{GMT}	INFO	[jepsen worker 2] jepsen.util: 2	:ok	:read	[0 3 4 5 7 8 9 10 12 13 14 17 18 20 23 25 28 29 32 33 34 37 38 39 40 41 42 43 44 45 46 48 49 50 51 52 53 54 55 56 57 58 59]
2026-03-20 15:39:18,953{GMT}	INFO	[jepsen worker 3] jepsen.util: 3	:invoke	:broadcast	60
2026-03-20 15:39:18,955{GMT}	INFO	[jepsen worker 3] jepsen.util: 3	:ok	:broadcast	60
2026-03-20 15:39:19,063{GMT}	INFO	[jepsen worker 4] jepsen.util: 4	:invoke	:broadcast	61
2026-03-20 15:39:19,065{GMT}	INFO	[jepsen worker 4] jepsen.util: 4	:ok	:broadcast	61
2026-03-20 15:39:19,111{GMT}	INFO	[jepsen worker 0] jepsen.util: 0	:invoke	:broadcast	62
2026-03-20 15:39:19,113{GMT}	INFO	[jepsen worker 0] jepsen.util: 0	:ok	:broadcast	62
2026-03-20 15:39:19,228{GMT}	INFO	[jepsen worker 0] jepsen.util: 0	:invoke	:read	nil
2026-03-20 15:39:19,229{GMT}	INFO	[jepsen worker 0] jepsen.util: 0	:ok	:read	[0 3 4 5 7 8 9 10 12 13 14 17 18 20 23 25 28 29 32 33 34 37 38 39 40 41 42 43 44 45 46 48 49 50 51 52 53 54 55 56 57 58 59 60 61 62]
2026-03-20 15:39:19,395{GMT}	INFO	[jepsen worker 1] jepsen.util: 1	:invoke	:read	nil
2026-03-20 15:39:19,397{GMT}	INFO	[jepsen worker 1] jepsen.util: 1	:ok	:read	[0 3 4 5 7 8 9 10 12 13 14 17 18 20 23 25 28 29 32 33 34 37 38 39 40 41 42 43 44 45 46 48 49 50 51 52 53 54 55 56 57 58 59 60 60 61 62]
2026-03-20 15:39:19,486{GMT}	INFO	[jepsen worker 2] jepsen.util: 2	:invoke	:broadcast	63
2026-03-20 15:39:19,488{GMT}	INFO	[jepsen worker 2] jepsen.util: 2	:ok	:broadcast	63
2026-03-20 15:39:19,614{GMT}	INFO	[jepsen worker 3] jepsen.util: 3	:invoke	:broadcast	64
2026-03-20 15:39:19,615{GMT}	INFO	[jepsen worker 3] jepsen.util: 3	:ok	:broadcast	64
2026-03-20 15:39:19,691{GMT}	INFO	[jepsen worker 4] jepsen.util: 4	:invoke	:broadcast	65
2026-03-20 15:39:19,693{GMT}	INFO	[jepsen worker 4] jepsen.util: 4	:ok	:broadcast	65
2026-03-20 15:39:19,816{GMT}	INFO	[jepsen worker 0] jepsen.util: 0	:invoke	:broadcast	66
2026-03-20 15:39:19,819{GMT}	INFO	[jepsen worker 0] jepsen.util: 0	:ok	:broadcast	66
2026-03-20 15:39:19,958{GMT}	INFO	[jepsen worker 0] jepsen.util: 0	:invoke	:read	nil
2026-03-20 15:39:19,959{GMT}	INFO	[jepsen worker 0] jepsen.util: 0	:ok	:read	[0 3 4 5 7 8 9 10 12 13 14 17 18 20 23 25 28 29 32 33 34 37 38 39 40 41 42 43 44 45 46 48 49 50 51 52 53 54 55 56 57 58 59 60 61 62 63 64 65 66]
2026-03-20 15:39:20,098{GMT}	INFO	[jepsen worker 1] jepsen.util: 1	:invoke	:read	nil
2026-03-20 15:39:20,100{GMT}	INFO	[jepsen worker 1] jepsen.util: 1	:ok	:read	[0 3 4 5 7 8 9 10 12 13 14 17 18 20 23 25 28 29 32 33 34 37 38 39 40 41 42 43 44 45 46 48 49 50 51 52 53 54 55 56 57 58 59 60 60 61 62 63 64 65 66]
2026-03-20 15:39:20,232{GMT}	INFO	[jepsen worker 2] jepsen.util: 2	:invoke	:read	nil
2026-03-20 15:39:20,236{GMT}	INFO	[jepsen worker 2] jepsen.util: 2	:ok	:read	[0 3 4 5 7 8 9 10 12 13 14 17 18 20 23 25 28 29 32 33 34 37 38 39 40 41 42 43 44 45 46 48 49 50 51 52 53 54 55 56 57 58 59 60 61 62 63 64 65 66]
2026-03-20 15:39:20,249{GMT}	INFO	[jepsen worker 3] jepsen.util: 3	:invoke	:read	nil
2026-03-20 15:39:20,251{GMT}	INFO	[jepsen worker 3] jepsen.util: 3	:ok	:read	[1 2 6 11 15 16 19 21 22 24 26 27 30 31 35 36 47 53 54 55 56 57 58 59 60 61 62 63 64 65 66]
2026-03-20 15:39:20,266{GMT}	INFO	[jepsen worker 4] jepsen.util: 4	:invoke	:broadcast	67
2026-03-20 15:39:20,267{GMT}	INFO	[jepsen worker 4] jepsen.util: 4	:ok	:broadcast	67
2026-03-20 15:39:20,394{GMT}	INFO	[jepsen worker 0] jepsen.util: 0	:invoke	:broadcast	68
2026-03-20 15:39:20,395{GMT}	INFO	[jepsen worker 0] jepsen.util: 0	:ok	:broadcast	68
2026-03-20 15:39:20,548{GMT}	INFO	[jepsen worker 0] jepsen.util: 0	:invoke	:broadcast	69
2026-03-20 15:39:20,548{GMT}	INFO	[jepsen worker 1] jepsen.util: 1	:invoke	:read	nil
2026-03-20 15:39:20,549{GMT}	INFO	[jepsen worker 1] jepsen.util: 1	:ok	:read	[0 3 4 5 7 8 9 10 12 13 14 17 18 20 23 25 28 29 32 33 34 37 38 39 40 41 42 43 44 45 46 48 49 50 51 52 53 54 55 56 57 58 59 60 60 61 62 63 64 65 66 67 68]
2026-03-20 15:39:20,551{GMT}	INFO	[jepsen worker 0] jepsen.util: 0	:ok	:broadcast	69
2026-03-20 15:39:20,576{GMT}	INFO	[jepsen worker 2] jepsen.util: 2	:invoke	:read	nil
2026-03-20 15:39:20,578{GMT}	INFO	[jepsen worker 2] jepsen.util: 2	:ok	:read	[0 3 4 5 7 8 9 10 12 13 14 17 18 20 23 25 28 29 32 33 34 37 38 39 40 41 42 43 44 45 46 48 49 50 51 52 53 54 55 56 57 58 59 60 61 62 63 64 65 66 67 68 69]
2026-03-20 15:39:20,688{GMT}	INFO	[jepsen worker 3] jepsen.util: 3	:invoke	:broadcast	70
2026-03-20 15:39:20,689{GMT}	INFO	[jepsen worker 3] jepsen.util: 3	:ok	:broadcast	70
2026-03-20 15:39:20,779{GMT}	INFO	[jepsen worker 4] jepsen.util: 4	:invoke	:read	nil
2026-03-20 15:39:20,780{GMT}	INFO	[jepsen worker 4] jepsen.util: 4	:ok	:read	[1 2 6 11 15 16 19 21 22 24 26 27 30 31 35 36 47 53 54 55 56 57 58 59 60 61 62 63 64 65 66 66 67 68 69 70]
2026-03-20 15:39:20,867{GMT}	INFO	[jepsen worker 0] jepsen.util: 0	:invoke	:broadcast	71
2026-03-20 15:39:20,868{GMT}	INFO	[jepsen worker 0] jepsen.util: 0	:ok	:broadcast	71
2026-03-20 15:39:20,925{GMT}	INFO	[jepsen worker 0] jepsen.util: 0	:invoke	:broadcast	72
2026-03-20 15:39:20,927{GMT}	INFO	[jepsen worker 0] jepsen.util: 0	:ok	:broadcast	72
2026-03-20 15:39:21,024{GMT}	INFO	[jepsen worker 1] jepsen.util: 1	:invoke	:read	nil
2026-03-20 15:39:21,025{GMT}	INFO	[jepsen worker 1] jepsen.util: 1	:ok	:read	[0 3 4 5 7 8 9 10 12 13 14 17 18 20 23 25 28 29 32 33 34 37 38 39 40 41 42 43 44 45 46 48 49 50 51 52 53 54 55 56 57 58 59 60 60 61 62 63 64 65 66 67 68 69 70 71 72]
2026-03-20 15:39:21,157{GMT}	INFO	[jepsen worker 2] jepsen.util: 2	:invoke	:read	nil
2026-03-20 15:39:21,158{GMT}	INFO	[jepsen worker 2] jepsen.util: 2	:ok	:read	[0 3 4 5 7 8 9 10 12 13 14 17 18 20 23 25 28 29 32 33 34 37 38 39 40 41 42 43 44 45 46 48 49 50 51 52 53 54 55 56 57 58 59 60 61 62 63 64 65 66 67 68 69 70 71 72]
2026-03-20 15:39:21,233{GMT}	INFO	[jepsen worker 3] jepsen.util: 3	:invoke	:read	nil
2026-03-20 15:39:21,234{GMT}	INFO	[jepsen worker 3] jepsen.util: 3	:ok	:read	[1 2 6 11 15 16 19 21 22 24 26 27 30 31 35 36 47 53 54 55 56 57 58 59 60 61 62 63 64 65 66 67 68 69 70 71 72]
2026-03-20 15:39:21,313{GMT}	INFO	[jepsen worker 4] jepsen.util: 4	:invoke	:read	nil
2026-03-20 15:39:21,315{GMT}	INFO	[jepsen worker 4] jepsen.util: 4	:ok	:read	[1 2 6 11 15 16 19 21 22 24 26 27 30 31 35 36 47 53 54 55 56 57 58 59 60 61 62 63 64 65 66 66 67 68 69 70 71 72]
2026-03-20 15:39:21,391{GMT}	INFO	[jepsen worker 0] jepsen.util: 0	:invoke	:broadcast	73
2026-03-20 15:39:21,392{GMT}	INFO	[jepsen worker 0] jepsen.util: 0	:ok	:broadcast	73
2026-03-20 15:39:21,477{GMT}	INFO	[jepsen worker 0] jepsen.util: 0	:invoke	:read	nil
2026-03-20 15:39:21,478{GMT}	INFO	[jepsen worker 0] jepsen.util: 0	:ok	:read	[0 3 4 5 7 8 9 10 12 13 14 17 18 20 23 25 28 29 32 33 34 37 38 39 40 41 42 43 44 45 46 48 49 50 51 52 53 54 55 56 57 58 59 60 61 62 63 64 65 66 67 68 69 70 71 72 73]
2026-03-20 15:39:21,674{GMT}	INFO	[jepsen worker 1] jepsen.util: 1	:invoke	:broadcast	74
2026-03-20 15:39:21,676{GMT}	INFO	[jepsen worker 1] jepsen.util: 1	:ok	:broadcast	74
2026-03-20 15:39:21,808{GMT}	INFO	[jepsen worker 2] jepsen.util: 2	:invoke	:broadcast	75
2026-03-20 15:39:21,809{GMT}	INFO	[jepsen worker 2] jepsen.util: 2	:ok	:broadcast	75
2026-03-20 15:39:21,962{GMT}	INFO	[jepsen worker 3] jepsen.util: 3	:invoke	:broadcast	76
2026-03-20 15:39:21,963{GMT}	INFO	[jepsen worker 3] jepsen.util: 3	:ok	:broadcast	76
2026-03-20 15:39:21,999{GMT}	INFO	[jepsen worker 4] jepsen.util: 4	:invoke	:broadcast	77
2026-03-20 15:39:22,001{GMT}	INFO	[jepsen worker 4] jepsen.util: 4	:ok	:broadcast	77
2026-03-20 15:39:22,036{GMT}	INFO	[jepsen worker 0] jepsen.util: 0	:invoke	:read	nil
2026-03-20 15:39:22,037{GMT}	INFO	[jepsen worker 0] jepsen.util: 0	:ok	:read	[0 3 4 5 7 8 9 10 12 13 14 17 18 20 23 25 28 29 32 33 34 37 38 39 40 41 42 43 44 45 46 48 49 50 51 52 53 54 55 56 57 58 59 60 61 62 63 64 65 66 67 68 69 70 71 72 73 74 75 76 77]
2026-03-20 15:39:22,082{GMT}	INFO	[jepsen worker 0] jepsen.util: 0	:invoke	:broadcast	78
2026-03-20 15:39:22,083{GMT}	INFO	[jepsen worker 0] jepsen.util: 0	:ok	:broadcast	78
2026-03-20 15:39:22,118{GMT}	INFO	[jepsen worker 1] jepsen.util: 1	:invoke	:read	nil
2026-03-20 15:39:22,119{GMT}	INFO	[jepsen worker 1] jepsen.util: 1	:ok	:read	[0 3 4 5 7 8 9 10 12 13 14 17 18 20 23 25 28 29 32 33 34 37 38 39 40 41 42 43 44 45 46 48 49 50 51 52 53 54 55 56 57 58 59 60 60 61 62 63 64 65 66 67 68 69 70 71 72 73 74 75 76 77 78]
2026-03-20 15:39:22,248{GMT}	INFO	[jepsen worker 2] jepsen.util: 2	:invoke	:broadcast	79
2026-03-20 15:39:22,249{GMT}	INFO	[jepsen worker 2] jepsen.util: 2	:ok	:broadcast	79
2026-03-20 15:39:22,411{GMT}	INFO	[jepsen worker 3] jepsen.util: 3	:invoke	:broadcast	80
2026-03-20 15:39:22,412{GMT}	INFO	[jepsen worker 3] jepsen.util: 3	:ok	:broadcast	80
2026-03-20 15:39:22,490{GMT}	INFO	[jepsen worker 4] jepsen.util: 4	:invoke	:broadcast	81
2026-03-20 15:39:22,491{GMT}	INFO	[jepsen worker 4] jepsen.util: 4	:ok	:broadcast	81
2026-03-20 15:39:22,527{GMT}	INFO	[jepsen worker 0] jepsen.util: 0	:invoke	:broadcast	82
2026-03-20 15:39:22,528{GMT}	INFO	[jepsen worker 0] jepsen.util: 0	:ok	:broadcast	82
2026-03-20 15:39:22,649{GMT}	INFO	[jepsen worker 0] jepsen.util: 0	:invoke	:read	nil
2026-03-20 15:39:22,651{GMT}	INFO	[jepsen worker 0] jepsen.util: 0	:ok	:read	[0 3 4 5 7 8 9 10 12 13 14 17 18 20 23 25 28 29 32 33 34 37 38 39 40 41 42 43 44 45 46 48 49 50 51 52 53 54 55 56 57 58 59 60 61 62 63 64 65 66 67 68 69 70 71 72 73 74 75 76 77 78 79 80 81 81 82]
2026-03-20 15:39:22,807{GMT}	INFO	[jepsen worker 1] jepsen.util: 1	:invoke	:read	nil
2026-03-20 15:39:22,808{GMT}	INFO	[jepsen worker 1] jepsen.util: 1	:ok	:read	[0 3 4 5 7 8 9 10 12 13 14 17 18 20 23 25 28 29 32 33 34 37 38 39 40 41 42 43 44 45 46 48 49 50 51 52 53 54 55 56 57 58 59 60 60 61 62 63 64 65 66 67 68 69 70 71 72 73 74 75 76 77 78 79 80 81 82]
2026-03-20 15:39:22,940{GMT}	INFO	[jepsen worker 2] jepsen.util: 2	:invoke	:read	nil
2026-03-20 15:39:22,941{GMT}	INFO	[jepsen worker 2] jepsen.util: 2	:ok	:read	[0 3 4 5 7 8 9 10 12 13 14 17 18 20 23 25 28 29 32 33 34 37 38 39 40 41 42 43 44 45 46 48 49 50 51 52 53 54 55 56 57 58 59 60 61 62 63 64 65 66 67 68 69 70 71 72 73 74 75 76 77 78 79 80 81 82]
2026-03-20 15:39:23,004{GMT}	INFO	[jepsen worker 3] jepsen.util: 3	:invoke	:broadcast	83
2026-03-20 15:39:23,005{GMT}	INFO	[jepsen worker 3] jepsen.util: 3	:ok	:broadcast	83
2026-03-20 15:39:23,086{GMT}	INFO	[jepsen worker 4] jepsen.util: 4	:invoke	:broadcast	84
2026-03-20 15:39:23,087{GMT}	INFO	[jepsen worker 4] jepsen.util: 4	:ok	:broadcast	84
2026-03-20 15:39:23,248{GMT}	INFO	[jepsen worker 0] jepsen.util: 0	:invoke	:read	nil
2026-03-20 15:39:23,249{GMT}	INFO	[jepsen worker 0] jepsen.util: 0	:ok	:read	[0 3 4 5 7 8 9 10 12 13 14 17 18 20 23 25 28 29 32 33 34 37 38 39 40 41 42 43 44 45 46 48 49 50 51 52 53 54 55 56 57 58 59 60 61 62 63 64 65 66 67 68 69 70 71 72 73 74 75 76 77 78 79 80 81 81 82 83 84]
2026-03-20 15:39:23,323{GMT}	INFO	[jepsen worker 0] jepsen.util: 0	:invoke	:broadcast	85
2026-03-20 15:39:23,325{GMT}	INFO	[jepsen worker 0] jepsen.util: 0	:ok	:broadcast	85
2026-03-20 15:39:23,508{GMT}	INFO	[jepsen worker 1] jepsen.util: 1	:invoke	:read	nil
2026-03-20 15:39:23,509{GMT}	INFO	[jepsen worker 1] jepsen.util: 1	:ok	:read	[0 3 4 5 7 8 9 10 12 13 14 17 18 20 23 25 28 29 32 33 34 37 38 39 40 41 42 43 44 45 46 48 49 50 51 52 53 54 55 56 57 58 59 60 60 61 62 63 64 65 66 67 68 69 70 71 72 73 74 75 76 77 78 79 80 81 82 83 83 84 85]
2026-03-20 15:39:23,518{GMT}	INFO	[jepsen worker 2] jepsen.util: 2	:invoke	:read	nil
2026-03-20 15:39:23,519{GMT}	INFO	[jepsen worker 2] jepsen.util: 2	:ok	:read	[0 3 4 5 7 8 9 10 12 13 14 17 18 20 23 25 28 29 32 33 34 37 38 39 40 41 42 43 44 45 46 48 49 50 51 52 53 54 55 56 57 58 59 60 61 62 63 64 65 66 67 68 69 70 71 72 73 74 75 76 77 78 79 80 81 82 83 84 85]
2026-03-20 15:39:23,600{GMT}	INFO	[jepsen worker 3] jepsen.util: 3	:invoke	:read	nil
2026-03-20 15:39:23,601{GMT}	INFO	[jepsen worker 3] jepsen.util: 3	:ok	:read	[1 2 6 11 15 16 19 21 22 24 26 27 30 31 35 36 47 53 54 55 56 57 58 59 60 61 62 63 64 65 66 67 68 69 70 71 72 73 74 75 75 76 77 78 79 80 81 82 83 84 85]
2026-03-20 15:39:23,705{GMT}	INFO	[jepsen worker 4] jepsen.util: 4	:invoke	:read	nil
2026-03-20 15:39:23,706{GMT}	INFO	[jepsen worker 4] jepsen.util: 4	:ok	:read	[1 2 6 11 15 16 19 21 22 24 26 27 30 31 35 36 47 53 54 55 56 57 58 59 60 61 62 63 64 65 66 66 67 68 69 70 71 72 73 74 75 76 77 78 79 80 81 82 83 84 85]
2026-03-20 15:39:23,828{GMT}	INFO	[jepsen worker 0] jepsen.util: 0	:invoke	:broadcast	86
2026-03-20 15:39:23,829{GMT}	INFO	[jepsen worker 0] jepsen.util: 0	:ok	:broadcast	86
2026-03-20 15:39:23,944{GMT}	INFO	[jepsen worker 0] jepsen.util: 0	:invoke	:broadcast	87
2026-03-20 15:39:23,945{GMT}	INFO	[jepsen worker 0] jepsen.util: 0	:ok	:broadcast	87
2026-03-20 15:39:24,077{GMT}	INFO	[jepsen worker 1] jepsen.util: 1	:invoke	:read	nil
2026-03-20 15:39:24,078{GMT}	INFO	[jepsen worker 1] jepsen.util: 1	:ok	:read	[0 3 4 5 7 8 9 10 12 13 14 17 18 20 23 25 28 29 32 33 34 37 38 39 40 41 42 43 44 45 46 48 49 50 51 52 53 54 55 56 57 58 59 60 60 61 62 63 64 65 66 67 68 69 70 71 72 73 74 75 76 77 78 79 80 81 82 83 83 84 85 86 87]
2026-03-20 15:39:24,242{GMT}	INFO	[jepsen worker 2] jepsen.util: 2	:invoke	:read	nil
2026-03-20 15:39:24,244{GMT}	INFO	[jepsen worker 2] jepsen.util: 2	:ok	:read	[0 3 4 5 7 8 9 10 12 13 14 17 18 20 23 25 28 29 32 33 34 37 38 39 40 41 42 43 44 45 46 48 49 50 51 52 53 54 55 56 57 58 59 60 61 62 63 64 65 66 67 68 69 70 71 72 73 74 75 76 77 78 79 80 81 82 83 84 85 86 87]
2026-03-20 15:39:24,266{GMT}	INFO	[jepsen worker 3] jepsen.util: 3	:invoke	:broadcast	88
2026-03-20 15:39:24,268{GMT}	INFO	[jepsen worker 3] jepsen.util: 3	:ok	:broadcast	88
2026-03-20 15:39:24,396{GMT}	INFO	[jepsen worker 4] jepsen.util: 4	:invoke	:read	nil
2026-03-20 15:39:24,398{GMT}	INFO	[jepsen worker 4] jepsen.util: 4	:ok	:read	[1 2 6 11 15 16 19 21 22 24 26 27 30 31 35 36 47 53 54 55 56 57 58 59 60 61 62 63 64 65 66 66 67 68 69 70 71 72 73 74 75 76 77 78 79 80 81 82 83 84 85 86 87 88]
2026-03-20 15:39:24,409{GMT}	INFO	[jepsen worker 0] jepsen.util: 0	:invoke	:broadcast	89
2026-03-20 15:39:24,410{GMT}	INFO	[jepsen worker 0] jepsen.util: 0	:ok	:broadcast	89
2026-03-20 15:39:24,450{GMT}	INFO	[jepsen worker 0] jepsen.util: 0	:invoke	:broadcast	90
2026-03-20 15:39:24,451{GMT}	INFO	[jepsen worker 0] jepsen.util: 0	:ok	:broadcast	90
2026-03-20 15:39:24,473{GMT}	INFO	[jepsen worker 1] jepsen.util: 1	:invoke	:read	nil
2026-03-20 15:39:24,474{GMT}	INFO	[jepsen worker 1] jepsen.util: 1	:ok	:read	[0 3 4 5 7 8 9 10 12 13 14 17 18 20 23 25 28 29 32 33 34 37 38 39 40 41 42 43 44 45 46 48 49 50 51 52 53 54 55 56 57 58 59 60 60 61 62 63 64 65 66 67 68 69 70 71 72 73 74 75 76 77 78 79 80 81 82 83 83 84 85 86 87 88 89 90]
2026-03-20 15:39:24,604{GMT}	INFO	[jepsen worker 2] jepsen.util: 2	:invoke	:broadcast	91
2026-03-20 15:39:24,605{GMT}	INFO	[jepsen worker 2] jepsen.util: 2	:ok	:broadcast	91
2026-03-20 15:39:24,768{GMT}	INFO	[jepsen worker 3] jepsen.util: 3	:invoke	:broadcast	92
2026-03-20 15:39:24,769{GMT}	INFO	[jepsen worker 3] jepsen.util: 3	:ok	:broadcast	92
2026-03-20 15:39:24,843{GMT}	INFO	[jepsen worker 4] jepsen.util: 4	:invoke	:broadcast	93
2026-03-20 15:39:24,844{GMT}	INFO	[jepsen worker 4] jepsen.util: 4	:ok	:broadcast	93
2026-03-20 15:39:24,887{GMT}	INFO	[jepsen worker 0] jepsen.util: 0	:invoke	:read	nil
2026-03-20 15:39:24,888{GMT}	INFO	[jepsen worker 0] jepsen.util: 0	:ok	:read	[0 3 4 5 7 8 9 10 12 13 14 17 18 20 23 25 28 29 32 33 34 37 38 39 40 41 42 43 44 45 46 48 49 50 51 52 53 54 55 56 57 58 59 60 61 62 63 64 65 66 67 68 69 70 71 72 73 74 75 76 77 78 79 80 81 81 82 83 84 85 86 87 88 89 90 91 92 93]
2026-03-20 15:39:25,062{GMT}	INFO	[jepsen worker 0] jepsen.util: 0	:invoke	:broadcast	94
2026-03-20 15:39:25,063{GMT}	INFO	[jepsen worker 0] jepsen.util: 0	:ok	:broadcast	94
2026-03-20 15:39:25,248{GMT}	INFO	[jepsen worker 1] jepsen.util: 1	:invoke	:read	nil
2026-03-20 15:39:25,250{GMT}	INFO	[jepsen worker 1] jepsen.util: 1	:ok	:read	[0 3 4 5 7 8 9 10 12 13 14 17 18 20 23 25 28 29 32 33 34 37 38 39 40 41 42 43 44 45 46 48 49 50 51 52 53 54 55 56 57 58 59 60 60 61 62 63 64 65 66 67 68 69 70 71 72 73 74 75 76 77 78 79 80 81 82 83 83 84 85 86 87 88 89 90 91 92 92 93 94]
2026-03-20 15:39:25,271{GMT}	INFO	[jepsen worker 2] jepsen.util: 2	:invoke	:read	nil
2026-03-20 15:39:25,273{GMT}	INFO	[jepsen worker 2] jepsen.util: 2	:ok	:read	[0 3 4 5 7 8 9 10 12 13 14 17 18 20 23 25 28 29 32 33 34 37 38 39 40 41 42 43 44 45 46 48 49 50 51 52 53 54 55 56 57 58 59 60 61 62 63 64 65 66 67 68 69 70 71 72 73 74 75 76 77 78 79 80 81 82 83 84 85 86 87 88 89 90 91 92 93 94]
2026-03-20 15:39:25,362{GMT}	INFO	[jepsen worker 3] jepsen.util: 3	:invoke	:broadcast	95
2026-03-20 15:39:25,363{GMT}	INFO	[jepsen worker 3] jepsen.util: 3	:ok	:broadcast	95
2026-03-20 15:39:25,426{GMT}	INFO	[jepsen worker 4] jepsen.util: 4	:invoke	:read	nil
2026-03-20 15:39:25,427{GMT}	INFO	[jepsen worker 4] jepsen.util: 4	:ok	:read	[1 2 6 11 15 16 19 21 22 24 26 27 30 31 35 36 47 53 54 55 56 57 58 59 60 61 62 63 64 65 66 66 67 68 69 70 71 72 73 74 75 76 77 78 79 80 81 82 83 84 85 86 87 88 89 90 91 92 93 94 95]
2026-03-20 15:39:25,607{GMT}	INFO	[jepsen worker 0] jepsen.util: 0	:invoke	:broadcast	96
2026-03-20 15:39:25,607{GMT}	INFO	[jepsen worker 1] jepsen.util: 1	:invoke	:broadcast	97
2026-03-20 15:39:25,608{GMT}	INFO	[jepsen worker 0] jepsen.util: 0	:ok	:broadcast	96
2026-03-20 15:39:25,609{GMT}	INFO	[jepsen worker 1] jepsen.util: 1	:ok	:broadcast	97
2026-03-20 15:39:25,681{GMT}	INFO	[jepsen worker 1] jepsen.util: 1	:invoke	:broadcast	98
2026-03-20 15:39:25,683{GMT}	INFO	[jepsen worker 1] jepsen.util: 1	:ok	:broadcast	98
2026-03-20 15:39:25,684{GMT}	INFO	[jepsen worker 2] jepsen.util: 2	:invoke	:read	nil
2026-03-20 15:39:25,685{GMT}	INFO	[jepsen worker 2] jepsen.util: 2	:ok	:read	[0 3 4 5 7 8 9 10 12 13 14 17 18 20 23 25 28 29 32 33 34 37 38 39 40 41 42 43 44 45 46 48 49 50 51 52 53 54 55 56 57 58 59 60 61 62 63 64 65 66 67 68 69 70 71 72 73 74 75 76 77 78 79 80 81 82 83 84 85 86 87 88 89 90 91 92 93 94 95 97 96 98]
2026-03-20 15:39:25,854{GMT}	INFO	[jepsen worker 3] jepsen.util: 3	:invoke	:broadcast	99
2026-03-20 15:39:25,855{GMT}	INFO	[jepsen worker 3] jepsen.util: 3	:ok	:broadcast	99
2026-03-20 15:39:25,970{GMT}	INFO	[jepsen worker 4] jepsen.util: 4	:invoke	:read	nil
2026-03-20 15:39:25,971{GMT}	INFO	[jepsen worker 4] jepsen.util: 4	:ok	:read	[1 2 6 11 15 16 19 21 22 24 26 27 30 31 35 36 47 53 54 55 56 57 58 59 60 61 62 63 64 65 66 66 67 68 69 70 71 72 73 74 75 76 77 78 79 80 81 82 83 84 85 86 87 88 89 90 91 92 93 94 95 97 96 98 99]
2026-03-20 15:39:26,106{GMT}	INFO	[jepsen worker 0] jepsen.util: 0	:invoke	:broadcast	100
2026-03-20 15:39:26,107{GMT}	INFO	[jepsen worker 0] jepsen.util: 0	:ok	:broadcast	100
2026-03-20 15:39:26,286{GMT}	INFO	[jepsen worker 0] jepsen.util: 0	:invoke	:read	nil
2026-03-20 15:39:26,287{GMT}	INFO	[jepsen worker 0] jepsen.util: 0	:ok	:read	[0 3 4 5 7 8 9 10 12 13 14 17 18 20 23 25 28 29 32 33 34 37 38 39 40 41 42 43 44 45 46 48 49 50 51 52 53 54 55 56 57 58 59 60 61 62 63 64 65 66 67 68 69 70 71 72 73 74 75 76 77 78 79 80 81 81 82 83 84 85 86 87 88 89 90 91 92 93 94 95 96 97 98 99 100]
2026-03-20 15:39:26,455{GMT}	INFO	[jepsen worker 1] jepsen.util: 1	:invoke	:read	nil
2026-03-20 15:39:26,456{GMT}	INFO	[jepsen worker 1] jepsen.util: 1	:ok	:read	[0 3 4 5 7 8 9 10 12 13 14 17 18 20 23 25 28 29 32 33 34 37 38 39 40 41 42 43 44 45 46 48 49 50 51 52 53 54 55 56 57 58 59 60 60 61 62 63 64 65 66 67 68 69 70 71 72 73 74 75 76 77 78 79 80 81 82 83 83 84 85 86 87 88 89 90 91 92 92 93 94 95 95 97 96 98 99 100]
2026-03-20 15:39:26,591{GMT}	INFO	[jepsen worker 2] jepsen.util: 2	:invoke	:read	nil
2026-03-20 15:39:26,592{GMT}	INFO	[jepsen worker 2] jepsen.util: 2	:ok	:read	[0 3 4 5 7 8 9 10 12 13 14 17 18 20 23 25 28 29 32 33 34 37 38 39 40 41 42 43 44 45 46 48 49 50 51 52 53 54 55 56 57 58 59 60 61 62 63 64 65 66 67 68 69 70 71 72 73 74 75 76 77 78 79 80 81 82 83 84 85 86 87 88 89 90 91 92 93 94 95 97 96 98 99 100]
2026-03-20 15:39:26,733{GMT}	INFO	[jepsen worker 3] jepsen.util: 3	:invoke	:broadcast	101
2026-03-20 15:39:26,735{GMT}	INFO	[jepsen worker 3] jepsen.util: 3	:ok	:broadcast	101
2026-03-20 15:39:26,735{GMT}	INFO	[jepsen worker nemesis] jepsen.util: :nemesis	:info	:stop-partition	nil
2026-03-20 15:39:26,735{GMT}	INFO	[jepsen worker nemesis] jepsen.util: :nemesis	:info	:stop-partition	:network-healed
2026-03-20 15:39:26,736{GMT}	INFO	[jepsen worker nemesis] jepsen.generator.interpreter: Waiting for recovery...
2026-03-20 15:39:36,738{GMT}	INFO	[jepsen worker 0] jepsen.util: 0	:invoke	:read	nil
2026-03-20 15:39:36,738{GMT}	INFO	[jepsen worker 3] jepsen.util: 3	:invoke	:read	nil
2026-03-20 15:39:36,738{GMT}	INFO	[jepsen worker 4] jepsen.util: 4	:invoke	:read	nil
2026-03-20 15:39:36,738{GMT}	INFO	[jepsen worker 2] jepsen.util: 2	:invoke	:read	nil
2026-03-20 15:39:36,738{GMT}	INFO	[jepsen worker 1] jepsen.util: 1	:invoke	:read	nil
2026-03-20 15:39:36,739{GMT}	INFO	[jepsen worker 0] jepsen.util: 0	:ok	:read	[0 3 4 5 7 8 9 10 12 13 14 17 18 20 23 25 28 29 32 33 34 37 38 39 40 41 42 43 44 45 46 48 49 50 51 52 53 54 55 56 57 58 59 60 61 62 63 64 65 66 67 68 69 70 71 72 73 74 75 76 77 78 79 80 81 81 82 83 84 85 86 87 88 89 90 91 92 93 94 95 96 97 98 99 100 101]
2026-03-20 15:39:36,740{GMT}	INFO	[jepsen worker 3] jepsen.util: 3	:ok	:read	[1 2 6 11 15 16 19 21 22 24 26 27 30 31 35 36 47 53 54 55 56 57 58 59 60 61 62 63 64 65 66 67 68 69 70 71 72 73 74 75 75 76 77 78 79 80 81 82 83 84 85 86 87 88 89 90 91 92 93 94 95 96 97 98 99 100 101]
2026-03-20 15:39:36,740{GMT}	INFO	[jepsen worker 4] jepsen.util: 4	:ok	:read	[1 2 6 11 15 16 19 21 22 24 26 27 30 31 35 36 47 53 54 55 56 57 58 59 60 61 62 63 64 65 66 66 67 68 69 70 71 72 73 74 75 76 77 78 79 80 81 82 83 84 85 86 87 88 89 90 91 92 93 94 95 97 96 98 99 100 100 101]
2026-03-20 15:39:36,740{GMT}	INFO	[jepsen worker 1] jepsen.util: 1	:ok	:read	[0 3 4 5 7 8 9 10 12 13 14 17 18 20 23 25 28 29 32 33 34 37 38 39 40 41 42 43 44 45 46 48 49 50 51 52 53 54 55 56 57 58 59 60 60 61 62 63 64 65 66 67 68 69 70 71 72 73 74 75 76 77 78 79 80 81 82 83 83 84 85 86 87 88 89 90 91 92 92 93 94 95 95 97 96 98 99 100 101 101]
2026-03-20 15:39:36,740{GMT}	INFO	[jepsen worker 2] jepsen.util: 2	:ok	:read	[0 3 4 5 7 8 9 10 12 13 14 17 18 20 23 25 28 29 32 33 34 37 38 39 40 41 42 43 44 45 46 48 49 50 51 52 53 54 55 56 57 58 59 60 61 62 63 64 65 66 67 68 69 70 71 72 73 74 75 76 77 78 79 80 81 82 83 84 85 86 87 88 89 90 91 92 93 94 95 97 96 98 99 100 101]
2026-03-20 15:39:36,793{GMT}	INFO	[jepsen test runner] jepsen.core: Run complete, writing
2026-03-20 15:39:36,839{GMT}	INFO	[jepsen node n2] maelstrom.db: Tearing down n2
2026-03-20 15:39:36,839{GMT}	INFO	[jepsen node n1] maelstrom.db: Tearing down n1
2026-03-20 15:39:36,840{GMT}	INFO	[jepsen node n3] maelstrom.db: Tearing down n3
2026-03-20 15:39:36,839{GMT}	INFO	[jepsen node n0] maelstrom.db: Tearing down n0
2026-03-20 15:39:36,840{GMT}	INFO	[jepsen node n4] maelstrom.db: Tearing down n4
2026-03-20 15:39:38,589{GMT}	INFO	[jepsen node n0] maelstrom.net: Shutting down Maelstrom network
2026-03-20 15:39:38,590{GMT}	INFO	[jepsen test runner] jepsen.core: Analyzing...
2026-03-20 15:39:38,851{GMT}	INFO	[jepsen test runner] jepsen.core: Analysis complete
2026-03-20 15:39:38,877{GMT}	INFO	[jepsen results] jepsen.store: Wrote /home/banna/Documents/maelstrom-java/store/broadcast/20260320T153905.167Z/results.edn
2026-03-20 15:39:38,914{GMT}	INFO	[jepsen test runner] jepsen.core: {:perf {:latency-graph {:valid? true},
        :rate-graph {:valid? true},
        :valid? true},
 :timeline {:valid? true},
 :exceptions {:valid? true},
 :stats {:valid? true,
         :count 211,
         :ok-count 211,
         :fail-count 0,
         :info-count 0,
         :by-f {:broadcast {:valid? true,
                            :count 102,
                            :ok-count 102,
                            :fail-count 0,
                            :info-count 0},
                :read {:valid? true,
                       :count 109,
                       :ok-count 109,
                       :fail-count 0,
                       :info-count 0}}},
 :availability {:valid? true, :ok-fraction 1.0},
 :net {:all {:send-count 1239,
             :recv-count 1133,
             :msg-count 1239,
             :msgs-per-op 5.872038},
       :clients {:send-count 442, :recv-count 442, :msg-count 442},
       :servers {:send-count 797,
                 :recv-count 691,
                 :msg-count 797,
                 :msgs-per-op 3.7772512},
       :valid? true},
 :workload {:worst-stale ({:element 0,
                           :outcome :stable,
                           :stable-latency 29852,
                           :lost-latency nil,
                           :known #jepsen.history.Op{:index 5,
                                                     :time 124403774,
                                                     :type :ok,
                                                     :process 2,
                                                     :f :add,
                                                     :value 0},
                           :last-absent #jepsen.history.Op{:index 420,
                                                           :time 29977167520,
                                                           :type :invoke,
                                                           :process 4,
                                                           :f :read,
                                                           :value nil,
                                                           :final? true}}
                          {:element 3,
                           :outcome :stable,
                           :stable-latency 28925,
                           :lost-latency nil,
                           :known #jepsen.history.Op{:index 23,
                                                     :time 1051797372,
                                                     :type :ok,
                                                     :process 0,
                                                     :f :add,
                                                     :value 3},
                           :last-absent #jepsen.history.Op{:index 420,
                                                           :time 29977167520,
                                                           :type :invoke,
                                                           :process 4,
                                                           :f :read,
                                                           :value nil,
                                                           :final? true}}
                          {:element 4,
                           :outcome :stable,
                           :stable-latency 28655,
                           :lost-latency nil,
                           :known #jepsen.history.Op{:index 29,
                                                     :time 1322112726,
                                                     :type :ok,
                                                     :process 2,
                                                     :f :add,
                                                     :value 4},
                           :last-absent #jepsen.history.Op{:index 420,
                                                           :time 29977167520,
                                                           :type :invoke,
                                                           :process 4,
                                                           :f :read,
                                                           :value nil,
                                                           :final? true}}
                          {:element 5,
                           :outcome :stable,
                           :stable-latency 28278,
                           :lost-latency nil,
                           :known #jepsen.history.Op{:index 39,
                                                     :time 1698538810,
                                                     :type :ok,
                                                     :process 1,
                                                     :f :add,
                                                     :value 5},
                           :last-absent #jepsen.history.Op{:index 420,
                                                           :time 29977167520,
                                                           :type :invoke,
                                                           :process 4,
                                                           :f :read,
                                                           :value nil,
                                                           :final? true}}
                          {:element 7,
                           :outcome :stable,
                           :stable-latency 27898,
                           :lost-latency nil,
                           :known #jepsen.history.Op{:index 49,
                                                     :time 2078889415,
                                                     :type :ok,
                                                     :process 0,
                                                     :f :add,
                                                     :value 7},
                           :last-absent #jepsen.history.Op{:index 420,
                                                           :time 29977167520,
                                                           :type :invoke,
                                                           :process 4,
                                                           :f :read,
                                                           :value nil,
                                                           :final? true}}
                          {:element 8,
                           :outcome :stable,
                           :stable-latency 27714,
                           :lost-latency nil,
                           :known #jepsen.history.Op{:index 51,
                                                     :time 2262541326,
                                                     :type :ok,
                                                     :process 1,
                                                     :f :add,
                                                     :value 8},
                           :last-absent #jepsen.history.Op{:index 420,
                                                           :time 29977167520,
                                                           :type :invoke,
                                                           :process 4,
                                                           :f :read,
                                                           :value nil,
                                                           :final? true}}
                          {:element 9,
                           :outcome :stable,
                           :stable-latency 27705,
                           :lost-latency nil,
                           :known #jepsen.history.Op{:index 53,
                                                     :time 2271729813,
                                                     :type :ok,
                                                     :process 2,
                                                     :f :add,
                                                     :value 9},
                           :last-absent #jepsen.history.Op{:index 420,
                                                           :time 29977167520,
                                                           :type :invoke,
                                                           :process 4,
                                                           :f :read,
                                                           :value nil,
                                                           :final? true}}
                          {:element 10,
                           :outcome :stable,
                           :stable-latency 27160,
                           :lost-latency nil,
                           :known #jepsen.history.Op{:index 65,
                                                     :time 2816618280,
                                                     :type :ok,
                                                     :process 2,
                                                     :f :add,
                                                     :value 10},
                           :last-absent #jepsen.history.Op{:index 420,
                                                           :time 29977167520,
                                                           :type :invoke,
                                                           :process 4,
                                                           :f :read,
                                                           :value nil,
                                                           :final? true}}),
            :duplicated-count 0,
            :valid? false,
            :lost-count 17,
            :lost (1 2 6 11 15 16 19 21 22 24 26 27 30 31 35 36 47),
            :stable-count 85,
            :stale-count 36,
            :stale (0
                    3
                    4
                    5
                    7
                    8
                    9
                    10
                    12
                    13
                    14
                    17
                    18
                    20
                    23
                    25
                    28
                    29
                    32
                    33
                    34
                    37
                    38
                    39
                    40
                    41
                    42
                    43
                    44
                    45
                    46
                    48
                    49
                    50
                    51
                    52),
            :never-read-count 0,
            :stable-latencies {0 0,
                               0.5 0,
                               0.95 27898,
                               0.99 29852,
                               1 29852},
            :attempt-count 102,
            :lost-latencies {0 20180,
                             0.5 25015,
                             0.95 29680,
                             0.99 29680,
                             1 29680},
            :never-read (),
            :duplicated {}},
 :valid? false}


Analysis invalid! (ﾉಥ益ಥ）ﾉ ┻━┻
