2026-03-12 17:28:35,095{GMT}	INFO	[jepsen test runner] jepsen.core: Command line:
lein run test -w broadcast --bin run.sh broadcast --node-count 5 --time-limit 20 --rate 10
2026-03-12 17:28:35,183{GMT}	INFO	[jepsen test runner] jepsen.core: Running test:
{:args ["broadcast"]
 :remote
 #jepsen.control.retry.Remote{:remote #jepsen.control.scp.Remote{:cmd-remote #jepsen.control.sshj.SSHJRemote{:concurrency-limit 6,
                                                                                                             :conn-spec nil,
                                                                                                             :client nil,
                                                                                                             :semaphore nil},
                                                                 :conn-spec nil},
                              :conn nil}
 :log-net-send false
 :node-count 5
 :availability nil
 :max-txn-length 4
 :concurrency 5
 :db
 #object[maelstrom.db$db$reify__16142
         "0x3938e876"
         "maelstrom.db$db$reify__16142@3938e876"]
 :max-writes-per-key 16
 :leave-db-running? false
 :name "broadcast"
 :logging-json? false
 :start-time
 #object[org.joda.time.DateTime "0x70b2819f" "2026-03-12T17:28:35.074Z"]
 :nemesis-interval 10
 :net
 #object[maelstrom.net$jepsen_net$reify__15251
         "0x65dac812"
         "maelstrom.net$jepsen_net$reify__15251@65dac812"]
 :client
 #object[maelstrom.workload.broadcast$client$reify__16644
         "0x3619ecd"
         "maelstrom.workload.broadcast$client$reify__16644@3619ecd"]
 :barrier
 #object[java.util.concurrent.CyclicBarrier
         "0x7de4bd8f"
         "java.util.concurrent.CyclicBarrier@7de4bd8f"]
 :log-stderr false
 :pure-generators true
 :ssh {:dummy? true}
 :rate 10.0
 :checker
 #object[jepsen.checker$compose$reify__11881
         "0x193e65d5"
         "jepsen.checker$compose$reify__11881@193e65d5"]
 :argv
 ("test"
  "-w"
  "broadcast"
  "--bin"
  "run.sh"
  "broadcast"
  "--node-count"
  "5"
  "--time-limit"
  "20"
  "--rate"
  "10")
 :nemesis
 (jepsen.nemesis.ReflCompose
  {:fm {:start-partition 0,
        :stop-partition 0,
        :kill 1,
        :start 1,
        :pause 1,
        :resume 1},
   :nemeses [#unprintable "jepsen.nemesis.combined$partition_nemesis$reify__16416@2a97b4b8"
             #unprintable "jepsen.nemesis.combined$db_nemesis$reify__16397@250fc0d1"]})
 :nodes ["n0" "n1" "n2" "n3" "n4"]
 :test-count 1
 :latency {:mean 0, :dist :constant}
 :bin "run.sh"
 :generator
 ((jepsen.generator.Synchronize
   {:gen (jepsen.generator.TimeLimit
          {:limit 20000000000,
           :cutoff nil,
           :gen (jepsen.generator.Any
                 {:gens [(jepsen.generator.OnThreads
                          {:f #{:nemesis},
                           :context-filter #object[jepsen.generator.context$make_thread_filter$lazy_filter__9167
                                                   "0x37d43b9b"
                                                   "jepsen.generator.context$make_thread_filter$lazy_filter__9167@37d43b9b"],
                           :gen nil})
                         (jepsen.generator.OnThreads
                          {:f #jepsen.generator.context.AllBut{:element :nemesis},
                           :context-filter #object[jepsen.generator.context$make_thread_filter$lazy_filter__9167
                                                   "0x28ba90c1"
                                                   "jepsen.generator.context$make_thread_filter$lazy_filter__9167@28ba90c1"],
                           :gen (jepsen.generator.Stagger
                                 {:dt 200000000,
                                  :next-time nil,
                                  :gen (jepsen.generator.Mix
                                        {:i 1,
                                         :gens [({:f :broadcast, :value 0}
                                                 {:f :broadcast, :value 1}
                                                 {:f :broadcast, :value 2}
                                                 {:f :broadcast, :value 3}
                                                 {:f :broadcast, :value 4}
                                                 {:f :broadcast, :value 5}
                                                 {:f :broadcast, :value 6}
                                                 {:f :broadcast, :value 7}
                                                 ...)
                                                ({:f :read}
                                                 {:f :read}
                                                 {:f :read}
                                                 {:f :read}
                                                 {:f :read}
                                                 {:f :read}
                                                 {:f :read}
                                                 {:f :read}
                                                 ...)]})})})]})})})
  (jepsen.generator.Synchronize
   {:gen (jepsen.generator.OnThreads
          {:f #{:nemesis},
           :context-filter #object[jepsen.generator.context$make_thread_filter$lazy_filter__9167
                                   "0x7545cb17"
                                   "jepsen.generator.context$make_thread_filter$lazy_filter__9167@7545cb17"],
           :gen ()})})
  (jepsen.generator.Synchronize
   {:gen {:type :log, :value "Waiting for recovery..."}})
  (jepsen.generator.Synchronize {:gen {:type :sleep, :value 10}})
  (jepsen.generator.Synchronize
   {:gen (jepsen.generator.OnThreads
          {:f #jepsen.generator.context.AllBut{:element :nemesis},
           :context-filter #object[jepsen.generator.context$make_thread_filter$lazy_filter__9167
                                   "0x635b3ec7"
                                   "jepsen.generator.context$make_thread_filter$lazy_filter__9167@635b3ec7"],
           :gen (jepsen.generator.EachThread
                 {:fresh-gen {:f :read, :final? true},
                  :context-filters #object[clojure.core$promise$reify__8591
                                           "0x1f9b86f5"
                                           {:status :pending, :val nil}],
                  :gens {}})})}))
 :log-net-recv false
 :os
 #object[maelstrom.net$jepsen_os$reify__15254
         "0x15aa3084"
         "maelstrom.net$jepsen_os$reify__15254@15aa3084"]
 :time-limit 20
 :workload :broadcast
 :consistency-models [:strict-serializable]
 :topology :grid}

2026-03-12 17:28:36,558{GMT}	INFO	[jepsen node n0] maelstrom.net: Starting Maelstrom network
2026-03-12 17:28:36,560{GMT}	INFO	[jepsen test runner] jepsen.db: Tearing down DB
2026-03-12 17:28:36,562{GMT}	INFO	[jepsen test runner] jepsen.db: Setting up DB
2026-03-12 17:28:36,563{GMT}	INFO	[jepsen node n1] maelstrom.db: Setting up n1
2026-03-12 17:28:36,563{GMT}	INFO	[jepsen node n2] maelstrom.db: Setting up n2
2026-03-12 17:28:36,563{GMT}	INFO	[jepsen node n4] maelstrom.db: Setting up n4
2026-03-12 17:28:36,563{GMT}	INFO	[jepsen node n3] maelstrom.db: Setting up n3
2026-03-12 17:28:36,564{GMT}	INFO	[jepsen node n4] maelstrom.process: launching run.sh ["broadcast"]
2026-03-12 17:28:36,564{GMT}	INFO	[jepsen node n3] maelstrom.process: launching run.sh ["broadcast"]
2026-03-12 17:28:36,564{GMT}	INFO	[jepsen node n2] maelstrom.process: launching run.sh ["broadcast"]
2026-03-12 17:28:36,564{GMT}	INFO	[jepsen node n1] maelstrom.process: launching run.sh ["broadcast"]
2026-03-12 17:28:36,565{GMT}	INFO	[jepsen node n0] maelstrom.service: Starting services: (lin-kv lin-tso lww-kv seq-kv)
2026-03-12 17:28:36,567{GMT}	INFO	[jepsen node n0] maelstrom.db: Setting up n0
2026-03-12 17:28:36,569{GMT}	INFO	[jepsen node n0] maelstrom.process: launching run.sh ["broadcast"]
2026-03-12 17:28:36,736{GMT}	INFO	[jepsen test runner] jepsen.core: Relative time begins now
2026-03-12 17:28:36,754{GMT}	INFO	[jepsen worker 0] jepsen.util: 0	:invoke	:read	nil
2026-03-12 17:28:36,759{GMT}	INFO	[jepsen worker 0] jepsen.util: 0	:ok	:read	[]
2026-03-12 17:28:36,897{GMT}	INFO	[jepsen worker 1] jepsen.util: 1	:invoke	:read	nil
2026-03-12 17:28:36,902{GMT}	INFO	[jepsen worker 1] jepsen.util: 1	:ok	:read	[]
2026-03-12 17:28:37,003{GMT}	INFO	[jepsen worker 2] jepsen.util: 2	:invoke	:read	nil
2026-03-12 17:28:37,008{GMT}	INFO	[jepsen worker 2] jepsen.util: 2	:ok	:read	[]
2026-03-12 17:28:37,112{GMT}	INFO	[jepsen worker 3] jepsen.util: 3	:invoke	:broadcast	0
2026-03-12 17:28:37,118{GMT}	INFO	[jepsen worker 3] jepsen.util: 3	:ok	:broadcast	0
2026-03-12 17:28:37,228{GMT}	INFO	[jepsen worker 4] jepsen.util: 4	:invoke	:broadcast	1
2026-03-12 17:28:37,233{GMT}	INFO	[jepsen worker 4] jepsen.util: 4	:ok	:broadcast	1
2026-03-12 17:28:37,401{GMT}	INFO	[jepsen worker 0] jepsen.util: 0	:invoke	:broadcast	2
2026-03-12 17:28:37,407{GMT}	INFO	[jepsen worker 0] jepsen.util: 0	:ok	:broadcast	2
2026-03-12 17:28:37,542{GMT}	INFO	[jepsen worker 0] jepsen.util: 0	:invoke	:read	nil
2026-03-12 17:28:37,547{GMT}	INFO	[jepsen worker 0] jepsen.util: 0	:ok	:read	[2]
2026-03-12 17:28:37,604{GMT}	INFO	[jepsen worker 1] jepsen.util: 1	:invoke	:broadcast	3
2026-03-12 17:28:37,608{GMT}	INFO	[jepsen worker 1] jepsen.util: 1	:ok	:broadcast	3
2026-03-12 17:28:37,763{GMT}	INFO	[jepsen worker 2] jepsen.util: 2	:invoke	:broadcast	4
2026-03-12 17:28:37,766{GMT}	INFO	[jepsen worker 2] jepsen.util: 2	:ok	:broadcast	4
2026-03-12 17:28:37,869{GMT}	INFO	[jepsen worker 3] jepsen.util: 3	:invoke	:read	nil
2026-03-12 17:28:37,873{GMT}	INFO	[jepsen worker 3] jepsen.util: 3	:ok	:read	[0 2 3 4]
2026-03-12 17:28:38,066{GMT}	INFO	[jepsen worker 4] jepsen.util: 4	:invoke	:read	nil
2026-03-12 17:28:38,070{GMT}	INFO	[jepsen worker 4] jepsen.util: 4	:ok	:read	[0 1 2 3 4]
2026-03-12 17:28:38,142{GMT}	INFO	[jepsen worker 0] jepsen.util: 0	:invoke	:read	nil
2026-03-12 17:28:38,146{GMT}	INFO	[jepsen worker 0] jepsen.util: 0	:ok	:read	[2]
2026-03-12 17:28:38,282{GMT}	INFO	[jepsen worker 0] jepsen.util: 0	:invoke	:broadcast	5
2026-03-12 17:28:38,286{GMT}	INFO	[jepsen worker 0] jepsen.util: 0	:ok	:broadcast	5
2026-03-12 17:28:38,367{GMT}	INFO	[jepsen worker 1] jepsen.util: 1	:invoke	:read	nil
2026-03-12 17:28:38,371{GMT}	INFO	[jepsen worker 1] jepsen.util: 1	:ok	:read	[2 3 5]
2026-03-12 17:28:38,559{GMT}	INFO	[jepsen worker 2] jepsen.util: 2	:invoke	:broadcast	6
2026-03-12 17:28:38,563{GMT}	INFO	[jepsen worker 2] jepsen.util: 2	:ok	:broadcast	6
2026-03-12 17:28:38,642{GMT}	INFO	[jepsen worker 3] jepsen.util: 3	:invoke	:read	nil
2026-03-12 17:28:38,645{GMT}	INFO	[jepsen worker 4] jepsen.util: 4	:invoke	:read	nil
2026-03-12 17:28:38,646{GMT}	INFO	[jepsen worker 3] jepsen.util: 3	:ok	:read	[0 2 3 4 5 6]
2026-03-12 17:28:38,649{GMT}	INFO	[jepsen worker 4] jepsen.util: 4	:ok	:read	[0 1 2 3 4 5 6]
2026-03-12 17:28:38,706{GMT}	INFO	[jepsen worker 0] jepsen.util: 0	:invoke	:broadcast	7
2026-03-12 17:28:38,709{GMT}	INFO	[jepsen worker 0] jepsen.util: 0	:ok	:broadcast	7
2026-03-12 17:28:38,734{GMT}	INFO	[jepsen worker 0] jepsen.util: 0	:invoke	:read	nil
2026-03-12 17:28:38,738{GMT}	INFO	[jepsen worker 0] jepsen.util: 0	:ok	:read	[2 5 7]
2026-03-12 17:28:38,918{GMT}	INFO	[jepsen worker 1] jepsen.util: 1	:invoke	:read	nil
2026-03-12 17:28:38,921{GMT}	INFO	[jepsen worker 1] jepsen.util: 1	:ok	:read	[2 3 5 7]
2026-03-12 17:28:39,015{GMT}	INFO	[jepsen worker 2] jepsen.util: 2	:invoke	:broadcast	8
2026-03-12 17:28:39,020{GMT}	INFO	[jepsen worker 2] jepsen.util: 2	:ok	:broadcast	8
2026-03-12 17:28:39,087{GMT}	INFO	[jepsen worker 3] jepsen.util: 3	:invoke	:broadcast	9
2026-03-12 17:28:39,091{GMT}	INFO	[jepsen worker 3] jepsen.util: 3	:ok	:broadcast	9
2026-03-12 17:28:39,284{GMT}	INFO	[jepsen worker 4] jepsen.util: 4	:invoke	:read	nil
2026-03-12 17:28:39,288{GMT}	INFO	[jepsen worker 4] jepsen.util: 4	:ok	:read	[0 1 2 3 4 5 6 7 8 9]
2026-03-12 17:28:39,354{GMT}	INFO	[jepsen worker 0] jepsen.util: 0	:invoke	:read	nil
2026-03-12 17:28:39,357{GMT}	INFO	[jepsen worker 0] jepsen.util: 0	:ok	:read	[2 5 7]
2026-03-12 17:28:39,422{GMT}	INFO	[jepsen worker 0] jepsen.util: 0	:invoke	:read	nil
2026-03-12 17:28:39,425{GMT}	INFO	[jepsen worker 0] jepsen.util: 0	:ok	:read	[2 5 7]
2026-03-12 17:28:39,587{GMT}	INFO	[jepsen worker 1] jepsen.util: 1	:invoke	:read	nil
2026-03-12 17:28:39,591{GMT}	INFO	[jepsen worker 1] jepsen.util: 1	:ok	:read	[2 3 5 7]
2026-03-12 17:28:39,735{GMT}	INFO	[jepsen worker 2] jepsen.util: 2	:invoke	:read	nil
2026-03-12 17:28:39,739{GMT}	INFO	[jepsen worker 2] jepsen.util: 2	:ok	:read	[2 3 4 5 6 7 8]
2026-03-12 17:28:39,931{GMT}	INFO	[jepsen worker 3] jepsen.util: 3	:invoke	:read	nil
2026-03-12 17:28:39,935{GMT}	INFO	[jepsen worker 3] jepsen.util: 3	:ok	:read	[0 2 3 4 5 6 7 8 9]
2026-03-12 17:28:40,070{GMT}	INFO	[jepsen worker 4] jepsen.util: 4	:invoke	:read	nil
2026-03-12 17:28:40,074{GMT}	INFO	[jepsen worker 4] jepsen.util: 4	:ok	:read	[0 1 2 3 4 5 6 7 8 9]
2026-03-12 17:28:40,082{GMT}	INFO	[jepsen worker 0] jepsen.util: 0	:invoke	:read	nil
2026-03-12 17:28:40,086{GMT}	INFO	[jepsen worker 0] jepsen.util: 0	:ok	:read	[2 5 7]
2026-03-12 17:28:40,218{GMT}	INFO	[jepsen worker 0] jepsen.util: 0	:invoke	:broadcast	10
2026-03-12 17:28:40,221{GMT}	INFO	[jepsen worker 0] jepsen.util: 0	:ok	:broadcast	10
2026-03-12 17:28:40,372{GMT}	INFO	[jepsen worker 1] jepsen.util: 1	:invoke	:broadcast	11
2026-03-12 17:28:40,376{GMT}	INFO	[jepsen worker 1] jepsen.util: 1	:ok	:broadcast	11
2026-03-12 17:28:40,550{GMT}	INFO	[jepsen worker 2] jepsen.util: 2	:invoke	:broadcast	12
2026-03-12 17:28:40,552{GMT}	INFO	[jepsen worker 2] jepsen.util: 2	:ok	:broadcast	12
2026-03-12 17:28:40,563{GMT}	INFO	[jepsen worker 3] jepsen.util: 3	:invoke	:broadcast	13
2026-03-12 17:28:40,566{GMT}	INFO	[jepsen worker 3] jepsen.util: 3	:ok	:broadcast	13
2026-03-12 17:28:40,641{GMT}	INFO	[jepsen worker 4] jepsen.util: 4	:invoke	:read	nil
2026-03-12 17:28:40,643{GMT}	INFO	[jepsen worker 4] jepsen.util: 4	:ok	:read	[0 1 2 3 4 5 6 7 8 9 10 11 12 13]
2026-03-12 17:28:40,656{GMT}	INFO	[jepsen worker 0] jepsen.util: 0	:invoke	:read	nil
2026-03-12 17:28:40,659{GMT}	INFO	[jepsen worker 0] jepsen.util: 0	:ok	:read	[2 5 7 10]
2026-03-12 17:28:40,669{GMT}	INFO	[jepsen worker 0] jepsen.util: 0	:invoke	:broadcast	14
2026-03-12 17:28:40,671{GMT}	INFO	[jepsen worker 0] jepsen.util: 0	:ok	:broadcast	14
2026-03-12 17:28:40,848{GMT}	INFO	[jepsen worker 1] jepsen.util: 1	:invoke	:read	nil
2026-03-12 17:28:40,849{GMT}	INFO	[jepsen worker 1] jepsen.util: 1	:ok	:read	[2 3 5 7 10 11 14]
2026-03-12 17:28:40,956{GMT}	INFO	[jepsen worker 2] jepsen.util: 2	:invoke	:read	nil
2026-03-12 17:28:40,960{GMT}	INFO	[jepsen worker 2] jepsen.util: 2	:ok	:read	[2 3 4 5 6 7 8 10 11 12 14]
2026-03-12 17:28:41,080{GMT}	INFO	[jepsen worker 3] jepsen.util: 3	:invoke	:read	nil
2026-03-12 17:28:41,084{GMT}	INFO	[jepsen worker 3] jepsen.util: 3	:ok	:read	[0 2 3 4 5 6 7 8 9 10 11 12 13 14]
2026-03-12 17:28:41,229{GMT}	INFO	[jepsen worker 4] jepsen.util: 4	:invoke	:read	nil
2026-03-12 17:28:41,233{GMT}	INFO	[jepsen worker 4] jepsen.util: 4	:ok	:read	[0 1 2 3 4 5 6 7 8 9 10 11 12 13 14]
2026-03-12 17:28:41,313{GMT}	INFO	[jepsen worker 0] jepsen.util: 0	:invoke	:read	nil
2026-03-12 17:28:41,317{GMT}	INFO	[jepsen worker 0] jepsen.util: 0	:ok	:read	[2 5 7 10 14]
2026-03-12 17:28:41,494{GMT}	INFO	[jepsen worker 0] jepsen.util: 0	:invoke	:read	nil
2026-03-12 17:28:41,497{GMT}	INFO	[jepsen worker 0] jepsen.util: 0	:ok	:read	[2 5 7 10 14]
2026-03-12 17:28:41,637{GMT}	INFO	[jepsen worker 1] jepsen.util: 1	:invoke	:read	nil
2026-03-12 17:28:41,640{GMT}	INFO	[jepsen worker 1] jepsen.util: 1	:ok	:read	[2 3 5 7 10 11 14]
2026-03-12 17:28:41,652{GMT}	INFO	[jepsen worker 2] jepsen.util: 2	:invoke	:read	nil
2026-03-12 17:28:41,655{GMT}	INFO	[jepsen worker 2] jepsen.util: 2	:ok	:read	[2 3 4 5 6 7 8 10 11 12 14]
2026-03-12 17:28:41,758{GMT}	INFO	[jepsen worker 3] jepsen.util: 3	:invoke	:broadcast	15
2026-03-12 17:28:41,761{GMT}	INFO	[jepsen worker 3] jepsen.util: 3	:ok	:broadcast	15
2026-03-12 17:28:41,770{GMT}	INFO	[jepsen worker 4] jepsen.util: 4	:invoke	:broadcast	16
2026-03-12 17:28:41,773{GMT}	INFO	[jepsen worker 4] jepsen.util: 4	:ok	:broadcast	16
2026-03-12 17:28:41,844{GMT}	INFO	[jepsen worker 0] jepsen.util: 0	:invoke	:read	nil
2026-03-12 17:28:41,847{GMT}	INFO	[jepsen worker 0] jepsen.util: 0	:ok	:read	[2 5 7 10 14]
2026-03-12 17:28:41,876{GMT}	INFO	[Jepsen shutdown hook] jepsen.core: Downloading DB logs before JVM shutdown...
