2026-03-20T14:37:47 Unexpected exception handling (msg c10 n0 {"type":"broadcast","message":0,"msg_id":1}) : java.lang.NullPointerException: Cannot invoke "java.util.List.contains(Object)" because the return value of "java.util.Map.get(Object)" is null
java.lang.NullPointerException: Cannot invoke "java.util.List.contains(Object)" because the return value of "java.util.Map.get(Object)" is null
	at lab.BroadcastServer.lambda$run$0(BroadcastServer.java:42)
	at lab.Node.handleRequest(Node.java:97)
	at lab.Node.handleMessage(Node.java:71)
	at lab.Node.lambda$run$0(Node.java:44)
	at java.base/java.util.concurrent.ThreadPoolExecutor.runWorker(ThreadPoolExecutor.java:1144)
	at java.base/java.util.concurrent.ThreadPoolExecutor$Worker.run(ThreadPoolExecutor.java:642)
	at java.base/java.lang.Thread.run(Thread.java:1583)

2026-03-20T14:37:48 Unexpected exception handling (msg c15 n0 {"type":"broadcast","message":5,"msg_id":1}) : java.lang.NullPointerException: Cannot invoke "java.util.List.contains(Object)" because the return value of "java.util.Map.get(Object)" is null
java.lang.NullPointerException: Cannot invoke "java.util.List.contains(Object)" because the return value of "java.util.Map.get(Object)" is null
	at lab.BroadcastServer.lambda$run$0(BroadcastServer.java:42)
	at lab.Node.handleRequest(Node.java:97)
	at lab.Node.handleMessage(Node.java:71)
	at lab.Node.lambda$run$0(Node.java:44)
	at java.base/java.util.concurrent.ThreadPoolExecutor.runWorker(ThreadPoolExecutor.java:1144)
	at java.base/java.util.concurrent.ThreadPoolExecutor$Worker.run(ThreadPoolExecutor.java:642)
	at java.base/java.lang.Thread.run(Thread.java:1583)

2026-03-20T14:37:49 Unexpected exception handling (msg c16 n0 {"type":"broadcast","message":8,"msg_id":2}) : java.lang.NullPointerException: Cannot invoke "java.util.List.contains(Object)" because the return value of "java.util.Map.get(Object)" is null
java.lang.NullPointerException: Cannot invoke "java.util.List.contains(Object)" because the return value of "java.util.Map.get(Object)" is null
	at lab.BroadcastServer.lambda$run$0(BroadcastServer.java:42)
	at lab.Node.handleRequest(Node.java:97)
	at lab.Node.handleMessage(Node.java:71)
	at lab.Node.lambda$run$0(Node.java:44)
	at java.base/java.util.concurrent.ThreadPoolExecutor.runWorker(ThreadPoolExecutor.java:1144)
	at java.base/java.util.concurrent.ThreadPoolExecutor$Worker.run(ThreadPoolExecutor.java:642)
	at java.base/java.lang.Thread.run(Thread.java:1583)

