2026-03-12 16:09:10,862{GMT}	INFO	[jepsen test runner] jepsen.core: Command line:
lein run test -w broadcast --bin run.sh broadcast --node-count 5 --time-limit 20 --rate 10
2026-03-12 16:09:10,939{GMT}	INFO	[jepsen test runner] jepsen.core: Running test:
{:args ["broadcast"]
 :remote
 #jepsen.control.retry.Remote{:remote #jepsen.control.scp.Remote{:cmd-remote #jepsen.control.sshj.SSHJRemote{:concurrency-limit 6,
                                                                                                             :conn-spec nil,
                                                                                                             :client nil,
                                                                                                             :semaphore nil},
                                                                 :conn-spec nil},
                              :conn nil}
 :log-net-send false
 :node-count 5
 :availability nil
 :max-txn-length 4
 :concurrency 5
 :db
 #object[maelstrom.db$db$reify__16142
         "0x3938e876"
         "maelstrom.db$db$reify__16142@3938e876"]
 :max-writes-per-key 16
 :leave-db-running? false
 :name "broadcast"
 :logging-json? false
 :start-time
 #object[org.joda.time.DateTime "0x70b2819f" "2026-03-12T16:09:10.841Z"]
 :nemesis-interval 10
 :net
 #object[maelstrom.net$jepsen_net$reify__15251
         "0x65dac812"
         "maelstrom.net$jepsen_net$reify__15251@65dac812"]
 :client
 #object[maelstrom.workload.broadcast$client$reify__16644
         "0x3619ecd"
         "maelstrom.workload.broadcast$client$reify__16644@3619ecd"]
 :barrier
 #object[java.util.concurrent.CyclicBarrier
         "0x7de4bd8f"
         "java.util.concurrent.CyclicBarrier@7de4bd8f"]
 :log-stderr false
 :pure-generators true
 :ssh {:dummy? true}
 :rate 10.0
 :checker
 #object[jepsen.checker$compose$reify__11881
         "0x193e65d5"
         "jepsen.checker$compose$reify__11881@193e65d5"]
 :argv
 ("test"
  "-w"
  "broadcast"
  "--bin"
  "run.sh"
  "broadcast"
  "--node-count"
  "5"
  "--time-limit"
  "20"
  "--rate"
  "10")
 :nemesis
 (jepsen.nemesis.ReflCompose
  {:fm {:start-partition 0,
        :stop-partition 0,
        :kill 1,
        :start 1,
        :pause 1,
        :resume 1},
   :nemeses [#unprintable "jepsen.nemesis.combined$partition_nemesis$reify__16416@2a97b4b8"
             #unprintable "jepsen.nemesis.combined$db_nemesis$reify__16397@250fc0d1"]})
 :nodes ["n0" "n1" "n2" "n3" "n4"]
 :test-count 1
 :latency {:mean 0, :dist :constant}
 :bin "run.sh"
 :generator
 ((jepsen.generator.Synchronize
   {:gen (jepsen.generator.TimeLimit
          {:limit 20000000000,
           :cutoff nil,
           :gen (jepsen.generator.Any
                 {:gens [(jepsen.generator.OnThreads
                          {:f #{:nemesis},
                           :context-filter #object[jepsen.generator.context$make_thread_filter$lazy_filter__9167
                                                   "0x37d43b9b"
                                                   "jepsen.generator.context$make_thread_filter$lazy_filter__9167@37d43b9b"],
                           :gen nil})
                         (jepsen.generator.OnThreads
                          {:f #jepsen.generator.context.AllBut{:element :nemesis},
                           :context-filter #object[jepsen.generator.context$make_thread_filter$lazy_filter__9167
                                                   "0x28ba90c1"
                                                   "jepsen.generator.context$make_thread_filter$lazy_filter__9167@28ba90c1"],
                           :gen (jepsen.generator.Stagger
                                 {:dt 200000000,
                                  :next-time nil,
                                  :gen (jepsen.generator.Mix
                                        {:i 1,
                                         :gens [({:f :broadcast, :value 0}
                                                 {:f :broadcast, :value 1}
                                                 {:f :broadcast, :value 2}
                                                 {:f :broadcast, :value 3}
                                                 {:f :broadcast, :value 4}
                                                 {:f :broadcast, :value 5}
                                                 {:f :broadcast, :value 6}
                                                 {:f :broadcast, :value 7}
                                                 ...)
                                                ({:f :read}
                                                 {:f :read}
                                                 {:f :read}
                                                 {:f :read}
                                                 {:f :read}
                                                 {:f :read}
                                                 {:f :read}
                                                 {:f :read}
                                                 ...)]})})})]})})})
  (jepsen.generator.Synchronize
   {:gen (jepsen.generator.OnThreads
          {:f #{:nemesis},
           :context-filter #object[jepsen.generator.context$make_thread_filter$lazy_filter__9167
                                   "0x7545cb17"
                                   "jepsen.generator.context$make_thread_filter$lazy_filter__9167@7545cb17"],
           :gen ()})})
  (jepsen.generator.Synchronize
   {:gen {:type :log, :value "Waiting for recovery..."}})
  (jepsen.generator.Synchronize {:gen {:type :sleep, :value 10}})
  (jepsen.generator.Synchronize
   {:gen (jepsen.generator.OnThreads
          {:f #jepsen.generator.context.AllBut{:element :nemesis},
           :context-filter #object[jepsen.generator.context$make_thread_filter$lazy_filter__9167
                                   "0x635b3ec7"
                                   "jepsen.generator.context$make_thread_filter$lazy_filter__9167@635b3ec7"],
           :gen (jepsen.generator.EachThread
                 {:fresh-gen {:f :read, :final? true},
                  :context-filters #object[clojure.core$promise$reify__8591
                                           "0x1f9b86f5"
                                           {:status :pending, :val nil}],
                  :gens {}})})}))
 :log-net-recv false
 :os
 #object[maelstrom.net$jepsen_os$reify__15254
         "0x15aa3084"
         "maelstrom.net$jepsen_os$reify__15254@15aa3084"]
 :time-limit 20
 :workload :broadcast
 :consistency-models [:strict-serializable]
 :topology :grid}

2026-03-12 16:09:12,468{GMT}	INFO	[jepsen node n0] maelstrom.net: Starting Maelstrom network
2026-03-12 16:09:12,470{GMT}	INFO	[jepsen test runner] jepsen.db: Tearing down DB
2026-03-12 16:09:12,473{GMT}	INFO	[jepsen test runner] jepsen.db: Setting up DB
2026-03-12 16:09:12,474{GMT}	INFO	[jepsen node n3] maelstrom.db: Setting up n3
2026-03-12 16:09:12,474{GMT}	INFO	[jepsen node n1] maelstrom.db: Setting up n1
2026-03-12 16:09:12,475{GMT}	INFO	[jepsen node n4] maelstrom.db: Setting up n4
2026-03-12 16:09:12,475{GMT}	INFO	[jepsen node n2] maelstrom.db: Setting up n2
2026-03-12 16:09:12,476{GMT}	INFO	[jepsen node n4] maelstrom.process: launching run.sh ["broadcast"]
2026-03-12 16:09:12,476{GMT}	INFO	[jepsen node n1] maelstrom.process: launching run.sh ["broadcast"]
2026-03-12 16:09:12,476{GMT}	INFO	[jepsen node n3] maelstrom.process: launching run.sh ["broadcast"]
2026-03-12 16:09:12,476{GMT}	INFO	[jepsen node n2] maelstrom.process: launching run.sh ["broadcast"]
2026-03-12 16:09:12,479{GMT}	INFO	[jepsen node n0] maelstrom.service: Starting services: (lin-kv lin-tso lww-kv seq-kv)
2026-03-12 16:09:12,484{GMT}	INFO	[jepsen node n0] maelstrom.db: Setting up n0
2026-03-12 16:09:12,485{GMT}	INFO	[jepsen node n0] maelstrom.process: launching run.sh ["broadcast"]
2026-03-12 16:09:12,708{GMT}	INFO	[jepsen test runner] jepsen.core: Relative time begins now
2026-03-12 16:09:12,735{GMT}	INFO	[jepsen worker 0] jepsen.util: 0	:invoke	:read	nil
2026-03-12 16:09:12,739{GMT}	INFO	[jepsen worker 0] jepsen.util: 0	:ok	:read	[]
2026-03-12 16:09:12,888{GMT}	INFO	[jepsen worker 1] jepsen.util: 1	:invoke	:read	nil
2026-03-12 16:09:12,894{GMT}	INFO	[jepsen worker 1] jepsen.util: 1	:ok	:read	[]
2026-03-12 16:09:12,936{GMT}	INFO	[jepsen worker 2] jepsen.util: 2	:invoke	:broadcast	0
2026-03-12 16:09:12,941{GMT}	INFO	[jepsen worker 2] jepsen.util: 2	:ok	:broadcast	0
2026-03-12 16:09:13,105{GMT}	INFO	[jepsen worker 3] jepsen.util: 3	:invoke	:read	nil
2026-03-12 16:09:13,110{GMT}	INFO	[jepsen worker 3] jepsen.util: 3	:ok	:read	[]
2026-03-12 16:09:13,177{GMT}	INFO	[jepsen worker 4] jepsen.util: 4	:invoke	:broadcast	1
2026-03-12 16:09:13,182{GMT}	INFO	[jepsen worker 4] jepsen.util: 4	:ok	:broadcast	1
2026-03-12 16:09:13,215{GMT}	INFO	[jepsen worker 0] jepsen.util: 0	:invoke	:broadcast	2
2026-03-12 16:09:13,219{GMT}	INFO	[jepsen worker 0] jepsen.util: 0	:ok	:broadcast	2
2026-03-12 16:09:13,342{GMT}	INFO	[jepsen worker 0] jepsen.util: 0	:invoke	:read	nil
2026-03-12 16:09:13,346{GMT}	INFO	[jepsen worker 0] jepsen.util: 0	:ok	:read	[2]
2026-03-12 16:09:13,448{GMT}	INFO	[jepsen worker 1] jepsen.util: 1	:invoke	:read	nil
2026-03-12 16:09:13,451{GMT}	INFO	[jepsen worker 1] jepsen.util: 1	:ok	:read	[]
2026-03-12 16:09:13,608{GMT}	INFO	[jepsen worker 2] jepsen.util: 2	:invoke	:broadcast	3
2026-03-12 16:09:13,611{GMT}	INFO	[jepsen worker 2] jepsen.util: 2	:ok	:broadcast	3
2026-03-12 16:09:13,728{GMT}	INFO	[jepsen worker 3] jepsen.util: 3	:invoke	:broadcast	4
2026-03-12 16:09:13,731{GMT}	INFO	[jepsen worker 3] jepsen.util: 3	:ok	:broadcast	4
2026-03-12 16:09:13,884{GMT}	INFO	[jepsen worker 4] jepsen.util: 4	:invoke	:broadcast	5
2026-03-12 16:09:13,888{GMT}	INFO	[jepsen worker 4] jepsen.util: 4	:ok	:broadcast	5
2026-03-12 16:09:13,916{GMT}	INFO	[jepsen worker 0] jepsen.util: 0	:invoke	:broadcast	6
2026-03-12 16:09:13,919{GMT}	INFO	[jepsen worker 0] jepsen.util: 0	:ok	:broadcast	6
2026-03-12 16:09:14,067{GMT}	INFO	[jepsen worker 0] jepsen.util: 0	:invoke	:read	nil
2026-03-12 16:09:14,071{GMT}	INFO	[jepsen worker 0] jepsen.util: 0	:ok	:read	[2 6]
2026-03-12 16:09:14,236{GMT}	INFO	[jepsen worker 1] jepsen.util: 1	:invoke	:broadcast	7
2026-03-12 16:09:14,240{GMT}	INFO	[jepsen worker 1] jepsen.util: 1	:ok	:broadcast	7
2026-03-12 16:09:14,354{GMT}	INFO	[jepsen worker 2] jepsen.util: 2	:invoke	:broadcast	8
2026-03-12 16:09:14,357{GMT}	INFO	[jepsen worker 2] jepsen.util: 2	:ok	:broadcast	8
2026-03-12 16:09:14,483{GMT}	INFO	[jepsen worker 3] jepsen.util: 3	:invoke	:broadcast	9
2026-03-12 16:09:14,487{GMT}	INFO	[jepsen worker 3] jepsen.util: 3	:ok	:broadcast	9
2026-03-12 16:09:14,670{GMT}	INFO	[jepsen worker 4] jepsen.util: 4	:invoke	:read	nil
2026-03-12 16:09:14,674{GMT}	INFO	[jepsen worker 4] jepsen.util: 4	:ok	:read	[1 5]
2026-03-12 16:09:14,749{GMT}	INFO	[jepsen worker 0] jepsen.util: 0	:invoke	:broadcast	10
2026-03-12 16:09:14,753{GMT}	INFO	[jepsen worker 0] jepsen.util: 0	:ok	:broadcast	10
2026-03-12 16:09:14,883{GMT}	INFO	[jepsen worker 0] jepsen.util: 0	:invoke	:broadcast	11
2026-03-12 16:09:14,887{GMT}	INFO	[jepsen worker 0] jepsen.util: 0	:ok	:broadcast	11
2026-03-12 16:09:15,030{GMT}	INFO	[jepsen worker 1] jepsen.util: 1	:invoke	:read	nil
2026-03-12 16:09:15,033{GMT}	INFO	[jepsen worker 1] jepsen.util: 1	:ok	:read	[7]
2026-03-12 16:09:15,048{GMT}	INFO	[jepsen worker 2] jepsen.util: 2	:invoke	:broadcast	12
2026-03-12 16:09:15,051{GMT}	INFO	[jepsen worker 2] jepsen.util: 2	:ok	:broadcast	12
2026-03-12 16:09:15,067{GMT}	INFO	[jepsen worker 3] jepsen.util: 3	:invoke	:broadcast	13
2026-03-12 16:09:15,070{GMT}	INFO	[jepsen worker 3] jepsen.util: 3	:ok	:broadcast	13
2026-03-12 16:09:15,135{GMT}	INFO	[jepsen worker 4] jepsen.util: 4	:invoke	:read	nil
2026-03-12 16:09:15,138{GMT}	INFO	[jepsen worker 4] jepsen.util: 4	:ok	:read	[1 5]
2026-03-12 16:09:15,194{GMT}	INFO	[jepsen worker 0] jepsen.util: 0	:invoke	:read	nil
2026-03-12 16:09:15,198{GMT}	INFO	[jepsen worker 0] jepsen.util: 0	:ok	:read	[2 6 10 11]
2026-03-12 16:09:15,325{GMT}	INFO	[jepsen worker 0] jepsen.util: 0	:invoke	:read	nil
2026-03-12 16:09:15,328{GMT}	INFO	[jepsen worker 1] jepsen.util: 1	:invoke	:broadcast	14
2026-03-12 16:09:15,329{GMT}	INFO	[jepsen worker 0] jepsen.util: 0	:ok	:read	[2 6 10 11]
2026-03-12 16:09:15,331{GMT}	INFO	[jepsen worker 1] jepsen.util: 1	:ok	:broadcast	14
2026-03-12 16:09:15,519{GMT}	INFO	[jepsen worker 2] jepsen.util: 2	:invoke	:broadcast	15
2026-03-12 16:09:15,522{GMT}	INFO	[jepsen worker 2] jepsen.util: 2	:ok	:broadcast	15
2026-03-12 16:09:15,703{GMT}	INFO	[jepsen worker 3] jepsen.util: 3	:invoke	:broadcast	16
2026-03-12 16:09:15,707{GMT}	INFO	[jepsen worker 3] jepsen.util: 3	:ok	:broadcast	16
2026-03-12 16:09:15,821{GMT}	INFO	[jepsen worker 4] jepsen.util: 4	:invoke	:broadcast	17
2026-03-12 16:09:15,824{GMT}	INFO	[jepsen worker 4] jepsen.util: 4	:ok	:broadcast	17
2026-03-12 16:09:15,960{GMT}	INFO	[jepsen worker 0] jepsen.util: 0	:invoke	:broadcast	18
2026-03-12 16:09:15,964{GMT}	INFO	[jepsen worker 0] jepsen.util: 0	:ok	:broadcast	18
2026-03-12 16:09:16,142{GMT}	INFO	[jepsen worker 0] jepsen.util: 0	:invoke	:broadcast	19
2026-03-12 16:09:16,144{GMT}	INFO	[jepsen worker 0] jepsen.util: 0	:ok	:broadcast	19
2026-03-12 16:09:16,283{GMT}	INFO	[jepsen worker 1] jepsen.util: 1	:invoke	:read	nil
2026-03-12 16:09:16,286{GMT}	INFO	[jepsen worker 1] jepsen.util: 1	:ok	:read	[7 14]
2026-03-12 16:09:16,387{GMT}	INFO	[jepsen worker 2] jepsen.util: 2	:invoke	:read	nil
2026-03-12 16:09:16,392{GMT}	INFO	[jepsen worker 2] jepsen.util: 2	:ok	:read	[0 3 8 12 15]
2026-03-12 16:09:16,500{GMT}	INFO	[jepsen worker 3] jepsen.util: 3	:invoke	:broadcast	20
2026-03-12 16:09:16,504{GMT}	INFO	[jepsen worker 3] jepsen.util: 3	:ok	:broadcast	20
2026-03-12 16:09:16,579{GMT}	INFO	[jepsen worker 4] jepsen.util: 4	:invoke	:read	nil
2026-03-12 16:09:16,582{GMT}	INFO	[jepsen worker 4] jepsen.util: 4	:ok	:read	[1 5 17]
2026-03-12 16:09:16,643{GMT}	INFO	[jepsen worker 0] jepsen.util: 0	:invoke	:read	nil
2026-03-12 16:09:16,646{GMT}	INFO	[jepsen worker 0] jepsen.util: 0	:ok	:read	[2 6 10 11 18 19]
2026-03-12 16:09:16,663{GMT}	INFO	[jepsen worker 0] jepsen.util: 0	:invoke	:read	nil
2026-03-12 16:09:16,666{GMT}	INFO	[jepsen worker 0] jepsen.util: 0	:ok	:read	[2 6 10 11 18 19]
2026-03-12 16:09:16,785{GMT}	INFO	[jepsen worker 1] jepsen.util: 1	:invoke	:broadcast	21
2026-03-12 16:09:16,788{GMT}	INFO	[jepsen worker 1] jepsen.util: 1	:ok	:broadcast	21
2026-03-12 16:09:16,864{GMT}	INFO	[jepsen worker 2] jepsen.util: 2	:invoke	:read	nil
2026-03-12 16:09:16,866{GMT}	INFO	[jepsen worker 2] jepsen.util: 2	:ok	:read	[0 3 8 12 15]
2026-03-12 16:09:16,928{GMT}	INFO	[jepsen worker 3] jepsen.util: 3	:invoke	:broadcast	22
2026-03-12 16:09:16,931{GMT}	INFO	[jepsen worker 3] jepsen.util: 3	:ok	:broadcast	22
2026-03-12 16:09:17,056{GMT}	INFO	[jepsen worker 4] jepsen.util: 4	:invoke	:read	nil
2026-03-12 16:09:17,059{GMT}	INFO	[jepsen worker 4] jepsen.util: 4	:ok	:read	[1 5 17]
2026-03-12 16:09:17,121{GMT}	INFO	[jepsen worker 0] jepsen.util: 0	:invoke	:broadcast	23
2026-03-12 16:09:17,125{GMT}	INFO	[jepsen worker 0] jepsen.util: 0	:ok	:broadcast	23
2026-03-12 16:09:17,205{GMT}	INFO	[jepsen worker 0] jepsen.util: 0	:invoke	:read	nil
2026-03-12 16:09:17,208{GMT}	INFO	[jepsen worker 0] jepsen.util: 0	:ok	:read	[2 6 10 11 18 19 23]
2026-03-12 16:09:17,343{GMT}	INFO	[jepsen worker 1] jepsen.util: 1	:invoke	:broadcast	24
2026-03-12 16:09:17,347{GMT}	INFO	[jepsen worker 1] jepsen.util: 1	:ok	:broadcast	24
2026-03-12 16:09:17,538{GMT}	INFO	[jepsen worker 2] jepsen.util: 2	:invoke	:broadcast	25
2026-03-12 16:09:17,542{GMT}	INFO	[jepsen worker 2] jepsen.util: 2	:ok	:broadcast	25
2026-03-12 16:09:17,721{GMT}	INFO	[jepsen worker 3] jepsen.util: 3	:invoke	:broadcast	26
2026-03-12 16:09:17,724{GMT}	INFO	[jepsen worker 3] jepsen.util: 3	:ok	:broadcast	26
2026-03-12 16:09:17,901{GMT}	INFO	[jepsen worker 4] jepsen.util: 4	:invoke	:broadcast	27
2026-03-12 16:09:17,904{GMT}	INFO	[jepsen worker 4] jepsen.util: 4	:ok	:broadcast	27
2026-03-12 16:09:18,037{GMT}	INFO	[jepsen worker 0] jepsen.util: 0	:invoke	:broadcast	28
2026-03-12 16:09:18,040{GMT}	INFO	[jepsen worker 0] jepsen.util: 0	:ok	:broadcast	28
2026-03-12 16:09:18,156{GMT}	INFO	[jepsen worker 0] jepsen.util: 0	:invoke	:read	nil
2026-03-12 16:09:18,160{GMT}	INFO	[jepsen worker 0] jepsen.util: 0	:ok	:read	[2 6 10 11 18 19 23 28]
2026-03-12 16:09:18,289{GMT}	INFO	[jepsen worker 1] jepsen.util: 1	:invoke	:read	nil
2026-03-12 16:09:18,293{GMT}	INFO	[jepsen worker 1] jepsen.util: 1	:ok	:read	[7 14 21 24]
2026-03-12 16:09:18,485{GMT}	INFO	[jepsen worker 2] jepsen.util: 2	:invoke	:read	nil
2026-03-12 16:09:18,489{GMT}	INFO	[jepsen worker 2] jepsen.util: 2	:ok	:read	[0 3 8 12 15 25]
2026-03-12 16:09:18,651{GMT}	INFO	[jepsen worker 3] jepsen.util: 3	:invoke	:read	nil
2026-03-12 16:09:18,655{GMT}	INFO	[jepsen worker 3] jepsen.util: 3	:ok	:read	[4 9 13 16 20 22 26]
2026-03-12 16:09:18,852{GMT}	INFO	[jepsen worker 4] jepsen.util: 4	:invoke	:read	nil
2026-03-12 16:09:18,855{GMT}	INFO	[jepsen worker 4] jepsen.util: 4	:ok	:read	[1 5 17 27]
2026-03-12 16:09:18,997{GMT}	INFO	[jepsen worker 0] jepsen.util: 0	:invoke	:read	nil
2026-03-12 16:09:19,000{GMT}	INFO	[jepsen worker 0] jepsen.util: 0	:ok	:read	[2 6 10 11 18 19 23 28]
2026-03-12 16:09:19,082{GMT}	INFO	[jepsen worker 0] jepsen.util: 0	:invoke	:read	nil
2026-03-12 16:09:19,086{GMT}	INFO	[jepsen worker 0] jepsen.util: 0	:ok	:read	[2 6 10 11 18 19 23 28]
2026-03-12 16:09:19,148{GMT}	INFO	[jepsen worker 1] jepsen.util: 1	:invoke	:read	nil
2026-03-12 16:09:19,150{GMT}	INFO	[jepsen worker 1] jepsen.util: 1	:ok	:read	[7 14 21 24]
2026-03-12 16:09:19,216{GMT}	INFO	[jepsen worker 2] jepsen.util: 2	:invoke	:broadcast	29
2026-03-12 16:09:19,219{GMT}	INFO	[jepsen worker 2] jepsen.util: 2	:ok	:broadcast	29
2026-03-12 16:09:19,405{GMT}	INFO	[jepsen worker 3] jepsen.util: 3	:invoke	:read	nil
2026-03-12 16:09:19,408{GMT}	INFO	[jepsen worker 3] jepsen.util: 3	:ok	:read	[4 9 13 16 20 22 26]
2026-03-12 16:09:19,600{GMT}	INFO	[jepsen worker 4] jepsen.util: 4	:invoke	:read	nil
2026-03-12 16:09:19,604{GMT}	INFO	[jepsen worker 4] jepsen.util: 4	:ok	:read	[1 5 17 27]
2026-03-12 16:09:19,704{GMT}	INFO	[jepsen worker 0] jepsen.util: 0	:invoke	:broadcast	30
2026-03-12 16:09:19,708{GMT}	INFO	[jepsen worker 0] jepsen.util: 0	:ok	:broadcast	30
2026-03-12 16:09:19,760{GMT}	INFO	[jepsen worker 0] jepsen.util: 0	:invoke	:read	nil
2026-03-12 16:09:19,763{GMT}	INFO	[jepsen worker 0] jepsen.util: 0	:ok	:read	[2 6 10 11 18 19 23 28 30]
2026-03-12 16:09:19,783{GMT}	INFO	[jepsen worker 1] jepsen.util: 1	:invoke	:read	nil
2026-03-12 16:09:19,787{GMT}	INFO	[jepsen worker 1] jepsen.util: 1	:ok	:read	[7 14 21 24]
2026-03-12 16:09:19,935{GMT}	INFO	[jepsen worker 2] jepsen.util: 2	:invoke	:broadcast	31
2026-03-12 16:09:19,939{GMT}	INFO	[jepsen worker 2] jepsen.util: 2	:ok	:broadcast	31
2026-03-12 16:09:20,086{GMT}	INFO	[jepsen worker 3] jepsen.util: 3	:invoke	:broadcast	32
2026-03-12 16:09:20,089{GMT}	INFO	[jepsen worker 3] jepsen.util: 3	:ok	:broadcast	32
2026-03-12 16:09:20,109{GMT}	INFO	[jepsen worker 4] jepsen.util: 4	:invoke	:broadcast	33
2026-03-12 16:09:20,112{GMT}	INFO	[jepsen worker 4] jepsen.util: 4	:ok	:broadcast	33
2026-03-12 16:09:20,188{GMT}	INFO	[jepsen worker 0] jepsen.util: 0	:invoke	:read	nil
2026-03-12 16:09:20,191{GMT}	INFO	[jepsen worker 0] jepsen.util: 0	:ok	:read	[2 6 10 11 18 19 23 28 30]
2026-03-12 16:09:20,205{GMT}	INFO	[jepsen worker 0] jepsen.util: 0	:invoke	:read	nil
2026-03-12 16:09:20,209{GMT}	INFO	[jepsen worker 0] jepsen.util: 0	:ok	:read	[2 6 10 11 18 19 23 28 30]
2026-03-12 16:09:20,286{GMT}	INFO	[jepsen worker 1] jepsen.util: 1	:invoke	:read	nil
2026-03-12 16:09:20,289{GMT}	INFO	[jepsen worker 1] jepsen.util: 1	:ok	:read	[7 14 21 24]
2026-03-12 16:09:20,316{GMT}	INFO	[jepsen worker 2] jepsen.util: 2	:invoke	:broadcast	34
2026-03-12 16:09:20,319{GMT}	INFO	[jepsen worker 2] jepsen.util: 2	:ok	:broadcast	34
2026-03-12 16:09:20,515{GMT}	INFO	[jepsen worker 3] jepsen.util: 3	:invoke	:broadcast	35
2026-03-12 16:09:20,518{GMT}	INFO	[jepsen worker 3] jepsen.util: 3	:ok	:broadcast	35
2026-03-12 16:09:20,598{GMT}	INFO	[jepsen worker 4] jepsen.util: 4	:invoke	:read	nil
2026-03-12 16:09:20,601{GMT}	INFO	[jepsen worker 4] jepsen.util: 4	:ok	:read	[1 5 17 27 33]
2026-03-12 16:09:20,645{GMT}	INFO	[jepsen worker 0] jepsen.util: 0	:invoke	:broadcast	36
2026-03-12 16:09:20,648{GMT}	INFO	[jepsen worker 0] jepsen.util: 0	:ok	:broadcast	36
2026-03-12 16:09:20,711{GMT}	INFO	[jepsen worker 0] jepsen.util: 0	:invoke	:broadcast	37
2026-03-12 16:09:20,714{GMT}	INFO	[jepsen worker 0] jepsen.util: 0	:ok	:broadcast	37
2026-03-12 16:09:20,728{GMT}	INFO	[jepsen worker 1] jepsen.util: 1	:invoke	:broadcast	38
2026-03-12 16:09:20,730{GMT}	INFO	[jepsen worker 1] jepsen.util: 1	:ok	:broadcast	38
2026-03-12 16:09:20,853{GMT}	INFO	[jepsen worker 2] jepsen.util: 2	:invoke	:read	nil
2026-03-12 16:09:20,857{GMT}	INFO	[jepsen worker 2] jepsen.util: 2	:ok	:read	[0 3 8 12 15 25 29 31 34]
2026-03-12 16:09:21,034{GMT}	INFO	[jepsen worker 3] jepsen.util: 3	:invoke	:broadcast	39
2026-03-12 16:09:21,037{GMT}	INFO	[jepsen worker 3] jepsen.util: 3	:ok	:broadcast	39
2026-03-12 16:09:21,053{GMT}	INFO	[jepsen worker 4] jepsen.util: 4	:invoke	:broadcast	40
2026-03-12 16:09:21,056{GMT}	INFO	[jepsen worker 4] jepsen.util: 4	:ok	:broadcast	40
2026-03-12 16:09:21,057{GMT}	INFO	[jepsen worker 0] jepsen.util: 0	:invoke	:read	nil
2026-03-12 16:09:21,060{GMT}	INFO	[jepsen worker 0] jepsen.util: 0	:ok	:read	[2 6 10 11 18 19 23 28 30 36 37]
2026-03-12 16:09:21,062{GMT}	INFO	[jepsen worker 0] jepsen.util: 0	:invoke	:broadcast	41
2026-03-12 16:09:21,064{GMT}	INFO	[jepsen worker 0] jepsen.util: 0	:ok	:broadcast	41
2026-03-12 16:09:21,261{GMT}	INFO	[jepsen worker 1] jepsen.util: 1	:invoke	:read	nil
2026-03-12 16:09:21,264{GMT}	INFO	[jepsen worker 1] jepsen.util: 1	:ok	:read	[7 14 21 24 38]
2026-03-12 16:09:21,324{GMT}	INFO	[jepsen worker 2] jepsen.util: 2	:invoke	:read	nil
2026-03-12 16:09:21,328{GMT}	INFO	[jepsen worker 2] jepsen.util: 2	:ok	:read	[0 3 8 12 15 25 29 31 34]
2026-03-12 16:09:21,380{GMT}	INFO	[jepsen worker 3] jepsen.util: 3	:invoke	:broadcast	42
2026-03-12 16:09:21,383{GMT}	INFO	[jepsen worker 3] jepsen.util: 3	:ok	:broadcast	42
2026-03-12 16:09:21,485{GMT}	INFO	[jepsen worker 4] jepsen.util: 4	:invoke	:broadcast	43
2026-03-12 16:09:21,488{GMT}	INFO	[jepsen worker 4] jepsen.util: 4	:ok	:broadcast	43
2026-03-12 16:09:21,490{GMT}	INFO	[jepsen worker 0] jepsen.util: 0	:invoke	:read	nil
2026-03-12 16:09:21,493{GMT}	INFO	[jepsen worker 0] jepsen.util: 0	:ok	:read	[2 6 10 11 18 19 23 28 30 36 37 41]
2026-03-12 16:09:21,509{GMT}	INFO	[jepsen worker 0] jepsen.util: 0	:invoke	:read	nil
2026-03-12 16:09:21,512{GMT}	INFO	[jepsen worker 0] jepsen.util: 0	:ok	:read	[2 6 10 11 18 19 23 28 30 36 37 41]
2026-03-12 16:09:21,570{GMT}	INFO	[jepsen worker 1] jepsen.util: 1	:invoke	:read	nil
2026-03-12 16:09:21,574{GMT}	INFO	[jepsen worker 1] jepsen.util: 1	:ok	:read	[7 14 21 24 38]
2026-03-12 16:09:21,633{GMT}	INFO	[jepsen worker 2] jepsen.util: 2	:invoke	:broadcast	44
2026-03-12 16:09:21,637{GMT}	INFO	[jepsen worker 2] jepsen.util: 2	:ok	:broadcast	44
2026-03-12 16:09:21,644{GMT}	INFO	[jepsen worker 3] jepsen.util: 3	:invoke	:broadcast	45
2026-03-12 16:09:21,647{GMT}	INFO	[jepsen worker 3] jepsen.util: 3	:ok	:broadcast	45
2026-03-12 16:09:21,829{GMT}	INFO	[jepsen worker 4] jepsen.util: 4	:invoke	:read	nil
2026-03-12 16:09:21,833{GMT}	INFO	[jepsen worker 4] jepsen.util: 4	:ok	:read	[1 5 17 27 33 40 43]
2026-03-12 16:09:21,979{GMT}	INFO	[jepsen worker 0] jepsen.util: 0	:invoke	:broadcast	46
2026-03-12 16:09:21,982{GMT}	INFO	[jepsen worker 0] jepsen.util: 0	:ok	:broadcast	46
2026-03-12 16:09:22,114{GMT}	INFO	[jepsen worker 0] jepsen.util: 0	:invoke	:broadcast	47
2026-03-12 16:09:22,117{GMT}	INFO	[jepsen worker 0] jepsen.util: 0	:ok	:broadcast	47
2026-03-12 16:09:22,196{GMT}	INFO	[jepsen worker 1] jepsen.util: 1	:invoke	:read	nil
2026-03-12 16:09:22,199{GMT}	INFO	[jepsen worker 1] jepsen.util: 1	:ok	:read	[7 14 21 24 38]
2026-03-12 16:09:22,257{GMT}	INFO	[jepsen worker 2] jepsen.util: 2	:invoke	:read	nil
2026-03-12 16:09:22,260{GMT}	INFO	[jepsen worker 2] jepsen.util: 2	:ok	:read	[0 3 8 12 15 25 29 31 34 44]
2026-03-12 16:09:22,309{GMT}	INFO	[jepsen worker 3] jepsen.util: 3	:invoke	:broadcast	48
2026-03-12 16:09:22,312{GMT}	INFO	[jepsen worker 3] jepsen.util: 3	:ok	:broadcast	48
2026-03-12 16:09:22,409{GMT}	INFO	[jepsen worker 4] jepsen.util: 4	:invoke	:broadcast	49
2026-03-12 16:09:22,411{GMT}	INFO	[jepsen worker 4] jepsen.util: 4	:ok	:broadcast	49
2026-03-12 16:09:22,525{GMT}	INFO	[jepsen worker 0] jepsen.util: 0	:invoke	:read	nil
2026-03-12 16:09:22,528{GMT}	INFO	[jepsen worker 0] jepsen.util: 0	:ok	:read	[2 6 10 11 18 19 23 28 30 36 37 41 46 47]
2026-03-12 16:09:22,588{GMT}	INFO	[jepsen worker 0] jepsen.util: 0	:invoke	:read	nil
2026-03-12 16:09:22,591{GMT}	INFO	[jepsen worker 0] jepsen.util: 0	:ok	:read	[2 6 10 11 18 19 23 28 30 36 37 41 46 47]
2026-03-12 16:09:22,652{GMT}	INFO	[jepsen worker 1] jepsen.util: 1	:invoke	:broadcast	50
2026-03-12 16:09:22,655{GMT}	INFO	[jepsen worker 1] jepsen.util: 1	:ok	:broadcast	50
2026-03-12 16:09:22,759{GMT}	INFO	[jepsen worker 2] jepsen.util: 2	:invoke	:read	nil
2026-03-12 16:09:22,762{GMT}	INFO	[jepsen worker 2] jepsen.util: 2	:ok	:read	[0 3 8 12 15 25 29 31 34 44]
2026-03-12 16:09:22,927{GMT}	INFO	[jepsen worker 3] jepsen.util: 3	:invoke	:broadcast	51
2026-03-12 16:09:22,930{GMT}	INFO	[jepsen worker 3] jepsen.util: 3	:ok	:broadcast	51
2026-03-12 16:09:23,032{GMT}	INFO	[jepsen worker 4] jepsen.util: 4	:invoke	:broadcast	52
2026-03-12 16:09:23,035{GMT}	INFO	[jepsen worker 4] jepsen.util: 4	:ok	:broadcast	52
2026-03-12 16:09:23,120{GMT}	INFO	[jepsen worker 0] jepsen.util: 0	:invoke	:read	nil
2026-03-12 16:09:23,123{GMT}	INFO	[jepsen worker 0] jepsen.util: 0	:ok	:read	[2 6 10 11 18 19 23 28 30 36 37 41 46 47]
2026-03-12 16:09:23,315{GMT}	INFO	[jepsen worker 0] jepsen.util: 0	:invoke	:broadcast	53
2026-03-12 16:09:23,317{GMT}	INFO	[jepsen worker 0] jepsen.util: 0	:ok	:broadcast	53
2026-03-12 16:09:23,329{GMT}	INFO	[jepsen worker 1] jepsen.util: 1	:invoke	:read	nil
2026-03-12 16:09:23,332{GMT}	INFO	[jepsen worker 1] jepsen.util: 1	:ok	:read	[7 14 21 24 38 50]
2026-03-12 16:09:23,364{GMT}	INFO	[jepsen worker 2] jepsen.util: 2	:invoke	:broadcast	54
2026-03-12 16:09:23,366{GMT}	INFO	[jepsen worker 2] jepsen.util: 2	:ok	:broadcast	54
2026-03-12 16:09:23,501{GMT}	INFO	[jepsen worker 3] jepsen.util: 3	:invoke	:read	nil
2026-03-12 16:09:23,504{GMT}	INFO	[jepsen worker 3] jepsen.util: 3	:ok	:read	[4 9 13 16 20 22 26 32 35 39 42 45 48 51]
2026-03-12 16:09:23,542{GMT}	INFO	[jepsen worker 4] jepsen.util: 4	:invoke	:read	nil
2026-03-12 16:09:23,545{GMT}	INFO	[jepsen worker 4] jepsen.util: 4	:ok	:read	[1 5 17 27 33 40 43 49 52]
2026-03-12 16:09:23,724{GMT}	INFO	[jepsen worker 0] jepsen.util: 0	:invoke	:broadcast	55
2026-03-12 16:09:23,726{GMT}	INFO	[jepsen worker 0] jepsen.util: 0	:ok	:broadcast	55
2026-03-12 16:09:23,842{GMT}	INFO	[jepsen worker 0] jepsen.util: 0	:invoke	:broadcast	56
2026-03-12 16:09:23,844{GMT}	INFO	[jepsen worker 0] jepsen.util: 0	:ok	:broadcast	56
2026-03-12 16:09:23,910{GMT}	INFO	[jepsen worker 1] jepsen.util: 1	:invoke	:broadcast	57
2026-03-12 16:09:23,913{GMT}	INFO	[jepsen worker 1] jepsen.util: 1	:ok	:broadcast	57
2026-03-12 16:09:24,091{GMT}	INFO	[jepsen worker 2] jepsen.util: 2	:invoke	:broadcast	58
2026-03-12 16:09:24,093{GMT}	INFO	[jepsen worker 2] jepsen.util: 2	:ok	:broadcast	58
2026-03-12 16:09:24,107{GMT}	INFO	[jepsen worker 3] jepsen.util: 3	:invoke	:broadcast	59
2026-03-12 16:09:24,111{GMT}	INFO	[jepsen worker 3] jepsen.util: 3	:ok	:broadcast	59
2026-03-12 16:09:24,277{GMT}	INFO	[jepsen worker 4] jepsen.util: 4	:invoke	:broadcast	60
2026-03-12 16:09:24,279{GMT}	INFO	[jepsen worker 4] jepsen.util: 4	:ok	:broadcast	60
2026-03-12 16:09:24,470{GMT}	INFO	[jepsen worker 0] jepsen.util: 0	:invoke	:read	nil
2026-03-12 16:09:24,473{GMT}	INFO	[jepsen worker 0] jepsen.util: 0	:ok	:read	[2 6 10 11 18 19 23 28 30 36 37 41 46 47 53 55 56]
2026-03-12 16:09:24,526{GMT}	INFO	[jepsen worker 0] jepsen.util: 0	:invoke	:broadcast	61
2026-03-12 16:09:24,528{GMT}	INFO	[jepsen worker 1] jepsen.util: 1	:invoke	:broadcast	62
2026-03-12 16:09:24,528{GMT}	INFO	[jepsen worker 0] jepsen.util: 0	:ok	:broadcast	61
2026-03-12 16:09:24,531{GMT}	INFO	[jepsen worker 1] jepsen.util: 1	:ok	:broadcast	62
2026-03-12 16:09:24,676{GMT}	INFO	[jepsen worker 2] jepsen.util: 2	:invoke	:read	nil
2026-03-12 16:09:24,678{GMT}	INFO	[jepsen worker 2] jepsen.util: 2	:ok	:read	[0 3 8 12 15 25 29 31 34 44 54 58]
2026-03-12 16:09:24,790{GMT}	INFO	[jepsen worker 3] jepsen.util: 3	:invoke	:broadcast	63
2026-03-12 16:09:24,793{GMT}	INFO	[jepsen worker 3] jepsen.util: 3	:ok	:broadcast	63
2026-03-12 16:09:24,920{GMT}	INFO	[jepsen worker 4] jepsen.util: 4	:invoke	:broadcast	64
2026-03-12 16:09:24,923{GMT}	INFO	[jepsen worker 4] jepsen.util: 4	:ok	:broadcast	64
2026-03-12 16:09:25,056{GMT}	INFO	[jepsen worker 0] jepsen.util: 0	:invoke	:broadcast	65
2026-03-12 16:09:25,059{GMT}	INFO	[jepsen worker 0] jepsen.util: 0	:ok	:broadcast	65
2026-03-12 16:09:25,198{GMT}	INFO	[jepsen worker 0] jepsen.util: 0	:invoke	:read	nil
2026-03-12 16:09:25,202{GMT}	INFO	[jepsen worker 0] jepsen.util: 0	:ok	:read	[2 6 10 11 18 19 23 28 30 36 37 41 46 47 53 55 56 61 65]
2026-03-12 16:09:25,224{GMT}	INFO	[jepsen worker 1] jepsen.util: 1	:invoke	:broadcast	66
2026-03-12 16:09:25,226{GMT}	INFO	[jepsen worker 1] jepsen.util: 1	:ok	:broadcast	66
2026-03-12 16:09:25,271{GMT}	INFO	[jepsen worker 2] jepsen.util: 2	:invoke	:broadcast	67
2026-03-12 16:09:25,274{GMT}	INFO	[jepsen worker 2] jepsen.util: 2	:ok	:broadcast	67
2026-03-12 16:09:25,418{GMT}	INFO	[jepsen worker 3] jepsen.util: 3	:invoke	:broadcast	68
2026-03-12 16:09:25,421{GMT}	INFO	[jepsen worker 3] jepsen.util: 3	:ok	:broadcast	68
2026-03-12 16:09:25,567{GMT}	INFO	[jepsen worker 4] jepsen.util: 4	:invoke	:read	nil
2026-03-12 16:09:25,570{GMT}	INFO	[jepsen worker 4] jepsen.util: 4	:ok	:read	[1 5 17 27 33 40 43 49 52 60 64]
2026-03-12 16:09:25,627{GMT}	INFO	[jepsen worker 0] jepsen.util: 0	:invoke	:read	nil
2026-03-12 16:09:25,630{GMT}	INFO	[jepsen worker 0] jepsen.util: 0	:ok	:read	[2 6 10 11 18 19 23 28 30 36 37 41 46 47 53 55 56 61 65]
2026-03-12 16:09:25,662{GMT}	INFO	[jepsen worker 0] jepsen.util: 0	:invoke	:read	nil
2026-03-12 16:09:25,665{GMT}	INFO	[jepsen worker 0] jepsen.util: 0	:ok	:read	[2 6 10 11 18 19 23 28 30 36 37 41 46 47 53 55 56 61 65]
2026-03-12 16:09:25,827{GMT}	INFO	[jepsen worker 1] jepsen.util: 1	:invoke	:read	nil
2026-03-12 16:09:25,830{GMT}	INFO	[jepsen worker 1] jepsen.util: 1	:ok	:read	[7 14 21 24 38 50 57 62 66]
2026-03-12 16:09:25,944{GMT}	INFO	[jepsen worker 2] jepsen.util: 2	:invoke	:read	nil
2026-03-12 16:09:25,946{GMT}	INFO	[jepsen worker 2] jepsen.util: 2	:ok	:read	[0 3 8 12 15 25 29 31 34 44 54 58 67]
2026-03-12 16:09:26,023{GMT}	INFO	[jepsen worker 3] jepsen.util: 3	:invoke	:broadcast	69
2026-03-12 16:09:26,025{GMT}	INFO	[jepsen worker 3] jepsen.util: 3	:ok	:broadcast	69
2026-03-12 16:09:26,194{GMT}	INFO	[jepsen worker 4] jepsen.util: 4	:invoke	:read	nil
2026-03-12 16:09:26,195{GMT}	INFO	[jepsen worker 4] jepsen.util: 4	:ok	:read	[1 5 17 27 33 40 43 49 52 60 64]
2026-03-12 16:09:26,243{GMT}	INFO	[jepsen worker 0] jepsen.util: 0	:invoke	:broadcast	70
2026-03-12 16:09:26,245{GMT}	INFO	[jepsen worker 0] jepsen.util: 0	:ok	:broadcast	70
2026-03-12 16:09:26,411{GMT}	INFO	[jepsen worker 0] jepsen.util: 0	:invoke	:broadcast	71
2026-03-12 16:09:26,413{GMT}	INFO	[jepsen worker 0] jepsen.util: 0	:ok	:broadcast	71
2026-03-12 16:09:26,537{GMT}	INFO	[jepsen worker 1] jepsen.util: 1	:invoke	:broadcast	72
2026-03-12 16:09:26,539{GMT}	INFO	[jepsen worker 1] jepsen.util: 1	:ok	:broadcast	72
2026-03-12 16:09:26,626{GMT}	INFO	[jepsen worker 2] jepsen.util: 2	:invoke	:read	nil
2026-03-12 16:09:26,631{GMT}	INFO	[jepsen worker 2] jepsen.util: 2	:ok	:read	[0 3 8 12 15 25 29 31 34 44 54 58 67]
2026-03-12 16:09:26,780{GMT}	INFO	[jepsen worker 3] jepsen.util: 3	:invoke	:read	nil
2026-03-12 16:09:26,782{GMT}	INFO	[jepsen worker 3] jepsen.util: 3	:ok	:read	[4 9 13 16 20 22 26 32 35 39 42 45 48 51 59 63 68 69]
2026-03-12 16:09:26,811{GMT}	INFO	[jepsen worker 4] jepsen.util: 4	:invoke	:read	nil
2026-03-12 16:09:26,813{GMT}	INFO	[jepsen worker 4] jepsen.util: 4	:ok	:read	[1 5 17 27 33 40 43 49 52 60 64]
2026-03-12 16:09:26,934{GMT}	INFO	[jepsen worker 0] jepsen.util: 0	:invoke	:broadcast	73
2026-03-12 16:09:26,936{GMT}	INFO	[jepsen worker 0] jepsen.util: 0	:ok	:broadcast	73
2026-03-12 16:09:27,061{GMT}	INFO	[jepsen worker 0] jepsen.util: 0	:invoke	:broadcast	74
2026-03-12 16:09:27,062{GMT}	INFO	[jepsen worker 0] jepsen.util: 0	:ok	:broadcast	74
2026-03-12 16:09:27,212{GMT}	INFO	[jepsen worker 1] jepsen.util: 1	:invoke	:read	nil
2026-03-12 16:09:27,214{GMT}	INFO	[jepsen worker 1] jepsen.util: 1	:ok	:read	[7 14 21 24 38 50 57 62 66 72]
2026-03-12 16:09:27,332{GMT}	INFO	[jepsen worker 2] jepsen.util: 2	:invoke	:read	nil
2026-03-12 16:09:27,334{GMT}	INFO	[jepsen worker 2] jepsen.util: 2	:ok	:read	[0 3 8 12 15 25 29 31 34 44 54 58 67]
2026-03-12 16:09:27,343{GMT}	INFO	[jepsen worker 3] jepsen.util: 3	:invoke	:read	nil
2026-03-12 16:09:27,345{GMT}	INFO	[jepsen worker 3] jepsen.util: 3	:ok	:read	[4 9 13 16 20 22 26 32 35 39 42 45 48 51 59 63 68 69]
2026-03-12 16:09:27,501{GMT}	INFO	[jepsen worker 4] jepsen.util: 4	:invoke	:broadcast	75
2026-03-12 16:09:27,503{GMT}	INFO	[jepsen worker 4] jepsen.util: 4	:ok	:broadcast	75
2026-03-12 16:09:27,600{GMT}	INFO	[jepsen worker 0] jepsen.util: 0	:invoke	:broadcast	76
2026-03-12 16:09:27,602{GMT}	INFO	[jepsen worker 0] jepsen.util: 0	:ok	:broadcast	76
2026-03-12 16:09:27,670{GMT}	INFO	[jepsen worker 0] jepsen.util: 0	:invoke	:read	nil
2026-03-12 16:09:27,672{GMT}	INFO	[jepsen worker 0] jepsen.util: 0	:ok	:read	[2 6 10 11 18 19 23 28 30 36 37 41 46 47 53 55 56 61 65 70 71 73 74 76]
2026-03-12 16:09:27,818{GMT}	INFO	[jepsen worker 1] jepsen.util: 1	:invoke	:read	nil
2026-03-12 16:09:27,820{GMT}	INFO	[jepsen worker 1] jepsen.util: 1	:ok	:read	[7 14 21 24 38 50 57 62 66 72]
2026-03-12 16:09:27,850{GMT}	INFO	[jepsen worker 2] jepsen.util: 2	:invoke	:read	nil
2026-03-12 16:09:27,852{GMT}	INFO	[jepsen worker 2] jepsen.util: 2	:ok	:read	[0 3 8 12 15 25 29 31 34 44 54 58 67]
2026-03-12 16:09:28,020{GMT}	INFO	[jepsen worker 3] jepsen.util: 3	:invoke	:read	nil
2026-03-12 16:09:28,022{GMT}	INFO	[jepsen worker 3] jepsen.util: 3	:ok	:read	[4 9 13 16 20 22 26 32 35 39 42 45 48 51 59 63 68 69]
2026-03-12 16:09:28,144{GMT}	INFO	[jepsen worker 4] jepsen.util: 4	:invoke	:read	nil
2026-03-12 16:09:28,146{GMT}	INFO	[jepsen worker 4] jepsen.util: 4	:ok	:read	[1 5 17 27 33 40 43 49 52 60 64 75]
2026-03-12 16:09:28,302{GMT}	INFO	[jepsen worker 0] jepsen.util: 0	:invoke	:read	nil
2026-03-12 16:09:28,305{GMT}	INFO	[jepsen worker 0] jepsen.util: 0	:ok	:read	[2 6 10 11 18 19 23 28 30 36 37 41 46 47 53 55 56 61 65 70 71 73 74 76]
2026-03-12 16:09:28,389{GMT}	INFO	[jepsen worker 0] jepsen.util: 0	:invoke	:broadcast	77
2026-03-12 16:09:28,391{GMT}	INFO	[jepsen worker 0] jepsen.util: 0	:ok	:broadcast	77
2026-03-12 16:09:28,405{GMT}	INFO	[jepsen worker 1] jepsen.util: 1	:invoke	:read	nil
2026-03-12 16:09:28,407{GMT}	INFO	[jepsen worker 1] jepsen.util: 1	:ok	:read	[7 14 21 24 38 50 57 62 66 72]
2026-03-12 16:09:28,563{GMT}	INFO	[jepsen worker 2] jepsen.util: 2	:invoke	:read	nil
2026-03-12 16:09:28,565{GMT}	INFO	[jepsen worker 2] jepsen.util: 2	:ok	:read	[0 3 8 12 15 25 29 31 34 44 54 58 67]
2026-03-12 16:09:28,593{GMT}	INFO	[jepsen worker 3] jepsen.util: 3	:invoke	:read	nil
2026-03-12 16:09:28,596{GMT}	INFO	[jepsen worker 3] jepsen.util: 3	:ok	:read	[4 9 13 16 20 22 26 32 35 39 42 45 48 51 59 63 68 69]
2026-03-12 16:09:28,703{GMT}	INFO	[jepsen worker 4] jepsen.util: 4	:invoke	:broadcast	78
2026-03-12 16:09:28,704{GMT}	INFO	[jepsen worker 4] jepsen.util: 4	:ok	:broadcast	78
2026-03-12 16:09:28,894{GMT}	INFO	[jepsen worker 0] jepsen.util: 0	:invoke	:read	nil
2026-03-12 16:09:28,898{GMT}	INFO	[jepsen worker 0] jepsen.util: 0	:ok	:read	[2 6 10 11 18 19 23 28 30 36 37 41 46 47 53 55 56 61 65 70 71 73 74 76 77]
2026-03-12 16:09:29,067{GMT}	INFO	[jepsen worker 0] jepsen.util: 0	:invoke	:broadcast	79
2026-03-12 16:09:29,069{GMT}	INFO	[jepsen worker 0] jepsen.util: 0	:ok	:broadcast	79
2026-03-12 16:09:29,120{GMT}	INFO	[jepsen worker 1] jepsen.util: 1	:invoke	:broadcast	80
2026-03-12 16:09:29,122{GMT}	INFO	[jepsen worker 1] jepsen.util: 1	:ok	:broadcast	80
2026-03-12 16:09:29,271{GMT}	INFO	[jepsen worker 2] jepsen.util: 2	:invoke	:read	nil
2026-03-12 16:09:29,272{GMT}	INFO	[jepsen worker 2] jepsen.util: 2	:ok	:read	[0 3 8 12 15 25 29 31 34 44 54 58 67]
2026-03-12 16:09:29,297{GMT}	INFO	[jepsen worker 3] jepsen.util: 3	:invoke	:read	nil
2026-03-12 16:09:29,299{GMT}	INFO	[jepsen worker 3] jepsen.util: 3	:ok	:read	[4 9 13 16 20 22 26 32 35 39 42 45 48 51 59 63 68 69]
2026-03-12 16:09:29,324{GMT}	INFO	[jepsen worker 4] jepsen.util: 4	:invoke	:read	nil
2026-03-12 16:09:29,326{GMT}	INFO	[jepsen worker 4] jepsen.util: 4	:ok	:read	[1 5 17 27 33 40 43 49 52 60 64 75 78]
2026-03-12 16:09:29,349{GMT}	INFO	[jepsen worker 0] jepsen.util: 0	:invoke	:read	nil
2026-03-12 16:09:29,351{GMT}	INFO	[jepsen worker 0] jepsen.util: 0	:ok	:read	[2 6 10 11 18 19 23 28 30 36 37 41 46 47 53 55 56 61 65 70 71 73 74 76 77 79]
2026-03-12 16:09:29,519{GMT}	INFO	[jepsen worker 0] jepsen.util: 0	:invoke	:read	nil
2026-03-12 16:09:29,521{GMT}	INFO	[jepsen worker 0] jepsen.util: 0	:ok	:read	[2 6 10 11 18 19 23 28 30 36 37 41 46 47 53 55 56 61 65 70 71 73 74 76 77 79]
2026-03-12 16:09:29,664{GMT}	INFO	[jepsen worker 1] jepsen.util: 1	:invoke	:read	nil
2026-03-12 16:09:29,666{GMT}	INFO	[jepsen worker 1] jepsen.util: 1	:ok	:read	[7 14 21 24 38 50 57 62 66 72 80]
2026-03-12 16:09:29,680{GMT}	INFO	[jepsen worker 2] jepsen.util: 2	:invoke	:read	nil
2026-03-12 16:09:29,683{GMT}	INFO	[jepsen worker 2] jepsen.util: 2	:ok	:read	[0 3 8 12 15 25 29 31 34 44 54 58 67]
2026-03-12 16:09:29,770{GMT}	INFO	[jepsen worker 3] jepsen.util: 3	:invoke	:broadcast	81
2026-03-12 16:09:29,773{GMT}	INFO	[jepsen worker 3] jepsen.util: 3	:ok	:broadcast	81
2026-03-12 16:09:29,928{GMT}	INFO	[jepsen worker 4] jepsen.util: 4	:invoke	:broadcast	82
2026-03-12 16:09:29,931{GMT}	INFO	[jepsen worker 4] jepsen.util: 4	:ok	:broadcast	82
2026-03-12 16:09:29,966{GMT}	INFO	[jepsen worker 0] jepsen.util: 0	:invoke	:broadcast	83
2026-03-12 16:09:29,968{GMT}	INFO	[jepsen worker 0] jepsen.util: 0	:ok	:broadcast	83
2026-03-12 16:09:30,077{GMT}	INFO	[jepsen worker 0] jepsen.util: 0	:invoke	:broadcast	84
2026-03-12 16:09:30,079{GMT}	INFO	[jepsen worker 0] jepsen.util: 0	:ok	:broadcast	84
2026-03-12 16:09:30,118{GMT}	INFO	[jepsen worker 1] jepsen.util: 1	:invoke	:read	nil
2026-03-12 16:09:30,121{GMT}	INFO	[jepsen worker 1] jepsen.util: 1	:ok	:read	[7 14 21 24 38 50 57 62 66 72 80]
2026-03-12 16:09:30,204{GMT}	INFO	[jepsen worker 2] jepsen.util: 2	:invoke	:read	nil
2026-03-12 16:09:30,207{GMT}	INFO	[jepsen worker 2] jepsen.util: 2	:ok	:read	[0 3 8 12 15 25 29 31 34 44 54 58 67]
2026-03-12 16:09:30,289{GMT}	INFO	[jepsen worker 3] jepsen.util: 3	:invoke	:read	nil
2026-03-12 16:09:30,292{GMT}	INFO	[jepsen worker 3] jepsen.util: 3	:ok	:read	[4 9 13 16 20 22 26 32 35 39 42 45 48 51 59 63 68 69 81]
2026-03-12 16:09:30,327{GMT}	INFO	[jepsen worker 4] jepsen.util: 4	:invoke	:read	nil
2026-03-12 16:09:30,330{GMT}	INFO	[jepsen worker 4] jepsen.util: 4	:ok	:read	[1 5 17 27 33 40 43 49 52 60 64 75 78 82]
2026-03-12 16:09:30,390{GMT}	INFO	[jepsen worker 0] jepsen.util: 0	:invoke	:read	nil
2026-03-12 16:09:30,393{GMT}	INFO	[jepsen worker 0] jepsen.util: 0	:ok	:read	[2 6 10 11 18 19 23 28 30 36 37 41 46 47 53 55 56 61 65 70 71 73 74 76 77 79 83 84]
2026-03-12 16:09:30,511{GMT}	INFO	[jepsen worker 0] jepsen.util: 0	:invoke	:broadcast	85
2026-03-12 16:09:30,513{GMT}	INFO	[jepsen worker 0] jepsen.util: 0	:ok	:broadcast	85
2026-03-12 16:09:30,534{GMT}	INFO	[jepsen worker 1] jepsen.util: 1	:invoke	:broadcast	86
2026-03-12 16:09:30,536{GMT}	INFO	[jepsen worker 1] jepsen.util: 1	:ok	:broadcast	86
2026-03-12 16:09:30,551{GMT}	INFO	[jepsen worker 2] jepsen.util: 2	:invoke	:broadcast	87
2026-03-12 16:09:30,554{GMT}	INFO	[jepsen worker 2] jepsen.util: 2	:ok	:broadcast	87
2026-03-12 16:09:30,679{GMT}	INFO	[jepsen worker 3] jepsen.util: 3	:invoke	:read	nil
2026-03-12 16:09:30,681{GMT}	INFO	[jepsen worker 3] jepsen.util: 3	:ok	:read	[4 9 13 16 20 22 26 32 35 39 42 45 48 51 59 63 68 69 81]
2026-03-12 16:09:30,757{GMT}	INFO	[jepsen worker 4] jepsen.util: 4	:invoke	:broadcast	88
2026-03-12 16:09:30,760{GMT}	INFO	[jepsen worker 4] jepsen.util: 4	:ok	:broadcast	88
2026-03-12 16:09:30,830{GMT}	INFO	[jepsen worker 0] jepsen.util: 0	:invoke	:read	nil
2026-03-12 16:09:30,833{GMT}	INFO	[jepsen worker 0] jepsen.util: 0	:ok	:read	[2 6 10 11 18 19 23 28 30 36 37 41 46 47 53 55 56 61 65 70 71 73 74 76 77 79 83 84 85]
2026-03-12 16:09:30,972{GMT}	INFO	[jepsen worker 0] jepsen.util: 0	:invoke	:read	nil
2026-03-12 16:09:30,975{GMT}	INFO	[jepsen worker 0] jepsen.util: 0	:ok	:read	[2 6 10 11 18 19 23 28 30 36 37 41 46 47 53 55 56 61 65 70 71 73 74 76 77 79 83 84 85]
2026-03-12 16:09:31,015{GMT}	INFO	[jepsen worker 1] jepsen.util: 1	:invoke	:read	nil
2026-03-12 16:09:31,018{GMT}	INFO	[jepsen worker 1] jepsen.util: 1	:ok	:read	[7 14 21 24 38 50 57 62 66 72 80 86]
2026-03-12 16:09:31,154{GMT}	INFO	[jepsen worker 2] jepsen.util: 2	:invoke	:read	nil
2026-03-12 16:09:31,157{GMT}	INFO	[jepsen worker 2] jepsen.util: 2	:ok	:read	[0 3 8 12 15 25 29 31 34 44 54 58 67 87]
2026-03-12 16:09:31,259{GMT}	INFO	[jepsen worker 3] jepsen.util: 3	:invoke	:read	nil
2026-03-12 16:09:31,263{GMT}	INFO	[jepsen worker 3] jepsen.util: 3	:ok	:read	[4 9 13 16 20 22 26 32 35 39 42 45 48 51 59 63 68 69 81]
2026-03-12 16:09:31,271{GMT}	INFO	[jepsen worker 4] jepsen.util: 4	:invoke	:read	nil
2026-03-12 16:09:31,274{GMT}	INFO	[jepsen worker 4] jepsen.util: 4	:ok	:read	[1 5 17 27 33 40 43 49 52 60 64 75 78 82 88]
2026-03-12 16:09:31,420{GMT}	INFO	[jepsen worker 0] jepsen.util: 0	:invoke	:broadcast	89
2026-03-12 16:09:31,422{GMT}	INFO	[jepsen worker 0] jepsen.util: 0	:ok	:broadcast	89
2026-03-12 16:09:31,619{GMT}	INFO	[jepsen worker 0] jepsen.util: 0	:invoke	:read	nil
2026-03-12 16:09:31,622{GMT}	INFO	[jepsen worker 0] jepsen.util: 0	:ok	:read	[2 6 10 11 18 19 23 28 30 36 37 41 46 47 53 55 56 61 65 70 71 73 74 76 77 79 83 84 85 89]
2026-03-12 16:09:31,682{GMT}	INFO	[jepsen worker 1] jepsen.util: 1	:invoke	:read	nil
2026-03-12 16:09:31,685{GMT}	INFO	[jepsen worker 1] jepsen.util: 1	:ok	:read	[7 14 21 24 38 50 57 62 66 72 80 86]
2026-03-12 16:09:31,707{GMT}	INFO	[jepsen worker 2] jepsen.util: 2	:invoke	:broadcast	90
2026-03-12 16:09:31,710{GMT}	INFO	[jepsen worker 2] jepsen.util: 2	:ok	:broadcast	90
2026-03-12 16:09:31,768{GMT}	INFO	[jepsen worker 3] jepsen.util: 3	:invoke	:read	nil
2026-03-12 16:09:31,770{GMT}	INFO	[jepsen worker 3] jepsen.util: 3	:ok	:read	[4 9 13 16 20 22 26 32 35 39 42 45 48 51 59 63 68 69 81]
2026-03-12 16:09:31,852{GMT}	INFO	[jepsen worker 4] jepsen.util: 4	:invoke	:read	nil
2026-03-12 16:09:31,854{GMT}	INFO	[jepsen worker 4] jepsen.util: 4	:ok	:read	[1 5 17 27 33 40 43 49 52 60 64 75 78 82 88]
2026-03-12 16:09:31,887{GMT}	INFO	[jepsen worker 0] jepsen.util: 0	:invoke	:broadcast	91
2026-03-12 16:09:31,889{GMT}	INFO	[jepsen worker 0] jepsen.util: 0	:ok	:broadcast	91
2026-03-12 16:09:31,989{GMT}	INFO	[jepsen worker 0] jepsen.util: 0	:invoke	:broadcast	92
2026-03-12 16:09:31,992{GMT}	INFO	[jepsen worker 0] jepsen.util: 0	:ok	:broadcast	92
2026-03-12 16:09:32,058{GMT}	INFO	[jepsen worker 1] jepsen.util: 1	:invoke	:read	nil
2026-03-12 16:09:32,061{GMT}	INFO	[jepsen worker 1] jepsen.util: 1	:ok	:read	[7 14 21 24 38 50 57 62 66 72 80 86]
2026-03-12 16:09:32,065{GMT}	INFO	[jepsen worker 2] jepsen.util: 2	:invoke	:broadcast	93
2026-03-12 16:09:32,067{GMT}	INFO	[jepsen worker 2] jepsen.util: 2	:ok	:broadcast	93
2026-03-12 16:09:32,241{GMT}	INFO	[jepsen worker 3] jepsen.util: 3	:invoke	:broadcast	94
2026-03-12 16:09:32,243{GMT}	INFO	[jepsen worker 3] jepsen.util: 3	:ok	:broadcast	94
2026-03-12 16:09:32,314{GMT}	INFO	[jepsen worker 4] jepsen.util: 4	:invoke	:read	nil
2026-03-12 16:09:32,316{GMT}	INFO	[jepsen worker 4] jepsen.util: 4	:ok	:read	[1 5 17 27 33 40 43 49 52 60 64 75 78 82 88]
2026-03-12 16:09:32,499{GMT}	INFO	[jepsen worker 0] jepsen.util: 0	:invoke	:broadcast	95
2026-03-12 16:09:32,501{GMT}	INFO	[jepsen worker 0] jepsen.util: 0	:ok	:broadcast	95
2026-03-12 16:09:32,574{GMT}	INFO	[jepsen worker 0] jepsen.util: 0	:invoke	:read	nil
2026-03-12 16:09:32,577{GMT}	INFO	[jepsen worker 0] jepsen.util: 0	:ok	:read	[2 6 10 11 18 19 23 28 30 36 37 41 46 47 53 55 56 61 65 70 71 73 74 76 77 79 83 84 85 89 91 92 95]
2026-03-12 16:09:32,650{GMT}	INFO	[jepsen worker 1] jepsen.util: 1	:invoke	:broadcast	96
2026-03-12 16:09:32,652{GMT}	INFO	[jepsen worker 1] jepsen.util: 1	:ok	:broadcast	96
2026-03-12 16:09:32,653{GMT}	INFO	[jepsen worker 2] jepsen.generator.interpreter: Waiting for recovery...
2026-03-12 16:09:42,672{GMT}	INFO	[jepsen worker 2] jepsen.util: 2	:invoke	:read	nil
2026-03-12 16:09:42,672{GMT}	INFO	[jepsen worker 3] jepsen.util: 3	:invoke	:read	nil
2026-03-12 16:09:42,673{GMT}	INFO	[jepsen worker 0] jepsen.util: 0	:invoke	:read	nil
2026-03-12 16:09:42,674{GMT}	INFO	[jepsen worker 1] jepsen.util: 1	:invoke	:read	nil
2026-03-12 16:09:42,674{GMT}	INFO	[jepsen worker 4] jepsen.util: 4	:invoke	:read	nil
2026-03-12 16:09:42,676{GMT}	INFO	[jepsen worker 3] jepsen.util: 3	:ok	:read	[4 9 13 16 20 22 26 32 35 39 42 45 48 51 59 63 68 69 81 94]
2026-03-12 16:09:42,677{GMT}	INFO	[jepsen worker 2] jepsen.util: 2	:ok	:read	[0 3 8 12 15 25 29 31 34 44 54 58 67 87 90 93]
2026-03-12 16:09:42,677{GMT}	INFO	[jepsen worker 4] jepsen.util: 4	:ok	:read	[1 5 17 27 33 40 43 49 52 60 64 75 78 82 88]
2026-03-12 16:09:42,678{GMT}	INFO	[jepsen worker 0] jepsen.util: 0	:ok	:read	[2 6 10 11 18 19 23 28 30 36 37 41 46 47 53 55 56 61 65 70 71 73 74 76 77 79 83 84 85 89 91 92 95]
2026-03-12 16:09:42,679{GMT}	INFO	[jepsen worker 1] jepsen.util: 1	:ok	:read	[7 14 21 24 38 50 57 62 66 72 80 86 96]
2026-03-12 16:09:42,705{GMT}	INFO	[jepsen test runner] jepsen.core: Run complete, writing
2026-03-12 16:09:42,797{GMT}	INFO	[jepsen node n2] maelstrom.db: Tearing down n2
2026-03-12 16:09:42,797{GMT}	INFO	[jepsen node n0] maelstrom.db: Tearing down n0
2026-03-12 16:09:42,797{GMT}	INFO	[jepsen node n3] maelstrom.db: Tearing down n3
2026-03-12 16:09:42,797{GMT}	INFO	[jepsen node n1] maelstrom.db: Tearing down n1
2026-03-12 16:09:42,797{GMT}	INFO	[jepsen node n4] maelstrom.db: Tearing down n4
2026-03-12 16:09:44,492{GMT}	INFO	[jepsen node n0] maelstrom.net: Shutting down Maelstrom network
2026-03-12 16:09:44,493{GMT}	INFO	[jepsen test runner] jepsen.core: Analyzing...
2026-03-12 16:09:44,968{GMT}	INFO	[jepsen test runner] jepsen.core: Analysis complete
2026-03-12 16:09:44,997{GMT}	INFO	[jepsen results] jepsen.store: Wrote /home/banna/Documents/maelstrom-java/store/broadcast/20260312T160910.841Z/results.edn
2026-03-12 16:09:45,066{GMT}	INFO	[jepsen test runner] jepsen.core: {:perf {:latency-graph {:valid? true},
        :rate-graph {:valid? true},
        :valid? true},
 :timeline {:valid? true},
 :exceptions {:valid? true},
 :stats {:valid? true,
         :count 205,
         :ok-count 205,
         :fail-count 0,
         :info-count 0,
         :by-f {:broadcast {:valid? true,
                            :count 97,
                            :ok-count 97,
                            :fail-count 0,
                            :info-count 0},
                :read {:valid? true,
                       :count 108,
                       :ok-count 108,
                       :fail-count 0,
                       :info-count 0}}},
 :availability {:valid? true, :ok-fraction 1.0},
 :net {:all {:send-count 430,
             :recv-count 430,
             :msg-count 430,
             :msgs-per-op 2.097561},
       :clients {:send-count 430, :recv-count 430, :msg-count 430},
       :servers {:send-count 0,
                 :recv-count 0,
                 :msg-count 0,
                 :msgs-per-op 0.0},
       :valid? true},
 :workload {:worst-stale ({:element 7,
                           :outcome :stable,
                           :stable-latency 28433,
                           :lost-latency nil,
                           :known #jepsen.history.Op{:index 27,
                                                     :time 1532238309,
                                                     :type :ok,
                                                     :process 1,
                                                     :f :add,
                                                     :value 7},
                           :last-absent #jepsen.history.Op{:index 403,
                                                           :time 29965461679,
                                                           :type :invoke,
                                                           :process 4,
                                                           :f :read,
                                                           :value nil,
                                                           :final? true}}
                          {:element 14,
                           :outcome :stable,
                           :stable-latency 27341,
                           :lost-latency nil,
                           :known #jepsen.history.Op{:index 51,
                                                     :time 2623761088,
                                                     :type :ok,
                                                     :process 1,
                                                     :f :add,
                                                     :value 14},
                           :last-absent #jepsen.history.Op{:index 403,
                                                           :time 29965461679,
                                                           :type :invoke,
                                                           :process 4,
                                                           :f :read,
                                                           :value nil,
                                                           :final? true}}
                          {:element 21,
                           :outcome :stable,
                           :stable-latency 25885,
                           :lost-latency nil,
                           :known #jepsen.history.Op{:index 75,
                                                     :time 4080041279,
                                                     :type :ok,
                                                     :process 1,
                                                     :f :add,
                                                     :value 21},
                           :last-absent #jepsen.history.Op{:index 403,
                                                           :time 29965461679,
                                                           :type :invoke,
                                                           :process 4,
                                                           :f :read,
                                                           :value nil,
                                                           :final? true}}
                          {:element 24,
                           :outcome :stable,
                           :stable-latency 25326,
                           :lost-latency nil,
                           :known #jepsen.history.Op{:index 87,
                                                     :time 4639347991,
                                                     :type :ok,
                                                     :process 1,
                                                     :f :add,
                                                     :value 24},
                           :last-absent #jepsen.history.Op{:index 403,
                                                           :time 29965461679,
                                                           :type :invoke,
                                                           :process 4,
                                                           :f :read,
                                                           :value nil,
                                                           :final? true}}
                          {:element 38,
                           :outcome :stable,
                           :stable-latency 21942,
                           :lost-latency nil,
                           :known #jepsen.history.Op{:index 147,
                                                     :time 8022858909,
                                                     :type :ok,
                                                     :process 1,
                                                     :f :add,
                                                     :value 38},
                           :last-absent #jepsen.history.Op{:index 403,
                                                           :time 29965461679,
                                                           :type :invoke,
                                                           :process 4,
                                                           :f :read,
                                                           :value nil,
                                                           :final? true}}
                          {:element 50,
                           :outcome :stable,
                           :stable-latency 20018,
                           :lost-latency nil,
                           :known #jepsen.history.Op{:index 195,
                                                     :time 9947445896,
                                                     :type :ok,
                                                     :process 1,
                                                     :f :add,
                                                     :value 50},
                           :last-absent #jepsen.history.Op{:index 403,
                                                           :time 29965461679,
                                                           :type :invoke,
                                                           :process 4,
                                                           :f :read,
                                                           :value nil,
                                                           :final? true}}
                          {:element 57,
                           :outcome :stable,
                           :stable-latency 18760,
                           :lost-latency nil,
                           :known #jepsen.history.Op{:index 219,
                                                     :time 11205137099,
                                                     :type :ok,
                                                     :process 1,
                                                     :f :add,
                                                     :value 57},
                           :last-absent #jepsen.history.Op{:index 403,
                                                           :time 29965461679,
                                                           :type :invoke,
                                                           :process 4,
                                                           :f :read,
                                                           :value nil,
                                                           :final? true}}
                          {:element 62,
                           :outcome :stable,
                           :stable-latency 18142,
                           :lost-latency nil,
                           :known #jepsen.history.Op{:index 231,
                                                     :time 11823230164,
                                                     :type :ok,
                                                     :process 1,
                                                     :f :add,
                                                     :value 62},
                           :last-absent #jepsen.history.Op{:index 403,
                                                           :time 29965461679,
                                                           :type :invoke,
                                                           :process 4,
                                                           :f :read,
                                                           :value nil,
                                                           :final? true}}),
            :duplicated-count 0,
            :valid? false,
            :lost-count 84,
            :lost (0
                   1
                   2
                   3
                   4
                   5
                   6
                   8
                   9
                   10
                   11
                   12
                   13
                   15
                   16
                   17
                   18
                   19
                   20
                   22
                   23
                   25
                   26
                   27
                   28
                   29
                   30
                   31
                   32
                   33
                   34
                   35
                   36
                   37
                   39
                   40
                   41
                   42
                   43
                   44
                   45
                   46
                   47
                   48
                   49
                   51
                   52
                   53
                   54
                   55
                   56
                   58
                   59
                   60
                   61
                   63
                   64
                   65
                   67
                   68
                   69
                   70
                   71
                   73
                   74
                   75
                   76
                   77
                   78
                   79
                   81
                   82
                   83
                   84
                   85
                   87
                   88
                   89
                   90
                   91
                   92
                   93
                   94
                   95),
            :stable-count 13,
            :stale-count 13,
            :stale (7 14 21 24 38 50 57 62 66 72 80 86 96),
            :never-read-count 0,
            :stable-latencies {0 10020,
                               0.5 18760,
                               0.95 28433,
                               0.99 28433,
                               1 28433},
            :attempt-count 97,
            :lost-latencies {0 10171,
                             0.5 20690,
                             0.95 28940,
                             0.99 29720,
                             1 29720},
            :never-read (),
            :duplicated {}},
 :valid? false}


Analysis invalid! (ﾉಥ益ಥ）ﾉ ┻━┻
