2026-03-12 16:54:41,414{GMT}	INFO	[jepsen test runner] jepsen.core: Command line:
lein run test -w broadcast --bin run.sh broadcast --node-count 5 --time-limit 20 --rate 10
2026-03-12 16:54:41,516{GMT}	INFO	[jepsen test runner] jepsen.core: Running test:
{:args ["broadcast"]
 :remote
 #jepsen.control.retry.Remote{:remote #jepsen.control.scp.Remote{:cmd-remote #jepsen.control.sshj.SSHJRemote{:concurrency-limit 6,
                                                                                                             :conn-spec nil,
                                                                                                             :client nil,
                                                                                                             :semaphore nil},
                                                                 :conn-spec nil},
                              :conn nil}
 :log-net-send false
 :node-count 5
 :availability nil
 :max-txn-length 4
 :concurrency 5
 :db
 #object[maelstrom.db$db$reify__16142
         "0x70b2819f"
         "maelstrom.db$db$reify__16142@70b2819f"]
 :max-writes-per-key 16
 :leave-db-running? false
 :name "broadcast"
 :logging-json? false
 :start-time
 #object[org.joda.time.DateTime "0x65dac812" "2026-03-12T16:54:41.387Z"]
 :nemesis-interval 10
 :net
 #object[maelstrom.net$jepsen_net$reify__15251
         "0x3619ecd"
         "maelstrom.net$jepsen_net$reify__15251@3619ecd"]
 :client
 #object[maelstrom.workload.broadcast$client$reify__16644
         "0x7de4bd8f"
         "maelstrom.workload.broadcast$client$reify__16644@7de4bd8f"]
 :barrier
 #object[java.util.concurrent.CyclicBarrier
         "0x193e65d5"
         "java.util.concurrent.CyclicBarrier@193e65d5"]
 :log-stderr false
 :pure-generators true
 :ssh {:dummy? true}
 :rate 10.0
 :checker
 #object[jepsen.checker$compose$reify__11881
         "0x2a97b4b8"
         "jepsen.checker$compose$reify__11881@2a97b4b8"]
 :argv
 ("test"
  "-w"
  "broadcast"
  "--bin"
  "run.sh"
  "broadcast"
  "--node-count"
  "5"
  "--time-limit"
  "20"
  "--rate"
  "10")
 :nemesis
 (jepsen.nemesis.ReflCompose
  {:fm {:start-partition 0,
        :stop-partition 0,
        :kill 1,
        :start 1,
        :pause 1,
        :resume 1},
   :nemeses [#unprintable "jepsen.nemesis.combined$partition_nemesis$reify__16416@250fc0d1"
             #unprintable "jepsen.nemesis.combined$db_nemesis$reify__16397@7ddf193a"]})
 :nodes ["n0" "n1" "n2" "n3" "n4"]
 :test-count 1
 :latency {:mean 0, :dist :constant}
 :bin "run.sh"
 :generator
 ((jepsen.generator.Synchronize
   {:gen (jepsen.generator.TimeLimit
          {:limit 20000000000,
           :cutoff nil,
           :gen (jepsen.generator.Any
                 {:gens [(jepsen.generator.OnThreads
                          {:f #{:nemesis},
                           :context-filter #object[jepsen.generator.context$make_thread_filter$lazy_filter__9167
                                                   "0x28ba90c1"
                                                   "jepsen.generator.context$make_thread_filter$lazy_filter__9167@28ba90c1"],
                           :gen nil})
                         (jepsen.generator.OnThreads
                          {:f #jepsen.generator.context.AllBut{:element :nemesis},
                           :context-filter #object[jepsen.generator.context$make_thread_filter$lazy_filter__9167
                                                   "0x71cf6e8c"
                                                   "jepsen.generator.context$make_thread_filter$lazy_filter__9167@71cf6e8c"],
                           :gen (jepsen.generator.Stagger
                                 {:dt 200000000,
                                  :next-time nil,
                                  :gen (jepsen.generator.Mix
                                        {:i 1,
                                         :gens [({:f :broadcast, :value 0}
                                                 {:f :broadcast, :value 1}
                                                 {:f :broadcast, :value 2}
                                                 {:f :broadcast, :value 3}
                                                 {:f :broadcast, :value 4}
                                                 {:f :broadcast, :value 5}
                                                 {:f :broadcast, :value 6}
                                                 {:f :broadcast, :value 7}
                                                 ...)
                                                ({:f :read}
                                                 {:f :read}
                                                 {:f :read}
                                                 {:f :read}
                                                 {:f :read}
                                                 {:f :read}
                                                 {:f :read}
                                                 {:f :read}
                                                 ...)]})})})]})})})
  (jepsen.generator.Synchronize
   {:gen (jepsen.generator.OnThreads
          {:f #{:nemesis},
           :context-filter #object[jepsen.generator.context$make_thread_filter$lazy_filter__9167
                                   "0x635b3ec7"
                                   "jepsen.generator.context$make_thread_filter$lazy_filter__9167@635b3ec7"],
           :gen ()})})
  (jepsen.generator.Synchronize
   {:gen {:type :log, :value "Waiting for recovery..."}})
  (jepsen.generator.Synchronize {:gen {:type :sleep, :value 10}})
  (jepsen.generator.Synchronize
   {:gen (jepsen.generator.OnThreads
          {:f #jepsen.generator.context.AllBut{:element :nemesis},
           :context-filter #object[jepsen.generator.context$make_thread_filter$lazy_filter__9167
                                   "0x1f9b86f5"
                                   "jepsen.generator.context$make_thread_filter$lazy_filter__9167@1f9b86f5"],
           :gen (jepsen.generator.EachThread
                 {:fresh-gen {:f :read, :final? true},
                  :context-filters #object[clojure.core$promise$reify__8591
                                           "0x15aa3084"
                                           {:status :pending, :val nil}],
                  :gens {}})})}))
 :log-net-recv false
 :os
 #object[maelstrom.net$jepsen_os$reify__15254
         "0x4e6c4c55"
         "maelstrom.net$jepsen_os$reify__15254@4e6c4c55"]
 :time-limit 20
 :workload :broadcast
 :consistency-models [:strict-serializable]
 :topology :grid}

2026-03-12 16:54:43,081{GMT}	INFO	[jepsen node n0] maelstrom.net: Starting Maelstrom network
2026-03-12 16:54:43,082{GMT}	INFO	[jepsen test runner] jepsen.db: Tearing down DB
2026-03-12 16:54:43,084{GMT}	INFO	[jepsen test runner] jepsen.db: Setting up DB
2026-03-12 16:54:43,085{GMT}	INFO	[jepsen node n2] maelstrom.db: Setting up n2
2026-03-12 16:54:43,085{GMT}	INFO	[jepsen node n1] maelstrom.db: Setting up n1
2026-03-12 16:54:43,085{GMT}	INFO	[jepsen node n4] maelstrom.db: Setting up n4
2026-03-12 16:54:43,085{GMT}	INFO	[jepsen node n3] maelstrom.db: Setting up n3
2026-03-12 16:54:43,086{GMT}	INFO	[jepsen node n1] maelstrom.process: launching run.sh ["broadcast"]
2026-03-12 16:54:43,086{GMT}	INFO	[jepsen node n2] maelstrom.process: launching run.sh ["broadcast"]
2026-03-12 16:54:43,086{GMT}	INFO	[jepsen node n3] maelstrom.process: launching run.sh ["broadcast"]
2026-03-12 16:54:43,086{GMT}	INFO	[jepsen node n4] maelstrom.process: launching run.sh ["broadcast"]
2026-03-12 16:54:43,088{GMT}	INFO	[jepsen node n0] maelstrom.service: Starting services: (lin-kv lin-tso lww-kv seq-kv)
2026-03-12 16:54:43,091{GMT}	INFO	[jepsen node n0] maelstrom.db: Setting up n0
2026-03-12 16:54:43,092{GMT}	INFO	[jepsen node n0] maelstrom.process: launching run.sh ["broadcast"]
2026-03-12 16:54:43,308{GMT}	INFO	[jepsen test runner] jepsen.core: Relative time begins now
2026-03-12 16:54:43,336{GMT}	INFO	[jepsen worker 0] jepsen.util: 0	:invoke	:read	nil
2026-03-12 16:54:43,340{GMT}	INFO	[jepsen worker 0] jepsen.util: 0	:ok	:read	[]
2026-03-12 16:54:43,480{GMT}	INFO	[jepsen worker 1] jepsen.util: 1	:invoke	:read	nil
2026-03-12 16:54:43,486{GMT}	INFO	[jepsen worker 1] jepsen.util: 1	:ok	:read	[]
2026-03-12 16:54:43,617{GMT}	INFO	[jepsen worker 2] jepsen.util: 2	:invoke	:broadcast	0
2026-03-12 16:54:43,622{GMT}	INFO	[jepsen worker 2] jepsen.util: 2	:ok	:broadcast	0
2026-03-12 16:54:43,641{GMT}	INFO	[jepsen worker 3] jepsen.util: 3	:invoke	:broadcast	1
2026-03-12 16:54:43,660{GMT}	INFO	[jepsen worker 3] jepsen.util: 3	:ok	:broadcast	1
2026-03-12 16:54:43,771{GMT}	INFO	[jepsen worker 4] jepsen.util: 4	:invoke	:broadcast	2
2026-03-12 16:54:43,811{GMT}	INFO	[jepsen worker 4] jepsen.util: 4	:ok	:broadcast	2
2026-03-12 16:54:43,927{GMT}	INFO	[jepsen worker 0] jepsen.util: 0	:invoke	:read	nil
2026-03-12 16:54:44,026{GMT}	INFO	[jepsen worker 1] jepsen.util: 1	:invoke	:broadcast	3
2026-03-12 16:54:44,088{GMT}	INFO	[jepsen worker 0] jepsen.util: 0	:ok	:read	[0]
2026-03-12 16:54:44,151{GMT}	INFO	[jepsen worker 2] jepsen.util: 2	:invoke	:read	nil
2026-03-12 16:54:44,170{GMT}	INFO	[jepsen worker 2] jepsen.util: 2	:ok	:read	[0]
2026-03-12 16:54:44,196{GMT}	INFO	[jepsen worker 2] jepsen.util: 2	:invoke	:broadcast	4
2026-03-12 16:54:44,218{GMT}	INFO	[jepsen worker 2] jepsen.util: 2	:ok	:broadcast	4
2026-03-12 16:54:44,295{GMT}	INFO	[jepsen worker 3] jepsen.util: 3	:invoke	:broadcast	5
2026-03-12 16:54:44,431{GMT}	INFO	[jepsen worker 4] jepsen.util: 4	:invoke	:read	nil
2026-03-12 16:54:44,463{GMT}	INFO	[jepsen worker 4] jepsen.util: 4	:ok	:read	[0 2]
2026-03-12 16:54:44,519{GMT}	INFO	[jepsen worker 1] jepsen.util: 1	:ok	:broadcast	3
2026-03-12 16:54:44,567{GMT}	INFO	[jepsen worker 3] jepsen.util: 3	:ok	:broadcast	5
2026-03-12 16:54:44,627{GMT}	INFO	[jepsen worker 0] jepsen.util: 0	:invoke	:read	nil
2026-03-12 16:54:44,732{GMT}	INFO	[jepsen worker 1] jepsen.util: 1	:invoke	:read	nil
2026-03-12 16:54:44,909{GMT}	INFO	[jepsen worker 2] jepsen.util: 2	:invoke	:read	nil
2026-03-12 16:54:44,922{GMT}	INFO	[jepsen worker 2] jepsen.util: 2	:ok	:read	[0 4]
2026-03-12 16:54:44,938{GMT}	INFO	[jepsen worker 2] jepsen.util: 2	:invoke	:read	nil
2026-03-12 16:54:44,958{GMT}	INFO	[jepsen worker 2] jepsen.util: 2	:ok	:read	[0 4]
2026-03-12 16:54:44,988{GMT}	INFO	[jepsen worker 3] jepsen.util: 3	:invoke	:broadcast	6
2026-03-12 16:54:45,051{GMT}	INFO	[jepsen worker 4] jepsen.util: 4	:invoke	:read	nil
2026-03-12 16:54:45,090{GMT}	INFO	[jepsen worker 2] jepsen.util: 2	:invoke	:broadcast	7
2026-03-12 16:54:45,112{GMT}	INFO	[jepsen worker 2] jepsen.util: 2	:ok	:broadcast	7
2026-03-12 16:54:45,253{GMT}	INFO	[jepsen worker 2] jepsen.util: 2	:invoke	:read	nil
2026-03-12 16:54:45,261{GMT}	INFO	[jepsen worker 2] jepsen.util: 2	:ok	:read	[0 4 7]
2026-03-12 16:54:45,313{GMT}	INFO	[jepsen worker 0] jepsen.util: 0	:ok	:read	[0]
2026-03-12 16:54:45,320{GMT}	INFO	[jepsen worker 4] jepsen.util: 4	:ok	:read	[0 2]
2026-03-12 16:54:45,330{GMT}	INFO	[jepsen worker 2] jepsen.util: 2	:invoke	:read	nil
2026-03-12 16:54:45,342{GMT}	INFO	[jepsen worker 2] jepsen.util: 2	:ok	:read	[0 4 7]
2026-03-12 16:54:45,429{GMT}	INFO	[jepsen worker 2] jepsen.util: 2	:invoke	:broadcast	8
2026-03-12 16:54:45,493{GMT}	INFO	[jepsen worker 2] jepsen.util: 2	:ok	:broadcast	8
2026-03-12 16:54:45,548{GMT}	INFO	[jepsen worker 4] jepsen.util: 4	:invoke	:read	nil
2026-03-12 16:54:45,711{GMT}	INFO	[jepsen worker 0] jepsen.util: 0	:invoke	:broadcast	9
2026-03-12 16:54:45,723{GMT}	INFO	[jepsen worker 2] jepsen.util: 2	:invoke	:broadcast	10
2026-03-12 16:54:45,732{GMT}	INFO	[jepsen worker 2] jepsen.util: 2	:ok	:broadcast	10
2026-03-12 16:54:45,899{GMT}	INFO	[jepsen worker 2] jepsen.util: 2	:invoke	:broadcast	11
2026-03-12 16:54:45,907{GMT}	INFO	[jepsen worker 2] jepsen.util: 2	:ok	:broadcast	11
2026-03-12 16:54:45,945{GMT}	INFO	[jepsen worker 2] jepsen.util: 2	:invoke	:read	nil
2026-03-12 16:54:45,957{GMT}	INFO	[jepsen worker 2] jepsen.util: 2	:ok	:read	[0 4 7 8 10 11]
2026-03-12 16:54:45,990{GMT}	INFO	[jepsen worker 2] jepsen.util: 2	:invoke	:broadcast	12
2026-03-12 16:54:45,996{GMT}	INFO	[jepsen worker 3] jepsen.util: 3	:ok	:broadcast	6
2026-03-12 16:54:46,001{GMT}	INFO	[jepsen worker 2] jepsen.util: 2	:ok	:broadcast	12
2026-03-12 16:54:46,079{GMT}	INFO	[jepsen worker 3] jepsen.util: 3	:invoke	:read	nil
2026-03-12 16:54:46,097{GMT}	INFO	[jepsen worker 2] jepsen.util: 2	:invoke	:read	nil
2026-03-12 16:54:46,105{GMT}	INFO	[jepsen worker 2] jepsen.util: 2	:ok	:read	[0 4 7 8 10 11 12]
2026-03-12 16:54:46,176{GMT}	INFO	[jepsen worker 2] jepsen.util: 2	:invoke	:read	nil
2026-03-12 16:54:46,179{GMT}	INFO	[jepsen worker 2] jepsen.util: 2	:ok	:read	[0 4 7 8 10 11 12]
2026-03-12 16:54:46,290{GMT}	INFO	[jepsen worker 2] jepsen.util: 2	:invoke	:broadcast	13
2026-03-12 16:54:46,299{GMT}	INFO	[jepsen worker 2] jepsen.util: 2	:ok	:broadcast	13
2026-03-12 16:54:46,310{GMT}	INFO	[jepsen worker 4] jepsen.util: 4	:ok	:read	[0 2]
2026-03-12 16:54:46,356{GMT}	INFO	[jepsen worker 2] jepsen.util: 2	:invoke	:broadcast	14
2026-03-12 16:54:46,382{GMT}	INFO	[jepsen worker 2] jepsen.util: 2	:ok	:broadcast	14
2026-03-12 16:54:46,440{GMT}	INFO	[jepsen worker 2] jepsen.util: 2	:invoke	:read	nil
2026-03-12 16:54:46,445{GMT}	INFO	[jepsen worker 0] jepsen.util: 0	:ok	:broadcast	9
2026-03-12 16:54:46,453{GMT}	INFO	[jepsen worker 2] jepsen.util: 2	:ok	:read	[0 4 7 8 10 11 12 13 14]
2026-03-12 16:54:46,595{GMT}	INFO	[jepsen worker 4] jepsen.util: 4	:invoke	:read	nil
2026-03-12 16:54:46,757{GMT}	INFO	[jepsen worker 0] jepsen.util: 0	:invoke	:read	nil
2026-03-12 16:54:46,813{GMT}	INFO	[jepsen worker 2] jepsen.util: 2	:invoke	:read	nil
2026-03-12 16:54:46,854{GMT}	INFO	[jepsen worker 1] jepsen.util: 1	:ok	:read	[0 3]
2026-03-12 16:54:46,863{GMT}	INFO	[jepsen worker 2] jepsen.util: 2	:ok	:read	[0 4 7 8 10 11 12 13 14]
2026-03-12 16:54:46,935{GMT}	INFO	[jepsen worker 1] jepsen.util: 1	:invoke	:broadcast	15
2026-03-12 16:54:47,074{GMT}	INFO	[jepsen worker 2] jepsen.util: 2	:invoke	:broadcast	16
2026-03-12 16:54:47,078{GMT}	INFO	[jepsen worker 2] jepsen.util: 2	:ok	:broadcast	16
2026-03-12 16:54:47,081{GMT}	INFO	[jepsen worker 3] jepsen.util: 3	:ok	:read	[0 1 5 6]
2026-03-12 16:54:47,269{GMT}	INFO	[jepsen worker 2] jepsen.util: 2	:invoke	:read	nil
2026-03-12 16:54:47,321{GMT}	INFO	[jepsen worker 2] jepsen.util: 2	:ok	:read	[0 16 4 7 8 10 11 12 13 14]
2026-03-12 16:54:47,469{GMT}	INFO	[jepsen worker 3] jepsen.util: 3	:invoke	:broadcast	17
2026-03-12 16:54:47,530{GMT}	INFO	[jepsen worker 2] jepsen.util: 2	:invoke	:read	nil
2026-03-12 16:54:47,543{GMT}	INFO	[jepsen worker 2] jepsen.util: 2	:ok	:read	[0 16 4 7 8 10 11 12 13 14]
2026-03-12 16:54:47,590{GMT}	INFO	[jepsen worker 2] jepsen.util: 2	:invoke	:broadcast	18
2026-03-12 16:54:47,602{GMT}	INFO	[jepsen worker 2] jepsen.util: 2	:ok	:broadcast	18
2026-03-12 16:54:47,654{GMT}	INFO	[jepsen worker 4] jepsen.util: 4	:ok	:read	[0 2]
2026-03-12 16:54:47,717{GMT}	INFO	[jepsen worker 2] jepsen.util: 2	:invoke	:broadcast	19
2026-03-12 16:54:47,726{GMT}	INFO	[jepsen worker 2] jepsen.util: 2	:ok	:broadcast	19
2026-03-12 16:54:47,849{GMT}	INFO	[jepsen worker 2] jepsen.util: 2	:invoke	:read	nil
2026-03-12 16:54:47,860{GMT}	INFO	[jepsen worker 2] jepsen.util: 2	:ok	:read	[0 16 18 19 4 7 8 10 11 12 13 14]
2026-03-12 16:54:48,026{GMT}	INFO	[jepsen worker 2] jepsen.util: 2	:invoke	:broadcast	20
2026-03-12 16:54:48,100{GMT}	INFO	[jepsen worker 4] jepsen.util: 4	:invoke	:read	nil
2026-03-12 16:54:48,124{GMT}	INFO	[jepsen worker 2] jepsen.util: 2	:ok	:broadcast	20
2026-03-12 16:54:48,259{GMT}	INFO	[jepsen worker 2] jepsen.util: 2	:invoke	:broadcast	21
2026-03-12 16:54:48,273{GMT}	INFO	[jepsen worker 2] jepsen.util: 2	:ok	:broadcast	21
2026-03-12 16:54:48,391{GMT}	INFO	[jepsen worker 2] jepsen.util: 2	:invoke	:broadcast	22
2026-03-12 16:54:48,425{GMT}	INFO	[jepsen worker 2] jepsen.util: 2	:ok	:broadcast	22
2026-03-12 16:54:48,430{GMT}	INFO	[jepsen worker 2] jepsen.util: 2	:invoke	:broadcast	23
2026-03-12 16:54:48,444{GMT}	INFO	[jepsen worker 2] jepsen.util: 2	:ok	:broadcast	23
2026-03-12 16:54:48,479{GMT}	INFO	[jepsen worker 2] jepsen.util: 2	:invoke	:broadcast	24
2026-03-12 16:54:48,495{GMT}	INFO	[jepsen worker 2] jepsen.util: 2	:ok	:broadcast	24
2026-03-12 16:54:48,619{GMT}	INFO	[jepsen worker 2] jepsen.util: 2	:invoke	:broadcast	25
2026-03-12 16:54:48,636{GMT}	INFO	[jepsen worker 2] jepsen.util: 2	:ok	:broadcast	25
2026-03-12 16:54:48,791{GMT}	INFO	[jepsen worker 2] jepsen.util: 2	:invoke	:read	nil
2026-03-12 16:54:48,814{GMT}	INFO	[jepsen worker 2] jepsen.util: 2	:ok	:read	[0 4 7 8 10 11 12 13 14 16 18 19 20 21 22 23 24 25]
2026-03-12 16:54:48,894{GMT}	INFO	[jepsen worker 2] jepsen.util: 2	:invoke	:broadcast	26
2026-03-12 16:54:48,925{GMT}	INFO	[jepsen worker 2] jepsen.util: 2	:ok	:broadcast	26
2026-03-12 16:54:48,991{GMT}	INFO	[jepsen worker 2] jepsen.util: 2	:invoke	:read	nil
2026-03-12 16:54:49,016{GMT}	INFO	[jepsen worker 2] jepsen.util: 2	:ok	:read	[0 4 7 8 10 11 12 13 14 16 18 19 20 21 22 23 24 25 26]
2026-03-12 16:54:49,159{GMT}	INFO	[jepsen worker 2] jepsen.util: 2	:invoke	:broadcast	27
2026-03-12 16:54:49,173{GMT}	INFO	[jepsen worker 0] jepsen.util: 0	:ok	:read	[0 9]
2026-03-12 16:54:49,186{GMT}	INFO	[jepsen worker 2] jepsen.util: 2	:ok	:broadcast	27
2026-03-12 16:54:49,305{GMT}	INFO	[jepsen worker 4] jepsen.util: 4	:ok	:read	[0 2]
2026-03-12 16:54:49,361{GMT}	INFO	[jepsen worker 2] jepsen.util: 2	:invoke	:broadcast	28
2026-03-12 16:54:49,389{GMT}	INFO	[jepsen worker 2] jepsen.util: 2	:ok	:broadcast	28
2026-03-12 16:54:49,531{GMT}	INFO	[jepsen worker 2] jepsen.util: 2	:invoke	:broadcast	29
2026-03-12 16:54:49,539{GMT}	INFO	[jepsen worker 2] jepsen.util: 2	:ok	:broadcast	29
2026-03-12 16:54:49,653{GMT}	INFO	[jepsen worker 4] jepsen.util: 4	:invoke	:broadcast	30
2026-03-12 16:54:49,683{GMT}	INFO	[jepsen worker 0] jepsen.util: 0	:invoke	:broadcast	31
2026-03-12 16:54:49,864{GMT}	INFO	[jepsen worker 2] jepsen.util: 2	:invoke	:broadcast	32
2026-03-12 16:54:49,909{GMT}	INFO	[jepsen worker 2] jepsen.util: 2	:ok	:broadcast	32
2026-03-12 16:54:50,005{GMT}	INFO	[jepsen worker 2] jepsen.util: 2	:invoke	:broadcast	33
2026-03-12 16:54:50,034{GMT}	INFO	[jepsen worker 2] jepsen.util: 2	:ok	:broadcast	33
2026-03-12 16:54:50,070{GMT}	INFO	[jepsen worker 2] jepsen.util: 2	:invoke	:broadcast	34
2026-03-12 16:54:50,109{GMT}	INFO	[jepsen worker 2] jepsen.util: 2	:ok	:broadcast	34
2026-03-12 16:54:50,121{GMT}	INFO	[jepsen worker 2] jepsen.util: 2	:invoke	:broadcast	35
2026-03-12 16:54:50,159{GMT}	INFO	[jepsen worker 2] jepsen.util: 2	:ok	:broadcast	35
2026-03-12 16:54:50,176{GMT}	INFO	[jepsen worker 2] jepsen.util: 2	:invoke	:broadcast	36
2026-03-12 16:54:50,187{GMT}	INFO	[jepsen worker 2] jepsen.util: 2	:ok	:broadcast	36
2026-03-12 16:54:50,374{GMT}	INFO	[jepsen worker 2] jepsen.util: 2	:invoke	:broadcast	37
2026-03-12 16:54:50,386{GMT}	INFO	[jepsen worker 2] jepsen.util: 2	:ok	:broadcast	37
2026-03-12 16:54:50,493{GMT}	INFO	[jepsen worker 3] jepsen.util: 3	:ok	:broadcast	17
2026-03-12 16:54:50,626{GMT}	INFO	[jepsen worker 2] jepsen.util: 2	:invoke	:broadcast	38
2026-03-12 16:54:50,637{GMT}	INFO	[jepsen worker 2] jepsen.util: 2	:ok	:broadcast	38
2026-03-12 16:54:50,663{GMT}	INFO	[jepsen worker 2] jepsen.util: 2	:invoke	:read	nil
2026-03-12 16:54:50,812{GMT}	INFO	[jepsen worker 1] jepsen.util: 1	:ok	:broadcast	15
2026-03-12 16:54:50,844{GMT}	INFO	[jepsen worker 3] jepsen.util: 3	:invoke	:read	nil
2026-03-12 16:54:55,346{GMT}	INFO	[jepsen worker 2] jepsen.util: 2	:ok	:read	[0 4 7 8 10 11 12 13 14 16 18 19 20 21 22 23 24 25 26 27 28 29 32 33 34 35 36 37 38]
2026-03-12 16:54:58,564{GMT}	INFO	[jepsen worker 1] jepsen.util: 1	:invoke	:broadcast	40
2026-03-12 16:55:06,381{GMT}	INFO	[jepsen worker 2] jepsen.util: 2	:invoke	:broadcast	39
2026-03-12 16:55:55,839{GMT}	INFO	[jepsen worker 1] jepsen.util: 1	:info	:broadcast	40	:net-timeout
2026-03-12 16:55:55,841{GMT}	INFO	[jepsen worker 0] jepsen.util: 0	:info	:broadcast	31	:net-timeout
2026-03-12 16:55:55,842{GMT}	INFO	[jepsen worker 4] jepsen.util: 4	:info	:broadcast	30	:net-timeout
2026-03-12 16:55:55,842{GMT}	INFO	[jepsen worker 3] jepsen.util: 3	:fail	:read	nil	:net-timeout
2026-03-12 16:55:55,868{GMT}	INFO	[jepsen worker 4] jepsen.generator.interpreter: Waiting for recovery...
2026-03-12 16:55:55,856{GMT}	INFO	[jepsen worker 2] jepsen.util: 2	:info	:broadcast	39	:net-timeout
2026-03-12 16:56:06,060{GMT}	INFO	[jepsen worker 1] jepsen.util: 6	:invoke	:read	nil
2026-03-12 16:56:06,066{GMT}	INFO	[jepsen worker 0] jepsen.util: 5	:invoke	:read	nil
2026-03-12 16:56:06,066{GMT}	INFO	[jepsen worker 2] jepsen.util: 7	:invoke	:read	nil
2026-03-12 16:56:06,067{GMT}	INFO	[jepsen worker 4] jepsen.util: 9	:invoke	:read	nil
2026-03-12 16:56:06,065{GMT}	INFO	[jepsen worker 3] jepsen.util: 3	:invoke	:read	nil
2026-03-12 16:56:06,071{GMT}	INFO	[jepsen worker 2] jepsen.util: 7	:ok	:read	[0 4 7 8 10 11 12 13 14 16 18 19 20 21 22 23 24 25 26 27 28 29 32 33 34 35 36 37 38 39]
2026-03-12 16:56:11,067{GMT}	INFO	[jepsen worker 0] jepsen.util: 5	:fail	:read	nil	:net-timeout
2026-03-12 16:56:11,067{GMT}	INFO	[jepsen worker 1] jepsen.util: 6	:fail	:read	nil	:net-timeout
2026-03-12 16:56:11,071{GMT}	INFO	[jepsen worker 3] jepsen.util: 3	:fail	:read	nil	:net-timeout
2026-03-12 16:56:11,071{GMT}	INFO	[jepsen worker 4] jepsen.util: 9	:fail	:read	nil	:net-timeout
2026-03-12 16:56:11,137{GMT}	INFO	[jepsen test runner] jepsen.core: Run complete, writing
2026-03-12 16:56:11,375{GMT}	INFO	[jepsen node n1] maelstrom.db: Tearing down n1
2026-03-12 16:56:11,376{GMT}	INFO	[jepsen node n3] maelstrom.db: Tearing down n3
2026-03-12 16:56:11,375{GMT}	INFO	[jepsen node n0] maelstrom.db: Tearing down n0
2026-03-12 16:56:11,375{GMT}	INFO	[jepsen node n2] maelstrom.db: Tearing down n2
2026-03-12 16:56:11,376{GMT}	INFO	[jepsen node n4] maelstrom.db: Tearing down n4
2026-03-12 16:56:12,073{GMT}	INFO	[jepsen node n0] maelstrom.net: Shutting down Maelstrom network
2026-03-12 16:56:12,077{GMT}	WARN	[jepsen test runner] jepsen.core: Test crashed!
clojure.lang.ExceptionInfo: Node n1 crashed with exit status 1. Before crashing, it wrote to STDOUT:

{"src":"n1","dest":"n4","body":{"type":"broadcast","body":{"message":0},"msg_id":57299}}
{"src":"n1","dest":"n2","body":{"type":"broadcast","body":{"message":0},"msg_id":57300}}
{"src":"n1","dest":"n0","body":{"type":"broadcast","body":{"message":0},"msg_id":57301}}
{"src":"n1","dest":"n0","body":{"type":"broadcast_ok","in_reply_to":18717,"msg_id":57302}}
{"src":"n1","dest":"n4","body":{"type":"broadcast","body":{"message":0},"msg_id":57303}}
{"src":"n1","dest":"n2","body":{"type":"broadcast","body":{"message":0},"msg_id":57304}}
{"src":"n1","dest":"n4","body":{"type":"broadcast","body":{"message":0},"msg_id":57305}}
{"src":"n1","dest":"n4","body":{"type":"broadcast","body":{"message":0},"msg_id":57306}}
{"src":"n1","dest":"n2","body":{"type":"broadcast","body":{"message":0},"msg_id":57307}}
{"src":"n1","dest":"n0","body":{"type":"broadcast","body":{"message":0},"msg_id":57308}}
{"src":"n1","dest":"n0","body":{"type":"broadcast_ok","in_reply_to":18099,"msg_id":57309}}
{"src":"n1","dest":"n4","body":{"type":"broadcast","body":{"message":0},"msg_id":57310}}
{"src":"n1","dest":"n4","body":{"type":"broadcast","body":{"message":0},"msg_id":57311}}
{"src":"n1","dest":"n2","body":{"type":"broadcast","body":{"message":0},"msg_id":57312}}
{"src":"n1","dest":"n0","body":{"type":"broadcast","body":{"message":0},"msg_id":57313}}
{"src":"n1","dest":"n0","body":{"type":"broadcast_ok","in_reply_to":18096,"msg_id":57314}}
{"src":"n1","dest":"n4","body":{"type":"broadcast","body":{"message":0},"msg_id":57315}}
{"src":"n1","dest":"n2","body":{"type":"broadcast","body":{"message":0},"msg_id":57316}}
{"src":"n1","dest":"n0","body":{"type":"broadcast","body":{"message":0},"msg_id":57317}}
{"src":"n1","dest":"n0","body":{"type":"broadcast_ok","in_reply_to":18093,"msg_id":57318}}
{"src":"n1","dest":"n4","body":{"type":"broadcast","body":{"message":0},"msg_id":57319}}
{"src":"n1","dest":"n2","body":{"type":"broadcast","body":{"message":0},"msg_id":57320}}
{"src":"n1","dest":"n0","body":{"type":"broadcast","body":{"message":0},"msg_id":57321}}
{"src":"n1","dest":"n0","body":{"type":"broadcast_ok","in_reply_to":18090,"msg_id":57322}}
{"src":"n1","dest":"n4","body":{"type":"broadcast","body":{"message":0},"msg_id":57323}}
{"src":"n1","dest":"n2","body":{"type":"broadcast","body":{"message":0},"msg_id":57324}}
{"src":"n1","dest":"n0","body":{"type":"broadcast","body":{"message":0},"msg_id":57325}}
{"src":"n1","dest":"n0","body":{"type":"broadcast_ok","in_reply_to":18087,"msg_id":57326}}
{"src":"n1","dest":"n4","body":{"type":"broadcast","body":{"message":0},"msg_id":57327}}
{"src":"n1","dest":"n2","body":{"type":"broadcast","body":{"message":0},"msg_id":57328}}
{"src":"n1","dest":"n0","body":{"type":"broadcast","body":{"message":0},"msg_id":57329}}
{"src":"n1","dest":"n0","body":{"type":"broadcast_ok","in_reply_to":18083,"msg_id":57330}}

And to STDERR:

Fatal error! java.lang.OutOfMemoryError: unable to create native thread: possibly out of memory or process/resource limits reached
java.lang.OutOfMemoryError: unable to create native thread: possibly out of memory or process/resource limits reached
	at java.base/java.lang.Thread.start0(Native Method)
	at java.base/java.lang.Thread.start(Thread.java:1553)
	at java.base/java.lang.System$2.start(System.java:2577)
	at java.base/jdk.internal.vm.SharedThreadContainer.start(SharedThreadContainer.java:152)
	at java.base/java.util.concurrent.ThreadPoolExecutor.addWorker(ThreadPoolExecutor.java:953)
	at java.base/java.util.concurrent.ThreadPoolExecutor.execute(ThreadPoolExecutor.java:1375)
	at lab.Node.run(Node.java:44)
	at lab.BroadcastServer.run(BroadcastServer.java:65)
	at lab.Main.main(Main.java:12)

Full STDERR logs are available in /home/banna/Documents/maelstrom-java/store/broadcast/20260312T165441.387Z/node-logs/n1.log
	at slingshot.support$stack_trace.invoke(support.clj:201)
	at maelstrom.process$stop_node_BANG_.invokeStatic(process.clj:239)
	at maelstrom.process$stop_node_BANG_.invoke(process.clj:217)
	at maelstrom.db$db$reify__16142.teardown_BANG_(db.clj:75)
	at jepsen.db$fn__8744$G__8725__8748.invoke(db.clj:12)
	at jepsen.db$fn__8744$G__8724__8753.invoke(db.clj:12)
	at clojure.core$partial$fn__5908.invoke(core.clj:2642)
	at jepsen.control$on_nodes$fn__8599.invoke(control.clj:314)
	at clojure.lang.AFn.applyToHelper(AFn.java:154)
	at clojure.lang.AFn.applyTo(AFn.java:144)
	at clojure.core$apply.invokeStatic(core.clj:667)
	at clojure.core$with_bindings_STAR_.invokeStatic(core.clj:1990)
	at clojure.core$with_bindings_STAR_.doInvoke(core.clj:1990)
	at clojure.lang.RestFn.applyTo(RestFn.java:142)
	at clojure.core$apply.invokeStatic(core.clj:671)
	at clojure.core$bound_fn_STAR_$fn__5818.doInvoke(core.clj:2020)
	at clojure.lang.RestFn.invoke(RestFn.java:408)
	at dom_top.core$real_pmap_helper$build_thread__211$fn__212.invoke(core.clj:163)
	at clojure.lang.AFn.applyToHelper(AFn.java:152)
	at clojure.lang.AFn.applyTo(AFn.java:144)
	at clojure.core$apply.invokeStatic(core.clj:667)
	at clojure.core$with_bindings_STAR_.invokeStatic(core.clj:1990)
	at clojure.core$with_bindings_STAR_.doInvoke(core.clj:1990)
	at clojure.lang.RestFn.invoke(RestFn.java:425)
	at clojure.lang.AFn.applyToHelper(AFn.java:156)
	at clojure.lang.RestFn.applyTo(RestFn.java:132)
	at clojure.core$apply.invokeStatic(core.clj:671)
	at clojure.core$bound_fn_STAR_$fn__5818.doInvoke(core.clj:2020)
	at clojure.lang.RestFn.invoke(RestFn.java:397)
	at clojure.lang.AFn.run(AFn.java:22)
	at java.base/java.lang.Thread.run(Thread.java:1583)
