2026-03-20 15:54:42,024{GMT}	INFO	[jepsen test runner] jepsen.core: Command line:
lein run test -w broadcast --bin run.sh broadcast --node-count 5 --time-limit 20 --rate 10 --nemesis partition
2026-03-20 15:54:42,121{GMT}	INFO	[jepsen test runner] jepsen.core: Running test:
{:args ["broadcast"]
 :remote
 #jepsen.control.retry.Remote{:remote #jepsen.control.scp.Remote{:cmd-remote #jepsen.control.sshj.SSHJRemote{:concurrency-limit 6,
                                                                                                             :conn-spec nil,
                                                                                                             :client nil,
                                                                                                             :semaphore nil},
                                                                 :conn-spec nil},
                              :conn nil}
 :log-net-send false
 :node-count 5
 :availability nil
 :max-txn-length 4
 :concurrency 5
 :db
 #object[maelstrom.db$db$reify__16142
         "0x3938e876"
         "maelstrom.db$db$reify__16142@3938e876"]
 :max-writes-per-key 16
 :leave-db-running? false
 :name "broadcast"
 :logging-json? false
 :start-time
 #object[org.joda.time.DateTime "0x70b2819f" "2026-03-20T15:54:42.006Z"]
 :nemesis-interval 10
 :net
 #object[maelstrom.net$jepsen_net$reify__15251
         "0x65dac812"
         "maelstrom.net$jepsen_net$reify__15251@65dac812"]
 :client
 #object[maelstrom.workload.broadcast$client$reify__16644
         "0x3619ecd"
         "maelstrom.workload.broadcast$client$reify__16644@3619ecd"]
 :barrier
 #object[java.util.concurrent.CyclicBarrier
         "0x7de4bd8f"
         "java.util.concurrent.CyclicBarrier@7de4bd8f"]
 :log-stderr false
 :pure-generators true
 :ssh {:dummy? true}
 :rate 10.0
 :checker
 #object[jepsen.checker$compose$reify__11881
         "0x193e65d5"
         "jepsen.checker$compose$reify__11881@193e65d5"]
 :argv
 ("test"
  "-w"
  "broadcast"
  "--bin"
  "run.sh"
  "broadcast"
  "--node-count"
  "5"
  "--time-limit"
  "20"
  "--rate"
  "10"
  "--nemesis"
  "partition")
 :nemesis
 (jepsen.nemesis.ReflCompose
  {:fm {:start-partition 0,
        :stop-partition 0,
        :kill 1,
        :start 1,
        :pause 1,
        :resume 1},
   :nemeses [#unprintable "jepsen.nemesis.combined$partition_nemesis$reify__16416@2a97b4b8"
             #unprintable "jepsen.nemesis.combined$db_nemesis$reify__16397@250fc0d1"]})
 :nodes ["n0" "n1" "n2" "n3" "n4"]
 :test-count 1
 :latency {:mean 0, :dist :constant}
 :bin "run.sh"
 :generator
 ((jepsen.generator.Synchronize
   {:gen (jepsen.generator.TimeLimit
          {:limit 20000000000,
           :cutoff nil,
           :gen (jepsen.generator.Any
                 {:gens [(jepsen.generator.OnThreads
                          {:f #{:nemesis},
                           :context-filter #object[jepsen.generator.context$make_thread_filter$lazy_filter__9167
                                                   "0x37d43b9b"
                                                   "jepsen.generator.context$make_thread_filter$lazy_filter__9167@37d43b9b"],
                           :gen (jepsen.generator.Stagger
                                 {:dt 20000000000,
                                  :next-time nil,
                                  :gen (jepsen.generator.FlipFlop
                                        {:gens [#object[jepsen.nemesis.combined$partition_package$start__16420
                                                        "0x28ba90c1"
                                                        "jepsen.nemesis.combined$partition_package$start__16420@28ba90c1"]
                                                ({:type :info,
                                                  :f :stop-partition,
                                                  :value nil}
                                                 {:type :info,
                                                  :f :stop-partition,
                                                  :value nil}
                                                 {:type :info,
                                                  :f :stop-partition,
                                                  :value nil}
                                                 {:type :info,
                                                  :f :stop-partition,
                                                  :value nil}
                                                 {:type :info,
                                                  :f :stop-partition,
                                                  :value nil}
                                                 {:type :info,
                                                  :f :stop-partition,
                                                  :value nil}
                                                 {:type :info,
                                                  :f :stop-partition,
                                                  :value nil}
                                                 {:type :info,
                                                  :f :stop-partition,
                                                  :value nil}
                                                 ...)],
                                         :i 0})})})
                         (jepsen.generator.OnThreads
                          {:f #jepsen.generator.context.AllBut{:element :nemesis},
                           :context-filter #object[jepsen.generator.context$make_thread_filter$lazy_filter__9167
                                                   "0x7545cb17"
                                                   "jepsen.generator.context$make_thread_filter$lazy_filter__9167@7545cb17"],
                           :gen (jepsen.generator.Stagger
                                 {:dt 200000000,
                                  :next-time nil,
                                  :gen (jepsen.generator.Mix
                                        {:i 1,
                                         :gens [({:f :broadcast, :value 0}
                                                 {:f :broadcast, :value 1}
                                                 {:f :broadcast, :value 2}
                                                 {:f :broadcast, :value 3}
                                                 {:f :broadcast, :value 4}
                                                 {:f :broadcast, :value 5}
                                                 {:f :broadcast, :value 6}
                                                 {:f :broadcast, :value 7}
                                                 ...)
                                                ({:f :read}
                                                 {:f :read}
                                                 {:f :read}
                                                 {:f :read}
                                                 {:f :read}
                                                 {:f :read}
                                                 {:f :read}
                                                 {:f :read}
                                                 ...)]})})})]})})})
  (jepsen.generator.Synchronize
   {:gen (jepsen.generator.OnThreads
          {:f #{:nemesis},
           :context-filter #object[jepsen.generator.context$make_thread_filter$lazy_filter__9167
                                   "0x635b3ec7"
                                   "jepsen.generator.context$make_thread_filter$lazy_filter__9167@635b3ec7"],
           :gen ({:type :info, :f :stop-partition, :value nil})})})
  (jepsen.generator.Synchronize
   {:gen {:type :log, :value "Waiting for recovery..."}})
  (jepsen.generator.Synchronize {:gen {:type :sleep, :value 10}})
  (jepsen.generator.Synchronize
   {:gen (jepsen.generator.OnThreads
          {:f #jepsen.generator.context.AllBut{:element :nemesis},
           :context-filter #object[jepsen.generator.context$make_thread_filter$lazy_filter__9167
                                   "0x1f9b86f5"
                                   "jepsen.generator.context$make_thread_filter$lazy_filter__9167@1f9b86f5"],
           :gen (jepsen.generator.EachThread
                 {:fresh-gen {:f :read, :final? true},
                  :context-filters #object[clojure.core$promise$reify__8591
                                           "0x15aa3084"
                                           {:status :pending, :val nil}],
                  :gens {}})})}))
 :log-net-recv false
 :os
 #object[maelstrom.net$jepsen_os$reify__15254
         "0x4e6c4c55"
         "maelstrom.net$jepsen_os$reify__15254@4e6c4c55"]
 :time-limit 20
 :workload :broadcast
 :consistency-models [:strict-serializable]
 :topology :grid}

2026-03-20 15:54:43,375{GMT}	INFO	[jepsen node n0] maelstrom.net: Starting Maelstrom network
2026-03-20 15:54:43,376{GMT}	INFO	[jepsen test runner] jepsen.db: Tearing down DB
2026-03-20 15:54:43,379{GMT}	INFO	[jepsen test runner] jepsen.db: Setting up DB
2026-03-20 15:54:43,379{GMT}	INFO	[jepsen node n1] maelstrom.db: Setting up n1
2026-03-20 15:54:43,379{GMT}	INFO	[jepsen node n3] maelstrom.db: Setting up n3
2026-03-20 15:54:43,379{GMT}	INFO	[jepsen node n2] maelstrom.db: Setting up n2
2026-03-20 15:54:43,379{GMT}	INFO	[jepsen node n4] maelstrom.db: Setting up n4
2026-03-20 15:54:43,380{GMT}	INFO	[jepsen node n3] maelstrom.process: launching run.sh ["broadcast"]
2026-03-20 15:54:43,380{GMT}	INFO	[jepsen node n2] maelstrom.process: launching run.sh ["broadcast"]
2026-03-20 15:54:43,380{GMT}	INFO	[jepsen node n1] maelstrom.process: launching run.sh ["broadcast"]
2026-03-20 15:54:43,381{GMT}	INFO	[jepsen node n4] maelstrom.process: launching run.sh ["broadcast"]
2026-03-20 15:54:43,383{GMT}	INFO	[jepsen node n0] maelstrom.service: Starting services: (lin-kv lin-tso lww-kv seq-kv)
2026-03-20 15:54:43,400{GMT}	INFO	[jepsen node n0] maelstrom.db: Setting up n0
2026-03-20 15:54:43,401{GMT}	INFO	[jepsen node n0] maelstrom.process: launching run.sh ["broadcast"]
2026-03-20 15:54:43,568{GMT}	INFO	[jepsen test runner] jepsen.core: Relative time begins now
2026-03-20 15:54:43,594{GMT}	INFO	[jepsen worker 0] jepsen.util: 0	:invoke	:read	nil
2026-03-20 15:54:43,594{GMT}	INFO	[jepsen worker nemesis] jepsen.util: :nemesis	:info	:start-partition	:majorities-ring
2026-03-20 15:54:43,599{GMT}	INFO	[jepsen worker 0] jepsen.util: 0	:ok	:read	[]
2026-03-20 15:54:43,603{GMT}	INFO	[jepsen worker nemesis] jepsen.util: :nemesis	:info	:start-partition	[:isolated {"n1" #{"n2" "n3"}, "n4" #{"n2" "n0"}, "n3" #{"n1" "n0"}, "n2" #{"n1" "n4"}, "n0" #{"n4" "n3"}}]
2026-03-20 15:54:43,783{GMT}	INFO	[jepsen worker 2] jepsen.util: 2	:invoke	:broadcast	0
2026-03-20 15:54:43,787{GMT}	INFO	[jepsen worker 2] jepsen.util: 2	:ok	:broadcast	0
2026-03-20 15:54:43,886{GMT}	INFO	[jepsen worker 3] jepsen.util: 3	:invoke	:broadcast	1
2026-03-20 15:54:43,890{GMT}	INFO	[jepsen worker 3] jepsen.util: 3	:ok	:broadcast	1
2026-03-20 15:54:44,077{GMT}	INFO	[jepsen worker 4] jepsen.util: 4	:invoke	:broadcast	2
2026-03-20 15:54:44,080{GMT}	INFO	[jepsen worker 4] jepsen.util: 4	:ok	:broadcast	2
2026-03-20 15:54:44,265{GMT}	INFO	[jepsen worker 0] jepsen.util: 0	:invoke	:broadcast	3
2026-03-20 15:54:44,268{GMT}	INFO	[jepsen worker 0] jepsen.util: 0	:ok	:broadcast	3
2026-03-20 15:54:44,283{GMT}	INFO	[jepsen worker 0] jepsen.util: 0	:invoke	:broadcast	4
2026-03-20 15:54:44,285{GMT}	INFO	[jepsen worker 0] jepsen.util: 0	:ok	:broadcast	4
2026-03-20 15:54:44,420{GMT}	INFO	[jepsen worker 1] jepsen.util: 1	:invoke	:read	nil
2026-03-20 15:54:44,424{GMT}	INFO	[jepsen worker 1] jepsen.util: 1	:ok	:read	[1 2 3 4]
2026-03-20 15:54:44,603{GMT}	INFO	[jepsen worker 2] jepsen.util: 2	:invoke	:broadcast	5
2026-03-20 15:54:44,606{GMT}	INFO	[jepsen worker 2] jepsen.util: 2	:ok	:broadcast	5
2026-03-20 15:54:44,704{GMT}	INFO	[jepsen worker 3] jepsen.util: 3	:invoke	:read	nil
2026-03-20 15:54:44,707{GMT}	INFO	[jepsen worker 3] jepsen.util: 3	:ok	:read	[1 2 3 4]
2026-03-20 15:54:44,764{GMT}	INFO	[jepsen worker 4] jepsen.util: 4	:invoke	:broadcast	6
2026-03-20 15:54:44,767{GMT}	INFO	[jepsen worker 4] jepsen.util: 4	:ok	:broadcast	6
2026-03-20 15:54:44,940{GMT}	INFO	[jepsen worker 0] jepsen.util: 0	:invoke	:broadcast	7
2026-03-20 15:54:44,942{GMT}	INFO	[jepsen worker 0] jepsen.util: 0	:ok	:broadcast	7
2026-03-20 15:54:45,113{GMT}	INFO	[jepsen worker 0] jepsen.util: 0	:invoke	:read	nil
2026-03-20 15:54:45,116{GMT}	INFO	[jepsen worker 0] jepsen.util: 0	:ok	:read	[1 2 3 4 6 7]
2026-03-20 15:54:45,309{GMT}	INFO	[jepsen worker 1] jepsen.util: 1	:invoke	:broadcast	8
2026-03-20 15:54:45,311{GMT}	INFO	[jepsen worker 1] jepsen.util: 1	:ok	:broadcast	8
2026-03-20 15:54:45,352{GMT}	INFO	[jepsen worker 2] jepsen.util: 2	:invoke	:broadcast	9
2026-03-20 15:54:45,355{GMT}	INFO	[jepsen worker 2] jepsen.util: 2	:ok	:broadcast	9
2026-03-20 15:54:45,540{GMT}	INFO	[jepsen worker 3] jepsen.util: 3	:invoke	:read	nil
2026-03-20 15:54:45,554{GMT}	INFO	[jepsen worker 3] jepsen.util: 3	:ok	:read	[1 2 3 4 6 7 8]
2026-03-20 15:54:45,734{GMT}	INFO	[jepsen worker 4] jepsen.util: 4	:invoke	:broadcast	10
2026-03-20 15:54:45,737{GMT}	INFO	[jepsen worker 4] jepsen.util: 4	:ok	:broadcast	10
2026-03-20 15:54:45,817{GMT}	INFO	[jepsen worker 0] jepsen.util: 0	:invoke	:broadcast	11
2026-03-20 15:54:45,819{GMT}	INFO	[jepsen worker 0] jepsen.util: 0	:ok	:broadcast	11
2026-03-20 15:54:45,903{GMT}	INFO	[jepsen worker 0] jepsen.util: 0	:invoke	:read	nil
2026-03-20 15:54:45,905{GMT}	INFO	[jepsen worker 0] jepsen.util: 0	:ok	:read	[1 2 3 4 6 7 8 10 11]
2026-03-20 15:54:46,086{GMT}	INFO	[jepsen worker 1] jepsen.util: 1	:invoke	:read	nil
2026-03-20 15:54:46,087{GMT}	INFO	[jepsen worker 1] jepsen.util: 1	:ok	:read	[1 2 3 4 6 7 8 10 11]
2026-03-20 15:54:46,246{GMT}	INFO	[jepsen worker 2] jepsen.util: 2	:invoke	:read	nil
2026-03-20 15:54:46,249{GMT}	INFO	[jepsen worker 2] jepsen.util: 2	:ok	:read	[0 5 9]
2026-03-20 15:54:46,258{GMT}	INFO	[jepsen worker 3] jepsen.util: 3	:invoke	:broadcast	12
2026-03-20 15:54:46,261{GMT}	INFO	[jepsen worker 3] jepsen.util: 3	:ok	:broadcast	12
2026-03-20 15:54:46,291{GMT}	INFO	[jepsen worker 4] jepsen.util: 4	:invoke	:read	nil
2026-03-20 15:54:46,294{GMT}	INFO	[jepsen worker 4] jepsen.util: 4	:ok	:read	[1 2 3 4 6 7 8 10 11 12]
2026-03-20 15:54:46,463{GMT}	INFO	[jepsen worker 0] jepsen.util: 0	:invoke	:read	nil
2026-03-20 15:54:46,465{GMT}	INFO	[jepsen worker 0] jepsen.util: 0	:ok	:read	[1 2 3 4 6 7 8 10 11 12]
2026-03-20 15:54:46,586{GMT}	INFO	[jepsen worker 0] jepsen.util: 0	:invoke	:read	nil
2026-03-20 15:54:46,588{GMT}	INFO	[jepsen worker 0] jepsen.util: 0	:ok	:read	[1 2 3 4 6 7 8 10 11 12]
2026-03-20 15:54:46,731{GMT}	INFO	[jepsen worker 1] jepsen.util: 1	:invoke	:read	nil
2026-03-20 15:54:46,732{GMT}	INFO	[jepsen worker 1] jepsen.util: 1	:ok	:read	[1 2 3 4 6 7 8 10 11 12]
2026-03-20 15:54:46,747{GMT}	INFO	[jepsen worker 2] jepsen.util: 2	:invoke	:broadcast	13
2026-03-20 15:54:46,748{GMT}	INFO	[jepsen worker 2] jepsen.util: 2	:ok	:broadcast	13
2026-03-20 15:54:46,920{GMT}	INFO	[jepsen worker 3] jepsen.util: 3	:invoke	:broadcast	14
2026-03-20 15:54:46,922{GMT}	INFO	[jepsen worker 3] jepsen.util: 3	:ok	:broadcast	14
2026-03-20 15:54:46,972{GMT}	INFO	[jepsen worker 4] jepsen.util: 4	:invoke	:broadcast	15
2026-03-20 15:54:46,975{GMT}	INFO	[jepsen worker 4] jepsen.util: 4	:ok	:broadcast	15
2026-03-20 15:54:47,055{GMT}	INFO	[jepsen worker 0] jepsen.util: 0	:invoke	:read	nil
2026-03-20 15:54:47,057{GMT}	INFO	[jepsen worker 0] jepsen.util: 0	:ok	:read	[1 2 3 4 6 7 8 10 11 12 14 15]
2026-03-20 15:54:47,215{GMT}	INFO	[jepsen worker 0] jepsen.util: 0	:invoke	:read	nil
2026-03-20 15:54:47,217{GMT}	INFO	[jepsen worker 0] jepsen.util: 0	:ok	:read	[1 2 3 4 6 7 8 10 11 12 14 15]
2026-03-20 15:54:47,363{GMT}	INFO	[jepsen worker 1] jepsen.util: 1	:invoke	:read	nil
2026-03-20 15:54:47,366{GMT}	INFO	[jepsen worker 1] jepsen.util: 1	:ok	:read	[1 2 3 4 6 7 8 10 11 12 14 15]
2026-03-20 15:54:47,511{GMT}	INFO	[jepsen worker 2] jepsen.util: 2	:invoke	:broadcast	16
2026-03-20 15:54:47,513{GMT}	INFO	[jepsen worker 2] jepsen.util: 2	:ok	:broadcast	16
2026-03-20 15:54:47,619{GMT}	INFO	[jepsen worker 3] jepsen.util: 3	:invoke	:read	nil
2026-03-20 15:54:47,621{GMT}	INFO	[jepsen worker 3] jepsen.util: 3	:ok	:read	[1 2 3 4 6 7 8 10 11 12 14 15]
2026-03-20 15:54:47,758{GMT}	INFO	[jepsen worker nemesis] jepsen.util: :nemesis	:info	:stop-partition	nil
2026-03-20 15:54:47,758{GMT}	INFO	[jepsen worker nemesis] jepsen.util: :nemesis	:info	:stop-partition	:network-healed
2026-03-20 15:54:47,790{GMT}	INFO	[jepsen worker 0] jepsen.util: 0	:invoke	:broadcast	17
2026-03-20 15:54:47,792{GMT}	INFO	[jepsen worker 0] jepsen.util: 0	:ok	:broadcast	17
2026-03-20 15:54:47,926{GMT}	INFO	[jepsen worker 0] jepsen.util: 0	:invoke	:broadcast	18
2026-03-20 15:54:47,928{GMT}	INFO	[jepsen worker 0] jepsen.util: 0	:ok	:broadcast	18
2026-03-20 15:54:47,931{GMT}	INFO	[jepsen worker 1] jepsen.util: 1	:invoke	:read	nil
2026-03-20 15:54:47,933{GMT}	INFO	[jepsen worker 1] jepsen.util: 1	:ok	:read	[1 2 3 4 6 7 8 10 11 12 14 15 17 18]
2026-03-20 15:54:47,959{GMT}	INFO	[jepsen worker 2] jepsen.util: 2	:invoke	:read	nil
2026-03-20 15:54:47,961{GMT}	INFO	[jepsen worker 2] jepsen.util: 2	:ok	:read	[0 5 9 13 16 17 18]
2026-03-20 15:54:48,141{GMT}	INFO	[jepsen worker 3] jepsen.util: 3	:invoke	:read	nil
2026-03-20 15:54:48,143{GMT}	INFO	[jepsen worker 3] jepsen.util: 3	:ok	:read	[1 2 3 4 6 7 8 10 11 12 14 15 17 18]
2026-03-20 15:54:48,248{GMT}	INFO	[jepsen worker 4] jepsen.util: 4	:invoke	:broadcast	19
2026-03-20 15:54:48,250{GMT}	INFO	[jepsen worker 4] jepsen.util: 4	:ok	:broadcast	19
2026-03-20 15:54:48,338{GMT}	INFO	[jepsen worker 0] jepsen.util: 0	:invoke	:read	nil
2026-03-20 15:54:48,340{GMT}	INFO	[jepsen worker 0] jepsen.util: 0	:ok	:read	[1 2 3 4 6 7 8 10 11 12 14 15 17 18 19]
2026-03-20 15:54:48,449{GMT}	INFO	[jepsen worker 0] jepsen.util: 0	:invoke	:broadcast	20
2026-03-20 15:54:48,451{GMT}	INFO	[jepsen worker 0] jepsen.util: 0	:ok	:broadcast	20
2026-03-20 15:54:48,584{GMT}	INFO	[jepsen worker 1] jepsen.util: 1	:invoke	:read	nil
2026-03-20 15:54:48,586{GMT}	INFO	[jepsen worker 1] jepsen.util: 1	:ok	:read	[1 2 3 4 6 7 8 10 11 12 14 15 17 18 19 20]
2026-03-20 15:54:48,729{GMT}	INFO	[jepsen worker 2] jepsen.util: 2	:invoke	:broadcast	21
2026-03-20 15:54:48,731{GMT}	INFO	[jepsen worker 2] jepsen.util: 2	:ok	:broadcast	21
2026-03-20 15:54:48,787{GMT}	INFO	[jepsen worker 3] jepsen.util: 3	:invoke	:read	nil
2026-03-20 15:54:48,788{GMT}	INFO	[jepsen worker 3] jepsen.util: 3	:ok	:read	[1 2 3 4 6 7 8 10 11 12 14 15 17 18 19 20 21]
2026-03-20 15:54:48,962{GMT}	INFO	[jepsen worker 4] jepsen.util: 4	:invoke	:read	nil
2026-03-20 15:54:48,964{GMT}	INFO	[jepsen worker 4] jepsen.util: 4	:ok	:read	[1 2 3 4 6 7 8 10 11 12 14 15 17 18 19 20 21]
2026-03-20 15:54:49,150{GMT}	INFO	[jepsen worker 0] jepsen.util: 0	:invoke	:broadcast	22
2026-03-20 15:54:49,152{GMT}	INFO	[jepsen worker 0] jepsen.util: 0	:ok	:broadcast	22
2026-03-20 15:54:49,182{GMT}	INFO	[jepsen worker 0] jepsen.util: 0	:invoke	:broadcast	23
2026-03-20 15:54:49,184{GMT}	INFO	[jepsen worker 0] jepsen.util: 0	:ok	:broadcast	23
2026-03-20 15:54:49,370{GMT}	INFO	[jepsen worker 1] jepsen.util: 1	:invoke	:read	nil
2026-03-20 15:54:49,371{GMT}	INFO	[jepsen worker 1] jepsen.util: 1	:ok	:read	[1 2 3 4 6 7 8 10 11 12 14 15 17 18 19 20 21 22 23]
2026-03-20 15:54:49,450{GMT}	INFO	[jepsen worker 2] jepsen.util: 2	:invoke	:broadcast	24
2026-03-20 15:54:49,455{GMT}	INFO	[jepsen worker 2] jepsen.util: 2	:ok	:broadcast	24
2026-03-20 15:54:49,628{GMT}	INFO	[jepsen worker 3] jepsen.util: 3	:invoke	:read	nil
2026-03-20 15:54:49,630{GMT}	INFO	[jepsen worker 3] jepsen.util: 3	:ok	:read	[1 2 3 4 6 7 8 10 11 12 14 15 17 18 19 20 21 22 23 24]
2026-03-20 15:54:49,755{GMT}	INFO	[jepsen worker 4] jepsen.util: 4	:invoke	:broadcast	25
2026-03-20 15:54:49,756{GMT}	INFO	[jepsen worker 4] jepsen.util: 4	:ok	:broadcast	25
2026-03-20 15:54:49,904{GMT}	INFO	[jepsen worker 0] jepsen.util: 0	:invoke	:read	nil
2026-03-20 15:54:49,905{GMT}	INFO	[jepsen worker 0] jepsen.util: 0	:ok	:read	[1 2 3 4 6 7 8 10 11 12 14 15 17 18 19 20 21 22 23 24 25 25]
2026-03-20 15:54:49,983{GMT}	INFO	[jepsen worker 0] jepsen.util: 0	:invoke	:broadcast	26
2026-03-20 15:54:49,985{GMT}	INFO	[jepsen worker 0] jepsen.util: 0	:ok	:broadcast	26
2026-03-20 15:54:50,098{GMT}	INFO	[jepsen worker 1] jepsen.util: 1	:invoke	:read	nil
2026-03-20 15:54:50,099{GMT}	INFO	[jepsen worker 1] jepsen.util: 1	:ok	:read	[1 2 3 4 6 7 8 10 11 12 14 15 17 18 19 20 21 22 23 24 25 26]
2026-03-20 15:54:50,144{GMT}	INFO	[jepsen worker 2] jepsen.util: 2	:invoke	:broadcast	27
2026-03-20 15:54:50,146{GMT}	INFO	[jepsen worker 2] jepsen.util: 2	:ok	:broadcast	27
2026-03-20 15:54:50,181{GMT}	INFO	[jepsen worker 3] jepsen.util: 3	:invoke	:read	nil
2026-03-20 15:54:50,183{GMT}	INFO	[jepsen worker 3] jepsen.util: 3	:ok	:read	[1 2 3 4 6 7 8 10 11 12 14 15 17 18 19 20 21 22 23 24 25 26 27]
2026-03-20 15:54:50,378{GMT}	INFO	[jepsen worker 4] jepsen.util: 4	:invoke	:read	nil
2026-03-20 15:54:50,380{GMT}	INFO	[jepsen worker 4] jepsen.util: 4	:ok	:read	[1 2 3 4 6 7 8 10 11 12 14 15 17 18 19 20 21 22 23 24 25 26 26 27]
2026-03-20 15:54:50,449{GMT}	INFO	[jepsen worker 0] jepsen.util: 0	:invoke	:broadcast	28
2026-03-20 15:54:50,451{GMT}	INFO	[jepsen worker 0] jepsen.util: 0	:ok	:broadcast	28
2026-03-20 15:54:50,632{GMT}	INFO	[jepsen worker 0] jepsen.util: 0	:invoke	:broadcast	29
2026-03-20 15:54:50,634{GMT}	INFO	[jepsen worker 0] jepsen.util: 0	:ok	:broadcast	29
2026-03-20 15:54:50,769{GMT}	INFO	[jepsen worker 1] jepsen.util: 1	:invoke	:read	nil
2026-03-20 15:54:50,770{GMT}	INFO	[jepsen worker 1] jepsen.util: 1	:ok	:read	[1 2 3 4 6 7 8 10 11 12 14 15 17 18 19 20 21 22 23 24 25 26 27 28 29]
2026-03-20 15:54:50,943{GMT}	INFO	[jepsen worker 2] jepsen.util: 2	:invoke	:broadcast	30
2026-03-20 15:54:50,945{GMT}	INFO	[jepsen worker 2] jepsen.util: 2	:ok	:broadcast	30
2026-03-20 15:54:51,117{GMT}	INFO	[jepsen worker 3] jepsen.util: 3	:invoke	:broadcast	31
2026-03-20 15:54:51,118{GMT}	INFO	[jepsen worker 3] jepsen.util: 3	:ok	:broadcast	31
2026-03-20 15:54:51,182{GMT}	INFO	[jepsen worker 4] jepsen.util: 4	:invoke	:read	nil
2026-03-20 15:54:51,183{GMT}	INFO	[jepsen worker 4] jepsen.util: 4	:ok	:read	[1 2 3 4 6 7 8 10 11 12 14 15 17 18 19 20 21 22 23 24 25 26 26 27 28 29 30 31]
2026-03-20 15:54:51,338{GMT}	INFO	[jepsen worker 0] jepsen.util: 0	:invoke	:broadcast	32
2026-03-20 15:54:51,340{GMT}	INFO	[jepsen worker 0] jepsen.util: 0	:ok	:broadcast	32
2026-03-20 15:54:51,463{GMT}	INFO	[jepsen worker 0] jepsen.util: 0	:invoke	:read	nil
2026-03-20 15:54:51,465{GMT}	INFO	[jepsen worker 0] jepsen.util: 0	:ok	:read	[1 2 3 4 6 7 8 10 11 12 14 15 17 18 19 20 21 22 23 24 25 25 26 27 28 29 30 31 32]
2026-03-20 15:54:51,521{GMT}	INFO	[jepsen worker 1] jepsen.util: 1	:invoke	:read	nil
2026-03-20 15:54:51,522{GMT}	INFO	[jepsen worker 1] jepsen.util: 1	:ok	:read	[1 2 3 4 6 7 8 10 11 12 14 15 17 18 19 20 21 22 23 24 25 26 27 28 29 30 31 32]
2026-03-20 15:54:51,610{GMT}	INFO	[jepsen worker 2] jepsen.util: 2	:invoke	:read	nil
2026-03-20 15:54:51,611{GMT}	INFO	[jepsen worker 2] jepsen.util: 2	:ok	:read	[0 5 9 13 16 17 18 19 20 21 22 23 24 25 26 27 28 29 30 31 32]
2026-03-20 15:54:51,727{GMT}	INFO	[jepsen worker 3] jepsen.util: 3	:invoke	:broadcast	33
2026-03-20 15:54:51,728{GMT}	INFO	[jepsen worker 3] jepsen.util: 3	:ok	:broadcast	33
2026-03-20 15:54:51,864{GMT}	INFO	[jepsen worker 4] jepsen.util: 4	:invoke	:broadcast	34
2026-03-20 15:54:51,865{GMT}	INFO	[jepsen worker 4] jepsen.util: 4	:ok	:broadcast	34
2026-03-20 15:54:51,928{GMT}	INFO	[jepsen worker 0] jepsen.util: 0	:invoke	:read	nil
2026-03-20 15:54:51,929{GMT}	INFO	[jepsen worker 0] jepsen.util: 0	:ok	:read	[1 2 3 4 6 7 8 10 11 12 14 15 17 18 19 20 21 22 23 24 25 25 26 27 28 29 30 31 32 33 34]
2026-03-20 15:54:52,117{GMT}	INFO	[jepsen worker 0] jepsen.util: 0	:invoke	:broadcast	35
2026-03-20 15:54:52,119{GMT}	INFO	[jepsen worker 0] jepsen.util: 0	:ok	:broadcast	35
2026-03-20 15:54:52,238{GMT}	INFO	[jepsen worker 1] jepsen.util: 1	:invoke	:read	nil
2026-03-20 15:54:52,240{GMT}	INFO	[jepsen worker 1] jepsen.util: 1	:ok	:read	[1 2 3 4 6 7 8 10 11 12 14 15 17 18 19 20 21 22 23 24 25 26 27 28 29 30 31 32 33 34 35]
2026-03-20 15:54:52,348{GMT}	INFO	[jepsen worker 2] jepsen.util: 2	:invoke	:broadcast	36
2026-03-20 15:54:52,350{GMT}	INFO	[jepsen worker 2] jepsen.util: 2	:ok	:broadcast	36
2026-03-20 15:54:52,433{GMT}	INFO	[jepsen worker 3] jepsen.util: 3	:invoke	:broadcast	37
2026-03-20 15:54:52,435{GMT}	INFO	[jepsen worker 3] jepsen.util: 3	:ok	:broadcast	37
2026-03-20 15:54:52,593{GMT}	INFO	[jepsen worker 4] jepsen.util: 4	:invoke	:broadcast	38
2026-03-20 15:54:52,594{GMT}	INFO	[jepsen worker 4] jepsen.util: 4	:ok	:broadcast	38
2026-03-20 15:54:52,652{GMT}	INFO	[jepsen worker 0] jepsen.util: 0	:invoke	:broadcast	39
2026-03-20 15:54:52,653{GMT}	INFO	[jepsen worker 0] jepsen.util: 0	:ok	:broadcast	39
2026-03-20 15:54:52,662{GMT}	INFO	[jepsen worker 0] jepsen.util: 0	:invoke	:read	nil
2026-03-20 15:54:52,663{GMT}	INFO	[jepsen worker 0] jepsen.util: 0	:ok	:read	[1 2 3 4 6 7 8 10 11 12 14 15 17 18 19 20 21 22 23 24 25 25 26 27 28 29 30 31 32 33 34 35 36 37 38 39]
2026-03-20 15:54:52,737{GMT}	INFO	[jepsen worker 1] jepsen.util: 1	:invoke	:broadcast	40
2026-03-20 15:54:52,739{GMT}	INFO	[jepsen worker 1] jepsen.util: 1	:ok	:broadcast	40
2026-03-20 15:54:52,890{GMT}	INFO	[jepsen worker 2] jepsen.util: 2	:invoke	:broadcast	41
2026-03-20 15:54:52,891{GMT}	INFO	[jepsen worker 2] jepsen.util: 2	:ok	:broadcast	41
2026-03-20 15:54:52,961{GMT}	INFO	[jepsen worker 3] jepsen.util: 3	:invoke	:read	nil
2026-03-20 15:54:52,963{GMT}	INFO	[jepsen worker 3] jepsen.util: 3	:ok	:read	[1 2 3 4 6 7 8 10 11 12 14 15 17 18 19 20 21 22 23 24 25 26 27 28 29 30 31 32 33 34 35 36 37 38 39 40 41 41]
2026-03-20 15:54:53,093{GMT}	INFO	[jepsen worker 4] jepsen.util: 4	:invoke	:broadcast	42
2026-03-20 15:54:53,094{GMT}	INFO	[jepsen worker 4] jepsen.util: 4	:ok	:broadcast	42
2026-03-20 15:54:53,287{GMT}	INFO	[jepsen worker 0] jepsen.util: 0	:invoke	:read	nil
2026-03-20 15:54:53,288{GMT}	INFO	[jepsen worker 0] jepsen.util: 0	:ok	:read	[1 2 3 4 6 7 8 10 11 12 14 15 17 18 19 20 21 22 23 24 25 25 26 27 28 29 30 31 32 33 34 35 36 37 38 39 40 41 42]
2026-03-20 15:54:53,371{GMT}	INFO	[jepsen worker 0] jepsen.util: 0	:invoke	:broadcast	43
2026-03-20 15:54:53,373{GMT}	INFO	[jepsen worker 0] jepsen.util: 0	:ok	:broadcast	43
2026-03-20 15:54:53,542{GMT}	INFO	[jepsen worker 1] jepsen.util: 1	:invoke	:read	nil
2026-03-20 15:54:53,543{GMT}	INFO	[jepsen worker 1] jepsen.util: 1	:ok	:read	[1 2 3 4 6 7 8 10 11 12 14 15 17 18 19 20 21 22 23 24 25 26 27 28 29 30 31 32 33 34 35 36 37 38 39 40 41 42 43]
2026-03-20 15:54:53,600{GMT}	INFO	[jepsen worker 2] jepsen.util: 2	:invoke	:broadcast	44
2026-03-20 15:54:53,601{GMT}	INFO	[jepsen worker 2] jepsen.util: 2	:ok	:broadcast	44
2026-03-20 15:54:53,701{GMT}	INFO	[jepsen worker 3] jepsen.util: 3	:invoke	:read	nil
2026-03-20 15:54:53,703{GMT}	INFO	[jepsen worker 3] jepsen.util: 3	:ok	:read	[1 2 3 4 6 7 8 10 11 12 14 15 17 18 19 20 21 22 23 24 25 26 27 28 29 30 31 32 33 34 35 36 37 38 39 40 41 41 42 43 44]
2026-03-20 15:54:53,820{GMT}	INFO	[jepsen worker 4] jepsen.util: 4	:invoke	:broadcast	45
2026-03-20 15:54:53,822{GMT}	INFO	[jepsen worker 4] jepsen.util: 4	:ok	:broadcast	45
2026-03-20 15:54:53,919{GMT}	INFO	[jepsen worker 0] jepsen.util: 0	:invoke	:read	nil
2026-03-20 15:54:53,921{GMT}	INFO	[jepsen worker 0] jepsen.util: 0	:ok	:read	[1 2 3 4 6 7 8 10 11 12 14 15 17 18 19 20 21 22 23 24 25 25 26 27 28 29 30 31 32 33 34 35 36 37 38 39 40 41 42 43 44 45]
2026-03-20 15:54:53,995{GMT}	INFO	[jepsen worker 0] jepsen.util: 0	:invoke	:broadcast	46
2026-03-20 15:54:53,996{GMT}	INFO	[jepsen worker 0] jepsen.util: 0	:ok	:broadcast	46
2026-03-20 15:54:54,036{GMT}	INFO	[jepsen worker 1] jepsen.util: 1	:invoke	:broadcast	47
2026-03-20 15:54:54,037{GMT}	INFO	[jepsen worker 1] jepsen.util: 1	:ok	:broadcast	47
2026-03-20 15:54:54,176{GMT}	INFO	[jepsen worker 2] jepsen.util: 2	:invoke	:read	nil
2026-03-20 15:54:54,178{GMT}	INFO	[jepsen worker 2] jepsen.util: 2	:ok	:read	[0 5 9 13 16 17 18 19 20 21 22 23 24 25 26 27 28 29 30 31 32 33 34 35 36 37 38 39 40 41 42 43 44 45 46 47]
2026-03-20 15:54:54,353{GMT}	INFO	[jepsen worker 3] jepsen.util: 3	:invoke	:read	nil
2026-03-20 15:54:54,354{GMT}	INFO	[jepsen worker 3] jepsen.util: 3	:ok	:read	[1 2 3 4 6 7 8 10 11 12 14 15 17 18 19 20 21 22 23 24 25 26 27 28 29 30 31 32 33 34 35 36 37 38 39 40 41 41 42 43 44 45 46 47]
2026-03-20 15:54:54,540{GMT}	INFO	[jepsen worker 4] jepsen.util: 4	:invoke	:read	nil
2026-03-20 15:54:54,542{GMT}	INFO	[jepsen worker 4] jepsen.util: 4	:ok	:read	[1 2 3 4 6 7 8 10 11 12 14 15 17 18 19 20 21 22 23 24 25 26 26 27 28 29 30 31 32 33 34 35 36 37 38 39 40 41 42 43 43 44 45 46 47]
2026-03-20 15:54:54,576{GMT}	INFO	[jepsen worker 0] jepsen.util: 0	:invoke	:broadcast	48
2026-03-20 15:54:54,578{GMT}	INFO	[jepsen worker 0] jepsen.util: 0	:ok	:broadcast	48
2026-03-20 15:54:54,578{GMT}	INFO	[jepsen worker 0] jepsen.util: 0	:invoke	:broadcast	49
2026-03-20 15:54:54,580{GMT}	INFO	[jepsen worker 0] jepsen.util: 0	:ok	:broadcast	49
2026-03-20 15:54:54,585{GMT}	INFO	[jepsen worker 1] jepsen.util: 1	:invoke	:read	nil
2026-03-20 15:54:54,587{GMT}	INFO	[jepsen worker 1] jepsen.util: 1	:ok	:read	[1 2 3 4 6 7 8 10 11 12 14 15 17 18 19 20 21 22 23 24 25 26 27 28 29 30 31 32 33 34 35 36 37 38 39 40 41 42 43 44 45 46 47 48 49]
2026-03-20 15:54:54,657{GMT}	INFO	[jepsen worker 2] jepsen.util: 2	:invoke	:read	nil
2026-03-20 15:54:54,659{GMT}	INFO	[jepsen worker 2] jepsen.util: 2	:ok	:read	[0 5 9 13 16 17 18 19 20 21 22 23 24 25 26 27 28 29 30 31 32 33 34 35 36 37 38 39 40 41 42 43 44 45 46 47 48 49]
2026-03-20 15:54:54,731{GMT}	INFO	[jepsen worker 3] jepsen.util: 3	:invoke	:broadcast	50
2026-03-20 15:54:54,733{GMT}	INFO	[jepsen worker 3] jepsen.util: 3	:ok	:broadcast	50
2026-03-20 15:54:54,921{GMT}	INFO	[jepsen worker 4] jepsen.util: 4	:invoke	:read	nil
2026-03-20 15:54:54,922{GMT}	INFO	[jepsen worker 4] jepsen.util: 4	:ok	:read	[1 2 3 4 6 7 8 10 11 12 14 15 17 18 19 20 21 22 23 24 25 26 26 27 28 29 30 31 32 33 34 35 36 37 38 39 40 41 42 43 43 44 45 46 47 48 49 50]
2026-03-20 15:54:54,958{GMT}	INFO	[jepsen worker 0] jepsen.util: 0	:invoke	:read	nil
2026-03-20 15:54:54,959{GMT}	INFO	[jepsen worker 0] jepsen.util: 0	:ok	:read	[1 2 3 4 6 7 8 10 11 12 14 15 17 18 19 20 21 22 23 24 25 25 26 27 28 29 30 31 32 33 34 35 36 37 38 39 40 41 42 43 44 45 46 47 48 49 50]
2026-03-20 15:54:55,045{GMT}	INFO	[jepsen worker 0] jepsen.util: 0	:invoke	:broadcast	51
2026-03-20 15:54:55,047{GMT}	INFO	[jepsen worker 0] jepsen.util: 0	:ok	:broadcast	51
2026-03-20 15:54:55,167{GMT}	INFO	[jepsen worker 1] jepsen.util: 1	:invoke	:broadcast	52
2026-03-20 15:54:55,168{GMT}	INFO	[jepsen worker 1] jepsen.util: 1	:ok	:broadcast	52
2026-03-20 15:54:55,268{GMT}	INFO	[jepsen worker 2] jepsen.util: 2	:invoke	:read	nil
2026-03-20 15:54:55,269{GMT}	INFO	[jepsen worker 2] jepsen.util: 2	:ok	:read	[0 5 9 13 16 17 18 19 20 21 22 23 24 25 26 27 28 29 30 31 32 33 34 35 36 37 38 39 40 41 42 43 44 45 46 47 48 49 50 51 52]
2026-03-20 15:54:55,354{GMT}	INFO	[jepsen worker 3] jepsen.util: 3	:invoke	:broadcast	53
2026-03-20 15:54:55,355{GMT}	INFO	[jepsen worker 3] jepsen.util: 3	:ok	:broadcast	53
2026-03-20 15:54:55,491{GMT}	INFO	[jepsen worker 4] jepsen.util: 4	:invoke	:read	nil
2026-03-20 15:54:55,492{GMT}	INFO	[jepsen worker 4] jepsen.util: 4	:ok	:read	[1 2 3 4 6 7 8 10 11 12 14 15 17 18 19 20 21 22 23 24 25 26 26 27 28 29 30 31 32 33 34 35 36 37 38 39 40 41 42 43 43 44 45 46 47 48 49 50 51 52 53]
2026-03-20 15:54:55,653{GMT}	INFO	[jepsen worker 0] jepsen.util: 0	:invoke	:broadcast	54
2026-03-20 15:54:55,654{GMT}	INFO	[jepsen worker 0] jepsen.util: 0	:ok	:broadcast	54
2026-03-20 15:54:55,806{GMT}	INFO	[jepsen worker 0] jepsen.util: 0	:invoke	:read	nil
2026-03-20 15:54:55,807{GMT}	INFO	[jepsen worker 0] jepsen.util: 0	:ok	:read	[1 2 3 4 6 7 8 10 11 12 14 15 17 18 19 20 21 22 23 24 25 25 26 27 28 29 30 31 32 33 34 35 36 37 38 39 40 41 42 43 44 45 46 47 48 49 50 51 52 53 54]
2026-03-20 15:54:55,996{GMT}	INFO	[jepsen worker 1] jepsen.util: 1	:invoke	:read	nil
2026-03-20 15:54:55,997{GMT}	INFO	[jepsen worker 1] jepsen.util: 1	:ok	:read	[1 2 3 4 6 7 8 10 11 12 14 15 17 18 19 20 21 22 23 24 25 26 27 28 29 30 31 32 33 34 35 36 37 38 39 40 41 42 43 44 45 46 47 48 49 50 51 52 53 54]
2026-03-20 15:54:56,034{GMT}	INFO	[jepsen worker 2] jepsen.util: 2	:invoke	:read	nil
2026-03-20 15:54:56,036{GMT}	INFO	[jepsen worker 2] jepsen.util: 2	:ok	:read	[0 5 9 13 16 17 18 19 20 21 22 23 24 25 26 27 28 29 30 31 32 33 34 35 36 37 38 39 40 41 42 43 44 45 46 47 48 49 50 51 52 53 54]
2026-03-20 15:54:56,112{GMT}	INFO	[jepsen worker 3] jepsen.util: 3	:invoke	:broadcast	55
2026-03-20 15:54:56,114{GMT}	INFO	[jepsen worker 3] jepsen.util: 3	:ok	:broadcast	55
2026-03-20 15:54:56,218{GMT}	INFO	[jepsen worker 4] jepsen.util: 4	:invoke	:read	nil
2026-03-20 15:54:56,219{GMT}	INFO	[jepsen worker 4] jepsen.util: 4	:ok	:read	[1 2 3 4 6 7 8 10 11 12 14 15 17 18 19 20 21 22 23 24 25 26 26 27 28 29 30 31 32 33 34 35 36 37 38 39 40 41 42 43 43 44 45 46 47 48 49 50 51 52 53 54 54 55]
2026-03-20 15:54:56,418{GMT}	INFO	[jepsen worker 0] jepsen.util: 0	:invoke	:broadcast	56
2026-03-20 15:54:56,419{GMT}	INFO	[jepsen worker 0] jepsen.util: 0	:ok	:broadcast	56
2026-03-20 15:54:56,419{GMT}	INFO	[jepsen worker 1] jepsen.util: 1	:invoke	:broadcast	57
2026-03-20 15:54:56,421{GMT}	INFO	[jepsen worker 1] jepsen.util: 1	:ok	:broadcast	57
2026-03-20 15:54:56,611{GMT}	INFO	[jepsen worker 1] jepsen.util: 1	:invoke	:read	nil
2026-03-20 15:54:56,612{GMT}	INFO	[jepsen worker 1] jepsen.util: 1	:ok	:read	[1 2 3 4 6 7 8 10 11 12 14 15 17 18 19 20 21 22 23 24 25 26 27 28 29 30 31 32 33 34 35 36 37 38 39 40 41 42 43 44 45 46 47 48 49 50 51 52 53 54 55 56 57]
2026-03-20 15:54:56,719{GMT}	INFO	[jepsen worker 2] jepsen.util: 2	:invoke	:read	nil
2026-03-20 15:54:56,720{GMT}	INFO	[jepsen worker 2] jepsen.util: 2	:ok	:read	[0 5 9 13 16 17 18 19 20 21 22 23 24 25 26 27 28 29 30 31 32 33 34 35 36 37 38 39 40 41 42 43 44 45 46 47 48 49 50 51 52 53 54 55 56 57]
2026-03-20 15:54:56,743{GMT}	INFO	[jepsen worker 3] jepsen.util: 3	:invoke	:broadcast	58
2026-03-20 15:54:56,744{GMT}	INFO	[jepsen worker 3] jepsen.util: 3	:ok	:broadcast	58
2026-03-20 15:54:56,924{GMT}	INFO	[jepsen worker 4] jepsen.util: 4	:invoke	:read	nil
2026-03-20 15:54:56,925{GMT}	INFO	[jepsen worker 4] jepsen.util: 4	:ok	:read	[1 2 3 4 6 7 8 10 11 12 14 15 17 18 19 20 21 22 23 24 25 26 26 27 28 29 30 31 32 33 34 35 36 37 38 39 40 41 42 43 43 44 45 46 47 48 49 50 51 52 53 54 54 55 56 57 58]
2026-03-20 15:54:56,952{GMT}	INFO	[jepsen worker 0] jepsen.util: 0	:invoke	:broadcast	59
2026-03-20 15:54:56,953{GMT}	INFO	[jepsen worker 0] jepsen.util: 0	:ok	:broadcast	59
2026-03-20 15:54:57,104{GMT}	INFO	[jepsen worker 0] jepsen.util: 0	:invoke	:read	nil
2026-03-20 15:54:57,106{GMT}	INFO	[jepsen worker 0] jepsen.util: 0	:ok	:read	[1 2 3 4 6 7 8 10 11 12 14 15 17 18 19 20 21 22 23 24 25 25 26 27 28 29 30 31 32 33 34 35 36 37 38 39 40 41 42 43 44 45 46 47 48 49 50 51 52 53 54 55 56 57 58 59]
2026-03-20 15:54:57,231{GMT}	INFO	[jepsen worker 1] jepsen.util: 1	:invoke	:read	nil
2026-03-20 15:54:57,232{GMT}	INFO	[jepsen worker 1] jepsen.util: 1	:ok	:read	[1 2 3 4 6 7 8 10 11 12 14 15 17 18 19 20 21 22 23 24 25 26 27 28 29 30 31 32 33 34 35 36 37 38 39 40 41 42 43 44 45 46 47 48 49 50 51 52 53 54 55 56 57 58 59]
2026-03-20 15:54:57,364{GMT}	INFO	[jepsen worker 2] jepsen.util: 2	:invoke	:broadcast	60
2026-03-20 15:54:57,366{GMT}	INFO	[jepsen worker 2] jepsen.util: 2	:ok	:broadcast	60
2026-03-20 15:54:57,460{GMT}	INFO	[jepsen worker 3] jepsen.util: 3	:invoke	:read	nil
2026-03-20 15:54:57,462{GMT}	INFO	[jepsen worker 3] jepsen.util: 3	:ok	:read	[1 2 3 4 6 7 8 10 11 12 14 15 17 18 19 20 21 22 23 24 25 26 27 28 29 30 31 32 33 34 35 36 37 38 39 40 41 41 42 43 44 45 46 47 48 49 50 51 52 53 54 55 56 57 58 59 60]
2026-03-20 15:54:57,528{GMT}	INFO	[jepsen worker 4] jepsen.util: 4	:invoke	:read	nil
2026-03-20 15:54:57,529{GMT}	INFO	[jepsen worker 4] jepsen.util: 4	:ok	:read	[1 2 3 4 6 7 8 10 11 12 14 15 17 18 19 20 21 22 23 24 25 26 26 27 28 29 30 31 32 33 34 35 36 37 38 39 40 41 42 43 43 44 45 46 47 48 49 50 51 52 53 54 54 55 56 57 58 59 60]
2026-03-20 15:54:57,591{GMT}	INFO	[jepsen worker 0] jepsen.util: 0	:invoke	:read	nil
2026-03-20 15:54:57,592{GMT}	INFO	[jepsen worker 0] jepsen.util: 0	:ok	:read	[1 2 3 4 6 7 8 10 11 12 14 15 17 18 19 20 21 22 23 24 25 25 26 27 28 29 30 31 32 33 34 35 36 37 38 39 40 41 42 43 44 45 46 47 48 49 50 51 52 53 54 55 56 57 58 59 60]
2026-03-20 15:54:57,694{GMT}	INFO	[jepsen worker 0] jepsen.util: 0	:invoke	:broadcast	61
2026-03-20 15:54:57,695{GMT}	INFO	[jepsen worker 0] jepsen.util: 0	:ok	:broadcast	61
2026-03-20 15:54:57,863{GMT}	INFO	[jepsen worker 1] jepsen.util: 1	:invoke	:broadcast	62
2026-03-20 15:54:57,864{GMT}	INFO	[jepsen worker 1] jepsen.util: 1	:ok	:broadcast	62
2026-03-20 15:54:58,025{GMT}	INFO	[jepsen worker 2] jepsen.util: 2	:invoke	:broadcast	63
2026-03-20 15:54:58,026{GMT}	INFO	[jepsen worker 2] jepsen.util: 2	:ok	:broadcast	63
2026-03-20 15:54:58,170{GMT}	INFO	[jepsen worker 3] jepsen.util: 3	:invoke	:broadcast	64
2026-03-20 15:54:58,171{GMT}	INFO	[jepsen worker 3] jepsen.util: 3	:ok	:broadcast	64
2026-03-20 15:54:58,249{GMT}	INFO	[jepsen worker 4] jepsen.util: 4	:invoke	:read	nil
2026-03-20 15:54:58,250{GMT}	INFO	[jepsen worker 4] jepsen.util: 4	:ok	:read	[1 2 3 4 6 7 8 10 11 12 14 15 17 18 19 20 21 22 23 24 25 26 26 27 28 29 30 31 32 33 34 35 36 37 38 39 40 41 42 43 43 44 45 46 47 48 49 50 51 52 53 54 54 55 56 57 58 59 60 61 61 62 62 63 64]
2026-03-20 15:54:58,348{GMT}	INFO	[jepsen worker 0] jepsen.util: 0	:invoke	:read	nil
2026-03-20 15:54:58,349{GMT}	INFO	[jepsen worker 0] jepsen.util: 0	:ok	:read	[1 2 3 4 6 7 8 10 11 12 14 15 17 18 19 20 21 22 23 24 25 25 26 27 28 29 30 31 32 33 34 35 36 37 38 39 40 41 42 43 44 45 46 47 48 49 50 51 52 53 54 55 56 57 58 59 60 61 62 63 64]
2026-03-20 15:54:58,453{GMT}	INFO	[jepsen worker 0] jepsen.util: 0	:invoke	:broadcast	65
2026-03-20 15:54:58,454{GMT}	INFO	[jepsen worker 0] jepsen.util: 0	:ok	:broadcast	65
2026-03-20 15:54:58,461{GMT}	INFO	[jepsen worker 1] jepsen.util: 1	:invoke	:read	nil
2026-03-20 15:54:58,462{GMT}	INFO	[jepsen worker 1] jepsen.util: 1	:ok	:read	[1 2 3 4 6 7 8 10 11 12 14 15 17 18 19 20 21 22 23 24 25 26 27 28 29 30 31 32 33 34 35 36 37 38 39 40 41 42 43 44 45 46 47 48 49 50 51 52 53 54 55 56 57 58 59 60 61 62 63 64 65]
2026-03-20 15:54:58,484{GMT}	INFO	[jepsen worker 2] jepsen.util: 2	:invoke	:read	nil
2026-03-20 15:54:58,486{GMT}	INFO	[jepsen worker 2] jepsen.util: 2	:ok	:read	[0 5 9 13 16 17 18 19 20 21 22 23 24 25 26 27 28 29 30 31 32 33 34 35 36 37 38 39 40 41 42 43 44 45 46 47 48 49 50 51 52 53 54 55 56 57 58 59 60 61 62 63 64 65]
2026-03-20 15:54:58,653{GMT}	INFO	[jepsen worker 3] jepsen.util: 3	:invoke	:broadcast	66
2026-03-20 15:54:58,654{GMT}	INFO	[jepsen worker 3] jepsen.util: 3	:ok	:broadcast	66
2026-03-20 15:54:58,763{GMT}	INFO	[jepsen worker 4] jepsen.util: 4	:invoke	:read	nil
2026-03-20 15:54:58,765{GMT}	INFO	[jepsen worker 4] jepsen.util: 4	:ok	:read	[1 2 3 4 6 7 8 10 11 12 14 15 17 18 19 20 21 22 23 24 25 26 26 27 28 29 30 31 32 33 34 35 36 37 38 39 40 41 42 43 43 44 45 46 47 48 49 50 51 52 53 54 54 55 56 57 58 59 60 61 61 62 62 63 64 65 65 66]
2026-03-20 15:54:58,902{GMT}	INFO	[jepsen worker 0] jepsen.util: 0	:invoke	:broadcast	67
2026-03-20 15:54:58,903{GMT}	INFO	[jepsen worker 0] jepsen.util: 0	:ok	:broadcast	67
2026-03-20 15:54:59,090{GMT}	INFO	[jepsen worker 0] jepsen.util: 0	:invoke	:broadcast	68
2026-03-20 15:54:59,091{GMT}	INFO	[jepsen worker 0] jepsen.util: 0	:ok	:broadcast	68
2026-03-20 15:54:59,092{GMT}	INFO	[jepsen worker 1] jepsen.util: 1	:invoke	:broadcast	69
2026-03-20 15:54:59,094{GMT}	INFO	[jepsen worker 1] jepsen.util: 1	:ok	:broadcast	69
2026-03-20 15:54:59,266{GMT}	INFO	[jepsen worker 2] jepsen.util: 2	:invoke	:read	nil
2026-03-20 15:54:59,267{GMT}	INFO	[jepsen worker 2] jepsen.util: 2	:ok	:read	[0 5 9 13 16 17 18 19 20 21 22 23 24 25 26 27 28 29 30 31 32 33 34 35 36 37 38 39 40 41 42 43 44 45 46 47 48 49 50 51 52 53 54 55 56 57 58 59 60 61 62 63 64 65 66 67 68 69]
2026-03-20 15:54:59,275{GMT}	INFO	[jepsen worker 3] jepsen.util: 3	:invoke	:broadcast	70
2026-03-20 15:54:59,276{GMT}	INFO	[jepsen worker 3] jepsen.util: 3	:ok	:broadcast	70
2026-03-20 15:54:59,386{GMT}	INFO	[jepsen worker 4] jepsen.util: 4	:invoke	:broadcast	71
2026-03-20 15:54:59,388{GMT}	INFO	[jepsen worker 4] jepsen.util: 4	:ok	:broadcast	71
2026-03-20 15:54:59,434{GMT}	INFO	[jepsen worker 0] jepsen.util: 0	:invoke	:broadcast	72
2026-03-20 15:54:59,435{GMT}	INFO	[jepsen worker 0] jepsen.util: 0	:ok	:broadcast	72
2026-03-20 15:54:59,621{GMT}	INFO	[jepsen worker 0] jepsen.util: 0	:invoke	:read	nil
2026-03-20 15:54:59,623{GMT}	INFO	[jepsen worker 0] jepsen.util: 0	:ok	:read	[1 2 3 4 6 7 8 10 11 12 14 15 17 18 19 20 21 22 23 24 25 25 26 27 28 29 30 31 32 33 34 35 36 37 38 39 40 41 42 43 44 45 46 47 48 49 50 51 52 53 54 55 56 57 58 59 60 61 62 63 64 65 66 67 68 69 70 71 72]
2026-03-20 15:54:59,774{GMT}	INFO	[jepsen worker 1] jepsen.util: 1	:invoke	:broadcast	73
2026-03-20 15:54:59,776{GMT}	INFO	[jepsen worker 1] jepsen.util: 1	:ok	:broadcast	73
2026-03-20 15:54:59,862{GMT}	INFO	[jepsen worker 2] jepsen.util: 2	:invoke	:broadcast	74
2026-03-20 15:54:59,863{GMT}	INFO	[jepsen worker 2] jepsen.util: 2	:ok	:broadcast	74
2026-03-20 15:55:00,025{GMT}	INFO	[jepsen worker 3] jepsen.util: 3	:invoke	:read	nil
2026-03-20 15:55:00,026{GMT}	INFO	[jepsen worker 3] jepsen.util: 3	:ok	:read	[1 2 3 4 6 7 8 10 11 12 14 15 17 18 19 20 21 22 23 24 25 26 27 28 29 30 31 32 33 34 35 36 37 38 39 40 41 41 42 43 44 45 46 47 48 49 50 51 52 53 54 55 56 57 58 59 60 61 62 63 64 65 66 67 68 69 70 71 72 73 74]
2026-03-20 15:55:00,209{GMT}	INFO	[jepsen worker 4] jepsen.util: 4	:invoke	:broadcast	75
2026-03-20 15:55:00,211{GMT}	INFO	[jepsen worker 4] jepsen.util: 4	:ok	:broadcast	75
2026-03-20 15:55:00,377{GMT}	INFO	[jepsen worker 0] jepsen.util: 0	:invoke	:broadcast	76
2026-03-20 15:55:00,378{GMT}	INFO	[jepsen worker 0] jepsen.util: 0	:ok	:broadcast	76
2026-03-20 15:55:00,552{GMT}	INFO	[jepsen worker 0] jepsen.util: 0	:invoke	:read	nil
2026-03-20 15:55:00,554{GMT}	INFO	[jepsen worker 0] jepsen.util: 0	:ok	:read	[1 2 3 4 6 7 8 10 11 12 14 15 17 18 19 20 21 22 23 24 25 25 26 27 28 29 30 31 32 33 34 35 36 37 38 39 40 41 42 43 44 45 46 47 48 49 50 51 52 53 54 55 56 57 58 59 60 61 62 63 64 65 66 67 68 69 70 71 72 73 74 75 76]
2026-03-20 15:55:00,662{GMT}	INFO	[jepsen worker 1] jepsen.util: 1	:invoke	:broadcast	77
2026-03-20 15:55:00,663{GMT}	INFO	[jepsen worker 1] jepsen.util: 1	:ok	:broadcast	77
2026-03-20 15:55:00,818{GMT}	INFO	[jepsen worker 2] jepsen.util: 2	:invoke	:broadcast	78
2026-03-20 15:55:00,819{GMT}	INFO	[jepsen worker 2] jepsen.util: 2	:ok	:broadcast	78
2026-03-20 15:55:00,857{GMT}	INFO	[jepsen worker 3] jepsen.util: 3	:invoke	:read	nil
2026-03-20 15:55:00,859{GMT}	INFO	[jepsen worker 3] jepsen.util: 3	:ok	:read	[1 2 3 4 6 7 8 10 11 12 14 15 17 18 19 20 21 22 23 24 25 26 27 28 29 30 31 32 33 34 35 36 37 38 39 40 41 41 42 43 44 45 46 47 48 49 50 51 52 53 54 55 56 57 58 59 60 61 62 63 64 65 66 67 68 69 70 71 72 73 74 75 76 77 77 78]
2026-03-20 15:55:00,971{GMT}	INFO	[jepsen worker 4] jepsen.util: 4	:invoke	:broadcast	79
2026-03-20 15:55:00,972{GMT}	INFO	[jepsen worker 4] jepsen.util: 4	:ok	:broadcast	79
2026-03-20 15:55:01,056{GMT}	INFO	[jepsen worker 0] jepsen.util: 0	:invoke	:broadcast	80
2026-03-20 15:55:01,057{GMT}	INFO	[jepsen worker 0] jepsen.util: 0	:ok	:broadcast	80
2026-03-20 15:55:01,214{GMT}	INFO	[jepsen worker 0] jepsen.util: 0	:invoke	:broadcast	81
2026-03-20 15:55:01,215{GMT}	INFO	[jepsen worker 0] jepsen.util: 0	:ok	:broadcast	81
2026-03-20 15:55:01,217{GMT}	INFO	[jepsen worker 1] jepsen.util: 1	:invoke	:read	nil
2026-03-20 15:55:01,218{GMT}	INFO	[jepsen worker 1] jepsen.util: 1	:ok	:read	[1 2 3 4 6 7 8 10 11 12 14 15 17 18 19 20 21 22 23 24 25 26 27 28 29 30 31 32 33 34 35 36 37 38 39 40 41 42 43 44 45 46 47 48 49 50 51 52 53 54 55 56 57 58 59 60 61 62 63 64 65 66 67 68 69 70 70 71 72 73 74 75 76 77 78 79 80 81]
2026-03-20 15:55:01,225{GMT}	INFO	[jepsen worker nemesis] jepsen.util: :nemesis	:info	:start-partition	:majorities-ring
2026-03-20 15:55:01,226{GMT}	INFO	[jepsen worker nemesis] jepsen.util: :nemesis	:info	:start-partition	[:isolated {"n3" #{"n2" "n0"}, "n4" #{"n1" "n0"}, "n2" #{"n1" "n3"}, "n0" #{"n4" "n3"}, "n1" #{"n2" "n4"}}]
2026-03-20 15:55:01,394{GMT}	INFO	[jepsen worker 3] jepsen.util: 3	:invoke	:broadcast	82
2026-03-20 15:55:01,395{GMT}	INFO	[jepsen worker 3] jepsen.util: 3	:ok	:broadcast	82
2026-03-20 15:55:01,530{GMT}	INFO	[jepsen worker 4] jepsen.util: 4	:invoke	:read	nil
2026-03-20 15:55:01,531{GMT}	INFO	[jepsen worker 4] jepsen.util: 4	:ok	:read	[1 2 3 4 6 7 8 10 11 12 14 15 17 18 19 20 21 22 23 24 25 26 26 27 28 29 30 31 32 33 34 35 36 37 38 39 40 41 42 43 43 44 45 46 47 48 49 50 51 52 53 54 54 55 56 57 58 59 60 61 61 62 62 63 64 65 65 66 67 68 69 70 71 72 73 74 75 76 77 78 79 80 81 82]
2026-03-20 15:55:01,648{GMT}	INFO	[jepsen worker 0] jepsen.util: 0	:invoke	:broadcast	83
2026-03-20 15:55:01,649{GMT}	INFO	[jepsen worker 0] jepsen.util: 0	:ok	:broadcast	83
2026-03-20 15:55:01,704{GMT}	INFO	[jepsen worker 0] jepsen.util: 0	:invoke	:read	nil
2026-03-20 15:55:01,705{GMT}	INFO	[jepsen worker 0] jepsen.util: 0	:ok	:read	[1 2 3 4 6 7 8 10 11 12 14 15 17 18 19 20 21 22 23 24 25 25 26 27 28 29 30 31 32 33 34 35 36 37 38 39 40 41 42 43 44 45 46 47 48 49 50 51 52 53 54 55 56 57 58 59 60 61 62 63 64 65 66 67 68 69 70 71 72 73 74 75 76 77 78 79 80 81 83]
2026-03-20 15:55:01,724{GMT}	INFO	[jepsen worker 1] jepsen.util: 1	:invoke	:read	nil
2026-03-20 15:55:01,725{GMT}	INFO	[jepsen worker 1] jepsen.util: 1	:ok	:read	[1 2 3 4 6 7 8 10 11 12 14 15 17 18 19 20 21 22 23 24 25 26 27 28 29 30 31 32 33 34 35 36 37 38 39 40 41 42 43 44 45 46 47 48 49 50 51 52 53 54 55 56 57 58 59 60 61 62 63 64 65 66 67 68 69 70 70 71 72 73 74 75 76 77 78 79 80 81 83]
2026-03-20 15:55:01,835{GMT}	INFO	[jepsen worker 2] jepsen.util: 2	:invoke	:read	nil
2026-03-20 15:55:01,837{GMT}	INFO	[jepsen worker 2] jepsen.util: 2	:ok	:read	[0 5 9 13 16 17 18 19 20 21 22 23 24 25 26 27 28 29 30 31 32 33 34 35 36 37 38 39 40 41 42 43 44 45 46 47 48 49 50 51 52 53 54 55 56 57 58 59 60 61 62 63 64 65 66 67 68 69 70 71 72 73 74 75 76 77 78 79 80 81]
2026-03-20 15:55:01,852{GMT}	INFO	[jepsen worker 3] jepsen.util: 3	:invoke	:broadcast	84
2026-03-20 15:55:01,853{GMT}	INFO	[jepsen worker 3] jepsen.util: 3	:ok	:broadcast	84
2026-03-20 15:55:01,997{GMT}	INFO	[jepsen worker 4] jepsen.util: 4	:invoke	:read	nil
2026-03-20 15:55:01,998{GMT}	INFO	[jepsen worker 4] jepsen.util: 4	:ok	:read	[1 2 3 4 6 7 8 10 11 12 14 15 17 18 19 20 21 22 23 24 25 26 26 27 28 29 30 31 32 33 34 35 36 37 38 39 40 41 42 43 43 44 45 46 47 48 49 50 51 52 53 54 54 55 56 57 58 59 60 61 61 62 62 63 64 65 65 66 67 68 69 70 71 72 73 74 75 76 77 78 79 80 81 82 84]
2026-03-20 15:55:02,079{GMT}	INFO	[jepsen worker 0] jepsen.util: 0	:invoke	:broadcast	85
2026-03-20 15:55:02,081{GMT}	INFO	[jepsen worker 0] jepsen.util: 0	:ok	:broadcast	85
2026-03-20 15:55:02,224{GMT}	INFO	[jepsen worker 0] jepsen.util: 0	:invoke	:broadcast	86
2026-03-20 15:55:02,226{GMT}	INFO	[jepsen worker 0] jepsen.util: 0	:ok	:broadcast	86
2026-03-20 15:55:02,228{GMT}	INFO	[jepsen worker 1] jepsen.util: 1	:invoke	:read	nil
2026-03-20 15:55:02,229{GMT}	INFO	[jepsen worker 1] jepsen.util: 1	:ok	:read	[1 2 3 4 6 7 8 10 11 12 14 15 17 18 19 20 21 22 23 24 25 26 27 28 29 30 31 32 33 34 35 36 37 38 39 40 41 42 43 44 45 46 47 48 49 50 51 52 53 54 55 56 57 58 59 60 61 62 63 64 65 66 67 68 69 70 70 71 72 73 74 75 76 77 78 79 80 81 83 85 86]
2026-03-20 15:55:02,340{GMT}	INFO	[jepsen worker 2] jepsen.util: 2	:invoke	:read	nil
2026-03-20 15:55:02,342{GMT}	INFO	[jepsen worker 2] jepsen.util: 2	:ok	:read	[0 5 9 13 16 17 18 19 20 21 22 23 24 25 26 27 28 29 30 31 32 33 34 35 36 37 38 39 40 41 42 43 44 45 46 47 48 49 50 51 52 53 54 55 56 57 58 59 60 61 62 63 64 65 66 67 68 69 70 71 72 73 74 75 76 77 78 79 80 81]
2026-03-20 15:55:02,522{GMT}	INFO	[jepsen worker 3] jepsen.util: 3	:invoke	:read	nil
2026-03-20 15:55:02,523{GMT}	INFO	[jepsen worker 3] jepsen.util: 3	:ok	:read	[1 2 3 4 6 7 8 10 11 12 14 15 17 18 19 20 21 22 23 24 25 26 27 28 29 30 31 32 33 34 35 36 37 38 39 40 41 41 42 43 44 45 46 47 48 49 50 51 52 53 54 55 56 57 58 59 60 61 62 63 64 65 66 67 68 69 70 71 72 73 74 75 76 77 77 78 79 80 81 82 84]
2026-03-20 15:55:02,686{GMT}	INFO	[jepsen worker 4] jepsen.util: 4	:invoke	:broadcast	87
2026-03-20 15:55:02,687{GMT}	INFO	[jepsen worker 4] jepsen.util: 4	:ok	:broadcast	87
2026-03-20 15:55:02,817{GMT}	INFO	[jepsen worker 0] jepsen.util: 0	:invoke	:read	nil
2026-03-20 15:55:02,819{GMT}	INFO	[jepsen worker 0] jepsen.util: 0	:ok	:read	[1 2 3 4 6 7 8 10 11 12 14 15 17 18 19 20 21 22 23 24 25 25 26 27 28 29 30 31 32 33 34 35 36 37 38 39 40 41 42 43 44 45 46 47 48 49 50 51 52 53 54 55 56 57 58 59 60 61 62 63 64 65 66 67 68 69 70 71 72 73 74 75 76 77 78 79 80 81 83 85 86]
2026-03-20 15:55:02,993{GMT}	INFO	[jepsen worker 0] jepsen.util: 0	:invoke	:broadcast	88
2026-03-20 15:55:02,994{GMT}	INFO	[jepsen worker 0] jepsen.util: 0	:ok	:broadcast	88
2026-03-20 15:55:03,186{GMT}	INFO	[jepsen worker 1] jepsen.util: 1	:invoke	:read	nil
2026-03-20 15:55:03,187{GMT}	INFO	[jepsen worker 1] jepsen.util: 1	:ok	:read	[1 2 3 4 6 7 8 10 11 12 14 15 17 18 19 20 21 22 23 24 25 26 27 28 29 30 31 32 33 34 35 36 37 38 39 40 41 42 43 44 45 46 47 48 49 50 51 52 53 54 55 56 57 58 59 60 61 62 63 64 65 66 67 68 69 70 70 71 72 73 74 75 76 77 78 79 80 81 83 85 86 88]
2026-03-20 15:55:03,256{GMT}	INFO	[jepsen worker 2] jepsen.util: 2	:invoke	:broadcast	89
2026-03-20 15:55:03,257{GMT}	INFO	[jepsen worker 2] jepsen.util: 2	:ok	:broadcast	89
2026-03-20 15:55:03,298{GMT}	INFO	[jepsen worker 3] jepsen.util: 3	:invoke	:read	nil
2026-03-20 15:55:03,299{GMT}	INFO	[jepsen worker 3] jepsen.util: 3	:ok	:read	[1 2 3 4 6 7 8 10 11 12 14 15 17 18 19 20 21 22 23 24 25 26 27 28 29 30 31 32 33 34 35 36 37 38 39 40 41 41 42 43 44 45 46 47 48 49 50 51 52 53 54 55 56 57 58 59 60 61 62 63 64 65 66 67 68 69 70 71 72 73 74 75 76 77 77 78 79 80 81 82 84 87]
2026-03-20 15:55:03,376{GMT}	INFO	[jepsen worker 4] jepsen.util: 4	:invoke	:broadcast	90
2026-03-20 15:55:03,377{GMT}	INFO	[jepsen worker 4] jepsen.util: 4	:ok	:broadcast	90
2026-03-20 15:55:03,502{GMT}	INFO	[jepsen worker 0] jepsen.util: 0	:invoke	:read	nil
2026-03-20 15:55:03,503{GMT}	INFO	[jepsen worker 0] jepsen.util: 0	:ok	:read	[1 2 3 4 6 7 8 10 11 12 14 15 17 18 19 20 21 22 23 24 25 25 26 27 28 29 30 31 32 33 34 35 36 37 38 39 40 41 42 43 44 45 46 47 48 49 50 51 52 53 54 55 56 57 58 59 60 61 62 63 64 65 66 67 68 69 70 71 72 73 74 75 76 77 78 79 80 81 83 85 86 88]
2026-03-20 15:55:03,503{GMT}	INFO	[jepsen worker nemesis] jepsen.util: :nemesis	:info	:stop-partition	nil
2026-03-20 15:55:03,504{GMT}	INFO	[jepsen worker nemesis] jepsen.util: :nemesis	:info	:stop-partition	:network-healed
2026-03-20 15:55:03,504{GMT}	INFO	[jepsen worker 1] jepsen.generator.interpreter: Waiting for recovery...
2026-03-20 15:55:13,505{GMT}	INFO	[jepsen worker 0] jepsen.util: 0	:invoke	:read	nil
2026-03-20 15:55:13,506{GMT}	INFO	[jepsen worker 3] jepsen.util: 3	:invoke	:read	nil
2026-03-20 15:55:13,506{GMT}	INFO	[jepsen worker 4] jepsen.util: 4	:invoke	:read	nil
2026-03-20 15:55:13,506{GMT}	INFO	[jepsen worker 1] jepsen.util: 1	:invoke	:read	nil
2026-03-20 15:55:13,506{GMT}	INFO	[jepsen worker 2] jepsen.util: 2	:invoke	:read	nil
2026-03-20 15:55:13,507{GMT}	INFO	[jepsen worker 0] jepsen.util: 0	:ok	:read	[1 2 3 4 6 7 8 10 11 12 14 15 17 18 19 20 21 22 23 24 25 25 26 27 28 29 30 31 32 33 34 35 36 37 38 39 40 41 42 43 44 45 46 47 48 49 50 51 52 53 54 55 56 57 58 59 60 61 62 63 64 65 66 67 68 69 70 71 72 73 74 75 76 77 78 79 80 81 83 85 86 88]
2026-03-20 15:55:13,508{GMT}	INFO	[jepsen worker 3] jepsen.util: 3	:ok	:read	[1 2 3 4 6 7 8 10 11 12 14 15 17 18 19 20 21 22 23 24 25 26 27 28 29 30 31 32 33 34 35 36 37 38 39 40 41 41 42 43 44 45 46 47 48 49 50 51 52 53 54 55 56 57 58 59 60 61 62 63 64 65 66 67 68 69 70 71 72 73 74 75 76 77 77 78 79 80 81 82 84 87 90]
2026-03-20 15:55:13,508{GMT}	INFO	[jepsen worker 2] jepsen.util: 2	:ok	:read	[0 5 9 13 16 17 18 19 20 21 22 23 24 25 26 27 28 29 30 31 32 33 34 35 36 37 38 39 40 41 42 43 44 45 46 47 48 49 50 51 52 53 54 55 56 57 58 59 60 61 62 63 64 65 66 67 68 69 70 71 72 73 74 75 76 77 78 79 80 81 89]
2026-03-20 15:55:13,508{GMT}	INFO	[jepsen worker 1] jepsen.util: 1	:ok	:read	[1 2 3 4 6 7 8 10 11 12 14 15 17 18 19 20 21 22 23 24 25 26 27 28 29 30 31 32 33 34 35 36 37 38 39 40 41 42 43 44 45 46 47 48 49 50 51 52 53 54 55 56 57 58 59 60 61 62 63 64 65 66 67 68 69 70 70 71 72 73 74 75 76 77 78 79 80 81 83 85 86 88]
2026-03-20 15:55:13,510{GMT}	INFO	[jepsen worker 4] jepsen.util: 4	:ok	:read	[1 2 3 4 6 7 8 10 11 12 14 15 17 18 19 20 21 22 23 24 25 26 26 27 28 29 30 31 32 33 34 35 36 37 38 39 40 41 42 43 43 44 45 46 47 48 49 50 51 52 53 54 54 55 56 57 58 59 60 61 61 62 62 63 64 65 65 66 67 68 69 70 71 72 73 74 75 76 77 78 79 80 81 82 84 87 90]
2026-03-20 15:55:13,528{GMT}	INFO	[jepsen test runner] jepsen.core: Run complete, writing
2026-03-20 15:55:13,576{GMT}	INFO	[jepsen node n2] maelstrom.db: Tearing down n2
2026-03-20 15:55:13,576{GMT}	INFO	[jepsen node n0] maelstrom.db: Tearing down n0
2026-03-20 15:55:13,576{GMT}	INFO	[jepsen node n1] maelstrom.db: Tearing down n1
2026-03-20 15:55:13,576{GMT}	INFO	[jepsen node n3] maelstrom.db: Tearing down n3
2026-03-20 15:55:13,577{GMT}	INFO	[jepsen node n4] maelstrom.db: Tearing down n4
2026-03-20 15:55:15,407{GMT}	INFO	[jepsen node n0] maelstrom.net: Shutting down Maelstrom network
2026-03-20 15:55:15,408{GMT}	INFO	[jepsen test runner] jepsen.core: Analyzing...
2026-03-20 15:55:15,735{GMT}	INFO	[jepsen test runner] jepsen.core: Analysis complete
2026-03-20 15:55:15,765{GMT}	INFO	[jepsen results] jepsen.store: Wrote /home/banna/Documents/maelstrom-java/store/broadcast/20260320T155442.006Z/results.edn
2026-03-20 15:55:15,792{GMT}	INFO	[jepsen test runner] jepsen.core: {:perf {:latency-graph {:valid? true},
        :rate-graph {:valid? true},
        :valid? true},
 :timeline {:valid? true},
 :exceptions {:valid? true},
 :stats {:valid? true,
         :count 182,
         :ok-count 182,
         :fail-count 0,
         :info-count 0,
         :by-f {:broadcast {:valid? true,
                            :count 91,
                            :ok-count 91,
                            :fail-count 0,
                            :info-count 0},
                :read {:valid? true,
                       :count 91,
                       :ok-count 91,
                       :fail-count 0,
                       :info-count 0}}},
 :availability {:valid? true, :ok-fraction 1.0},
 :net {:all {:send-count 1197,
             :recv-count 1142,
             :msg-count 1197,
             :msgs-per-op 6.576923},
       :clients {:send-count 384, :recv-count 384, :msg-count 384},
       :servers {:send-count 813,
                 :recv-count 758,
                 :msg-count 813,
                 :msgs-per-op 4.467033},
       :valid? true},
 :workload {:worst-stale ({:element 0,
                           :outcome :stable,
                           :stable-latency 29718,
                           :lost-latency nil,
                           :known #jepsen.history.Op{:index 5,
                                                     :time 219918456,
                                                     :type :ok,
                                                     :process 2,
                                                     :f :add,
                                                     :value 0},
                           :last-absent #jepsen.history.Op{:index 365,
                                                           :time 29938561483,
                                                           :type :invoke,
                                                           :process 1,
                                                           :f :read,
                                                           :value nil,
                                                           :final? true}}
                          {:element 5,
                           :outcome :stable,
                           :stable-latency 28900,
                           :lost-latency nil,
                           :known #jepsen.history.Op{:index 17,
                                                     :time 1038317150,
                                                     :type :ok,
                                                     :process 2,
                                                     :f :add,
                                                     :value 5},
                           :last-absent #jepsen.history.Op{:index 365,
                                                           :time 29938561483,
                                                           :type :invoke,
                                                           :process 1,
                                                           :f :read,
                                                           :value nil,
                                                           :final? true}}
                          {:element 9,
                           :outcome :stable,
                           :stable-latency 28151,
                           :lost-latency nil,
                           :known #jepsen.history.Op{:index 29,
                                                     :time 1787395774,
                                                     :type :ok,
                                                     :process 2,
                                                     :f :add,
                                                     :value 9},
                           :last-absent #jepsen.history.Op{:index 365,
                                                           :time 29938561483,
                                                           :type :invoke,
                                                           :process 1,
                                                           :f :read,
                                                           :value nil,
                                                           :final? true}}
                          {:element 13,
                           :outcome :stable,
                           :stable-latency 26757,
                           :lost-latency nil,
                           :known #jepsen.history.Op{:index 53,
                                                     :time 3181235655,
                                                     :type :ok,
                                                     :process 2,
                                                     :f :add,
                                                     :value 13},
                           :last-absent #jepsen.history.Op{:index 365,
                                                           :time 29938561483,
                                                           :type :invoke,
                                                           :process 1,
                                                           :f :read,
                                                           :value nil,
                                                           :final? true}}
                          {:element 16,
                           :outcome :stable,
                           :stable-latency 25993,
                           :lost-latency nil,
                           :known #jepsen.history.Op{:index 65,
                                                     :time 3945513073,
                                                     :type :ok,
                                                     :process 2,
                                                     :f :add,
                                                     :value 16},
                           :last-absent #jepsen.history.Op{:index 365,
                                                           :time 29938561483,
                                                           :type :invoke,
                                                           :process 1,
                                                           :f :read,
                                                           :value nil,
                                                           :final? true}}
                          {:element 89,
                           :outcome :stable,
                           :stable-latency 10248,
                           :lost-latency nil,
                           :known #jepsen.history.Op{:index 353,
                                                     :time 19689983877,
                                                     :type :ok,
                                                     :process 2,
                                                     :f :add,
                                                     :value 89},
                           :last-absent #jepsen.history.Op{:index 365,
                                                           :time 29938561483,
                                                           :type :invoke,
                                                           :process 1,
                                                           :f :read,
                                                           :value nil,
                                                           :final? true}}),
            :duplicated-count 0,
            :valid? false,
            :lost-count 20,
            :lost (1
                   2
                   3
                   4
                   6
                   7
                   8
                   10
                   11
                   12
                   14
                   15
                   82
                   83
                   84
                   85
                   86
                   87
                   88
                   90),
            :stable-count 71,
            :stale-count 6,
            :stale (0 5 9 13 16 89),
            :never-read-count 0,
            :stable-latencies {0 0,
                               0.5 0,
                               0.95 26757,
                               0.99 29718,
                               1 29718},
            :attempt-count 91,
            :lost-latencies {0 10128,
                             0.5 27245,
                             0.95 29615,
                             0.99 29615,
                             1 29615},
            :never-read (),
            :duplicated {}},
 :valid? false}


Analysis invalid! (ﾉಥ益ಥ）ﾉ ┻━┻
