2026-03-20 15:39:59,759{GMT}	INFO	[jepsen test runner] jepsen.core: Command line:
lein run test -w broadcast --bin run.sh broadcast --node-count 5 --time-limit 20 --rate 10 --nemesis partition
2026-03-20 15:39:59,856{GMT}	INFO	[jepsen test runner] jepsen.core: Running test:
{:args ["broadcast"]
 :remote
 #jepsen.control.retry.Remote{:remote #jepsen.control.scp.Remote{:cmd-remote #jepsen.control.sshj.SSHJRemote{:concurrency-limit 6,
                                                                                                             :conn-spec nil,
                                                                                                             :client nil,
                                                                                                             :semaphore nil},
                                                                 :conn-spec nil},
                              :conn nil}
 :log-net-send false
 :node-count 5
 :availability nil
 :max-txn-length 4
 :concurrency 5
 :db
 #object[maelstrom.db$db$reify__16142
         "0x3619ecd"
         "maelstrom.db$db$reify__16142@3619ecd"]
 :max-writes-per-key 16
 :leave-db-running? false
 :name "broadcast"
 :logging-json? false
 :start-time
 #object[org.joda.time.DateTime "0x7de4bd8f" "2026-03-20T15:39:59.728Z"]
 :nemesis-interval 10
 :net
 #object[maelstrom.net$jepsen_net$reify__15251
         "0x193e65d5"
         "maelstrom.net$jepsen_net$reify__15251@193e65d5"]
 :client
 #object[maelstrom.workload.broadcast$client$reify__16644
         "0x2a97b4b8"
         "maelstrom.workload.broadcast$client$reify__16644@2a97b4b8"]
 :barrier
 #object[java.util.concurrent.CyclicBarrier
         "0x250fc0d1"
         "java.util.concurrent.CyclicBarrier@250fc0d1"]
 :log-stderr false
 :pure-generators true
 :ssh {:dummy? true}
 :rate 10.0
 :checker
 #object[jepsen.checker$compose$reify__11881
         "0x7ddf193a"
         "jepsen.checker$compose$reify__11881@7ddf193a"]
 :argv
 ("test"
  "-w"
  "broadcast"
  "--bin"
  "run.sh"
  "broadcast"
  "--node-count"
  "5"
  "--time-limit"
  "20"
  "--rate"
  "10"
  "--nemesis"
  "partition")
 :nemesis
 (jepsen.nemesis.ReflCompose
  {:fm {:start-partition 0,
        :stop-partition 0,
        :kill 1,
        :start 1,
        :pause 1,
        :resume 1},
   :nemeses [#unprintable "jepsen.nemesis.combined$partition_nemesis$reify__16416@17a5cb99"
             #unprintable "jepsen.nemesis.combined$db_nemesis$reify__16397@808fa1"]})
 :nodes ["n0" "n1" "n2" "n3" "n4"]
 :test-count 1
 :latency {:mean 0, :dist :constant}
 :bin "run.sh"
 :generator
 ((jepsen.generator.Synchronize
   {:gen (jepsen.generator.TimeLimit
          {:limit 20000000000,
           :cutoff nil,
           :gen (jepsen.generator.Any
                 {:gens [(jepsen.generator.OnThreads
                          {:f #{:nemesis},
                           :context-filter #object[jepsen.generator.context$make_thread_filter$lazy_filter__9167
                                                   "0x7545cb17"
                                                   "jepsen.generator.context$make_thread_filter$lazy_filter__9167@7545cb17"],
                           :gen (jepsen.generator.Stagger
                                 {:dt 20000000000,
                                  :next-time nil,
                                  :gen (jepsen.generator.FlipFlop
                                        {:gens [#object[jepsen.nemesis.combined$partition_package$start__16420
                                                        "0x635b3ec7"
                                                        "jepsen.nemesis.combined$partition_package$start__16420@635b3ec7"]
                                                ({:type :info,
                                                  :f :stop-partition,
                                                  :value nil}
                                                 {:type :info,
                                                  :f :stop-partition,
                                                  :value nil}
                                                 {:type :info,
                                                  :f :stop-partition,
                                                  :value nil}
                                                 {:type :info,
                                                  :f :stop-partition,
                                                  :value nil}
                                                 {:type :info,
                                                  :f :stop-partition,
                                                  :value nil}
                                                 {:type :info,
                                                  :f :stop-partition,
                                                  :value nil}
                                                 {:type :info,
                                                  :f :stop-partition,
                                                  :value nil}
                                                 {:type :info,
                                                  :f :stop-partition,
                                                  :value nil}
                                                 ...)],
                                         :i 0})})})
                         (jepsen.generator.OnThreads
                          {:f #jepsen.generator.context.AllBut{:element :nemesis},
                           :context-filter #object[jepsen.generator.context$make_thread_filter$lazy_filter__9167
                                                   "0x15aa3084"
                                                   "jepsen.generator.context$make_thread_filter$lazy_filter__9167@15aa3084"],
                           :gen (jepsen.generator.Stagger
                                 {:dt 200000000,
                                  :next-time nil,
                                  :gen (jepsen.generator.Mix
                                        {:i 0,
                                         :gens [({:f :broadcast, :value 0}
                                                 {:f :broadcast, :value 1}
                                                 {:f :broadcast, :value 2}
                                                 {:f :broadcast, :value 3}
                                                 {:f :broadcast, :value 4}
                                                 {:f :broadcast, :value 5}
                                                 {:f :broadcast, :value 6}
                                                 {:f :broadcast, :value 7}
                                                 ...)
                                                ({:f :read}
                                                 {:f :read}
                                                 {:f :read}
                                                 {:f :read}
                                                 {:f :read}
                                                 {:f :read}
                                                 {:f :read}
                                                 {:f :read}
                                                 ...)]})})})]})})})
  (jepsen.generator.Synchronize
   {:gen (jepsen.generator.OnThreads
          {:f #{:nemesis},
           :context-filter #object[jepsen.generator.context$make_thread_filter$lazy_filter__9167
                                   "0x4e6c4c55"
                                   "jepsen.generator.context$make_thread_filter$lazy_filter__9167@4e6c4c55"],
           :gen ({:type :info, :f :stop-partition, :value nil})})})
  (jepsen.generator.Synchronize
   {:gen {:type :log, :value "Waiting for recovery..."}})
  (jepsen.generator.Synchronize {:gen {:type :sleep, :value 10}})
  (jepsen.generator.Synchronize
   {:gen (jepsen.generator.OnThreads
          {:f #jepsen.generator.context.AllBut{:element :nemesis},
           :context-filter #object[jepsen.generator.context$make_thread_filter$lazy_filter__9167
                                   "0x74fbee59"
                                   "jepsen.generator.context$make_thread_filter$lazy_filter__9167@74fbee59"],
           :gen (jepsen.generator.EachThread
                 {:fresh-gen {:f :read, :final? true},
                  :context-filters #object[clojure.core$promise$reify__8591
                                           "0x3794621d"
                                           {:status :pending, :val nil}],
                  :gens {}})})}))
 :log-net-recv false
 :os
 #object[maelstrom.net$jepsen_os$reify__15254
         "0x737e4a7b"
         "maelstrom.net$jepsen_os$reify__15254@737e4a7b"]
 :time-limit 20
 :workload :broadcast
 :consistency-models [:strict-serializable]
 :topology :grid}

2026-03-20 15:40:01,170{GMT}	INFO	[jepsen node n0] maelstrom.net: Starting Maelstrom network
2026-03-20 15:40:01,171{GMT}	INFO	[jepsen test runner] jepsen.db: Tearing down DB
2026-03-20 15:40:01,173{GMT}	INFO	[jepsen test runner] jepsen.db: Setting up DB
2026-03-20 15:40:01,175{GMT}	INFO	[jepsen node n1] maelstrom.db: Setting up n1
2026-03-20 15:40:01,175{GMT}	INFO	[jepsen node n2] maelstrom.db: Setting up n2
2026-03-20 15:40:01,175{GMT}	INFO	[jepsen node n3] maelstrom.db: Setting up n3
2026-03-20 15:40:01,176{GMT}	INFO	[jepsen node n3] maelstrom.process: launching run.sh ["broadcast"]
2026-03-20 15:40:01,176{GMT}	INFO	[jepsen node n2] maelstrom.process: launching run.sh ["broadcast"]
2026-03-20 15:40:01,176{GMT}	INFO	[jepsen node n1] maelstrom.process: launching run.sh ["broadcast"]
2026-03-20 15:40:01,177{GMT}	INFO	[jepsen node n0] maelstrom.service: Starting services: (lin-kv lin-tso lww-kv seq-kv)
2026-03-20 15:40:01,179{GMT}	INFO	[jepsen node n4] maelstrom.db: Setting up n4
2026-03-20 15:40:01,180{GMT}	INFO	[jepsen node n4] maelstrom.process: launching run.sh ["broadcast"]
2026-03-20 15:40:01,183{GMT}	INFO	[jepsen node n0] maelstrom.db: Setting up n0
2026-03-20 15:40:01,183{GMT}	INFO	[jepsen node n0] maelstrom.process: launching run.sh ["broadcast"]
2026-03-20 15:40:01,338{GMT}	INFO	[jepsen test runner] jepsen.core: Relative time begins now
2026-03-20 15:40:01,356{GMT}	INFO	[jepsen worker 0] jepsen.util: 0	:invoke	:broadcast	0
2026-03-20 15:40:01,356{GMT}	INFO	[jepsen worker nemesis] jepsen.util: :nemesis	:info	:start-partition	:minority-third
2026-03-20 15:40:01,364{GMT}	INFO	[jepsen worker nemesis] jepsen.util: :nemesis	:info	:start-partition	[:isolated {"n0" #{"n2" "n1" "n4" "n3"}, "n2" #{"n0"}, "n1" #{"n0"}, "n4" #{"n0"}, "n3" #{"n0"}}]
2026-03-20 15:40:01,367{GMT}	INFO	[jepsen worker 0] jepsen.util: 0	:ok	:broadcast	0
2026-03-20 15:40:01,371{GMT}	INFO	[jepsen worker 2] jepsen.util: 2	:invoke	:broadcast	1
2026-03-20 15:40:01,377{GMT}	INFO	[jepsen worker 2] jepsen.util: 2	:ok	:broadcast	1
2026-03-20 15:40:01,539{GMT}	INFO	[jepsen worker 3] jepsen.util: 3	:invoke	:broadcast	2
2026-03-20 15:40:01,542{GMT}	INFO	[jepsen worker 3] jepsen.util: 3	:ok	:broadcast	2
2026-03-20 15:40:01,637{GMT}	INFO	[jepsen worker 4] jepsen.util: 4	:invoke	:read	nil
2026-03-20 15:40:01,641{GMT}	INFO	[jepsen worker 4] jepsen.util: 4	:ok	:read	[1 2]
2026-03-20 15:40:01,695{GMT}	INFO	[jepsen worker 0] jepsen.util: 0	:invoke	:broadcast	3
2026-03-20 15:40:01,698{GMT}	INFO	[jepsen worker 0] jepsen.util: 0	:ok	:broadcast	3
2026-03-20 15:40:01,844{GMT}	INFO	[jepsen worker 0] jepsen.util: 0	:invoke	:read	nil
2026-03-20 15:40:01,847{GMT}	INFO	[jepsen worker 0] jepsen.util: 0	:ok	:read	[0 3]
2026-03-20 15:40:01,852{GMT}	INFO	[jepsen worker 1] jepsen.util: 1	:invoke	:broadcast	4
2026-03-20 15:40:01,855{GMT}	INFO	[jepsen worker 1] jepsen.util: 1	:ok	:broadcast	4
2026-03-20 15:40:01,900{GMT}	INFO	[jepsen worker 2] jepsen.util: 2	:invoke	:broadcast	5
2026-03-20 15:40:01,902{GMT}	INFO	[jepsen worker 2] jepsen.util: 2	:ok	:broadcast	5
2026-03-20 15:40:02,072{GMT}	INFO	[jepsen worker 3] jepsen.util: 3	:invoke	:read	nil
2026-03-20 15:40:02,075{GMT}	INFO	[jepsen worker 3] jepsen.util: 3	:ok	:read	[1 2 4 5]
2026-03-20 15:40:02,148{GMT}	INFO	[jepsen worker 4] jepsen.util: 4	:invoke	:broadcast	6
2026-03-20 15:40:02,150{GMT}	INFO	[jepsen worker 4] jepsen.util: 4	:ok	:broadcast	6
2026-03-20 15:40:02,346{GMT}	INFO	[jepsen worker 0] jepsen.util: 0	:invoke	:broadcast	7
2026-03-20 15:40:02,348{GMT}	INFO	[jepsen worker 0] jepsen.util: 0	:ok	:broadcast	7
2026-03-20 15:40:02,459{GMT}	INFO	[jepsen worker 0] jepsen.util: 0	:invoke	:read	nil
2026-03-20 15:40:02,461{GMT}	INFO	[jepsen worker 0] jepsen.util: 0	:ok	:read	[0 3 7]
2026-03-20 15:40:02,638{GMT}	INFO	[jepsen worker 1] jepsen.util: 1	:invoke	:broadcast	8
2026-03-20 15:40:02,640{GMT}	INFO	[jepsen worker 1] jepsen.util: 1	:ok	:broadcast	8
2026-03-20 15:40:02,695{GMT}	INFO	[jepsen worker 2] jepsen.util: 2	:invoke	:broadcast	9
2026-03-20 15:40:02,697{GMT}	INFO	[jepsen worker 2] jepsen.util: 2	:ok	:broadcast	9
2026-03-20 15:40:02,742{GMT}	INFO	[jepsen worker 3] jepsen.util: 3	:invoke	:read	nil
2026-03-20 15:40:02,744{GMT}	INFO	[jepsen worker 3] jepsen.util: 3	:ok	:read	[1 2 4 5 6 8 9]
2026-03-20 15:40:02,886{GMT}	INFO	[jepsen worker 4] jepsen.util: 4	:invoke	:broadcast	10
2026-03-20 15:40:02,888{GMT}	INFO	[jepsen worker 4] jepsen.util: 4	:ok	:broadcast	10
2026-03-20 15:40:03,067{GMT}	INFO	[jepsen worker 0] jepsen.util: 0	:invoke	:broadcast	11
2026-03-20 15:40:03,069{GMT}	INFO	[jepsen worker 0] jepsen.util: 0	:ok	:broadcast	11
2026-03-20 15:40:03,072{GMT}	INFO	[jepsen worker 0] jepsen.util: 0	:invoke	:broadcast	12
2026-03-20 15:40:03,074{GMT}	INFO	[jepsen worker 0] jepsen.util: 0	:ok	:broadcast	12
2026-03-20 15:40:03,249{GMT}	INFO	[jepsen worker 1] jepsen.util: 1	:invoke	:read	nil
2026-03-20 15:40:03,252{GMT}	INFO	[jepsen worker 1] jepsen.util: 1	:ok	:read	[1 2 4 5 6 8 9 10]
2026-03-20 15:40:03,315{GMT}	INFO	[jepsen worker 2] jepsen.util: 2	:invoke	:broadcast	13
2026-03-20 15:40:03,317{GMT}	INFO	[jepsen worker 2] jepsen.util: 2	:ok	:broadcast	13
2026-03-20 15:40:03,446{GMT}	INFO	[jepsen worker 3] jepsen.util: 3	:invoke	:read	nil
2026-03-20 15:40:03,447{GMT}	INFO	[jepsen worker 3] jepsen.util: 3	:ok	:read	[1 2 4 5 6 8 9 10 13]
2026-03-20 15:40:03,463{GMT}	INFO	[jepsen worker 4] jepsen.util: 4	:invoke	:read	nil
2026-03-20 15:40:03,465{GMT}	INFO	[jepsen worker 4] jepsen.util: 4	:ok	:read	[1 2 4 5 6 8 9 10 13]
2026-03-20 15:40:03,504{GMT}	INFO	[jepsen worker 0] jepsen.util: 0	:invoke	:broadcast	14
2026-03-20 15:40:03,506{GMT}	INFO	[jepsen worker 0] jepsen.util: 0	:ok	:broadcast	14
2026-03-20 15:40:03,584{GMT}	INFO	[jepsen worker 0] jepsen.util: 0	:invoke	:read	nil
2026-03-20 15:40:03,586{GMT}	INFO	[jepsen worker 0] jepsen.util: 0	:ok	:read	[0 3 7 11 12 14]
2026-03-20 15:40:03,703{GMT}	INFO	[jepsen worker 1] jepsen.util: 1	:invoke	:read	nil
2026-03-20 15:40:03,705{GMT}	INFO	[jepsen worker 1] jepsen.util: 1	:ok	:read	[1 2 4 5 6 8 9 10 13]
2026-03-20 15:40:03,721{GMT}	INFO	[jepsen worker 2] jepsen.util: 2	:invoke	:read	nil
2026-03-20 15:40:03,723{GMT}	INFO	[jepsen worker 2] jepsen.util: 2	:ok	:read	[1 2 4 5 6 8 9 10 13]
2026-03-20 15:40:03,779{GMT}	INFO	[jepsen worker 3] jepsen.util: 3	:invoke	:broadcast	15
2026-03-20 15:40:03,781{GMT}	INFO	[jepsen worker 3] jepsen.util: 3	:ok	:broadcast	15
2026-03-20 15:40:03,887{GMT}	INFO	[jepsen worker 4] jepsen.util: 4	:invoke	:read	nil
2026-03-20 15:40:03,888{GMT}	INFO	[jepsen worker 4] jepsen.util: 4	:ok	:read	[1 2 4 5 6 8 9 10 13 15]
2026-03-20 15:40:03,958{GMT}	INFO	[jepsen worker 0] jepsen.util: 0	:invoke	:broadcast	16
2026-03-20 15:40:03,960{GMT}	INFO	[jepsen worker 0] jepsen.util: 0	:ok	:broadcast	16
2026-03-20 15:40:04,113{GMT}	INFO	[jepsen worker 0] jepsen.util: 0	:invoke	:broadcast	17
2026-03-20 15:40:04,115{GMT}	INFO	[jepsen worker 0] jepsen.util: 0	:ok	:broadcast	17
2026-03-20 15:40:04,158{GMT}	INFO	[jepsen worker 1] jepsen.util: 1	:invoke	:broadcast	18
2026-03-20 15:40:04,160{GMT}	INFO	[jepsen worker 1] jepsen.util: 1	:ok	:broadcast	18
2026-03-20 15:40:04,233{GMT}	INFO	[jepsen worker 2] jepsen.util: 2	:invoke	:broadcast	19
2026-03-20 15:40:04,234{GMT}	INFO	[jepsen worker 2] jepsen.util: 2	:ok	:broadcast	19
2026-03-20 15:40:04,382{GMT}	INFO	[jepsen worker 3] jepsen.util: 3	:invoke	:read	nil
2026-03-20 15:40:04,384{GMT}	INFO	[jepsen worker 3] jepsen.util: 3	:ok	:read	[1 2 4 5 6 8 9 10 13 15 18 19]
2026-03-20 15:40:04,511{GMT}	INFO	[jepsen worker 4] jepsen.util: 4	:invoke	:read	nil
2026-03-20 15:40:04,513{GMT}	INFO	[jepsen worker 4] jepsen.util: 4	:ok	:read	[1 2 4 5 6 8 9 10 13 15 18 19]
2026-03-20 15:40:04,595{GMT}	INFO	[jepsen worker 0] jepsen.util: 0	:invoke	:read	nil
2026-03-20 15:40:04,597{GMT}	INFO	[jepsen worker 0] jepsen.util: 0	:ok	:read	[0 3 7 11 12 14 16 17]
2026-03-20 15:40:04,778{GMT}	INFO	[jepsen worker 0] jepsen.util: 0	:invoke	:read	nil
2026-03-20 15:40:04,779{GMT}	INFO	[jepsen worker 0] jepsen.util: 0	:ok	:read	[0 3 7 11 12 14 16 17]
2026-03-20 15:40:04,836{GMT}	INFO	[jepsen worker 1] jepsen.util: 1	:invoke	:broadcast	20
2026-03-20 15:40:04,838{GMT}	INFO	[jepsen worker 1] jepsen.util: 1	:ok	:broadcast	20
2026-03-20 15:40:04,884{GMT}	INFO	[jepsen worker 2] jepsen.util: 2	:invoke	:broadcast	21
2026-03-20 15:40:04,886{GMT}	INFO	[jepsen worker 2] jepsen.util: 2	:ok	:broadcast	21
2026-03-20 15:40:04,925{GMT}	INFO	[jepsen worker 3] jepsen.util: 3	:invoke	:read	nil
2026-03-20 15:40:04,927{GMT}	INFO	[jepsen worker 3] jepsen.util: 3	:ok	:read	[1 2 4 5 6 8 9 10 13 15 18 19 20 21]
2026-03-20 15:40:04,959{GMT}	INFO	[jepsen worker 4] jepsen.util: 4	:invoke	:broadcast	22
2026-03-20 15:40:04,961{GMT}	INFO	[jepsen worker 4] jepsen.util: 4	:ok	:broadcast	22
2026-03-20 15:40:05,001{GMT}	INFO	[jepsen worker 0] jepsen.util: 0	:invoke	:read	nil
2026-03-20 15:40:05,002{GMT}	INFO	[jepsen worker 0] jepsen.util: 0	:ok	:read	[0 3 7 11 12 14 16 17]
2026-03-20 15:40:05,082{GMT}	INFO	[jepsen worker 0] jepsen.util: 0	:invoke	:read	nil
2026-03-20 15:40:05,084{GMT}	INFO	[jepsen worker 0] jepsen.util: 0	:ok	:read	[0 3 7 11 12 14 16 17]
2026-03-20 15:40:05,212{GMT}	INFO	[jepsen worker 1] jepsen.util: 1	:invoke	:broadcast	23
2026-03-20 15:40:05,213{GMT}	INFO	[jepsen worker 1] jepsen.util: 1	:ok	:broadcast	23
2026-03-20 15:40:05,288{GMT}	INFO	[jepsen worker 2] jepsen.util: 2	:invoke	:read	nil
2026-03-20 15:40:05,290{GMT}	INFO	[jepsen worker 2] jepsen.util: 2	:ok	:read	[1 2 4 5 6 8 9 10 13 15 18 19 20 21 22 23]
2026-03-20 15:40:05,293{GMT}	INFO	[jepsen worker 3] jepsen.util: 3	:invoke	:read	nil
2026-03-20 15:40:05,294{GMT}	INFO	[jepsen worker 3] jepsen.util: 3	:ok	:read	[1 2 4 5 6 8 9 10 13 15 18 19 20 21 22 23]
2026-03-20 15:40:05,448{GMT}	INFO	[jepsen worker 4] jepsen.util: 4	:invoke	:broadcast	24
2026-03-20 15:40:05,450{GMT}	INFO	[jepsen worker 4] jepsen.util: 4	:ok	:broadcast	24
2026-03-20 15:40:05,568{GMT}	INFO	[jepsen worker 0] jepsen.util: 0	:invoke	:broadcast	25
2026-03-20 15:40:05,570{GMT}	INFO	[jepsen worker 0] jepsen.util: 0	:ok	:broadcast	25
2026-03-20 15:40:05,620{GMT}	INFO	[jepsen worker 0] jepsen.util: 0	:invoke	:read	nil
2026-03-20 15:40:05,622{GMT}	INFO	[jepsen worker 0] jepsen.util: 0	:ok	:read	[0 3 7 11 12 14 16 17 25]
2026-03-20 15:40:05,794{GMT}	INFO	[jepsen worker 1] jepsen.util: 1	:invoke	:read	nil
2026-03-20 15:40:05,796{GMT}	INFO	[jepsen worker 1] jepsen.util: 1	:ok	:read	[1 2 4 5 6 8 9 10 13 15 18 19 20 21 22 23 24]
2026-03-20 15:40:05,921{GMT}	INFO	[jepsen worker 2] jepsen.util: 2	:invoke	:broadcast	26
2026-03-20 15:40:05,923{GMT}	INFO	[jepsen worker 2] jepsen.util: 2	:ok	:broadcast	26
2026-03-20 15:40:06,021{GMT}	INFO	[jepsen worker 3] jepsen.util: 3	:invoke	:read	nil
2026-03-20 15:40:06,023{GMT}	INFO	[jepsen worker 3] jepsen.util: 3	:ok	:read	[1 2 4 5 6 8 9 10 13 15 18 19 20 21 22 23 24 26]
2026-03-20 15:40:06,079{GMT}	INFO	[jepsen worker 4] jepsen.util: 4	:invoke	:broadcast	27
2026-03-20 15:40:06,081{GMT}	INFO	[jepsen worker 4] jepsen.util: 4	:ok	:broadcast	27
2026-03-20 15:40:06,091{GMT}	INFO	[jepsen worker 0] jepsen.util: 0	:invoke	:broadcast	28
2026-03-20 15:40:06,093{GMT}	INFO	[jepsen worker 0] jepsen.util: 0	:ok	:broadcast	28
2026-03-20 15:40:06,278{GMT}	INFO	[jepsen worker 0] jepsen.util: 0	:invoke	:read	nil
2026-03-20 15:40:06,279{GMT}	INFO	[jepsen worker 0] jepsen.util: 0	:ok	:read	[0 3 7 11 12 14 16 17 25 28]
2026-03-20 15:40:06,475{GMT}	INFO	[jepsen worker 1] jepsen.util: 1	:invoke	:broadcast	29
2026-03-20 15:40:06,476{GMT}	INFO	[jepsen worker 1] jepsen.util: 1	:ok	:broadcast	29
2026-03-20 15:40:06,641{GMT}	INFO	[jepsen worker 2] jepsen.util: 2	:invoke	:read	nil
2026-03-20 15:40:06,642{GMT}	INFO	[jepsen worker 2] jepsen.util: 2	:ok	:read	[1 2 4 5 6 8 9 10 13 15 18 19 20 21 22 23 24 26 27 29]
2026-03-20 15:40:06,758{GMT}	INFO	[jepsen worker 3] jepsen.util: 3	:invoke	:broadcast	30
2026-03-20 15:40:06,760{GMT}	INFO	[jepsen worker 3] jepsen.util: 3	:ok	:broadcast	30
2026-03-20 15:40:06,941{GMT}	INFO	[jepsen worker 4] jepsen.util: 4	:invoke	:broadcast	31
2026-03-20 15:40:06,943{GMT}	INFO	[jepsen worker 4] jepsen.util: 4	:ok	:broadcast	31
2026-03-20 15:40:07,097{GMT}	INFO	[jepsen worker 0] jepsen.util: 0	:invoke	:broadcast	32
2026-03-20 15:40:07,098{GMT}	INFO	[jepsen worker 0] jepsen.util: 0	:ok	:broadcast	32
2026-03-20 15:40:07,270{GMT}	INFO	[jepsen worker 0] jepsen.util: 0	:invoke	:broadcast	33
2026-03-20 15:40:07,271{GMT}	INFO	[jepsen worker 0] jepsen.util: 0	:ok	:broadcast	33
2026-03-20 15:40:07,401{GMT}	INFO	[jepsen worker 1] jepsen.util: 1	:invoke	:broadcast	34
2026-03-20 15:40:07,403{GMT}	INFO	[jepsen worker 1] jepsen.util: 1	:ok	:broadcast	34
2026-03-20 15:40:07,537{GMT}	INFO	[jepsen worker 2] jepsen.util: 2	:invoke	:read	nil
2026-03-20 15:40:07,539{GMT}	INFO	[jepsen worker 2] jepsen.util: 2	:ok	:read	[1 2 4 5 6 8 9 10 13 15 18 19 20 21 22 23 24 26 27 29 30 31 34]
2026-03-20 15:40:07,563{GMT}	INFO	[jepsen worker 3] jepsen.util: 3	:invoke	:read	nil
2026-03-20 15:40:07,564{GMT}	INFO	[jepsen worker 3] jepsen.util: 3	:ok	:read	[1 2 4 5 6 8 9 10 13 15 18 19 20 21 22 23 24 26 27 29 30 31 34]
2026-03-20 15:40:07,681{GMT}	INFO	[jepsen worker 4] jepsen.util: 4	:invoke	:read	nil
2026-03-20 15:40:07,682{GMT}	INFO	[jepsen worker 4] jepsen.util: 4	:ok	:read	[1 2 4 5 6 8 9 10 13 15 18 19 20 21 22 23 24 26 27 29 30 31 34]
2026-03-20 15:40:07,803{GMT}	INFO	[jepsen worker 0] jepsen.util: 0	:invoke	:read	nil
2026-03-20 15:40:07,804{GMT}	INFO	[jepsen worker 0] jepsen.util: 0	:ok	:read	[0 3 7 11 12 14 16 17 25 28 32 33]
2026-03-20 15:40:07,934{GMT}	INFO	[jepsen worker 0] jepsen.util: 0	:invoke	:broadcast	35
2026-03-20 15:40:07,936{GMT}	INFO	[jepsen worker 0] jepsen.util: 0	:ok	:broadcast	35
2026-03-20 15:40:07,995{GMT}	INFO	[jepsen worker 1] jepsen.util: 1	:invoke	:broadcast	36
2026-03-20 15:40:07,997{GMT}	INFO	[jepsen worker 1] jepsen.util: 1	:ok	:broadcast	36
2026-03-20 15:40:08,191{GMT}	INFO	[jepsen worker 2] jepsen.util: 2	:invoke	:read	nil
2026-03-20 15:40:08,192{GMT}	INFO	[jepsen worker 2] jepsen.util: 2	:ok	:read	[1 2 4 5 6 8 9 10 13 15 18 19 20 21 22 23 24 26 27 29 30 31 34 36]
2026-03-20 15:40:08,301{GMT}	INFO	[jepsen worker 3] jepsen.util: 3	:invoke	:broadcast	37
2026-03-20 15:40:08,303{GMT}	INFO	[jepsen worker 3] jepsen.util: 3	:ok	:broadcast	37
2026-03-20 15:40:08,412{GMT}	INFO	[jepsen worker 4] jepsen.util: 4	:invoke	:read	nil
2026-03-20 15:40:08,414{GMT}	INFO	[jepsen worker 0] jepsen.util: 0	:invoke	:broadcast	38
2026-03-20 15:40:08,414{GMT}	INFO	[jepsen worker 4] jepsen.util: 4	:ok	:read	[1 2 4 5 6 8 9 10 13 15 18 19 20 21 22 23 24 26 27 29 30 31 34 36 37]
2026-03-20 15:40:08,415{GMT}	INFO	[jepsen worker 0] jepsen.util: 0	:ok	:broadcast	38
2026-03-20 15:40:08,612{GMT}	INFO	[jepsen worker 0] jepsen.util: 0	:invoke	:read	nil
2026-03-20 15:40:08,614{GMT}	INFO	[jepsen worker 0] jepsen.util: 0	:ok	:read	[0 3 7 11 12 14 16 17 25 28 32 33 35 38]
2026-03-20 15:40:08,639{GMT}	INFO	[jepsen worker 1] jepsen.util: 1	:invoke	:read	nil
2026-03-20 15:40:08,640{GMT}	INFO	[jepsen worker 1] jepsen.util: 1	:ok	:read	[1 2 4 5 6 8 9 10 13 15 18 19 20 21 22 23 24 26 27 29 30 31 34 36 37]
2026-03-20 15:40:08,672{GMT}	INFO	[jepsen worker 2] jepsen.util: 2	:invoke	:read	nil
2026-03-20 15:40:08,673{GMT}	INFO	[jepsen worker 2] jepsen.util: 2	:ok	:read	[1 2 4 5 6 8 9 10 13 15 18 19 20 21 22 23 24 26 27 29 30 31 34 36 37]
2026-03-20 15:40:08,855{GMT}	INFO	[jepsen worker 3] jepsen.util: 3	:invoke	:read	nil
2026-03-20 15:40:08,857{GMT}	INFO	[jepsen worker 3] jepsen.util: 3	:ok	:read	[1 2 4 5 6 8 9 10 13 15 18 19 20 21 22 23 24 26 27 29 30 31 34 36 37]
2026-03-20 15:40:08,995{GMT}	INFO	[jepsen worker 4] jepsen.util: 4	:invoke	:broadcast	39
2026-03-20 15:40:08,996{GMT}	INFO	[jepsen worker 4] jepsen.util: 4	:ok	:broadcast	39
2026-03-20 15:40:09,066{GMT}	INFO	[jepsen worker 0] jepsen.util: 0	:invoke	:broadcast	40
2026-03-20 15:40:09,068{GMT}	INFO	[jepsen worker 0] jepsen.util: 0	:ok	:broadcast	40
2026-03-20 15:40:09,104{GMT}	INFO	[jepsen worker 0] jepsen.util: 0	:invoke	:broadcast	41
2026-03-20 15:40:09,106{GMT}	INFO	[jepsen worker 0] jepsen.util: 0	:ok	:broadcast	41
2026-03-20 15:40:09,173{GMT}	INFO	[jepsen worker 1] jepsen.util: 1	:invoke	:read	nil
2026-03-20 15:40:09,175{GMT}	INFO	[jepsen worker 1] jepsen.util: 1	:ok	:read	[1 2 4 5 6 8 9 10 13 15 18 19 20 21 22 23 24 26 27 29 30 31 34 36 37 39]
2026-03-20 15:40:09,187{GMT}	INFO	[jepsen worker 2] jepsen.util: 2	:invoke	:read	nil
2026-03-20 15:40:09,189{GMT}	INFO	[jepsen worker 2] jepsen.util: 2	:ok	:read	[1 2 4 5 6 8 9 10 13 15 18 19 20 21 22 23 24 26 27 29 30 31 34 36 37 39]
2026-03-20 15:40:09,225{GMT}	INFO	[jepsen worker 3] jepsen.util: 3	:invoke	:broadcast	42
2026-03-20 15:40:09,226{GMT}	INFO	[jepsen worker 3] jepsen.util: 3	:ok	:broadcast	42
2026-03-20 15:40:09,356{GMT}	INFO	[jepsen worker 4] jepsen.util: 4	:invoke	:read	nil
2026-03-20 15:40:09,358{GMT}	INFO	[jepsen worker 4] jepsen.util: 4	:ok	:read	[1 2 4 5 6 8 9 10 13 15 18 19 20 21 22 23 24 26 27 29 30 31 34 36 37 39 42]
2026-03-20 15:40:09,511{GMT}	INFO	[jepsen worker 0] jepsen.util: 0	:invoke	:read	nil
2026-03-20 15:40:09,512{GMT}	INFO	[jepsen worker 0] jepsen.util: 0	:ok	:read	[0 3 7 11 12 14 16 17 25 28 32 33 35 38 40 41]
2026-03-20 15:40:09,586{GMT}	INFO	[jepsen worker 0] jepsen.util: 0	:invoke	:read	nil
2026-03-20 15:40:09,587{GMT}	INFO	[jepsen worker 0] jepsen.util: 0	:ok	:read	[0 3 7 11 12 14 16 17 25 28 32 33 35 38 40 41]
2026-03-20 15:40:09,683{GMT}	INFO	[jepsen worker 1] jepsen.util: 1	:invoke	:broadcast	43
2026-03-20 15:40:09,685{GMT}	INFO	[jepsen worker 1] jepsen.util: 1	:ok	:broadcast	43
2026-03-20 15:40:09,820{GMT}	INFO	[jepsen worker 2] jepsen.util: 2	:invoke	:broadcast	44
2026-03-20 15:40:09,821{GMT}	INFO	[jepsen worker 2] jepsen.util: 2	:ok	:broadcast	44
2026-03-20 15:40:09,983{GMT}	INFO	[jepsen worker 3] jepsen.util: 3	:invoke	:read	nil
2026-03-20 15:40:09,984{GMT}	INFO	[jepsen worker 3] jepsen.util: 3	:ok	:read	[1 2 4 5 6 8 9 10 13 15 18 19 20 21 22 23 24 26 27 29 30 31 34 36 37 39 42 43 44]
2026-03-20 15:40:09,995{GMT}	INFO	[jepsen worker 4] jepsen.util: 4	:invoke	:broadcast	45
2026-03-20 15:40:09,996{GMT}	INFO	[jepsen worker 4] jepsen.util: 4	:ok	:broadcast	45
2026-03-20 15:40:10,101{GMT}	INFO	[jepsen worker 0] jepsen.util: 0	:invoke	:read	nil
2026-03-20 15:40:10,103{GMT}	INFO	[jepsen worker 0] jepsen.util: 0	:ok	:read	[0 3 7 11 12 14 16 17 25 28 32 33 35 38 40 41]
2026-03-20 15:40:10,285{GMT}	INFO	[jepsen worker 0] jepsen.util: 0	:invoke	:broadcast	46
2026-03-20 15:40:10,287{GMT}	INFO	[jepsen worker 0] jepsen.util: 0	:ok	:broadcast	46
2026-03-20 15:40:10,441{GMT}	INFO	[jepsen worker 1] jepsen.util: 1	:invoke	:read	nil
2026-03-20 15:40:10,443{GMT}	INFO	[jepsen worker 1] jepsen.util: 1	:ok	:read	[1 2 4 5 6 8 9 10 13 15 18 19 20 21 22 23 24 26 27 29 30 31 34 36 37 39 42 43 44 45]
2026-03-20 15:40:10,568{GMT}	INFO	[jepsen worker 2] jepsen.util: 2	:invoke	:read	nil
2026-03-20 15:40:10,570{GMT}	INFO	[jepsen worker 2] jepsen.util: 2	:ok	:read	[1 2 4 5 6 8 9 10 13 15 18 19 20 21 22 23 24 26 27 29 30 31 34 36 37 39 42 43 44 45]
2026-03-20 15:40:10,578{GMT}	INFO	[jepsen worker 3] jepsen.util: 3	:invoke	:broadcast	47
2026-03-20 15:40:10,580{GMT}	INFO	[jepsen worker 3] jepsen.util: 3	:ok	:broadcast	47
2026-03-20 15:40:10,622{GMT}	INFO	[jepsen worker 4] jepsen.util: 4	:invoke	:read	nil
2026-03-20 15:40:10,623{GMT}	INFO	[jepsen worker 4] jepsen.util: 4	:ok	:read	[1 2 4 5 6 8 9 10 13 15 18 19 20 21 22 23 24 26 27 29 30 31 34 36 37 39 42 43 44 45 47]
2026-03-20 15:40:10,654{GMT}	INFO	[jepsen worker 0] jepsen.util: 0	:invoke	:read	nil
2026-03-20 15:40:10,656{GMT}	INFO	[jepsen worker 0] jepsen.util: 0	:ok	:read	[0 3 7 11 12 14 16 17 25 28 32 33 35 38 40 41 46]
2026-03-20 15:40:10,822{GMT}	INFO	[jepsen worker 0] jepsen.util: 0	:invoke	:broadcast	48
2026-03-20 15:40:10,824{GMT}	INFO	[jepsen worker 0] jepsen.util: 0	:ok	:broadcast	48
2026-03-20 15:40:10,905{GMT}	INFO	[jepsen worker 1] jepsen.util: 1	:invoke	:read	nil
2026-03-20 15:40:10,907{GMT}	INFO	[jepsen worker 1] jepsen.util: 1	:ok	:read	[1 2 4 5 6 8 9 10 13 15 18 19 20 21 22 23 24 26 27 29 30 31 34 36 37 39 42 43 44 45 47]
2026-03-20 15:40:10,945{GMT}	INFO	[jepsen worker 2] jepsen.util: 2	:invoke	:read	nil
2026-03-20 15:40:10,947{GMT}	INFO	[jepsen worker 2] jepsen.util: 2	:ok	:read	[1 2 4 5 6 8 9 10 13 15 18 19 20 21 22 23 24 26 27 29 30 31 34 36 37 39 42 43 44 45 47]
2026-03-20 15:40:11,103{GMT}	INFO	[jepsen worker 3] jepsen.util: 3	:invoke	:broadcast	49
2026-03-20 15:40:11,105{GMT}	INFO	[jepsen worker 3] jepsen.util: 3	:ok	:broadcast	49
2026-03-20 15:40:11,238{GMT}	INFO	[jepsen worker nemesis] jepsen.util: :nemesis	:info	:stop-partition	nil
2026-03-20 15:40:11,238{GMT}	INFO	[jepsen worker nemesis] jepsen.util: :nemesis	:info	:stop-partition	:network-healed
2026-03-20 15:40:11,264{GMT}	INFO	[jepsen worker 0] jepsen.util: 0	:invoke	:read	nil
2026-03-20 15:40:11,265{GMT}	INFO	[jepsen worker 0] jepsen.util: 0	:ok	:read	[0 3 7 11 12 14 16 17 25 28 32 33 35 38 40 41 46 48]
2026-03-20 15:40:11,409{GMT}	INFO	[jepsen worker 0] jepsen.util: 0	:invoke	:broadcast	50
2026-03-20 15:40:11,411{GMT}	INFO	[jepsen worker 0] jepsen.util: 0	:ok	:broadcast	50
2026-03-20 15:40:11,552{GMT}	INFO	[jepsen worker 1] jepsen.util: 1	:invoke	:read	nil
2026-03-20 15:40:11,554{GMT}	INFO	[jepsen worker 1] jepsen.util: 1	:ok	:read	[1 2 4 5 6 8 9 10 13 15 18 19 20 21 22 23 24 26 27 29 30 31 34 36 37 39 42 43 44 45 47 49 50 50]
2026-03-20 15:40:11,554{GMT}	INFO	[jepsen worker 2] jepsen.util: 2	:invoke	:read	nil
2026-03-20 15:40:11,555{GMT}	INFO	[jepsen worker 2] jepsen.util: 2	:ok	:read	[1 2 4 5 6 8 9 10 13 15 18 19 20 21 22 23 24 26 27 29 30 31 34 36 37 39 42 43 44 45 47 49 50 50]
2026-03-20 15:40:11,726{GMT}	INFO	[jepsen worker 3] jepsen.util: 3	:invoke	:read	nil
2026-03-20 15:40:11,728{GMT}	INFO	[jepsen worker 3] jepsen.util: 3	:ok	:read	[1 2 4 5 6 8 9 10 13 15 18 19 20 21 22 23 24 26 27 29 30 31 34 36 37 39 42 43 44 45 47 49 50 50]
2026-03-20 15:40:11,776{GMT}	INFO	[jepsen worker 4] jepsen.util: 4	:invoke	:broadcast	51
2026-03-20 15:40:11,778{GMT}	INFO	[jepsen worker 4] jepsen.util: 4	:ok	:broadcast	51
2026-03-20 15:40:11,858{GMT}	INFO	[jepsen worker 0] jepsen.util: 0	:invoke	:read	nil
2026-03-20 15:40:11,860{GMT}	INFO	[jepsen worker 0] jepsen.util: 0	:ok	:read	[0 3 7 11 12 14 16 17 25 28 32 33 35 38 40 41 46 48 50 51 51]
2026-03-20 15:40:11,998{GMT}	INFO	[jepsen worker 0] jepsen.util: 0	:invoke	:broadcast	52
2026-03-20 15:40:12,000{GMT}	INFO	[jepsen worker 0] jepsen.util: 0	:ok	:broadcast	52
2026-03-20 15:40:12,178{GMT}	INFO	[jepsen worker 1] jepsen.util: 1	:invoke	:read	nil
2026-03-20 15:40:12,180{GMT}	INFO	[jepsen worker 1] jepsen.util: 1	:ok	:read	[1 2 4 5 6 8 9 10 13 15 18 19 20 21 22 23 24 26 27 29 30 31 34 36 37 39 42 43 44 45 47 49 50 50 51 51 52 52]
2026-03-20 15:40:12,336{GMT}	INFO	[jepsen worker 2] jepsen.util: 2	:invoke	:broadcast	53
2026-03-20 15:40:12,337{GMT}	INFO	[jepsen worker 2] jepsen.util: 2	:ok	:broadcast	53
2026-03-20 15:40:12,443{GMT}	INFO	[jepsen worker 3] jepsen.util: 3	:invoke	:broadcast	54
2026-03-20 15:40:12,444{GMT}	INFO	[jepsen worker 3] jepsen.util: 3	:ok	:broadcast	54
2026-03-20 15:40:12,535{GMT}	INFO	[jepsen worker 4] jepsen.util: 4	:invoke	:broadcast	55
2026-03-20 15:40:12,537{GMT}	INFO	[jepsen worker 4] jepsen.util: 4	:ok	:broadcast	55
2026-03-20 15:40:12,676{GMT}	INFO	[jepsen worker 0] jepsen.util: 0	:invoke	:read	nil
2026-03-20 15:40:12,677{GMT}	INFO	[jepsen worker 0] jepsen.util: 0	:ok	:read	[0 3 7 11 12 14 16 17 25 28 32 33 35 38 40 41 46 48 50 51 51 52 53 53 54 54 55 55]
2026-03-20 15:40:12,821{GMT}	INFO	[jepsen worker 0] jepsen.util: 0	:invoke	:broadcast	56
2026-03-20 15:40:12,823{GMT}	INFO	[jepsen worker 0] jepsen.util: 0	:ok	:broadcast	56
2026-03-20 15:40:12,895{GMT}	INFO	[jepsen worker 1] jepsen.util: 1	:invoke	:read	nil
2026-03-20 15:40:12,897{GMT}	INFO	[jepsen worker 1] jepsen.util: 1	:ok	:read	[1 2 4 5 6 8 9 10 13 15 18 19 20 21 22 23 24 26 27 29 30 31 34 36 37 39 42 43 44 45 47 49 50 50 51 51 52 52 53 54 54 55 55 56 56]
2026-03-20 15:40:13,094{GMT}	INFO	[jepsen worker 2] jepsen.util: 2	:invoke	:broadcast	57
2026-03-20 15:40:13,095{GMT}	INFO	[jepsen worker 2] jepsen.util: 2	:ok	:broadcast	57
2026-03-20 15:40:13,153{GMT}	INFO	[jepsen worker 3] jepsen.util: 3	:invoke	:broadcast	58
2026-03-20 15:40:13,154{GMT}	INFO	[jepsen worker 3] jepsen.util: 3	:ok	:broadcast	58
2026-03-20 15:40:13,252{GMT}	INFO	[jepsen worker 4] jepsen.util: 4	:invoke	:read	nil
2026-03-20 15:40:13,254{GMT}	INFO	[jepsen worker 4] jepsen.util: 4	:ok	:read	[1 2 4 5 6 8 9 10 13 15 18 19 20 21 22 23 24 26 27 29 30 31 34 36 37 39 42 43 44 45 47 49 50 50 51 52 52 53 53 54 54 55 56 56 57 57 58 58]
2026-03-20 15:40:13,392{GMT}	INFO	[jepsen worker 0] jepsen.util: 0	:invoke	:broadcast	59
2026-03-20 15:40:13,394{GMT}	INFO	[jepsen worker 0] jepsen.util: 0	:ok	:broadcast	59
2026-03-20 15:40:13,499{GMT}	INFO	[jepsen worker 0] jepsen.util: 0	:invoke	:broadcast	60
2026-03-20 15:40:13,501{GMT}	INFO	[jepsen worker 0] jepsen.util: 0	:ok	:broadcast	60
2026-03-20 15:40:13,603{GMT}	INFO	[jepsen worker 1] jepsen.util: 1	:invoke	:read	nil
2026-03-20 15:40:13,604{GMT}	INFO	[jepsen worker 1] jepsen.util: 1	:ok	:read	[1 2 4 5 6 8 9 10 13 15 18 19 20 21 22 23 24 26 27 29 30 31 34 36 37 39 42 43 44 45 47 49 50 50 51 51 52 52 53 54 54 55 55 56 56 57 58 58 59 59 60 60]
2026-03-20 15:40:13,613{GMT}	INFO	[jepsen worker 2] jepsen.util: 2	:invoke	:broadcast	61
2026-03-20 15:40:13,614{GMT}	INFO	[jepsen worker 2] jepsen.util: 2	:ok	:broadcast	61
2026-03-20 15:40:13,727{GMT}	INFO	[jepsen worker 3] jepsen.util: 3	:invoke	:broadcast	62
2026-03-20 15:40:13,728{GMT}	INFO	[jepsen worker 3] jepsen.util: 3	:ok	:broadcast	62
2026-03-20 15:40:13,764{GMT}	INFO	[jepsen worker 4] jepsen.util: 4	:invoke	:broadcast	63
2026-03-20 15:40:13,766{GMT}	INFO	[jepsen worker 4] jepsen.util: 4	:ok	:broadcast	63
2026-03-20 15:40:13,897{GMT}	INFO	[jepsen worker 0] jepsen.util: 0	:invoke	:read	nil
2026-03-20 15:40:13,899{GMT}	INFO	[jepsen worker 0] jepsen.util: 0	:ok	:read	[0 3 7 11 12 14 16 17 25 28 32 33 35 38 40 41 46 48 50 51 51 52 53 53 54 54 55 55 56 57 57 58 58 59 60 61 61 62 62 63 63]
2026-03-20 15:40:13,994{GMT}	INFO	[jepsen worker 0] jepsen.util: 0	:invoke	:read	nil
2026-03-20 15:40:13,996{GMT}	INFO	[jepsen worker 0] jepsen.util: 0	:ok	:read	[0 3 7 11 12 14 16 17 25 28 32 33 35 38 40 41 46 48 50 51 51 52 53 53 54 54 55 55 56 57 57 58 58 59 60 61 61 62 62 63 63]
2026-03-20 15:40:14,164{GMT}	INFO	[jepsen worker 1] jepsen.util: 1	:invoke	:read	nil
2026-03-20 15:40:14,166{GMT}	INFO	[jepsen worker 1] jepsen.util: 1	:ok	:read	[1 2 4 5 6 8 9 10 13 15 18 19 20 21 22 23 24 26 27 29 30 31 34 36 37 39 42 43 44 45 47 49 50 50 51 51 52 52 53 54 54 55 55 56 56 57 58 58 59 59 60 60 61 62 62 63 63]
2026-03-20 15:40:14,204{GMT}	INFO	[jepsen worker 2] jepsen.util: 2	:invoke	:read	nil
2026-03-20 15:40:14,205{GMT}	INFO	[jepsen worker 2] jepsen.util: 2	:ok	:read	[1 2 4 5 6 8 9 10 13 15 18 19 20 21 22 23 24 26 27 29 30 31 34 36 37 39 42 43 44 45 47 49 50 50 51 51 52 52 53 54 54 55 55 56 56 57 58 58 59 59 60 60 61 62 62 63 63]
2026-03-20 15:40:14,397{GMT}	INFO	[jepsen worker 3] jepsen.util: 3	:invoke	:broadcast	64
2026-03-20 15:40:14,398{GMT}	INFO	[jepsen worker 3] jepsen.util: 3	:ok	:broadcast	64
2026-03-20 15:40:14,486{GMT}	INFO	[jepsen worker 4] jepsen.util: 4	:invoke	:read	nil
2026-03-20 15:40:14,487{GMT}	INFO	[jepsen worker 4] jepsen.util: 4	:ok	:read	[1 2 4 5 6 8 9 10 13 15 18 19 20 21 22 23 24 26 27 29 30 31 34 36 37 39 42 43 44 45 47 49 50 50 51 52 52 53 53 54 54 55 56 56 57 57 58 58 59 59 60 60 61 61 62 62 63 64 64]
2026-03-20 15:40:14,516{GMT}	INFO	[jepsen worker 0] jepsen.util: 0	:invoke	:read	nil
2026-03-20 15:40:14,518{GMT}	INFO	[jepsen worker 0] jepsen.util: 0	:ok	:read	[0 3 7 11 12 14 16 17 25 28 32 33 35 38 40 41 46 48 50 51 51 52 53 53 54 54 55 55 56 57 57 58 58 59 60 61 61 62 62 63 63 64 64]
2026-03-20 15:40:14,694{GMT}	INFO	[jepsen worker 0] jepsen.util: 0	:invoke	:read	nil
2026-03-20 15:40:14,695{GMT}	INFO	[jepsen worker 0] jepsen.util: 0	:ok	:read	[0 3 7 11 12 14 16 17 25 28 32 33 35 38 40 41 46 48 50 51 51 52 53 53 54 54 55 55 56 57 57 58 58 59 60 61 61 62 62 63 63 64 64]
2026-03-20 15:40:14,823{GMT}	INFO	[jepsen worker 1] jepsen.util: 1	:invoke	:broadcast	65
2026-03-20 15:40:14,825{GMT}	INFO	[jepsen worker 1] jepsen.util: 1	:ok	:broadcast	65
2026-03-20 15:40:14,843{GMT}	INFO	[jepsen worker 2] jepsen.util: 2	:invoke	:read	nil
2026-03-20 15:40:14,844{GMT}	INFO	[jepsen worker 2] jepsen.util: 2	:ok	:read	[1 2 4 5 6 8 9 10 13 15 18 19 20 21 22 23 24 26 27 29 30 31 34 36 37 39 42 43 44 45 47 49 50 50 51 51 52 52 53 54 54 55 55 56 56 57 58 58 59 59 60 60 61 62 62 63 63 64 64 65]
2026-03-20 15:40:14,955{GMT}	INFO	[jepsen worker 3] jepsen.util: 3	:invoke	:read	nil
2026-03-20 15:40:14,956{GMT}	INFO	[jepsen worker 3] jepsen.util: 3	:ok	:read	[1 2 4 5 6 8 9 10 13 15 18 19 20 21 22 23 24 26 27 29 30 31 34 36 37 39 42 43 44 45 47 49 50 50 51 51 52 52 53 53 54 55 55 56 56 57 57 58 59 59 60 60 61 61 62 63 63 64 65 65]
2026-03-20 15:40:14,977{GMT}	INFO	[jepsen worker 4] jepsen.util: 4	:invoke	:broadcast	66
2026-03-20 15:40:14,979{GMT}	INFO	[jepsen worker 4] jepsen.util: 4	:ok	:broadcast	66
2026-03-20 15:40:15,177{GMT}	INFO	[jepsen worker 0] jepsen.util: 0	:invoke	:read	nil
2026-03-20 15:40:15,179{GMT}	INFO	[jepsen worker 0] jepsen.util: 0	:ok	:read	[0 3 7 11 12 14 16 17 25 28 32 33 35 38 40 41 46 48 50 51 51 52 53 53 54 54 55 55 56 57 57 58 58 59 60 61 61 62 62 63 63 64 64 65 65 66 66]
2026-03-20 15:40:15,231{GMT}	INFO	[jepsen worker nemesis] jepsen.util: :nemesis	:info	:start-partition	:one
2026-03-20 15:40:15,233{GMT}	INFO	[jepsen worker nemesis] jepsen.util: :nemesis	:info	:start-partition	[:isolated {"n4" #{"n2" "n1" "n0" "n3"}, "n2" #{"n4"}, "n1" #{"n4"}, "n0" #{"n4"}, "n3" #{"n4"}}]
2026-03-20 15:40:15,272{GMT}	INFO	[jepsen worker 1] jepsen.util: 1	:invoke	:read	nil
2026-03-20 15:40:15,274{GMT}	INFO	[jepsen worker 1] jepsen.util: 1	:ok	:read	[1 2 4 5 6 8 9 10 13 15 18 19 20 21 22 23 24 26 27 29 30 31 34 36 37 39 42 43 44 45 47 49 50 50 51 51 52 52 53 54 54 55 55 56 56 57 58 58 59 59 60 60 61 62 62 63 63 64 64 65 66 66]
2026-03-20 15:40:15,335{GMT}	INFO	[jepsen worker 2] jepsen.util: 2	:invoke	:broadcast	67
2026-03-20 15:40:15,336{GMT}	INFO	[jepsen worker 2] jepsen.util: 2	:ok	:broadcast	67
2026-03-20 15:40:15,531{GMT}	INFO	[jepsen worker 3] jepsen.util: 3	:invoke	:broadcast	68
2026-03-20 15:40:15,532{GMT}	INFO	[jepsen worker 3] jepsen.util: 3	:ok	:broadcast	68
2026-03-20 15:40:15,727{GMT}	INFO	[jepsen worker 4] jepsen.util: 4	:invoke	:read	nil
2026-03-20 15:40:15,729{GMT}	INFO	[jepsen worker 4] jepsen.util: 4	:ok	:read	[1 2 4 5 6 8 9 10 13 15 18 19 20 21 22 23 24 26 27 29 30 31 34 36 37 39 42 43 44 45 47 49 50 50 51 52 52 53 53 54 54 55 56 56 57 57 58 58 59 59 60 60 61 61 62 62 63 64 64 65 65 66]
2026-03-20 15:40:15,739{GMT}	INFO	[jepsen worker 0] jepsen.util: 0	:invoke	:broadcast	69
2026-03-20 15:40:15,740{GMT}	INFO	[jepsen worker 0] jepsen.util: 0	:ok	:broadcast	69
2026-03-20 15:40:15,786{GMT}	INFO	[jepsen worker 0] jepsen.util: 0	:invoke	:read	nil
2026-03-20 15:40:15,787{GMT}	INFO	[jepsen worker 0] jepsen.util: 0	:ok	:read	[0 3 7 11 12 14 16 17 25 28 32 33 35 38 40 41 46 48 50 51 51 52 53 53 54 54 55 55 56 57 57 58 58 59 60 61 61 62 62 63 63 64 64 65 65 66 66 67 68 69]
2026-03-20 15:40:15,820{GMT}	INFO	[jepsen worker 1] jepsen.util: 1	:invoke	:read	nil
2026-03-20 15:40:15,822{GMT}	INFO	[jepsen worker 1] jepsen.util: 1	:ok	:read	[1 2 4 5 6 8 9 10 13 15 18 19 20 21 22 23 24 26 27 29 30 31 34 36 37 39 42 43 44 45 47 49 50 50 51 51 52 52 53 54 54 55 55 56 56 57 58 58 59 59 60 60 61 62 62 63 63 64 64 65 66 66 67 68 69]
2026-03-20 15:40:15,954{GMT}	INFO	[jepsen worker 2] jepsen.util: 2	:invoke	:broadcast	70
2026-03-20 15:40:15,956{GMT}	INFO	[jepsen worker 2] jepsen.util: 2	:ok	:broadcast	70
2026-03-20 15:40:15,977{GMT}	INFO	[jepsen worker 3] jepsen.util: 3	:invoke	:broadcast	71
2026-03-20 15:40:15,978{GMT}	INFO	[jepsen worker 3] jepsen.util: 3	:ok	:broadcast	71
2026-03-20 15:40:15,986{GMT}	INFO	[jepsen worker 4] jepsen.util: 4	:invoke	:broadcast	72
2026-03-20 15:40:15,987{GMT}	INFO	[jepsen worker 4] jepsen.util: 4	:ok	:broadcast	72
2026-03-20 15:40:16,170{GMT}	INFO	[jepsen worker 0] jepsen.util: 0	:invoke	:read	nil
2026-03-20 15:40:16,171{GMT}	INFO	[jepsen worker 0] jepsen.util: 0	:ok	:read	[0 3 7 11 12 14 16 17 25 28 32 33 35 38 40 41 46 48 50 51 51 52 53 53 54 54 55 55 56 57 57 58 58 59 60 61 61 62 62 63 63 64 64 65 65 66 66 67 68 69 70 71]
2026-03-20 15:40:16,307{GMT}	INFO	[jepsen worker 0] jepsen.util: 0	:invoke	:read	nil
2026-03-20 15:40:16,308{GMT}	INFO	[jepsen worker 0] jepsen.util: 0	:ok	:read	[0 3 7 11 12 14 16 17 25 28 32 33 35 38 40 41 46 48 50 51 51 52 53 53 54 54 55 55 56 57 57 58 58 59 60 61 61 62 62 63 63 64 64 65 65 66 66 67 68 69 70 71]
2026-03-20 15:40:16,421{GMT}	INFO	[jepsen worker 1] jepsen.util: 1	:invoke	:broadcast	73
2026-03-20 15:40:16,423{GMT}	INFO	[jepsen worker 1] jepsen.util: 1	:ok	:broadcast	73
2026-03-20 15:40:16,476{GMT}	INFO	[jepsen worker 2] jepsen.util: 2	:invoke	:read	nil
2026-03-20 15:40:16,477{GMT}	INFO	[jepsen worker 2] jepsen.util: 2	:ok	:read	[1 2 4 5 6 8 9 10 13 15 18 19 20 21 22 23 24 26 27 29 30 31 34 36 37 39 42 43 44 45 47 49 50 50 51 51 52 52 53 54 54 55 55 56 56 57 58 58 59 59 60 60 61 62 62 63 63 64 64 65 66 66 67 68 69 70 71 73]
2026-03-20 15:40:16,670{GMT}	INFO	[jepsen worker 3] jepsen.util: 3	:invoke	:broadcast	74
2026-03-20 15:40:16,671{GMT}	INFO	[jepsen worker 3] jepsen.util: 3	:ok	:broadcast	74
2026-03-20 15:40:16,779{GMT}	INFO	[jepsen worker 4] jepsen.util: 4	:invoke	:broadcast	75
2026-03-20 15:40:16,780{GMT}	INFO	[jepsen worker 4] jepsen.util: 4	:ok	:broadcast	75
2026-03-20 15:40:16,932{GMT}	INFO	[jepsen worker 0] jepsen.util: 0	:invoke	:read	nil
2026-03-20 15:40:16,933{GMT}	INFO	[jepsen worker 0] jepsen.util: 0	:ok	:read	[0 3 7 11 12 14 16 17 25 28 32 33 35 38 40 41 46 48 50 51 51 52 53 53 54 54 55 55 56 57 57 58 58 59 60 61 61 62 62 63 63 64 64 65 65 66 66 67 68 69 70 71 73 74]
2026-03-20 15:40:16,964{GMT}	INFO	[jepsen worker 0] jepsen.util: 0	:invoke	:broadcast	76
2026-03-20 15:40:16,965{GMT}	INFO	[jepsen worker 0] jepsen.util: 0	:ok	:broadcast	76
2026-03-20 15:40:16,967{GMT}	INFO	[jepsen worker 1] jepsen.util: 1	:invoke	:read	nil
2026-03-20 15:40:16,968{GMT}	INFO	[jepsen worker 1] jepsen.util: 1	:ok	:read	[1 2 4 5 6 8 9 10 13 15 18 19 20 21 22 23 24 26 27 29 30 31 34 36 37 39 42 43 44 45 47 49 50 50 51 51 52 52 53 54 54 55 55 56 56 57 58 58 59 59 60 60 61 62 62 63 63 64 64 65 66 66 67 68 69 70 71 73 74 76]
2026-03-20 15:40:16,985{GMT}	INFO	[jepsen worker 2] jepsen.util: 2	:invoke	:read	nil
2026-03-20 15:40:16,987{GMT}	INFO	[jepsen worker 2] jepsen.util: 2	:ok	:read	[1 2 4 5 6 8 9 10 13 15 18 19 20 21 22 23 24 26 27 29 30 31 34 36 37 39 42 43 44 45 47 49 50 50 51 51 52 52 53 54 54 55 55 56 56 57 58 58 59 59 60 60 61 62 62 63 63 64 64 65 66 66 67 68 69 70 71 73 74 76]
2026-03-20 15:40:17,032{GMT}	INFO	[jepsen worker 3] jepsen.util: 3	:invoke	:broadcast	77
2026-03-20 15:40:17,034{GMT}	INFO	[jepsen worker 3] jepsen.util: 3	:ok	:broadcast	77
2026-03-20 15:40:17,039{GMT}	INFO	[jepsen worker 4] jepsen.util: 4	:invoke	:read	nil
2026-03-20 15:40:17,041{GMT}	INFO	[jepsen worker 4] jepsen.util: 4	:ok	:read	[1 2 4 5 6 8 9 10 13 15 18 19 20 21 22 23 24 26 27 29 30 31 34 36 37 39 42 43 44 45 47 49 50 50 51 52 52 53 53 54 54 55 56 56 57 57 58 58 59 59 60 60 61 61 62 62 63 64 64 65 65 66 72 75]
2026-03-20 15:40:17,129{GMT}	INFO	[jepsen worker 0] jepsen.util: 0	:invoke	:broadcast	78
2026-03-20 15:40:17,130{GMT}	INFO	[jepsen worker 0] jepsen.util: 0	:ok	:broadcast	78
2026-03-20 15:40:17,192{GMT}	INFO	[jepsen worker 0] jepsen.util: 0	:invoke	:broadcast	79
2026-03-20 15:40:17,194{GMT}	INFO	[jepsen worker 0] jepsen.util: 0	:ok	:broadcast	79
2026-03-20 15:40:17,299{GMT}	INFO	[jepsen worker 1] jepsen.util: 1	:invoke	:read	nil
2026-03-20 15:40:17,301{GMT}	INFO	[jepsen worker 1] jepsen.util: 1	:ok	:read	[1 2 4 5 6 8 9 10 13 15 18 19 20 21 22 23 24 26 27 29 30 31 34 36 37 39 42 43 44 45 47 49 50 50 51 51 52 52 53 54 54 55 55 56 56 57 58 58 59 59 60 60 61 62 62 63 63 64 64 65 66 66 67 68 69 70 71 73 74 76 77 78 79]
2026-03-20 15:40:17,371{GMT}	INFO	[jepsen worker 2] jepsen.util: 2	:invoke	:read	nil
2026-03-20 15:40:17,372{GMT}	INFO	[jepsen worker 2] jepsen.util: 2	:ok	:read	[1 2 4 5 6 8 9 10 13 15 18 19 20 21 22 23 24 26 27 29 30 31 34 36 37 39 42 43 44 45 47 49 50 50 51 51 52 52 53 54 54 55 55 56 56 57 58 58 59 59 60 60 61 62 62 63 63 64 64 65 66 66 67 68 69 70 71 73 74 76 77 78 79]
2026-03-20 15:40:17,422{GMT}	INFO	[jepsen worker 3] jepsen.util: 3	:invoke	:broadcast	80
2026-03-20 15:40:17,423{GMT}	INFO	[jepsen worker 3] jepsen.util: 3	:ok	:broadcast	80
2026-03-20 15:40:17,533{GMT}	INFO	[jepsen worker 4] jepsen.util: 4	:invoke	:broadcast	81
2026-03-20 15:40:17,534{GMT}	INFO	[jepsen worker 4] jepsen.util: 4	:ok	:broadcast	81
2026-03-20 15:40:17,707{GMT}	INFO	[jepsen worker 0] jepsen.util: 0	:invoke	:broadcast	82
2026-03-20 15:40:17,708{GMT}	INFO	[jepsen worker 0] jepsen.util: 0	:ok	:broadcast	82
2026-03-20 15:40:17,829{GMT}	INFO	[jepsen worker 0] jepsen.util: 0	:invoke	:broadcast	83
2026-03-20 15:40:17,830{GMT}	INFO	[jepsen worker 0] jepsen.util: 0	:ok	:broadcast	83
2026-03-20 15:40:17,941{GMT}	INFO	[jepsen worker 1] jepsen.util: 1	:invoke	:broadcast	84
2026-03-20 15:40:17,942{GMT}	INFO	[jepsen worker 1] jepsen.util: 1	:ok	:broadcast	84
2026-03-20 15:40:18,111{GMT}	INFO	[jepsen worker 2] jepsen.util: 2	:invoke	:broadcast	85
2026-03-20 15:40:18,112{GMT}	INFO	[jepsen worker 2] jepsen.util: 2	:ok	:broadcast	85
2026-03-20 15:40:18,233{GMT}	INFO	[jepsen worker 3] jepsen.util: 3	:invoke	:broadcast	86
2026-03-20 15:40:18,234{GMT}	INFO	[jepsen worker 3] jepsen.util: 3	:ok	:broadcast	86
2026-03-20 15:40:18,387{GMT}	INFO	[jepsen worker 4] jepsen.util: 4	:invoke	:broadcast	87
2026-03-20 15:40:18,388{GMT}	INFO	[jepsen worker 4] jepsen.util: 4	:ok	:broadcast	87
2026-03-20 15:40:18,491{GMT}	INFO	[jepsen worker 0] jepsen.util: 0	:invoke	:broadcast	88
2026-03-20 15:40:18,492{GMT}	INFO	[jepsen worker 0] jepsen.util: 0	:ok	:broadcast	88
2026-03-20 15:40:18,528{GMT}	INFO	[jepsen worker 0] jepsen.util: 0	:invoke	:broadcast	89
2026-03-20 15:40:18,530{GMT}	INFO	[jepsen worker 0] jepsen.util: 0	:ok	:broadcast	89
2026-03-20 15:40:18,663{GMT}	INFO	[jepsen worker 1] jepsen.util: 1	:invoke	:broadcast	90
2026-03-20 15:40:18,664{GMT}	INFO	[jepsen worker 1] jepsen.util: 1	:ok	:broadcast	90
2026-03-20 15:40:18,664{GMT}	INFO	[jepsen worker 2] jepsen.util: 2	:invoke	:read	nil
2026-03-20 15:40:18,666{GMT}	INFO	[jepsen worker 2] jepsen.util: 2	:ok	:read	[1 2 4 5 6 8 9 10 13 15 18 19 20 21 22 23 24 26 27 29 30 31 34 36 37 39 42 43 44 45 47 49 50 50 51 51 52 52 53 54 54 55 55 56 56 57 58 58 59 59 60 60 61 62 62 63 63 64 64 65 66 66 67 68 69 70 71 73 74 76 77 78 79 80 82 83 84 85 86 88 89 90]
2026-03-20 15:40:18,793{GMT}	INFO	[jepsen worker 3] jepsen.util: 3	:invoke	:broadcast	91
2026-03-20 15:40:18,794{GMT}	INFO	[jepsen worker 3] jepsen.util: 3	:ok	:broadcast	91
2026-03-20 15:40:18,806{GMT}	INFO	[jepsen worker 4] jepsen.util: 4	:invoke	:read	nil
2026-03-20 15:40:18,807{GMT}	INFO	[jepsen worker 4] jepsen.util: 4	:ok	:read	[1 2 4 5 6 8 9 10 13 15 18 19 20 21 22 23 24 26 27 29 30 31 34 36 37 39 42 43 44 45 47 49 50 50 51 52 52 53 53 54 54 55 56 56 57 57 58 58 59 59 60 60 61 61 62 62 63 64 64 65 65 66 72 75 81 87]
2026-03-20 15:40:18,931{GMT}	INFO	[jepsen worker 0] jepsen.util: 0	:invoke	:broadcast	92
2026-03-20 15:40:18,933{GMT}	INFO	[jepsen worker 0] jepsen.util: 0	:ok	:broadcast	92
2026-03-20 15:40:19,063{GMT}	INFO	[jepsen worker 0] jepsen.util: 0	:invoke	:broadcast	93
2026-03-20 15:40:19,064{GMT}	INFO	[jepsen worker 0] jepsen.util: 0	:ok	:broadcast	93
2026-03-20 15:40:19,227{GMT}	INFO	[jepsen worker 1] jepsen.util: 1	:invoke	:read	nil
2026-03-20 15:40:19,229{GMT}	INFO	[jepsen worker 1] jepsen.util: 1	:ok	:read	[1 2 4 5 6 8 9 10 13 15 18 19 20 21 22 23 24 26 27 29 30 31 34 36 37 39 42 43 44 45 47 49 50 50 51 51 52 52 53 54 54 55 55 56 56 57 58 58 59 59 60 60 61 62 62 63 63 64 64 65 66 66 67 68 69 70 71 73 74 76 77 78 79 80 82 83 84 85 86 88 89 90 91 92 93]
2026-03-20 15:40:19,307{GMT}	INFO	[jepsen worker 2] jepsen.util: 2	:invoke	:read	nil
2026-03-20 15:40:19,308{GMT}	INFO	[jepsen worker 2] jepsen.util: 2	:ok	:read	[1 2 4 5 6 8 9 10 13 15 18 19 20 21 22 23 24 26 27 29 30 31 34 36 37 39 42 43 44 45 47 49 50 50 51 51 52 52 53 54 54 55 55 56 56 57 58 58 59 59 60 60 61 62 62 63 63 64 64 65 66 66 67 68 69 70 71 73 74 76 77 78 79 80 82 83 84 85 86 88 89 90 91 92 93]
2026-03-20 15:40:19,331{GMT}	INFO	[jepsen worker 3] jepsen.util: 3	:invoke	:broadcast	94
2026-03-20 15:40:19,332{GMT}	INFO	[jepsen worker 3] jepsen.util: 3	:ok	:broadcast	94
2026-03-20 15:40:19,421{GMT}	INFO	[jepsen worker 4] jepsen.util: 4	:invoke	:broadcast	95
2026-03-20 15:40:19,422{GMT}	INFO	[jepsen worker 4] jepsen.util: 4	:ok	:broadcast	95
2026-03-20 15:40:19,457{GMT}	INFO	[jepsen worker 0] jepsen.util: 0	:invoke	:broadcast	96
2026-03-20 15:40:19,459{GMT}	INFO	[jepsen worker 0] jepsen.util: 0	:ok	:broadcast	96
2026-03-20 15:40:19,483{GMT}	INFO	[jepsen worker 0] jepsen.util: 0	:invoke	:read	nil
2026-03-20 15:40:19,484{GMT}	INFO	[jepsen worker 0] jepsen.util: 0	:ok	:read	[0 3 7 11 12 14 16 17 25 28 32 33 35 38 40 41 46 48 50 51 51 52 53 53 54 54 55 55 56 57 57 58 58 59 60 61 61 62 62 63 63 64 64 65 65 66 66 67 68 69 70 71 73 74 76 77 78 79 80 82 83 84 85 86 88 89 90 91 92 93 94 96]
2026-03-20 15:40:19,530{GMT}	INFO	[jepsen worker 1] jepsen.util: 1	:invoke	:broadcast	97
2026-03-20 15:40:19,531{GMT}	INFO	[jepsen worker 1] jepsen.util: 1	:ok	:broadcast	97
2026-03-20 15:40:19,534{GMT}	INFO	[jepsen worker 2] jepsen.util: 2	:invoke	:read	nil
2026-03-20 15:40:19,536{GMT}	INFO	[jepsen worker 2] jepsen.util: 2	:ok	:read	[1 2 4 5 6 8 9 10 13 15 18 19 20 21 22 23 24 26 27 29 30 31 34 36 37 39 42 43 44 45 47 49 50 50 51 51 52 52 53 54 54 55 55 56 56 57 58 58 59 59 60 60 61 62 62 63 63 64 64 65 66 66 67 68 69 70 71 73 74 76 77 78 79 80 82 83 84 85 86 88 89 90 91 92 93 94 96 97]
2026-03-20 15:40:19,642{GMT}	INFO	[jepsen worker 3] jepsen.util: 3	:invoke	:read	nil
2026-03-20 15:40:19,643{GMT}	INFO	[jepsen worker 3] jepsen.util: 3	:ok	:read	[1 2 4 5 6 8 9 10 13 15 18 19 20 21 22 23 24 26 27 29 30 31 34 36 37 39 42 43 44 45 47 49 50 50 51 51 52 52 53 53 54 55 55 56 56 57 57 58 59 59 60 60 61 61 62 63 63 64 65 65 66 66 67 68 69 70 71 73 74 76 77 78 79 80 82 83 84 85 86 88 89 90 91 92 93 94 96 97]
2026-03-20 15:40:19,731{GMT}	INFO	[jepsen worker 4] jepsen.util: 4	:invoke	:broadcast	98
2026-03-20 15:40:19,732{GMT}	INFO	[jepsen worker 4] jepsen.util: 4	:ok	:broadcast	98
2026-03-20 15:40:19,779{GMT}	INFO	[jepsen worker 0] jepsen.util: 0	:invoke	:broadcast	99
2026-03-20 15:40:19,781{GMT}	INFO	[jepsen worker 0] jepsen.util: 0	:ok	:broadcast	99
2026-03-20 15:40:19,929{GMT}	INFO	[jepsen worker 0] jepsen.util: 0	:invoke	:broadcast	100
2026-03-20 15:40:19,930{GMT}	INFO	[jepsen worker 0] jepsen.util: 0	:ok	:broadcast	100
2026-03-20 15:40:20,058{GMT}	INFO	[jepsen worker 1] jepsen.util: 1	:invoke	:read	nil
2026-03-20 15:40:20,059{GMT}	INFO	[jepsen worker 1] jepsen.util: 1	:ok	:read	[1 2 4 5 6 8 9 10 13 15 18 19 20 21 22 23 24 26 27 29 30 31 34 36 37 39 42 43 44 45 47 49 50 50 51 51 52 52 53 54 54 55 55 56 56 57 58 58 59 59 60 60 61 62 62 63 63 64 64 65 66 66 67 68 69 70 71 73 74 76 77 78 79 80 82 83 84 85 86 88 89 90 91 92 93 94 96 97 99 100]
2026-03-20 15:40:20,213{GMT}	INFO	[jepsen worker 2] jepsen.util: 2	:invoke	:read	nil
2026-03-20 15:40:20,214{GMT}	INFO	[jepsen worker 2] jepsen.util: 2	:ok	:read	[1 2 4 5 6 8 9 10 13 15 18 19 20 21 22 23 24 26 27 29 30 31 34 36 37 39 42 43 44 45 47 49 50 50 51 51 52 52 53 54 54 55 55 56 56 57 58 58 59 59 60 60 61 62 62 63 63 64 64 65 66 66 67 68 69 70 71 73 74 76 77 78 79 80 82 83 84 85 86 88 89 90 91 92 93 94 96 97 99 100]
2026-03-20 15:40:20,325{GMT}	INFO	[jepsen worker 3] jepsen.util: 3	:invoke	:read	nil
2026-03-20 15:40:20,326{GMT}	INFO	[jepsen worker 3] jepsen.util: 3	:ok	:read	[1 2 4 5 6 8 9 10 13 15 18 19 20 21 22 23 24 26 27 29 30 31 34 36 37 39 42 43 44 45 47 49 50 50 51 51 52 52 53 53 54 55 55 56 56 57 57 58 59 59 60 60 61 61 62 63 63 64 65 65 66 66 67 68 69 70 71 73 74 76 77 78 79 80 82 83 84 85 86 88 89 90 91 92 93 94 96 97 99 100]
2026-03-20 15:40:20,515{GMT}	INFO	[jepsen worker 4] jepsen.util: 4	:invoke	:broadcast	101
2026-03-20 15:40:20,516{GMT}	INFO	[jepsen worker 4] jepsen.util: 4	:ok	:broadcast	101
2026-03-20 15:40:20,643{GMT}	INFO	[jepsen worker 0] jepsen.util: 0	:invoke	:read	nil
2026-03-20 15:40:20,644{GMT}	INFO	[jepsen worker 0] jepsen.util: 0	:ok	:read	[0 3 7 11 12 14 16 17 25 28 32 33 35 38 40 41 46 48 50 51 51 52 53 53 54 54 55 55 56 57 57 58 58 59 60 61 61 62 62 63 63 64 64 65 65 66 66 67 68 69 70 71 73 74 76 77 78 79 80 82 83 84 85 86 88 89 90 91 92 93 94 96 97 99 100]
2026-03-20 15:40:20,715{GMT}	INFO	[jepsen worker 0] jepsen.util: 0	:invoke	:broadcast	102
2026-03-20 15:40:20,716{GMT}	INFO	[jepsen worker 0] jepsen.util: 0	:ok	:broadcast	102
2026-03-20 15:40:20,861{GMT}	INFO	[jepsen worker 1] jepsen.util: 1	:invoke	:read	nil
2026-03-20 15:40:20,863{GMT}	INFO	[jepsen worker 1] jepsen.util: 1	:ok	:read	[1 2 4 5 6 8 9 10 13 15 18 19 20 21 22 23 24 26 27 29 30 31 34 36 37 39 42 43 44 45 47 49 50 50 51 51 52 52 53 54 54 55 55 56 56 57 58 58 59 59 60 60 61 62 62 63 63 64 64 65 66 66 67 68 69 70 71 73 74 76 77 78 79 80 82 83 84 85 86 88 89 90 91 92 93 94 96 97 99 100 102]
2026-03-20 15:40:20,902{GMT}	INFO	[jepsen worker 2] jepsen.util: 2	:invoke	:broadcast	103
2026-03-20 15:40:20,904{GMT}	INFO	[jepsen worker 2] jepsen.util: 2	:ok	:broadcast	103
2026-03-20 15:40:20,927{GMT}	INFO	[jepsen worker 3] jepsen.util: 3	:invoke	:read	nil
2026-03-20 15:40:20,928{GMT}	INFO	[jepsen worker 3] jepsen.util: 3	:ok	:read	[1 2 4 5 6 8 9 10 13 15 18 19 20 21 22 23 24 26 27 29 30 31 34 36 37 39 42 43 44 45 47 49 50 50 51 51 52 52 53 53 54 55 55 56 56 57 57 58 59 59 60 60 61 61 62 63 63 64 65 65 66 66 67 68 69 70 71 73 74 76 77 78 79 80 82 83 84 85 86 88 89 90 91 92 93 94 96 97 99 100 102 103]
2026-03-20 15:40:20,941{GMT}	INFO	[jepsen worker 4] jepsen.util: 4	:invoke	:read	nil
2026-03-20 15:40:20,941{GMT}	INFO	[jepsen worker 4] jepsen.util: 4	:ok	:read	[1 2 4 5 6 8 9 10 13 15 18 19 20 21 22 23 24 26 27 29 30 31 34 36 37 39 42 43 44 45 47 49 50 50 51 52 52 53 53 54 54 55 56 56 57 57 58 58 59 59 60 60 61 61 62 62 63 64 64 65 65 66 72 75 81 87 95 98 101]
2026-03-20 15:40:21,136{GMT}	INFO	[jepsen worker 0] jepsen.util: 0	:invoke	:read	nil
2026-03-20 15:40:21,137{GMT}	INFO	[jepsen worker 0] jepsen.util: 0	:ok	:read	[0 3 7 11 12 14 16 17 25 28 32 33 35 38 40 41 46 48 50 51 51 52 53 53 54 54 55 55 56 57 57 58 58 59 60 61 61 62 62 63 63 64 64 65 65 66 66 67 68 69 70 71 73 74 76 77 78 79 80 82 83 84 85 86 88 89 90 91 92 93 94 96 97 99 100 102 103]
2026-03-20 15:40:21,222{GMT}	INFO	[jepsen worker 0] jepsen.util: 0	:invoke	:broadcast	104
2026-03-20 15:40:21,223{GMT}	INFO	[jepsen worker 0] jepsen.util: 0	:ok	:broadcast	104
2026-03-20 15:40:21,223{GMT}	INFO	[jepsen worker nemesis] jepsen.util: :nemesis	:info	:stop-partition	nil
2026-03-20 15:40:21,224{GMT}	INFO	[jepsen worker nemesis] jepsen.util: :nemesis	:info	:stop-partition	:network-healed
2026-03-20 15:40:21,224{GMT}	INFO	[jepsen worker 2] jepsen.generator.interpreter: Waiting for recovery...
2026-03-20 15:40:31,227{GMT}	INFO	[jepsen worker 0] jepsen.util: 0	:invoke	:read	nil
2026-03-20 15:40:31,227{GMT}	INFO	[jepsen worker 3] jepsen.util: 3	:invoke	:read	nil
2026-03-20 15:40:31,228{GMT}	INFO	[jepsen worker 1] jepsen.util: 1	:invoke	:read	nil
2026-03-20 15:40:31,228{GMT}	INFO	[jepsen worker 4] jepsen.util: 4	:invoke	:read	nil
2026-03-20 15:40:31,228{GMT}	INFO	[jepsen worker 2] jepsen.util: 2	:invoke	:read	nil
2026-03-20 15:40:31,229{GMT}	INFO	[jepsen worker 0] jepsen.util: 0	:ok	:read	[0 3 7 11 12 14 16 17 25 28 32 33 35 38 40 41 46 48 50 51 51 52 53 53 54 54 55 55 56 57 57 58 58 59 60 61 61 62 62 63 63 64 64 65 65 66 66 67 68 69 70 71 73 74 76 77 78 79 80 82 83 84 85 86 88 89 90 91 92 93 94 96 97 99 100 102 103 104]
2026-03-20 15:40:31,230{GMT}	INFO	[jepsen worker 4] jepsen.util: 4	:ok	:read	[1 2 4 5 6 8 9 10 13 15 18 19 20 21 22 23 24 26 27 29 30 31 34 36 37 39 42 43 44 45 47 49 50 50 51 52 52 53 53 54 54 55 56 56 57 57 58 58 59 59 60 60 61 61 62 62 63 64 64 65 65 66 72 75 81 87 95 98 101 104 104]
2026-03-20 15:40:31,230{GMT}	INFO	[jepsen worker 2] jepsen.util: 2	:ok	:read	[1 2 4 5 6 8 9 10 13 15 18 19 20 21 22 23 24 26 27 29 30 31 34 36 37 39 42 43 44 45 47 49 50 50 51 51 52 52 53 54 54 55 55 56 56 57 58 58 59 59 60 60 61 62 62 63 63 64 64 65 66 66 67 68 69 70 71 73 74 76 77 78 79 80 82 83 84 85 86 88 89 90 91 92 93 94 96 97 99 100 102 103 104 104]
2026-03-20 15:40:31,230{GMT}	INFO	[jepsen worker 1] jepsen.util: 1	:ok	:read	[1 2 4 5 6 8 9 10 13 15 18 19 20 21 22 23 24 26 27 29 30 31 34 36 37 39 42 43 44 45 47 49 50 50 51 51 52 52 53 54 54 55 55 56 56 57 58 58 59 59 60 60 61 62 62 63 63 64 64 65 66 66 67 68 69 70 71 73 74 76 77 78 79 80 82 83 84 85 86 88 89 90 91 92 93 94 96 97 99 100 102 103 104 104]
2026-03-20 15:40:31,231{GMT}	INFO	[jepsen worker 3] jepsen.util: 3	:ok	:read	[1 2 4 5 6 8 9 10 13 15 18 19 20 21 22 23 24 26 27 29 30 31 34 36 37 39 42 43 44 45 47 49 50 50 51 51 52 52 53 53 54 55 55 56 56 57 57 58 59 59 60 60 61 61 62 63 63 64 65 65 66 66 67 68 69 70 71 73 74 76 77 78 79 80 82 83 84 85 86 88 89 90 91 92 93 94 96 97 99 100 102 103 104 104]
2026-03-20 15:40:31,248{GMT}	INFO	[jepsen test runner] jepsen.core: Run complete, writing
2026-03-20 15:40:31,315{GMT}	INFO	[jepsen node n0] maelstrom.db: Tearing down n0
2026-03-20 15:40:31,315{GMT}	INFO	[jepsen node n2] maelstrom.db: Tearing down n2
2026-03-20 15:40:31,315{GMT}	INFO	[jepsen node n1] maelstrom.db: Tearing down n1
2026-03-20 15:40:31,315{GMT}	INFO	[jepsen node n3] maelstrom.db: Tearing down n3
2026-03-20 15:40:31,315{GMT}	INFO	[jepsen node n4] maelstrom.db: Tearing down n4
2026-03-20 15:40:33,191{GMT}	INFO	[jepsen node n0] maelstrom.net: Shutting down Maelstrom network
2026-03-20 15:40:33,191{GMT}	INFO	[jepsen test runner] jepsen.core: Analyzing...
2026-03-20 15:40:33,467{GMT}	INFO	[jepsen test runner] jepsen.core: Analysis complete
2026-03-20 15:40:33,497{GMT}	INFO	[jepsen results] jepsen.store: Wrote /home/banna/Documents/maelstrom-java/store/broadcast/20260320T153959.728Z/results.edn
2026-03-20 15:40:33,527{GMT}	INFO	[jepsen test runner] jepsen.core: {:perf {:latency-graph {:valid? true},
        :rate-graph {:valid? true},
        :valid? true},
 :timeline {:valid? true},
 :exceptions {:valid? true},
 :stats {:valid? true,
         :count 207,
         :ok-count 207,
         :fail-count 0,
         :info-count 0,
         :by-f {:broadcast {:valid? true,
                            :count 105,
                            :ok-count 105,
                            :fail-count 0,
                            :info-count 0},
                :read {:valid? true,
                       :count 102,
                       :ok-count 102,
                       :fail-count 0,
                       :info-count 0}}},
 :availability {:valid? true, :ok-fraction 1.0},
 :net {:all {:send-count 1260,
             :recv-count 1086,
             :msg-count 1260,
             :msgs-per-op 6.0869565},
       :clients {:send-count 434, :recv-count 434, :msg-count 434},
       :servers {:send-count 826,
                 :recv-count 652,
                 :msg-count 826,
                 :msgs-per-op 3.990338},
       :valid? true},
 :workload {:worst-stale ({:element 1,
                           :outcome :stable,
                           :stable-latency 29848,
                           :lost-latency nil,
                           :known #jepsen.history.Op{:index 5,
                                                     :time 39876107,
                                                     :type :ok,
                                                     :process 2,
                                                     :f :add,
                                                     :value 1},
                           :last-absent #jepsen.history.Op{:index 412,
                                                           :time 29888759228,
                                                           :type :invoke,
                                                           :process 0,
                                                           :f :read,
                                                           :value nil,
                                                           :final? true}}
                          {:element 2,
                           :outcome :stable,
                           :stable-latency 29684,
                           :lost-latency nil,
                           :known #jepsen.history.Op{:index 7,
                                                     :time 204352471,
                                                     :type :ok,
                                                     :process 3,
                                                     :f :add,
                                                     :value 2},
                           :last-absent #jepsen.history.Op{:index 412,
                                                           :time 29888759228,
                                                           :type :invoke,
                                                           :process 0,
                                                           :f :read,
                                                           :value nil,
                                                           :final? true}}
                          {:element 4,
                           :outcome :stable,
                           :stable-latency 29370,
                           :lost-latency nil,
                           :known #jepsen.history.Op{:index 15,
                                                     :time 518493640,
                                                     :type :ok,
                                                     :process 1,
                                                     :f :add,
                                                     :value 4},
                           :last-absent #jepsen.history.Op{:index 412,
                                                           :time 29888759228,
                                                           :type :invoke,
                                                           :process 0,
                                                           :f :read,
                                                           :value nil,
                                                           :final? true}}
                          {:element 5,
                           :outcome :stable,
                           :stable-latency 29324,
                           :lost-latency nil,
                           :known #jepsen.history.Op{:index 17,
                                                     :time 564350420,
                                                     :type :ok,
                                                     :process 2,
                                                     :f :add,
                                                     :value 5},
                           :last-absent #jepsen.history.Op{:index 412,
                                                           :time 29888759228,
                                                           :type :invoke,
                                                           :process 0,
                                                           :f :read,
                                                           :value nil,
                                                           :final? true}}
                          {:element 6,
                           :outcome :stable,
                           :stable-latency 29075,
                           :lost-latency nil,
                           :known #jepsen.history.Op{:index 21,
                                                     :time 813033197,
                                                     :type :ok,
                                                     :process 4,
                                                     :f :add,
                                                     :value 6},
                           :last-absent #jepsen.history.Op{:index 412,
                                                           :time 29888759228,
                                                           :type :invoke,
                                                           :process 0,
                                                           :f :read,
                                                           :value nil,
                                                           :final? true}}
                          {:element 8,
                           :outcome :stable,
                           :stable-latency 28586,
                           :lost-latency nil,
                           :known #jepsen.history.Op{:index 27,
                                                     :time 1302419767,
                                                     :type :ok,
                                                     :process 1,
                                                     :f :add,
                                                     :value 8},
                           :last-absent #jepsen.history.Op{:index 412,
                                                           :time 29888759228,
                                                           :type :invoke,
                                                           :process 0,
                                                           :f :read,
                                                           :value nil,
                                                           :final? true}}
                          {:element 9,
                           :outcome :stable,
                           :stable-latency 28529,
                           :lost-latency nil,
                           :known #jepsen.history.Op{:index 29,
                                                     :time 1359630782,
                                                     :type :ok,
                                                     :process 2,
                                                     :f :add,
                                                     :value 9},
                           :last-absent #jepsen.history.Op{:index 412,
                                                           :time 29888759228,
                                                           :type :invoke,
                                                           :process 0,
                                                           :f :read,
                                                           :value nil,
                                                           :final? true}}
                          {:element 10,
                           :outcome :stable,
                           :stable-latency 28338,
                           :lost-latency nil,
                           :known #jepsen.history.Op{:index 33,
                                                     :time 1550715490,
                                                     :type :ok,
                                                     :process 4,
                                                     :f :add,
                                                     :value 10},
                           :last-absent #jepsen.history.Op{:index 412,
                                                           :time 29888759228,
                                                           :type :invoke,
                                                           :process 0,
                                                           :f :read,
                                                           :value nil,
                                                           :final? true}}),
            :duplicated-count 0,
            :valid? false,
            :lost-count 25,
            :lost (0
                   3
                   7
                   11
                   12
                   14
                   16
                   17
                   25
                   28
                   32
                   33
                   35
                   38
                   40
                   41
                   46
                   48
                   72
                   75
                   81
                   87
                   95
                   98
                   101),
            :stable-count 80,
            :stale-count 62,
            :stale (1
                    2
                    4
                    5
                    6
                    8
                    9
                    10
                    13
                    15
                    18
                    19
                    20
                    21
                    22
                    23
                    24
                    26
                    27
                    29
                    30
                    31
                    34
                    36
                    37
                    39
                    42
                    43
                    44
                    45
                    47
                    49
                    67
                    68
                    69
                    70
                    71
                    73
                    74
                    76
                    77
                    78
                    79
                    80
                    82
                    83
                    84
                    85
                    86
                    88
                    89
                    90
                    91
                    92
                    93
                    94
                    96
                    97
                    99
                    100
                    102
                    103),
            :never-read-count 0,
            :stable-latencies {0 0,
                               0.5 14262,
                               0.95 29324,
                               0.99 29848,
                               1 29848},
            :attempt-count 105,
            :lost-latencies {0 10711,
                             0.5 23290,
                             0.95 29528,
                             0.99 29859,
                             1 29859},
            :never-read (),
            :duplicated {}},
 :valid? false}


Analysis invalid! (ﾉಥ益ಥ）ﾉ ┻━┻
