2026-03-20 16:00:51,526{GMT}	INFO	[jepsen test runner] jepsen.core: Command line:
lein run test -w broadcast --bin run.sh broadcast --node-count 5 --time-limit 20 --rate 10 --nemesis partition
2026-03-20 16:00:51,618{GMT}	INFO	[jepsen test runner] jepsen.core: Running test:
{:args ["broadcast"]
 :remote
 #jepsen.control.retry.Remote{:remote #jepsen.control.scp.Remote{:cmd-remote #jepsen.control.sshj.SSHJRemote{:concurrency-limit 6,
                                                                                                             :conn-spec nil,
                                                                                                             :client nil,
                                                                                                             :semaphore nil},
                                                                 :conn-spec nil},
                              :conn nil}
 :log-net-send false
 :node-count 5
 :availability nil
 :max-txn-length 4
 :concurrency 5
 :db
 #object[maelstrom.db$db$reify__16142
         "0x3619ecd"
         "maelstrom.db$db$reify__16142@3619ecd"]
 :max-writes-per-key 16
 :leave-db-running? false
 :name "broadcast"
 :logging-json? false
 :start-time
 #object[org.joda.time.DateTime "0x7de4bd8f" "2026-03-20T16:00:51.502Z"]
 :nemesis-interval 10
 :net
 #object[maelstrom.net$jepsen_net$reify__15251
         "0x193e65d5"
         "maelstrom.net$jepsen_net$reify__15251@193e65d5"]
 :client
 #object[maelstrom.workload.broadcast$client$reify__16644
         "0x2a97b4b8"
         "maelstrom.workload.broadcast$client$reify__16644@2a97b4b8"]
 :barrier
 #object[java.util.concurrent.CyclicBarrier
         "0x250fc0d1"
         "java.util.concurrent.CyclicBarrier@250fc0d1"]
 :log-stderr false
 :pure-generators true
 :ssh {:dummy? true}
 :rate 10.0
 :checker
 #object[jepsen.checker$compose$reify__11881
         "0x7ddf193a"
         "jepsen.checker$compose$reify__11881@7ddf193a"]
 :argv
 ("test"
  "-w"
  "broadcast"
  "--bin"
  "run.sh"
  "broadcast"
  "--node-count"
  "5"
  "--time-limit"
  "20"
  "--rate"
  "10"
  "--nemesis"
  "partition")
 :nemesis
 (jepsen.nemesis.ReflCompose
  {:fm {:start-partition 0,
        :stop-partition 0,
        :kill 1,
        :start 1,
        :pause 1,
        :resume 1},
   :nemeses [#unprintable "jepsen.nemesis.combined$partition_nemesis$reify__16416@17a5cb99"
             #unprintable "jepsen.nemesis.combined$db_nemesis$reify__16397@808fa1"]})
 :nodes ["n0" "n1" "n2" "n3" "n4"]
 :test-count 1
 :latency {:mean 0, :dist :constant}
 :bin "run.sh"
 :generator
 ((jepsen.generator.Synchronize
   {:gen (jepsen.generator.TimeLimit
          {:limit 20000000000,
           :cutoff nil,
           :gen (jepsen.generator.Any
                 {:gens [(jepsen.generator.OnThreads
                          {:f #{:nemesis},
                           :context-filter #object[jepsen.generator.context$make_thread_filter$lazy_filter__9167
                                                   "0x7545cb17"
                                                   "jepsen.generator.context$make_thread_filter$lazy_filter__9167@7545cb17"],
                           :gen (jepsen.generator.Stagger
                                 {:dt 20000000000,
                                  :next-time nil,
                                  :gen (jepsen.generator.FlipFlop
                                        {:gens [#object[jepsen.nemesis.combined$partition_package$start__16420
                                                        "0x635b3ec7"
                                                        "jepsen.nemesis.combined$partition_package$start__16420@635b3ec7"]
                                                ({:type :info,
                                                  :f :stop-partition,
                                                  :value nil}
                                                 {:type :info,
                                                  :f :stop-partition,
                                                  :value nil}
                                                 {:type :info,
                                                  :f :stop-partition,
                                                  :value nil}
                                                 {:type :info,
                                                  :f :stop-partition,
                                                  :value nil}
                                                 {:type :info,
                                                  :f :stop-partition,
                                                  :value nil}
                                                 {:type :info,
                                                  :f :stop-partition,
                                                  :value nil}
                                                 {:type :info,
                                                  :f :stop-partition,
                                                  :value nil}
                                                 {:type :info,
                                                  :f :stop-partition,
                                                  :value nil}
                                                 ...)],
                                         :i 0})})})
                         (jepsen.generator.OnThreads
                          {:f #jepsen.generator.context.AllBut{:element :nemesis},
                           :context-filter #object[jepsen.generator.context$make_thread_filter$lazy_filter__9167
                                                   "0x15aa3084"
                                                   "jepsen.generator.context$make_thread_filter$lazy_filter__9167@15aa3084"],
                           :gen (jepsen.generator.Stagger
                                 {:dt 200000000,
                                  :next-time nil,
                                  :gen (jepsen.generator.Mix
                                        {:i 0,
                                         :gens [({:f :broadcast, :value 0}
                                                 {:f :broadcast, :value 1}
                                                 {:f :broadcast, :value 2}
                                                 {:f :broadcast, :value 3}
                                                 {:f :broadcast, :value 4}
                                                 {:f :broadcast, :value 5}
                                                 {:f :broadcast, :value 6}
                                                 {:f :broadcast, :value 7}
                                                 ...)
                                                ({:f :read}
                                                 {:f :read}
                                                 {:f :read}
                                                 {:f :read}
                                                 {:f :read}
                                                 {:f :read}
                                                 {:f :read}
                                                 {:f :read}
                                                 ...)]})})})]})})})
  (jepsen.generator.Synchronize
   {:gen (jepsen.generator.OnThreads
          {:f #{:nemesis},
           :context-filter #object[jepsen.generator.context$make_thread_filter$lazy_filter__9167
                                   "0x4e6c4c55"
                                   "jepsen.generator.context$make_thread_filter$lazy_filter__9167@4e6c4c55"],
           :gen ({:type :info, :f :stop-partition, :value nil})})})
  (jepsen.generator.Synchronize
   {:gen {:type :log, :value "Waiting for recovery..."}})
  (jepsen.generator.Synchronize {:gen {:type :sleep, :value 10}})
  (jepsen.generator.Synchronize
   {:gen (jepsen.generator.OnThreads
          {:f #jepsen.generator.context.AllBut{:element :nemesis},
           :context-filter #object[jepsen.generator.context$make_thread_filter$lazy_filter__9167
                                   "0x74fbee59"
                                   "jepsen.generator.context$make_thread_filter$lazy_filter__9167@74fbee59"],
           :gen (jepsen.generator.EachThread
                 {:fresh-gen {:f :read, :final? true},
                  :context-filters #object[clojure.core$promise$reify__8591
                                           "0x3794621d"
                                           {:status :pending, :val nil}],
                  :gens {}})})}))
 :log-net-recv false
 :os
 #object[maelstrom.net$jepsen_os$reify__15254
         "0x737e4a7b"
         "maelstrom.net$jepsen_os$reify__15254@737e4a7b"]
 :time-limit 20
 :workload :broadcast
 :consistency-models [:strict-serializable]
 :topology :grid}

2026-03-20 16:00:52,914{GMT}	INFO	[jepsen node n0] maelstrom.net: Starting Maelstrom network
2026-03-20 16:00:52,915{GMT}	INFO	[jepsen test runner] jepsen.db: Tearing down DB
2026-03-20 16:00:52,917{GMT}	INFO	[jepsen test runner] jepsen.db: Setting up DB
2026-03-20 16:00:52,918{GMT}	INFO	[jepsen node n1] maelstrom.db: Setting up n1
2026-03-20 16:00:52,918{GMT}	INFO	[jepsen node n2] maelstrom.db: Setting up n2
2026-03-20 16:00:52,918{GMT}	INFO	[jepsen node n4] maelstrom.db: Setting up n4
2026-03-20 16:00:52,918{GMT}	INFO	[jepsen node n3] maelstrom.db: Setting up n3
2026-03-20 16:00:52,919{GMT}	INFO	[jepsen node n3] maelstrom.process: launching run.sh ["broadcast"]
2026-03-20 16:00:52,919{GMT}	INFO	[jepsen node n2] maelstrom.process: launching run.sh ["broadcast"]
2026-03-20 16:00:52,919{GMT}	INFO	[jepsen node n1] maelstrom.process: launching run.sh ["broadcast"]
2026-03-20 16:00:52,919{GMT}	INFO	[jepsen node n4] maelstrom.process: launching run.sh ["broadcast"]
2026-03-20 16:00:52,920{GMT}	INFO	[jepsen node n0] maelstrom.service: Starting services: (lin-kv lin-tso lww-kv seq-kv)
2026-03-20 16:00:52,923{GMT}	INFO	[jepsen node n0] maelstrom.db: Setting up n0
2026-03-20 16:00:52,924{GMT}	INFO	[jepsen node n0] maelstrom.process: launching run.sh ["broadcast"]
2026-03-20 16:00:53,100{GMT}	INFO	[jepsen test runner] jepsen.core: Relative time begins now
2026-03-20 16:00:53,129{GMT}	INFO	[jepsen worker 1] jepsen.util: 1	:invoke	:broadcast	0
2026-03-20 16:00:53,129{GMT}	INFO	[jepsen worker nemesis] jepsen.util: :nemesis	:info	:start-partition	:minority-third
2026-03-20 16:00:53,134{GMT}	INFO	[jepsen worker nemesis] jepsen.util: :nemesis	:info	:start-partition	[:isolated {"n0" #{"n2" "n1" "n4" "n3"}, "n2" #{"n0"}, "n1" #{"n0"}, "n4" #{"n0"}, "n3" #{"n0"}}]
2026-03-20 16:00:53,138{GMT}	INFO	[jepsen worker 1] jepsen.util: 1	:ok	:broadcast	0
2026-03-20 16:00:53,287{GMT}	INFO	[jepsen worker 2] jepsen.util: 2	:invoke	:broadcast	1
2026-03-20 16:00:53,291{GMT}	INFO	[jepsen worker 2] jepsen.util: 2	:ok	:broadcast	1
2026-03-20 16:00:53,484{GMT}	INFO	[jepsen worker 3] jepsen.util: 3	:invoke	:broadcast	2
2026-03-20 16:00:53,487{GMT}	INFO	[jepsen worker 3] jepsen.util: 3	:ok	:broadcast	2
2026-03-20 16:00:53,609{GMT}	INFO	[jepsen worker 4] jepsen.util: 4	:invoke	:broadcast	3
2026-03-20 16:00:53,612{GMT}	INFO	[jepsen worker 4] jepsen.util: 4	:ok	:broadcast	3
2026-03-20 16:00:53,693{GMT}	INFO	[jepsen worker 0] jepsen.util: 0	:invoke	:read	nil
2026-03-20 16:00:53,696{GMT}	INFO	[jepsen worker 0] jepsen.util: 0	:ok	:read	[]
2026-03-20 16:00:53,739{GMT}	INFO	[jepsen worker 0] jepsen.util: 0	:invoke	:broadcast	4
2026-03-20 16:00:53,742{GMT}	INFO	[jepsen worker 0] jepsen.util: 0	:ok	:broadcast	4
2026-03-20 16:00:53,837{GMT}	INFO	[jepsen worker 1] jepsen.util: 1	:invoke	:broadcast	5
2026-03-20 16:00:53,840{GMT}	INFO	[jepsen worker 1] jepsen.util: 1	:ok	:broadcast	5
2026-03-20 16:00:53,855{GMT}	INFO	[jepsen worker 2] jepsen.util: 2	:invoke	:broadcast	6
2026-03-20 16:00:53,858{GMT}	INFO	[jepsen worker 2] jepsen.util: 2	:ok	:broadcast	6
2026-03-20 16:00:54,005{GMT}	INFO	[jepsen worker 3] jepsen.util: 3	:invoke	:broadcast	7
2026-03-20 16:00:54,008{GMT}	INFO	[jepsen worker 3] jepsen.util: 3	:ok	:broadcast	7
2026-03-20 16:00:54,144{GMT}	INFO	[jepsen worker 4] jepsen.util: 4	:invoke	:broadcast	8
2026-03-20 16:00:54,146{GMT}	INFO	[jepsen worker 4] jepsen.util: 4	:ok	:broadcast	8
2026-03-20 16:00:54,294{GMT}	INFO	[jepsen worker 0] jepsen.util: 0	:invoke	:read	nil
2026-03-20 16:00:54,296{GMT}	INFO	[jepsen worker 0] jepsen.util: 0	:ok	:read	[4]
2026-03-20 16:00:54,476{GMT}	INFO	[jepsen worker 0] jepsen.util: 0	:invoke	:broadcast	9
2026-03-20 16:00:54,478{GMT}	INFO	[jepsen worker 0] jepsen.util: 0	:ok	:broadcast	9
2026-03-20 16:00:54,620{GMT}	INFO	[jepsen worker 1] jepsen.util: 1	:invoke	:read	nil
2026-03-20 16:00:54,623{GMT}	INFO	[jepsen worker 1] jepsen.util: 1	:ok	:read	[0 1 2 3 5 6 7 8]
2026-03-20 16:00:54,729{GMT}	INFO	[jepsen worker 2] jepsen.util: 2	:invoke	:broadcast	10
2026-03-20 16:00:54,731{GMT}	INFO	[jepsen worker 2] jepsen.util: 2	:ok	:broadcast	10
2026-03-20 16:00:54,782{GMT}	INFO	[jepsen worker 3] jepsen.util: 3	:invoke	:broadcast	11
2026-03-20 16:00:54,784{GMT}	INFO	[jepsen worker 3] jepsen.util: 3	:ok	:broadcast	11
2026-03-20 16:00:54,938{GMT}	INFO	[jepsen worker 4] jepsen.util: 4	:invoke	:broadcast	12
2026-03-20 16:00:54,940{GMT}	INFO	[jepsen worker 4] jepsen.util: 4	:ok	:broadcast	12
2026-03-20 16:00:55,021{GMT}	INFO	[jepsen worker 0] jepsen.util: 0	:invoke	:broadcast	13
2026-03-20 16:00:55,023{GMT}	INFO	[jepsen worker 0] jepsen.util: 0	:ok	:broadcast	13
2026-03-20 16:00:55,186{GMT}	INFO	[jepsen worker 0] jepsen.util: 0	:invoke	:broadcast	14
2026-03-20 16:00:55,188{GMT}	INFO	[jepsen worker 0] jepsen.util: 0	:ok	:broadcast	14
2026-03-20 16:00:55,232{GMT}	INFO	[jepsen worker 1] jepsen.util: 1	:invoke	:read	nil
2026-03-20 16:00:55,233{GMT}	INFO	[jepsen worker 1] jepsen.util: 1	:ok	:read	[0 1 2 3 5 6 7 8 10 11 12]
2026-03-20 16:00:55,239{GMT}	INFO	[jepsen worker 2] jepsen.util: 2	:invoke	:broadcast	15
2026-03-20 16:00:55,240{GMT}	INFO	[jepsen worker 2] jepsen.util: 2	:ok	:broadcast	15
2026-03-20 16:00:55,334{GMT}	INFO	[jepsen worker 3] jepsen.util: 3	:invoke	:read	nil
2026-03-20 16:00:55,337{GMT}	INFO	[jepsen worker 3] jepsen.util: 3	:ok	:read	[0 1 2 3 5 6 7 8 10 11 12 15]
2026-03-20 16:00:55,489{GMT}	INFO	[jepsen worker 4] jepsen.util: 4	:invoke	:read	nil
2026-03-20 16:00:55,492{GMT}	INFO	[jepsen worker 4] jepsen.util: 4	:ok	:read	[0 1 2 3 5 6 7 8 10 11 12 15]
2026-03-20 16:00:55,581{GMT}	INFO	[jepsen worker 0] jepsen.util: 0	:invoke	:broadcast	16
2026-03-20 16:00:55,584{GMT}	INFO	[jepsen worker 0] jepsen.util: 0	:ok	:broadcast	16
2026-03-20 16:00:55,641{GMT}	INFO	[jepsen worker 0] jepsen.util: 0	:invoke	:broadcast	17
2026-03-20 16:00:55,643{GMT}	INFO	[jepsen worker 0] jepsen.util: 0	:ok	:broadcast	17
2026-03-20 16:00:55,697{GMT}	INFO	[jepsen worker 1] jepsen.util: 1	:invoke	:broadcast	18
2026-03-20 16:00:55,699{GMT}	INFO	[jepsen worker 1] jepsen.util: 1	:ok	:broadcast	18
2026-03-20 16:00:55,830{GMT}	INFO	[jepsen worker 2] jepsen.util: 2	:invoke	:broadcast	19
2026-03-20 16:00:55,832{GMT}	INFO	[jepsen worker 2] jepsen.util: 2	:ok	:broadcast	19
2026-03-20 16:00:55,858{GMT}	INFO	[jepsen worker 3] jepsen.util: 3	:invoke	:broadcast	20
2026-03-20 16:00:55,860{GMT}	INFO	[jepsen worker 3] jepsen.util: 3	:ok	:broadcast	20
2026-03-20 16:00:56,038{GMT}	INFO	[jepsen worker 4] jepsen.util: 4	:invoke	:broadcast	21
2026-03-20 16:00:56,040{GMT}	INFO	[jepsen worker 4] jepsen.util: 4	:ok	:broadcast	21
2026-03-20 16:00:56,106{GMT}	INFO	[jepsen worker 0] jepsen.util: 0	:invoke	:read	nil
2026-03-20 16:00:56,108{GMT}	INFO	[jepsen worker 0] jepsen.util: 0	:ok	:read	[4 9 13 14 16 17]
2026-03-20 16:00:56,250{GMT}	INFO	[jepsen worker 0] jepsen.util: 0	:invoke	:read	nil
2026-03-20 16:00:56,252{GMT}	INFO	[jepsen worker 0] jepsen.util: 0	:ok	:read	[4 9 13 14 16 17]
2026-03-20 16:00:56,415{GMT}	INFO	[jepsen worker 1] jepsen.util: 1	:invoke	:broadcast	22
2026-03-20 16:00:56,415{GMT}	INFO	[jepsen worker 2] jepsen.util: 2	:invoke	:read	nil
2026-03-20 16:00:56,417{GMT}	INFO	[jepsen worker 1] jepsen.util: 1	:ok	:broadcast	22
2026-03-20 16:00:56,419{GMT}	INFO	[jepsen worker 2] jepsen.util: 2	:ok	:read	[0 1 2 3 5 6 7 8 10 11 12 15 18 19 20 21]
2026-03-20 16:00:56,447{GMT}	INFO	[jepsen worker 3] jepsen.util: 3	:invoke	:broadcast	23
2026-03-20 16:00:56,449{GMT}	INFO	[jepsen worker 3] jepsen.util: 3	:ok	:broadcast	23
2026-03-20 16:00:56,533{GMT}	INFO	[jepsen worker 4] jepsen.util: 4	:invoke	:broadcast	24
2026-03-20 16:00:56,535{GMT}	INFO	[jepsen worker 4] jepsen.util: 4	:ok	:broadcast	24
2026-03-20 16:00:56,543{GMT}	INFO	[jepsen worker 0] jepsen.util: 0	:invoke	:broadcast	25
2026-03-20 16:00:56,545{GMT}	INFO	[jepsen worker 0] jepsen.util: 0	:ok	:broadcast	25
2026-03-20 16:00:56,719{GMT}	INFO	[jepsen worker 0] jepsen.util: 0	:invoke	:read	nil
2026-03-20 16:00:56,721{GMT}	INFO	[jepsen worker 0] jepsen.util: 0	:ok	:read	[4 9 13 14 16 17 25]
2026-03-20 16:00:56,824{GMT}	INFO	[jepsen worker 1] jepsen.util: 1	:invoke	:read	nil
2026-03-20 16:00:56,826{GMT}	INFO	[jepsen worker 1] jepsen.util: 1	:ok	:read	[0 1 2 3 5 6 7 8 10 11 12 15 18 19 20 21 22 23 24]
2026-03-20 16:00:56,994{GMT}	INFO	[jepsen worker 2] jepsen.util: 2	:invoke	:broadcast	26
2026-03-20 16:00:56,996{GMT}	INFO	[jepsen worker 2] jepsen.util: 2	:ok	:broadcast	26
2026-03-20 16:00:57,017{GMT}	INFO	[jepsen worker 3] jepsen.util: 3	:invoke	:broadcast	27
2026-03-20 16:00:57,018{GMT}	INFO	[jepsen worker 3] jepsen.util: 3	:ok	:broadcast	27
2026-03-20 16:00:57,149{GMT}	INFO	[jepsen worker 4] jepsen.util: 4	:invoke	:read	nil
2026-03-20 16:00:57,150{GMT}	INFO	[jepsen worker 4] jepsen.util: 4	:ok	:read	[0 1 2 3 5 6 7 8 10 11 12 15 18 19 20 21 22 23 24 26 27]
2026-03-20 16:00:57,239{GMT}	INFO	[jepsen worker 0] jepsen.util: 0	:invoke	:broadcast	28
2026-03-20 16:00:57,241{GMT}	INFO	[jepsen worker 0] jepsen.util: 0	:ok	:broadcast	28
2026-03-20 16:00:57,358{GMT}	INFO	[jepsen worker 0] jepsen.util: 0	:invoke	:read	nil
2026-03-20 16:00:57,360{GMT}	INFO	[jepsen worker 0] jepsen.util: 0	:ok	:read	[4 9 13 14 16 17 25 28]
2026-03-20 16:00:57,524{GMT}	INFO	[jepsen worker 1] jepsen.util: 1	:invoke	:read	nil
2026-03-20 16:00:57,526{GMT}	INFO	[jepsen worker 1] jepsen.util: 1	:ok	:read	[0 1 2 3 5 6 7 8 10 11 12 15 18 19 20 21 22 23 24 26 27]
2026-03-20 16:00:57,612{GMT}	INFO	[jepsen worker 2] jepsen.util: 2	:invoke	:broadcast	29
2026-03-20 16:00:57,614{GMT}	INFO	[jepsen worker 2] jepsen.util: 2	:ok	:broadcast	29
2026-03-20 16:00:57,712{GMT}	INFO	[jepsen worker 3] jepsen.util: 3	:invoke	:broadcast	30
2026-03-20 16:00:57,714{GMT}	INFO	[jepsen worker 3] jepsen.util: 3	:ok	:broadcast	30
2026-03-20 16:00:57,899{GMT}	INFO	[jepsen worker 4] jepsen.util: 4	:invoke	:broadcast	31
2026-03-20 16:00:57,901{GMT}	INFO	[jepsen worker 4] jepsen.util: 4	:ok	:broadcast	31
2026-03-20 16:00:57,909{GMT}	INFO	[jepsen worker 0] jepsen.util: 0	:invoke	:broadcast	32
2026-03-20 16:00:57,910{GMT}	INFO	[jepsen worker 0] jepsen.util: 0	:ok	:broadcast	32
2026-03-20 16:00:57,992{GMT}	INFO	[jepsen worker 0] jepsen.util: 0	:invoke	:read	nil
2026-03-20 16:00:57,993{GMT}	INFO	[jepsen worker 0] jepsen.util: 0	:ok	:read	[4 9 13 14 16 17 25 28 32]
2026-03-20 16:00:58,059{GMT}	INFO	[jepsen worker 1] jepsen.util: 1	:invoke	:broadcast	33
2026-03-20 16:00:58,061{GMT}	INFO	[jepsen worker 1] jepsen.util: 1	:ok	:broadcast	33
2026-03-20 16:00:58,070{GMT}	INFO	[jepsen worker 2] jepsen.util: 2	:invoke	:read	nil
2026-03-20 16:00:58,071{GMT}	INFO	[jepsen worker 2] jepsen.util: 2	:ok	:read	[0 1 2 3 5 6 7 8 10 11 12 15 18 19 20 21 22 23 24 26 27 29 30 31 33]
2026-03-20 16:00:58,245{GMT}	INFO	[jepsen worker 3] jepsen.util: 3	:invoke	:read	nil
2026-03-20 16:00:58,246{GMT}	INFO	[jepsen worker 3] jepsen.util: 3	:ok	:read	[0 1 2 3 5 6 7 8 10 11 12 15 18 19 20 21 22 23 24 26 27 29 30 31 33]
2026-03-20 16:00:58,429{GMT}	INFO	[jepsen worker 4] jepsen.util: 4	:invoke	:broadcast	34
2026-03-20 16:00:58,431{GMT}	INFO	[jepsen worker 4] jepsen.util: 4	:ok	:broadcast	34
2026-03-20 16:00:58,605{GMT}	INFO	[jepsen worker 0] jepsen.util: 0	:invoke	:broadcast	35
2026-03-20 16:00:58,606{GMT}	INFO	[jepsen worker 0] jepsen.util: 0	:ok	:broadcast	35
2026-03-20 16:00:58,803{GMT}	INFO	[jepsen worker 0] jepsen.util: 0	:invoke	:read	nil
2026-03-20 16:00:58,805{GMT}	INFO	[jepsen worker 0] jepsen.util: 0	:ok	:read	[4 9 13 14 16 17 25 28 32 35]
2026-03-20 16:00:58,809{GMT}	INFO	[jepsen worker 1] jepsen.util: 1	:invoke	:read	nil
2026-03-20 16:00:58,811{GMT}	INFO	[jepsen worker 1] jepsen.util: 1	:ok	:read	[0 1 2 3 5 6 7 8 10 11 12 15 18 19 20 21 22 23 24 26 27 29 30 31 33 34]
2026-03-20 16:00:58,915{GMT}	INFO	[jepsen worker 2] jepsen.util: 2	:invoke	:read	nil
2026-03-20 16:00:58,917{GMT}	INFO	[jepsen worker 2] jepsen.util: 2	:ok	:read	[0 1 2 3 5 6 7 8 10 11 12 15 18 19 20 21 22 23 24 26 27 29 30 31 33 34]
2026-03-20 16:00:59,107{GMT}	INFO	[jepsen worker 3] jepsen.util: 3	:invoke	:read	nil
2026-03-20 16:00:59,109{GMT}	INFO	[jepsen worker 3] jepsen.util: 3	:ok	:read	[0 1 2 3 5 6 7 8 10 11 12 15 18 19 20 21 22 23 24 26 27 29 30 31 33 34]
2026-03-20 16:00:59,146{GMT}	INFO	[jepsen worker 4] jepsen.util: 4	:invoke	:broadcast	36
2026-03-20 16:00:59,148{GMT}	INFO	[jepsen worker 4] jepsen.util: 4	:ok	:broadcast	36
2026-03-20 16:00:59,250{GMT}	INFO	[jepsen worker 0] jepsen.util: 0	:invoke	:broadcast	37
2026-03-20 16:00:59,252{GMT}	INFO	[jepsen worker 0] jepsen.util: 0	:ok	:broadcast	37
2026-03-20 16:00:59,337{GMT}	INFO	[jepsen worker 0] jepsen.util: 0	:invoke	:broadcast	38
2026-03-20 16:00:59,338{GMT}	INFO	[jepsen worker 0] jepsen.util: 0	:ok	:broadcast	38
2026-03-20 16:00:59,408{GMT}	INFO	[jepsen worker 1] jepsen.util: 1	:invoke	:read	nil
2026-03-20 16:00:59,410{GMT}	INFO	[jepsen worker 1] jepsen.util: 1	:ok	:read	[0 1 2 3 5 6 7 8 10 11 12 15 18 19 20 21 22 23 24 26 27 29 30 31 33 34 36]
2026-03-20 16:00:59,605{GMT}	INFO	[jepsen worker 2] jepsen.util: 2	:invoke	:read	nil
2026-03-20 16:00:59,607{GMT}	INFO	[jepsen worker 2] jepsen.util: 2	:ok	:read	[0 1 2 3 5 6 7 8 10 11 12 15 18 19 20 21 22 23 24 26 27 29 30 31 33 34 36]
2026-03-20 16:00:59,683{GMT}	INFO	[jepsen worker 3] jepsen.util: 3	:invoke	:broadcast	39
2026-03-20 16:00:59,685{GMT}	INFO	[jepsen worker 3] jepsen.util: 3	:ok	:broadcast	39
2026-03-20 16:00:59,706{GMT}	INFO	[jepsen worker 4] jepsen.util: 4	:invoke	:read	nil
2026-03-20 16:00:59,708{GMT}	INFO	[jepsen worker 4] jepsen.util: 4	:ok	:read	[0 1 2 3 5 6 7 8 10 11 12 15 18 19 20 21 22 23 24 26 27 29 30 31 33 34 36 39]
2026-03-20 16:00:59,802{GMT}	INFO	[jepsen worker 0] jepsen.util: 0	:invoke	:broadcast	40
2026-03-20 16:00:59,803{GMT}	INFO	[jepsen worker 0] jepsen.util: 0	:ok	:broadcast	40
2026-03-20 16:00:59,906{GMT}	INFO	[jepsen worker 0] jepsen.util: 0	:invoke	:broadcast	41
2026-03-20 16:00:59,908{GMT}	INFO	[jepsen worker 0] jepsen.util: 0	:ok	:broadcast	41
2026-03-20 16:01:00,099{GMT}	INFO	[jepsen worker 1] jepsen.util: 1	:invoke	:read	nil
2026-03-20 16:01:00,101{GMT}	INFO	[jepsen worker 1] jepsen.util: 1	:ok	:read	[0 1 2 3 5 6 7 8 10 11 12 15 18 19 20 21 22 23 24 26 27 29 30 31 33 34 36 39]
2026-03-20 16:01:00,250{GMT}	INFO	[jepsen worker 2] jepsen.util: 2	:invoke	:broadcast	42
2026-03-20 16:01:00,252{GMT}	INFO	[jepsen worker 2] jepsen.util: 2	:ok	:broadcast	42
2026-03-20 16:01:00,441{GMT}	INFO	[jepsen worker 3] jepsen.util: 3	:invoke	:read	nil
2026-03-20 16:01:00,443{GMT}	INFO	[jepsen worker 3] jepsen.util: 3	:ok	:read	[0 1 2 3 5 6 7 8 10 11 12 15 18 19 20 21 22 23 24 26 27 29 30 31 33 34 36 39 42]
2026-03-20 16:01:00,459{GMT}	INFO	[jepsen worker 4] jepsen.util: 4	:invoke	:read	nil
2026-03-20 16:01:00,461{GMT}	INFO	[jepsen worker 4] jepsen.util: 4	:ok	:read	[0 1 2 3 5 6 7 8 10 11 12 15 18 19 20 21 22 23 24 26 27 29 30 31 33 34 36 39 42]
2026-03-20 16:01:00,584{GMT}	INFO	[jepsen worker 0] jepsen.util: 0	:invoke	:broadcast	43
2026-03-20 16:01:00,586{GMT}	INFO	[jepsen worker 0] jepsen.util: 0	:ok	:broadcast	43
2026-03-20 16:01:00,680{GMT}	INFO	[jepsen worker 0] jepsen.util: 0	:invoke	:read	nil
2026-03-20 16:01:00,682{GMT}	INFO	[jepsen worker 0] jepsen.util: 0	:ok	:read	[4 9 13 14 16 17 25 28 32 35 37 38 40 41 43]
2026-03-20 16:01:00,868{GMT}	INFO	[jepsen worker 1] jepsen.util: 1	:invoke	:read	nil
2026-03-20 16:01:00,870{GMT}	INFO	[jepsen worker 1] jepsen.util: 1	:ok	:read	[0 1 2 3 5 6 7 8 10 11 12 15 18 19 20 21 22 23 24 26 27 29 30 31 33 34 36 39 42]
2026-03-20 16:01:00,990{GMT}	INFO	[jepsen worker 2] jepsen.util: 2	:invoke	:read	nil
2026-03-20 16:01:00,991{GMT}	INFO	[jepsen worker 2] jepsen.util: 2	:ok	:read	[0 1 2 3 5 6 7 8 10 11 12 15 18 19 20 21 22 23 24 26 27 29 30 31 33 34 36 39 42]
2026-03-20 16:01:01,166{GMT}	INFO	[jepsen worker 3] jepsen.util: 3	:invoke	:broadcast	44
2026-03-20 16:01:01,167{GMT}	INFO	[jepsen worker 3] jepsen.util: 3	:ok	:broadcast	44
2026-03-20 16:01:01,357{GMT}	INFO	[jepsen worker 4] jepsen.util: 4	:invoke	:broadcast	45
2026-03-20 16:01:01,359{GMT}	INFO	[jepsen worker 4] jepsen.util: 4	:ok	:broadcast	45
2026-03-20 16:01:01,452{GMT}	INFO	[jepsen worker 0] jepsen.util: 0	:invoke	:broadcast	46
2026-03-20 16:01:01,453{GMT}	INFO	[jepsen worker 0] jepsen.util: 0	:ok	:broadcast	46
2026-03-20 16:01:01,479{GMT}	INFO	[jepsen worker 0] jepsen.util: 0	:invoke	:broadcast	47
2026-03-20 16:01:01,481{GMT}	INFO	[jepsen worker 0] jepsen.util: 0	:ok	:broadcast	47
2026-03-20 16:01:01,532{GMT}	INFO	[jepsen worker 1] jepsen.util: 1	:invoke	:broadcast	48
2026-03-20 16:01:01,533{GMT}	INFO	[jepsen worker 1] jepsen.util: 1	:ok	:broadcast	48
2026-03-20 16:01:01,574{GMT}	INFO	[jepsen worker 2] jepsen.util: 2	:invoke	:broadcast	49
2026-03-20 16:01:01,576{GMT}	INFO	[jepsen worker 2] jepsen.util: 2	:ok	:broadcast	49
2026-03-20 16:01:01,712{GMT}	INFO	[jepsen worker 3] jepsen.util: 3	:invoke	:broadcast	50
2026-03-20 16:01:01,714{GMT}	INFO	[jepsen worker 3] jepsen.util: 3	:ok	:broadcast	50
2026-03-20 16:01:01,875{GMT}	INFO	[jepsen worker 4] jepsen.util: 4	:invoke	:read	nil
2026-03-20 16:01:01,877{GMT}	INFO	[jepsen worker 4] jepsen.util: 4	:ok	:read	[0 1 2 3 5 6 7 8 10 11 12 15 18 19 20 21 22 23 24 26 27 29 30 31 33 34 36 39 42 44 45 48 49 50]
2026-03-20 16:01:02,039{GMT}	INFO	[jepsen worker 0] jepsen.util: 0	:invoke	:read	nil
2026-03-20 16:01:02,040{GMT}	INFO	[jepsen worker 0] jepsen.util: 0	:ok	:read	[4 9 13 14 16 17 25 28 32 35 37 38 40 41 43 46 47]
2026-03-20 16:01:02,046{GMT}	INFO	[jepsen worker 0] jepsen.util: 0	:invoke	:read	nil
2026-03-20 16:01:02,047{GMT}	INFO	[jepsen worker 0] jepsen.util: 0	:ok	:read	[4 9 13 14 16 17 25 28 32 35 37 38 40 41 43 46 47]
2026-03-20 16:01:02,150{GMT}	INFO	[jepsen worker 1] jepsen.util: 1	:invoke	:broadcast	51
2026-03-20 16:01:02,152{GMT}	INFO	[jepsen worker 1] jepsen.util: 1	:ok	:broadcast	51
2026-03-20 16:01:02,267{GMT}	INFO	[jepsen worker 2] jepsen.util: 2	:invoke	:broadcast	52
2026-03-20 16:01:02,269{GMT}	INFO	[jepsen worker 2] jepsen.util: 2	:ok	:broadcast	52
2026-03-20 16:01:02,378{GMT}	INFO	[jepsen worker 3] jepsen.util: 3	:invoke	:read	nil
2026-03-20 16:01:02,380{GMT}	INFO	[jepsen worker 3] jepsen.util: 3	:ok	:read	[0 1 2 3 5 6 7 8 10 11 12 15 18 19 20 21 22 23 24 26 27 29 30 31 33 34 36 39 42 44 45 48 49 50 51 52]
2026-03-20 16:01:02,477{GMT}	INFO	[jepsen worker 4] jepsen.util: 4	:invoke	:read	nil
2026-03-20 16:01:02,479{GMT}	INFO	[jepsen worker 4] jepsen.util: 4	:ok	:read	[0 1 2 3 5 6 7 8 10 11 12 15 18 19 20 21 22 23 24 26 27 29 30 31 33 34 36 39 42 44 45 48 49 50 51 52]
2026-03-20 16:01:02,567{GMT}	INFO	[jepsen worker 0] jepsen.util: 0	:invoke	:read	nil
2026-03-20 16:01:02,568{GMT}	INFO	[jepsen worker 0] jepsen.util: 0	:ok	:read	[4 9 13 14 16 17 25 28 32 35 37 38 40 41 43 46 47]
2026-03-20 16:01:02,725{GMT}	INFO	[Jepsen shutdown hook] jepsen.core: Downloading DB logs before JVM shutdown...
