2026-03-19 17:32:05,054{GMT}	INFO	[jepsen test runner] jepsen.core: Command line:
lein run test -w broadcast --bin run.sh broadcast --node-count 5 --time-limit 20 --rate 10
2026-03-19 17:32:05,140{GMT}	INFO	[jepsen test runner] jepsen.core: Running test:
{:args ["broadcast"]
 :remote
 #jepsen.control.retry.Remote{:remote #jepsen.control.scp.Remote{:cmd-remote #jepsen.control.sshj.SSHJRemote{:concurrency-limit 6,
                                                                                                             :conn-spec nil,
                                                                                                             :client nil,
                                                                                                             :semaphore nil},
                                                                 :conn-spec nil},
                              :conn nil}
 :log-net-send false
 :node-count 5
 :availability nil
 :max-txn-length 4
 :concurrency 5
 :db
 #object[maelstrom.db$db$reify__16142
         "0x3619ecd"
         "maelstrom.db$db$reify__16142@3619ecd"]
 :max-writes-per-key 16
 :leave-db-running? false
 :name "broadcast"
 :logging-json? false
 :start-time
 #object[org.joda.time.DateTime "0x7de4bd8f" "2026-03-19T17:32:05.036Z"]
 :nemesis-interval 10
 :net
 #object[maelstrom.net$jepsen_net$reify__15251
         "0x193e65d5"
         "maelstrom.net$jepsen_net$reify__15251@193e65d5"]
 :client
 #object[maelstrom.workload.broadcast$client$reify__16644
         "0x2a97b4b8"
         "maelstrom.workload.broadcast$client$reify__16644@2a97b4b8"]
 :barrier
 #object[java.util.concurrent.CyclicBarrier
         "0x250fc0d1"
         "java.util.concurrent.CyclicBarrier@250fc0d1"]
 :log-stderr false
 :pure-generators true
 :ssh {:dummy? true}
 :rate 10.0
 :checker
 #object[jepsen.checker$compose$reify__11881
         "0x7ddf193a"
         "jepsen.checker$compose$reify__11881@7ddf193a"]
 :argv
 ("test"
  "-w"
  "broadcast"
  "--bin"
  "run.sh"
  "broadcast"
  "--node-count"
  "5"
  "--time-limit"
  "20"
  "--rate"
  "10")
 :nemesis
 (jepsen.nemesis.ReflCompose
  {:fm {:start-partition 0,
        :stop-partition 0,
        :kill 1,
        :start 1,
        :pause 1,
        :resume 1},
   :nemeses [#unprintable "jepsen.nemesis.combined$partition_nemesis$reify__16416@17a5cb99"
             #unprintable "jepsen.nemesis.combined$db_nemesis$reify__16397@808fa1"]})
 :nodes ["n0" "n1" "n2" "n3" "n4"]
 :test-count 1
 :latency {:mean 0, :dist :constant}
 :bin "run.sh"
 :generator
 ((jepsen.generator.Synchronize
   {:gen (jepsen.generator.TimeLimit
          {:limit 20000000000,
           :cutoff nil,
           :gen (jepsen.generator.Any
                 {:gens [(jepsen.generator.OnThreads
                          {:f #{:nemesis},
                           :context-filter #object[jepsen.generator.context$make_thread_filter$lazy_filter__9167
                                                   "0x7545cb17"
                                                   "jepsen.generator.context$make_thread_filter$lazy_filter__9167@7545cb17"],
                           :gen nil})
                         (jepsen.generator.OnThreads
                          {:f #jepsen.generator.context.AllBut{:element :nemesis},
                           :context-filter #object[jepsen.generator.context$make_thread_filter$lazy_filter__9167
                                                   "0x635b3ec7"
                                                   "jepsen.generator.context$make_thread_filter$lazy_filter__9167@635b3ec7"],
                           :gen (jepsen.generator.Stagger
                                 {:dt 200000000,
                                  :next-time nil,
                                  :gen (jepsen.generator.Mix
                                        {:i 1,
                                         :gens [({:f :broadcast, :value 0}
                                                 {:f :broadcast, :value 1}
                                                 {:f :broadcast, :value 2}
                                                 {:f :broadcast, :value 3}
                                                 {:f :broadcast, :value 4}
                                                 {:f :broadcast, :value 5}
                                                 {:f :broadcast, :value 6}
                                                 {:f :broadcast, :value 7}
                                                 ...)
                                                ({:f :read}
                                                 {:f :read}
                                                 {:f :read}
                                                 {:f :read}
                                                 {:f :read}
                                                 {:f :read}
                                                 {:f :read}
                                                 {:f :read}
                                                 ...)]})})})]})})})
  (jepsen.generator.Synchronize
   {:gen (jepsen.generator.OnThreads
          {:f #{:nemesis},
           :context-filter #object[jepsen.generator.context$make_thread_filter$lazy_filter__9167
                                   "0x15aa3084"
                                   "jepsen.generator.context$make_thread_filter$lazy_filter__9167@15aa3084"],
           :gen ()})})
  (jepsen.generator.Synchronize
   {:gen {:type :log, :value "Waiting for recovery..."}})
  (jepsen.generator.Synchronize {:gen {:type :sleep, :value 10}})
  (jepsen.generator.Synchronize
   {:gen (jepsen.generator.OnThreads
          {:f #jepsen.generator.context.AllBut{:element :nemesis},
           :context-filter #object[jepsen.generator.context$make_thread_filter$lazy_filter__9167
                                   "0x4e6c4c55"
                                   "jepsen.generator.context$make_thread_filter$lazy_filter__9167@4e6c4c55"],
           :gen (jepsen.generator.EachThread
                 {:fresh-gen {:f :read, :final? true},
                  :context-filters #object[clojure.core$promise$reify__8591
                                           "0x74fbee59"
                                           {:status :pending, :val nil}],
                  :gens {}})})}))
 :log-net-recv false
 :os
 #object[maelstrom.net$jepsen_os$reify__15254
         "0x3794621d"
         "maelstrom.net$jepsen_os$reify__15254@3794621d"]
 :time-limit 20
 :workload :broadcast
 :consistency-models [:strict-serializable]
 :topology :grid}

2026-03-19 17:32:06,329{GMT}	INFO	[jepsen node n0] maelstrom.net: Starting Maelstrom network
2026-03-19 17:32:06,330{GMT}	INFO	[jepsen test runner] jepsen.db: Tearing down DB
2026-03-19 17:32:06,332{GMT}	INFO	[jepsen test runner] jepsen.db: Setting up DB
2026-03-19 17:32:06,333{GMT}	INFO	[jepsen node n1] maelstrom.db: Setting up n1
2026-03-19 17:32:06,333{GMT}	INFO	[jepsen node n3] maelstrom.db: Setting up n3
2026-03-19 17:32:06,333{GMT}	INFO	[jepsen node n4] maelstrom.db: Setting up n4
2026-03-19 17:32:06,333{GMT}	INFO	[jepsen node n2] maelstrom.db: Setting up n2
2026-03-19 17:32:06,334{GMT}	INFO	[jepsen node n2] maelstrom.process: launching run.sh ["broadcast"]
2026-03-19 17:32:06,334{GMT}	INFO	[jepsen node n3] maelstrom.process: launching run.sh ["broadcast"]
2026-03-19 17:32:06,334{GMT}	INFO	[jepsen node n4] maelstrom.process: launching run.sh ["broadcast"]
2026-03-19 17:32:06,334{GMT}	INFO	[jepsen node n1] maelstrom.process: launching run.sh ["broadcast"]
2026-03-19 17:32:06,335{GMT}	INFO	[jepsen node n0] maelstrom.service: Starting services: (lin-kv lin-tso lww-kv seq-kv)
2026-03-19 17:32:06,339{GMT}	INFO	[jepsen node n0] maelstrom.db: Setting up n0
2026-03-19 17:32:06,341{GMT}	INFO	[jepsen node n0] maelstrom.process: launching run.sh ["broadcast"]
2026-03-19 17:32:06,516{GMT}	INFO	[jepsen test runner] jepsen.core: Relative time begins now
2026-03-19 17:32:06,536{GMT}	INFO	[jepsen worker 0] jepsen.util: 0	:invoke	:read	nil
2026-03-19 17:32:06,540{GMT}	INFO	[jepsen worker 0] jepsen.util: 0	:ok	:read	[]
2026-03-19 17:32:06,705{GMT}	INFO	[jepsen worker 1] jepsen.util: 1	:invoke	:read	nil
2026-03-19 17:32:06,710{GMT}	INFO	[jepsen worker 1] jepsen.util: 1	:ok	:read	[]
2026-03-19 17:32:06,718{GMT}	INFO	[jepsen worker 2] jepsen.util: 2	:invoke	:broadcast	0
2026-03-19 17:32:06,724{GMT}	INFO	[jepsen worker 2] jepsen.util: 2	:ok	:broadcast	0
2026-03-19 17:32:06,810{GMT}	INFO	[jepsen worker 3] jepsen.util: 3	:invoke	:broadcast	1
2026-03-19 17:32:06,813{GMT}	INFO	[jepsen worker 4] jepsen.util: 4	:invoke	:read	nil
2026-03-19 17:32:06,816{GMT}	INFO	[jepsen worker 3] jepsen.util: 3	:ok	:broadcast	1
2026-03-19 17:32:06,818{GMT}	INFO	[jepsen worker 4] jepsen.util: 4	:ok	:read	[]
2026-03-19 17:32:06,923{GMT}	INFO	[jepsen worker 0] jepsen.util: 0	:invoke	:broadcast	2
2026-03-19 17:32:06,929{GMT}	INFO	[jepsen worker 0] jepsen.util: 0	:ok	:broadcast	2
2026-03-19 17:32:07,000{GMT}	INFO	[jepsen worker 0] jepsen.util: 0	:invoke	:broadcast	3
2026-03-19 17:32:07,004{GMT}	INFO	[jepsen worker 0] jepsen.util: 0	:ok	:broadcast	3
2026-03-19 17:32:07,021{GMT}	INFO	[jepsen worker 1] jepsen.util: 1	:invoke	:read	nil
2026-03-19 17:32:07,025{GMT}	INFO	[jepsen worker 1] jepsen.util: 1	:ok	:read	[2 3]
2026-03-19 17:32:07,141{GMT}	INFO	[jepsen worker 2] jepsen.util: 2	:invoke	:broadcast	4
2026-03-19 17:32:07,146{GMT}	INFO	[jepsen worker 2] jepsen.util: 2	:ok	:broadcast	4
2026-03-19 17:32:07,283{GMT}	INFO	[jepsen worker 3] jepsen.util: 3	:invoke	:read	nil
2026-03-19 17:32:07,288{GMT}	INFO	[jepsen worker 3] jepsen.util: 3	:ok	:read	[2 3]
2026-03-19 17:32:07,427{GMT}	INFO	[jepsen worker 4] jepsen.util: 4	:invoke	:broadcast	5
2026-03-19 17:32:07,431{GMT}	INFO	[jepsen worker 4] jepsen.util: 4	:ok	:broadcast	5
2026-03-19 17:32:07,494{GMT}	INFO	[jepsen worker 0] jepsen.util: 0	:invoke	:read	nil
2026-03-19 17:32:07,498{GMT}	INFO	[jepsen worker 0] jepsen.util: 0	:ok	:read	[0 1 2 3 4 5]
2026-03-19 17:32:07,660{GMT}	INFO	[jepsen worker 0] jepsen.util: 0	:invoke	:read	nil
2026-03-19 17:32:07,664{GMT}	INFO	[jepsen worker 0] jepsen.util: 0	:ok	:read	[0 1 2 3 4 5]
2026-03-19 17:32:07,775{GMT}	INFO	[jepsen worker 1] jepsen.util: 1	:invoke	:broadcast	6
2026-03-19 17:32:07,780{GMT}	INFO	[jepsen worker 1] jepsen.util: 1	:ok	:broadcast	6
2026-03-19 17:32:07,953{GMT}	INFO	[jepsen worker 2] jepsen.util: 2	:invoke	:broadcast	7
2026-03-19 17:32:07,958{GMT}	INFO	[jepsen worker 2] jepsen.util: 2	:ok	:broadcast	7
2026-03-19 17:32:07,977{GMT}	INFO	[jepsen worker 3] jepsen.util: 3	:invoke	:broadcast	8
2026-03-19 17:32:07,982{GMT}	INFO	[jepsen worker 3] jepsen.util: 3	:ok	:broadcast	8
2026-03-19 17:32:08,176{GMT}	INFO	[jepsen worker 4] jepsen.util: 4	:invoke	:broadcast	9
2026-03-19 17:32:08,180{GMT}	INFO	[jepsen worker 4] jepsen.util: 4	:ok	:broadcast	9
2026-03-19 17:32:08,338{GMT}	INFO	[jepsen worker 0] jepsen.util: 0	:invoke	:broadcast	10
2026-03-19 17:32:08,344{GMT}	INFO	[jepsen worker 0] jepsen.util: 0	:ok	:broadcast	10
2026-03-19 17:32:08,391{GMT}	INFO	[jepsen worker 0] jepsen.util: 0	:invoke	:read	nil
2026-03-19 17:32:08,394{GMT}	INFO	[jepsen worker 0] jepsen.util: 0	:ok	:read	[0 1 2 3 4 5 6 7 8 9 10]
2026-03-19 17:32:08,483{GMT}	INFO	[jepsen worker 1] jepsen.util: 1	:invoke	:read	nil
2026-03-19 17:32:08,487{GMT}	INFO	[jepsen worker 1] jepsen.util: 1	:ok	:read	[2 3 10]
2026-03-19 17:32:08,489{GMT}	INFO	[jepsen worker 2] jepsen.util: 2	:invoke	:read	nil
2026-03-19 17:32:08,493{GMT}	INFO	[jepsen worker 2] jepsen.util: 2	:ok	:read	[2 3 10]
2026-03-19 17:32:08,569{GMT}	INFO	[jepsen worker 3] jepsen.util: 3	:invoke	:read	nil
2026-03-19 17:32:08,573{GMT}	INFO	[jepsen worker 3] jepsen.util: 3	:ok	:read	[2 3 10]
2026-03-19 17:32:08,575{GMT}	INFO	[jepsen worker 4] jepsen.util: 4	:invoke	:read	nil
2026-03-19 17:32:08,579{GMT}	INFO	[jepsen worker 4] jepsen.util: 4	:ok	:read	[2 3 10]
2026-03-19 17:32:08,710{GMT}	INFO	[jepsen worker 0] jepsen.util: 0	:invoke	:read	nil
2026-03-19 17:32:08,714{GMT}	INFO	[jepsen worker 0] jepsen.util: 0	:ok	:read	[0 1 2 3 4 5 6 7 8 9 10]
2026-03-19 17:32:08,854{GMT}	INFO	[jepsen worker 0] jepsen.util: 0	:invoke	:broadcast	11
2026-03-19 17:32:08,860{GMT}	INFO	[jepsen worker 0] jepsen.util: 0	:ok	:broadcast	11
2026-03-19 17:32:09,024{GMT}	INFO	[jepsen worker 1] jepsen.util: 1	:invoke	:read	nil
2026-03-19 17:32:09,028{GMT}	INFO	[jepsen worker 1] jepsen.util: 1	:ok	:read	[2 3 10 11]
2026-03-19 17:32:09,045{GMT}	INFO	[jepsen worker 2] jepsen.util: 2	:invoke	:broadcast	12
2026-03-19 17:32:09,050{GMT}	INFO	[jepsen worker 2] jepsen.util: 2	:ok	:broadcast	12
2026-03-19 17:32:09,103{GMT}	INFO	[jepsen worker 3] jepsen.util: 3	:invoke	:read	nil
2026-03-19 17:32:09,107{GMT}	INFO	[jepsen worker 3] jepsen.util: 3	:ok	:read	[2 3 10 11]
2026-03-19 17:32:09,153{GMT}	INFO	[jepsen worker 4] jepsen.util: 4	:invoke	:read	nil
2026-03-19 17:32:09,156{GMT}	INFO	[jepsen worker 4] jepsen.util: 4	:ok	:read	[2 3 10 11]
2026-03-19 17:32:09,240{GMT}	INFO	[jepsen worker 0] jepsen.util: 0	:invoke	:read	nil
2026-03-19 17:32:09,243{GMT}	INFO	[jepsen worker 0] jepsen.util: 0	:ok	:read	[0 1 2 3 4 5 6 7 8 9 10 11 12]
2026-03-19 17:32:09,402{GMT}	INFO	[jepsen worker 0] jepsen.util: 0	:invoke	:broadcast	13
2026-03-19 17:32:09,408{GMT}	INFO	[jepsen worker 0] jepsen.util: 0	:ok	:broadcast	13
2026-03-19 17:32:09,451{GMT}	INFO	[jepsen worker 1] jepsen.util: 1	:invoke	:broadcast	14
2026-03-19 17:32:09,455{GMT}	INFO	[jepsen worker 1] jepsen.util: 1	:ok	:broadcast	14
2026-03-19 17:32:09,603{GMT}	INFO	[jepsen worker 2] jepsen.util: 2	:invoke	:broadcast	15
2026-03-19 17:32:09,607{GMT}	INFO	[jepsen worker 2] jepsen.util: 2	:ok	:broadcast	15
2026-03-19 17:32:09,631{GMT}	INFO	[jepsen worker 3] jepsen.util: 3	:invoke	:read	nil
2026-03-19 17:32:09,635{GMT}	INFO	[jepsen worker 3] jepsen.util: 3	:ok	:read	[2 3 10 11 13]
2026-03-19 17:32:09,737{GMT}	INFO	[jepsen worker 4] jepsen.util: 4	:invoke	:read	nil
2026-03-19 17:32:09,740{GMT}	INFO	[jepsen worker 4] jepsen.util: 4	:ok	:read	[2 3 10 11 13]
2026-03-19 17:32:09,832{GMT}	INFO	[jepsen worker 0] jepsen.util: 0	:invoke	:broadcast	16
2026-03-19 17:32:09,837{GMT}	INFO	[jepsen worker 0] jepsen.util: 0	:ok	:broadcast	16
2026-03-19 17:32:09,943{GMT}	INFO	[jepsen worker 0] jepsen.util: 0	:invoke	:broadcast	17
2026-03-19 17:32:09,947{GMT}	INFO	[jepsen worker 0] jepsen.util: 0	:ok	:broadcast	17
2026-03-19 17:32:10,051{GMT}	INFO	[jepsen worker 1] jepsen.util: 1	:invoke	:broadcast	18
2026-03-19 17:32:10,054{GMT}	INFO	[jepsen worker 1] jepsen.util: 1	:ok	:broadcast	18
2026-03-19 17:32:10,192{GMT}	INFO	[jepsen worker 2] jepsen.util: 2	:invoke	:read	nil
2026-03-19 17:32:10,196{GMT}	INFO	[jepsen worker 2] jepsen.util: 2	:ok	:read	[2 3 10 11 13 16 17]
2026-03-19 17:32:10,327{GMT}	INFO	[jepsen worker 3] jepsen.util: 3	:invoke	:read	nil
2026-03-19 17:32:10,329{GMT}	INFO	[jepsen worker 3] jepsen.util: 3	:ok	:read	[2 3 10 11 13 16 17]
2026-03-19 17:32:10,393{GMT}	INFO	[jepsen worker 4] jepsen.util: 4	:invoke	:read	nil
2026-03-19 17:32:10,396{GMT}	INFO	[jepsen worker 4] jepsen.util: 4	:ok	:read	[2 3 10 11 13 16 17]
2026-03-19 17:32:10,491{GMT}	INFO	[jepsen worker 0] jepsen.util: 0	:invoke	:broadcast	19
2026-03-19 17:32:10,497{GMT}	INFO	[jepsen worker 0] jepsen.util: 0	:ok	:broadcast	19
2026-03-19 17:32:10,560{GMT}	INFO	[jepsen worker 0] jepsen.util: 0	:invoke	:read	nil
2026-03-19 17:32:10,564{GMT}	INFO	[jepsen worker 0] jepsen.util: 0	:ok	:read	[0 1 2 3 4 5 6 7 8 9 10 11 12 13 14 15 16 17 18 19]
2026-03-19 17:32:10,674{GMT}	INFO	[jepsen worker 1] jepsen.util: 1	:invoke	:broadcast	20
2026-03-19 17:32:10,677{GMT}	INFO	[jepsen worker 1] jepsen.util: 1	:ok	:broadcast	20
2026-03-19 17:32:10,815{GMT}	INFO	[jepsen worker 2] jepsen.util: 2	:invoke	:broadcast	21
2026-03-19 17:32:10,819{GMT}	INFO	[jepsen worker 2] jepsen.util: 2	:ok	:broadcast	21
2026-03-19 17:32:11,015{GMT}	INFO	[jepsen worker 3] jepsen.util: 3	:invoke	:broadcast	22
2026-03-19 17:32:11,016{GMT}	INFO	[jepsen worker 3] jepsen.util: 3	:ok	:broadcast	22
2026-03-19 17:32:11,152{GMT}	INFO	[jepsen worker 4] jepsen.util: 4	:invoke	:broadcast	23
2026-03-19 17:32:11,154{GMT}	INFO	[jepsen worker 4] jepsen.util: 4	:ok	:broadcast	23
2026-03-19 17:32:11,270{GMT}	INFO	[jepsen worker 0] jepsen.util: 0	:invoke	:read	nil
2026-03-19 17:32:11,272{GMT}	INFO	[jepsen worker 0] jepsen.util: 0	:ok	:read	[0 1 2 3 4 5 6 7 8 9 10 11 12 13 14 15 16 17 18 19 20 21 22 23]
2026-03-19 17:32:11,352{GMT}	INFO	[jepsen worker 0] jepsen.util: 0	:invoke	:broadcast	24
2026-03-19 17:32:11,356{GMT}	INFO	[jepsen worker 0] jepsen.util: 0	:ok	:broadcast	24
2026-03-19 17:32:11,385{GMT}	INFO	[jepsen worker 1] jepsen.util: 1	:invoke	:broadcast	25
2026-03-19 17:32:11,387{GMT}	INFO	[jepsen worker 1] jepsen.util: 1	:ok	:broadcast	25
2026-03-19 17:32:11,457{GMT}	INFO	[jepsen worker 2] jepsen.util: 2	:invoke	:broadcast	26
2026-03-19 17:32:11,460{GMT}	INFO	[jepsen worker 2] jepsen.util: 2	:ok	:broadcast	26
2026-03-19 17:32:11,497{GMT}	INFO	[jepsen worker 3] jepsen.util: 3	:invoke	:read	nil
2026-03-19 17:32:11,499{GMT}	INFO	[jepsen worker 3] jepsen.util: 3	:ok	:read	[2 3 10 11 13 16 17 19 24]
2026-03-19 17:32:11,555{GMT}	INFO	[jepsen worker 4] jepsen.util: 4	:invoke	:read	nil
2026-03-19 17:32:11,559{GMT}	INFO	[jepsen worker 4] jepsen.util: 4	:ok	:read	[2 3 10 11 13 16 17 19 24]
2026-03-19 17:32:11,615{GMT}	INFO	[jepsen worker 0] jepsen.util: 0	:invoke	:read	nil
2026-03-19 17:32:11,617{GMT}	INFO	[jepsen worker 1] jepsen.util: 1	:invoke	:read	nil
2026-03-19 17:32:11,619{GMT}	INFO	[jepsen worker 0] jepsen.util: 0	:ok	:read	[0 1 2 3 4 5 6 7 8 9 10 11 12 13 14 15 16 17 18 19 20 21 22 23 24 25 26]
2026-03-19 17:32:11,621{GMT}	INFO	[jepsen worker 1] jepsen.util: 1	:ok	:read	[2 3 10 11 13 16 17 19 24]
2026-03-19 17:32:11,752{GMT}	INFO	[jepsen worker 1] jepsen.util: 1	:invoke	:read	nil
2026-03-19 17:32:11,756{GMT}	INFO	[jepsen worker 1] jepsen.util: 1	:ok	:read	[2 3 10 11 13 16 17 19 24]
2026-03-19 17:32:11,796{GMT}	INFO	[jepsen worker 2] jepsen.util: 2	:invoke	:read	nil
2026-03-19 17:32:11,800{GMT}	INFO	[jepsen worker 2] jepsen.util: 2	:ok	:read	[2 3 10 11 13 16 17 19 24]
2026-03-19 17:32:11,808{GMT}	INFO	[jepsen worker 3] jepsen.util: 3	:invoke	:read	nil
2026-03-19 17:32:11,811{GMT}	INFO	[jepsen worker 3] jepsen.util: 3	:ok	:read	[2 3 10 11 13 16 17 19 24]
2026-03-19 17:32:11,818{GMT}	INFO	[jepsen worker 4] jepsen.util: 4	:invoke	:read	nil
2026-03-19 17:32:11,821{GMT}	INFO	[jepsen worker 4] jepsen.util: 4	:ok	:read	[2 3 10 11 13 16 17 19 24]
2026-03-19 17:32:11,971{GMT}	INFO	[jepsen worker 0] jepsen.util: 0	:invoke	:broadcast	27
2026-03-19 17:32:11,976{GMT}	INFO	[jepsen worker 0] jepsen.util: 0	:ok	:broadcast	27
2026-03-19 17:32:12,142{GMT}	INFO	[jepsen worker 0] jepsen.util: 0	:invoke	:read	nil
2026-03-19 17:32:12,146{GMT}	INFO	[jepsen worker 0] jepsen.util: 0	:ok	:read	[0 1 2 3 4 5 6 7 8 9 10 11 12 13 14 15 16 17 18 19 20 21 22 23 24 25 26 27]
2026-03-19 17:32:12,333{GMT}	INFO	[jepsen worker 1] jepsen.util: 1	:invoke	:broadcast	28
2026-03-19 17:32:12,336{GMT}	INFO	[jepsen worker 1] jepsen.util: 1	:ok	:broadcast	28
2026-03-19 17:32:12,512{GMT}	INFO	[jepsen worker 2] jepsen.util: 2	:invoke	:broadcast	29
2026-03-19 17:32:12,515{GMT}	INFO	[jepsen worker 2] jepsen.util: 2	:ok	:broadcast	29
2026-03-19 17:32:12,579{GMT}	INFO	[jepsen worker 3] jepsen.util: 3	:invoke	:broadcast	30
2026-03-19 17:32:12,583{GMT}	INFO	[jepsen worker 3] jepsen.util: 3	:ok	:broadcast	30
2026-03-19 17:32:12,692{GMT}	INFO	[jepsen worker 4] jepsen.util: 4	:invoke	:broadcast	31
2026-03-19 17:32:12,694{GMT}	INFO	[jepsen worker 4] jepsen.util: 4	:ok	:broadcast	31
2026-03-19 17:32:12,793{GMT}	INFO	[jepsen worker 0] jepsen.util: 0	:invoke	:read	nil
2026-03-19 17:32:12,794{GMT}	INFO	[jepsen worker 0] jepsen.util: 0	:ok	:read	[0 1 2 3 4 5 6 7 8 9 10 11 12 13 14 15 16 17 18 19 20 21 22 23 24 25 26 27 28 29 30 31]
2026-03-19 17:32:12,817{GMT}	INFO	[jepsen worker 0] jepsen.util: 0	:invoke	:broadcast	32
2026-03-19 17:32:12,820{GMT}	INFO	[jepsen worker 0] jepsen.util: 0	:ok	:broadcast	32
2026-03-19 17:32:12,822{GMT}	INFO	[jepsen worker 1] jepsen.util: 1	:invoke	:read	nil
2026-03-19 17:32:12,824{GMT}	INFO	[jepsen worker 1] jepsen.util: 1	:ok	:read	[2 3 10 11 13 16 17 19 24 27 32]
2026-03-19 17:32:12,827{GMT}	INFO	[jepsen worker 2] jepsen.util: 2	:invoke	:broadcast	33
2026-03-19 17:32:12,829{GMT}	INFO	[jepsen worker 2] jepsen.util: 2	:ok	:broadcast	33
2026-03-19 17:32:12,998{GMT}	INFO	[jepsen worker 3] jepsen.util: 3	:invoke	:broadcast	34
2026-03-19 17:32:13,001{GMT}	INFO	[jepsen worker 3] jepsen.util: 3	:ok	:broadcast	34
2026-03-19 17:32:13,186{GMT}	INFO	[jepsen worker 4] jepsen.util: 4	:invoke	:read	nil
2026-03-19 17:32:13,189{GMT}	INFO	[jepsen worker 4] jepsen.util: 4	:ok	:read	[2 3 10 11 13 16 17 19 24 27 32]
2026-03-19 17:32:13,317{GMT}	INFO	[jepsen worker 0] jepsen.util: 0	:invoke	:read	nil
2026-03-19 17:32:13,320{GMT}	INFO	[jepsen worker 0] jepsen.util: 0	:ok	:read	[0 1 2 3 4 5 6 7 8 9 10 11 12 13 14 15 16 17 18 19 20 21 22 23 24 25 26 27 28 29 30 31 32 33 34]
2026-03-19 17:32:13,516{GMT}	INFO	[jepsen worker 0] jepsen.util: 0	:invoke	:read	nil
2026-03-19 17:32:13,520{GMT}	INFO	[jepsen worker 0] jepsen.util: 0	:ok	:read	[0 1 2 3 4 5 6 7 8 9 10 11 12 13 14 15 16 17 18 19 20 21 22 23 24 25 26 27 28 29 30 31 32 33 34]
2026-03-19 17:32:13,558{GMT}	INFO	[jepsen worker 1] jepsen.util: 1	:invoke	:read	nil
2026-03-19 17:32:13,561{GMT}	INFO	[jepsen worker 1] jepsen.util: 1	:ok	:read	[2 3 10 11 13 16 17 19 24 27 32]
2026-03-19 17:32:13,665{GMT}	INFO	[jepsen worker 2] jepsen.util: 2	:invoke	:broadcast	35
2026-03-19 17:32:13,669{GMT}	INFO	[jepsen worker 2] jepsen.util: 2	:ok	:broadcast	35
2026-03-19 17:32:13,679{GMT}	INFO	[jepsen worker 3] jepsen.util: 3	:invoke	:read	nil
2026-03-19 17:32:13,682{GMT}	INFO	[jepsen worker 3] jepsen.util: 3	:ok	:read	[2 3 10 11 13 16 17 19 24 27 32]
2026-03-19 17:32:13,849{GMT}	INFO	[jepsen worker 4] jepsen.util: 4	:invoke	:read	nil
2026-03-19 17:32:13,853{GMT}	INFO	[jepsen worker 4] jepsen.util: 4	:ok	:read	[2 3 10 11 13 16 17 19 24 27 32]
2026-03-19 17:32:13,927{GMT}	INFO	[jepsen worker 0] jepsen.util: 0	:invoke	:read	nil
2026-03-19 17:32:13,930{GMT}	INFO	[jepsen worker 0] jepsen.util: 0	:ok	:read	[0 1 2 3 4 5 6 7 8 9 10 11 12 13 14 15 16 17 18 19 20 21 22 23 24 25 26 27 28 29 30 31 32 33 34 35]
2026-03-19 17:32:14,014{GMT}	INFO	[jepsen worker 0] jepsen.util: 0	:invoke	:broadcast	36
2026-03-19 17:32:14,018{GMT}	INFO	[jepsen worker 0] jepsen.util: 0	:ok	:broadcast	36
2026-03-19 17:32:14,069{GMT}	INFO	[jepsen worker 1] jepsen.util: 1	:invoke	:broadcast	37
2026-03-19 17:32:14,072{GMT}	INFO	[jepsen worker 1] jepsen.util: 1	:ok	:broadcast	37
2026-03-19 17:32:14,136{GMT}	INFO	[jepsen worker 2] jepsen.util: 2	:invoke	:read	nil
2026-03-19 17:32:14,139{GMT}	INFO	[jepsen worker 2] jepsen.util: 2	:ok	:read	[2 3 10 11 13 16 17 19 24 27 32 36]
2026-03-19 17:32:14,284{GMT}	INFO	[jepsen worker 3] jepsen.util: 3	:invoke	:broadcast	38
2026-03-19 17:32:14,286{GMT}	INFO	[jepsen worker 3] jepsen.util: 3	:ok	:broadcast	38
2026-03-19 17:32:14,345{GMT}	INFO	[jepsen worker 4] jepsen.util: 4	:invoke	:read	nil
2026-03-19 17:32:14,347{GMT}	INFO	[jepsen worker 4] jepsen.util: 4	:ok	:read	[2 3 10 11 13 16 17 19 24 27 32 36]
2026-03-19 17:32:14,393{GMT}	INFO	[jepsen worker 0] jepsen.util: 0	:invoke	:read	nil
2026-03-19 17:32:14,394{GMT}	INFO	[jepsen worker 0] jepsen.util: 0	:ok	:read	[0 1 2 3 4 5 6 7 8 9 10 11 12 13 14 15 16 17 18 19 20 21 22 23 24 25 26 27 28 29 30 31 32 33 34 35 36 37 38]
2026-03-19 17:32:14,462{GMT}	INFO	[jepsen worker 0] jepsen.util: 0	:invoke	:broadcast	39
2026-03-19 17:32:14,463{GMT}	INFO	[jepsen worker 0] jepsen.util: 0	:ok	:broadcast	39
2026-03-19 17:32:14,607{GMT}	INFO	[jepsen worker 1] jepsen.util: 1	:invoke	:read	nil
2026-03-19 17:32:14,611{GMT}	INFO	[jepsen worker 1] jepsen.util: 1	:ok	:read	[2 3 10 11 13 16 17 19 24 27 32 36 39]
2026-03-19 17:32:14,615{GMT}	INFO	[jepsen worker 2] jepsen.util: 2	:invoke	:broadcast	40
2026-03-19 17:32:14,618{GMT}	INFO	[jepsen worker 2] jepsen.util: 2	:ok	:broadcast	40
2026-03-19 17:32:14,661{GMT}	INFO	[jepsen worker 3] jepsen.util: 3	:invoke	:broadcast	41
2026-03-19 17:32:14,663{GMT}	INFO	[jepsen worker 3] jepsen.util: 3	:ok	:broadcast	41
2026-03-19 17:32:14,666{GMT}	INFO	[jepsen worker 4] jepsen.util: 4	:invoke	:broadcast	42
2026-03-19 17:32:14,667{GMT}	INFO	[jepsen worker 4] jepsen.util: 4	:ok	:broadcast	42
2026-03-19 17:32:14,819{GMT}	INFO	[jepsen worker 0] jepsen.util: 0	:invoke	:broadcast	43
2026-03-19 17:32:14,824{GMT}	INFO	[jepsen worker 0] jepsen.util: 0	:ok	:broadcast	43
2026-03-19 17:32:14,905{GMT}	INFO	[jepsen worker 0] jepsen.util: 0	:invoke	:read	nil
2026-03-19 17:32:14,908{GMT}	INFO	[jepsen worker 0] jepsen.util: 0	:ok	:read	[0 1 2 3 4 5 6 7 8 9 10 11 12 13 14 15 16 17 18 19 20 21 22 23 24 25 26 27 28 29 30 31 32 33 34 35 36 37 38 39 40 41 42 43]
2026-03-19 17:32:14,917{GMT}	INFO	[jepsen worker 1] jepsen.util: 1	:invoke	:broadcast	44
2026-03-19 17:32:14,920{GMT}	INFO	[jepsen worker 1] jepsen.util: 1	:ok	:broadcast	44
2026-03-19 17:32:14,947{GMT}	INFO	[jepsen worker 2] jepsen.util: 2	:invoke	:read	nil
2026-03-19 17:32:14,950{GMT}	INFO	[jepsen worker 2] jepsen.util: 2	:ok	:read	[2 3 10 11 13 16 17 19 24 27 32 36 39 43]
2026-03-19 17:32:14,964{GMT}	INFO	[jepsen worker 3] jepsen.util: 3	:invoke	:broadcast	45
2026-03-19 17:32:14,966{GMT}	INFO	[jepsen worker 3] jepsen.util: 3	:ok	:broadcast	45
2026-03-19 17:32:15,063{GMT}	INFO	[jepsen worker 4] jepsen.util: 4	:invoke	:broadcast	46
2026-03-19 17:32:15,067{GMT}	INFO	[jepsen worker 4] jepsen.util: 4	:ok	:broadcast	46
2026-03-19 17:32:15,137{GMT}	INFO	[jepsen worker 0] jepsen.util: 0	:invoke	:broadcast	47
2026-03-19 17:32:15,141{GMT}	INFO	[jepsen worker 0] jepsen.util: 0	:ok	:broadcast	47
2026-03-19 17:32:15,331{GMT}	INFO	[jepsen worker 0] jepsen.util: 0	:invoke	:broadcast	48
2026-03-19 17:32:15,336{GMT}	INFO	[jepsen worker 0] jepsen.util: 0	:ok	:broadcast	48
2026-03-19 17:32:15,413{GMT}	INFO	[jepsen worker 1] jepsen.util: 1	:invoke	:broadcast	49
2026-03-19 17:32:15,416{GMT}	INFO	[jepsen worker 1] jepsen.util: 1	:ok	:broadcast	49
2026-03-19 17:32:15,604{GMT}	INFO	[jepsen worker 2] jepsen.util: 2	:invoke	:read	nil
2026-03-19 17:32:15,608{GMT}	INFO	[jepsen worker 2] jepsen.util: 2	:ok	:read	[2 3 10 11 13 16 17 19 24 27 32 36 39 43 47 48]
2026-03-19 17:32:15,702{GMT}	INFO	[jepsen worker 3] jepsen.util: 3	:invoke	:broadcast	50
2026-03-19 17:32:15,705{GMT}	INFO	[jepsen worker 3] jepsen.util: 3	:ok	:broadcast	50
2026-03-19 17:32:15,743{GMT}	INFO	[jepsen worker 4] jepsen.util: 4	:invoke	:read	nil
2026-03-19 17:32:15,746{GMT}	INFO	[jepsen worker 4] jepsen.util: 4	:ok	:read	[2 3 10 11 13 16 17 19 24 27 32 36 39 43 47 48]
2026-03-19 17:32:15,826{GMT}	INFO	[jepsen worker 0] jepsen.util: 0	:invoke	:read	nil
2026-03-19 17:32:15,829{GMT}	INFO	[jepsen worker 0] jepsen.util: 0	:ok	:read	[0 1 2 3 4 5 6 7 8 9 10 11 12 13 14 15 16 17 18 19 20 21 22 23 24 25 26 27 28 29 30 31 32 33 34 35 36 37 38 39 40 41 42 43 44 45 46 47 48 49 50]
2026-03-19 17:32:15,842{GMT}	INFO	[jepsen worker 0] jepsen.util: 0	:invoke	:read	nil
2026-03-19 17:32:15,846{GMT}	INFO	[jepsen worker 0] jepsen.util: 0	:ok	:read	[0 1 2 3 4 5 6 7 8 9 10 11 12 13 14 15 16 17 18 19 20 21 22 23 24 25 26 27 28 29 30 31 32 33 34 35 36 37 38 39 40 41 42 43 44 45 46 47 48 49 50]
2026-03-19 17:32:15,869{GMT}	INFO	[jepsen worker 1] jepsen.util: 1	:invoke	:read	nil
2026-03-19 17:32:15,872{GMT}	INFO	[jepsen worker 1] jepsen.util: 1	:ok	:read	[2 3 10 11 13 16 17 19 24 27 32 36 39 43 47 48]
2026-03-19 17:32:15,898{GMT}	INFO	[jepsen worker 2] jepsen.util: 2	:invoke	:read	nil
2026-03-19 17:32:15,901{GMT}	INFO	[jepsen worker 2] jepsen.util: 2	:ok	:read	[2 3 10 11 13 16 17 19 24 27 32 36 39 43 47 48]
2026-03-19 17:32:16,089{GMT}	INFO	[jepsen worker 3] jepsen.util: 3	:invoke	:broadcast	51
2026-03-19 17:32:16,092{GMT}	INFO	[jepsen worker 3] jepsen.util: 3	:ok	:broadcast	51
2026-03-19 17:32:16,260{GMT}	INFO	[jepsen worker 4] jepsen.util: 4	:invoke	:read	nil
2026-03-19 17:32:16,264{GMT}	INFO	[jepsen worker 4] jepsen.util: 4	:ok	:read	[2 3 10 11 13 16 17 19 24 27 32 36 39 43 47 48]
2026-03-19 17:32:16,313{GMT}	INFO	[jepsen worker 0] jepsen.util: 0	:invoke	:read	nil
2026-03-19 17:32:16,316{GMT}	INFO	[jepsen worker 0] jepsen.util: 0	:ok	:read	[0 1 2 3 4 5 6 7 8 9 10 11 12 13 14 15 16 17 18 19 20 21 22 23 24 25 26 27 28 29 30 31 32 33 34 35 36 37 38 39 40 41 42 43 44 45 46 47 48 49 50 51]
2026-03-19 17:32:16,493{GMT}	INFO	[jepsen worker 0] jepsen.util: 0	:invoke	:broadcast	52
2026-03-19 17:32:16,496{GMT}	INFO	[jepsen worker 0] jepsen.util: 0	:ok	:broadcast	52
2026-03-19 17:32:16,585{GMT}	INFO	[jepsen worker 1] jepsen.util: 1	:invoke	:broadcast	53
2026-03-19 17:32:16,588{GMT}	INFO	[jepsen worker 1] jepsen.util: 1	:ok	:broadcast	53
2026-03-19 17:32:16,677{GMT}	INFO	[jepsen worker 2] jepsen.util: 2	:invoke	:broadcast	54
2026-03-19 17:32:16,680{GMT}	INFO	[jepsen worker 2] jepsen.util: 2	:ok	:broadcast	54
2026-03-19 17:32:16,746{GMT}	INFO	[jepsen worker 3] jepsen.util: 3	:invoke	:broadcast	55
2026-03-19 17:32:16,749{GMT}	INFO	[jepsen worker 3] jepsen.util: 3	:ok	:broadcast	55
2026-03-19 17:32:16,859{GMT}	INFO	[jepsen worker 4] jepsen.util: 4	:invoke	:read	nil
2026-03-19 17:32:16,862{GMT}	INFO	[jepsen worker 4] jepsen.util: 4	:ok	:read	[2 3 10 11 13 16 17 19 24 27 32 36 39 43 47 48 52]
2026-03-19 17:32:16,928{GMT}	INFO	[jepsen worker 0] jepsen.util: 0	:invoke	:read	nil
2026-03-19 17:32:16,932{GMT}	INFO	[jepsen worker 0] jepsen.util: 0	:ok	:read	[0 1 2 3 4 5 6 7 8 9 10 11 12 13 14 15 16 17 18 19 20 21 22 23 24 25 26 27 28 29 30 31 32 33 34 35 36 37 38 39 40 41 42 43 44 45 46 47 48 49 50 51 52 53 54 55]
2026-03-19 17:32:16,935{GMT}	INFO	[jepsen worker 0] jepsen.util: 0	:invoke	:broadcast	56
2026-03-19 17:32:16,939{GMT}	INFO	[jepsen worker 0] jepsen.util: 0	:ok	:broadcast	56
2026-03-19 17:32:16,962{GMT}	INFO	[jepsen worker 1] jepsen.util: 1	:invoke	:broadcast	57
2026-03-19 17:32:16,965{GMT}	INFO	[jepsen worker 1] jepsen.util: 1	:ok	:broadcast	57
2026-03-19 17:32:17,115{GMT}	INFO	[jepsen worker 2] jepsen.util: 2	:invoke	:broadcast	58
2026-03-19 17:32:17,118{GMT}	INFO	[jepsen worker 2] jepsen.util: 2	:ok	:broadcast	58
2026-03-19 17:32:17,300{GMT}	INFO	[jepsen worker 3] jepsen.util: 3	:invoke	:read	nil
2026-03-19 17:32:17,303{GMT}	INFO	[jepsen worker 3] jepsen.util: 3	:ok	:read	[2 3 10 11 13 16 17 19 24 27 32 36 39 43 47 48 52 56]
2026-03-19 17:32:17,351{GMT}	INFO	[jepsen worker 4] jepsen.util: 4	:invoke	:broadcast	59
2026-03-19 17:32:17,354{GMT}	INFO	[jepsen worker 4] jepsen.util: 4	:ok	:broadcast	59
2026-03-19 17:32:17,426{GMT}	INFO	[jepsen worker 0] jepsen.util: 0	:invoke	:broadcast	60
2026-03-19 17:32:17,430{GMT}	INFO	[jepsen worker 0] jepsen.util: 0	:ok	:broadcast	60
2026-03-19 17:32:17,503{GMT}	INFO	[jepsen worker 0] jepsen.util: 0	:invoke	:broadcast	61
2026-03-19 17:32:17,508{GMT}	INFO	[jepsen worker 0] jepsen.util: 0	:ok	:broadcast	61
2026-03-19 17:32:17,696{GMT}	INFO	[jepsen worker 1] jepsen.util: 1	:invoke	:read	nil
2026-03-19 17:32:17,699{GMT}	INFO	[jepsen worker 1] jepsen.util: 1	:ok	:read	[2 3 10 11 13 16 17 19 24 27 32 36 39 43 47 48 52 56 60 61]
2026-03-19 17:32:17,702{GMT}	INFO	[jepsen worker 2] jepsen.util: 2	:invoke	:read	nil
2026-03-19 17:32:17,704{GMT}	INFO	[jepsen worker 2] jepsen.util: 2	:ok	:read	[2 3 10 11 13 16 17 19 24 27 32 36 39 43 47 48 52 56 60 61]
2026-03-19 17:32:17,710{GMT}	INFO	[jepsen worker 3] jepsen.util: 3	:invoke	:broadcast	62
2026-03-19 17:32:17,713{GMT}	INFO	[jepsen worker 3] jepsen.util: 3	:ok	:broadcast	62
2026-03-19 17:32:17,715{GMT}	INFO	[jepsen worker 4] jepsen.util: 4	:invoke	:read	nil
2026-03-19 17:32:17,717{GMT}	INFO	[jepsen worker 4] jepsen.util: 4	:ok	:read	[2 3 10 11 13 16 17 19 24 27 32 36 39 43 47 48 52 56 60 61]
2026-03-19 17:32:17,890{GMT}	INFO	[jepsen worker 0] jepsen.util: 0	:invoke	:read	nil
2026-03-19 17:32:17,893{GMT}	INFO	[jepsen worker 0] jepsen.util: 0	:ok	:read	[0 1 2 3 4 5 6 7 8 9 10 11 12 13 14 15 16 17 18 19 20 21 22 23 24 25 26 27 28 29 30 31 32 33 34 35 36 37 38 39 40 41 42 43 44 45 46 47 48 49 50 51 52 53 54 55 56 57 58 59 60 61 62]
2026-03-19 17:32:17,983{GMT}	INFO	[jepsen worker 0] jepsen.util: 0	:invoke	:broadcast	63
2026-03-19 17:32:17,986{GMT}	INFO	[jepsen worker 0] jepsen.util: 0	:ok	:broadcast	63
2026-03-19 17:32:18,127{GMT}	INFO	[jepsen worker 1] jepsen.util: 1	:invoke	:broadcast	64
2026-03-19 17:32:18,130{GMT}	INFO	[jepsen worker 1] jepsen.util: 1	:ok	:broadcast	64
2026-03-19 17:32:18,182{GMT}	INFO	[jepsen worker 2] jepsen.util: 2	:invoke	:broadcast	65
2026-03-19 17:32:18,185{GMT}	INFO	[jepsen worker 2] jepsen.util: 2	:ok	:broadcast	65
2026-03-19 17:32:18,233{GMT}	INFO	[jepsen worker 3] jepsen.util: 3	:invoke	:broadcast	66
2026-03-19 17:32:18,235{GMT}	INFO	[jepsen worker 4] jepsen.util: 4	:invoke	:read	nil
2026-03-19 17:32:18,235{GMT}	INFO	[jepsen worker 3] jepsen.util: 3	:ok	:broadcast	66
2026-03-19 17:32:18,237{GMT}	INFO	[jepsen worker 4] jepsen.util: 4	:ok	:read	[2 3 10 11 13 16 17 19 24 27 32 36 39 43 47 48 52 56 60 61 63]
2026-03-19 17:32:18,434{GMT}	INFO	[jepsen worker 0] jepsen.util: 0	:invoke	:broadcast	67
2026-03-19 17:32:18,438{GMT}	INFO	[jepsen worker 0] jepsen.util: 0	:ok	:broadcast	67
2026-03-19 17:32:18,450{GMT}	INFO	[jepsen worker 0] jepsen.util: 0	:invoke	:read	nil
2026-03-19 17:32:18,453{GMT}	INFO	[jepsen worker 0] jepsen.util: 0	:ok	:read	[0 1 2 3 4 5 6 7 8 9 10 11 12 13 14 15 16 17 18 19 20 21 22 23 24 25 26 27 28 29 30 31 32 33 34 35 36 37 38 39 40 41 42 43 44 45 46 47 48 49 50 51 52 53 54 55 56 57 58 59 60 61 62 63 64 65 66 67]
2026-03-19 17:32:18,633{GMT}	INFO	[jepsen worker 1] jepsen.util: 1	:invoke	:read	nil
2026-03-19 17:32:18,636{GMT}	INFO	[jepsen worker 1] jepsen.util: 1	:ok	:read	[2 3 10 11 13 16 17 19 24 27 32 36 39 43 47 48 52 56 60 61 63 67]
2026-03-19 17:32:18,762{GMT}	INFO	[jepsen worker 2] jepsen.util: 2	:invoke	:read	nil
2026-03-19 17:32:18,765{GMT}	INFO	[jepsen worker 2] jepsen.util: 2	:ok	:read	[2 3 10 11 13 16 17 19 24 27 32 36 39 43 47 48 52 56 60 61 63 67]
2026-03-19 17:32:18,891{GMT}	INFO	[jepsen worker 3] jepsen.util: 3	:invoke	:read	nil
2026-03-19 17:32:18,894{GMT}	INFO	[jepsen worker 3] jepsen.util: 3	:ok	:read	[2 3 10 11 13 16 17 19 24 27 32 36 39 43 47 48 52 56 60 61 63 67]
2026-03-19 17:32:18,992{GMT}	INFO	[jepsen worker 4] jepsen.util: 4	:invoke	:broadcast	68
2026-03-19 17:32:18,995{GMT}	INFO	[jepsen worker 4] jepsen.util: 4	:ok	:broadcast	68
2026-03-19 17:32:19,086{GMT}	INFO	[jepsen worker 0] jepsen.util: 0	:invoke	:broadcast	69
2026-03-19 17:32:19,089{GMT}	INFO	[jepsen worker 0] jepsen.util: 0	:ok	:broadcast	69
2026-03-19 17:32:19,155{GMT}	INFO	[jepsen worker 0] jepsen.util: 0	:invoke	:read	nil
2026-03-19 17:32:19,157{GMT}	INFO	[jepsen worker 0] jepsen.util: 0	:ok	:read	[0 1 2 3 4 5 6 7 8 9 10 11 12 13 14 15 16 17 18 19 20 21 22 23 24 25 26 27 28 29 30 31 32 33 34 35 36 37 38 39 40 41 42 43 44 45 46 47 48 49 50 51 52 53 54 55 56 57 58 59 60 61 62 63 64 65 66 67 68 69]
2026-03-19 17:32:19,289{GMT}	INFO	[jepsen worker 1] jepsen.util: 1	:invoke	:broadcast	70
2026-03-19 17:32:19,292{GMT}	INFO	[jepsen worker 1] jepsen.util: 1	:ok	:broadcast	70
2026-03-19 17:32:19,446{GMT}	INFO	[jepsen worker 2] jepsen.util: 2	:invoke	:broadcast	71
2026-03-19 17:32:19,448{GMT}	INFO	[jepsen worker 2] jepsen.util: 2	:ok	:broadcast	71
2026-03-19 17:32:19,564{GMT}	INFO	[jepsen worker 3] jepsen.util: 3	:invoke	:read	nil
2026-03-19 17:32:19,567{GMT}	INFO	[jepsen worker 3] jepsen.util: 3	:ok	:read	[2 3 10 11 13 16 17 19 24 27 32 36 39 43 47 48 52 56 60 61 63 67 69]
2026-03-19 17:32:19,630{GMT}	INFO	[jepsen worker 4] jepsen.util: 4	:invoke	:broadcast	72
2026-03-19 17:32:19,632{GMT}	INFO	[jepsen worker 4] jepsen.util: 4	:ok	:broadcast	72
2026-03-19 17:32:19,816{GMT}	INFO	[jepsen worker 0] jepsen.util: 0	:invoke	:read	nil
2026-03-19 17:32:19,819{GMT}	INFO	[jepsen worker 0] jepsen.util: 0	:ok	:read	[0 1 2 3 4 5 6 7 8 9 10 11 12 13 14 15 16 17 18 19 20 21 22 23 24 25 26 27 28 29 30 31 32 33 34 35 36 37 38 39 40 41 42 43 44 45 46 47 48 49 50 51 52 53 54 55 56 57 58 59 60 61 62 63 64 65 66 67 68 69 70 71 72]
2026-03-19 17:32:20,012{GMT}	INFO	[jepsen worker 0] jepsen.util: 0	:invoke	:broadcast	73
2026-03-19 17:32:20,016{GMT}	INFO	[jepsen worker 0] jepsen.util: 0	:ok	:broadcast	73
2026-03-19 17:32:20,027{GMT}	INFO	[jepsen worker 1] jepsen.util: 1	:invoke	:read	nil
2026-03-19 17:32:20,030{GMT}	INFO	[jepsen worker 1] jepsen.util: 1	:ok	:read	[2 3 10 11 13 16 17 19 24 27 32 36 39 43 47 48 52 56 60 61 63 67 69 73]
2026-03-19 17:32:20,106{GMT}	INFO	[jepsen worker 2] jepsen.util: 2	:invoke	:read	nil
2026-03-19 17:32:20,109{GMT}	INFO	[jepsen worker 2] jepsen.util: 2	:ok	:read	[2 3 10 11 13 16 17 19 24 27 32 36 39 43 47 48 52 56 60 61 63 67 69 73]
2026-03-19 17:32:20,138{GMT}	INFO	[jepsen worker 3] jepsen.util: 3	:invoke	:read	nil
2026-03-19 17:32:20,141{GMT}	INFO	[jepsen worker 3] jepsen.util: 3	:ok	:read	[2 3 10 11 13 16 17 19 24 27 32 36 39 43 47 48 52 56 60 61 63 67 69 73]
2026-03-19 17:32:20,163{GMT}	INFO	[jepsen worker 4] jepsen.util: 4	:invoke	:read	nil
2026-03-19 17:32:20,166{GMT}	INFO	[jepsen worker 4] jepsen.util: 4	:ok	:read	[2 3 10 11 13 16 17 19 24 27 32 36 39 43 47 48 52 56 60 61 63 67 69 73]
2026-03-19 17:32:20,242{GMT}	INFO	[jepsen worker 0] jepsen.util: 0	:invoke	:read	nil
2026-03-19 17:32:20,244{GMT}	INFO	[jepsen worker 0] jepsen.util: 0	:ok	:read	[0 1 2 3 4 5 6 7 8 9 10 11 12 13 14 15 16 17 18 19 20 21 22 23 24 25 26 27 28 29 30 31 32 33 34 35 36 37 38 39 40 41 42 43 44 45 46 47 48 49 50 51 52 53 54 55 56 57 58 59 60 61 62 63 64 65 66 67 68 69 70 71 72 73]
2026-03-19 17:32:20,245{GMT}	INFO	[jepsen worker 0] jepsen.util: 0	:invoke	:broadcast	74
2026-03-19 17:32:20,247{GMT}	INFO	[jepsen worker 0] jepsen.util: 0	:ok	:broadcast	74
2026-03-19 17:32:20,398{GMT}	INFO	[jepsen worker 1] jepsen.util: 1	:invoke	:broadcast	75
2026-03-19 17:32:20,401{GMT}	INFO	[jepsen worker 1] jepsen.util: 1	:ok	:broadcast	75
2026-03-19 17:32:20,477{GMT}	INFO	[jepsen worker 2] jepsen.util: 2	:invoke	:broadcast	76
2026-03-19 17:32:20,480{GMT}	INFO	[jepsen worker 2] jepsen.util: 2	:ok	:broadcast	76
2026-03-19 17:32:20,571{GMT}	INFO	[jepsen worker 3] jepsen.util: 3	:invoke	:read	nil
2026-03-19 17:32:20,574{GMT}	INFO	[jepsen worker 3] jepsen.util: 3	:ok	:read	[2 3 10 11 13 16 17 19 24 27 32 36 39 43 47 48 52 56 60 61 63 67 69 73 74]
2026-03-19 17:32:20,648{GMT}	INFO	[jepsen worker 4] jepsen.util: 4	:invoke	:read	nil
2026-03-19 17:32:20,650{GMT}	INFO	[jepsen worker 4] jepsen.util: 4	:ok	:read	[2 3 10 11 13 16 17 19 24 27 32 36 39 43 47 48 52 56 60 61 63 67 69 73 74]
2026-03-19 17:32:20,769{GMT}	INFO	[jepsen worker 0] jepsen.util: 0	:invoke	:broadcast	77
2026-03-19 17:32:20,772{GMT}	INFO	[jepsen worker 0] jepsen.util: 0	:ok	:broadcast	77
2026-03-19 17:32:20,969{GMT}	INFO	[jepsen worker 0] jepsen.util: 0	:invoke	:read	nil
2026-03-19 17:32:20,971{GMT}	INFO	[jepsen worker 0] jepsen.util: 0	:ok	:read	[0 1 2 3 4 5 6 7 8 9 10 11 12 13 14 15 16 17 18 19 20 21 22 23 24 25 26 27 28 29 30 31 32 33 34 35 36 37 38 39 40 41 42 43 44 45 46 47 48 49 50 51 52 53 54 55 56 57 58 59 60 61 62 63 64 65 66 67 68 69 70 71 72 73 74 75 76 77]
2026-03-19 17:32:21,054{GMT}	INFO	[jepsen worker 1] jepsen.util: 1	:invoke	:read	nil
2026-03-19 17:32:21,057{GMT}	INFO	[jepsen worker 1] jepsen.util: 1	:ok	:read	[2 3 10 11 13 16 17 19 24 27 32 36 39 43 47 48 52 56 60 61 63 67 69 73 74 77]
2026-03-19 17:32:21,068{GMT}	INFO	[jepsen worker 2] jepsen.util: 2	:invoke	:broadcast	78
2026-03-19 17:32:21,070{GMT}	INFO	[jepsen worker 2] jepsen.util: 2	:ok	:broadcast	78
2026-03-19 17:32:21,173{GMT}	INFO	[jepsen worker 3] jepsen.util: 3	:invoke	:read	nil
2026-03-19 17:32:21,176{GMT}	INFO	[jepsen worker 3] jepsen.util: 3	:ok	:read	[2 3 10 11 13 16 17 19 24 27 32 36 39 43 47 48 52 56 60 61 63 67 69 73 74 77]
2026-03-19 17:32:21,283{GMT}	INFO	[jepsen worker 4] jepsen.util: 4	:invoke	:read	nil
2026-03-19 17:32:21,286{GMT}	INFO	[jepsen worker 4] jepsen.util: 4	:ok	:read	[2 3 10 11 13 16 17 19 24 27 32 36 39 43 47 48 52 56 60 61 63 67 69 73 74 77]
2026-03-19 17:32:21,335{GMT}	INFO	[jepsen worker 0] jepsen.util: 0	:invoke	:broadcast	79
2026-03-19 17:32:21,338{GMT}	INFO	[jepsen worker 0] jepsen.util: 0	:ok	:broadcast	79
2026-03-19 17:32:21,440{GMT}	INFO	[jepsen worker 0] jepsen.util: 0	:invoke	:broadcast	80
2026-03-19 17:32:21,443{GMT}	INFO	[jepsen worker 0] jepsen.util: 0	:ok	:broadcast	80
2026-03-19 17:32:21,554{GMT}	INFO	[jepsen worker 1] jepsen.util: 1	:invoke	:broadcast	81
2026-03-19 17:32:21,557{GMT}	INFO	[jepsen worker 1] jepsen.util: 1	:ok	:broadcast	81
2026-03-19 17:32:21,590{GMT}	INFO	[jepsen worker 2] jepsen.util: 2	:invoke	:broadcast	82
2026-03-19 17:32:21,593{GMT}	INFO	[jepsen worker 2] jepsen.util: 2	:ok	:broadcast	82
2026-03-19 17:32:21,721{GMT}	INFO	[jepsen worker 3] jepsen.util: 3	:invoke	:broadcast	83
2026-03-19 17:32:21,724{GMT}	INFO	[jepsen worker 3] jepsen.util: 3	:ok	:broadcast	83
2026-03-19 17:32:21,902{GMT}	INFO	[jepsen worker 4] jepsen.util: 4	:invoke	:read	nil
2026-03-19 17:32:21,905{GMT}	INFO	[jepsen worker 4] jepsen.util: 4	:ok	:read	[2 3 10 11 13 16 17 19 24 27 32 36 39 43 47 48 52 56 60 61 63 67 69 73 74 77 79 80]
2026-03-19 17:32:22,057{GMT}	INFO	[jepsen worker 0] jepsen.util: 0	:invoke	:read	nil
2026-03-19 17:32:22,060{GMT}	INFO	[jepsen worker 0] jepsen.util: 0	:ok	:read	[0 1 2 3 4 5 6 7 8 9 10 11 12 13 14 15 16 17 18 19 20 21 22 23 24 25 26 27 28 29 30 31 32 33 34 35 36 37 38 39 40 41 42 43 44 45 46 47 48 49 50 51 52 53 54 55 56 57 58 59 60 61 62 63 64 65 66 67 68 69 70 71 72 73 74 75 76 77 78 79 80 81 82 83]
2026-03-19 17:32:22,085{GMT}	INFO	[jepsen worker 0] jepsen.util: 0	:invoke	:read	nil
2026-03-19 17:32:22,088{GMT}	INFO	[jepsen worker 0] jepsen.util: 0	:ok	:read	[0 1 2 3 4 5 6 7 8 9 10 11 12 13 14 15 16 17 18 19 20 21 22 23 24 25 26 27 28 29 30 31 32 33 34 35 36 37 38 39 40 41 42 43 44 45 46 47 48 49 50 51 52 53 54 55 56 57 58 59 60 61 62 63 64 65 66 67 68 69 70 71 72 73 74 75 76 77 78 79 80 81 82 83]
2026-03-19 17:32:22,166{GMT}	INFO	[jepsen worker 1] jepsen.util: 1	:invoke	:broadcast	84
2026-03-19 17:32:22,169{GMT}	INFO	[jepsen worker 1] jepsen.util: 1	:ok	:broadcast	84
2026-03-19 17:32:22,303{GMT}	INFO	[jepsen worker 2] jepsen.util: 2	:invoke	:read	nil
2026-03-19 17:32:22,306{GMT}	INFO	[jepsen worker 2] jepsen.util: 2	:ok	:read	[2 3 10 11 13 16 17 19 24 27 32 36 39 43 47 48 52 56 60 61 63 67 69 73 74 77 79 80]
2026-03-19 17:32:22,504{GMT}	INFO	[jepsen worker 3] jepsen.util: 3	:invoke	:read	nil
2026-03-19 17:32:22,507{GMT}	INFO	[jepsen worker 3] jepsen.util: 3	:ok	:read	[2 3 10 11 13 16 17 19 24 27 32 36 39 43 47 48 52 56 60 61 63 67 69 73 74 77 79 80]
2026-03-19 17:32:22,519{GMT}	INFO	[jepsen worker 4] jepsen.util: 4	:invoke	:read	nil
2026-03-19 17:32:22,521{GMT}	INFO	[jepsen worker 4] jepsen.util: 4	:ok	:read	[2 3 10 11 13 16 17 19 24 27 32 36 39 43 47 48 52 56 60 61 63 67 69 73 74 77 79 80]
2026-03-19 17:32:22,568{GMT}	INFO	[jepsen worker 0] jepsen.util: 0	:invoke	:read	nil
2026-03-19 17:32:22,571{GMT}	INFO	[jepsen worker 0] jepsen.util: 0	:ok	:read	[0 1 2 3 4 5 6 7 8 9 10 11 12 13 14 15 16 17 18 19 20 21 22 23 24 25 26 27 28 29 30 31 32 33 34 35 36 37 38 39 40 41 42 43 44 45 46 47 48 49 50 51 52 53 54 55 56 57 58 59 60 61 62 63 64 65 66 67 68 69 70 71 72 73 74 75 76 77 78 79 80 81 82 83 84]
2026-03-19 17:32:22,637{GMT}	INFO	[jepsen worker 0] jepsen.util: 0	:invoke	:broadcast	85
2026-03-19 17:32:22,640{GMT}	INFO	[jepsen worker 0] jepsen.util: 0	:ok	:broadcast	85
2026-03-19 17:32:22,766{GMT}	INFO	[jepsen worker 1] jepsen.util: 1	:invoke	:read	nil
2026-03-19 17:32:22,769{GMT}	INFO	[jepsen worker 1] jepsen.util: 1	:ok	:read	[2 3 10 11 13 16 17 19 24 27 32 36 39 43 47 48 52 56 60 61 63 67 69 73 74 77 79 80 85]
2026-03-19 17:32:22,895{GMT}	INFO	[jepsen worker 2] jepsen.util: 2	:invoke	:broadcast	86
2026-03-19 17:32:22,898{GMT}	INFO	[jepsen worker 2] jepsen.util: 2	:ok	:broadcast	86
2026-03-19 17:32:22,915{GMT}	INFO	[jepsen worker 3] jepsen.util: 3	:invoke	:broadcast	87
2026-03-19 17:32:22,918{GMT}	INFO	[jepsen worker 3] jepsen.util: 3	:ok	:broadcast	87
2026-03-19 17:32:23,101{GMT}	INFO	[jepsen worker 4] jepsen.util: 4	:invoke	:broadcast	88
2026-03-19 17:32:23,103{GMT}	INFO	[jepsen worker 4] jepsen.util: 4	:ok	:broadcast	88
2026-03-19 17:32:23,106{GMT}	INFO	[jepsen worker 0] jepsen.util: 0	:invoke	:read	nil
2026-03-19 17:32:23,108{GMT}	INFO	[jepsen worker 0] jepsen.util: 0	:ok	:read	[0 1 2 3 4 5 6 7 8 9 10 11 12 13 14 15 16 17 18 19 20 21 22 23 24 25 26 27 28 29 30 31 32 33 34 35 36 37 38 39 40 41 42 43 44 45 46 47 48 49 50 51 52 53 54 55 56 57 58 59 60 61 62 63 64 65 66 67 68 69 70 71 72 73 74 75 76 77 78 79 80 81 82 83 84 85 86 87 88]
2026-03-19 17:32:23,179{GMT}	INFO	[jepsen worker 0] jepsen.util: 0	:invoke	:read	nil
2026-03-19 17:32:23,182{GMT}	INFO	[jepsen worker 0] jepsen.util: 0	:ok	:read	[0 1 2 3 4 5 6 7 8 9 10 11 12 13 14 15 16 17 18 19 20 21 22 23 24 25 26 27 28 29 30 31 32 33 34 35 36 37 38 39 40 41 42 43 44 45 46 47 48 49 50 51 52 53 54 55 56 57 58 59 60 61 62 63 64 65 66 67 68 69 70 71 72 73 74 75 76 77 78 79 80 81 82 83 84 85 86 87 88]
2026-03-19 17:32:23,251{GMT}	INFO	[jepsen worker 1] jepsen.util: 1	:invoke	:read	nil
2026-03-19 17:32:23,255{GMT}	INFO	[jepsen worker 1] jepsen.util: 1	:ok	:read	[2 3 10 11 13 16 17 19 24 27 32 36 39 43 47 48 52 56 60 61 63 67 69 73 74 77 79 80 85]
2026-03-19 17:32:23,303{GMT}	INFO	[jepsen worker 2] jepsen.util: 2	:invoke	:read	nil
2026-03-19 17:32:23,305{GMT}	INFO	[jepsen worker 2] jepsen.util: 2	:ok	:read	[2 3 10 11 13 16 17 19 24 27 32 36 39 43 47 48 52 56 60 61 63 67 69 73 74 77 79 80 85]
2026-03-19 17:32:23,406{GMT}	INFO	[jepsen worker 3] jepsen.util: 3	:invoke	:read	nil
2026-03-19 17:32:23,410{GMT}	INFO	[jepsen worker 3] jepsen.util: 3	:ok	:read	[2 3 10 11 13 16 17 19 24 27 32 36 39 43 47 48 52 56 60 61 63 67 69 73 74 77 79 80 85]
2026-03-19 17:32:23,456{GMT}	INFO	[jepsen worker 4] jepsen.util: 4	:invoke	:broadcast	89
2026-03-19 17:32:23,458{GMT}	INFO	[jepsen worker 4] jepsen.util: 4	:ok	:broadcast	89
2026-03-19 17:32:23,471{GMT}	INFO	[jepsen worker 0] jepsen.util: 0	:invoke	:broadcast	90
2026-03-19 17:32:23,473{GMT}	INFO	[jepsen worker 0] jepsen.util: 0	:ok	:broadcast	90
2026-03-19 17:32:23,630{GMT}	INFO	[jepsen worker 0] jepsen.util: 0	:invoke	:broadcast	91
2026-03-19 17:32:23,631{GMT}	INFO	[jepsen worker 1] jepsen.util: 1	:invoke	:broadcast	92
2026-03-19 17:32:23,634{GMT}	INFO	[jepsen worker 1] jepsen.util: 1	:ok	:broadcast	92
2026-03-19 17:32:23,634{GMT}	INFO	[jepsen worker 0] jepsen.util: 0	:ok	:broadcast	91
2026-03-19 17:32:23,639{GMT}	INFO	[jepsen worker 2] jepsen.util: 2	:invoke	:broadcast	93
2026-03-19 17:32:23,641{GMT}	INFO	[jepsen worker 2] jepsen.util: 2	:ok	:broadcast	93
2026-03-19 17:32:23,652{GMT}	INFO	[jepsen worker 3] jepsen.util: 3	:invoke	:broadcast	94
2026-03-19 17:32:23,654{GMT}	INFO	[jepsen worker 3] jepsen.util: 3	:ok	:broadcast	94
2026-03-19 17:32:23,816{GMT}	INFO	[jepsen worker 4] jepsen.util: 4	:invoke	:broadcast	95
2026-03-19 17:32:23,818{GMT}	INFO	[jepsen worker 4] jepsen.util: 4	:ok	:broadcast	95
2026-03-19 17:32:23,985{GMT}	INFO	[jepsen worker 0] jepsen.util: 0	:invoke	:read	nil
2026-03-19 17:32:23,988{GMT}	INFO	[jepsen worker 0] jepsen.util: 0	:ok	:read	[0 1 2 3 4 5 6 7 8 9 10 11 12 13 14 15 16 17 18 19 20 21 22 23 24 25 26 27 28 29 30 31 32 33 34 35 36 37 38 39 40 41 42 43 44 45 46 47 48 49 50 51 52 53 54 55 56 57 58 59 60 61 62 63 64 65 66 67 68 69 70 71 72 73 74 75 76 77 78 79 80 81 82 83 84 85 86 87 88 89 90 91 92 93 94 95]
2026-03-19 17:32:24,129{GMT}	INFO	[jepsen worker 0] jepsen.util: 0	:invoke	:broadcast	96
2026-03-19 17:32:24,132{GMT}	INFO	[jepsen worker 0] jepsen.util: 0	:ok	:broadcast	96
2026-03-19 17:32:24,203{GMT}	INFO	[jepsen worker 1] jepsen.util: 1	:invoke	:read	nil
2026-03-19 17:32:24,206{GMT}	INFO	[jepsen worker 1] jepsen.util: 1	:ok	:read	[2 3 10 11 13 16 17 19 24 27 32 36 39 43 47 48 52 56 60 61 63 67 69 73 74 77 79 80 85 90 91 96]
2026-03-19 17:32:24,306{GMT}	INFO	[jepsen worker 2] jepsen.util: 2	:invoke	:broadcast	97
2026-03-19 17:32:24,309{GMT}	INFO	[jepsen worker 2] jepsen.util: 2	:ok	:broadcast	97
2026-03-19 17:32:24,474{GMT}	INFO	[jepsen worker 3] jepsen.util: 3	:invoke	:broadcast	98
2026-03-19 17:32:24,477{GMT}	INFO	[jepsen worker 3] jepsen.util: 3	:ok	:broadcast	98
2026-03-19 17:32:24,618{GMT}	INFO	[jepsen worker 4] jepsen.util: 4	:invoke	:broadcast	99
2026-03-19 17:32:24,621{GMT}	INFO	[jepsen worker 4] jepsen.util: 4	:ok	:broadcast	99
2026-03-19 17:32:24,661{GMT}	INFO	[jepsen worker 0] jepsen.util: 0	:invoke	:read	nil
2026-03-19 17:32:24,664{GMT}	INFO	[jepsen worker 0] jepsen.util: 0	:ok	:read	[0 1 2 3 4 5 6 7 8 9 10 11 12 13 14 15 16 17 18 19 20 21 22 23 24 25 26 27 28 29 30 31 32 33 34 35 36 37 38 39 40 41 42 43 44 45 46 47 48 49 50 51 52 53 54 55 56 57 58 59 60 61 62 63 64 65 66 67 68 69 70 71 72 73 74 75 76 77 78 79 80 81 82 83 84 85 86 87 88 89 90 91 92 93 94 95 96 97 98 99]
2026-03-19 17:32:24,720{GMT}	INFO	[jepsen worker 0] jepsen.util: 0	:invoke	:broadcast	100
2026-03-19 17:32:24,723{GMT}	INFO	[jepsen worker 0] jepsen.util: 0	:ok	:broadcast	100
2026-03-19 17:32:24,816{GMT}	INFO	[jepsen worker 1] jepsen.util: 1	:invoke	:read	nil
2026-03-19 17:32:24,818{GMT}	INFO	[jepsen worker 1] jepsen.util: 1	:ok	:read	[2 3 10 11 13 16 17 19 24 27 32 36 39 43 47 48 52 56 60 61 63 67 69 73 74 77 79 80 85 90 91 96 100]
2026-03-19 17:32:24,934{GMT}	INFO	[jepsen worker 2] jepsen.util: 2	:invoke	:broadcast	101
2026-03-19 17:32:24,936{GMT}	INFO	[jepsen worker 2] jepsen.util: 2	:ok	:broadcast	101
2026-03-19 17:32:25,132{GMT}	INFO	[jepsen worker 3] jepsen.util: 3	:invoke	:read	nil
2026-03-19 17:32:25,135{GMT}	INFO	[jepsen worker 3] jepsen.util: 3	:ok	:read	[2 3 10 11 13 16 17 19 24 27 32 36 39 43 47 48 52 56 60 61 63 67 69 73 74 77 79 80 85 90 91 96 100]
2026-03-19 17:32:25,172{GMT}	INFO	[jepsen worker 4] jepsen.util: 4	:invoke	:read	nil
2026-03-19 17:32:25,174{GMT}	INFO	[jepsen worker 4] jepsen.util: 4	:ok	:read	[2 3 10 11 13 16 17 19 24 27 32 36 39 43 47 48 52 56 60 61 63 67 69 73 74 77 79 80 85 90 91 96 100]
2026-03-19 17:32:25,192{GMT}	INFO	[jepsen worker 0] jepsen.util: 0	:invoke	:broadcast	102
2026-03-19 17:32:25,194{GMT}	INFO	[jepsen worker 0] jepsen.util: 0	:ok	:broadcast	102
2026-03-19 17:32:25,375{GMT}	INFO	[jepsen worker 0] jepsen.util: 0	:invoke	:read	nil
2026-03-19 17:32:25,378{GMT}	INFO	[jepsen worker 0] jepsen.util: 0	:ok	:read	[0 1 2 3 4 5 6 7 8 9 10 11 12 13 14 15 16 17 18 19 20 21 22 23 24 25 26 27 28 29 30 31 32 33 34 35 36 37 38 39 40 41 42 43 44 45 46 47 48 49 50 51 52 53 54 55 56 57 58 59 60 61 62 63 64 65 66 67 68 69 70 71 72 73 74 75 76 77 78 79 80 81 82 83 84 85 86 87 88 89 90 91 92 93 94 95 96 97 98 99 100 101 102]
2026-03-19 17:32:25,568{GMT}	INFO	[jepsen worker 1] jepsen.util: 1	:invoke	:read	nil
2026-03-19 17:32:25,570{GMT}	INFO	[jepsen worker 1] jepsen.util: 1	:ok	:read	[2 3 10 11 13 16 17 19 24 27 32 36 39 43 47 48 52 56 60 61 63 67 69 73 74 77 79 80 85 90 91 96 100 102]
2026-03-19 17:32:25,640{GMT}	INFO	[jepsen worker 2] jepsen.util: 2	:invoke	:read	nil
2026-03-19 17:32:25,643{GMT}	INFO	[jepsen worker 2] jepsen.util: 2	:ok	:read	[2 3 10 11 13 16 17 19 24 27 32 36 39 43 47 48 52 56 60 61 63 67 69 73 74 77 79 80 85 90 91 96 100 102]
2026-03-19 17:32:25,759{GMT}	INFO	[jepsen worker 3] jepsen.util: 3	:invoke	:broadcast	103
2026-03-19 17:32:25,761{GMT}	INFO	[jepsen worker 3] jepsen.util: 3	:ok	:broadcast	103
2026-03-19 17:32:25,850{GMT}	INFO	[jepsen worker 4] jepsen.util: 4	:invoke	:broadcast	104
2026-03-19 17:32:25,852{GMT}	INFO	[jepsen worker 4] jepsen.util: 4	:ok	:broadcast	104
2026-03-19 17:32:25,876{GMT}	INFO	[jepsen worker 0] jepsen.util: 0	:invoke	:read	nil
2026-03-19 17:32:25,878{GMT}	INFO	[jepsen worker 0] jepsen.util: 0	:ok	:read	[0 1 2 3 4 5 6 7 8 9 10 11 12 13 14 15 16 17 18 19 20 21 22 23 24 25 26 27 28 29 30 31 32 33 34 35 36 37 38 39 40 41 42 43 44 45 46 47 48 49 50 51 52 53 54 55 56 57 58 59 60 61 62 63 64 65 66 67 68 69 70 71 72 73 74 75 76 77 78 79 80 81 82 83 84 85 86 87 88 89 90 91 92 93 94 95 96 97 98 99 100 101 102 103 104]
2026-03-19 17:32:26,004{GMT}	INFO	[jepsen worker 0] jepsen.util: 0	:invoke	:read	nil
2026-03-19 17:32:26,007{GMT}	INFO	[jepsen worker 0] jepsen.util: 0	:ok	:read	[0 1 2 3 4 5 6 7 8 9 10 11 12 13 14 15 16 17 18 19 20 21 22 23 24 25 26 27 28 29 30 31 32 33 34 35 36 37 38 39 40 41 42 43 44 45 46 47 48 49 50 51 52 53 54 55 56 57 58 59 60 61 62 63 64 65 66 67 68 69 70 71 72 73 74 75 76 77 78 79 80 81 82 83 84 85 86 87 88 89 90 91 92 93 94 95 96 97 98 99 100 101 102 103 104]
2026-03-19 17:32:26,098{GMT}	INFO	[jepsen worker 1] jepsen.util: 1	:invoke	:broadcast	105
2026-03-19 17:32:26,100{GMT}	INFO	[jepsen worker 1] jepsen.util: 1	:ok	:broadcast	105
2026-03-19 17:32:26,187{GMT}	INFO	[jepsen worker 2] jepsen.util: 2	:invoke	:read	nil
2026-03-19 17:32:26,190{GMT}	INFO	[jepsen worker 2] jepsen.util: 2	:ok	:read	[2 3 10 11 13 16 17 19 24 27 32 36 39 43 47 48 52 56 60 61 63 67 69 73 74 77 79 80 85 90 91 96 100 102]
2026-03-19 17:32:26,353{GMT}	INFO	[jepsen worker 3] jepsen.util: 3	:invoke	:broadcast	106
2026-03-19 17:32:26,355{GMT}	INFO	[jepsen worker 3] jepsen.util: 3	:ok	:broadcast	106
2026-03-19 17:32:26,495{GMT}	INFO	[jepsen worker 4] jepsen.util: 4	:invoke	:read	nil
2026-03-19 17:32:26,498{GMT}	INFO	[jepsen worker 4] jepsen.util: 4	:ok	:read	[2 3 10 11 13 16 17 19 24 27 32 36 39 43 47 48 52 56 60 61 63 67 69 73 74 77 79 80 85 90 91 96 100 102]
2026-03-19 17:32:26,499{GMT}	INFO	[jepsen worker nemesis] jepsen.generator.interpreter: Waiting for recovery...
2026-03-19 17:32:36,504{GMT}	INFO	[jepsen worker 0] jepsen.util: 0	:invoke	:read	nil
2026-03-19 17:32:36,504{GMT}	INFO	[jepsen worker 4] jepsen.util: 4	:invoke	:read	nil
2026-03-19 17:32:36,504{GMT}	INFO	[jepsen worker 3] jepsen.util: 3	:invoke	:read	nil
2026-03-19 17:32:36,505{GMT}	INFO	[jepsen worker 2] jepsen.util: 2	:invoke	:read	nil
2026-03-19 17:32:36,505{GMT}	INFO	[jepsen worker 1] jepsen.util: 1	:invoke	:read	nil
2026-03-19 17:32:36,508{GMT}	INFO	[jepsen worker 3] jepsen.util: 3	:ok	:read	[2 3 10 11 13 16 17 19 24 27 32 36 39 43 47 48 52 56 60 61 63 67 69 73 74 77 79 80 85 90 91 96 100 102]
2026-03-19 17:32:36,508{GMT}	INFO	[jepsen worker 1] jepsen.util: 1	:ok	:read	[2 3 10 11 13 16 17 19 24 27 32 36 39 43 47 48 52 56 60 61 63 67 69 73 74 77 79 80 85 90 91 96 100 102]
2026-03-19 17:32:36,508{GMT}	INFO	[jepsen worker 4] jepsen.util: 4	:ok	:read	[2 3 10 11 13 16 17 19 24 27 32 36 39 43 47 48 52 56 60 61 63 67 69 73 74 77 79 80 85 90 91 96 100 102]
2026-03-19 17:32:36,508{GMT}	INFO	[jepsen worker 2] jepsen.util: 2	:ok	:read	[2 3 10 11 13 16 17 19 24 27 32 36 39 43 47 48 52 56 60 61 63 67 69 73 74 77 79 80 85 90 91 96 100 102]
2026-03-19 17:32:36,509{GMT}	INFO	[jepsen worker 0] jepsen.util: 0	:ok	:read	[0 1 2 3 4 5 6 7 8 9 10 11 12 13 14 15 16 17 18 19 20 21 22 23 24 25 26 27 28 29 30 31 32 33 34 35 36 37 38 39 40 41 42 43 44 45 46 47 48 49 50 51 52 53 54 55 56 57 58 59 60 61 62 63 64 65 66 67 68 69 70 71 72 73 74 75 76 77 78 79 80 81 82 83 84 85 86 87 88 89 90 91 92 93 94 95 96 97 98 99 100 101 102 103 104 105 106]
2026-03-19 17:32:36,527{GMT}	INFO	[jepsen test runner] jepsen.core: Run complete, writing
2026-03-19 17:32:36,588{GMT}	INFO	[jepsen node n3] maelstrom.db: Tearing down n3
2026-03-19 17:32:36,588{GMT}	INFO	[jepsen node n1] maelstrom.db: Tearing down n1
2026-03-19 17:32:36,588{GMT}	INFO	[jepsen node n2] maelstrom.db: Tearing down n2
2026-03-19 17:32:36,588{GMT}	INFO	[jepsen node n0] maelstrom.db: Tearing down n0
2026-03-19 17:32:36,589{GMT}	INFO	[jepsen node n4] maelstrom.db: Tearing down n4
2026-03-19 17:32:38,346{GMT}	INFO	[jepsen node n0] maelstrom.net: Shutting down Maelstrom network
2026-03-19 17:32:38,348{GMT}	INFO	[jepsen test runner] jepsen.core: Analyzing...
2026-03-19 17:32:38,676{GMT}	INFO	[jepsen test runner] jepsen.core: Analysis complete
2026-03-19 17:32:38,687{GMT}	INFO	[jepsen results] jepsen.store: Wrote /home/banna/Documents/maelstrom-java/store/broadcast/20260319T173205.036Z/results.edn
2026-03-19 17:32:38,707{GMT}	INFO	[jepsen test runner] jepsen.core: {:perf {:latency-graph {:valid? true},
        :rate-graph {:valid? true},
        :valid? true},
 :timeline {:valid? true},
 :exceptions {:valid? true},
 :stats {:valid? true,
         :count 220,
         :ok-count 220,
         :fail-count 0,
         :info-count 0,
         :by-f {:broadcast {:valid? true,
                            :count 107,
                            :ok-count 107,
                            :fail-count 0,
                            :info-count 0},
                :read {:valid? true,
                       :count 113,
                       :ok-count 113,
                       :fail-count 0,
                       :info-count 0}}},
 :availability {:valid? true, :ok-fraction 1.0},
 :net {:all {:send-count 669,
             :recv-count 669,
             :msg-count 669,
             :msgs-per-op 3.040909},
       :clients {:send-count 460, :recv-count 460, :msg-count 460},
       :servers {:send-count 209,
                 :recv-count 209,
                 :msg-count 209,
                 :msgs-per-op 0.95},
       :valid? true},
 :workload {:worst-stale (),
            :duplicated-count 0,
            :valid? false,
            :lost-count 73,
            :lost (0
                   1
                   4
                   5
                   6
                   7
                   8
                   9
                   12
                   14
                   15
                   18
                   20
                   21
                   22
                   23
                   25
                   26
                   28
                   29
                   30
                   31
                   33
                   34
                   35
                   37
                   38
                   40
                   41
                   42
                   44
                   45
                   46
                   49
                   50
                   51
                   53
                   54
                   55
                   57
                   58
                   59
                   62
                   64
                   65
                   66
                   68
                   70
                   71
                   72
                   75
                   76
                   78
                   81
                   82
                   83
                   84
                   86
                   87
                   88
                   89
                   92
                   93
                   94
                   95
                   97
                   98
                   99
                   101
                   103
                   104
                   105
                   106),
            :stable-count 34,
            :stale-count 0,
            :stale (),
            :never-read-count 0,
            :stable-latencies {0 0, 0.5 0, 0.95 0, 0.99 0, 1 0},
            :attempt-count 107,
            :lost-latencies {0 10145,
                             0.5 19912,
                             0.95 29069,
                             0.99 29776,
                             1 29776},
            :never-read (),
            :duplicated {}},
 :valid? false}


Analysis invalid! (ﾉಥ益ಥ）ﾉ ┻━┻
