2026-03-12 16:04:03,964{GMT}	INFO	[jepsen test runner] jepsen.core: Command line:
lein run test -w broadcast --bin run.sh broadcast --node-count 1 --time-limit 20 --rate 10
2026-03-12 16:04:04,053{GMT}	INFO	[jepsen test runner] jepsen.core: Running test:
{:args ["broadcast"]
 :remote
 #jepsen.control.retry.Remote{:remote #jepsen.control.scp.Remote{:cmd-remote #jepsen.control.sshj.SSHJRemote{:concurrency-limit 6,
                                                                                                             :conn-spec nil,
                                                                                                             :client nil,
                                                                                                             :semaphore nil},
                                                                 :conn-spec nil},
                              :conn nil}
 :log-net-send false
 :node-count 1
 :availability nil
 :max-txn-length 4
 :concurrency 1
 :db
 #object[maelstrom.db$db$reify__16142
         "0x65dac812"
         "maelstrom.db$db$reify__16142@65dac812"]
 :max-writes-per-key 16
 :leave-db-running? false
 :name "broadcast"
 :logging-json? false
 :start-time
 #object[org.joda.time.DateTime "0x3619ecd" "2026-03-12T16:04:03.937Z"]
 :nemesis-interval 10
 :net
 #object[maelstrom.net$jepsen_net$reify__15251
         "0x7de4bd8f"
         "maelstrom.net$jepsen_net$reify__15251@7de4bd8f"]
 :client
 #object[maelstrom.workload.broadcast$client$reify__16644
         "0x193e65d5"
         "maelstrom.workload.broadcast$client$reify__16644@193e65d5"]
 :barrier
 #object[java.util.concurrent.CyclicBarrier
         "0x2a97b4b8"
         "java.util.concurrent.CyclicBarrier@2a97b4b8"]
 :log-stderr false
 :pure-generators true
 :ssh {:dummy? true}
 :rate 10.0
 :checker
 #object[jepsen.checker$compose$reify__11881
         "0x250fc0d1"
         "jepsen.checker$compose$reify__11881@250fc0d1"]
 :argv
 ("test"
  "-w"
  "broadcast"
  "--bin"
  "run.sh"
  "broadcast"
  "--node-count"
  "1"
  "--time-limit"
  "20"
  "--rate"
  "10")
 :nemesis
 (jepsen.nemesis.ReflCompose
  {:fm {:start-partition 0,
        :stop-partition 0,
        :kill 1,
        :start 1,
        :pause 1,
        :resume 1},
   :nemeses [#unprintable "jepsen.nemesis.combined$partition_nemesis$reify__16416@7ddf193a"
             #unprintable "jepsen.nemesis.combined$db_nemesis$reify__16397@17a5cb99"]})
 :nodes ["n0"]
 :test-count 1
 :latency {:mean 0, :dist :constant}
 :bin "run.sh"
 :generator
 ((jepsen.generator.Synchronize
   {:gen (jepsen.generator.TimeLimit
          {:limit 20000000000,
           :cutoff nil,
           :gen (jepsen.generator.Any
                 {:gens [(jepsen.generator.OnThreads
                          {:f #{:nemesis},
                           :context-filter #object[jepsen.generator.context$make_thread_filter$lazy_filter__9167
                                                   "0x71cf6e8c"
                                                   "jepsen.generator.context$make_thread_filter$lazy_filter__9167@71cf6e8c"],
                           :gen nil})
                         (jepsen.generator.OnThreads
                          {:f #jepsen.generator.context.AllBut{:element :nemesis},
                           :context-filter #object[jepsen.generator.context$make_thread_filter$lazy_filter__9167
                                                   "0x7545cb17"
                                                   "jepsen.generator.context$make_thread_filter$lazy_filter__9167@7545cb17"],
                           :gen (jepsen.generator.Stagger
                                 {:dt 200000000,
                                  :next-time nil,
                                  :gen (jepsen.generator.Mix
                                        {:i 1,
                                         :gens [({:f :broadcast, :value 0}
                                                 {:f :broadcast, :value 1}
                                                 {:f :broadcast, :value 2}
                                                 {:f :broadcast, :value 3}
                                                 {:f :broadcast, :value 4}
                                                 {:f :broadcast, :value 5}
                                                 {:f :broadcast, :value 6}
                                                 {:f :broadcast, :value 7}
                                                 ...)
                                                ({:f :read}
                                                 {:f :read}
                                                 {:f :read}
                                                 {:f :read}
                                                 {:f :read}
                                                 {:f :read}
                                                 {:f :read}
                                                 {:f :read}
                                                 ...)]})})})]})})})
  (jepsen.generator.Synchronize
   {:gen (jepsen.generator.OnThreads
          {:f #{:nemesis},
           :context-filter #object[jepsen.generator.context$make_thread_filter$lazy_filter__9167
                                   "0x1f9b86f5"
                                   "jepsen.generator.context$make_thread_filter$lazy_filter__9167@1f9b86f5"],
           :gen ()})})
  (jepsen.generator.Synchronize
   {:gen {:type :log, :value "Waiting for recovery..."}})
  (jepsen.generator.Synchronize {:gen {:type :sleep, :value 10}})
  (jepsen.generator.Synchronize
   {:gen (jepsen.generator.OnThreads
          {:f #jepsen.generator.context.AllBut{:element :nemesis},
           :context-filter #object[jepsen.generator.context$make_thread_filter$lazy_filter__9167
                                   "0x15aa3084"
                                   "jepsen.generator.context$make_thread_filter$lazy_filter__9167@15aa3084"],
           :gen (jepsen.generator.EachThread
                 {:fresh-gen {:f :read, :final? true},
                  :context-filters #object[clojure.core$promise$reify__8591
                                           "0x4e6c4c55"
                                           {:status :pending, :val nil}],
                  :gens {}})})}))
 :log-net-recv false
 :os
 #object[maelstrom.net$jepsen_os$reify__15254
         "0x74fbee59"
         "maelstrom.net$jepsen_os$reify__15254@74fbee59"]
 :time-limit 20
 :workload :broadcast
 :consistency-models [:strict-serializable]
 :topology :grid}

2026-03-12 16:04:05,586{GMT}	INFO	[jepsen node n0] maelstrom.net: Starting Maelstrom network
2026-03-12 16:04:05,588{GMT}	INFO	[jepsen test runner] jepsen.db: Tearing down DB
2026-03-12 16:04:05,590{GMT}	INFO	[jepsen test runner] jepsen.db: Setting up DB
2026-03-12 16:04:05,593{GMT}	INFO	[jepsen node n0] maelstrom.service: Starting services: (lin-kv lin-tso lww-kv seq-kv)
2026-03-12 16:04:05,595{GMT}	INFO	[jepsen node n0] maelstrom.db: Setting up n0
2026-03-12 16:04:05,596{GMT}	INFO	[jepsen node n0] maelstrom.process: launching run.sh ["broadcast"]
2026-03-12 16:04:05,717{GMT}	INFO	[jepsen test runner] jepsen.core: Relative time begins now
2026-03-12 16:04:05,742{GMT}	INFO	[jepsen worker 0] jepsen.util: 0	:invoke	:read	nil
2026-03-12 16:04:10,746{GMT}	INFO	[jepsen worker 0] jepsen.util: 0	:fail	:read	nil	:net-timeout
2026-03-12 16:04:10,747{GMT}	INFO	[jepsen worker 0] jepsen.util: 0	:invoke	:read	nil
2026-03-12 16:04:15,749{GMT}	INFO	[jepsen worker 0] jepsen.util: 0	:fail	:read	nil	:net-timeout
2026-03-12 16:04:15,751{GMT}	INFO	[jepsen worker 0] jepsen.util: 0	:invoke	:read	nil
2026-03-12 16:04:20,752{GMT}	INFO	[jepsen worker 0] jepsen.util: 0	:fail	:read	nil	:net-timeout
2026-03-12 16:04:20,753{GMT}	INFO	[jepsen worker 0] jepsen.util: 0	:invoke	:read	nil
2026-03-12 16:04:25,760{GMT}	INFO	[jepsen worker 0] jepsen.util: 0	:fail	:read	nil	:net-timeout
2026-03-12 16:04:25,761{GMT}	INFO	[jepsen worker 0] jepsen.generator.interpreter: Waiting for recovery...
2026-03-12 16:04:35,775{GMT}	INFO	[jepsen worker 0] jepsen.util: 0	:invoke	:read	nil
2026-03-12 16:04:40,776{GMT}	INFO	[jepsen worker 0] jepsen.util: 0	:fail	:read	nil	:net-timeout
2026-03-12 16:04:40,854{GMT}	INFO	[jepsen test runner] jepsen.core: Run complete, writing
2026-03-12 16:04:40,922{GMT}	INFO	[jepsen node n0] maelstrom.db: Tearing down n0
2026-03-12 16:04:42,603{GMT}	INFO	[jepsen node n0] maelstrom.net: Shutting down Maelstrom network
2026-03-12 16:04:42,605{GMT}	INFO	[jepsen test runner] jepsen.core: Analyzing...
2026-03-12 16:04:43,040{GMT}	INFO	[jepsen test runner] jepsen.core: Analysis complete
2026-03-12 16:04:43,062{GMT}	INFO	[jepsen results] jepsen.store: Wrote /home/banna/Documents/maelstrom-java/store/broadcast/20260312T160403.937Z/results.edn
2026-03-12 16:04:43,075{GMT}	INFO	[jepsen test runner] jepsen.core: {:perf {:latency-graph {:valid? true},
        :rate-graph {:valid? true},
        :valid? true},
 :timeline {:valid? true},
 :exceptions {:valid? true},
 :stats {:valid? false,
         :count 5,
         :ok-count 0,
         :fail-count 5,
         :info-count 0,
         :by-f {:read {:valid? false,
                       :count 5,
                       :ok-count 0,
                       :fail-count 5,
                       :info-count 0}}},
 :availability {:valid? true, :ok-fraction 0.0},
 :net {:all {:send-count 9,
             :recv-count 9,
             :msg-count 9,
             :msgs-per-op 1.8},
       :clients {:send-count 9, :recv-count 9, :msg-count 9},
       :servers {:send-count 0,
                 :recv-count 0,
                 :msg-count 0,
                 :msgs-per-op 0.0},
       :valid? true},
 :workload {:worst-stale (),
            :duplicated-count 0,
            :valid? :unknown,
            :lost-count 0,
            :lost (),
            :stable-count 0,
            :stale-count 0,
            :stale (),
            :never-read-count 0,
            :attempt-count 0,
            :never-read (),
            :duplicated {}},
 :valid? false}


Analysis invalid! (ﾉಥ益ಥ）ﾉ ┻━┻
