2026-03-20 14:42:32,310{GMT}	INFO	[jepsen test runner] jepsen.core: Command line:
lein run test -w broadcast --bin run.sh broadcast --node-count 5 --time-limit 20 --rate 10
2026-03-20 14:42:32,395{GMT}	INFO	[jepsen test runner] jepsen.core: Running test:
{:args ["broadcast"]
 :remote
 #jepsen.control.retry.Remote{:remote #jepsen.control.scp.Remote{:cmd-remote #jepsen.control.sshj.SSHJRemote{:concurrency-limit 6,
                                                                                                             :conn-spec nil,
                                                                                                             :client nil,
                                                                                                             :semaphore nil},
                                                                 :conn-spec nil},
                              :conn nil}
 :log-net-send false
 :node-count 5
 :availability nil
 :max-txn-length 4
 :concurrency 5
 :db
 #object[maelstrom.db$db$reify__16142
         "0x3619ecd"
         "maelstrom.db$db$reify__16142@3619ecd"]
 :max-writes-per-key 16
 :leave-db-running? false
 :name "broadcast"
 :logging-json? false
 :start-time
 #object[org.joda.time.DateTime "0x7de4bd8f" "2026-03-20T14:42:32.284Z"]
 :nemesis-interval 10
 :net
 #object[maelstrom.net$jepsen_net$reify__15251
         "0x193e65d5"
         "maelstrom.net$jepsen_net$reify__15251@193e65d5"]
 :client
 #object[maelstrom.workload.broadcast$client$reify__16644
         "0x2a97b4b8"
         "maelstrom.workload.broadcast$client$reify__16644@2a97b4b8"]
 :barrier
 #object[java.util.concurrent.CyclicBarrier
         "0x250fc0d1"
         "java.util.concurrent.CyclicBarrier@250fc0d1"]
 :log-stderr false
 :pure-generators true
 :ssh {:dummy? true}
 :rate 10.0
 :checker
 #object[jepsen.checker$compose$reify__11881
         "0x7ddf193a"
         "jepsen.checker$compose$reify__11881@7ddf193a"]
 :argv
 ("test"
  "-w"
  "broadcast"
  "--bin"
  "run.sh"
  "broadcast"
  "--node-count"
  "5"
  "--time-limit"
  "20"
  "--rate"
  "10")
 :nemesis
 (jepsen.nemesis.ReflCompose
  {:fm {:start-partition 0,
        :stop-partition 0,
        :kill 1,
        :start 1,
        :pause 1,
        :resume 1},
   :nemeses [#unprintable "jepsen.nemesis.combined$partition_nemesis$reify__16416@17a5cb99"
             #unprintable "jepsen.nemesis.combined$db_nemesis$reify__16397@808fa1"]})
 :nodes ["n0" "n1" "n2" "n3" "n4"]
 :test-count 1
 :latency {:mean 0, :dist :constant}
 :bin "run.sh"
 :generator
 ((jepsen.generator.Synchronize
   {:gen (jepsen.generator.TimeLimit
          {:limit 20000000000,
           :cutoff nil,
           :gen (jepsen.generator.Any
                 {:gens [(jepsen.generator.OnThreads
                          {:f #{:nemesis},
                           :context-filter #object[jepsen.generator.context$make_thread_filter$lazy_filter__9167
                                                   "0x7545cb17"
                                                   "jepsen.generator.context$make_thread_filter$lazy_filter__9167@7545cb17"],
                           :gen nil})
                         (jepsen.generator.OnThreads
                          {:f #jepsen.generator.context.AllBut{:element :nemesis},
                           :context-filter #object[jepsen.generator.context$make_thread_filter$lazy_filter__9167
                                                   "0x635b3ec7"
                                                   "jepsen.generator.context$make_thread_filter$lazy_filter__9167@635b3ec7"],
                           :gen (jepsen.generator.Stagger
                                 {:dt 200000000,
                                  :next-time nil,
                                  :gen (jepsen.generator.Mix
                                        {:i 1,
                                         :gens [({:f :broadcast, :value 0}
                                                 {:f :broadcast, :value 1}
                                                 {:f :broadcast, :value 2}
                                                 {:f :broadcast, :value 3}
                                                 {:f :broadcast, :value 4}
                                                 {:f :broadcast, :value 5}
                                                 {:f :broadcast, :value 6}
                                                 {:f :broadcast, :value 7}
                                                 ...)
                                                ({:f :read}
                                                 {:f :read}
                                                 {:f :read}
                                                 {:f :read}
                                                 {:f :read}
                                                 {:f :read}
                                                 {:f :read}
                                                 {:f :read}
                                                 ...)]})})})]})})})
  (jepsen.generator.Synchronize
   {:gen (jepsen.generator.OnThreads
          {:f #{:nemesis},
           :context-filter #object[jepsen.generator.context$make_thread_filter$lazy_filter__9167
                                   "0x15aa3084"
                                   "jepsen.generator.context$make_thread_filter$lazy_filter__9167@15aa3084"],
           :gen ()})})
  (jepsen.generator.Synchronize
   {:gen {:type :log, :value "Waiting for recovery..."}})
  (jepsen.generator.Synchronize {:gen {:type :sleep, :value 10}})
  (jepsen.generator.Synchronize
   {:gen (jepsen.generator.OnThreads
          {:f #jepsen.generator.context.AllBut{:element :nemesis},
           :context-filter #object[jepsen.generator.context$make_thread_filter$lazy_filter__9167
                                   "0x4e6c4c55"
                                   "jepsen.generator.context$make_thread_filter$lazy_filter__9167@4e6c4c55"],
           :gen (jepsen.generator.EachThread
                 {:fresh-gen {:f :read, :final? true},
                  :context-filters #object[clojure.core$promise$reify__8591
                                           "0x74fbee59"
                                           {:status :pending, :val nil}],
                  :gens {}})})}))
 :log-net-recv false
 :os
 #object[maelstrom.net$jepsen_os$reify__15254
         "0x3794621d"
         "maelstrom.net$jepsen_os$reify__15254@3794621d"]
 :time-limit 20
 :workload :broadcast
 :consistency-models [:strict-serializable]
 :topology :grid}

2026-03-20 14:42:33,568{GMT}	INFO	[jepsen node n0] maelstrom.net: Starting Maelstrom network
2026-03-20 14:42:33,569{GMT}	INFO	[jepsen test runner] jepsen.db: Tearing down DB
2026-03-20 14:42:33,571{GMT}	INFO	[jepsen test runner] jepsen.db: Setting up DB
2026-03-20 14:42:33,572{GMT}	INFO	[jepsen node n1] maelstrom.db: Setting up n1
2026-03-20 14:42:33,572{GMT}	INFO	[jepsen node n4] maelstrom.db: Setting up n4
2026-03-20 14:42:33,572{GMT}	INFO	[jepsen node n2] maelstrom.db: Setting up n2
2026-03-20 14:42:33,572{GMT}	INFO	[jepsen node n3] maelstrom.db: Setting up n3
2026-03-20 14:42:33,573{GMT}	INFO	[jepsen node n2] maelstrom.process: launching run.sh ["broadcast"]
2026-03-20 14:42:33,573{GMT}	INFO	[jepsen node n3] maelstrom.process: launching run.sh ["broadcast"]
2026-03-20 14:42:33,573{GMT}	INFO	[jepsen node n4] maelstrom.process: launching run.sh ["broadcast"]
2026-03-20 14:42:33,574{GMT}	INFO	[jepsen node n1] maelstrom.process: launching run.sh ["broadcast"]
2026-03-20 14:42:33,575{GMT}	INFO	[jepsen node n0] maelstrom.service: Starting services: (lin-kv lin-tso lww-kv seq-kv)
2026-03-20 14:42:33,577{GMT}	INFO	[jepsen node n0] maelstrom.db: Setting up n0
2026-03-20 14:42:33,578{GMT}	INFO	[jepsen node n0] maelstrom.process: launching run.sh ["broadcast"]
2026-03-20 14:42:33,751{GMT}	INFO	[jepsen test runner] jepsen.core: Relative time begins now
2026-03-20 14:42:33,776{GMT}	INFO	[jepsen worker 0] jepsen.util: 0	:invoke	:read	nil
2026-03-20 14:42:33,780{GMT}	INFO	[jepsen worker 0] jepsen.util: 0	:ok	:read	[]
2026-03-20 14:42:33,786{GMT}	INFO	[jepsen worker 1] jepsen.util: 1	:invoke	:broadcast	0
2026-03-20 14:42:33,794{GMT}	WARN	[n1 stdout] maelstrom.process: Error!
clojure.lang.ExceptionInfo: Malformed network message. Node n1 tried to send the following message via STDOUT:

{:body {}}

This is malformed because:

{:src missing-required-key, :dest missing-required-key}

See doc/protocol.md for more guidance.
	at slingshot.support$stack_trace.invoke(support.clj:201)
	at maelstrom.process$parse_msg.invokeStatic(process.clj:57)
	at maelstrom.process$parse_msg.invoke(process.clj:35)
	at maelstrom.process$stdout_thread$fn__15878$fn__15879$fn__15881.invoke(process.clj:146)
	at maelstrom.process$stdout_thread$fn__15878$fn__15879.invoke(process.clj:146)
	at maelstrom.process$stdout_thread$fn__15878.invoke(process.clj:140)
	at clojure.core$binding_conveyor_fn$fn__5823.invoke(core.clj:2047)
	at clojure.lang.AFn.call(AFn.java:18)
	at java.base/java.util.concurrent.FutureTask.run(FutureTask.java:317)
	at java.base/java.util.concurrent.ThreadPoolExecutor.runWorker(ThreadPoolExecutor.java:1144)
	at java.base/java.util.concurrent.ThreadPoolExecutor$Worker.run(ThreadPoolExecutor.java:642)
	at java.base/java.lang.Thread.run(Thread.java:1583)
2026-03-20 14:42:33,894{GMT}	INFO	[jepsen worker 2] jepsen.util: 2	:invoke	:read	nil
2026-03-20 14:42:33,896{GMT}	INFO	[jepsen worker 2] jepsen.util: 2	:ok	:read	[]
2026-03-20 14:42:33,952{GMT}	INFO	[jepsen worker 3] jepsen.util: 3	:invoke	:broadcast	1
2026-03-20 14:42:33,956{GMT}	WARN	[n3 stdout] maelstrom.process: Error!
clojure.lang.ExceptionInfo: Malformed network message. Node n3 tried to send the following message via STDOUT:

{:body {}}

This is malformed because:

{:src missing-required-key, :dest missing-required-key}

See doc/protocol.md for more guidance.
	at slingshot.support$stack_trace.invoke(support.clj:201)
	at maelstrom.process$parse_msg.invokeStatic(process.clj:57)
	at maelstrom.process$parse_msg.invoke(process.clj:35)
	at maelstrom.process$stdout_thread$fn__15878$fn__15879$fn__15881.invoke(process.clj:146)
	at maelstrom.process$stdout_thread$fn__15878$fn__15879.invoke(process.clj:146)
	at maelstrom.process$stdout_thread$fn__15878.invoke(process.clj:140)
	at clojure.core$binding_conveyor_fn$fn__5823.invoke(core.clj:2047)
	at clojure.lang.AFn.call(AFn.java:18)
	at java.base/java.util.concurrent.FutureTask.run(FutureTask.java:317)
	at java.base/java.util.concurrent.ThreadPoolExecutor.runWorker(ThreadPoolExecutor.java:1144)
	at java.base/java.util.concurrent.ThreadPoolExecutor$Worker.run(ThreadPoolExecutor.java:642)
	at java.base/java.lang.Thread.run(Thread.java:1583)
2026-03-20 14:42:34,137{GMT}	INFO	[jepsen worker 4] jepsen.util: 4	:invoke	:read	nil
2026-03-20 14:42:34,140{GMT}	INFO	[jepsen worker 4] jepsen.util: 4	:ok	:read	[]
2026-03-20 14:42:34,224{GMT}	INFO	[jepsen worker 0] jepsen.util: 0	:invoke	:broadcast	2
2026-03-20 14:42:34,224{GMT}	INFO	[jepsen worker 2] jepsen.util: 2	:invoke	:broadcast	3
2026-03-20 14:42:34,228{GMT}	WARN	[n0 stdout] maelstrom.process: Error!
clojure.lang.ExceptionInfo: Malformed network message. Node n0 tried to send the following message via STDOUT:

{:body {}}

This is malformed because:

{:src missing-required-key, :dest missing-required-key}

See doc/protocol.md for more guidance.
	at slingshot.support$stack_trace.invoke(support.clj:201)
	at maelstrom.process$parse_msg.invokeStatic(process.clj:57)
	at maelstrom.process$parse_msg.invoke(process.clj:35)
	at maelstrom.process$stdout_thread$fn__15878$fn__15879$fn__15881.invoke(process.clj:146)
	at maelstrom.process$stdout_thread$fn__15878$fn__15879.invoke(process.clj:146)
	at maelstrom.process$stdout_thread$fn__15878.invoke(process.clj:140)
	at clojure.core$binding_conveyor_fn$fn__5823.invoke(core.clj:2047)
	at clojure.lang.AFn.call(AFn.java:18)
	at java.base/java.util.concurrent.FutureTask.run(FutureTask.java:317)
	at java.base/java.util.concurrent.ThreadPoolExecutor.runWorker(ThreadPoolExecutor.java:1144)
	at java.base/java.util.concurrent.ThreadPoolExecutor$Worker.run(ThreadPoolExecutor.java:642)
	at java.base/java.lang.Thread.run(Thread.java:1583)
2026-03-20 14:42:34,228{GMT}	WARN	[n2 stdout] maelstrom.process: Error!
clojure.lang.ExceptionInfo: Malformed network message. Node n2 tried to send the following message via STDOUT:

{:body {}}

This is malformed because:

{:src missing-required-key, :dest missing-required-key}

See doc/protocol.md for more guidance.
	at slingshot.support$stack_trace.invoke(support.clj:201)
	at maelstrom.process$parse_msg.invokeStatic(process.clj:57)
	at maelstrom.process$parse_msg.invoke(process.clj:35)
	at maelstrom.process$stdout_thread$fn__15878$fn__15879$fn__15881.invoke(process.clj:146)
	at maelstrom.process$stdout_thread$fn__15878$fn__15879.invoke(process.clj:146)
	at maelstrom.process$stdout_thread$fn__15878.invoke(process.clj:140)
	at clojure.core$binding_conveyor_fn$fn__5823.invoke(core.clj:2047)
	at clojure.lang.AFn.call(AFn.java:18)
	at java.base/java.util.concurrent.FutureTask.run(FutureTask.java:317)
	at java.base/java.util.concurrent.ThreadPoolExecutor.runWorker(ThreadPoolExecutor.java:1144)
	at java.base/java.util.concurrent.ThreadPoolExecutor$Worker.run(ThreadPoolExecutor.java:642)
	at java.base/java.lang.Thread.run(Thread.java:1583)
2026-03-20 14:42:34,339{GMT}	INFO	[jepsen worker 4] jepsen.util: 4	:invoke	:broadcast	4
2026-03-20 14:42:34,350{GMT}	WARN	[n4 stdout] maelstrom.process: Error!
clojure.lang.ExceptionInfo: Malformed network message. Node n4 tried to send the following message via STDOUT:

{:body {}}

This is malformed because:

{:src missing-required-key, :dest missing-required-key}

See doc/protocol.md for more guidance.
	at slingshot.support$stack_trace.invoke(support.clj:201)
	at maelstrom.process$parse_msg.invokeStatic(process.clj:57)
	at maelstrom.process$parse_msg.invoke(process.clj:35)
	at maelstrom.process$stdout_thread$fn__15878$fn__15879$fn__15881.invoke(process.clj:146)
	at maelstrom.process$stdout_thread$fn__15878$fn__15879.invoke(process.clj:146)
	at maelstrom.process$stdout_thread$fn__15878.invoke(process.clj:140)
	at clojure.core$binding_conveyor_fn$fn__5823.invoke(core.clj:2047)
	at clojure.lang.AFn.call(AFn.java:18)
	at java.base/java.util.concurrent.FutureTask.run(FutureTask.java:317)
	at java.base/java.util.concurrent.ThreadPoolExecutor.runWorker(ThreadPoolExecutor.java:1144)
	at java.base/java.util.concurrent.ThreadPoolExecutor$Worker.run(ThreadPoolExecutor.java:642)
	at java.base/java.lang.Thread.run(Thread.java:1583)
2026-03-20 14:42:38,788{GMT}	INFO	[jepsen worker 1] jepsen.util: 1	:info	:broadcast	0	:net-timeout
2026-03-20 14:42:38,790{GMT}	INFO	[jepsen worker 1] jepsen.util: 6	:invoke	:broadcast	5
2026-03-20 14:42:38,953{GMT}	INFO	[jepsen worker 3] jepsen.util: 3	:info	:broadcast	1	:net-timeout
2026-03-20 14:42:38,955{GMT}	INFO	[jepsen worker 3] jepsen.util: 8	:invoke	:read	nil
2026-03-20 14:42:39,224{GMT}	INFO	[jepsen worker 2] jepsen.util: 2	:info	:broadcast	3	:net-timeout
2026-03-20 14:42:39,224{GMT}	INFO	[jepsen worker 0] jepsen.util: 0	:info	:broadcast	2	:net-timeout
2026-03-20 14:42:39,225{GMT}	INFO	[jepsen worker 0] jepsen.util: 5	:invoke	:broadcast	6
2026-03-20 14:42:39,283{GMT}	INFO	[jepsen worker 2] jepsen.util: 7	:invoke	:read	nil
2026-03-20 14:42:39,340{GMT}	INFO	[jepsen worker 4] jepsen.util: 4	:info	:broadcast	4	:net-timeout
2026-03-20 14:42:39,409{GMT}	INFO	[jepsen worker 4] jepsen.util: 9	:invoke	:read	nil
2026-03-20 14:42:43,791{GMT}	INFO	[jepsen worker 1] jepsen.util: 6	:info	:broadcast	5	:net-timeout
2026-03-20 14:42:43,792{GMT}	INFO	[jepsen worker 1] jepsen.util: 11	:invoke	:read	nil
2026-03-20 14:42:43,958{GMT}	INFO	[jepsen worker 3] jepsen.util: 8	:fail	:read	nil	:net-timeout
2026-03-20 14:42:43,959{GMT}	INFO	[jepsen worker 3] jepsen.util: 8	:invoke	:read	nil
2026-03-20 14:42:44,227{GMT}	INFO	[jepsen worker 0] jepsen.util: 5	:info	:broadcast	6	:net-timeout
2026-03-20 14:42:44,228{GMT}	INFO	[jepsen worker 0] jepsen.util: 10	:invoke	:read	nil
2026-03-20 14:42:44,283{GMT}	INFO	[jepsen worker 2] jepsen.util: 7	:fail	:read	nil	:net-timeout
2026-03-20 14:42:44,336{GMT}	INFO	[jepsen worker 2] jepsen.util: 7	:invoke	:read	nil
2026-03-20 14:42:44,409{GMT}	INFO	[jepsen worker 4] jepsen.util: 9	:fail	:read	nil	:net-timeout
2026-03-20 14:42:44,516{GMT}	INFO	[jepsen worker 4] jepsen.util: 9	:invoke	:read	nil
2026-03-20 14:42:48,793{GMT}	INFO	[jepsen worker 1] jepsen.util: 11	:fail	:read	nil	:net-timeout
2026-03-20 14:42:48,794{GMT}	INFO	[jepsen worker 1] jepsen.util: 11	:invoke	:broadcast	7
2026-03-20 14:42:48,959{GMT}	INFO	[jepsen worker 3] jepsen.util: 8	:fail	:read	nil	:net-timeout
2026-03-20 14:42:48,960{GMT}	INFO	[jepsen worker 3] jepsen.util: 8	:invoke	:read	nil
2026-03-20 14:42:49,228{GMT}	INFO	[jepsen worker 0] jepsen.util: 10	:fail	:read	nil	:net-timeout
2026-03-20 14:42:49,228{GMT}	INFO	[jepsen worker 0] jepsen.util: 10	:invoke	:read	nil
2026-03-20 14:42:49,337{GMT}	INFO	[jepsen worker 2] jepsen.util: 7	:fail	:read	nil	:net-timeout
2026-03-20 14:42:49,340{GMT}	INFO	[jepsen worker 2] jepsen.util: 7	:invoke	:read	nil
2026-03-20 14:42:49,517{GMT}	INFO	[jepsen worker 4] jepsen.util: 9	:fail	:read	nil	:net-timeout
2026-03-20 14:42:49,517{GMT}	INFO	[jepsen worker 4] jepsen.util: 9	:invoke	:read	nil
2026-03-20 14:42:53,794{GMT}	INFO	[jepsen worker 1] jepsen.util: 11	:info	:broadcast	7	:net-timeout
2026-03-20 14:42:53,961{GMT}	INFO	[jepsen worker 3] jepsen.util: 8	:fail	:read	nil	:net-timeout
2026-03-20 14:42:54,228{GMT}	INFO	[jepsen worker 0] jepsen.util: 10	:fail	:read	nil	:net-timeout
2026-03-20 14:42:54,340{GMT}	INFO	[jepsen worker 2] jepsen.util: 7	:fail	:read	nil	:net-timeout
2026-03-20 14:42:54,518{GMT}	INFO	[jepsen worker 4] jepsen.util: 9	:fail	:read	nil	:net-timeout
2026-03-20 14:42:54,519{GMT}	INFO	[jepsen worker nemesis] jepsen.generator.interpreter: Waiting for recovery...
2026-03-20 14:43:04,524{GMT}	INFO	[jepsen worker 1] jepsen.util: 16	:invoke	:read	nil
2026-03-20 14:43:04,525{GMT}	INFO	[jepsen worker 4] jepsen.util: 9	:invoke	:read	nil
2026-03-20 14:43:04,525{GMT}	INFO	[jepsen worker 0] jepsen.util: 10	:invoke	:read	nil
2026-03-20 14:43:04,526{GMT}	INFO	[jepsen worker 3] jepsen.util: 8	:invoke	:read	nil
2026-03-20 14:43:04,525{GMT}	INFO	[jepsen worker 2] jepsen.util: 7	:invoke	:read	nil
2026-03-20 14:43:09,524{GMT}	INFO	[jepsen worker 1] jepsen.util: 16	:fail	:read	nil	:net-timeout
2026-03-20 14:43:09,525{GMT}	INFO	[jepsen worker 4] jepsen.util: 9	:fail	:read	nil	:net-timeout
2026-03-20 14:43:09,528{GMT}	INFO	[jepsen worker 0] jepsen.util: 10	:fail	:read	nil	:net-timeout
2026-03-20 14:43:09,529{GMT}	INFO	[jepsen worker 3] jepsen.util: 8	:fail	:read	nil	:net-timeout
2026-03-20 14:43:09,531{GMT}	INFO	[jepsen worker 2] jepsen.util: 7	:fail	:read	nil	:net-timeout
2026-03-20 14:43:09,559{GMT}	INFO	[jepsen test runner] jepsen.core: Run complete, writing
2026-03-20 14:43:09,654{GMT}	INFO	[jepsen node n1] maelstrom.db: Tearing down n1
2026-03-20 14:43:09,655{GMT}	INFO	[jepsen node n0] maelstrom.db: Tearing down n0
2026-03-20 14:43:09,658{GMT}	INFO	[jepsen node n2] maelstrom.db: Tearing down n2
2026-03-20 14:43:09,659{GMT}	INFO	[jepsen node n4] maelstrom.db: Tearing down n4
2026-03-20 14:43:09,658{GMT}	INFO	[jepsen node n3] maelstrom.db: Tearing down n3
2026-03-20 14:43:10,591{GMT}	INFO	[jepsen node n0] maelstrom.net: Shutting down Maelstrom network
2026-03-20 14:43:10,591{GMT}	INFO	[jepsen test runner] jepsen.core: Analyzing...
2026-03-20 14:43:10,880{GMT}	INFO	[jepsen test runner] jepsen.core: Analysis complete
2026-03-20 14:43:10,897{GMT}	INFO	[jepsen results] jepsen.store: Wrote /home/banna/Documents/maelstrom-java/store/broadcast/20260320T144232.284Z/results.edn
2026-03-20 14:43:10,913{GMT}	INFO	[jepsen test runner] jepsen.core: {:perf {:latency-graph {:valid? true},
        :rate-graph {:valid? true},
        :valid? true},
 :timeline {:valid? true},
 :exceptions {:valid? true},
 :stats {:valid? false,
         :count 28,
         :ok-count 3,
         :fail-count 17,
         :info-count 8,
         :by-f {:broadcast {:valid? false,
                            :count 8,
                            :ok-count 0,
                            :fail-count 0,
                            :info-count 8},
                :read {:valid? true,
                       :count 20,
                       :ok-count 3,
                       :fail-count 17,
                       :info-count 0}}},
 :availability {:valid? true, :ok-fraction 0.10714286},
 :net {:all {:send-count 51,
             :recv-count 51,
             :msg-count 51,
             :msgs-per-op 1.8214285},
       :clients {:send-count 51, :recv-count 51, :msg-count 51},
       :servers {:send-count 0,
                 :recv-count 0,
                 :msg-count 0,
                 :msgs-per-op 0.0},
       :valid? true},
 :workload {:worst-stale (),
            :duplicated-count 0,
            :valid? :unknown,
            :lost-count 0,
            :lost (),
            :stable-count 0,
            :stale-count 0,
            :stale (),
            :never-read-count 8,
            :attempt-count 8,
            :never-read (0 1 2 3 4 5 6 7),
            :duplicated {}},
 :valid? false}


Analysis invalid! (ﾉಥ益ಥ）ﾉ ┻━┻
