2026-03-20 16:23:59,683{GMT}	INFO	[jepsen test runner] jepsen.core: Command line:
lein run test -w broadcast --bin run.sh broadcast --node-count 5 --time-limit 20 --rate 10 --nemesis partition
2026-03-20 16:23:59,774{GMT}	INFO	[jepsen test runner] jepsen.core: Running test:
{:args ["broadcast"]
 :remote
 #jepsen.control.retry.Remote{:remote #jepsen.control.scp.Remote{:cmd-remote #jepsen.control.sshj.SSHJRemote{:concurrency-limit 6,
                                                                                                             :conn-spec nil,
                                                                                                             :client nil,
                                                                                                             :semaphore nil},
                                                                 :conn-spec nil},
                              :conn nil}
 :log-net-send false
 :node-count 5
 :availability nil
 :max-txn-length 4
 :concurrency 5
 :db
 #object[maelstrom.db$db$reify__16142
         "0x3619ecd"
         "maelstrom.db$db$reify__16142@3619ecd"]
 :max-writes-per-key 16
 :leave-db-running? false
 :name "broadcast"
 :logging-json? false
 :start-time
 #object[org.joda.time.DateTime "0x7de4bd8f" "2026-03-20T16:23:59.652Z"]
 :nemesis-interval 10
 :net
 #object[maelstrom.net$jepsen_net$reify__15251
         "0x193e65d5"
         "maelstrom.net$jepsen_net$reify__15251@193e65d5"]
 :client
 #object[maelstrom.workload.broadcast$client$reify__16644
         "0x2a97b4b8"
         "maelstrom.workload.broadcast$client$reify__16644@2a97b4b8"]
 :barrier
 #object[java.util.concurrent.CyclicBarrier
         "0x250fc0d1"
         "java.util.concurrent.CyclicBarrier@250fc0d1"]
 :log-stderr false
 :pure-generators true
 :ssh {:dummy? true}
 :rate 10.0
 :checker
 #object[jepsen.checker$compose$reify__11881
         "0x7ddf193a"
         "jepsen.checker$compose$reify__11881@7ddf193a"]
 :argv
 ("test"
  "-w"
  "broadcast"
  "--bin"
  "run.sh"
  "broadcast"
  "--node-count"
  "5"
  "--time-limit"
  "20"
  "--rate"
  "10"
  "--nemesis"
  "partition")
 :nemesis
 (jepsen.nemesis.ReflCompose
  {:fm {:start-partition 0,
        :stop-partition 0,
        :kill 1,
        :start 1,
        :pause 1,
        :resume 1},
   :nemeses [#unprintable "jepsen.nemesis.combined$partition_nemesis$reify__16416@17a5cb99"
             #unprintable "jepsen.nemesis.combined$db_nemesis$reify__16397@808fa1"]})
 :nodes ["n0" "n1" "n2" "n3" "n4"]
 :test-count 1
 :latency {:mean 0, :dist :constant}
 :bin "run.sh"
 :generator
 ((jepsen.generator.Synchronize
   {:gen (jepsen.generator.TimeLimit
          {:limit 20000000000,
           :cutoff nil,
           :gen (jepsen.generator.Any
                 {:gens [(jepsen.generator.OnThreads
                          {:f #{:nemesis},
                           :context-filter #object[jepsen.generator.context$make_thread_filter$lazy_filter__9167
                                                   "0x7545cb17"
                                                   "jepsen.generator.context$make_thread_filter$lazy_filter__9167@7545cb17"],
                           :gen (jepsen.generator.Stagger
                                 {:dt 20000000000,
                                  :next-time nil,
                                  :gen (jepsen.generator.FlipFlop
                                        {:gens [#object[jepsen.nemesis.combined$partition_package$start__16420
                                                        "0x635b3ec7"
                                                        "jepsen.nemesis.combined$partition_package$start__16420@635b3ec7"]
                                                ({:type :info,
                                                  :f :stop-partition,
                                                  :value nil}
                                                 {:type :info,
                                                  :f :stop-partition,
                                                  :value nil}
                                                 {:type :info,
                                                  :f :stop-partition,
                                                  :value nil}
                                                 {:type :info,
                                                  :f :stop-partition,
                                                  :value nil}
                                                 {:type :info,
                                                  :f :stop-partition,
                                                  :value nil}
                                                 {:type :info,
                                                  :f :stop-partition,
                                                  :value nil}
                                                 {:type :info,
                                                  :f :stop-partition,
                                                  :value nil}
                                                 {:type :info,
                                                  :f :stop-partition,
                                                  :value nil}
                                                 ...)],
                                         :i 0})})})
                         (jepsen.generator.OnThreads
                          {:f #jepsen.generator.context.AllBut{:element :nemesis},
                           :context-filter #object[jepsen.generator.context$make_thread_filter$lazy_filter__9167
                                                   "0x15aa3084"
                                                   "jepsen.generator.context$make_thread_filter$lazy_filter__9167@15aa3084"],
                           :gen (jepsen.generator.Stagger
                                 {:dt 200000000,
                                  :next-time nil,
                                  :gen (jepsen.generator.Mix
                                        {:i 0,
                                         :gens [({:f :broadcast, :value 0}
                                                 {:f :broadcast, :value 1}
                                                 {:f :broadcast, :value 2}
                                                 {:f :broadcast, :value 3}
                                                 {:f :broadcast, :value 4}
                                                 {:f :broadcast, :value 5}
                                                 {:f :broadcast, :value 6}
                                                 {:f :broadcast, :value 7}
                                                 ...)
                                                ({:f :read}
                                                 {:f :read}
                                                 {:f :read}
                                                 {:f :read}
                                                 {:f :read}
                                                 {:f :read}
                                                 {:f :read}
                                                 {:f :read}
                                                 ...)]})})})]})})})
  (jepsen.generator.Synchronize
   {:gen (jepsen.generator.OnThreads
          {:f #{:nemesis},
           :context-filter #object[jepsen.generator.context$make_thread_filter$lazy_filter__9167
                                   "0x4e6c4c55"
                                   "jepsen.generator.context$make_thread_filter$lazy_filter__9167@4e6c4c55"],
           :gen ({:type :info, :f :stop-partition, :value nil})})})
  (jepsen.generator.Synchronize
   {:gen {:type :log, :value "Waiting for recovery..."}})
  (jepsen.generator.Synchronize {:gen {:type :sleep, :value 10}})
  (jepsen.generator.Synchronize
   {:gen (jepsen.generator.OnThreads
          {:f #jepsen.generator.context.AllBut{:element :nemesis},
           :context-filter #object[jepsen.generator.context$make_thread_filter$lazy_filter__9167
                                   "0x74fbee59"
                                   "jepsen.generator.context$make_thread_filter$lazy_filter__9167@74fbee59"],
           :gen (jepsen.generator.EachThread
                 {:fresh-gen {:f :read, :final? true},
                  :context-filters #object[clojure.core$promise$reify__8591
                                           "0x3794621d"
                                           {:status :pending, :val nil}],
                  :gens {}})})}))
 :log-net-recv false
 :os
 #object[maelstrom.net$jepsen_os$reify__15254
         "0x737e4a7b"
         "maelstrom.net$jepsen_os$reify__15254@737e4a7b"]
 :time-limit 20
 :workload :broadcast
 :consistency-models [:strict-serializable]
 :topology :grid}

2026-03-20 16:24:01,146{GMT}	INFO	[jepsen node n0] maelstrom.net: Starting Maelstrom network
2026-03-20 16:24:01,147{GMT}	INFO	[jepsen test runner] jepsen.db: Tearing down DB
2026-03-20 16:24:01,149{GMT}	INFO	[jepsen test runner] jepsen.db: Setting up DB
2026-03-20 16:24:01,150{GMT}	INFO	[jepsen node n1] maelstrom.db: Setting up n1
2026-03-20 16:24:01,150{GMT}	INFO	[jepsen node n2] maelstrom.db: Setting up n2
2026-03-20 16:24:01,151{GMT}	INFO	[jepsen node n1] maelstrom.process: launching run.sh ["broadcast"]
2026-03-20 16:24:01,151{GMT}	INFO	[jepsen node n2] maelstrom.process: launching run.sh ["broadcast"]
2026-03-20 16:24:01,152{GMT}	INFO	[jepsen node n0] maelstrom.service: Starting services: (lin-kv lin-tso lww-kv seq-kv)
2026-03-20 16:24:01,153{GMT}	INFO	[jepsen node n3] maelstrom.db: Setting up n3
2026-03-20 16:24:01,153{GMT}	INFO	[jepsen node n4] maelstrom.db: Setting up n4
2026-03-20 16:24:01,154{GMT}	INFO	[jepsen node n4] maelstrom.process: launching run.sh ["broadcast"]
2026-03-20 16:24:01,154{GMT}	INFO	[jepsen node n3] maelstrom.process: launching run.sh ["broadcast"]
2026-03-20 16:24:01,156{GMT}	INFO	[jepsen node n0] maelstrom.db: Setting up n0
2026-03-20 16:24:01,157{GMT}	INFO	[jepsen node n0] maelstrom.process: launching run.sh ["broadcast"]
2026-03-20 16:24:01,413{GMT}	INFO	[jepsen test runner] jepsen.core: Relative time begins now
2026-03-20 16:24:01,455{GMT}	INFO	[jepsen worker nemesis] jepsen.util: :nemesis	:info	:start-partition	:majorities-ring
2026-03-20 16:24:01,455{GMT}	INFO	[jepsen worker 1] jepsen.util: 1	:invoke	:broadcast	0
2026-03-20 16:24:01,468{GMT}	INFO	[jepsen worker 1] jepsen.util: 1	:ok	:broadcast	0
2026-03-20 16:24:01,476{GMT}	INFO	[jepsen worker nemesis] jepsen.util: :nemesis	:info	:start-partition	[:isolated {"n1" #{"n2" "n4"}, "n3" #{"n4" "n0"}, "n2" #{"n1" "n0"}, "n4" #{"n1" "n3"}, "n0" #{"n2" "n3"}}]
2026-03-20 16:24:01,537{GMT}	INFO	[jepsen worker 2] jepsen.util: 2	:invoke	:read	nil
2026-03-20 16:24:01,550{GMT}	INFO	[jepsen worker 2] jepsen.util: 2	:ok	:read	[]
2026-03-20 16:24:01,702{GMT}	INFO	[jepsen worker 3] jepsen.util: 3	:invoke	:read	nil
2026-03-20 16:24:01,710{GMT}	INFO	[jepsen worker 3] jepsen.util: 3	:ok	:read	[]
2026-03-20 16:24:01,773{GMT}	INFO	[jepsen worker 4] jepsen.util: 4	:invoke	:broadcast	1
2026-03-20 16:24:01,776{GMT}	INFO	[jepsen worker 4] jepsen.util: 4	:ok	:broadcast	1
2026-03-20 16:24:01,946{GMT}	INFO	[jepsen worker 0] jepsen.util: 0	:invoke	:broadcast	2
2026-03-20 16:24:01,953{GMT}	INFO	[jepsen worker 0] jepsen.util: 0	:ok	:broadcast	2
2026-03-20 16:24:02,036{GMT}	INFO	[jepsen worker 0] jepsen.util: 0	:invoke	:broadcast	3
2026-03-20 16:24:02,048{GMT}	INFO	[jepsen worker 0] jepsen.util: 0	:ok	:broadcast	3
2026-03-20 16:24:02,147{GMT}	INFO	[jepsen worker 1] jepsen.util: 1	:invoke	:broadcast	4
2026-03-20 16:24:02,152{GMT}	INFO	[jepsen worker 1] jepsen.util: 1	:ok	:broadcast	4
2026-03-20 16:24:02,182{GMT}	INFO	[jepsen worker 2] jepsen.util: 2	:invoke	:read	nil
2026-03-20 16:24:02,191{GMT}	INFO	[jepsen worker 2] jepsen.util: 2	:ok	:read	[]
2026-03-20 16:24:02,202{GMT}	INFO	[jepsen worker 3] jepsen.util: 3	:invoke	:read	nil
2026-03-20 16:24:02,210{GMT}	INFO	[jepsen worker 3] jepsen.util: 3	:ok	:read	[]
2026-03-20 16:24:02,277{GMT}	INFO	[jepsen worker 4] jepsen.util: 4	:invoke	:broadcast	5
2026-03-20 16:24:02,285{GMT}	INFO	[jepsen worker 4] jepsen.util: 4	:ok	:broadcast	5
2026-03-20 16:24:02,480{GMT}	INFO	[jepsen worker 0] jepsen.util: 0	:invoke	:read	nil
2026-03-20 16:24:02,507{GMT}	INFO	[jepsen worker 0] jepsen.util: 0	:ok	:read	[0 0 0 0 0 0 0 0 0 0 0 0 0 0 0 0 0 0 0 0 0 0 0 0 0 0 0 0 0 0 0 0 0 0 0 0 0 0 0 0 0 0 0 0 0 0 0 0 0 0 0 0 0 0 0 0 0 0 0 0 0 0 0 0 0 0 0 0 0 0 0 0 0 0 0 0 0 0 0 0 0 0 0 0 0 0 0 0 0 0 0 0 0 0 0 0 0 0 0 0 0 0 0 2 0 2 2 0 0 2 2 0 2 0 2 2 0 0 2 2 0 2 0 2 0 2 0 3 2 3 2 0 2 3 0 2 3 0 2 0 3 2 0 3 2 0 3 2 0 3 0 2 3 0 2 3 2 0 3 2 0 3 2 3 0 2 4 3 0 2 4 3 3 2 0 4 2 3 4 0 2 0 4 3 0 2 4 3 2 0 4 3 2 3 4 0 3 2 4 0 3 0 2 4 3 0 2 4 0 3 0 4 3 2 4 2 3 0 3 2 4 0 3 2 4 0 3 2 4 3 0 2 3 0 4 2 0 3 2 4 0 3 2 4 3 0 2 3 4 2 0 4 3 2 0 3 4 2 0 2 4 3 0 2 4 3 0 4 2 0 3 4 2 0 3 4 3 2 0 4 2 3 2 0 4 3 0 2 4 3 0 2 4 3 0 2 4 3 0 2 3 4 0 2 4 3 2 4 3 0 2 4 0 3 3 4 0 2 3 4 0 2 4 3 0 4 0 2 4 3 4 2 0 3 4 2 0 3 2 4 0 3 2]
2026-03-20 16:24:02,586{GMT}	INFO	[jepsen worker 0] jepsen.util: 0	:invoke	:broadcast	6
2026-03-20 16:24:02,594{GMT}	INFO	[jepsen worker 1] jepsen.util: 1	:invoke	:read	nil
2026-03-20 16:24:02,600{GMT}	INFO	[jepsen worker 0] jepsen.util: 0	:ok	:broadcast	6
2026-03-20 16:24:02,617{GMT}	INFO	[jepsen worker 1] jepsen.util: 1	:ok	:read	[0 0 0 0 0 0 0 0 0 0 0 0 0 0 0 0 0 0 0 0 0 0 0 0 0 0 0 0 0 0 0 0 0 0 0 0 0 0 0 0 0 0 0 0 0 0 0 0 0 0 0 0 0 0 0 0 0 0 0 0 0 0 0 0 0 0 0 0 0 0 0 0 0 0 0 0 0 0 0 0 0 0 0 0 0 0 0 0 0 0 0 0 0 0 0 0 0 0 0 0 0 0 0 0 2 2 0 2 0 0 2 2 0 2 2 0 2 0 0 2 2 0 2 0 2 0 2 0 3 2 3 2 0 2 3 0 2 0 3 2 3 2 0 0 3 2 0 3 0 2 3 0 2 3 2 3 0 2 0 3 2 3 0 2 4 3 0 2 4 3 0 2 3 4 2 3 4 0 2 3 4 0 2 0 4 3 0 2 4 3 2 0 3 4 2 3 4 0 3 0 2 4 3 0 2 4 0 3 2 4 0 3 0 4 3 2 3 2 4 0 3 2 4 0 3 2 4 3 0 2 3 0 4 2 3 0 4 2 0 3 2 0 4 3 2 4 3 0 2 4 3 2 0 4 3 2 0 2 3 4 0 2 4 3 0 4 2 3 0 4 2 0 3 4 2 0 3 2 4 3 0 4 2 3 0 2 4 3 0 2 4 3 0 2 4 3 0 3 4 2 0 2 4 3 0 2 4 3 2 4 3 0 4 2 3 0 3 4 0 2 4 3 0 3 2 4 0 4 0 4 3 2 4 2 0 3 4 2 0 3 2 4 0 2 3 4 2 3 0 2 4 3 2 4 0 3 0 4 2 3 0 4 3 2 0 4 3 2 0 3 2 4 0 4 0 2 3 2 0 4 3 2 0 3 4 2]
2026-03-20 16:24:02,695{GMT}	INFO	[jepsen worker 2] jepsen.util: 2	:invoke	:broadcast	7
2026-03-20 16:24:02,712{GMT}	INFO	[jepsen worker 2] jepsen.util: 2	:ok	:broadcast	7
2026-03-20 16:24:02,789{GMT}	INFO	[jepsen worker 3] jepsen.util: 3	:invoke	:read	nil
2026-03-20 16:24:02,795{GMT}	INFO	[jepsen worker 3] jepsen.util: 3	:ok	:read	[]
2026-03-20 16:24:02,889{GMT}	INFO	[jepsen worker 4] jepsen.util: 4	:invoke	:broadcast	8
2026-03-20 16:24:02,895{GMT}	INFO	[jepsen worker 4] jepsen.util: 4	:ok	:broadcast	8
2026-03-20 16:24:02,914{GMT}	INFO	[jepsen worker 0] jepsen.util: 0	:invoke	:read	nil
2026-03-20 16:24:02,921{GMT}	INFO	[jepsen worker 0] jepsen.util: 0	:ok	:read	[0 0 0 0 0 0 0 0 0 0 0 0 0 0 0 0 0 0 0 0 0 0 0 0 0 0 0 0 0 0 0 0 0 0 0 0 0 0 0 0 0 0 0 0 0 0 0 0 0 0 0 0 0 0 0 0 0 0 0 0 0 0 0 0 0 0 0 0 0 0 0 0 0 0 0 0 0 0 0 0 0 0 0 0 0 0 0 0 0 0 0 0 0 0 0 0 0 0 0 0 0 0 0 2 0 2 2 0 0 2 2 0 2 0 2 2 0 0 2 2 0 2 0 2 0 2 0 3 2 3 2 0 2 3 0 2 3 0 2 0 3 2 0 3 2 0 3 2 0 3 0 2 3 0 2 3 2 0 3 2 0 3 2 3 0 2 4 3 0 2 4 3 3 2 0 4 2 3 4 0 2 0 4 3 0 2 4 3 2 0 4 3 2 3 4 0 3 2 4 0 3 0 2 4 3 0 2 4 0 3 0 4 3 2 4 2 3 0 3 2 4 0 3 2 4 0 3 2 4 3 0 2 3 0 4 2 0 3 2 4 0 3 2 4 3 0 2 3 4 2 0 4 3 2 0 3 4 2 0 2 4 3 0 2 4 3 0 4 2 0 3 4 2 0 3 4 3 2 0 4 2 3 2 0 4 3 0 2 4 3 0 2 4 3 0 2 4 3 0 2 3 4 0 2 4 3 2 4 3 0 2 4 0 3 3 4 0 2 3 4 0 2 4 3 0 4 0 2 4 3 4 2 0 3 4 2 0 3 2 4 0 3 2 0 4 2 3 2 4 3 2 0 4 3 0 4 2 3 0 4 3 2 0 4 3 2 0 4 3 2 0 2 3 0 4 2 0 4 3 2 0 4 3 2 3 6 4 0 2 3 6 4 2 0 3 4 6 0 2 4 3 6 0 2 4 3 6 2 0 4 3 3 2 6 4 0 6 4 0 3 2 6 2 3 0 6 4 3 2 0 6 4 3 2 0 6 4 3 2 0 6 4 2 3 2 6 0 3 4 6 2 0 3 4 2 4 6 0 3 2 0 4 6 2 3 4 0 6 2 3 6 4 0 2 3 6 4 2 0 4 3 6 2 0 4 3 2 6 0 3 2 6 4 0 3 2 6 4 0 2 4 3 6 0 4 3 0 6 2 3 4 0 3 2 4 6 0 2 3 6 0 4 2 3 6 4 0 3 2 6 0 4 3 6 0 4 2 3 6 4 3 0 2 6 4 3 0 4 3 2 6 0 4 3 6 2 0]
2026-03-20 16:24:02,962{GMT}	INFO	[jepsen worker 0] jepsen.util: 0	:invoke	:read	nil
2026-03-20 16:24:02,968{GMT}	INFO	[jepsen worker 0] jepsen.util: 0	:ok	:read	[0 0 0 0 0 0 0 0 0 0 0 0 0 0 0 0 0 0 0 0 0 0 0 0 0 0 0 0 0 0 0 0 0 0 0 0 0 0 0 0 0 0 0 0 0 0 0 0 0 0 0 0 0 0 0 0 0 0 0 0 0 0 0 0 0 0 0 0 0 0 0 0 0 0 0 0 0 0 0 0 0 0 0 0 0 0 0 0 0 0 0 0 0 0 0 0 0 0 0 0 0 0 0 2 0 2 2 0 0 2 2 0 2 0 2 2 0 0 2 2 0 2 0 2 0 2 0 3 2 3 2 0 2 3 0 2 3 0 2 0 3 2 0 3 2 0 3 2 0 3 0 2 3 0 2 3 2 0 3 2 0 3 2 3 0 2 4 3 0 2 4 3 3 2 0 4 2 3 4 0 2 0 4 3 0 2 4 3 2 0 4 3 2 3 4 0 3 2 4 0 3 0 2 4 3 0 2 4 0 3 0 4 3 2 4 2 3 0 3 2 4 0 3 2 4 0 3 2 4 3 0 2 3 0 4 2 0 3 2 4 0 3 2 4 3 0 2 3 4 2 0 4 3 2 0 3 4 2 0 2 4 3 0 2 4 3 0 4 2 0 3 4 2 0 3 4 3 2 0 4 2 3 2 0 4 3 0 2 4 3 0 2 4 3 0 2 4 3 0 2 3 4 0 2 4 3 2 4 3 0 2 4 0 3 3 4 0 2 3 4 0 2 4 3 0 4 0 2 4 3 4 2 0 3 4 2 0 3 2 4 0 3 2 0 4 2 3 2 4 3 2 0 4 3 0 4 2 3 0 4 3 2 0 4 3 2 0 4 3 2 0 2 3 0 4 2 0 4 3 2 0 4 3 2 3 6 4 0 2 3 6 4 2 0 3 4 6 0 2 4 3 6 0 2 4 3 6 2 0 4 3 3 2 6 4 0 6 4 0 3 2 6 2 3 0 6 4 3 2 0 6 4 3 2 0 6 4 3 2 0 6 4 2 3 2 6 0 3 4 6 2 0 3 4 2 4 6 0 3 2 0 4 6 2 3 4 0 6 2 3 6 4 0 2 3 6 4 2 0 4 3 6 2 0 4 3 2 6 0 3 2 6 4 0 3 2 6 4 0 2 4 3 6 0 4 3 0 6 2 3 4 0 3 2 4 6 0 2 3 6 0 4 2 3 6 4 0 3 2 6 0 4 3 6 0 4 2 3 6 4 3 0 2 6 4 3 0 4 3 2 6 0 4 3 6 2 0 4 3 2 0 6 4 3 2 0 6 4 3 0 6 2 4 3 0 2 6 4 3 0 2 6 4 0 3 2 6 4 3 0 4 3 6 2 0 6 3 4 3 6 4 2 0 4 6 2 3 4 0 6 2 3 0 4 6 2 4 3 6]
2026-03-20 16:24:03,022{GMT}	INFO	[jepsen worker 1] jepsen.util: 1	:invoke	:read	nil
2026-03-20 16:24:03,029{GMT}	INFO	[jepsen worker 1] jepsen.util: 1	:ok	:read	[0 0 0 0 0 0 0 0 0 0 0 0 0 0 0 0 0 0 0 0 0 0 0 0 0 0 0 0 0 0 0 0 0 0 0 0 0 0 0 0 0 0 0 0 0 0 0 0 0 0 0 0 0 0 0 0 0 0 0 0 0 0 0 0 0 0 0 0 0 0 0 0 0 0 0 0 0 0 0 0 0 0 0 0 0 0 0 0 0 0 0 0 0 0 0 0 0 0 0 0 0 0 0 0 2 2 0 2 0 0 2 2 0 2 2 0 2 0 0 2 2 0 2 0 2 0 2 0 3 2 3 2 0 2 3 0 2 0 3 2 3 2 0 0 3 2 0 3 0 2 3 0 2 3 2 3 0 2 0 3 2 3 0 2 4 3 0 2 4 3 0 2 3 4 2 3 4 0 2 3 4 0 2 0 4 3 0 2 4 3 2 0 3 4 2 3 4 0 3 0 2 4 3 0 2 4 0 3 2 4 0 3 0 4 3 2 3 2 4 0 3 2 4 0 3 2 4 3 0 2 3 0 4 2 3 0 4 2 0 3 2 0 4 3 2 4 3 0 2 4 3 2 0 4 3 2 0 2 3 4 0 2 4 3 0 4 2 3 0 4 2 0 3 4 2 0 3 2 4 3 0 4 2 3 0 2 4 3 0 2 4 3 0 2 4 3 0 3 4 2 0 2 4 3 0 2 4 3 2 4 3 0 4 2 3 0 3 4 0 2 4 3 0 3 2 4 0 4 0 4 3 2 4 2 0 3 4 2 0 3 2 4 0 2 3 4 2 3 0 2 4 3 2 4 0 3 0 4 2 3 0 4 3 2 0 4 3 2 0 3 2 4 0 4 0 2 3 2 0 4 3 2 0 3 4 2 2 3 6 4 0 6 3 4 0 2 3 4 6 0 2 4 3 6 0 2 4 3 6 2 3 4 0 6 2 3 0 4 6 0 2 3 4 6 2 3 0 6 4 2 3 6 4 0 3 2 0 6 4 3 2 2 6 0 4 3 2 6 0 3 4 2 6 3 0 4 2 0 6 4 3 2 0 4 6 2 3 4 0 6 2 3 6 4 0 2 3 6 4 2 0 4 3 2 6 0 3 2 4 0 6 3 2 6 4 0 3 2 4 0 6 2 4 3 0 6 3 4 0 3 2 6 4 0 2 3 4 0 6 2 3 6 4 0 3 2 6 0 4 3 6 2 0 4 3 6 4 0 2 3 6 4 3 0 4 2 3 6 0 4 2 3 6 4 0 0 3 2 6 4 3 2 4 0 6 3 0 6 2 4 3 0 6 2 4 3 0 2 6 4 0 3 2 6 4 3 0 4 3 2 6 0 6 3 4 2 0 3 6 4 4 2 6 3 4 0 6 2 3 0 4 6 2 3 4 6 0 4 2 3 6 4 2 6 0 3 4 6 2 3 0 4 6 3 2 0 2 4 3 6 0 4 3 2 6 0 2 6 3 4 0 2 6 4 2 0 3 6 4 2 0 3 6 2 0 4 3 2 6 4 0 2 3 6 4 3 6 2 4 0 3 4 6 2 0 4 3 6 4 0 2 3 6 3 4 0 2 6 2 3 0 6 4]
2026-03-20 16:24:03,192{GMT}	INFO	[jepsen worker 2] jepsen.util: 2	:invoke	:read	nil
2026-03-20 16:24:03,195{GMT}	INFO	[jepsen worker 2] jepsen.util: 2	:ok	:read	[7]
2026-03-20 16:24:03,371{GMT}	INFO	[jepsen worker 3] jepsen.util: 3	:invoke	:broadcast	9
2026-03-20 16:24:03,378{GMT}	INFO	[jepsen worker 3] jepsen.util: 3	:ok	:broadcast	9
2026-03-20 16:24:03,503{GMT}	INFO	[jepsen worker 4] jepsen.util: 4	:invoke	:broadcast	10
2026-03-20 16:24:03,511{GMT}	INFO	[jepsen worker 4] jepsen.util: 4	:ok	:broadcast	10
2026-03-20 16:24:03,701{GMT}	INFO	[jepsen worker 0] jepsen.util: 0	:invoke	:read	nil
2026-03-20 16:24:03,712{GMT}	INFO	[jepsen worker 0] jepsen.util: 0	:ok	:read	[0 0 0 0 0 0 0 0 0 0 0 0 0 0 0 0 0 0 0 0 0 0 0 0 0 0 0 0 0 0 0 0 0 0 0 0 0 0 0 0 0 0 0 0 0 0 0 0 0 0 0 0 0 0 0 0 0 0 0 0 0 0 0 0 0 0 0 0 0 0 0 0 0 0 0 0 0 0 0 0 0 0 0 0 0 0 0 0 0 0 0 0 0 0 0 0 0 0 0 0 0 0 0 2 0 2 2 0 0 2 2 0 2 0 2 2 0 0 2 2 0 2 0 2 0 2 0 3 2 3 2 0 2 3 0 2 3 0 2 0 3 2 0 3 2 0 3 2 0 3 0 2 3 0 2 3 2 0 3 2 0 3 2 3 0 2 4 3 0 2 4 3 3 2 0 4 2 3 4 0 2 0 4 3 0 2 4 3 2 0 4 3 2 3 4 0 3 2 4 0 3 0 2 4 3 0 2 4 0 3 0 4 3 2 4 2 3 0 3 2 4 0 3 2 4 0 3 2 4 3 0 2 3 0 4 2 0 3 2 4 0 3 2 4 3 0 2 3 4 2 0 4 3 2 0 3 4 2 0 2 4 3 0 2 4 3 0 4 2 0 3 4 2 0 3 4 3 2 0 4 2 3 2 0 4 3 0 2 4 3 0 2 4 3 0 2 4 3 0 2 3 4 0 2 4 3 2 4 3 0 2 4 0 3 3 4 0 2 3 4 0 2 4 3 0 4 0 2 4 3 4 2 0 3 4 2 0 3 2 4 0 3 2 0 4 2 3 2 4 3 2 0 4 3 0 4 2 3 0 4 3 2 0 4 3 2 0 4 3 2 0 2 3 0 4 2 0 4 3 2 0 4 3 2 3 6 4 0 2 3 6 4 2 0 3 4 6 0 2 4 3 6 0 2 4 3 6 2 0 4 3 3 2 6 4 0 6 4 0 3 2 6 2 3 0 6 4 3 2 0 6 4 3 2 0 6 4 3 2 0 6 4 2 3 2 6 0 3 4 6 2 0 3 4 2 4 6 0 3 2 0 4 6 2 3 4 0 6 2 3 6 4 0 2 3 6 4 2 0 4 3 6 2 0 4 3 2 6 0 3 2 6 4 0 3 2 6 4 0 2 4 3 6 0 4 3 0 6 2 3 4 0 3 2 4 6 0 2 3 6 0 4 2 3 6 4 0 3 2 6 0 4 3 6 0 4 2 3 6 4 3 0 2 6 4 3 0 4 3 2 6 0 4 3 6 2 0 4 3 2 0 6 4 3 2 0 6 4 3 0 6 2 4 3 0 2 6 4 3 0 2 6 4 0 3 2 6 4 3 0 4 3 6 2 0 6 3 4 3 6 4 2 0 4 6 2 3 4 0 6 2 3 0 4 6 2 4 3 6 4 2 3 0 6 4 6 2 0 3 4 6 3 2 0 2 6 4 3 0 2 4 6 0 3 6 4 2 0 3 2 6 4 3 0 2 6 4 2 0 3 6 4 2 0 3 6 2 4 0 3 2 6 4 3 2 0 4 6 3 4 2 0 6 4 3 6 4 2 0 3 6 4 3 2 0 6 3 2 0 4 6 3 0 2 4 6 2 3 0 4 6 2 3 0 4 6 0 3 4 2 0 6 3 4 2 6 3 0 3 2 4 0 6 3 4 2 0 6 3 4 0 2 0 4 3 2 6 3 2 6 0 4 3 0 2 6 0 6 2 4 3 0 6 4 2 6 3 0 2 6 4 0 3 2 0 3 4 6 2 4 3 0 6 2 0 3 6 4 2 6 4 3 2 0 6 2 4 0 6 2 3 4 6 0 2 3 0 4 2 3 0 6 4 2 3 0 6 4 2 3 4 6 0 2 3 4 6 2 0 3 4 6 0 2 3 4 0 6 2 3 4 3 2 3 6 4 0 2 6 3 4 0 2 6 3 4 0 6 3 2 4 6 0 4 3 2 0 4 2 6 3 0 2 4 3 0 6 4 0 6 3 4 0 4 2 3 6 0 4 2 3 6 3 4 2 6 0 2 0 4 2 3 6 0 4 2 3 6 2 0 3 3 0 4 6 2 4 6 3 0 2 3 4 6 4 3 2 0 6 4 3 0 2 4 3 6 0 2 4 3 6 0 2 3 4 0 4 0 2 6 4 0 3 2 6 3 4 0 6 2 3 4 6 2 0 3 2 4 0 6 3 4 2 2 6 4 3 0 2 4 3 6 0 4 0 2 6 3 4 0 6 2 4 3 0 2 6 3 0 6 2 4 3 3 2 4 0 6 0 4 3 2 6 0 2 0 6 3 2 4 6 3 2 0 6 2 0 3 4 6 3 6 0 2 4 3 6 4 0 2 3 2 0 4 6 3 0 6 2 6 3 0 2 4 6 3 2 4 6 0 4 2 0 3 6 4 2 0 3 6 4 2 0 3 6 4 2 0 3 6 4 2 0 3 2 0 4 6 3 2 4 0 6 3 2 4 6 3 0 2 4 6 3 4 0 6 2 4 3 0 6 2 3 4 0 2 6 3 4 0 2 2 3 2 3 2 6 2 4 3 0 4 2 6 3 4 0 2 6 4 3 0 2 6 3 0 2 4 6 0 6 4 3 2 0 6 4 3 2 6 0 4 3 2 6 4 0 3 2 3 2 4 0 6 3 4 0 6 2 3 0 6 4 2 3 0 6 2 4 3 0 2 4 6 3 0 4 6 2 3 0 2 4 6 3 4 2 6 0 3 6 3 4 2 0 6 4 3 0 6 2 4 3 0 6 2 3 4 0 6 2 3 6 0 4 2 6 3 4 3 2 6 4 3 2 6 4 3 0 2 4 6 0 4 3 2 6 0 4 2 6 4 2 4 6 2 3 0 3 2 6 4 0 3 2 6 0 4 2 6 3 0 4 6 0 3 2 4 6 2 3 4 0 6 2 4 6 0 3 6 2 4 2 0 4 6 3 2 6 3 4 0 2 6 3 4 2 0 6 3 4 2 6 0 3 0 6 2 4 3 0 4 6 3 2 0 4 3 2 0 6 4 3 2 0 4 3 6 0 2 4 3 0 2 4 6 3 4 2 3 6 0 4 2 6 3 4 0 6 2 2 3 6 4 0 2 6 4 0 3 3 0 4 2 6 0 3 4 6 2 0 4 3 0 6 2 6 2 3 0 4 3 4 0 6 4 2 3 4 6 2 3 0 2 6 4 3 6 2 0 4 6 2 3 4 6 0 2 3 6 4 2 3 0 4 2 0 6 3 2 6 3 4 0 2 6 0 3 4 2 3 6 0 4 2 3 0 6 3 2 4 0 6 3 2 4 6 3 2 0 6 4 3 2 4 0 6 3 2 4 0 6 3 2 4 6 2 3 0 6 2 3 4 0 6 2 2 0 6 4 3 3 2 4 0 0 4 2 0 2 6 3 4 2 0 6 3 4 2 0 6 3 2 4 6 3 0 2 4 6 2 0 3 4 6 2 0 3 4 0 6 4 3 2 6 3 0 4 6 0 3 4 2 6 3 0 6 2 4 0 3 6 4 3 0 2 6 4 3 0 2 6 4 3 6 0 2 4 3 6 2 4 0 3 6 2 0 4 2 0 4 6 3 2 6 4 0 3 2 6 4 0 3 2 6 4 0 2 4 3 6 4 2 0 6 3 4 0 2 6 3 4 2 0 6 3 4 2 6 4 0 3 2 4 3 2 0 4 6 3 2 0 6 3 4 0 6 3 4 2 0 2 3 6 0 3 6 2 4 0 3 0 2 4 6 3 2 6 4 0 4 2 0 3 6 4 0 2 3 4 2 3 6 4 0 2 6 0 4 3 2 6 4 0 3 2 6 4 3 0 6 4 2 6 2 4 0 3 6 0 4 2 3 6 0 4 3 2 0 6 4 3 0 6 4 2 3 6 0 4 2 3 6 0 4 3 6 2 0 4 3 6 2 4 0 3 2 6 4 0 3 2 6 0 4 3 2 0 4 6 3 2 4 0 6 4 2 3 0 3 2 4 0 6 2 3 4 0 4 3 2 0 6 4 2 0 3 6 2 4 0 3 6 4 2 0 3 2 4 0 6 3 2 6 4 0 3 0 6 2 4 3 0 4 0 2 3 2 4 6 0 3 2 4 6 0 2 3 4 6 0 2 3 4 0 6 3 4 0 6 3 2 4 0 6 4 0 6 2 3 4 0 6 3 2 4 6 0 3 2 0 4 6 3 2 4 6 0 3 0 6 2 3 6 4 0 2 3 6 4 0 2 3 6 4 0 6 2 3 4 6 2 4 3 0 6 4 2 3 0 2 4 6 0 3 2 4 0 6 3 4 2 0 6 4 0 3 2 6 4 0 2 3 6 4]
2026-03-20 16:24:03,851{GMT}	INFO	[jepsen worker 0] jepsen.util: 0	:invoke	:read	nil
2026-03-20 16:24:03,869{GMT}	INFO	[jepsen worker 0] jepsen.util: 0	:ok	:read	[0 0 0 0 0 0 0 0 0 0 0 0 0 0 0 0 0 0 0 0 0 0 0 0 0 0 0 0 0 0 0 0 0 0 0 0 0 0 0 0 0 0 0 0 0 0 0 0 0 0 0 0 0 0 0 0 0 0 0 0 0 0 0 0 0 0 0 0 0 0 0 0 0 0 0 0 0 0 0 0 0 0 0 0 0 0 0 0 0 0 0 0 0 0 0 0 0 0 0 0 0 0 0 2 0 2 2 0 0 2 2 0 2 0 2 2 0 0 2 2 0 2 0 2 0 2 0 3 2 3 2 0 2 3 0 2 3 0 2 0 3 2 0 3 2 0 3 2 0 3 0 2 3 0 2 3 2 0 3 2 0 3 2 3 0 2 4 3 0 2 4 3 3 2 0 4 2 3 4 0 2 0 4 3 0 2 4 3 2 0 4 3 2 3 4 0 3 2 4 0 3 0 2 4 3 0 2 4 0 3 0 4 3 2 4 2 3 0 3 2 4 0 3 2 4 0 3 2 4 3 0 2 3 0 4 2 0 3 2 4 0 3 2 4 3 0 2 3 4 2 0 4 3 2 0 3 4 2 0 2 4 3 0 2 4 3 0 4 2 0 3 4 2 0 3 4 3 2 0 4 2 3 2 0 4 3 0 2 4 3 0 2 4 3 0 2 4 3 0 2 3 4 0 2 4 3 2 4 3 0 2 4 0 3 3 4 0 2 3 4 0 2 4 3 0 4 0 2 4 3 4 2 0 3 4 2 0 3 2 4 0 3 2 0 4 2 3 2 4 3 2 0 4 3 0 4 2 3 0 4 3 2 0 4 3 2 0 4 3 2 0 2 3 0 4 2 0 4 3 2 0 4 3 2 3 6 4 0 2 3 6 4 2 0 3 4 6 0 2 4 3 6 0 2 4 3 6 2 0 4 3 3 2 6 4 0 6 4 0 3 2 6 2 3 0 6 4 3 2 0 6 4 3 2 0 6 4 3 2 0 6 4 2 3 2 6 0 3 4 6 2 0 3 4 2 4 6 0 3 2 0 4 6 2 3 4 0 6 2 3 6 4 0 2 3 6 4 2 0 4 3 6 2 0 4 3 2 6 0 3 2 6 4 0 3 2 6 4 0 2 4 3 6 0 4 3 0 6 2 3 4 0 3 2 4 6 0 2 3 6 0 4 2 3 6 4 0 3 2 6 0 4 3 6 0 4 2 3 6 4 3 0 2 6 4 3 0 4 3 2 6 0 4 3 6 2 0 4 3 2 0 6 4 3 2 0 6 4 3 0 6 2 4 3 0 2 6 4 3 0 2 6 4 0 3 2 6 4 3 0 4 3 6 2 0 6 3 4 3 6 4 2 0 4 6 2 3 4 0 6 2 3 0 4 6 2 4 3 6 4 2 3 0 6 4 6 2 0 3 4 6 3 2 0 2 6 4 3 0 2 4 6 0 3 6 4 2 0 3 2 6 4 3 0 2 6 4 2 0 3 6 4 2 0 3 6 2 4 0 3 2 6 4 3 2 0 4 6 3 4 2 0 6 4 3 6 4 2 0 3 6 4 3 2 0 6 3 2 0 4 6 3 0 2 4 6 2 3 0 4 6 2 3 0 4 6 0 3 4 2 0 6 3 4 2 6 3 0 3 2 4 0 6 3 4 2 0 6 3 4 0 2 0 4 3 2 6 3 2 6 0 4 3 0 2 6 0 6 2 4 3 0 6 4 2 6 3 0 2 6 4 0 3 2 0 3 4 6 2 4 3 0 6 2 0 3 6 4 2 6 4 3 2 0 6 2 4 0 6 2 3 4 6 0 2 3 0 4 2 3 0 6 4 2 3 0 6 4 2 3 4 6 0 2 3 4 6 2 0 3 4 6 0 2 3 4 0 6 2 3 4 3 2 3 6 4 0 2 6 3 4 0 2 6 3 4 0 6 3 2 4 6 0 4 3 2 0 4 2 6 3 0 2 4 3 0 6 4 0 6 3 4 0 4 2 3 6 0 4 2 3 6 3 4 2 6 0 2 0 4 2 3 6 0 4 2 3 6 2 0 3 3 0 4 6 2 4 6 3 0 2 3 4 6 4 3 2 0 6 4 3 0 2 4 3 6 0 2 4 3 6 0 2 3 4 0 4 0 2 6 4 0 3 2 6 3 4 0 6 2 3 4 6 2 0 3 2 4 0 6 3 4 2 2 6 4 3 0 2 4 3 6 0 4 0 2 6 3 4 0 6 2 4 3 0 2 6 3 0 6 2 4 3 3 2 4 0 6 0 4 3 2 6 0 2 0 6 3 2 4 6 3 2 0 6 2 0 3 4 6 3 6 0 2 4 3 6 4 0 2 3 2 0 4 6 3 0 6 2 6 3 0 2 4 6 3 2 4 6 0 4 2 0 3 6 4 2 0 3 6 4 2 0 3 6 4 2 0 3 6 4 2 0 3 2 0 4 6 3 2 4 0 6 3 2 4 6 3 0 2 4 6 3 4 0 6 2 4 3 0 6 2 3 4 0 2 6 3 4 0 2 2 3 2 3 2 6 2 4 3 0 4 2 6 3 4 0 2 6 4 3 0 2 6 3 0 2 4 6 0 6 4 3 2 0 6 4 3 2 6 0 4 3 2 6 4 0 3 2 3 2 4 0 6 3 4 0 6 2 3 0 6 4 2 3 0 6 2 4 3 0 2 4 6 3 0 4 6 2 3 0 2 4 6 3 4 2 6 0 3 6 3 4 2 0 6 4 3 0 6 2 4 3 0 6 2 3 4 0 6 2 3 6 0 4 2 6 3 4 3 2 6 4 3 2 6 4 3 0 2 4 6 0 4 3 2 6 0 4 2 6 4 2 4 6 2 3 0 3 2 6 4 0 3 2 6 0 4 2 6 3 0 4 6 0 3 2 4 6 2 3 4 0 6 2 4 6 0 3 6 2 4 2 0 4 6 3 2 6 3 4 0 2 6 3 4 2 0 6 3 4 2 6 0 3 0 6 2 4 3 0 4 6 3 2 0 4 3 2 0 6 4 3 2 0 4 3 6 0 2 4 3 0 2 4 6 3 4 2 3 6 0 4 2 6 3 4 0 6 2 2 3 6 4 0 2 6 4 0 3 3 0 4 2 6 0 3 4 6 2 0 4 3 0 6 2 6 2 3 0 4 3 4 0 6 4 2 3 4 6 2 3 0 2 6 4 3 6 2 0 4 6 2 3 4 6 0 2 3 6 4 2 3 0 4 2 0 6 3 2 6 3 4 0 2 6 0 3 4 2 3 6 0 4 2 3 0 6 3 2 4 0 6 3 2 4 6 3 2 0 6 4 3 2 4 0 6 3 2 4 0 6 3 2 4 6 2 3 0 6 2 3 4 0 6 2 2 0 6 4 3 3 2 4 0 0 4 2 0 2 6 3 4 2 0 6 3 4 2 0 6 3 2 4 6 3 0 2 4 6 2 0 3 4 6 2 0 3 4 0 6 4 3 2 6 3 0 4 6 0 3 4 2 6 3 0 6 2 4 0 3 6 4 3 0 2 6 4 3 0 2 6 4 3 6 0 2 4 3 6 2 4 0 3 6 2 0 4 2 0 4 6 3 2 6 4 0 3 2 6 4 0 3 2 6 4 0 2 4 3 6 4 2 0 6 3 4 0 2 6 3 4 2 0 6 3 4 2 6 4 0 3 2 4 3 2 0 4 6 3 2 0 6 3 4 0 6 3 4 2 0 2 3 6 0 3 6 2 4 0 3 0 2 4 6 3 2 6 4 0 4 2 0 3 6 4 0 2 3 4 2 3 6 4 0 2 6 0 4 3 2 6 4 0 3 2 6 4 3 0 6 4 2 6 2 4 0 3 6 0 4 2 3 6 0 4 3 2 0 6 4 3 0 6 4 2 3 6 0 4 2 3 6 0 4 3 6 2 0 4 3 6 2 4 0 3 2 6 4 0 3 2 6 0 4 3 2 0 4 6 3 2 4 0 6 4 2 3 0 3 2 4 0 6 2 3 4 0 4 3 2 0 6 4 2 0 3 6 2 4 0 3 6 4 2 0 3 2 4 0 6 3 2 6 4 0 3 0 6 2 4 3 0 4 0 2 3 2 4 6 0 3 2 4 6 0 2 3 4 6 0 2 3 4 0 6 3 4 0 6 3 2 4 0 6 4 0 6 2 3 4 0 6 3 2 4 6 0 3 2 0 4 6 3 2 4 6 0 3 0 6 2 3 6 4 0 2 3 6 4 0 2 3 6 4 0 6 2 3 4 6 2 4 3 0 6 4 2 3 0 2 4 6 0 3 2 4 0 6 3 4 2 0 6 4 0 3 2 6 4 0 2 3 6 4 3 2 0 2 3 0 4 6 3 2 0 4 6 3 2 0 4 2 3 6 0 4 3 2 6 0 3 2 4 6 0 2 3 6 4 0 2 6 3 4 0 6 2 3 4 0 2 6 4 3 6 4 2 3 0 6 4 2 0 3 6 4 3 0 2 4 6 3 2 0 6 4 2 6 0 3 6 4 2 0 3 6 4 2 0 4 6 2 3 0 6 3 4 0 6 3 2 4 6 3 2 6 4 0 2 3 0 6 2 4 2 0 4 3 6 3 6 0 4 2 3 6 4 0 2 3 4 6 0 3 4 2 6 0 4 3 2 4 6 2 0 3 3 2 6 4 0 2 3 4 6 0 2 6 0 4 2 3 0 2 4 6 6 3 2 4 0 6 3 4 2 0 3 6 6 3 2 4 0 3 2 6 4 3 0 2 6 0 4 6 3 2 0 4 2 3 0 6 2 3 4]
2026-03-20 16:24:03,876{GMT}	INFO	[jepsen worker 1] jepsen.util: 1	:invoke	:broadcast	11
2026-03-20 16:24:03,881{GMT}	INFO	[jepsen worker 1] jepsen.util: 1	:ok	:broadcast	11
2026-03-20 16:24:03,991{GMT}	INFO	[jepsen worker 2] jepsen.util: 2	:invoke	:broadcast	12
2026-03-20 16:24:03,998{GMT}	INFO	[jepsen worker 2] jepsen.util: 2	:ok	:broadcast	12
2026-03-20 16:24:04,069{GMT}	INFO	[jepsen worker 3] jepsen.util: 3	:invoke	:read	nil
2026-03-20 16:24:04,075{GMT}	INFO	[jepsen worker 3] jepsen.util: 3	:ok	:read	[9]
2026-03-20 16:24:04,151{GMT}	INFO	[jepsen worker 4] jepsen.util: 4	:invoke	:read	nil
2026-03-20 16:24:04,158{GMT}	INFO	[jepsen worker 4] jepsen.util: 4	:ok	:read	[1 5 8 10]
2026-03-20 16:24:04,197{GMT}	INFO	[jepsen worker 0] jepsen.util: 0	:invoke	:read	nil
2026-03-20 16:24:04,210{GMT}	INFO	[jepsen worker 0] jepsen.util: 0	:ok	:read	[0 0 0 0 0 0 0 0 0 0 0 0 0 0 0 0 0 0 0 0 0 0 0 0 0 0 0 0 0 0 0 0 0 0 0 0 0 0 0 0 0 0 0 0 0 0 0 0 0 0 0 0 0 0 0 0 0 0 0 0 0 0 0 0 0 0 0 0 0 0 0 0 0 0 0 0 0 0 0 0 0 0 0 0 0 0 0 0 0 0 0 0 0 0 0 0 0 0 0 0 0 0 0 2 0 2 2 0 0 2 2 0 2 0 2 2 0 0 2 2 0 2 0 2 0 2 0 3 2 3 2 0 2 3 0 2 3 0 2 0 3 2 0 3 2 0 3 2 0 3 0 2 3 0 2 3 2 0 3 2 0 3 2 3 0 2 4 3 0 2 4 3 3 2 0 4 2 3 4 0 2 0 4 3 0 2 4 3 2 0 4 3 2 3 4 0 3 2 4 0 3 0 2 4 3 0 2 4 0 3 0 4 3 2 4 2 3 0 3 2 4 0 3 2 4 0 3 2 4 3 0 2 3 0 4 2 0 3 2 4 0 3 2 4 3 0 2 3 4 2 0 4 3 2 0 3 4 2 0 2 4 3 0 2 4 3 0 4 2 0 3 4 2 0 3 4 3 2 0 4 2 3 2 0 4 3 0 2 4 3 0 2 4 3 0 2 4 3 0 2 3 4 0 2 4 3 2 4 3 0 2 4 0 3 3 4 0 2 3 4 0 2 4 3 0 4 0 2 4 3 4 2 0 3 4 2 0 3 2 4 0 3 2 0 4 2 3 2 4 3 2 0 4 3 0 4 2 3 0 4 3 2 0 4 3 2 0 4 3 2 0 2 3 0 4 2 0 4 3 2 0 4 3 2 3 6 4 0 2 3 6 4 2 0 3 4 6 0 2 4 3 6 0 2 4 3 6 2 0 4 3 3 2 6 4 0 6 4 0 3 2 6 2 3 0 6 4 3 2 0 6 4 3 2 0 6 4 3 2 0 6 4 2 3 2 6 0 3 4 6 2 0 3 4 2 4 6 0 3 2 0 4 6 2 3 4 0 6 2 3 6 4 0 2 3 6 4 2 0 4 3 6 2 0 4 3 2 6 0 3 2 6 4 0 3 2 6 4 0 2 4 3 6 0 4 3 0 6 2 3 4 0 3 2 4 6 0 2 3 6 0 4 2 3 6 4 0 3 2 6 0 4 3 6 0 4 2 3 6 4 3 0 2 6 4 3 0 4 3 2 6 0 4 3 6 2 0 4 3 2 0 6 4 3 2 0 6 4 3 0 6 2 4 3 0 2 6 4 3 0 2 6 4 0 3 2 6 4 3 0 4 3 6 2 0 6 3 4 3 6 4 2 0 4 6 2 3 4 0 6 2 3 0 4 6 2 4 3 6 4 2 3 0 6 4 6 2 0 3 4 6 3 2 0 2 6 4 3 0 2 4 6 0 3 6 4 2 0 3 2 6 4 3 0 2 6 4 2 0 3 6 4 2 0 3 6 2 4 0 3 2 6 4 3 2 0 4 6 3 4 2 0 6 4 3 6 4 2 0 3 6 4 3 2 0 6 3 2 0 4 6 3 0 2 4 6 2 3 0 4 6 2 3 0 4 6 0 3 4 2 0 6 3 4 2 6 3 0 3 2 4 0 6 3 4 2 0 6 3 4 0 2 0 4 3 2 6 3 2 6 0 4 3 0 2 6 0 6 2 4 3 0 6 4 2 6 3 0 2 6 4 0 3 2 0 3 4 6 2 4 3 0 6 2 0 3 6 4 2 6 4 3 2 0 6 2 4 0 6 2 3 4 6 0 2 3 0 4 2 3 0 6 4 2 3 0 6 4 2 3 4 6 0 2 3 4 6 2 0 3 4 6 0 2 3 4 0 6 2 3 4 3 2 3 6 4 0 2 6 3 4 0 2 6 3 4 0 6 3 2 4 6 0 4 3 2 0 4 2 6 3 0 2 4 3 0 6 4 0 6 3 4 0 4 2 3 6 0 4 2 3 6 3 4 2 6 0 2 0 4 2 3 6 0 4 2 3 6 2 0 3 3 0 4 6 2 4 6 3 0 2 3 4 6 4 3 2 0 6 4 3 0 2 4 3 6 0 2 4 3 6 0 2 3 4 0 4 0 2 6 4 0 3 2 6 3 4 0 6 2 3 4 6 2 0 3 2 4 0 6 3 4 2 2 6 4 3 0 2 4 3 6 0 4 0 2 6 3 4 0 6 2 4 3 0 2 6 3 0 6 2 4 3 3 2 4 0 6 0 4 3 2 6 0 2 0 6 3 2 4 6 3 2 0 6 2 0 3 4 6 3 6 0 2 4 3 6 4 0 2 3 2 0 4 6 3 0 6 2 6 3 0 2 4 6 3 2 4 6 0 4 2 0 3 6 4 2 0 3 6 4 2 0 3 6 4 2 0 3 6 4 2 0 3 2 0 4 6 3 2 4 0 6 3 2 4 6 3 0 2 4 6 3 4 0 6 2 4 3 0 6 2 3 4 0 2 6 3 4 0 2 2 3 2 3 2 6 2 4 3 0 4 2 6 3 4 0 2 6 4 3 0 2 6 3 0 2 4 6 0 6 4 3 2 0 6 4 3 2 6 0 4 3 2 6 4 0 3 2 3 2 4 0 6 3 4 0 6 2 3 0 6 4 2 3 0 6 2 4 3 0 2 4 6 3 0 4 6 2 3 0 2 4 6 3 4 2 6 0 3 6 3 4 2 0 6 4 3 0 6 2 4 3 0 6 2 3 4 0 6 2 3 6 0 4 2 6 3 4 3 2 6 4 3 2 6 4 3 0 2 4 6 0 4 3 2 6 0 4 2 6 4 2 4 6 2 3 0 3 2 6 4 0 3 2 6 0 4 2 6 3 0 4 6 0 3 2 4 6 2 3 4 0 6 2 4 6 0 3 6 2 4 2 0 4 6 3 2 6 3 4 0 2 6 3 4 2 0 6 3 4 2 6 0 3 0 6 2 4 3 0 4 6 3 2 0 4 3 2 0 6 4 3 2 0 4 3 6 0 2 4 3 0 2 4 6 3 4 2 3 6 0 4 2 6 3 4 0 6 2 2 3 6 4 0 2 6 4 0 3 3 0 4 2 6 0 3 4 6 2 0 4 3 0 6 2 6 2 3 0 4 3 4 0 6 4 2 3 4 6 2 3 0 2 6 4 3 6 2 0 4 6 2 3 4 6 0 2 3 6 4 2 3 0 4 2 0 6 3 2 6 3 4 0 2 6 0 3 4 2 3 6 0 4 2 3 0 6 3 2 4 0 6 3 2 4 6 3 2 0 6 4 3 2 4 0 6 3 2 4 0 6 3 2 4 6 2 3 0 6 2 3 4 0 6 2 2 0 6 4 3 3 2 4 0 0 4 2 0 2 6 3 4 2 0 6 3 4 2 0 6 3 2 4 6 3 0 2 4 6 2 0 3 4 6 2 0 3 4 0 6 4 3 2 6 3 0 4 6 0 3 4 2 6 3 0 6 2 4 0 3 6 4 3 0 2 6 4 3 0 2 6 4 3 6 0 2 4 3 6 2 4 0 3 6 2 0 4 2 0 4 6 3 2 6 4 0 3 2 6 4 0 3 2 6 4 0 2 4 3 6 4 2 0 6 3 4 0 2 6 3 4 2 0 6 3 4 2 6 4 0 3 2 4 3 2 0 4 6 3 2 0 6 3 4 0 6 3 4 2 0 2 3 6 0 3 6 2 4 0 3 0 2 4 6 3 2 6 4 0 4 2 0 3 6 4 0 2 3 4 2 3 6 4 0 2 6 0 4 3 2 6 4 0 3 2 6 4 3 0 6 4 2 6 2 4 0 3 6 0 4 2 3 6 0 4 3 2 0 6 4 3 0 6 4 2 3 6 0 4 2 3 6 0 4 3 6 2 0 4 3 6 2 4 0 3 2 6 4 0 3 2 6 0 4 3 2 0 4 6 3 2 4 0 6 4 2 3 0 3 2 4 0 6 2 3 4 0 4 3 2 0 6 4 2 0 3 6 2 4 0 3 6 4 2 0 3 2 4 0 6 3 2 6 4 0 3 0 6 2 4 3 0 4 0 2 3 2 4 6 0 3 2 4 6 0 2 3 4 6 0 2 3 4 0 6 3 4 0 6 3 2 4 0 6 4 0 6 2 3 4 0 6 3 2 4 6 0 3 2 0 4 6 3 2 4 6 0 3 0 6 2 3 6 4 0 2 3 6 4 0 2 3 6 4 0 6 2 3 4 6 2 4 3 0 6 4 2 3 0 2 4 6 0 3 2 4 0 6 3 4 2 0 6 4 0 3 2 6 4 0 2 3 6 4 3 2 0 2 3 0 4 6 3 2 0 4 6 3 2 0 4 2 3 6 0 4 3 2 6 0 3 2 4 6 0 2 3 6 4 0 2 6 3 4 0 6 2 3 4 0 2 6 4 3 6 4 2 3 0 6 4 2 0 3 6 4 3 0 2 4 6 3 2 0 6 4 2 6 0 3 6 4 2 0 3 6 4 2 0 4 6 2 3 0 6 3 4 0 6 3 2 4 6 3 2 6 4 0 2 3 0 6 2 4 2 0 4 3 6 3 6 0 4 2 3 6 4 0 2 3 4 6 0 3 4 2 6 0 4 3 2 4 6 2 0 3 3 2 6 4 0 2 3 4 6 0 2 6 0 4 2 3 0 2 4 6 6 3 2 4 0 6 3 4 2 0 3 6 6 3 2 4 0 3 2 6 4 3 0 2 6 0 4 6 3 2 0 4 2 3 0 6 2 3 4 0 6 4 2 3 4 6 0 3 2 6 3 0 2 6 0 2 3 4 11 3 2 6 0 4 11 2 3 6 0 4 11 2 3 6 0 4 2 11 0 6 3 4 11 2 0 6 4 11 3 2 0 6 11 3 2 0 4 11 6 2 3 0 11 4 2 6 3 0 2 11 0 3 6 4 2 6 3 4 0 11 2 6 0 4 3 11 2 6 4 0 3 4 0 6 2 11 4 0 3 2 6 11 4 3 2 11 0 6 4 11 3 0 2 6 4 3 6 2 0 11 4 3 6 2 0 11 3 4 6 2 0 11 3 4 6 2 4 3 11 2 0 6 4 3 11 6 2 0 6 4 11 3 0 2 6 3 11 4 0 2 6 0 4 11 3 2 0 11 6 4 3 0 2 11 4 3 6 2 11 4 0 6 2 3 11 4 0 6 2 3 11 6 0 4 3 11 2 6 0 11 2 4 3 2 4 6 11 0 3 2 6 4 0 11 3 6 2 0 3 4 2 11 0 6 4 11 2 3 0 6 2 4 11 3 0 6 4 3 0 2 11 6 0 2 4 11 6 3 0 4 2 6 11 0 4 3 2 6 0 11 3 4 2 6 4 0 11 3 2 6 4 2 3 0 6 11 4 2 3 11 6 3 2 0 4 11 2 0 4 6 3 0 2 6 11 4 3 0 2 4 11 6 3 0 2 4 6 11 3 2 0 4 6 11 0 3 2 6 4 0 11 2 3 4 6 2 11 0 6 3 2 4 11 0 3 2 6 11 4 3 0 2 6 11 3 4 2 0 6 4 2 11 0 3 11 4 2 6 0 4 3 11 6 2 11 4 6 3 0 3 2 6 11 4 0 2 3 6 11 11 0 2 3 4 6 0 6 4 3 11 6 0 4 2 6 3 0 11 6 2 4 3 0 4 6 11 0 2 6 4 11 3 4 2 3 6 0 11 4 6 2 3]
2026-03-20 16:24:04,354{GMT}	INFO	[jepsen worker 0] jepsen.util: 0	:invoke	:read	nil
2026-03-20 16:24:04,388{GMT}	INFO	[jepsen worker 0] jepsen.util: 0	:ok	:read	[0 0 0 0 0 0 0 0 0 0 0 0 0 0 0 0 0 0 0 0 0 0 0 0 0 0 0 0 0 0 0 0 0 0 0 0 0 0 0 0 0 0 0 0 0 0 0 0 0 0 0 0 0 0 0 0 0 0 0 0 0 0 0 0 0 0 0 0 0 0 0 0 0 0 0 0 0 0 0 0 0 0 0 0 0 0 0 0 0 0 0 0 0 0 0 0 0 0 0 0 0 0 0 2 0 2 2 0 0 2 2 0 2 0 2 2 0 0 2 2 0 2 0 2 0 2 0 3 2 3 2 0 2 3 0 2 3 0 2 0 3 2 0 3 2 0 3 2 0 3 0 2 3 0 2 3 2 0 3 2 0 3 2 3 0 2 4 3 0 2 4 3 3 2 0 4 2 3 4 0 2 0 4 3 0 2 4 3 2 0 4 3 2 3 4 0 3 2 4 0 3 0 2 4 3 0 2 4 0 3 0 4 3 2 4 2 3 0 3 2 4 0 3 2 4 0 3 2 4 3 0 2 3 0 4 2 0 3 2 4 0 3 2 4 3 0 2 3 4 2 0 4 3 2 0 3 4 2 0 2 4 3 0 2 4 3 0 4 2 0 3 4 2 0 3 4 3 2 0 4 2 3 2 0 4 3 0 2 4 3 0 2 4 3 0 2 4 3 0 2 3 4 0 2 4 3 2 4 3 0 2 4 0 3 3 4 0 2 3 4 0 2 4 3 0 4 0 2 4 3 4 2 0 3 4 2 0 3 2 4 0 3 2 0 4 2 3 2 4 3 2 0 4 3 0 4 2 3 0 4 3 2 0 4 3 2 0 4 3 2 0 2 3 0 4 2 0 4 3 2 0 4 3 2 3 6 4 0 2 3 6 4 2 0 3 4 6 0 2 4 3 6 0 2 4 3 6 2 0 4 3 3 2 6 4 0 6 4 0 3 2 6 2 3 0 6 4 3 2 0 6 4 3 2 0 6 4 3 2 0 6 4 2 3 2 6 0 3 4 6 2 0 3 4 2 4 6 0 3 2 0 4 6 2 3 4 0 6 2 3 6 4 0 2 3 6 4 2 0 4 3 6 2 0 4 3 2 6 0 3 2 6 4 0 3 2 6 4 0 2 4 3 6 0 4 3 0 6 2 3 4 0 3 2 4 6 0 2 3 6 0 4 2 3 6 4 0 3 2 6 0 4 3 6 0 4 2 3 6 4 3 0 2 6 4 3 0 4 3 2 6 0 4 3 6 2 0 4 3 2 0 6 4 3 2 0 6 4 3 0 6 2 4 3 0 2 6 4 3 0 2 6 4 0 3 2 6 4 3 0 4 3 6 2 0 6 3 4 3 6 4 2 0 4 6 2 3 4 0 6 2 3 0 4 6 2 4 3 6 4 2 3 0 6 4 6 2 0 3 4 6 3 2 0 2 6 4 3 0 2 4 6 0 3 6 4 2 0 3 2 6 4 3 0 2 6 4 2 0 3 6 4 2 0 3 6 2 4 0 3 2 6 4 3 2 0 4 6 3 4 2 0 6 4 3 6 4 2 0 3 6 4 3 2 0 6 3 2 0 4 6 3 0 2 4 6 2 3 0 4 6 2 3 0 4 6 0 3 4 2 0 6 3 4 2 6 3 0 3 2 4 0 6 3 4 2 0 6 3 4 0 2 0 4 3 2 6 3 2 6 0 4 3 0 2 6 0 6 2 4 3 0 6 4 2 6 3 0 2 6 4 0 3 2 0 3 4 6 2 4 3 0 6 2 0 3 6 4 2 6 4 3 2 0 6 2 4 0 6 2 3 4 6 0 2 3 0 4 2 3 0 6 4 2 3 0 6 4 2 3 4 6 0 2 3 4 6 2 0 3 4 6 0 2 3 4 0 6 2 3 4 3 2 3 6 4 0 2 6 3 4 0 2 6 3 4 0 6 3 2 4 6 0 4 3 2 0 4 2 6 3 0 2 4 3 0 6 4 0 6 3 4 0 4 2 3 6 0 4 2 3 6 3 4 2 6 0 2 0 4 2 3 6 0 4 2 3 6 2 0 3 3 0 4 6 2 4 6 3 0 2 3 4 6 4 3 2 0 6 4 3 0 2 4 3 6 0 2 4 3 6 0 2 3 4 0 4 0 2 6 4 0 3 2 6 3 4 0 6 2 3 4 6 2 0 3 2 4 0 6 3 4 2 2 6 4 3 0 2 4 3 6 0 4 0 2 6 3 4 0 6 2 4 3 0 2 6 3 0 6 2 4 3 3 2 4 0 6 0 4 3 2 6 0 2 0 6 3 2 4 6 3 2 0 6 2 0 3 4 6 3 6 0 2 4 3 6 4 0 2 3 2 0 4 6 3 0 6 2 6 3 0 2 4 6 3 2 4 6 0 4 2 0 3 6 4 2 0 3 6 4 2 0 3 6 4 2 0 3 6 4 2 0 3 2 0 4 6 3 2 4 0 6 3 2 4 6 3 0 2 4 6 3 4 0 6 2 4 3 0 6 2 3 4 0 2 6 3 4 0 2 2 3 2 3 2 6 2 4 3 0 4 2 6 3 4 0 2 6 4 3 0 2 6 3 0 2 4 6 0 6 4 3 2 0 6 4 3 2 6 0 4 3 2 6 4 0 3 2 3 2 4 0 6 3 4 0 6 2 3 0 6 4 2 3 0 6 2 4 3 0 2 4 6 3 0 4 6 2 3 0 2 4 6 3 4 2 6 0 3 6 3 4 2 0 6 4 3 0 6 2 4 3 0 6 2 3 4 0 6 2 3 6 0 4 2 6 3 4 3 2 6 4 3 2 6 4 3 0 2 4 6 0 4 3 2 6 0 4 2 6 4 2 4 6 2 3 0 3 2 6 4 0 3 2 6 0 4 2 6 3 0 4 6 0 3 2 4 6 2 3 4 0 6 2 4 6 0 3 6 2 4 2 0 4 6 3 2 6 3 4 0 2 6 3 4 2 0 6 3 4 2 6 0 3 0 6 2 4 3 0 4 6 3 2 0 4 3 2 0 6 4 3 2 0 4 3 6 0 2 4 3 0 2 4 6 3 4 2 3 6 0 4 2 6 3 4 0 6 2 2 3 6 4 0 2 6 4 0 3 3 0 4 2 6 0 3 4 6 2 0 4 3 0 6 2 6 2 3 0 4 3 4 0 6 4 2 3 4 6 2 3 0 2 6 4 3 6 2 0 4 6 2 3 4 6 0 2 3 6 4 2 3 0 4 2 0 6 3 2 6 3 4 0 2 6 0 3 4 2 3 6 0 4 2 3 0 6 3 2 4 0 6 3 2 4 6 3 2 0 6 4 3 2 4 0 6 3 2 4 0 6 3 2 4 6 2 3 0 6 2 3 4 0 6 2 2 0 6 4 3 3 2 4 0 0 4 2 0 2 6 3 4 2 0 6 3 4 2 0 6 3 2 4 6 3 0 2 4 6 2 0 3 4 6 2 0 3 4 0 6 4 3 2 6 3 0 4 6 0 3 4 2 6 3 0 6 2 4 0 3 6 4 3 0 2 6 4 3 0 2 6 4 3 6 0 2 4 3 6 2 4 0 3 6 2 0 4 2 0 4 6 3 2 6 4 0 3 2 6 4 0 3 2 6 4 0 2 4 3 6 4 2 0 6 3 4 0 2 6 3 4 2 0 6 3 4 2 6 4 0 3 2 4 3 2 0 4 6 3 2 0 6 3 4 0 6 3 4 2 0 2 3 6 0 3 6 2 4 0 3 0 2 4 6 3 2 6 4 0 4 2 0 3 6 4 0 2 3 4 2 3 6 4 0 2 6 0 4 3 2 6 4 0 3 2 6 4 3 0 6 4 2 6 2 4 0 3 6 0 4 2 3 6 0 4 3 2 0 6 4 3 0 6 4 2 3 6 0 4 2 3 6 0 4 3 6 2 0 4 3 6 2 4 0 3 2 6 4 0 3 2 6 0 4 3 2 0 4 6 3 2 4 0 6 4 2 3 0 3 2 4 0 6 2 3 4 0 4 3 2 0 6 4 2 0 3 6 2 4 0 3 6 4 2 0 3 2 4 0 6 3 2 6 4 0 3 0 6 2 4 3 0 4 0 2 3 2 4 6 0 3 2 4 6 0 2 3 4 6 0 2 3 4 0 6 3 4 0 6 3 2 4 0 6 4 0 6 2 3 4 0 6 3 2 4 6 0 3 2 0 4 6 3 2 4 6 0 3 0 6 2 3 6 4 0 2 3 6 4 0 2 3 6 4 0 6 2 3 4 6 2 4 3 0 6 4 2 3 0 2 4 6 0 3 2 4 0 6 3 4 2 0 6 4 0 3 2 6 4 0 2 3 6 4 3 2 0 2 3 0 4 6 3 2 0 4 6 3 2 0 4 2 3 6 0 4 3 2 6 0 3 2 4 6 0 2 3 6 4 0 2 6 3 4 0 6 2 3 4 0 2 6 4 3 6 4 2 3 0 6 4 2 0 3 6 4 3 0 2 4 6 3 2 0 6 4 2 6 0 3 6 4 2 0 3 6 4 2 0 4 6 2 3 0 6 3 4 0 6 3 2 4 6 3 2 6 4 0 2 3 0 6 2 4 2 0 4 3 6 3 6 0 4 2 3 6 4 0 2 3 4 6 0 3 4 2 6 0 4 3 2 4 6 2 0 3 3 2 6 4 0 2 3 4 6 0 2 6 0 4 2 3 0 2 4 6 6 3 2 4 0 6 3 4 2 0 3 6 6 3 2 4 0 3 2 6 4 3 0 2 6 0 4 6 3 2 0 4 2 3 0 6 2 3 4 0 6 4 2 3 4 6 0 3 2 6 3 0 2 6 0 2 3 4 11 3 2 6 0 4 11 2 3 6 0 4 11 2 3 6 0 4 2 11 0 6 3 4 11 2 0 6 4 11 3 2 0 6 11 3 2 0 4 11 6 2 3 0 11 4 2 6 3 0 2 11 0 3 6 4 2 6 3 4 0 11 2 6 0 4 3 11 2 6 4 0 3 4 0 6 2 11 4 0 3 2 6 11 4 3 2 11 0 6 4 11 3 0 2 6 4 3 6 2 0 11 4 3 6 2 0 11 3 4 6 2 0 11 3 4 6 2 4 3 11 2 0 6 4 3 11 6 2 0 6 4 11 3 0 2 6 3 11 4 0 2 6 0 4 11 3 2 0 11 6 4 3 0 2 11 4 3 6 2 11 4 0 6 2 3 11 4 0 6 2 3 11 6 0 4 3 11 2 6 0 11 2 4 3 2 4 6 11 0 3 2 6 4 0 11 3 6 2 0 3 4 2 11 0 6 4 11 2 3 0 6 2 4 11 3 0 6 4 3 0 2 11 6 0 2 4 11 6 3 0 4 2 6 11 0 4 3 2 6 0 11 3 4 2 6 4 0 11 3 2 6 4 2 3 0 6 11 4 2 3 11 6 3 2 0 4 11 2 0 4 6 3 0 2 6 11 4 3 0 2 4 11 6 3 0 2 4 6 11 3 2 0 4 6 11 0 3 2 6 4 0 11 2 3 4 6 2 11 0 6 3 2 4 11 0 3 2 6 11 4 3 0 2 6 11 3 4 2 0 6 4 2 11 0 3 11 4 2 6 0 4 3 11 6 2 11 4 6 3 0 3 2 6 11 4 0 2 3 6 11 11 0 2 3 4 6 0 6 4 3 11 6 0 4 2 6 3 0 11 6 2 4 3 0 4 6 11 0 2 6 4 11 3 4 2 3 6 0 11 4 6 2 3 11 4 6 2 3 0 6 3 11 4 2 0 6 4 3 0 2 6 11 4 0 3 2 6 11 2 0 4 2 6 11 3 0 2 11 4 0 3 6 2 6 3 2 4 0 6 11 3 0 6 2 3 11 4 6 2 3 0 11 3 4 0 2 6 11 3 0 2 4 11 2 3 0 6 11 2 3 0 4 6 2 0 11 3 4 6 0 3 2 11 4 11 2 0 3 6 6 4 2 0 11 6 3 2 3 11 4 0 6 6 11 2 3 4 0 4 6 0 2 3 11 0 6 4 3 2 0 3 2 4 6 11 0 4 6 3 2 0 6 4 3 2 0 6 4 11 3 0 6 4 2 3 6 0 4 2 3 6 0 4 2 3 0 6 2 11 4 3 0 6 11 4 2 3 0 6 11 4 2 3 4 6 0 11 4 3 2 6 11 0 6 11 2 4 0 3 11 6 2 0 3 4 11 6 2 6 4 3 11 2 0 3 11 6 4 0 2 2 3 11 0 4 6 2 11]
2026-03-20 16:24:04,487{GMT}	INFO	[jepsen worker 1] jepsen.util: 1	:invoke	:broadcast	13
2026-03-20 16:24:04,492{GMT}	INFO	[jepsen worker 1] jepsen.util: 1	:ok	:broadcast	13
2026-03-20 16:24:04,545{GMT}	INFO	[jepsen worker 2] jepsen.util: 2	:invoke	:broadcast	14
2026-03-20 16:24:04,550{GMT}	INFO	[jepsen worker 3] jepsen.util: 3	:invoke	:read	nil
2026-03-20 16:24:04,551{GMT}	INFO	[jepsen worker 2] jepsen.util: 2	:ok	:broadcast	14
2026-03-20 16:24:04,553{GMT}	INFO	[jepsen worker 3] jepsen.util: 3	:ok	:read	[9]
2026-03-20 16:24:04,740{GMT}	INFO	[jepsen worker 4] jepsen.util: 4	:invoke	:read	nil
2026-03-20 16:24:04,745{GMT}	INFO	[jepsen worker 4] jepsen.util: 4	:ok	:read	[1 5 8 10]
2026-03-20 16:24:04,759{GMT}	INFO	[jepsen worker 0] jepsen.util: 0	:invoke	:read	nil
2026-03-20 16:24:04,763{GMT}	INFO	[jepsen worker 1] jepsen.util: 1	:invoke	:broadcast	15
2026-03-20 16:24:04,768{GMT}	INFO	[jepsen worker 1] jepsen.util: 1	:ok	:broadcast	15
2026-03-20 16:24:04,781{GMT}	INFO	[jepsen worker 0] jepsen.util: 0	:ok	:read	[0 0 0 0 0 0 0 0 0 0 0 0 0 0 0 0 0 0 0 0 0 0 0 0 0 0 0 0 0 0 0 0 0 0 0 0 0 0 0 0 0 0 0 0 0 0 0 0 0 0 0 0 0 0 0 0 0 0 0 0 0 0 0 0 0 0 0 0 0 0 0 0 0 0 0 0 0 0 0 0 0 0 0 0 0 0 0 0 0 0 0 0 0 0 0 0 0 0 0 0 0 0 0 2 0 2 2 0 0 2 2 0 2 0 2 2 0 0 2 2 0 2 0 2 0 2 0 3 2 3 2 0 2 3 0 2 3 0 2 0 3 2 0 3 2 0 3 2 0 3 0 2 3 0 2 3 2 0 3 2 0 3 2 3 0 2 4 3 0 2 4 3 3 2 0 4 2 3 4 0 2 0 4 3 0 2 4 3 2 0 4 3 2 3 4 0 3 2 4 0 3 0 2 4 3 0 2 4 0 3 0 4 3 2 4 2 3 0 3 2 4 0 3 2 4 0 3 2 4 3 0 2 3 0 4 2 0 3 2 4 0 3 2 4 3 0 2 3 4 2 0 4 3 2 0 3 4 2 0 2 4 3 0 2 4 3 0 4 2 0 3 4 2 0 3 4 3 2 0 4 2 3 2 0 4 3 0 2 4 3 0 2 4 3 0 2 4 3 0 2 3 4 0 2 4 3 2 4 3 0 2 4 0 3 3 4 0 2 3 4 0 2 4 3 0 4 0 2 4 3 4 2 0 3 4 2 0 3 2 4 0 3 2 0 4 2 3 2 4 3 2 0 4 3 0 4 2 3 0 4 3 2 0 4 3 2 0 4 3 2 0 2 3 0 4 2 0 4 3 2 0 4 3 2 3 6 4 0 2 3 6 4 2 0 3 4 6 0 2 4 3 6 0 2 4 3 6 2 0 4 3 3 2 6 4 0 6 4 0 3 2 6 2 3 0 6 4 3 2 0 6 4 3 2 0 6 4 3 2 0 6 4 2 3 2 6 0 3 4 6 2 0 3 4 2 4 6 0 3 2 0 4 6 2 3 4 0 6 2 3 6 4 0 2 3 6 4 2 0 4 3 6 2 0 4 3 2 6 0 3 2 6 4 0 3 2 6 4 0 2 4 3 6 0 4 3 0 6 2 3 4 0 3 2 4 6 0 2 3 6 0 4 2 3 6 4 0 3 2 6 0 4 3 6 0 4 2 3 6 4 3 0 2 6 4 3 0 4 3 2 6 0 4 3 6 2 0 4 3 2 0 6 4 3 2 0 6 4 3 0 6 2 4 3 0 2 6 4 3 0 2 6 4 0 3 2 6 4 3 0 4 3 6 2 0 6 3 4 3 6 4 2 0 4 6 2 3 4 0 6 2 3 0 4 6 2 4 3 6 4 2 3 0 6 4 6 2 0 3 4 6 3 2 0 2 6 4 3 0 2 4 6 0 3 6 4 2 0 3 2 6 4 3 0 2 6 4 2 0 3 6 4 2 0 3 6 2 4 0 3 2 6 4 3 2 0 4 6 3 4 2 0 6 4 3 6 4 2 0 3 6 4 3 2 0 6 3 2 0 4 6 3 0 2 4 6 2 3 0 4 6 2 3 0 4 6 0 3 4 2 0 6 3 4 2 6 3 0 3 2 4 0 6 3 4 2 0 6 3 4 0 2 0 4 3 2 6 3 2 6 0 4 3 0 2 6 0 6 2 4 3 0 6 4 2 6 3 0 2 6 4 0 3 2 0 3 4 6 2 4 3 0 6 2 0 3 6 4 2 6 4 3 2 0 6 2 4 0 6 2 3 4 6 0 2 3 0 4 2 3 0 6 4 2 3 0 6 4 2 3 4 6 0 2 3 4 6 2 0 3 4 6 0 2 3 4 0 6 2 3 4 3 2 3 6 4 0 2 6 3 4 0 2 6 3 4 0 6 3 2 4 6 0 4 3 2 0 4 2 6 3 0 2 4 3 0 6 4 0 6 3 4 0 4 2 3 6 0 4 2 3 6 3 4 2 6 0 2 0 4 2 3 6 0 4 2 3 6 2 0 3 3 0 4 6 2 4 6 3 0 2 3 4 6 4 3 2 0 6 4 3 0 2 4 3 6 0 2 4 3 6 0 2 3 4 0 4 0 2 6 4 0 3 2 6 3 4 0 6 2 3 4 6 2 0 3 2 4 0 6 3 4 2 2 6 4 3 0 2 4 3 6 0 4 0 2 6 3 4 0 6 2 4 3 0 2 6 3 0 6 2 4 3 3 2 4 0 6 0 4 3 2 6 0 2 0 6 3 2 4 6 3 2 0 6 2 0 3 4 6 3 6 0 2 4 3 6 4 0 2 3 2 0 4 6 3 0 6 2 6 3 0 2 4 6 3 2 4 6 0 4 2 0 3 6 4 2 0 3 6 4 2 0 3 6 4 2 0 3 6 4 2 0 3 2 0 4 6 3 2 4 0 6 3 2 4 6 3 0 2 4 6 3 4 0 6 2 4 3 0 6 2 3 4 0 2 6 3 4 0 2 2 3 2 3 2 6 2 4 3 0 4 2 6 3 4 0 2 6 4 3 0 2 6 3 0 2 4 6 0 6 4 3 2 0 6 4 3 2 6 0 4 3 2 6 4 0 3 2 3 2 4 0 6 3 4 0 6 2 3 0 6 4 2 3 0 6 2 4 3 0 2 4 6 3 0 4 6 2 3 0 2 4 6 3 4 2 6 0 3 6 3 4 2 0 6 4 3 0 6 2 4 3 0 6 2 3 4 0 6 2 3 6 0 4 2 6 3 4 3 2 6 4 3 2 6 4 3 0 2 4 6 0 4 3 2 6 0 4 2 6 4 2 4 6 2 3 0 3 2 6 4 0 3 2 6 0 4 2 6 3 0 4 6 0 3 2 4 6 2 3 4 0 6 2 4 6 0 3 6 2 4 2 0 4 6 3 2 6 3 4 0 2 6 3 4 2 0 6 3 4 2 6 0 3 0 6 2 4 3 0 4 6 3 2 0 4 3 2 0 6 4 3 2 0 4 3 6 0 2 4 3 0 2 4 6 3 4 2 3 6 0 4 2 6 3 4 0 6 2 2 3 6 4 0 2 6 4 0 3 3 0 4 2 6 0 3 4 6 2 0 4 3 0 6 2 6 2 3 0 4 3 4 0 6 4 2 3 4 6 2 3 0 2 6 4 3 6 2 0 4 6 2 3 4 6 0 2 3 6 4 2 3 0 4 2 0 6 3 2 6 3 4 0 2 6 0 3 4 2 3 6 0 4 2 3 0 6 3 2 4 0 6 3 2 4 6 3 2 0 6 4 3 2 4 0 6 3 2 4 0 6 3 2 4 6 2 3 0 6 2 3 4 0 6 2 2 0 6 4 3 3 2 4 0 0 4 2 0 2 6 3 4 2 0 6 3 4 2 0 6 3 2 4 6 3 0 2 4 6 2 0 3 4 6 2 0 3 4 0 6 4 3 2 6 3 0 4 6 0 3 4 2 6 3 0 6 2 4 0 3 6 4 3 0 2 6 4 3 0 2 6 4 3 6 0 2 4 3 6 2 4 0 3 6 2 0 4 2 0 4 6 3 2 6 4 0 3 2 6 4 0 3 2 6 4 0 2 4 3 6 4 2 0 6 3 4 0 2 6 3 4 2 0 6 3 4 2 6 4 0 3 2 4 3 2 0 4 6 3 2 0 6 3 4 0 6 3 4 2 0 2 3 6 0 3 6 2 4 0 3 0 2 4 6 3 2 6 4 0 4 2 0 3 6 4 0 2 3 4 2 3 6 4 0 2 6 0 4 3 2 6 4 0 3 2 6 4 3 0 6 4 2 6 2 4 0 3 6 0 4 2 3 6 0 4 3 2 0 6 4 3 0 6 4 2 3 6 0 4 2 3 6 0 4 3 6 2 0 4 3 6 2 4 0 3 2 6 4 0 3 2 6 0 4 3 2 0 4 6 3 2 4 0 6 4 2 3 0 3 2 4 0 6 2 3 4 0 4 3 2 0 6 4 2 0 3 6 2 4 0 3 6 4 2 0 3 2 4 0 6 3 2 6 4 0 3 0 6 2 4 3 0 4 0 2 3 2 4 6 0 3 2 4 6 0 2 3 4 6 0 2 3 4 0 6 3 4 0 6 3 2 4 0 6 4 0 6 2 3 4 0 6 3 2 4 6 0 3 2 0 4 6 3 2 4 6 0 3 0 6 2 3 6 4 0 2 3 6 4 0 2 3 6 4 0 6 2 3 4 6 2 4 3 0 6 4 2 3 0 2 4 6 0 3 2 4 0 6 3 4 2 0 6 4 0 3 2 6 4 0 2 3 6 4 3 2 0 2 3 0 4 6 3 2 0 4 6 3 2 0 4 2 3 6 0 4 3 2 6 0 3 2 4 6 0 2 3 6 4 0 2 6 3 4 0 6 2 3 4 0 2 6 4 3 6 4 2 3 0 6 4 2 0 3 6 4 3 0 2 4 6 3 2 0 6 4 2 6 0 3 6 4 2 0 3 6 4 2 0 4 6 2 3 0 6 3 4 0 6 3 2 4 6 3 2 6 4 0 2 3 0 6 2 4 2 0 4 3 6 3 6 0 4 2 3 6 4 0 2 3 4 6 0 3 4 2 6 0 4 3 2 4 6 2 0 3 3 2 6 4 0 2 3 4 6 0 2 6 0 4 2 3 0 2 4 6 6 3 2 4 0 6 3 4 2 0 3 6 6 3 2 4 0 3 2 6 4 3 0 2 6 0 4 6 3 2 0 4 2 3 0 6 2 3 4 0 6 4 2 3 4 6 0 3 2 6 3 0 2 6 0 2 3 4 11 3 2 6 0 4 11 2 3 6 0 4 11 2 3 6 0 4 2 11 0 6 3 4 11 2 0 6 4 11 3 2 0 6 11 3 2 0 4 11 6 2 3 0 11 4 2 6 3 0 2 11 0 3 6 4 2 6 3 4 0 11 2 6 0 4 3 11 2 6 4 0 3 4 0 6 2 11 4 0 3 2 6 11 4 3 2 11 0 6 4 11 3 0 2 6 4 3 6 2 0 11 4 3 6 2 0 11 3 4 6 2 0 11 3 4 6 2 4 3 11 2 0 6 4 3 11 6 2 0 6 4 11 3 0 2 6 3 11 4 0 2 6 0 4 11 3 2 0 11 6 4 3 0 2 11 4 3 6 2 11 4 0 6 2 3 11 4 0 6 2 3 11 6 0 4 3 11 2 6 0 11 2 4 3 2 4 6 11 0 3 2 6 4 0 11 3 6 2 0 3 4 2 11 0 6 4 11 2 3 0 6 2 4 11 3 0 6 4 3 0 2 11 6 0 2 4 11 6 3 0 4 2 6 11 0 4 3 2 6 0 11 3 4 2 6 4 0 11 3 2 6 4 2 3 0 6 11 4 2 3 11 6 3 2 0 4 11 2 0 4 6 3 0 2 6 11 4 3 0 2 4 11 6 3 0 2 4 6 11 3 2 0 4 6 11 0 3 2 6 4 0 11 2 3 4 6 2 11 0 6 3 2 4 11 0 3 2 6 11 4 3 0 2 6 11 3 4 2 0 6 4 2 11 0 3 11 4 2 6 0 4 3 11 6 2 11 4 6 3 0 3 2 6 11 4 0 2 3 6 11 11 0 2 3 4 6 0 6 4 3 11 6 0 4 2 6 3 0 11 6 2 4 3 0 4 6 11 0 2 6 4 11 3 4 2 3 6 0 11 4 6 2 3 11 4 6 2 3 0 6 3 11 4 2 0 6 4 3 0 2 6 11 4 0 3 2 6 11 2 0 4 2 6 11 3 0 2 11 4 0 3 6 2 6 3 2 4 0 6 11 3 0 6 2 3 11 4 6 2 3 0 11 3 4 0 2 6 11 3 0 2 4 11 2 3 0 6 11 2 3 0 4 6 2 0 11 3 4 6 0 3 2 11 4 11 2 0 3 6 6 4 2 0 11 6 3 2 3 11 4 0 6 6 11 2 3 4 0 4 6 0 2 3 11 0 6 4 3 2 0 3 2 4 6 11 0 4 6 3 2 0 6 4 3 2 0 6 4 11 3 0 6 4 2 3 6 0 4 2 3 6 0 4 2 3 0 6 2 11 4 3 0 6 11 4 2 3 0 6 11 4 2 3 4 6 0 11 4 3 2 6 11 0 6 11 2 4 0 3 11 6 2 0 3 4 11 6 2 6 4 3 11 2 0 3 11 6 4 0 2 2 3 11 0 4 6 2 11 3 0 2 4 6 11 2 6 2 3 4 0 6 3 2 4 11 0 3 6 4 2 11 0 6 4 3 11 0 4 6 3 2 11 3 6 4 0 2 11 6 4 3 0 6 4 3 11 2 0 4 3 11 0 6 2 4 11 3 6 0 2 3 4 11 6 4 11 2 3 0 0 3 4 6 11 2 4 3 6 0 2 11 6 4 0 2 3 11 6 4 2 0 3 4 2 0 6 11 3 0 4 6 11 2 3 11 0 2 3 0 4 6 11 11 2 6 4 3 0 0 2 6 3 4 11 3 4 2 0 11 6 4 3 0 2 6 4 11 0 3 2 6 2 3 11 0 4 2 6 0 3 4 11 4 0 3 6 2 13 11 3 0 4 6 2 11 0 4 13 3 0 13 3 6 2 11 4 0 3 11 0 2 13 4 6 3 0 11 0 3 13 4 6 2 0 11 4 2 6 13 3 2 6 4 13 0 3 11 2 6 4 3 0 11 13 2 3 4 13 2 0 11 13 3 6 4 0 2 4 2 6 11 13 3 0 2 6 13 4 11 3 0 2 13 4 6 11 3 0 2 6 13 11 3 0 2 4 6 13 11 3 0 4 13 2 3 11 4 0 13 2 3 11 4 13 0 6 2 11 3 4 0 2 6 13 3 0 4 11 6 2 13 3 6 2 3 4 0 6 13 11 2 3 4 0 6 13 11 2 4 3 6 13 2 11 0 3 4 2 13 6 4 11 13 2 3 4 11 13 0 3 6 4 0 11 13 3 6 2 4 3 13 0 6 4 3 11 2 13 6 0 4 2 3 11 6 0 13 3 4 2 11 6 0 3 13 4 11 2 6 13 2 11 4 0 3 6 2 13 11 4 6 13 4 11 0 3 2 13 3 2 11 4 0 6 11 4 2 13 0 6 3 2 4 0 6 3 13 11 4 11 0 3 13 2 11 6 4 13 3 0 11 6 2 4 6 0 3 13 2 4 11 6 0 3 2 4 13 6 0 11 4 13 3 6 0 2 6 11 4 0 2 3 13 6 4 0 11 2 3 13 6 4 6 4 0 3 11 13 2 4 6 11 3 0 2 13 4 11 6 2 0 13 4 3 11 2 13 0 4 6 3 11 13 2 0 6 4 11 3 2 13 0 6 11 3 4 2 0 13 11 4 2 0 13 11 3 6 2 11 0 4 3 13 6 11 3 2 4 6 2 4 13 0 3 11 6 3 6 0 2 11 4 13 0 3 2 11 4 6 13 11 0 4 6 13 2 3 0 4 6 11 13 4 0 3 6 2 13 11 0 3 2 11 13 0 6 4 3 2 13 3 11 6 4 0 3 6 11 2 4 0 13]
2026-03-20 16:24:04,944{GMT}	INFO	[jepsen worker 1] jepsen.util: 1	:invoke	:broadcast	16
2026-03-20 16:24:04,949{GMT}	INFO	[jepsen worker 1] jepsen.util: 1	:ok	:broadcast	16
2026-03-20 16:24:04,985{GMT}	INFO	[jepsen worker 2] jepsen.util: 2	:invoke	:broadcast	17
2026-03-20 16:24:05,009{GMT}	INFO	[jepsen worker 2] jepsen.util: 2	:ok	:broadcast	17
2026-03-20 16:24:05,121{GMT}	INFO	[jepsen worker 3] jepsen.util: 3	:invoke	:broadcast	18
2026-03-20 16:24:05,135{GMT}	INFO	[Jepsen shutdown hook] jepsen.core: Downloading DB logs before JVM shutdown...
2026-03-20 16:24:05,142{GMT}	INFO	[jepsen worker 3] jepsen.util: 3	:ok	:broadcast	18
