2026-03-20 14:01:48,107{GMT}	INFO	[jepsen test runner] jepsen.core: Command line:
lein run test -w broadcast --bin run.sh broadcast --node-count 5 --time-limit 20 --rate 10
2026-03-20 14:01:48,202{GMT}	INFO	[jepsen test runner] jepsen.core: Running test:
{:args ["broadcast"]
 :remote
 #jepsen.control.retry.Remote{:remote #jepsen.control.scp.Remote{:cmd-remote #jepsen.control.sshj.SSHJRemote{:concurrency-limit 6,
                                                                                                             :conn-spec nil,
                                                                                                             :client nil,
                                                                                                             :semaphore nil},
                                                                 :conn-spec nil},
                              :conn nil}
 :log-net-send false
 :node-count 5
 :availability nil
 :max-txn-length 4
 :concurrency 5
 :db
 #object[maelstrom.db$db$reify__16142
         "0x70b2819f"
         "maelstrom.db$db$reify__16142@70b2819f"]
 :max-writes-per-key 16
 :leave-db-running? false
 :name "broadcast"
 :logging-json? false
 :start-time
 #object[org.joda.time.DateTime "0x65dac812" "2026-03-20T14:01:48.083Z"]
 :nemesis-interval 10
 :net
 #object[maelstrom.net$jepsen_net$reify__15251
         "0x3619ecd"
         "maelstrom.net$jepsen_net$reify__15251@3619ecd"]
 :client
 #object[maelstrom.workload.broadcast$client$reify__16644
         "0x7de4bd8f"
         "maelstrom.workload.broadcast$client$reify__16644@7de4bd8f"]
 :barrier
 #object[java.util.concurrent.CyclicBarrier
         "0x193e65d5"
         "java.util.concurrent.CyclicBarrier@193e65d5"]
 :log-stderr false
 :pure-generators true
 :ssh {:dummy? true}
 :rate 10.0
 :checker
 #object[jepsen.checker$compose$reify__11881
         "0x2a97b4b8"
         "jepsen.checker$compose$reify__11881@2a97b4b8"]
 :argv
 ("test"
  "-w"
  "broadcast"
  "--bin"
  "run.sh"
  "broadcast"
  "--node-count"
  "5"
  "--time-limit"
  "20"
  "--rate"
  "10")
 :nemesis
 (jepsen.nemesis.ReflCompose
  {:fm {:start-partition 0,
        :stop-partition 0,
        :kill 1,
        :start 1,
        :pause 1,
        :resume 1},
   :nemeses [#unprintable "jepsen.nemesis.combined$partition_nemesis$reify__16416@250fc0d1"
             #unprintable "jepsen.nemesis.combined$db_nemesis$reify__16397@7ddf193a"]})
 :nodes ["n0" "n1" "n2" "n3" "n4"]
 :test-count 1
 :latency {:mean 0, :dist :constant}
 :bin "run.sh"
 :generator
 ((jepsen.generator.Synchronize
   {:gen (jepsen.generator.TimeLimit
          {:limit 20000000000,
           :cutoff nil,
           :gen (jepsen.generator.Any
                 {:gens [(jepsen.generator.OnThreads
                          {:f #{:nemesis},
                           :context-filter #object[jepsen.generator.context$make_thread_filter$lazy_filter__9167
                                                   "0x28ba90c1"
                                                   "jepsen.generator.context$make_thread_filter$lazy_filter__9167@28ba90c1"],
                           :gen nil})
                         (jepsen.generator.OnThreads
                          {:f #jepsen.generator.context.AllBut{:element :nemesis},
                           :context-filter #object[jepsen.generator.context$make_thread_filter$lazy_filter__9167
                                                   "0x71cf6e8c"
                                                   "jepsen.generator.context$make_thread_filter$lazy_filter__9167@71cf6e8c"],
                           :gen (jepsen.generator.Stagger
                                 {:dt 200000000,
                                  :next-time nil,
                                  :gen (jepsen.generator.Mix
                                        {:i 0,
                                         :gens [({:f :broadcast, :value 0}
                                                 {:f :broadcast, :value 1}
                                                 {:f :broadcast, :value 2}
                                                 {:f :broadcast, :value 3}
                                                 {:f :broadcast, :value 4}
                                                 {:f :broadcast, :value 5}
                                                 {:f :broadcast, :value 6}
                                                 {:f :broadcast, :value 7}
                                                 ...)
                                                ({:f :read}
                                                 {:f :read}
                                                 {:f :read}
                                                 {:f :read}
                                                 {:f :read}
                                                 {:f :read}
                                                 {:f :read}
                                                 {:f :read}
                                                 ...)]})})})]})})})
  (jepsen.generator.Synchronize
   {:gen (jepsen.generator.OnThreads
          {:f #{:nemesis},
           :context-filter #object[jepsen.generator.context$make_thread_filter$lazy_filter__9167
                                   "0x635b3ec7"
                                   "jepsen.generator.context$make_thread_filter$lazy_filter__9167@635b3ec7"],
           :gen ()})})
  (jepsen.generator.Synchronize
   {:gen {:type :log, :value "Waiting for recovery..."}})
  (jepsen.generator.Synchronize {:gen {:type :sleep, :value 10}})
  (jepsen.generator.Synchronize
   {:gen (jepsen.generator.OnThreads
          {:f #jepsen.generator.context.AllBut{:element :nemesis},
           :context-filter #object[jepsen.generator.context$make_thread_filter$lazy_filter__9167
                                   "0x1f9b86f5"
                                   "jepsen.generator.context$make_thread_filter$lazy_filter__9167@1f9b86f5"],
           :gen (jepsen.generator.EachThread
                 {:fresh-gen {:f :read, :final? true},
                  :context-filters #object[clojure.core$promise$reify__8591
                                           "0x15aa3084"
                                           {:status :pending, :val nil}],
                  :gens {}})})}))
 :log-net-recv false
 :os
 #object[maelstrom.net$jepsen_os$reify__15254
         "0x4e6c4c55"
         "maelstrom.net$jepsen_os$reify__15254@4e6c4c55"]
 :time-limit 20
 :workload :broadcast
 :consistency-models [:strict-serializable]
 :topology :grid}

2026-03-20 14:01:49,582{GMT}	INFO	[jepsen node n0] maelstrom.net: Starting Maelstrom network
2026-03-20 14:01:49,583{GMT}	INFO	[jepsen test runner] jepsen.db: Tearing down DB
2026-03-20 14:01:49,585{GMT}	INFO	[jepsen test runner] jepsen.db: Setting up DB
2026-03-20 14:01:49,587{GMT}	INFO	[jepsen node n3] maelstrom.db: Setting up n3
2026-03-20 14:01:49,587{GMT}	INFO	[jepsen node n1] maelstrom.db: Setting up n1
2026-03-20 14:01:49,587{GMT}	INFO	[jepsen node n2] maelstrom.db: Setting up n2
2026-03-20 14:01:49,587{GMT}	INFO	[jepsen node n4] maelstrom.db: Setting up n4
2026-03-20 14:01:49,587{GMT}	INFO	[jepsen node n2] maelstrom.process: launching run.sh ["broadcast"]
2026-03-20 14:01:49,587{GMT}	INFO	[jepsen node n4] maelstrom.process: launching run.sh ["broadcast"]
2026-03-20 14:01:49,587{GMT}	INFO	[jepsen node n3] maelstrom.process: launching run.sh ["broadcast"]
2026-03-20 14:01:49,587{GMT}	INFO	[jepsen node n1] maelstrom.process: launching run.sh ["broadcast"]
2026-03-20 14:01:49,590{GMT}	INFO	[jepsen node n0] maelstrom.service: Starting services: (lin-kv lin-tso lww-kv seq-kv)
2026-03-20 14:01:49,598{GMT}	INFO	[jepsen node n0] maelstrom.db: Setting up n0
2026-03-20 14:01:49,599{GMT}	INFO	[jepsen node n0] maelstrom.process: launching run.sh ["broadcast"]
2026-03-20 14:01:49,821{GMT}	INFO	[jepsen test runner] jepsen.core: Relative time begins now
2026-03-20 14:01:49,845{GMT}	INFO	[jepsen worker 0] jepsen.util: 0	:invoke	:broadcast	0
2026-03-20 14:01:49,850{GMT}	INFO	[jepsen worker 0] jepsen.util: 0	:ok	:broadcast	0
2026-03-20 14:01:49,952{GMT}	INFO	[jepsen worker 1] jepsen.util: 1	:invoke	:broadcast	1
2026-03-20 14:01:49,958{GMT}	INFO	[jepsen worker 1] jepsen.util: 1	:ok	:broadcast	1
2026-03-20 14:01:50,054{GMT}	INFO	[jepsen worker 2] jepsen.util: 2	:invoke	:broadcast	2
2026-03-20 14:01:50,059{GMT}	INFO	[jepsen worker 2] jepsen.util: 2	:ok	:broadcast	2
2026-03-20 14:01:50,221{GMT}	INFO	[jepsen worker 3] jepsen.util: 3	:invoke	:broadcast	3
2026-03-20 14:01:50,228{GMT}	INFO	[jepsen worker 3] jepsen.util: 3	:ok	:broadcast	3
2026-03-20 14:01:50,307{GMT}	INFO	[jepsen worker 4] jepsen.util: 4	:invoke	:broadcast	4
2026-03-20 14:01:50,311{GMT}	INFO	[jepsen worker 4] jepsen.util: 4	:ok	:broadcast	4
2026-03-20 14:01:50,376{GMT}	INFO	[jepsen worker 0] jepsen.util: 0	:invoke	:broadcast	5
2026-03-20 14:01:50,381{GMT}	INFO	[jepsen worker 0] jepsen.util: 0	:ok	:broadcast	5
2026-03-20 14:01:50,402{GMT}	INFO	[jepsen worker 0] jepsen.util: 0	:invoke	:read	nil
2026-03-20 14:01:50,406{GMT}	INFO	[jepsen worker 0] jepsen.util: 0	:ok	:read	[1 2 3 4]
2026-03-20 14:01:50,456{GMT}	INFO	[jepsen worker 1] jepsen.util: 1	:invoke	:broadcast	6
2026-03-20 14:01:50,460{GMT}	INFO	[jepsen worker 1] jepsen.util: 1	:ok	:broadcast	6
2026-03-20 14:01:50,646{GMT}	INFO	[jepsen worker 2] jepsen.util: 2	:invoke	:read	nil
2026-03-20 14:01:50,651{GMT}	INFO	[jepsen worker 2] jepsen.util: 2	:ok	:read	[0 5]
2026-03-20 14:01:50,796{GMT}	INFO	[jepsen worker 3] jepsen.util: 3	:invoke	:read	nil
2026-03-20 14:01:50,801{GMT}	INFO	[jepsen worker 3] jepsen.util: 3	:ok	:read	[0 5]
2026-03-20 14:01:50,918{GMT}	INFO	[jepsen worker 4] jepsen.util: 4	:invoke	:read	nil
2026-03-20 14:01:50,924{GMT}	INFO	[jepsen worker 4] jepsen.util: 4	:ok	:read	[0 5]
2026-03-20 14:01:51,080{GMT}	INFO	[jepsen worker 0] jepsen.util: 0	:invoke	:read	nil
2026-03-20 14:01:51,084{GMT}	INFO	[jepsen worker 0] jepsen.util: 0	:ok	:read	[1 2 3 4 6]
2026-03-20 14:01:51,087{GMT}	INFO	[jepsen worker 0] jepsen.util: 0	:invoke	:read	nil
2026-03-20 14:01:51,091{GMT}	INFO	[jepsen worker 0] jepsen.util: 0	:ok	:read	[1 2 3 4 6]
2026-03-20 14:01:51,173{GMT}	INFO	[jepsen worker 1] jepsen.util: 1	:invoke	:read	nil
2026-03-20 14:01:51,178{GMT}	INFO	[jepsen worker 1] jepsen.util: 1	:ok	:read	[0 5]
2026-03-20 14:01:51,297{GMT}	INFO	[jepsen worker 2] jepsen.util: 2	:invoke	:read	nil
2026-03-20 14:01:51,302{GMT}	INFO	[jepsen worker 2] jepsen.util: 2	:ok	:read	[0 5]
2026-03-20 14:01:51,360{GMT}	INFO	[jepsen worker 3] jepsen.util: 3	:invoke	:read	nil
2026-03-20 14:01:51,364{GMT}	INFO	[jepsen worker 3] jepsen.util: 3	:ok	:read	[0 5]
2026-03-20 14:01:51,525{GMT}	INFO	[jepsen worker 4] jepsen.util: 4	:invoke	:broadcast	7
2026-03-20 14:01:51,530{GMT}	INFO	[jepsen worker 4] jepsen.util: 4	:ok	:broadcast	7
2026-03-20 14:01:51,661{GMT}	INFO	[jepsen worker 0] jepsen.util: 0	:invoke	:broadcast	8
2026-03-20 14:01:51,668{GMT}	INFO	[jepsen worker 0] jepsen.util: 0	:ok	:broadcast	8
2026-03-20 14:01:51,758{GMT}	INFO	[jepsen worker 0] jepsen.util: 0	:invoke	:broadcast	9
2026-03-20 14:01:51,763{GMT}	INFO	[jepsen worker 0] jepsen.util: 0	:ok	:broadcast	9
2026-03-20 14:01:51,765{GMT}	INFO	[jepsen worker 1] jepsen.util: 1	:invoke	:read	nil
2026-03-20 14:01:51,769{GMT}	INFO	[jepsen worker 1] jepsen.util: 1	:ok	:read	[0 5 8 9]
2026-03-20 14:01:51,883{GMT}	INFO	[jepsen worker 2] jepsen.util: 2	:invoke	:read	nil
2026-03-20 14:01:51,887{GMT}	INFO	[jepsen worker 2] jepsen.util: 2	:ok	:read	[0 5 8 9]
2026-03-20 14:01:52,066{GMT}	INFO	[jepsen worker 3] jepsen.util: 3	:invoke	:read	nil
2026-03-20 14:01:52,069{GMT}	INFO	[jepsen worker 4] jepsen.util: 4	:invoke	:broadcast	10
2026-03-20 14:01:52,071{GMT}	INFO	[jepsen worker 3] jepsen.util: 3	:ok	:read	[0 5 8 9]
2026-03-20 14:01:52,073{GMT}	INFO	[jepsen worker 4] jepsen.util: 4	:ok	:broadcast	10
2026-03-20 14:01:52,243{GMT}	INFO	[jepsen worker 0] jepsen.util: 0	:invoke	:read	nil
2026-03-20 14:01:52,247{GMT}	INFO	[jepsen worker 0] jepsen.util: 0	:ok	:read	[1 2 3 4 6 7 10]
2026-03-20 14:01:52,379{GMT}	INFO	[jepsen worker 0] jepsen.util: 0	:invoke	:broadcast	11
2026-03-20 14:01:52,385{GMT}	INFO	[jepsen worker 0] jepsen.util: 0	:ok	:broadcast	11
2026-03-20 14:01:52,577{GMT}	INFO	[jepsen worker 1] jepsen.util: 1	:invoke	:broadcast	12
2026-03-20 14:01:52,582{GMT}	INFO	[jepsen worker 1] jepsen.util: 1	:ok	:broadcast	12
2026-03-20 14:01:52,624{GMT}	INFO	[jepsen worker 2] jepsen.util: 2	:invoke	:broadcast	13
2026-03-20 14:01:52,628{GMT}	INFO	[jepsen worker 2] jepsen.util: 2	:ok	:broadcast	13
2026-03-20 14:01:52,775{GMT}	INFO	[jepsen worker 3] jepsen.util: 3	:invoke	:read	nil
2026-03-20 14:01:52,779{GMT}	INFO	[jepsen worker 3] jepsen.util: 3	:ok	:read	[0 5 8 9 11]
2026-03-20 14:01:52,966{GMT}	INFO	[jepsen worker 4] jepsen.util: 4	:invoke	:broadcast	14
2026-03-20 14:01:52,970{GMT}	INFO	[jepsen worker 4] jepsen.util: 4	:ok	:broadcast	14
2026-03-20 14:01:53,095{GMT}	INFO	[jepsen worker 0] jepsen.util: 0	:invoke	:read	nil
2026-03-20 14:01:53,099{GMT}	INFO	[jepsen worker 0] jepsen.util: 0	:ok	:read	[1 2 3 4 6 7 10 12 13 14]
2026-03-20 14:01:53,149{GMT}	INFO	[jepsen worker 0] jepsen.util: 0	:invoke	:broadcast	15
2026-03-20 14:01:53,154{GMT}	INFO	[jepsen worker 0] jepsen.util: 0	:ok	:broadcast	15
2026-03-20 14:01:53,214{GMT}	INFO	[jepsen worker 1] jepsen.util: 1	:invoke	:broadcast	16
2026-03-20 14:01:53,218{GMT}	INFO	[jepsen worker 1] jepsen.util: 1	:ok	:broadcast	16
2026-03-20 14:01:53,302{GMT}	INFO	[jepsen worker 2] jepsen.util: 2	:invoke	:read	nil
2026-03-20 14:01:53,305{GMT}	INFO	[jepsen worker 2] jepsen.util: 2	:ok	:read	[0 5 8 9 11 15]
2026-03-20 14:01:53,352{GMT}	INFO	[jepsen worker 3] jepsen.util: 3	:invoke	:broadcast	17
2026-03-20 14:01:53,355{GMT}	INFO	[jepsen worker 3] jepsen.util: 3	:ok	:broadcast	17
2026-03-20 14:01:53,545{GMT}	INFO	[jepsen worker 4] jepsen.util: 4	:invoke	:read	nil
2026-03-20 14:01:53,547{GMT}	INFO	[jepsen worker 0] jepsen.util: 0	:invoke	:read	nil
2026-03-20 14:01:53,549{GMT}	INFO	[jepsen worker 4] jepsen.util: 4	:ok	:read	[0 5 8 9 11 15]
2026-03-20 14:01:53,551{GMT}	INFO	[jepsen worker 0] jepsen.util: 0	:ok	:read	[1 2 3 4 6 7 10 12 13 14 16 17]
2026-03-20 14:01:53,701{GMT}	INFO	[jepsen worker 0] jepsen.util: 0	:invoke	:broadcast	18
2026-03-20 14:01:53,706{GMT}	INFO	[jepsen worker 0] jepsen.util: 0	:ok	:broadcast	18
2026-03-20 14:01:53,788{GMT}	INFO	[jepsen worker 1] jepsen.util: 1	:invoke	:broadcast	19
2026-03-20 14:01:53,793{GMT}	INFO	[jepsen worker 1] jepsen.util: 1	:ok	:broadcast	19
2026-03-20 14:01:53,808{GMT}	INFO	[jepsen worker 2] jepsen.util: 2	:invoke	:broadcast	20
2026-03-20 14:01:53,813{GMT}	INFO	[jepsen worker 2] jepsen.util: 2	:ok	:broadcast	20
2026-03-20 14:01:53,880{GMT}	INFO	[jepsen worker 3] jepsen.util: 3	:invoke	:read	nil
2026-03-20 14:01:53,883{GMT}	INFO	[jepsen worker 3] jepsen.util: 3	:ok	:read	[0 5 8 9 11 15 18]
2026-03-20 14:01:54,012{GMT}	INFO	[jepsen worker 4] jepsen.util: 4	:invoke	:broadcast	21
2026-03-20 14:01:54,017{GMT}	INFO	[jepsen worker 4] jepsen.util: 4	:ok	:broadcast	21
2026-03-20 14:01:54,133{GMT}	INFO	[jepsen worker 0] jepsen.util: 0	:invoke	:broadcast	22
2026-03-20 14:01:54,138{GMT}	INFO	[jepsen worker 0] jepsen.util: 0	:ok	:broadcast	22
2026-03-20 14:01:54,200{GMT}	INFO	[jepsen worker 0] jepsen.util: 0	:invoke	:broadcast	23
2026-03-20 14:01:54,205{GMT}	INFO	[jepsen worker 0] jepsen.util: 0	:ok	:broadcast	23
2026-03-20 14:01:54,378{GMT}	INFO	[jepsen worker 1] jepsen.util: 1	:invoke	:read	nil
2026-03-20 14:01:54,382{GMT}	INFO	[jepsen worker 1] jepsen.util: 1	:ok	:read	[0 5 8 9 11 15 18 22 23]
2026-03-20 14:01:54,386{GMT}	INFO	[jepsen worker 2] jepsen.util: 2	:invoke	:broadcast	24
2026-03-20 14:01:54,390{GMT}	INFO	[jepsen worker 2] jepsen.util: 2	:ok	:broadcast	24
2026-03-20 14:01:54,461{GMT}	INFO	[jepsen worker 3] jepsen.util: 3	:invoke	:read	nil
2026-03-20 14:01:54,464{GMT}	INFO	[jepsen worker 3] jepsen.util: 3	:ok	:read	[0 5 8 9 11 15 18 22 23]
2026-03-20 14:01:54,543{GMT}	INFO	[jepsen worker 4] jepsen.util: 4	:invoke	:broadcast	25
2026-03-20 14:01:54,547{GMT}	INFO	[jepsen worker 4] jepsen.util: 4	:ok	:broadcast	25
2026-03-20 14:01:54,700{GMT}	INFO	[jepsen worker 0] jepsen.util: 0	:invoke	:broadcast	26
2026-03-20 14:01:54,706{GMT}	INFO	[jepsen worker 0] jepsen.util: 0	:ok	:broadcast	26
2026-03-20 14:01:54,818{GMT}	INFO	[jepsen worker 0] jepsen.util: 0	:invoke	:read	nil
2026-03-20 14:01:54,821{GMT}	INFO	[jepsen worker 0] jepsen.util: 0	:ok	:read	[1 2 3 4 6 7 10 12 13 14 16 17 19 20 21 24 25]
2026-03-20 14:01:54,908{GMT}	INFO	[jepsen worker 1] jepsen.util: 1	:invoke	:read	nil
2026-03-20 14:01:54,912{GMT}	INFO	[jepsen worker 1] jepsen.util: 1	:ok	:read	[0 5 8 9 11 15 18 22 23 26]
2026-03-20 14:01:54,950{GMT}	INFO	[jepsen worker 2] jepsen.util: 2	:invoke	:broadcast	27
2026-03-20 14:01:54,954{GMT}	INFO	[jepsen worker 2] jepsen.util: 2	:ok	:broadcast	27
2026-03-20 14:01:55,081{GMT}	INFO	[jepsen worker 3] jepsen.util: 3	:invoke	:broadcast	28
2026-03-20 14:01:55,084{GMT}	INFO	[jepsen worker 3] jepsen.util: 3	:ok	:broadcast	28
2026-03-20 14:01:55,085{GMT}	INFO	[jepsen worker 4] jepsen.util: 4	:invoke	:read	nil
2026-03-20 14:01:55,089{GMT}	INFO	[jepsen worker 4] jepsen.util: 4	:ok	:read	[0 5 8 9 11 15 18 22 23 26]
2026-03-20 14:01:55,120{GMT}	INFO	[jepsen worker 0] jepsen.util: 0	:invoke	:read	nil
2026-03-20 14:01:55,123{GMT}	INFO	[jepsen worker 0] jepsen.util: 0	:ok	:read	[1 2 3 4 6 7 10 12 13 14 16 17 19 20 21 24 25 27 28]
2026-03-20 14:01:55,181{GMT}	INFO	[jepsen worker 0] jepsen.util: 0	:invoke	:read	nil
2026-03-20 14:01:55,183{GMT}	INFO	[jepsen worker 0] jepsen.util: 0	:ok	:read	[1 2 3 4 6 7 10 12 13 14 16 17 19 20 21 24 25 27 28]
2026-03-20 14:01:55,258{GMT}	INFO	[jepsen worker 1] jepsen.util: 1	:invoke	:broadcast	29
2026-03-20 14:01:55,262{GMT}	INFO	[jepsen worker 1] jepsen.util: 1	:ok	:broadcast	29
2026-03-20 14:01:55,312{GMT}	INFO	[jepsen worker 2] jepsen.util: 2	:invoke	:broadcast	30
2026-03-20 14:01:55,314{GMT}	INFO	[jepsen worker 2] jepsen.util: 2	:ok	:broadcast	30
2026-03-20 14:01:55,505{GMT}	INFO	[jepsen worker 3] jepsen.util: 3	:invoke	:read	nil
2026-03-20 14:01:55,507{GMT}	INFO	[jepsen worker 3] jepsen.util: 3	:ok	:read	[0 5 8 9 11 15 18 22 23 26]
2026-03-20 14:01:55,559{GMT}	INFO	[jepsen worker 4] jepsen.util: 4	:invoke	:broadcast	31
2026-03-20 14:01:55,561{GMT}	INFO	[jepsen worker 4] jepsen.util: 4	:ok	:broadcast	31
2026-03-20 14:01:55,695{GMT}	INFO	[jepsen worker 0] jepsen.util: 0	:invoke	:broadcast	32
2026-03-20 14:01:55,697{GMT}	INFO	[jepsen worker 0] jepsen.util: 0	:ok	:broadcast	32
2026-03-20 14:01:55,798{GMT}	INFO	[jepsen worker 0] jepsen.util: 0	:invoke	:broadcast	33
2026-03-20 14:01:55,800{GMT}	INFO	[jepsen worker 0] jepsen.util: 0	:ok	:broadcast	33
2026-03-20 14:01:55,865{GMT}	INFO	[jepsen worker 1] jepsen.util: 1	:invoke	:broadcast	34
2026-03-20 14:01:55,868{GMT}	INFO	[jepsen worker 1] jepsen.util: 1	:ok	:broadcast	34
2026-03-20 14:01:56,033{GMT}	INFO	[jepsen worker 2] jepsen.util: 2	:invoke	:broadcast	35
2026-03-20 14:01:56,036{GMT}	INFO	[jepsen worker 2] jepsen.util: 2	:ok	:broadcast	35
2026-03-20 14:01:56,105{GMT}	INFO	[jepsen worker 3] jepsen.util: 3	:invoke	:broadcast	36
2026-03-20 14:01:56,107{GMT}	INFO	[jepsen worker 3] jepsen.util: 3	:ok	:broadcast	36
2026-03-20 14:01:56,304{GMT}	INFO	[jepsen worker 4] jepsen.util: 4	:invoke	:read	nil
2026-03-20 14:01:56,308{GMT}	INFO	[jepsen worker 4] jepsen.util: 4	:ok	:read	[0 5 8 9 11 15 18 22 23 26 32 33]
2026-03-20 14:01:56,363{GMT}	INFO	[jepsen worker 0] jepsen.util: 0	:invoke	:read	nil
2026-03-20 14:01:56,367{GMT}	INFO	[jepsen worker 0] jepsen.util: 0	:ok	:read	[1 2 3 4 6 7 10 12 13 14 16 17 19 20 21 24 25 27 28 29 30 31 34 35 36]
2026-03-20 14:01:56,538{GMT}	INFO	[jepsen worker 0] jepsen.util: 0	:invoke	:read	nil
2026-03-20 14:01:56,541{GMT}	INFO	[jepsen worker 0] jepsen.util: 0	:ok	:read	[1 2 3 4 6 7 10 12 13 14 16 17 19 20 21 24 25 27 28 29 30 31 34 35 36]
2026-03-20 14:01:56,570{GMT}	INFO	[jepsen worker 1] jepsen.util: 1	:invoke	:read	nil
2026-03-20 14:01:56,573{GMT}	INFO	[jepsen worker 1] jepsen.util: 1	:ok	:read	[0 5 8 9 11 15 18 22 23 26 32 33]
2026-03-20 14:01:56,689{GMT}	INFO	[jepsen worker 2] jepsen.util: 2	:invoke	:broadcast	37
2026-03-20 14:01:56,692{GMT}	INFO	[jepsen worker 2] jepsen.util: 2	:ok	:broadcast	37
2026-03-20 14:01:56,876{GMT}	INFO	[jepsen worker 3] jepsen.util: 3	:invoke	:broadcast	38
2026-03-20 14:01:56,885{GMT}	INFO	[jepsen worker 3] jepsen.util: 3	:ok	:broadcast	38
2026-03-20 14:01:56,940{GMT}	INFO	[jepsen worker 4] jepsen.util: 4	:invoke	:broadcast	39
2026-03-20 14:01:56,943{GMT}	INFO	[jepsen worker 4] jepsen.util: 4	:ok	:broadcast	39
2026-03-20 14:01:57,081{GMT}	INFO	[jepsen worker 0] jepsen.util: 0	:invoke	:read	nil
2026-03-20 14:01:57,084{GMT}	INFO	[jepsen worker 0] jepsen.util: 0	:ok	:read	[1 2 3 4 6 7 10 12 13 14 16 17 19 20 21 24 25 27 28 29 30 31 34 35 36 37 38 39]
2026-03-20 14:01:57,144{GMT}	INFO	[jepsen worker 0] jepsen.util: 0	:invoke	:read	nil
2026-03-20 14:01:57,146{GMT}	INFO	[jepsen worker 0] jepsen.util: 0	:ok	:read	[1 2 3 4 6 7 10 12 13 14 16 17 19 20 21 24 25 27 28 29 30 31 34 35 36 37 38 39]
2026-03-20 14:01:57,230{GMT}	INFO	[jepsen worker 1] jepsen.util: 1	:invoke	:read	nil
2026-03-20 14:01:57,233{GMT}	INFO	[jepsen worker 1] jepsen.util: 1	:ok	:read	[0 5 8 9 11 15 18 22 23 26 32 33]
2026-03-20 14:01:57,321{GMT}	INFO	[jepsen worker 2] jepsen.util: 2	:invoke	:broadcast	40
2026-03-20 14:01:57,323{GMT}	INFO	[jepsen worker 2] jepsen.util: 2	:ok	:broadcast	40
2026-03-20 14:01:57,348{GMT}	INFO	[jepsen worker 3] jepsen.util: 3	:invoke	:read	nil
2026-03-20 14:01:57,351{GMT}	INFO	[jepsen worker 3] jepsen.util: 3	:ok	:read	[0 5 8 9 11 15 18 22 23 26 32 33]
2026-03-20 14:01:57,425{GMT}	INFO	[jepsen worker 4] jepsen.util: 4	:invoke	:broadcast	41
2026-03-20 14:01:57,429{GMT}	INFO	[jepsen worker 4] jepsen.util: 4	:ok	:broadcast	41
2026-03-20 14:01:57,540{GMT}	INFO	[jepsen worker 0] jepsen.util: 0	:invoke	:read	nil
2026-03-20 14:01:57,542{GMT}	INFO	[jepsen worker 0] jepsen.util: 0	:ok	:read	[1 2 3 4 6 7 10 12 13 14 16 17 19 20 21 24 25 27 28 29 30 31 34 35 36 37 38 39 40 41]
2026-03-20 14:01:57,680{GMT}	INFO	[jepsen worker 0] jepsen.util: 0	:invoke	:read	nil
2026-03-20 14:01:57,684{GMT}	INFO	[jepsen worker 0] jepsen.util: 0	:ok	:read	[1 2 3 4 6 7 10 12 13 14 16 17 19 20 21 24 25 27 28 29 30 31 34 35 36 37 38 39 40 41]
2026-03-20 14:01:57,737{GMT}	INFO	[jepsen worker 1] jepsen.util: 1	:invoke	:broadcast	42
2026-03-20 14:01:57,741{GMT}	INFO	[jepsen worker 1] jepsen.util: 1	:ok	:broadcast	42
2026-03-20 14:01:57,922{GMT}	INFO	[jepsen worker 2] jepsen.util: 2	:invoke	:broadcast	43
2026-03-20 14:01:57,926{GMT}	INFO	[jepsen worker 2] jepsen.util: 2	:ok	:broadcast	43
2026-03-20 14:01:58,036{GMT}	INFO	[jepsen worker 3] jepsen.util: 3	:invoke	:read	nil
2026-03-20 14:01:58,039{GMT}	INFO	[jepsen worker 3] jepsen.util: 3	:ok	:read	[0 5 8 9 11 15 18 22 23 26 32 33]
2026-03-20 14:01:58,196{GMT}	INFO	[jepsen worker 4] jepsen.util: 4	:invoke	:broadcast	44
2026-03-20 14:01:58,199{GMT}	INFO	[jepsen worker 4] jepsen.util: 4	:ok	:broadcast	44
2026-03-20 14:01:58,200{GMT}	INFO	[jepsen worker 0] jepsen.util: 0	:invoke	:read	nil
2026-03-20 14:01:58,203{GMT}	INFO	[jepsen worker 0] jepsen.util: 0	:ok	:read	[1 2 3 4 6 7 10 12 13 14 16 17 19 20 21 24 25 27 28 29 30 31 34 35 36 37 38 39 40 41 42 43 44]
2026-03-20 14:01:58,204{GMT}	INFO	[jepsen worker 1] jepsen.util: 1	:invoke	:read	nil
2026-03-20 14:01:58,207{GMT}	INFO	[jepsen worker 1] jepsen.util: 1	:ok	:read	[0 5 8 9 11 15 18 22 23 26 32 33]
2026-03-20 14:01:58,334{GMT}	INFO	[jepsen worker 1] jepsen.util: 1	:invoke	:read	nil
2026-03-20 14:01:58,337{GMT}	INFO	[jepsen worker 1] jepsen.util: 1	:ok	:read	[0 5 8 9 11 15 18 22 23 26 32 33]
2026-03-20 14:01:58,493{GMT}	INFO	[jepsen worker 2] jepsen.util: 2	:invoke	:read	nil
2026-03-20 14:01:58,496{GMT}	INFO	[jepsen worker 2] jepsen.util: 2	:ok	:read	[0 5 8 9 11 15 18 22 23 26 32 33]
2026-03-20 14:01:58,541{GMT}	INFO	[Jepsen shutdown hook] jepsen.core: Downloading DB logs before JVM shutdown...
