2026-03-12 17:08:51,788{GMT}	INFO	[jepsen test runner] jepsen.core: Command line:
lein run test -w broadcast --bin run.sh broadcast --node-count 5 --time-limit 20 --rate 10
2026-03-12 17:08:51,870{GMT}	INFO	[jepsen test runner] jepsen.core: Running test:
{:args ["broadcast"]
 :remote
 #jepsen.control.retry.Remote{:remote #jepsen.control.scp.Remote{:cmd-remote #jepsen.control.sshj.SSHJRemote{:concurrency-limit 6,
                                                                                                             :conn-spec nil,
                                                                                                             :client nil,
                                                                                                             :semaphore nil},
                                                                 :conn-spec nil},
                              :conn nil}
 :log-net-send false
 :node-count 5
 :availability nil
 :max-txn-length 4
 :concurrency 5
 :db
 #object[maelstrom.db$db$reify__16142
         "0x3619ecd"
         "maelstrom.db$db$reify__16142@3619ecd"]
 :max-writes-per-key 16
 :leave-db-running? false
 :name "broadcast"
 :logging-json? false
 :start-time
 #object[org.joda.time.DateTime "0x7de4bd8f" "2026-03-12T17:08:51.762Z"]
 :nemesis-interval 10
 :net
 #object[maelstrom.net$jepsen_net$reify__15251
         "0x193e65d5"
         "maelstrom.net$jepsen_net$reify__15251@193e65d5"]
 :client
 #object[maelstrom.workload.broadcast$client$reify__16644
         "0x2a97b4b8"
         "maelstrom.workload.broadcast$client$reify__16644@2a97b4b8"]
 :barrier
 #object[java.util.concurrent.CyclicBarrier
         "0x250fc0d1"
         "java.util.concurrent.CyclicBarrier@250fc0d1"]
 :log-stderr false
 :pure-generators true
 :ssh {:dummy? true}
 :rate 10.0
 :checker
 #object[jepsen.checker$compose$reify__11881
         "0x7ddf193a"
         "jepsen.checker$compose$reify__11881@7ddf193a"]
 :argv
 ("test"
  "-w"
  "broadcast"
  "--bin"
  "run.sh"
  "broadcast"
  "--node-count"
  "5"
  "--time-limit"
  "20"
  "--rate"
  "10")
 :nemesis
 (jepsen.nemesis.ReflCompose
  {:fm {:start-partition 0,
        :stop-partition 0,
        :kill 1,
        :start 1,
        :pause 1,
        :resume 1},
   :nemeses [#unprintable "jepsen.nemesis.combined$partition_nemesis$reify__16416@17a5cb99"
             #unprintable "jepsen.nemesis.combined$db_nemesis$reify__16397@808fa1"]})
 :nodes ["n0" "n1" "n2" "n3" "n4"]
 :test-count 1
 :latency {:mean 0, :dist :constant}
 :bin "run.sh"
 :generator
 ((jepsen.generator.Synchronize
   {:gen (jepsen.generator.TimeLimit
          {:limit 20000000000,
           :cutoff nil,
           :gen (jepsen.generator.Any
                 {:gens [(jepsen.generator.OnThreads
                          {:f #{:nemesis},
                           :context-filter #object[jepsen.generator.context$make_thread_filter$lazy_filter__9167
                                                   "0x7545cb17"
                                                   "jepsen.generator.context$make_thread_filter$lazy_filter__9167@7545cb17"],
                           :gen nil})
                         (jepsen.generator.OnThreads
                          {:f #jepsen.generator.context.AllBut{:element :nemesis},
                           :context-filter #object[jepsen.generator.context$make_thread_filter$lazy_filter__9167
                                                   "0x635b3ec7"
                                                   "jepsen.generator.context$make_thread_filter$lazy_filter__9167@635b3ec7"],
                           :gen (jepsen.generator.Stagger
                                 {:dt 200000000,
                                  :next-time nil,
                                  :gen (jepsen.generator.Mix
                                        {:i 1,
                                         :gens [({:f :broadcast, :value 0}
                                                 {:f :broadcast, :value 1}
                                                 {:f :broadcast, :value 2}
                                                 {:f :broadcast, :value 3}
                                                 {:f :broadcast, :value 4}
                                                 {:f :broadcast, :value 5}
                                                 {:f :broadcast, :value 6}
                                                 {:f :broadcast, :value 7}
                                                 ...)
                                                ({:f :read}
                                                 {:f :read}
                                                 {:f :read}
                                                 {:f :read}
                                                 {:f :read}
                                                 {:f :read}
                                                 {:f :read}
                                                 {:f :read}
                                                 ...)]})})})]})})})
  (jepsen.generator.Synchronize
   {:gen (jepsen.generator.OnThreads
          {:f #{:nemesis},
           :context-filter #object[jepsen.generator.context$make_thread_filter$lazy_filter__9167
                                   "0x15aa3084"
                                   "jepsen.generator.context$make_thread_filter$lazy_filter__9167@15aa3084"],
           :gen ()})})
  (jepsen.generator.Synchronize
   {:gen {:type :log, :value "Waiting for recovery..."}})
  (jepsen.generator.Synchronize {:gen {:type :sleep, :value 10}})
  (jepsen.generator.Synchronize
   {:gen (jepsen.generator.OnThreads
          {:f #jepsen.generator.context.AllBut{:element :nemesis},
           :context-filter #object[jepsen.generator.context$make_thread_filter$lazy_filter__9167
                                   "0x4e6c4c55"
                                   "jepsen.generator.context$make_thread_filter$lazy_filter__9167@4e6c4c55"],
           :gen (jepsen.generator.EachThread
                 {:fresh-gen {:f :read, :final? true},
                  :context-filters #object[clojure.core$promise$reify__8591
                                           "0x74fbee59"
                                           {:status :pending, :val nil}],
                  :gens {}})})}))
 :log-net-recv false
 :os
 #object[maelstrom.net$jepsen_os$reify__15254
         "0x3794621d"
         "maelstrom.net$jepsen_os$reify__15254@3794621d"]
 :time-limit 20
 :workload :broadcast
 :consistency-models [:strict-serializable]
 :topology :grid}

2026-03-12 17:08:53,289{GMT}	INFO	[jepsen node n0] maelstrom.net: Starting Maelstrom network
2026-03-12 17:08:53,290{GMT}	INFO	[jepsen test runner] jepsen.db: Tearing down DB
2026-03-12 17:08:53,292{GMT}	INFO	[jepsen test runner] jepsen.db: Setting up DB
2026-03-12 17:08:53,293{GMT}	INFO	[jepsen node n4] maelstrom.db: Setting up n4
2026-03-12 17:08:53,293{GMT}	INFO	[jepsen node n2] maelstrom.db: Setting up n2
2026-03-12 17:08:53,293{GMT}	INFO	[jepsen node n3] maelstrom.db: Setting up n3
2026-03-12 17:08:53,293{GMT}	INFO	[jepsen node n1] maelstrom.db: Setting up n1
2026-03-12 17:08:53,294{GMT}	INFO	[jepsen node n4] maelstrom.process: launching run.sh ["broadcast"]
2026-03-12 17:08:53,294{GMT}	INFO	[jepsen node n3] maelstrom.process: launching run.sh ["broadcast"]
2026-03-12 17:08:53,294{GMT}	INFO	[jepsen node n2] maelstrom.process: launching run.sh ["broadcast"]
2026-03-12 17:08:53,294{GMT}	INFO	[jepsen node n1] maelstrom.process: launching run.sh ["broadcast"]
2026-03-12 17:08:53,296{GMT}	INFO	[jepsen node n0] maelstrom.service: Starting services: (lin-kv lin-tso lww-kv seq-kv)
2026-03-12 17:08:53,298{GMT}	INFO	[jepsen node n0] maelstrom.db: Setting up n0
2026-03-12 17:08:53,299{GMT}	INFO	[jepsen node n0] maelstrom.process: launching run.sh ["broadcast"]
2026-03-12 17:08:53,490{GMT}	INFO	[jepsen test runner] jepsen.core: Relative time begins now
2026-03-12 17:08:53,514{GMT}	INFO	[jepsen worker 0] jepsen.util: 0	:invoke	:read	nil
2026-03-12 17:08:53,518{GMT}	INFO	[jepsen worker 0] jepsen.util: 0	:ok	:read	[]
2026-03-12 17:08:53,624{GMT}	INFO	[jepsen worker 1] jepsen.util: 1	:invoke	:broadcast	0
2026-03-12 17:08:53,627{GMT}	INFO	[jepsen worker 1] jepsen.util: 1	:ok	:broadcast	0
2026-03-12 17:08:53,692{GMT}	INFO	[jepsen worker 2] jepsen.util: 2	:invoke	:broadcast	1
2026-03-12 17:08:53,696{GMT}	INFO	[jepsen worker 2] jepsen.util: 2	:ok	:broadcast	1
2026-03-12 17:08:53,760{GMT}	INFO	[jepsen worker 3] jepsen.util: 3	:invoke	:broadcast	2
2026-03-12 17:08:53,765{GMT}	INFO	[jepsen worker 3] jepsen.util: 3	:ok	:broadcast	2
2026-03-12 17:08:53,767{GMT}	INFO	[jepsen worker 4] jepsen.util: 4	:invoke	:read	nil
2026-03-12 17:08:53,772{GMT}	INFO	[jepsen worker 4] jepsen.util: 4	:ok	:read	[]
2026-03-12 17:08:53,865{GMT}	INFO	[jepsen worker 0] jepsen.util: 0	:invoke	:broadcast	3
2026-03-12 17:08:53,870{GMT}	WARN	[n0 stdout] maelstrom.process: Error!
clojure.lang.ExceptionInfo: Node n0 printed a line to STDOUT which was not well-formed JSON:
sending to n4
Did you mean to encode this line as JSON? Or was this line intended for STDERR? See doc/protocol.md for more guidance.
	at slingshot.support$stack_trace.invoke(support.clj:201)
	at maelstrom.process$parse_msg$fn__15856.invoke(process.clj:47)
	at maelstrom.process$parse_msg.invokeStatic(process.clj:45)
	at maelstrom.process$parse_msg.invoke(process.clj:35)
	at maelstrom.process$stdout_thread$fn__15878$fn__15879$fn__15881.invoke(process.clj:146)
	at maelstrom.process$stdout_thread$fn__15878$fn__15879.invoke(process.clj:146)
	at maelstrom.process$stdout_thread$fn__15878.invoke(process.clj:140)
	at clojure.core$binding_conveyor_fn$fn__5823.invoke(core.clj:2047)
	at clojure.lang.AFn.call(AFn.java:18)
	at java.base/java.util.concurrent.FutureTask.run(FutureTask.java:317)
	at java.base/java.util.concurrent.ThreadPoolExecutor.runWorker(ThreadPoolExecutor.java:1144)
	at java.base/java.util.concurrent.ThreadPoolExecutor$Worker.run(ThreadPoolExecutor.java:642)
	at java.base/java.lang.Thread.run(Thread.java:1583)
2026-03-12 17:08:53,971{GMT}	INFO	[jepsen worker 1] jepsen.util: 1	:invoke	:read	nil
2026-03-12 17:08:53,973{GMT}	INFO	[jepsen worker 1] jepsen.util: 1	:ok	:read	[0]
2026-03-12 17:08:54,035{GMT}	INFO	[jepsen worker 1] jepsen.util: 1	:invoke	:read	nil
2026-03-12 17:08:54,035{GMT}	INFO	[jepsen worker 2] jepsen.util: 2	:invoke	:read	nil
2026-03-12 17:08:54,037{GMT}	INFO	[jepsen worker 2] jepsen.util: 2	:ok	:read	[1]
2026-03-12 17:08:54,037{GMT}	INFO	[jepsen worker 1] jepsen.util: 1	:ok	:read	[0]
2026-03-12 17:08:54,169{GMT}	INFO	[jepsen worker 3] jepsen.util: 3	:invoke	:read	nil
2026-03-12 17:08:54,171{GMT}	INFO	[jepsen worker 3] jepsen.util: 3	:ok	:read	[2]
2026-03-12 17:08:54,361{GMT}	INFO	[jepsen worker 4] jepsen.util: 4	:invoke	:broadcast	4
2026-03-12 17:08:54,365{GMT}	INFO	[jepsen worker 4] jepsen.util: 4	:ok	:broadcast	4
2026-03-12 17:08:54,372{GMT}	INFO	[jepsen worker 1] jepsen.util: 1	:invoke	:broadcast	5
2026-03-12 17:08:54,375{GMT}	INFO	[jepsen worker 1] jepsen.util: 1	:ok	:broadcast	5
2026-03-12 17:08:54,535{GMT}	INFO	[jepsen worker 1] jepsen.util: 1	:invoke	:broadcast	6
2026-03-12 17:08:54,538{GMT}	INFO	[jepsen worker 1] jepsen.util: 1	:ok	:broadcast	6
2026-03-12 17:08:54,633{GMT}	INFO	[jepsen worker 1] jepsen.util: 1	:invoke	:broadcast	7
2026-03-12 17:08:54,635{GMT}	INFO	[jepsen worker 1] jepsen.util: 1	:ok	:broadcast	7
2026-03-12 17:08:54,804{GMT}	INFO	[jepsen worker 2] jepsen.util: 2	:invoke	:read	nil
2026-03-12 17:08:54,806{GMT}	INFO	[jepsen worker 2] jepsen.util: 2	:ok	:read	[1]
2026-03-12 17:08:54,889{GMT}	INFO	[jepsen worker 3] jepsen.util: 3	:invoke	:read	nil
2026-03-12 17:08:54,891{GMT}	INFO	[jepsen worker 3] jepsen.util: 3	:ok	:read	[2]
2026-03-12 17:08:55,007{GMT}	INFO	[jepsen worker 4] jepsen.util: 4	:invoke	:read	nil
2026-03-12 17:08:55,009{GMT}	INFO	[jepsen worker 4] jepsen.util: 4	:ok	:read	[4]
2026-03-12 17:08:55,145{GMT}	INFO	[jepsen worker 1] jepsen.util: 1	:invoke	:broadcast	8
2026-03-12 17:08:55,147{GMT}	INFO	[jepsen worker 1] jepsen.util: 1	:ok	:broadcast	8
2026-03-12 17:08:55,185{GMT}	INFO	[jepsen worker 1] jepsen.util: 1	:invoke	:read	nil
2026-03-12 17:08:55,188{GMT}	INFO	[jepsen worker 1] jepsen.util: 1	:ok	:read	[0 5 6 7 8]
2026-03-12 17:08:55,259{GMT}	INFO	[jepsen worker 1] jepsen.util: 1	:invoke	:broadcast	9
2026-03-12 17:08:55,261{GMT}	INFO	[jepsen worker 1] jepsen.util: 1	:ok	:broadcast	9
2026-03-12 17:08:55,308{GMT}	INFO	[jepsen worker 2] jepsen.util: 2	:invoke	:read	nil
2026-03-12 17:08:55,311{GMT}	INFO	[jepsen worker 2] jepsen.util: 2	:ok	:read	[1]
2026-03-12 17:08:55,443{GMT}	INFO	[jepsen worker 3] jepsen.util: 3	:invoke	:read	nil
2026-03-12 17:08:55,445{GMT}	INFO	[jepsen worker 3] jepsen.util: 3	:ok	:read	[2]
2026-03-12 17:08:55,606{GMT}	INFO	[jepsen worker 4] jepsen.util: 4	:invoke	:broadcast	10
2026-03-12 17:08:55,609{GMT}	INFO	[jepsen worker 4] jepsen.util: 4	:ok	:broadcast	10
2026-03-12 17:08:55,689{GMT}	INFO	[jepsen worker 1] jepsen.util: 1	:invoke	:read	nil
2026-03-12 17:08:55,691{GMT}	INFO	[jepsen worker 1] jepsen.util: 1	:ok	:read	[0 5 6 7 8 9]
2026-03-12 17:08:55,791{GMT}	INFO	[jepsen worker 1] jepsen.util: 1	:invoke	:read	nil
2026-03-12 17:08:55,794{GMT}	INFO	[jepsen worker 1] jepsen.util: 1	:ok	:read	[0 5 6 7 8 9]
2026-03-12 17:08:55,930{GMT}	INFO	[jepsen worker 1] jepsen.util: 1	:invoke	:read	nil
2026-03-12 17:08:55,932{GMT}	INFO	[jepsen worker 1] jepsen.util: 1	:ok	:read	[0 5 6 7 8 9]
2026-03-12 17:08:56,109{GMT}	INFO	[jepsen worker 2] jepsen.util: 2	:invoke	:broadcast	11
2026-03-12 17:08:56,111{GMT}	INFO	[jepsen worker 2] jepsen.util: 2	:ok	:broadcast	11
2026-03-12 17:08:56,160{GMT}	INFO	[jepsen worker 3] jepsen.util: 3	:invoke	:broadcast	12
2026-03-12 17:08:56,162{GMT}	INFO	[jepsen worker 3] jepsen.util: 3	:ok	:broadcast	12
2026-03-12 17:08:56,329{GMT}	INFO	[jepsen worker 4] jepsen.util: 4	:invoke	:read	nil
2026-03-12 17:08:56,332{GMT}	INFO	[jepsen worker 4] jepsen.util: 4	:ok	:read	[4 10]
2026-03-12 17:08:56,514{GMT}	INFO	[jepsen worker 1] jepsen.util: 1	:invoke	:read	nil
2026-03-12 17:08:56,517{GMT}	INFO	[jepsen worker 1] jepsen.util: 1	:ok	:read	[0 5 6 7 8 9]
2026-03-12 17:08:56,574{GMT}	INFO	[jepsen worker 1] jepsen.util: 1	:invoke	:read	nil
2026-03-12 17:08:56,576{GMT}	INFO	[jepsen worker 1] jepsen.util: 1	:ok	:read	[0 5 6 7 8 9]
2026-03-12 17:08:56,733{GMT}	INFO	[jepsen worker 1] jepsen.util: 1	:invoke	:read	nil
2026-03-12 17:08:56,735{GMT}	INFO	[jepsen worker 1] jepsen.util: 1	:ok	:read	[0 5 6 7 8 9]
2026-03-12 17:08:56,920{GMT}	INFO	[jepsen worker 2] jepsen.util: 2	:invoke	:read	nil
2026-03-12 17:08:56,923{GMT}	INFO	[jepsen worker 2] jepsen.util: 2	:ok	:read	[1 11]
2026-03-12 17:08:57,021{GMT}	INFO	[jepsen worker 3] jepsen.util: 3	:invoke	:broadcast	13
2026-03-12 17:08:57,023{GMT}	INFO	[jepsen worker 3] jepsen.util: 3	:ok	:broadcast	13
2026-03-12 17:08:57,070{GMT}	INFO	[jepsen worker 4] jepsen.util: 4	:invoke	:broadcast	14
2026-03-12 17:08:57,072{GMT}	INFO	[jepsen worker 4] jepsen.util: 4	:ok	:broadcast	14
2026-03-12 17:08:57,116{GMT}	INFO	[jepsen worker 1] jepsen.util: 1	:invoke	:broadcast	15
2026-03-12 17:08:57,118{GMT}	INFO	[jepsen worker 1] jepsen.util: 1	:ok	:broadcast	15
2026-03-12 17:08:57,215{GMT}	INFO	[jepsen worker 1] jepsen.util: 1	:invoke	:broadcast	16
2026-03-12 17:08:57,217{GMT}	INFO	[jepsen worker 1] jepsen.util: 1	:ok	:broadcast	16
2026-03-12 17:08:57,381{GMT}	INFO	[jepsen worker 1] jepsen.util: 1	:invoke	:read	nil
2026-03-12 17:08:57,383{GMT}	INFO	[jepsen worker 1] jepsen.util: 1	:ok	:read	[0 16 5 6 7 8 9 15]
2026-03-12 17:08:57,411{GMT}	INFO	[jepsen worker 2] jepsen.util: 2	:invoke	:read	nil
2026-03-12 17:08:57,413{GMT}	INFO	[jepsen worker 2] jepsen.util: 2	:ok	:read	[1 11]
2026-03-12 17:08:57,527{GMT}	INFO	[jepsen worker 3] jepsen.util: 3	:invoke	:read	nil
2026-03-12 17:08:57,529{GMT}	INFO	[jepsen worker 3] jepsen.util: 3	:ok	:read	[2 12 13]
2026-03-12 17:08:57,564{GMT}	INFO	[jepsen worker 4] jepsen.util: 4	:invoke	:read	nil
2026-03-12 17:08:57,566{GMT}	INFO	[jepsen worker 4] jepsen.util: 4	:ok	:read	[4 10 14]
2026-03-12 17:08:57,597{GMT}	INFO	[jepsen worker 1] jepsen.util: 1	:invoke	:broadcast	17
2026-03-12 17:08:57,600{GMT}	INFO	[jepsen worker 1] jepsen.util: 1	:ok	:broadcast	17
2026-03-12 17:08:57,752{GMT}	INFO	[jepsen worker 1] jepsen.util: 1	:invoke	:broadcast	18
2026-03-12 17:08:57,753{GMT}	INFO	[jepsen worker 1] jepsen.util: 1	:ok	:broadcast	18
2026-03-12 17:08:57,810{GMT}	INFO	[jepsen worker 1] jepsen.util: 1	:invoke	:read	nil
2026-03-12 17:08:57,812{GMT}	INFO	[jepsen worker 1] jepsen.util: 1	:ok	:read	[0 16 17 18 5 6 7 8 9 15]
2026-03-12 17:08:57,998{GMT}	INFO	[jepsen worker 2] jepsen.util: 2	:invoke	:read	nil
2026-03-12 17:08:58,000{GMT}	INFO	[jepsen worker 2] jepsen.util: 2	:ok	:read	[1 11]
2026-03-12 17:08:58,083{GMT}	INFO	[jepsen worker 3] jepsen.util: 3	:invoke	:broadcast	19
2026-03-12 17:08:58,084{GMT}	INFO	[jepsen worker 3] jepsen.util: 3	:ok	:broadcast	19
2026-03-12 17:08:58,198{GMT}	INFO	[jepsen worker 4] jepsen.util: 4	:invoke	:broadcast	20
2026-03-12 17:08:58,200{GMT}	INFO	[jepsen worker 4] jepsen.util: 4	:ok	:broadcast	20
2026-03-12 17:08:58,247{GMT}	INFO	[jepsen worker 1] jepsen.util: 1	:invoke	:broadcast	21
2026-03-12 17:08:58,249{GMT}	INFO	[jepsen worker 1] jepsen.util: 1	:ok	:broadcast	21
2026-03-12 17:08:58,330{GMT}	INFO	[jepsen worker 1] jepsen.util: 1	:invoke	:read	nil
2026-03-12 17:08:58,333{GMT}	INFO	[jepsen worker 1] jepsen.util: 1	:ok	:read	[0 16 17 18 5 21 6 7 8 9 15]
2026-03-12 17:08:58,378{GMT}	INFO	[jepsen worker 1] jepsen.util: 1	:invoke	:broadcast	22
2026-03-12 17:08:58,380{GMT}	INFO	[jepsen worker 1] jepsen.util: 1	:ok	:broadcast	22
2026-03-12 17:08:58,450{GMT}	INFO	[jepsen worker 2] jepsen.util: 2	:invoke	:broadcast	23
2026-03-12 17:08:58,452{GMT}	INFO	[jepsen worker 2] jepsen.util: 2	:ok	:broadcast	23
2026-03-12 17:08:58,633{GMT}	INFO	[jepsen worker 3] jepsen.util: 3	:invoke	:broadcast	24
2026-03-12 17:08:58,635{GMT}	INFO	[jepsen worker 3] jepsen.util: 3	:ok	:broadcast	24
2026-03-12 17:08:58,790{GMT}	INFO	[jepsen worker 4] jepsen.util: 4	:invoke	:read	nil
2026-03-12 17:08:58,792{GMT}	INFO	[jepsen worker 4] jepsen.util: 4	:ok	:read	[4 20 10 14]
2026-03-12 17:08:58,842{GMT}	INFO	[jepsen worker 1] jepsen.util: 1	:invoke	:read	nil
2026-03-12 17:08:58,844{GMT}	INFO	[jepsen worker 1] jepsen.util: 1	:ok	:read	[0 16 17 18 5 21 6 22 7 8 9 15]
2026-03-12 17:08:58,865{GMT}	INFO	[jepsen worker 0] jepsen.util: 0	:info	:broadcast	3	:net-timeout
2026-03-12 17:08:58,873{GMT}	INFO	[jepsen worker 0] jepsen.util: 5	:invoke	:read	nil
2026-03-12 17:08:59,023{GMT}	INFO	[jepsen worker 1] jepsen.util: 1	:invoke	:broadcast	25
2026-03-12 17:08:59,026{GMT}	INFO	[jepsen worker 1] jepsen.util: 1	:ok	:broadcast	25
2026-03-12 17:08:59,037{GMT}	INFO	[jepsen worker 2] jepsen.util: 2	:invoke	:broadcast	26
2026-03-12 17:08:59,041{GMT}	INFO	[jepsen worker 2] jepsen.util: 2	:ok	:broadcast	26
2026-03-12 17:08:59,148{GMT}	INFO	[jepsen worker 3] jepsen.util: 3	:invoke	:broadcast	27
2026-03-12 17:08:59,151{GMT}	INFO	[jepsen worker 3] jepsen.util: 3	:ok	:broadcast	27
2026-03-12 17:08:59,275{GMT}	INFO	[jepsen worker 4] jepsen.util: 4	:invoke	:broadcast	28
2026-03-12 17:08:59,278{GMT}	INFO	[jepsen worker 4] jepsen.util: 4	:ok	:broadcast	28
2026-03-12 17:08:59,451{GMT}	INFO	[jepsen worker 1] jepsen.util: 1	:invoke	:read	nil
2026-03-12 17:08:59,453{GMT}	INFO	[jepsen worker 1] jepsen.util: 1	:ok	:read	[0 5 6 7 8 9 15 16 17 18 21 22 25]
2026-03-12 17:08:59,460{GMT}	INFO	[jepsen worker 1] jepsen.util: 1	:invoke	:broadcast	29
2026-03-12 17:08:59,462{GMT}	INFO	[jepsen worker 1] jepsen.util: 1	:ok	:broadcast	29
2026-03-12 17:08:59,606{GMT}	INFO	[jepsen worker 1] jepsen.util: 1	:invoke	:broadcast	30
2026-03-12 17:08:59,608{GMT}	INFO	[jepsen worker 1] jepsen.util: 1	:ok	:broadcast	30
2026-03-12 17:08:59,755{GMT}	INFO	[jepsen worker 2] jepsen.util: 2	:invoke	:read	nil
2026-03-12 17:08:59,757{GMT}	INFO	[jepsen worker 2] jepsen.util: 2	:ok	:read	[1 23 26 11]
2026-03-12 17:08:59,929{GMT}	INFO	[jepsen worker 3] jepsen.util: 3	:invoke	:broadcast	31
2026-03-12 17:08:59,931{GMT}	INFO	[jepsen worker 3] jepsen.util: 3	:ok	:broadcast	31
2026-03-12 17:08:59,948{GMT}	INFO	[jepsen worker 4] jepsen.util: 4	:invoke	:broadcast	32
2026-03-12 17:08:59,950{GMT}	INFO	[jepsen worker 4] jepsen.util: 4	:ok	:broadcast	32
2026-03-12 17:09:00,059{GMT}	INFO	[jepsen worker 1] jepsen.util: 1	:invoke	:broadcast	33
2026-03-12 17:09:00,062{GMT}	INFO	[jepsen worker 1] jepsen.util: 1	:ok	:broadcast	33
2026-03-12 17:09:00,218{GMT}	INFO	[jepsen worker 1] jepsen.util: 1	:invoke	:broadcast	34
2026-03-12 17:09:00,220{GMT}	INFO	[jepsen worker 1] jepsen.util: 1	:ok	:broadcast	34
2026-03-12 17:09:00,235{GMT}	INFO	[jepsen worker 1] jepsen.util: 1	:invoke	:read	nil
2026-03-12 17:09:00,237{GMT}	INFO	[jepsen worker 1] jepsen.util: 1	:ok	:read	[0 33 34 5 6 7 8 9 15 16 17 18 21 22 25 29 30]
2026-03-12 17:09:00,390{GMT}	INFO	[jepsen worker 2] jepsen.util: 2	:invoke	:read	nil
2026-03-12 17:09:00,392{GMT}	INFO	[jepsen worker 2] jepsen.util: 2	:ok	:read	[1 23 26 11]
2026-03-12 17:09:00,420{GMT}	INFO	[jepsen worker 3] jepsen.util: 3	:invoke	:read	nil
2026-03-12 17:09:00,423{GMT}	INFO	[jepsen worker 3] jepsen.util: 3	:ok	:read	[2 19 24 27 12 13 31]
2026-03-12 17:09:00,435{GMT}	INFO	[jepsen worker 4] jepsen.util: 4	:invoke	:broadcast	35
2026-03-12 17:09:00,438{GMT}	INFO	[jepsen worker 4] jepsen.util: 4	:ok	:broadcast	35
2026-03-12 17:09:00,522{GMT}	INFO	[jepsen worker 1] jepsen.util: 1	:invoke	:broadcast	36
2026-03-12 17:09:00,525{GMT}	INFO	[jepsen worker 1] jepsen.util: 1	:ok	:broadcast	36
2026-03-12 17:09:00,573{GMT}	INFO	[jepsen worker 1] jepsen.util: 1	:invoke	:read	nil
2026-03-12 17:09:00,575{GMT}	INFO	[jepsen worker 1] jepsen.util: 1	:ok	:read	[0 33 34 36 5 6 7 8 9 15 16 17 18 21 22 25 29 30]
2026-03-12 17:09:00,753{GMT}	INFO	[jepsen worker 1] jepsen.util: 1	:invoke	:broadcast	37
2026-03-12 17:09:00,755{GMT}	INFO	[jepsen worker 1] jepsen.util: 1	:ok	:broadcast	37
2026-03-12 17:09:00,911{GMT}	INFO	[jepsen worker 2] jepsen.util: 2	:invoke	:broadcast	38
2026-03-12 17:09:00,914{GMT}	INFO	[jepsen worker 2] jepsen.util: 2	:ok	:broadcast	38
2026-03-12 17:09:01,001{GMT}	INFO	[jepsen worker 3] jepsen.util: 3	:invoke	:broadcast	39
2026-03-12 17:09:01,003{GMT}	INFO	[jepsen worker 3] jepsen.util: 3	:ok	:broadcast	39
2026-03-12 17:09:01,199{GMT}	INFO	[jepsen worker 4] jepsen.util: 4	:invoke	:read	nil
2026-03-12 17:09:01,201{GMT}	INFO	[jepsen worker 4] jepsen.util: 4	:ok	:read	[32 35 4 20 10 28 14]
2026-03-12 17:09:01,241{GMT}	INFO	[jepsen worker 1] jepsen.util: 1	:invoke	:broadcast	40
2026-03-12 17:09:01,243{GMT}	INFO	[jepsen worker 1] jepsen.util: 1	:ok	:broadcast	40
2026-03-12 17:09:01,421{GMT}	INFO	[jepsen worker 1] jepsen.util: 1	:invoke	:broadcast	41
2026-03-12 17:09:01,423{GMT}	INFO	[jepsen worker 1] jepsen.util: 1	:ok	:broadcast	41
2026-03-12 17:09:01,455{GMT}	INFO	[jepsen worker 1] jepsen.util: 1	:invoke	:broadcast	42
2026-03-12 17:09:01,457{GMT}	INFO	[jepsen worker 1] jepsen.util: 1	:ok	:broadcast	42
2026-03-12 17:09:01,600{GMT}	INFO	[jepsen worker 2] jepsen.util: 2	:invoke	:read	nil
2026-03-12 17:09:01,602{GMT}	INFO	[jepsen worker 2] jepsen.util: 2	:ok	:read	[1 38 23 26 11]
2026-03-12 17:09:01,705{GMT}	INFO	[jepsen worker 3] jepsen.util: 3	:invoke	:broadcast	43
2026-03-12 17:09:01,708{GMT}	INFO	[jepsen worker 3] jepsen.util: 3	:ok	:broadcast	43
2026-03-12 17:09:01,750{GMT}	INFO	[jepsen worker 4] jepsen.util: 4	:invoke	:broadcast	44
2026-03-12 17:09:01,752{GMT}	INFO	[jepsen worker 4] jepsen.util: 4	:ok	:broadcast	44
2026-03-12 17:09:01,807{GMT}	INFO	[jepsen worker 1] jepsen.util: 1	:invoke	:read	nil
2026-03-12 17:09:01,809{GMT}	INFO	[jepsen worker 1] jepsen.util: 1	:ok	:read	[0 33 34 36 5 37 6 7 8 40 9 41 42 15 16 17 18 21 22 25 29 30]
2026-03-12 17:09:01,942{GMT}	INFO	[jepsen worker 1] jepsen.util: 1	:invoke	:read	nil
2026-03-12 17:09:01,944{GMT}	INFO	[jepsen worker 1] jepsen.util: 1	:ok	:read	[0 33 34 36 5 37 6 7 8 40 9 41 42 15 16 17 18 21 22 25 29 30]
2026-03-12 17:09:02,067{GMT}	INFO	[jepsen worker 1] jepsen.util: 1	:invoke	:read	nil
2026-03-12 17:09:02,068{GMT}	INFO	[jepsen worker 1] jepsen.util: 1	:ok	:read	[0 33 34 36 5 37 6 7 8 40 9 41 42 15 16 17 18 21 22 25 29 30]
2026-03-12 17:09:02,218{GMT}	INFO	[jepsen worker 2] jepsen.util: 2	:invoke	:broadcast	45
2026-03-12 17:09:02,219{GMT}	INFO	[jepsen worker 2] jepsen.util: 2	:ok	:broadcast	45
2026-03-12 17:09:02,324{GMT}	INFO	[jepsen worker 3] jepsen.util: 3	:invoke	:broadcast	46
2026-03-12 17:09:02,324{GMT}	INFO	[jepsen worker 4] jepsen.util: 4	:invoke	:broadcast	47
2026-03-12 17:09:02,326{GMT}	INFO	[jepsen worker 3] jepsen.util: 3	:ok	:broadcast	46
2026-03-12 17:09:02,327{GMT}	INFO	[jepsen worker 4] jepsen.util: 4	:ok	:broadcast	47
2026-03-12 17:09:02,382{GMT}	INFO	[jepsen worker 1] jepsen.util: 1	:invoke	:broadcast	48
2026-03-12 17:09:02,384{GMT}	INFO	[jepsen worker 1] jepsen.util: 1	:ok	:broadcast	48
2026-03-12 17:09:02,432{GMT}	INFO	[jepsen worker 1] jepsen.util: 1	:invoke	:read	nil
2026-03-12 17:09:02,434{GMT}	INFO	[jepsen worker 1] jepsen.util: 1	:ok	:read	[0 33 34 36 5 37 6 7 8 40 9 41 42 15 16 48 17 18 21 22 25 29 30]
2026-03-12 17:09:02,505{GMT}	INFO	[jepsen worker 1] jepsen.util: 1	:invoke	:read	nil
2026-03-12 17:09:02,507{GMT}	INFO	[jepsen worker 1] jepsen.util: 1	:ok	:read	[0 33 34 36 5 37 6 7 8 40 9 41 42 15 16 48 17 18 21 22 25 29 30]
2026-03-12 17:09:02,612{GMT}	INFO	[jepsen worker 2] jepsen.util: 2	:invoke	:read	nil
2026-03-12 17:09:02,615{GMT}	INFO	[jepsen worker 2] jepsen.util: 2	:ok	:read	[1 38 23 26 11 45]
2026-03-12 17:09:02,674{GMT}	INFO	[jepsen worker 3] jepsen.util: 3	:invoke	:read	nil
2026-03-12 17:09:02,676{GMT}	INFO	[jepsen worker 3] jepsen.util: 3	:ok	:read	[2 19 39 24 27 43 12 13 46 31]
2026-03-12 17:09:02,689{GMT}	INFO	[jepsen worker 4] jepsen.util: 4	:invoke	:read	nil
2026-03-12 17:09:02,691{GMT}	INFO	[jepsen worker 4] jepsen.util: 4	:ok	:read	[32 35 4 20 10 28 44 14 47]
2026-03-12 17:09:02,858{GMT}	INFO	[jepsen worker 1] jepsen.util: 1	:invoke	:broadcast	49
2026-03-12 17:09:02,860{GMT}	INFO	[jepsen worker 1] jepsen.util: 1	:ok	:broadcast	49
2026-03-12 17:09:02,998{GMT}	INFO	[jepsen worker 1] jepsen.util: 1	:invoke	:read	nil
2026-03-12 17:09:03,000{GMT}	INFO	[jepsen worker 1] jepsen.util: 1	:ok	:read	[0 33 34 36 5 37 6 7 8 40 9 41 42 15 16 48 17 49 18 21 22 25 29 30]
2026-03-12 17:09:03,006{GMT}	INFO	[jepsen worker 1] jepsen.util: 1	:invoke	:broadcast	50
2026-03-12 17:09:03,008{GMT}	INFO	[jepsen worker 1] jepsen.util: 1	:ok	:broadcast	50
2026-03-12 17:09:03,047{GMT}	INFO	[Jepsen shutdown hook] jepsen.core: Downloading DB logs before JVM shutdown...
