2026-03-20 14:44:20,682{GMT}	INFO	[jepsen test runner] jepsen.core: Command line:
lein run test -w broadcast --bin run.sh broadcast --node-count 5 --time-limit 20 --rate 10
2026-03-20 14:44:20,776{GMT}	INFO	[jepsen test runner] jepsen.core: Running test:
{:args ["broadcast"]
 :remote
 #jepsen.control.retry.Remote{:remote #jepsen.control.scp.Remote{:cmd-remote #jepsen.control.sshj.SSHJRemote{:concurrency-limit 6,
                                                                                                             :conn-spec nil,
                                                                                                             :client nil,
                                                                                                             :semaphore nil},
                                                                 :conn-spec nil},
                              :conn nil}
 :log-net-send false
 :node-count 5
 :availability nil
 :max-txn-length 4
 :concurrency 5
 :db
 #object[maelstrom.db$db$reify__16142
         "0x3938e876"
         "maelstrom.db$db$reify__16142@3938e876"]
 :max-writes-per-key 16
 :leave-db-running? false
 :name "broadcast"
 :logging-json? false
 :start-time
 #object[org.joda.time.DateTime "0x70b2819f" "2026-03-20T14:44:20.661Z"]
 :nemesis-interval 10
 :net
 #object[maelstrom.net$jepsen_net$reify__15251
         "0x65dac812"
         "maelstrom.net$jepsen_net$reify__15251@65dac812"]
 :client
 #object[maelstrom.workload.broadcast$client$reify__16644
         "0x3619ecd"
         "maelstrom.workload.broadcast$client$reify__16644@3619ecd"]
 :barrier
 #object[java.util.concurrent.CyclicBarrier
         "0x7de4bd8f"
         "java.util.concurrent.CyclicBarrier@7de4bd8f"]
 :log-stderr false
 :pure-generators true
 :ssh {:dummy? true}
 :rate 10.0
 :checker
 #object[jepsen.checker$compose$reify__11881
         "0x193e65d5"
         "jepsen.checker$compose$reify__11881@193e65d5"]
 :argv
 ("test"
  "-w"
  "broadcast"
  "--bin"
  "run.sh"
  "broadcast"
  "--node-count"
  "5"
  "--time-limit"
  "20"
  "--rate"
  "10")
 :nemesis
 (jepsen.nemesis.ReflCompose
  {:fm {:start-partition 0,
        :stop-partition 0,
        :kill 1,
        :start 1,
        :pause 1,
        :resume 1},
   :nemeses [#unprintable "jepsen.nemesis.combined$partition_nemesis$reify__16416@2a97b4b8"
             #unprintable "jepsen.nemesis.combined$db_nemesis$reify__16397@250fc0d1"]})
 :nodes ["n0" "n1" "n2" "n3" "n4"]
 :test-count 1
 :latency {:mean 0, :dist :constant}
 :bin "run.sh"
 :generator
 ((jepsen.generator.Synchronize
   {:gen (jepsen.generator.TimeLimit
          {:limit 20000000000,
           :cutoff nil,
           :gen (jepsen.generator.Any
                 {:gens [(jepsen.generator.OnThreads
                          {:f #{:nemesis},
                           :context-filter #object[jepsen.generator.context$make_thread_filter$lazy_filter__9167
                                                   "0x37d43b9b"
                                                   "jepsen.generator.context$make_thread_filter$lazy_filter__9167@37d43b9b"],
                           :gen nil})
                         (jepsen.generator.OnThreads
                          {:f #jepsen.generator.context.AllBut{:element :nemesis},
                           :context-filter #object[jepsen.generator.context$make_thread_filter$lazy_filter__9167
                                                   "0x28ba90c1"
                                                   "jepsen.generator.context$make_thread_filter$lazy_filter__9167@28ba90c1"],
                           :gen (jepsen.generator.Stagger
                                 {:dt 200000000,
                                  :next-time nil,
                                  :gen (jepsen.generator.Mix
                                        {:i 0,
                                         :gens [({:f :broadcast, :value 0}
                                                 {:f :broadcast, :value 1}
                                                 {:f :broadcast, :value 2}
                                                 {:f :broadcast, :value 3}
                                                 {:f :broadcast, :value 4}
                                                 {:f :broadcast, :value 5}
                                                 {:f :broadcast, :value 6}
                                                 {:f :broadcast, :value 7}
                                                 ...)
                                                ({:f :read}
                                                 {:f :read}
                                                 {:f :read}
                                                 {:f :read}
                                                 {:f :read}
                                                 {:f :read}
                                                 {:f :read}
                                                 {:f :read}
                                                 ...)]})})})]})})})
  (jepsen.generator.Synchronize
   {:gen (jepsen.generator.OnThreads
          {:f #{:nemesis},
           :context-filter #object[jepsen.generator.context$make_thread_filter$lazy_filter__9167
                                   "0x7545cb17"
                                   "jepsen.generator.context$make_thread_filter$lazy_filter__9167@7545cb17"],
           :gen ()})})
  (jepsen.generator.Synchronize
   {:gen {:type :log, :value "Waiting for recovery..."}})
  (jepsen.generator.Synchronize {:gen {:type :sleep, :value 10}})
  (jepsen.generator.Synchronize
   {:gen (jepsen.generator.OnThreads
          {:f #jepsen.generator.context.AllBut{:element :nemesis},
           :context-filter #object[jepsen.generator.context$make_thread_filter$lazy_filter__9167
                                   "0x635b3ec7"
                                   "jepsen.generator.context$make_thread_filter$lazy_filter__9167@635b3ec7"],
           :gen (jepsen.generator.EachThread
                 {:fresh-gen {:f :read, :final? true},
                  :context-filters #object[clojure.core$promise$reify__8591
                                           "0x1f9b86f5"
                                           {:status :pending, :val nil}],
                  :gens {}})})}))
 :log-net-recv false
 :os
 #object[maelstrom.net$jepsen_os$reify__15254
         "0x15aa3084"
         "maelstrom.net$jepsen_os$reify__15254@15aa3084"]
 :time-limit 20
 :workload :broadcast
 :consistency-models [:strict-serializable]
 :topology :grid}

2026-03-20 14:44:22,073{GMT}	INFO	[jepsen node n0] maelstrom.net: Starting Maelstrom network
2026-03-20 14:44:22,074{GMT}	INFO	[jepsen test runner] jepsen.db: Tearing down DB
2026-03-20 14:44:22,076{GMT}	INFO	[jepsen test runner] jepsen.db: Setting up DB
2026-03-20 14:44:22,077{GMT}	INFO	[jepsen node n2] maelstrom.db: Setting up n2
2026-03-20 14:44:22,077{GMT}	INFO	[jepsen node n4] maelstrom.db: Setting up n4
2026-03-20 14:44:22,077{GMT}	INFO	[jepsen node n3] maelstrom.db: Setting up n3
2026-03-20 14:44:22,077{GMT}	INFO	[jepsen node n1] maelstrom.db: Setting up n1
2026-03-20 14:44:22,078{GMT}	INFO	[jepsen node n4] maelstrom.process: launching run.sh ["broadcast"]
2026-03-20 14:44:22,078{GMT}	INFO	[jepsen node n3] maelstrom.process: launching run.sh ["broadcast"]
2026-03-20 14:44:22,078{GMT}	INFO	[jepsen node n2] maelstrom.process: launching run.sh ["broadcast"]
2026-03-20 14:44:22,078{GMT}	INFO	[jepsen node n1] maelstrom.process: launching run.sh ["broadcast"]
2026-03-20 14:44:22,079{GMT}	INFO	[jepsen node n0] maelstrom.service: Starting services: (lin-kv lin-tso lww-kv seq-kv)
2026-03-20 14:44:22,081{GMT}	INFO	[jepsen node n0] maelstrom.db: Setting up n0
2026-03-20 14:44:22,082{GMT}	INFO	[jepsen node n0] maelstrom.process: launching run.sh ["broadcast"]
2026-03-20 14:44:22,242{GMT}	INFO	[jepsen test runner] jepsen.core: Relative time begins now
2026-03-20 14:44:22,262{GMT}	INFO	[jepsen worker 0] jepsen.util: 0	:invoke	:broadcast	0
2026-03-20 14:44:22,267{GMT}	INFO	[jepsen worker 0] jepsen.util: 0	:ok	:broadcast	0
2026-03-20 14:44:22,275{GMT}	WARN	[n1 stdout] maelstrom.process: Error!
clojure.lang.ExceptionInfo: Node n1 printed a line to STDOUT which was not well-formed JSON:
{0=[n1]}
Did you mean to encode this line as JSON? Or was this line intended for STDERR? See doc/protocol.md for more guidance.
	at slingshot.support$stack_trace.invoke(support.clj:201)
	at maelstrom.process$parse_msg$fn__15856.invoke(process.clj:47)
	at maelstrom.process$parse_msg.invokeStatic(process.clj:45)
	at maelstrom.process$parse_msg.invoke(process.clj:35)
	at maelstrom.process$stdout_thread$fn__15878$fn__15879$fn__15881.invoke(process.clj:146)
	at maelstrom.process$stdout_thread$fn__15878$fn__15879.invoke(process.clj:146)
	at maelstrom.process$stdout_thread$fn__15878.invoke(process.clj:140)
	at clojure.core$binding_conveyor_fn$fn__5823.invoke(core.clj:2047)
	at clojure.lang.AFn.call(AFn.java:18)
	at java.base/java.util.concurrent.FutureTask.run(FutureTask.java:317)
	at java.base/java.util.concurrent.ThreadPoolExecutor.runWorker(ThreadPoolExecutor.java:1144)
	at java.base/java.util.concurrent.ThreadPoolExecutor$Worker.run(ThreadPoolExecutor.java:642)
	at java.base/java.lang.Thread.run(Thread.java:1583)
2026-03-20 14:44:22,274{GMT}	WARN	[n0 stdout] maelstrom.process: Error!
clojure.lang.ExceptionInfo: Node n0 printed a line to STDOUT which was not well-formed JSON:
{0=[n0]}
Did you mean to encode this line as JSON? Or was this line intended for STDERR? See doc/protocol.md for more guidance.
	at slingshot.support$stack_trace.invoke(support.clj:201)
	at maelstrom.process$parse_msg$fn__15856.invoke(process.clj:47)
	at maelstrom.process$parse_msg.invokeStatic(process.clj:45)
	at maelstrom.process$parse_msg.invoke(process.clj:35)
	at maelstrom.process$stdout_thread$fn__15878$fn__15879$fn__15881.invoke(process.clj:146)
	at maelstrom.process$stdout_thread$fn__15878$fn__15879.invoke(process.clj:146)
	at maelstrom.process$stdout_thread$fn__15878.invoke(process.clj:140)
	at clojure.core$binding_conveyor_fn$fn__5823.invoke(core.clj:2047)
	at clojure.lang.AFn.call(AFn.java:18)
	at java.base/java.util.concurrent.FutureTask.run(FutureTask.java:317)
	at java.base/java.util.concurrent.ThreadPoolExecutor.runWorker(ThreadPoolExecutor.java:1144)
	at java.base/java.util.concurrent.ThreadPoolExecutor$Worker.run(ThreadPoolExecutor.java:642)
	at java.base/java.lang.Thread.run(Thread.java:1583)
2026-03-20 14:44:22,276{GMT}	WARN	[n4 stdout] maelstrom.process: Error!
clojure.lang.ExceptionInfo: Node n4 printed a line to STDOUT which was not well-formed JSON:
{0=[n4]}
Did you mean to encode this line as JSON? Or was this line intended for STDERR? See doc/protocol.md for more guidance.
	at slingshot.support$stack_trace.invoke(support.clj:201)
	at maelstrom.process$parse_msg$fn__15856.invoke(process.clj:47)
	at maelstrom.process$parse_msg.invokeStatic(process.clj:45)
	at maelstrom.process$parse_msg.invoke(process.clj:35)
	at maelstrom.process$stdout_thread$fn__15878$fn__15879$fn__15881.invoke(process.clj:146)
	at maelstrom.process$stdout_thread$fn__15878$fn__15879.invoke(process.clj:146)
	at maelstrom.process$stdout_thread$fn__15878.invoke(process.clj:140)
	at clojure.core$binding_conveyor_fn$fn__5823.invoke(core.clj:2047)
	at clojure.lang.AFn.call(AFn.java:18)
	at java.base/java.util.concurrent.FutureTask.run(FutureTask.java:317)
	at java.base/java.util.concurrent.ThreadPoolExecutor.runWorker(ThreadPoolExecutor.java:1144)
	at java.base/java.util.concurrent.ThreadPoolExecutor$Worker.run(ThreadPoolExecutor.java:642)
	at java.base/java.lang.Thread.run(Thread.java:1583)
2026-03-20 14:44:22,445{GMT}	INFO	[jepsen worker 1] jepsen.util: 1	:invoke	:broadcast	1
2026-03-20 14:44:22,479{GMT}	INFO	[jepsen worker 2] jepsen.util: 2	:invoke	:read	nil
2026-03-20 14:44:22,482{GMT}	INFO	[jepsen worker 2] jepsen.util: 2	:ok	:read	[0]
2026-03-20 14:44:22,519{GMT}	INFO	[jepsen worker 3] jepsen.util: 3	:invoke	:broadcast	2
2026-03-20 14:44:22,523{GMT}	INFO	[jepsen worker 3] jepsen.util: 3	:ok	:broadcast	2
2026-03-20 14:44:22,701{GMT}	INFO	[jepsen worker 4] jepsen.util: 4	:invoke	:read	nil
2026-03-20 14:44:22,741{GMT}	INFO	[jepsen worker 0] jepsen.util: 0	:invoke	:broadcast	3
2026-03-20 14:44:22,772{GMT}	INFO	[jepsen worker 2] jepsen.util: 2	:invoke	:broadcast	4
2026-03-20 14:44:22,775{GMT}	INFO	[jepsen worker 2] jepsen.util: 2	:ok	:broadcast	4
2026-03-20 14:44:22,852{GMT}	INFO	[jepsen worker 2] jepsen.util: 2	:invoke	:read	nil
2026-03-20 14:44:22,855{GMT}	INFO	[jepsen worker 2] jepsen.util: 2	:ok	:read	[0 4]
2026-03-20 14:44:22,978{GMT}	INFO	[jepsen worker 2] jepsen.util: 2	:invoke	:broadcast	5
2026-03-20 14:44:22,981{GMT}	INFO	[jepsen worker 2] jepsen.util: 2	:ok	:broadcast	5
2026-03-20 14:44:23,077{GMT}	INFO	[jepsen worker 3] jepsen.util: 3	:invoke	:broadcast	6
2026-03-20 14:44:23,080{GMT}	INFO	[jepsen worker 3] jepsen.util: 3	:ok	:broadcast	6
2026-03-20 14:44:23,176{GMT}	INFO	[jepsen worker 2] jepsen.util: 2	:invoke	:broadcast	7
2026-03-20 14:44:23,179{GMT}	INFO	[jepsen worker 2] jepsen.util: 2	:ok	:broadcast	7
2026-03-20 14:44:23,340{GMT}	INFO	[jepsen worker 2] jepsen.util: 2	:invoke	:read	nil
2026-03-20 14:44:23,343{GMT}	INFO	[jepsen worker 2] jepsen.util: 2	:ok	:read	[0 4 5 7]
2026-03-20 14:44:23,418{GMT}	INFO	[jepsen worker 2] jepsen.util: 2	:invoke	:read	nil
2026-03-20 14:44:23,422{GMT}	INFO	[jepsen worker 2] jepsen.util: 2	:ok	:read	[0 4 5 7]
2026-03-20 14:44:23,497{GMT}	INFO	[jepsen worker 2] jepsen.util: 2	:invoke	:read	nil
2026-03-20 14:44:23,499{GMT}	INFO	[jepsen worker 2] jepsen.util: 2	:ok	:read	[0 4 5 7]
2026-03-20 14:44:23,583{GMT}	INFO	[jepsen worker 2] jepsen.util: 2	:invoke	:broadcast	8
2026-03-20 14:44:23,586{GMT}	INFO	[jepsen worker 2] jepsen.util: 2	:ok	:broadcast	8
2026-03-20 14:44:23,759{GMT}	INFO	[jepsen worker 3] jepsen.util: 3	:invoke	:broadcast	9
2026-03-20 14:44:23,762{GMT}	INFO	[jepsen worker 3] jepsen.util: 3	:ok	:broadcast	9
2026-03-20 14:44:23,898{GMT}	INFO	[jepsen worker 2] jepsen.util: 2	:invoke	:read	nil
2026-03-20 14:44:23,901{GMT}	INFO	[jepsen worker 2] jepsen.util: 2	:ok	:read	[0 4 5 7 8]
2026-03-20 14:44:23,972{GMT}	INFO	[jepsen worker 2] jepsen.util: 2	:invoke	:read	nil
2026-03-20 14:44:23,975{GMT}	INFO	[jepsen worker 2] jepsen.util: 2	:ok	:read	[0 4 5 7 8]
2026-03-20 14:44:24,135{GMT}	INFO	[jepsen worker 2] jepsen.util: 2	:invoke	:read	nil
2026-03-20 14:44:24,138{GMT}	INFO	[jepsen worker 2] jepsen.util: 2	:ok	:read	[0 4 5 7 8]
2026-03-20 14:44:24,270{GMT}	INFO	[jepsen worker 2] jepsen.util: 2	:invoke	:read	nil
2026-03-20 14:44:24,273{GMT}	INFO	[jepsen worker 2] jepsen.util: 2	:ok	:read	[0 4 5 7 8]
2026-03-20 14:44:24,450{GMT}	INFO	[jepsen worker 2] jepsen.util: 2	:invoke	:broadcast	10
2026-03-20 14:44:24,454{GMT}	INFO	[jepsen worker 2] jepsen.util: 2	:ok	:broadcast	10
2026-03-20 14:44:24,629{GMT}	INFO	[jepsen worker 3] jepsen.util: 3	:invoke	:read	nil
2026-03-20 14:44:24,632{GMT}	INFO	[jepsen worker 3] jepsen.util: 3	:ok	:read	[0 2 6 9]
2026-03-20 14:44:24,812{GMT}	INFO	[jepsen worker 2] jepsen.util: 2	:invoke	:broadcast	11
2026-03-20 14:44:24,815{GMT}	INFO	[jepsen worker 2] jepsen.util: 2	:ok	:broadcast	11
2026-03-20 14:44:24,996{GMT}	INFO	[jepsen worker 2] jepsen.util: 2	:invoke	:read	nil
2026-03-20 14:44:24,998{GMT}	INFO	[jepsen worker 2] jepsen.util: 2	:ok	:read	[0 4 5 7 8 10 11]
2026-03-20 14:44:25,003{GMT}	INFO	[jepsen worker 2] jepsen.util: 2	:invoke	:broadcast	12
2026-03-20 14:44:25,006{GMT}	INFO	[jepsen worker 2] jepsen.util: 2	:ok	:broadcast	12
2026-03-20 14:44:25,175{GMT}	INFO	[jepsen worker 2] jepsen.util: 2	:invoke	:broadcast	13
2026-03-20 14:44:25,178{GMT}	INFO	[jepsen worker 2] jepsen.util: 2	:ok	:broadcast	13
2026-03-20 14:44:25,300{GMT}	INFO	[jepsen worker 2] jepsen.util: 2	:invoke	:broadcast	14
2026-03-20 14:44:25,303{GMT}	INFO	[jepsen worker 2] jepsen.util: 2	:ok	:broadcast	14
2026-03-20 14:44:25,483{GMT}	INFO	[jepsen worker 3] jepsen.util: 3	:invoke	:read	nil
2026-03-20 14:44:25,486{GMT}	INFO	[jepsen worker 3] jepsen.util: 3	:ok	:read	[0 2 6 9]
2026-03-20 14:44:25,608{GMT}	INFO	[jepsen worker 2] jepsen.util: 2	:invoke	:read	nil
2026-03-20 14:44:25,610{GMT}	INFO	[jepsen worker 2] jepsen.util: 2	:ok	:read	[0 4 5 7 8 10 11 12 13 14]
2026-03-20 14:44:25,704{GMT}	INFO	[jepsen worker 2] jepsen.util: 2	:invoke	:read	nil
2026-03-20 14:44:25,707{GMT}	INFO	[jepsen worker 2] jepsen.util: 2	:ok	:read	[0 4 5 7 8 10 11 12 13 14]
2026-03-20 14:44:25,813{GMT}	INFO	[jepsen worker 2] jepsen.util: 2	:invoke	:broadcast	15
2026-03-20 14:44:25,816{GMT}	INFO	[jepsen worker 2] jepsen.util: 2	:ok	:broadcast	15
2026-03-20 14:44:25,861{GMT}	INFO	[jepsen worker 2] jepsen.util: 2	:invoke	:read	nil
2026-03-20 14:44:25,864{GMT}	INFO	[jepsen worker 2] jepsen.util: 2	:ok	:read	[0 4 5 7 8 10 11 12 13 14 15]
2026-03-20 14:44:25,947{GMT}	INFO	[jepsen worker 2] jepsen.util: 2	:invoke	:broadcast	16
2026-03-20 14:44:25,949{GMT}	INFO	[jepsen worker 2] jepsen.util: 2	:ok	:broadcast	16
2026-03-20 14:44:26,094{GMT}	INFO	[jepsen worker 3] jepsen.util: 3	:invoke	:broadcast	17
2026-03-20 14:44:26,098{GMT}	INFO	[jepsen worker 3] jepsen.util: 3	:ok	:broadcast	17
2026-03-20 14:44:26,282{GMT}	INFO	[jepsen worker 2] jepsen.util: 2	:invoke	:read	nil
2026-03-20 14:44:26,285{GMT}	INFO	[jepsen worker 2] jepsen.util: 2	:ok	:read	[0 4 5 7 8 10 11 12 13 14 15 16]
2026-03-20 14:44:26,359{GMT}	INFO	[jepsen worker 2] jepsen.util: 2	:invoke	:read	nil
2026-03-20 14:44:26,362{GMT}	INFO	[jepsen worker 2] jepsen.util: 2	:ok	:read	[0 4 5 7 8 10 11 12 13 14 15 16]
2026-03-20 14:44:26,524{GMT}	INFO	[jepsen worker 2] jepsen.util: 2	:invoke	:read	nil
2026-03-20 14:44:26,527{GMT}	INFO	[jepsen worker 2] jepsen.util: 2	:ok	:read	[0 4 5 7 8 10 11 12 13 14 15 16]
2026-03-20 14:44:26,597{GMT}	INFO	[jepsen worker 2] jepsen.util: 2	:invoke	:read	nil
2026-03-20 14:44:26,599{GMT}	INFO	[jepsen worker 2] jepsen.util: 2	:ok	:read	[0 4 5 7 8 10 11 12 13 14 15 16]
2026-03-20 14:44:26,733{GMT}	INFO	[jepsen worker 2] jepsen.util: 2	:invoke	:broadcast	18
2026-03-20 14:44:26,737{GMT}	INFO	[jepsen worker 2] jepsen.util: 2	:ok	:broadcast	18
2026-03-20 14:44:26,769{GMT}	INFO	[jepsen worker 3] jepsen.util: 3	:invoke	:broadcast	19
2026-03-20 14:44:26,772{GMT}	INFO	[jepsen worker 3] jepsen.util: 3	:ok	:broadcast	19
2026-03-20 14:44:26,907{GMT}	INFO	[jepsen worker 2] jepsen.util: 2	:invoke	:read	nil
2026-03-20 14:44:26,910{GMT}	INFO	[jepsen worker 2] jepsen.util: 2	:ok	:read	[0 4 5 7 8 10 11 12 13 14 15 16 18]
2026-03-20 14:44:26,972{GMT}	INFO	[jepsen worker 2] jepsen.util: 2	:invoke	:read	nil
2026-03-20 14:44:26,974{GMT}	INFO	[jepsen worker 2] jepsen.util: 2	:ok	:read	[0 4 5 7 8 10 11 12 13 14 15 16 18]
2026-03-20 14:44:27,009{GMT}	INFO	[jepsen worker 2] jepsen.util: 2	:invoke	:read	nil
2026-03-20 14:44:27,011{GMT}	INFO	[jepsen worker 2] jepsen.util: 2	:ok	:read	[0 4 5 7 8 10 11 12 13 14 15 16 18]
2026-03-20 14:44:27,157{GMT}	INFO	[jepsen worker 2] jepsen.util: 2	:invoke	:read	nil
2026-03-20 14:44:27,160{GMT}	INFO	[jepsen worker 2] jepsen.util: 2	:ok	:read	[0 4 5 7 8 10 11 12 13 14 15 16 18]
2026-03-20 14:44:27,324{GMT}	INFO	[jepsen worker 2] jepsen.util: 2	:invoke	:read	nil
2026-03-20 14:44:27,327{GMT}	INFO	[jepsen worker 2] jepsen.util: 2	:ok	:read	[0 4 5 7 8 10 11 12 13 14 15 16 18]
2026-03-20 14:44:27,447{GMT}	INFO	[jepsen worker 1] jepsen.util: 1	:info	:broadcast	1	:net-timeout
2026-03-20 14:44:27,518{GMT}	INFO	[jepsen worker 3] jepsen.util: 3	:invoke	:read	nil
2026-03-20 14:44:27,521{GMT}	INFO	[jepsen worker 3] jepsen.util: 3	:ok	:read	[0 2 6 9 17 19]
2026-03-20 14:44:27,673{GMT}	INFO	[jepsen worker 1] jepsen.util: 6	:invoke	:broadcast	20
2026-03-20 14:44:27,702{GMT}	INFO	[jepsen worker 4] jepsen.util: 4	:fail	:read	nil	:net-timeout
2026-03-20 14:44:27,741{GMT}	INFO	[jepsen worker 0] jepsen.util: 0	:info	:broadcast	3	:net-timeout
2026-03-20 14:44:27,860{GMT}	INFO	[jepsen worker 0] jepsen.util: 5	:invoke	:read	nil
2026-03-20 14:44:27,886{GMT}	INFO	[jepsen worker 2] jepsen.util: 2	:invoke	:read	nil
2026-03-20 14:44:27,889{GMT}	INFO	[jepsen worker 2] jepsen.util: 2	:ok	:read	[0 4 5 7 8 10 11 12 13 14 15 16 18]
2026-03-20 14:44:27,910{GMT}	INFO	[jepsen worker 2] jepsen.util: 2	:invoke	:read	nil
2026-03-20 14:44:27,912{GMT}	INFO	[jepsen worker 2] jepsen.util: 2	:ok	:read	[0 4 5 7 8 10 11 12 13 14 15 16 18]
2026-03-20 14:44:28,092{GMT}	INFO	[jepsen worker 2] jepsen.util: 2	:invoke	:broadcast	21
2026-03-20 14:44:28,095{GMT}	INFO	[jepsen worker 2] jepsen.util: 2	:ok	:broadcast	21
2026-03-20 14:44:28,211{GMT}	INFO	[jepsen worker 3] jepsen.util: 3	:invoke	:read	nil
2026-03-20 14:44:28,213{GMT}	INFO	[jepsen worker 3] jepsen.util: 3	:ok	:read	[0 2 6 9 17 19]
2026-03-20 14:44:28,279{GMT}	INFO	[jepsen worker 4] jepsen.util: 4	:invoke	:read	nil
2026-03-20 14:44:28,315{GMT}	INFO	[jepsen worker 2] jepsen.util: 2	:invoke	:read	nil
2026-03-20 14:44:28,317{GMT}	INFO	[jepsen worker 2] jepsen.util: 2	:ok	:read	[0 4 5 7 8 10 11 12 13 14 15 16 18 21]
2026-03-20 14:44:28,377{GMT}	INFO	[jepsen worker 2] jepsen.util: 2	:invoke	:read	nil
2026-03-20 14:44:28,379{GMT}	INFO	[jepsen worker 2] jepsen.util: 2	:ok	:read	[0 4 5 7 8 10 11 12 13 14 15 16 18 21]
2026-03-20 14:44:28,545{GMT}	INFO	[jepsen worker 2] jepsen.util: 2	:invoke	:broadcast	22
2026-03-20 14:44:28,547{GMT}	INFO	[jepsen worker 2] jepsen.util: 2	:ok	:broadcast	22
2026-03-20 14:44:28,581{GMT}	INFO	[jepsen worker 2] jepsen.util: 2	:invoke	:broadcast	23
2026-03-20 14:44:28,584{GMT}	INFO	[jepsen worker 2] jepsen.util: 2	:ok	:broadcast	23
2026-03-20 14:44:28,753{GMT}	INFO	[jepsen worker 3] jepsen.util: 3	:invoke	:read	nil
2026-03-20 14:44:28,756{GMT}	INFO	[jepsen worker 3] jepsen.util: 3	:ok	:read	[0 2 6 9 17 19]
2026-03-20 14:44:28,825{GMT}	INFO	[jepsen worker 2] jepsen.util: 2	:invoke	:read	nil
2026-03-20 14:44:28,827{GMT}	INFO	[jepsen worker 2] jepsen.util: 2	:ok	:read	[0 4 5 7 8 10 11 12 13 14 15 16 18 21 22 23]
2026-03-20 14:44:28,871{GMT}	INFO	[jepsen worker 2] jepsen.util: 2	:invoke	:read	nil
2026-03-20 14:44:28,873{GMT}	INFO	[jepsen worker 2] jepsen.util: 2	:ok	:read	[0 4 5 7 8 10 11 12 13 14 15 16 18 21 22 23]
2026-03-20 14:44:29,026{GMT}	INFO	[jepsen worker 2] jepsen.util: 2	:invoke	:broadcast	24
2026-03-20 14:44:29,029{GMT}	INFO	[jepsen worker 2] jepsen.util: 2	:ok	:broadcast	24
2026-03-20 14:44:29,110{GMT}	INFO	[jepsen worker 2] jepsen.util: 2	:invoke	:broadcast	25
2026-03-20 14:44:29,112{GMT}	INFO	[jepsen worker 2] jepsen.util: 2	:ok	:broadcast	25
2026-03-20 14:44:29,255{GMT}	INFO	[jepsen worker 2] jepsen.util: 2	:invoke	:broadcast	26
2026-03-20 14:44:29,257{GMT}	INFO	[jepsen worker 2] jepsen.util: 2	:ok	:broadcast	26
2026-03-20 14:44:29,319{GMT}	INFO	[jepsen worker 3] jepsen.util: 3	:invoke	:read	nil
2026-03-20 14:44:29,322{GMT}	INFO	[jepsen worker 3] jepsen.util: 3	:ok	:read	[0 2 6 9 17 19]
2026-03-20 14:44:29,365{GMT}	INFO	[jepsen worker 2] jepsen.util: 2	:invoke	:broadcast	27
2026-03-20 14:44:29,368{GMT}	INFO	[jepsen worker 2] jepsen.util: 2	:ok	:broadcast	27
2026-03-20 14:44:29,446{GMT}	INFO	[jepsen worker 2] jepsen.util: 2	:invoke	:broadcast	28
2026-03-20 14:44:29,448{GMT}	INFO	[jepsen worker 2] jepsen.util: 2	:ok	:broadcast	28
2026-03-20 14:44:29,503{GMT}	INFO	[jepsen worker 2] jepsen.util: 2	:invoke	:broadcast	29
2026-03-20 14:44:29,505{GMT}	INFO	[jepsen worker 2] jepsen.util: 2	:ok	:broadcast	29
2026-03-20 14:44:29,625{GMT}	INFO	[jepsen worker 2] jepsen.util: 2	:invoke	:read	nil
2026-03-20 14:44:29,628{GMT}	INFO	[jepsen worker 2] jepsen.util: 2	:ok	:read	[0 4 5 7 8 10 11 12 13 14 15 16 18 21 22 23 24 25 26 27 28 29]
2026-03-20 14:44:29,667{GMT}	INFO	[jepsen worker 2] jepsen.util: 2	:invoke	:broadcast	30
2026-03-20 14:44:29,670{GMT}	INFO	[jepsen worker 2] jepsen.util: 2	:ok	:broadcast	30
2026-03-20 14:44:29,740{GMT}	INFO	[jepsen worker 3] jepsen.util: 3	:invoke	:read	nil
2026-03-20 14:44:29,741{GMT}	INFO	[jepsen worker 2] jepsen.util: 2	:invoke	:broadcast	31
2026-03-20 14:44:29,744{GMT}	INFO	[jepsen worker 3] jepsen.util: 3	:ok	:read	[0 2 6 9 17 19]
2026-03-20 14:44:29,746{GMT}	INFO	[jepsen worker 2] jepsen.util: 2	:ok	:broadcast	31
2026-03-20 14:44:29,761{GMT}	INFO	[jepsen worker 2] jepsen.util: 2	:invoke	:broadcast	32
2026-03-20 14:44:29,763{GMT}	INFO	[jepsen worker 2] jepsen.util: 2	:ok	:broadcast	32
2026-03-20 14:44:29,934{GMT}	INFO	[jepsen worker 2] jepsen.util: 2	:invoke	:broadcast	33
2026-03-20 14:44:29,937{GMT}	INFO	[jepsen worker 2] jepsen.util: 2	:ok	:broadcast	33
2026-03-20 14:44:30,052{GMT}	INFO	[jepsen worker 2] jepsen.util: 2	:invoke	:broadcast	34
2026-03-20 14:44:30,054{GMT}	INFO	[jepsen worker 2] jepsen.util: 2	:ok	:broadcast	34
2026-03-20 14:44:30,146{GMT}	INFO	[jepsen worker 2] jepsen.util: 2	:invoke	:broadcast	35
2026-03-20 14:44:30,148{GMT}	INFO	[jepsen worker 2] jepsen.util: 2	:ok	:broadcast	35
2026-03-20 14:44:30,232{GMT}	INFO	[jepsen worker 3] jepsen.util: 3	:invoke	:read	nil
2026-03-20 14:44:30,234{GMT}	INFO	[jepsen worker 3] jepsen.util: 3	:ok	:read	[0 2 6 9 17 19]
2026-03-20 14:44:30,309{GMT}	INFO	[jepsen worker 2] jepsen.util: 2	:invoke	:broadcast	36
2026-03-20 14:44:30,312{GMT}	INFO	[jepsen worker 2] jepsen.util: 2	:ok	:broadcast	36
2026-03-20 14:44:30,380{GMT}	INFO	[jepsen worker 2] jepsen.util: 2	:invoke	:read	nil
2026-03-20 14:44:30,383{GMT}	INFO	[jepsen worker 2] jepsen.util: 2	:ok	:read	[0 4 5 7 8 10 11 12 13 14 15 16 18 21 22 23 24 25 26 27 28 29 30 31 32 33 34 35 36]
2026-03-20 14:44:30,421{GMT}	INFO	[jepsen worker 2] jepsen.util: 2	:invoke	:broadcast	37
2026-03-20 14:44:30,424{GMT}	INFO	[jepsen worker 2] jepsen.util: 2	:ok	:broadcast	37
2026-03-20 14:44:30,430{GMT}	INFO	[jepsen worker 2] jepsen.util: 2	:invoke	:broadcast	38
2026-03-20 14:44:30,434{GMT}	INFO	[jepsen worker 2] jepsen.util: 2	:ok	:broadcast	38
2026-03-20 14:44:30,516{GMT}	INFO	[jepsen worker 2] jepsen.util: 2	:invoke	:broadcast	39
2026-03-20 14:44:30,519{GMT}	INFO	[jepsen worker 2] jepsen.util: 2	:ok	:broadcast	39
2026-03-20 14:44:30,526{GMT}	INFO	[jepsen worker 3] jepsen.util: 3	:invoke	:read	nil
2026-03-20 14:44:30,529{GMT}	INFO	[jepsen worker 3] jepsen.util: 3	:ok	:read	[0 2 6 9 17 19]
2026-03-20 14:44:30,593{GMT}	INFO	[jepsen worker 2] jepsen.util: 2	:invoke	:broadcast	40
2026-03-20 14:44:30,595{GMT}	INFO	[jepsen worker 2] jepsen.util: 2	:ok	:broadcast	40
2026-03-20 14:44:30,637{GMT}	INFO	[jepsen worker 2] jepsen.util: 2	:invoke	:read	nil
2026-03-20 14:44:30,639{GMT}	INFO	[jepsen worker 2] jepsen.util: 2	:ok	:read	[0 4 5 7 8 10 11 12 13 14 15 16 18 21 22 23 24 25 26 27 28 29 30 31 32 33 34 35 36 37 38 39 40]
2026-03-20 14:44:30,679{GMT}	INFO	[jepsen worker 2] jepsen.util: 2	:invoke	:read	nil
2026-03-20 14:44:30,681{GMT}	INFO	[jepsen worker 2] jepsen.util: 2	:ok	:read	[0 4 5 7 8 10 11 12 13 14 15 16 18 21 22 23 24 25 26 27 28 29 30 31 32 33 34 35 36 37 38 39 40]
2026-03-20 14:44:30,698{GMT}	INFO	[jepsen worker 2] jepsen.util: 2	:invoke	:read	nil
2026-03-20 14:44:30,702{GMT}	INFO	[jepsen worker 2] jepsen.util: 2	:ok	:read	[0 4 5 7 8 10 11 12 13 14 15 16 18 21 22 23 24 25 26 27 28 29 30 31 32 33 34 35 36 37 38 39 40]
2026-03-20 14:44:30,749{GMT}	INFO	[jepsen worker 2] jepsen.util: 2	:invoke	:broadcast	41
2026-03-20 14:44:30,751{GMT}	INFO	[jepsen worker 2] jepsen.util: 2	:ok	:broadcast	41
2026-03-20 14:44:30,915{GMT}	INFO	[jepsen worker 3] jepsen.util: 3	:invoke	:broadcast	42
2026-03-20 14:44:30,917{GMT}	INFO	[jepsen worker 3] jepsen.util: 3	:ok	:broadcast	42
2026-03-20 14:44:31,108{GMT}	INFO	[jepsen worker 2] jepsen.util: 2	:invoke	:broadcast	43
2026-03-20 14:44:31,110{GMT}	INFO	[jepsen worker 2] jepsen.util: 2	:ok	:broadcast	43
2026-03-20 14:44:31,151{GMT}	INFO	[jepsen worker 2] jepsen.util: 2	:invoke	:broadcast	44
2026-03-20 14:44:31,153{GMT}	INFO	[jepsen worker 2] jepsen.util: 2	:ok	:broadcast	44
2026-03-20 14:44:31,197{GMT}	INFO	[jepsen worker 2] jepsen.util: 2	:invoke	:read	nil
2026-03-20 14:44:31,199{GMT}	INFO	[jepsen worker 2] jepsen.util: 2	:ok	:read	[0 4 5 7 8 10 11 12 13 14 15 16 18 21 22 23 24 25 26 27 28 29 30 31 32 33 34 35 36 37 38 39 40 41 43 44]
2026-03-20 14:44:31,308{GMT}	INFO	[jepsen worker 2] jepsen.util: 2	:invoke	:read	nil
2026-03-20 14:44:31,311{GMT}	INFO	[jepsen worker 2] jepsen.util: 2	:ok	:read	[0 4 5 7 8 10 11 12 13 14 15 16 18 21 22 23 24 25 26 27 28 29 30 31 32 33 34 35 36 37 38 39 40 41 43 44]
2026-03-20 14:44:31,403{GMT}	INFO	[jepsen worker 2] jepsen.util: 2	:invoke	:read	nil
2026-03-20 14:44:31,406{GMT}	INFO	[jepsen worker 2] jepsen.util: 2	:ok	:read	[0 4 5 7 8 10 11 12 13 14 15 16 18 21 22 23 24 25 26 27 28 29 30 31 32 33 34 35 36 37 38 39 40 41 43 44]
2026-03-20 14:44:31,569{GMT}	INFO	[jepsen worker 3] jepsen.util: 3	:invoke	:broadcast	45
2026-03-20 14:44:31,574{GMT}	INFO	[jepsen worker 3] jepsen.util: 3	:ok	:broadcast	45
2026-03-20 14:44:31,658{GMT}	INFO	[jepsen worker 2] jepsen.util: 2	:invoke	:broadcast	46
2026-03-20 14:44:31,660{GMT}	INFO	[jepsen worker 2] jepsen.util: 2	:ok	:broadcast	46
2026-03-20 14:44:31,724{GMT}	INFO	[jepsen worker 2] jepsen.util: 2	:invoke	:read	nil
2026-03-20 14:44:31,726{GMT}	INFO	[jepsen worker 2] jepsen.util: 2	:ok	:read	[0 4 5 7 8 10 11 12 13 14 15 16 18 21 22 23 24 25 26 27 28 29 30 31 32 33 34 35 36 37 38 39 40 41 43 44 46]
2026-03-20 14:44:31,828{GMT}	INFO	[jepsen worker 2] jepsen.util: 2	:invoke	:read	nil
2026-03-20 14:44:31,830{GMT}	INFO	[jepsen worker 2] jepsen.util: 2	:ok	:read	[0 4 5 7 8 10 11 12 13 14 15 16 18 21 22 23 24 25 26 27 28 29 30 31 32 33 34 35 36 37 38 39 40 41 43 44 46]
2026-03-20 14:44:31,981{GMT}	INFO	[jepsen worker 2] jepsen.util: 2	:invoke	:read	nil
2026-03-20 14:44:31,983{GMT}	INFO	[jepsen worker 2] jepsen.util: 2	:ok	:read	[0 4 5 7 8 10 11 12 13 14 15 16 18 21 22 23 24 25 26 27 28 29 30 31 32 33 34 35 36 37 38 39 40 41 43 44 46]
2026-03-20 14:44:32,020{GMT}	INFO	[jepsen worker 2] jepsen.util: 2	:invoke	:read	nil
2026-03-20 14:44:32,022{GMT}	INFO	[jepsen worker 2] jepsen.util: 2	:ok	:read	[0 4 5 7 8 10 11 12 13 14 15 16 18 21 22 23 24 25 26 27 28 29 30 31 32 33 34 35 36 37 38 39 40 41 43 44 46]
2026-03-20 14:44:32,119{GMT}	INFO	[jepsen worker 3] jepsen.util: 3	:invoke	:broadcast	47
2026-03-20 14:44:32,121{GMT}	INFO	[jepsen worker 3] jepsen.util: 3	:ok	:broadcast	47
2026-03-20 14:44:32,183{GMT}	INFO	[jepsen worker 2] jepsen.util: 2	:invoke	:broadcast	48
2026-03-20 14:44:32,186{GMT}	INFO	[jepsen worker 2] jepsen.util: 2	:ok	:broadcast	48
2026-03-20 14:44:32,365{GMT}	INFO	[jepsen worker 2] jepsen.util: 2	:invoke	:broadcast	49
2026-03-20 14:44:32,367{GMT}	INFO	[jepsen worker 2] jepsen.util: 2	:ok	:broadcast	49
2026-03-20 14:44:32,401{GMT}	INFO	[jepsen worker 2] jepsen.util: 2	:invoke	:read	nil
2026-03-20 14:44:32,404{GMT}	INFO	[jepsen worker 2] jepsen.util: 2	:ok	:read	[0 4 5 7 8 10 11 12 13 14 15 16 18 21 22 23 24 25 26 27 28 29 30 31 32 33 34 35 36 37 38 39 40 41 43 44 46 48 49]
2026-03-20 14:44:32,498{GMT}	INFO	[jepsen worker 2] jepsen.util: 2	:invoke	:broadcast	50
2026-03-20 14:44:32,500{GMT}	INFO	[jepsen worker 2] jepsen.util: 2	:ok	:broadcast	50
2026-03-20 14:44:32,669{GMT}	INFO	[jepsen worker 2] jepsen.util: 2	:invoke	:broadcast	51
2026-03-20 14:44:32,672{GMT}	INFO	[jepsen worker 2] jepsen.util: 2	:ok	:broadcast	51
2026-03-20 14:44:32,673{GMT}	INFO	[jepsen worker 1] jepsen.util: 6	:info	:broadcast	20	:net-timeout
2026-03-20 14:44:32,859{GMT}	INFO	[jepsen worker 3] jepsen.util: 3	:invoke	:broadcast	52
2026-03-20 14:44:32,860{GMT}	INFO	[jepsen worker 0] jepsen.util: 5	:fail	:read	nil	:net-timeout
2026-03-20 14:44:32,864{GMT}	INFO	[jepsen worker 3] jepsen.util: 3	:ok	:broadcast	52
2026-03-20 14:44:33,015{GMT}	INFO	[jepsen worker 0] jepsen.util: 5	:invoke	:broadcast	53
2026-03-20 14:44:33,208{GMT}	INFO	[jepsen worker 1] jepsen.util: 11	:invoke	:broadcast	54
2026-03-20 14:44:33,279{GMT}	INFO	[jepsen worker 4] jepsen.util: 4	:fail	:read	nil	:net-timeout
2026-03-20 14:44:33,380{GMT}	INFO	[jepsen worker 2] jepsen.util: 2	:invoke	:read	nil
2026-03-20 14:44:33,382{GMT}	INFO	[jepsen worker 2] jepsen.util: 2	:ok	:read	[0 4 5 7 8 10 11 12 13 14 15 16 18 21 22 23 24 25 26 27 28 29 30 31 32 33 34 35 36 37 38 39 40 41 43 44 46 48 49 50 51]
2026-03-20 14:44:33,552{GMT}	INFO	[jepsen worker 2] jepsen.util: 2	:invoke	:read	nil
2026-03-20 14:44:33,555{GMT}	INFO	[jepsen worker 2] jepsen.util: 2	:ok	:read	[0 4 5 7 8 10 11 12 13 14 15 16 18 21 22 23 24 25 26 27 28 29 30 31 32 33 34 35 36 37 38 39 40 41 43 44 46 48 49 50 51]
2026-03-20 14:44:33,738{GMT}	INFO	[jepsen worker 2] jepsen.util: 2	:invoke	:read	nil
2026-03-20 14:44:33,741{GMT}	INFO	[jepsen worker 2] jepsen.util: 2	:ok	:read	[0 4 5 7 8 10 11 12 13 14 15 16 18 21 22 23 24 25 26 27 28 29 30 31 32 33 34 35 36 37 38 39 40 41 43 44 46 48 49 50 51]
2026-03-20 14:44:33,833{GMT}	INFO	[jepsen worker 3] jepsen.util: 3	:invoke	:read	nil
2026-03-20 14:44:33,835{GMT}	INFO	[jepsen worker 3] jepsen.util: 3	:ok	:read	[0 2 6 9 17 19 42 45 47 52]
2026-03-20 14:44:33,844{GMT}	INFO	[jepsen worker 4] jepsen.util: 4	:invoke	:read	nil
2026-03-20 14:44:33,934{GMT}	INFO	[jepsen worker 2] jepsen.util: 2	:invoke	:broadcast	55
2026-03-20 14:44:33,936{GMT}	INFO	[jepsen worker 2] jepsen.util: 2	:ok	:broadcast	55
2026-03-20 14:44:34,129{GMT}	INFO	[jepsen worker 2] jepsen.util: 2	:invoke	:read	nil
2026-03-20 14:44:34,131{GMT}	INFO	[jepsen worker 2] jepsen.util: 2	:ok	:read	[0 4 5 7 8 10 11 12 13 14 15 16 18 21 22 23 24 25 26 27 28 29 30 31 32 33 34 35 36 37 38 39 40 41 43 44 46 48 49 50 51 55]
2026-03-20 14:44:34,200{GMT}	INFO	[jepsen worker 2] jepsen.util: 2	:invoke	:broadcast	56
2026-03-20 14:44:34,203{GMT}	INFO	[jepsen worker 2] jepsen.util: 2	:ok	:broadcast	56
2026-03-20 14:44:34,268{GMT}	INFO	[jepsen worker 2] jepsen.util: 2	:invoke	:read	nil
2026-03-20 14:44:34,271{GMT}	INFO	[jepsen worker 2] jepsen.util: 2	:ok	:read	[0 4 5 7 8 10 11 12 13 14 15 16 18 21 22 23 24 25 26 27 28 29 30 31 32 33 34 35 36 37 38 39 40 41 43 44 46 48 49 50 51 55 56]
2026-03-20 14:44:34,467{GMT}	INFO	[jepsen worker 3] jepsen.util: 3	:invoke	:read	nil
2026-03-20 14:44:34,469{GMT}	INFO	[jepsen worker 3] jepsen.util: 3	:ok	:read	[0 2 6 9 17 19 42 45 47 52]
2026-03-20 14:44:34,544{GMT}	INFO	[jepsen worker 2] jepsen.util: 2	:invoke	:broadcast	57
2026-03-20 14:44:34,546{GMT}	INFO	[jepsen worker 2] jepsen.util: 2	:ok	:broadcast	57
2026-03-20 14:44:34,616{GMT}	INFO	[jepsen worker 2] jepsen.util: 2	:invoke	:read	nil
2026-03-20 14:44:34,618{GMT}	INFO	[jepsen worker 2] jepsen.util: 2	:ok	:read	[0 4 5 7 8 10 11 12 13 14 15 16 18 21 22 23 24 25 26 27 28 29 30 31 32 33 34 35 36 37 38 39 40 41 43 44 46 48 49 50 51 55 56 57]
2026-03-20 14:44:34,747{GMT}	INFO	[jepsen worker 2] jepsen.util: 2	:invoke	:broadcast	58
2026-03-20 14:44:34,749{GMT}	INFO	[jepsen worker 2] jepsen.util: 2	:ok	:broadcast	58
2026-03-20 14:44:34,872{GMT}	INFO	[jepsen worker 2] jepsen.util: 2	:invoke	:read	nil
2026-03-20 14:44:34,874{GMT}	INFO	[jepsen worker 2] jepsen.util: 2	:ok	:read	[0 4 5 7 8 10 11 12 13 14 15 16 18 21 22 23 24 25 26 27 28 29 30 31 32 33 34 35 36 37 38 39 40 41 43 44 46 48 49 50 51 55 56 57 58]
2026-03-20 14:44:34,895{GMT}	INFO	[jepsen worker 2] jepsen.util: 2	:invoke	:broadcast	59
2026-03-20 14:44:34,897{GMT}	INFO	[jepsen worker 2] jepsen.util: 2	:ok	:broadcast	59
2026-03-20 14:44:35,094{GMT}	INFO	[jepsen worker 3] jepsen.util: 3	:invoke	:read	nil
2026-03-20 14:44:35,096{GMT}	INFO	[jepsen worker 3] jepsen.util: 3	:ok	:read	[0 2 6 9 17 19 42 45 47 52]
2026-03-20 14:44:35,255{GMT}	INFO	[jepsen worker 2] jepsen.util: 2	:invoke	:read	nil
2026-03-20 14:44:35,257{GMT}	INFO	[jepsen worker 2] jepsen.util: 2	:ok	:read	[0 4 5 7 8 10 11 12 13 14 15 16 18 21 22 23 24 25 26 27 28 29 30 31 32 33 34 35 36 37 38 39 40 41 43 44 46 48 49 50 51 55 56 57 58 59]
2026-03-20 14:44:35,280{GMT}	INFO	[jepsen worker 2] jepsen.util: 2	:invoke	:read	nil
2026-03-20 14:44:35,282{GMT}	INFO	[jepsen worker 2] jepsen.util: 2	:ok	:read	[0 4 5 7 8 10 11 12 13 14 15 16 18 21 22 23 24 25 26 27 28 29 30 31 32 33 34 35 36 37 38 39 40 41 43 44 46 48 49 50 51 55 56 57 58 59]
2026-03-20 14:44:35,412{GMT}	INFO	[jepsen worker 2] jepsen.util: 2	:invoke	:read	nil
2026-03-20 14:44:35,414{GMT}	INFO	[jepsen worker 2] jepsen.util: 2	:ok	:read	[0 4 5 7 8 10 11 12 13 14 15 16 18 21 22 23 24 25 26 27 28 29 30 31 32 33 34 35 36 37 38 39 40 41 43 44 46 48 49 50 51 55 56 57 58 59]
2026-03-20 14:44:35,488{GMT}	INFO	[jepsen worker 2] jepsen.util: 2	:invoke	:broadcast	60
2026-03-20 14:44:35,490{GMT}	INFO	[jepsen worker 2] jepsen.util: 2	:ok	:broadcast	60
2026-03-20 14:44:35,664{GMT}	INFO	[jepsen worker 2] jepsen.util: 2	:invoke	:broadcast	61
2026-03-20 14:44:35,666{GMT}	INFO	[jepsen worker 2] jepsen.util: 2	:ok	:broadcast	61
2026-03-20 14:44:35,709{GMT}	INFO	[jepsen worker 3] jepsen.util: 3	:invoke	:read	nil
2026-03-20 14:44:35,712{GMT}	INFO	[jepsen worker 3] jepsen.util: 3	:ok	:read	[0 2 6 9 17 19 42 45 47 52]
2026-03-20 14:44:35,873{GMT}	INFO	[jepsen worker 2] jepsen.util: 2	:invoke	:broadcast	62
2026-03-20 14:44:35,875{GMT}	INFO	[jepsen worker 2] jepsen.util: 2	:ok	:broadcast	62
2026-03-20 14:44:35,977{GMT}	INFO	[jepsen worker 2] jepsen.util: 2	:invoke	:broadcast	63
2026-03-20 14:44:35,979{GMT}	INFO	[jepsen worker 2] jepsen.util: 2	:ok	:broadcast	63
2026-03-20 14:44:36,108{GMT}	INFO	[jepsen worker 2] jepsen.util: 2	:invoke	:read	nil
2026-03-20 14:44:36,110{GMT}	INFO	[jepsen worker 2] jepsen.util: 2	:ok	:read	[0 4 5 7 8 10 11 12 13 14 15 16 18 21 22 23 24 25 26 27 28 29 30 31 32 33 34 35 36 37 38 39 40 41 43 44 46 48 49 50 51 55 56 57 58 59 60 61 62 63]
2026-03-20 14:44:36,223{GMT}	INFO	[jepsen worker 2] jepsen.util: 2	:invoke	:read	nil
2026-03-20 14:44:36,225{GMT}	INFO	[jepsen worker 2] jepsen.util: 2	:ok	:read	[0 4 5 7 8 10 11 12 13 14 15 16 18 21 22 23 24 25 26 27 28 29 30 31 32 33 34 35 36 37 38 39 40 41 43 44 46 48 49 50 51 55 56 57 58 59 60 61 62 63]
2026-03-20 14:44:36,389{GMT}	INFO	[jepsen worker 2] jepsen.util: 2	:invoke	:broadcast	64
2026-03-20 14:44:36,391{GMT}	INFO	[jepsen worker 2] jepsen.util: 2	:ok	:broadcast	64
2026-03-20 14:44:36,403{GMT}	INFO	[jepsen worker 3] jepsen.util: 3	:invoke	:read	nil
2026-03-20 14:44:36,405{GMT}	INFO	[jepsen worker 3] jepsen.util: 3	:ok	:read	[0 2 6 9 17 19 42 45 47 52]
2026-03-20 14:44:36,437{GMT}	INFO	[jepsen worker 2] jepsen.util: 2	:invoke	:read	nil
2026-03-20 14:44:36,439{GMT}	INFO	[jepsen worker 2] jepsen.util: 2	:ok	:read	[0 4 5 7 8 10 11 12 13 14 15 16 18 21 22 23 24 25 26 27 28 29 30 31 32 33 34 35 36 37 38 39 40 41 43 44 46 48 49 50 51 55 56 57 58 59 60 61 62 63 64]
2026-03-20 14:44:36,589{GMT}	INFO	[jepsen worker 2] jepsen.util: 2	:invoke	:read	nil
2026-03-20 14:44:36,591{GMT}	INFO	[jepsen worker 2] jepsen.util: 2	:ok	:read	[0 4 5 7 8 10 11 12 13 14 15 16 18 21 22 23 24 25 26 27 28 29 30 31 32 33 34 35 36 37 38 39 40 41 43 44 46 48 49 50 51 55 56 57 58 59 60 61 62 63 64]
2026-03-20 14:44:36,664{GMT}	INFO	[jepsen worker 2] jepsen.util: 2	:invoke	:read	nil
2026-03-20 14:44:36,666{GMT}	INFO	[jepsen worker 2] jepsen.util: 2	:ok	:read	[0 4 5 7 8 10 11 12 13 14 15 16 18 21 22 23 24 25 26 27 28 29 30 31 32 33 34 35 36 37 38 39 40 41 43 44 46 48 49 50 51 55 56 57 58 59 60 61 62 63 64]
2026-03-20 14:44:36,776{GMT}	INFO	[jepsen worker 2] jepsen.util: 2	:invoke	:read	nil
2026-03-20 14:44:36,778{GMT}	INFO	[jepsen worker 2] jepsen.util: 2	:ok	:read	[0 4 5 7 8 10 11 12 13 14 15 16 18 21 22 23 24 25 26 27 28 29 30 31 32 33 34 35 36 37 38 39 40 41 43 44 46 48 49 50 51 55 56 57 58 59 60 61 62 63 64]
2026-03-20 14:44:36,889{GMT}	INFO	[jepsen worker 2] jepsen.util: 2	:invoke	:broadcast	65
2026-03-20 14:44:36,891{GMT}	INFO	[jepsen worker 2] jepsen.util: 2	:ok	:broadcast	65
2026-03-20 14:44:37,043{GMT}	INFO	[jepsen worker 3] jepsen.util: 3	:invoke	:read	nil
2026-03-20 14:44:37,045{GMT}	INFO	[jepsen worker 3] jepsen.util: 3	:ok	:read	[0 2 6 9 17 19 42 45 47 52]
2026-03-20 14:44:37,203{GMT}	INFO	[jepsen worker 2] jepsen.util: 2	:invoke	:read	nil
2026-03-20 14:44:37,205{GMT}	INFO	[jepsen worker 2] jepsen.util: 2	:ok	:read	[0 4 5 7 8 10 11 12 13 14 15 16 18 21 22 23 24 25 26 27 28 29 30 31 32 33 34 35 36 37 38 39 40 41 43 44 46 48 49 50 51 55 56 57 58 59 60 61 62 63 64 65]
2026-03-20 14:44:37,266{GMT}	INFO	[jepsen worker 2] jepsen.util: 2	:invoke	:broadcast	66
2026-03-20 14:44:37,268{GMT}	INFO	[jepsen worker 2] jepsen.util: 2	:ok	:broadcast	66
2026-03-20 14:44:37,382{GMT}	INFO	[jepsen worker 2] jepsen.util: 2	:invoke	:read	nil
2026-03-20 14:44:37,384{GMT}	INFO	[jepsen worker 2] jepsen.util: 2	:ok	:read	[0 4 5 7 8 10 11 12 13 14 15 16 18 21 22 23 24 25 26 27 28 29 30 31 32 33 34 35 36 37 38 39 40 41 43 44 46 48 49 50 51 55 56 57 58 59 60 61 62 63 64 65 66]
2026-03-20 14:44:37,565{GMT}	INFO	[jepsen worker 2] jepsen.util: 2	:invoke	:broadcast	67
2026-03-20 14:44:37,568{GMT}	INFO	[jepsen worker 2] jepsen.util: 2	:ok	:broadcast	67
2026-03-20 14:44:37,751{GMT}	INFO	[jepsen worker 2] jepsen.util: 2	:invoke	:read	nil
2026-03-20 14:44:37,753{GMT}	INFO	[jepsen worker 2] jepsen.util: 2	:ok	:read	[0 4 5 7 8 10 11 12 13 14 15 16 18 21 22 23 24 25 26 27 28 29 30 31 32 33 34 35 36 37 38 39 40 41 43 44 46 48 49 50 51 55 56 57 58 59 60 61 62 63 64 65 66 67]
2026-03-20 14:44:37,850{GMT}	INFO	[jepsen worker 3] jepsen.util: 3	:invoke	:broadcast	68
2026-03-20 14:44:37,853{GMT}	INFO	[jepsen worker 3] jepsen.util: 3	:ok	:broadcast	68
2026-03-20 14:44:38,015{GMT}	INFO	[jepsen worker 0] jepsen.util: 5	:info	:broadcast	53	:net-timeout
2026-03-20 14:44:38,017{GMT}	INFO	[jepsen worker 0] jepsen.util: 10	:invoke	:read	nil
2026-03-20 14:44:38,061{GMT}	INFO	[jepsen worker 2] jepsen.util: 2	:invoke	:read	nil
2026-03-20 14:44:38,064{GMT}	INFO	[jepsen worker 2] jepsen.util: 2	:ok	:read	[0 4 5 7 8 10 11 12 13 14 15 16 18 21 22 23 24 25 26 27 28 29 30 31 32 33 34 35 36 37 38 39 40 41 43 44 46 48 49 50 51 55 56 57 58 59 60 61 62 63 64 65 66 67]
2026-03-20 14:44:38,203{GMT}	INFO	[jepsen worker 2] jepsen.util: 2	:invoke	:read	nil
2026-03-20 14:44:38,205{GMT}	INFO	[jepsen worker 2] jepsen.util: 2	:ok	:read	[0 4 5 7 8 10 11 12 13 14 15 16 18 21 22 23 24 25 26 27 28 29 30 31 32 33 34 35 36 37 38 39 40 41 43 44 46 48 49 50 51 55 56 57 58 59 60 61 62 63 64 65 66 67]
2026-03-20 14:44:38,208{GMT}	INFO	[jepsen worker 1] jepsen.util: 11	:info	:broadcast	54	:net-timeout
2026-03-20 14:44:38,360{GMT}	INFO	[jepsen worker 1] jepsen.util: 16	:invoke	:read	nil
2026-03-20 14:44:38,499{GMT}	INFO	[jepsen worker 2] jepsen.util: 2	:invoke	:broadcast	69
2026-03-20 14:44:38,501{GMT}	INFO	[jepsen worker 2] jepsen.util: 2	:ok	:broadcast	69
2026-03-20 14:44:38,637{GMT}	INFO	[jepsen worker 3] jepsen.util: 3	:invoke	:read	nil
2026-03-20 14:44:38,639{GMT}	INFO	[jepsen worker 3] jepsen.util: 3	:ok	:read	[0 2 6 9 17 19 42 45 47 52 68]
2026-03-20 14:44:38,689{GMT}	INFO	[jepsen worker 2] jepsen.util: 2	:invoke	:read	nil
2026-03-20 14:44:38,691{GMT}	INFO	[jepsen worker 2] jepsen.util: 2	:ok	:read	[0 4 5 7 8 10 11 12 13 14 15 16 18 21 22 23 24 25 26 27 28 29 30 31 32 33 34 35 36 37 38 39 40 41 43 44 46 48 49 50 51 55 56 57 58 59 60 61 62 63 64 65 66 67 69]
2026-03-20 14:44:38,785{GMT}	INFO	[jepsen worker 2] jepsen.util: 2	:invoke	:broadcast	70
2026-03-20 14:44:38,787{GMT}	INFO	[jepsen worker 2] jepsen.util: 2	:ok	:broadcast	70
2026-03-20 14:44:38,844{GMT}	INFO	[jepsen worker 4] jepsen.util: 4	:fail	:read	nil	:net-timeout
2026-03-20 14:44:38,870{GMT}	INFO	[jepsen worker 2] jepsen.util: 2	:invoke	:read	nil
2026-03-20 14:44:38,872{GMT}	INFO	[jepsen worker 2] jepsen.util: 2	:ok	:read	[0 4 5 7 8 10 11 12 13 14 15 16 18 21 22 23 24 25 26 27 28 29 30 31 32 33 34 35 36 37 38 39 40 41 43 44 46 48 49 50 51 55 56 57 58 59 60 61 62 63 64 65 66 67 69 70]
2026-03-20 14:44:38,983{GMT}	INFO	[jepsen worker 2] jepsen.util: 2	:invoke	:broadcast	71
2026-03-20 14:44:38,987{GMT}	INFO	[jepsen worker 2] jepsen.util: 2	:ok	:broadcast	71
2026-03-20 14:44:39,146{GMT}	INFO	[jepsen worker 2] jepsen.util: 2	:invoke	:read	nil
2026-03-20 14:44:39,148{GMT}	INFO	[jepsen worker 2] jepsen.util: 2	:ok	:read	[0 4 5 7 8 10 11 12 13 14 15 16 18 21 22 23 24 25 26 27 28 29 30 31 32 33 34 35 36 37 38 39 40 41 43 44 46 48 49 50 51 55 56 57 58 59 60 61 62 63 64 65 66 67 69 70 71]
2026-03-20 14:44:39,155{GMT}	INFO	[jepsen worker 3] jepsen.util: 3	:invoke	:broadcast	72
2026-03-20 14:44:39,163{GMT}	INFO	[jepsen worker 3] jepsen.util: 3	:ok	:broadcast	72
2026-03-20 14:44:39,312{GMT}	INFO	[jepsen worker 4] jepsen.util: 4	:invoke	:broadcast	73
2026-03-20 14:44:39,389{GMT}	INFO	[jepsen worker 2] jepsen.util: 2	:invoke	:read	nil
2026-03-20 14:44:39,391{GMT}	INFO	[jepsen worker 2] jepsen.util: 2	:ok	:read	[0 4 5 7 8 10 11 12 13 14 15 16 18 21 22 23 24 25 26 27 28 29 30 31 32 33 34 35 36 37 38 39 40 41 43 44 46 48 49 50 51 55 56 57 58 59 60 61 62 63 64 65 66 67 69 70 71]
2026-03-20 14:44:39,553{GMT}	INFO	[jepsen worker 2] jepsen.util: 2	:invoke	:broadcast	74
2026-03-20 14:44:39,555{GMT}	INFO	[jepsen worker 2] jepsen.util: 2	:ok	:broadcast	74
2026-03-20 14:44:39,587{GMT}	INFO	[jepsen worker 2] jepsen.util: 2	:invoke	:read	nil
2026-03-20 14:44:39,589{GMT}	INFO	[jepsen worker 2] jepsen.util: 2	:ok	:read	[0 4 5 7 8 10 11 12 13 14 15 16 18 21 22 23 24 25 26 27 28 29 30 31 32 33 34 35 36 37 38 39 40 41 43 44 46 48 49 50 51 55 56 57 58 59 60 61 62 63 64 65 66 67 69 70 71 74]
2026-03-20 14:44:39,759{GMT}	INFO	[jepsen worker 2] jepsen.util: 2	:invoke	:broadcast	75
2026-03-20 14:44:39,762{GMT}	INFO	[jepsen worker 2] jepsen.util: 2	:ok	:broadcast	75
2026-03-20 14:44:39,830{GMT}	INFO	[jepsen worker 3] jepsen.util: 3	:invoke	:read	nil
2026-03-20 14:44:39,832{GMT}	INFO	[jepsen worker 3] jepsen.util: 3	:ok	:read	[0 2 6 9 17 19 42 45 47 52 68 72]
2026-03-20 14:44:39,991{GMT}	INFO	[jepsen worker 2] jepsen.util: 2	:invoke	:broadcast	76
2026-03-20 14:44:39,993{GMT}	INFO	[jepsen worker 2] jepsen.util: 2	:ok	:broadcast	76
2026-03-20 14:44:40,109{GMT}	INFO	[jepsen worker 2] jepsen.util: 2	:invoke	:read	nil
2026-03-20 14:44:40,111{GMT}	INFO	[jepsen worker 2] jepsen.util: 2	:ok	:read	[0 4 5 7 8 10 11 12 13 14 15 16 18 21 22 23 24 25 26 27 28 29 30 31 32 33 34 35 36 37 38 39 40 41 43 44 46 48 49 50 51 55 56 57 58 59 60 61 62 63 64 65 66 67 69 70 71 74 75 76]
2026-03-20 14:44:40,248{GMT}	INFO	[jepsen worker 2] jepsen.util: 2	:invoke	:read	nil
2026-03-20 14:44:40,249{GMT}	INFO	[jepsen worker 2] jepsen.util: 2	:ok	:read	[0 4 5 7 8 10 11 12 13 14 15 16 18 21 22 23 24 25 26 27 28 29 30 31 32 33 34 35 36 37 38 39 40 41 43 44 46 48 49 50 51 55 56 57 58 59 60 61 62 63 64 65 66 67 69 70 71 74 75 76]
2026-03-20 14:44:40,344{GMT}	INFO	[jepsen worker 2] jepsen.util: 2	:invoke	:broadcast	77
2026-03-20 14:44:40,346{GMT}	INFO	[jepsen worker 2] jepsen.util: 2	:ok	:broadcast	77
2026-03-20 14:44:40,409{GMT}	INFO	[jepsen worker 2] jepsen.util: 2	:invoke	:broadcast	78
2026-03-20 14:44:40,411{GMT}	INFO	[jepsen worker 2] jepsen.util: 2	:ok	:broadcast	78
2026-03-20 14:44:40,501{GMT}	INFO	[jepsen worker 3] jepsen.util: 3	:invoke	:broadcast	79
2026-03-20 14:44:40,504{GMT}	INFO	[jepsen worker 3] jepsen.util: 3	:ok	:broadcast	79
2026-03-20 14:44:40,506{GMT}	INFO	[jepsen worker 2] jepsen.util: 2	:invoke	:broadcast	80
2026-03-20 14:44:40,508{GMT}	INFO	[jepsen worker 2] jepsen.util: 2	:ok	:broadcast	80
2026-03-20 14:44:40,509{GMT}	INFO	[jepsen worker 2] jepsen.util: 2	:invoke	:read	nil
2026-03-20 14:44:40,512{GMT}	INFO	[jepsen worker 2] jepsen.util: 2	:ok	:read	[0 4 5 7 8 10 11 12 13 14 15 16 18 21 22 23 24 25 26 27 28 29 30 31 32 33 34 35 36 37 38 39 40 41 43 44 46 48 49 50 51 55 56 57 58 59 60 61 62 63 64 65 66 67 69 70 71 74 75 76 77 78 80]
2026-03-20 14:44:40,577{GMT}	INFO	[jepsen worker 2] jepsen.util: 2	:invoke	:read	nil
2026-03-20 14:44:40,579{GMT}	INFO	[jepsen worker 2] jepsen.util: 2	:ok	:read	[0 4 5 7 8 10 11 12 13 14 15 16 18 21 22 23 24 25 26 27 28 29 30 31 32 33 34 35 36 37 38 39 40 41 43 44 46 48 49 50 51 55 56 57 58 59 60 61 62 63 64 65 66 67 69 70 71 74 75 76 77 78 80]
2026-03-20 14:44:40,654{GMT}	INFO	[jepsen worker 2] jepsen.util: 2	:invoke	:read	nil
2026-03-20 14:44:40,656{GMT}	INFO	[jepsen worker 2] jepsen.util: 2	:ok	:read	[0 4 5 7 8 10 11 12 13 14 15 16 18 21 22 23 24 25 26 27 28 29 30 31 32 33 34 35 36 37 38 39 40 41 43 44 46 48 49 50 51 55 56 57 58 59 60 61 62 63 64 65 66 67 69 70 71 74 75 76 77 78 80]
2026-03-20 14:44:40,843{GMT}	INFO	[jepsen worker 2] jepsen.util: 2	:invoke	:broadcast	81
2026-03-20 14:44:40,845{GMT}	INFO	[jepsen worker 2] jepsen.util: 2	:ok	:broadcast	81
2026-03-20 14:44:40,974{GMT}	INFO	[jepsen worker 3] jepsen.util: 3	:invoke	:read	nil
2026-03-20 14:44:40,976{GMT}	INFO	[jepsen worker 3] jepsen.util: 3	:ok	:read	[0 2 6 9 17 19 42 45 47 52 68 72 79]
2026-03-20 14:44:40,997{GMT}	INFO	[jepsen worker 2] jepsen.util: 2	:invoke	:read	nil
2026-03-20 14:44:41,000{GMT}	INFO	[jepsen worker 2] jepsen.util: 2	:ok	:read	[0 4 5 7 8 10 11 12 13 14 15 16 18 21 22 23 24 25 26 27 28 29 30 31 32 33 34 35 36 37 38 39 40 41 43 44 46 48 49 50 51 55 56 57 58 59 60 61 62 63 64 65 66 67 69 70 71 74 75 76 77 78 80 81]
2026-03-20 14:44:41,129{GMT}	INFO	[jepsen worker 2] jepsen.util: 2	:invoke	:read	nil
2026-03-20 14:44:41,131{GMT}	INFO	[jepsen worker 2] jepsen.util: 2	:ok	:read	[0 4 5 7 8 10 11 12 13 14 15 16 18 21 22 23 24 25 26 27 28 29 30 31 32 33 34 35 36 37 38 39 40 41 43 44 46 48 49 50 51 55 56 57 58 59 60 61 62 63 64 65 66 67 69 70 71 74 75 76 77 78 80 81]
2026-03-20 14:44:41,310{GMT}	INFO	[jepsen worker 2] jepsen.util: 2	:invoke	:read	nil
2026-03-20 14:44:41,312{GMT}	INFO	[jepsen worker 2] jepsen.util: 2	:ok	:read	[0 4 5 7 8 10 11 12 13 14 15 16 18 21 22 23 24 25 26 27 28 29 30 31 32 33 34 35 36 37 38 39 40 41 43 44 46 48 49 50 51 55 56 57 58 59 60 61 62 63 64 65 66 67 69 70 71 74 75 76 77 78 80 81]
2026-03-20 14:44:41,474{GMT}	INFO	[jepsen worker 2] jepsen.util: 2	:invoke	:read	nil
2026-03-20 14:44:41,476{GMT}	INFO	[jepsen worker 2] jepsen.util: 2	:ok	:read	[0 4 5 7 8 10 11 12 13 14 15 16 18 21 22 23 24 25 26 27 28 29 30 31 32 33 34 35 36 37 38 39 40 41 43 44 46 48 49 50 51 55 56 57 58 59 60 61 62 63 64 65 66 67 69 70 71 74 75 76 77 78 80 81]
2026-03-20 14:44:41,652{GMT}	INFO	[jepsen worker 2] jepsen.util: 2	:invoke	:read	nil
2026-03-20 14:44:41,655{GMT}	INFO	[jepsen worker 2] jepsen.util: 2	:ok	:read	[0 4 5 7 8 10 11 12 13 14 15 16 18 21 22 23 24 25 26 27 28 29 30 31 32 33 34 35 36 37 38 39 40 41 43 44 46 48 49 50 51 55 56 57 58 59 60 61 62 63 64 65 66 67 69 70 71 74 75 76 77 78 80 81]
2026-03-20 14:44:41,676{GMT}	INFO	[jepsen worker 3] jepsen.util: 3	:invoke	:read	nil
2026-03-20 14:44:41,678{GMT}	INFO	[jepsen worker 3] jepsen.util: 3	:ok	:read	[0 2 6 9 17 19 42 45 47 52 68 72 79]
2026-03-20 14:44:41,779{GMT}	INFO	[jepsen worker 2] jepsen.util: 2	:invoke	:broadcast	82
2026-03-20 14:44:41,781{GMT}	INFO	[jepsen worker 2] jepsen.util: 2	:ok	:broadcast	82
2026-03-20 14:44:41,806{GMT}	INFO	[jepsen worker 2] jepsen.util: 2	:invoke	:read	nil
2026-03-20 14:44:41,808{GMT}	INFO	[jepsen worker 2] jepsen.util: 2	:ok	:read	[0 4 5 7 8 10 11 12 13 14 15 16 18 21 22 23 24 25 26 27 28 29 30 31 32 33 34 35 36 37 38 39 40 41 43 44 46 48 49 50 51 55 56 57 58 59 60 61 62 63 64 65 66 67 69 70 71 74 75 76 77 78 80 81 82]
2026-03-20 14:44:41,885{GMT}	INFO	[jepsen worker 2] jepsen.util: 2	:invoke	:read	nil
2026-03-20 14:44:41,887{GMT}	INFO	[jepsen worker 2] jepsen.util: 2	:ok	:read	[0 4 5 7 8 10 11 12 13 14 15 16 18 21 22 23 24 25 26 27 28 29 30 31 32 33 34 35 36 37 38 39 40 41 43 44 46 48 49 50 51 55 56 57 58 59 60 61 62 63 64 65 66 67 69 70 71 74 75 76 77 78 80 81 82]
2026-03-20 14:44:42,025{GMT}	INFO	[jepsen worker 2] jepsen.util: 2	:invoke	:read	nil
2026-03-20 14:44:42,028{GMT}	INFO	[jepsen worker 2] jepsen.util: 2	:ok	:read	[0 4 5 7 8 10 11 12 13 14 15 16 18 21 22 23 24 25 26 27 28 29 30 31 32 33 34 35 36 37 38 39 40 41 43 44 46 48 49 50 51 55 56 57 58 59 60 61 62 63 64 65 66 67 69 70 71 74 75 76 77 78 80 81 82]
2026-03-20 14:44:42,210{GMT}	INFO	[jepsen worker 2] jepsen.util: 2	:invoke	:broadcast	83
2026-03-20 14:44:42,212{GMT}	INFO	[jepsen worker 2] jepsen.util: 2	:ok	:broadcast	83
2026-03-20 14:44:42,249{GMT}	INFO	[jepsen worker 3] jepsen.util: 3	:invoke	:read	nil
2026-03-20 14:44:42,251{GMT}	INFO	[jepsen worker 3] jepsen.util: 3	:ok	:read	[0 2 6 9 17 19 42 45 47 52 68 72 79]
2026-03-20 14:44:43,017{GMT}	INFO	[jepsen worker 0] jepsen.util: 10	:fail	:read	nil	:net-timeout
2026-03-20 14:44:43,360{GMT}	INFO	[jepsen worker 1] jepsen.util: 16	:fail	:read	nil	:net-timeout
2026-03-20 14:44:44,314{GMT}	INFO	[jepsen worker 4] jepsen.util: 4	:info	:broadcast	73	:net-timeout
2026-03-20 14:44:44,315{GMT}	INFO	[jepsen worker 4] jepsen.generator.interpreter: Waiting for recovery...
2026-03-20 14:44:54,318{GMT}	INFO	[jepsen worker 2] jepsen.util: 2	:invoke	:read	nil
2026-03-20 14:44:54,319{GMT}	INFO	[jepsen worker 3] jepsen.util: 3	:invoke	:read	nil
2026-03-20 14:44:54,319{GMT}	INFO	[jepsen worker 1] jepsen.util: 16	:invoke	:read	nil
2026-03-20 14:44:54,319{GMT}	INFO	[jepsen worker 4] jepsen.util: 9	:invoke	:read	nil
2026-03-20 14:44:54,320{GMT}	INFO	[jepsen worker 0] jepsen.util: 10	:invoke	:read	nil
2026-03-20 14:44:54,323{GMT}	INFO	[jepsen worker 3] jepsen.util: 3	:ok	:read	[0 2 6 9 17 19 42 45 47 52 68 72 79]
2026-03-20 14:44:54,324{GMT}	INFO	[jepsen worker 2] jepsen.util: 2	:ok	:read	[0 4 5 7 8 10 11 12 13 14 15 16 18 21 22 23 24 25 26 27 28 29 30 31 32 33 34 35 36 37 38 39 40 41 43 44 46 48 49 50 51 55 56 57 58 59 60 61 62 63 64 65 66 67 69 70 71 74 75 76 77 78 80 81 82 83]
2026-03-20 14:44:59,319{GMT}	INFO	[jepsen worker 1] jepsen.util: 16	:fail	:read	nil	:net-timeout
2026-03-20 14:44:59,319{GMT}	INFO	[jepsen worker 4] jepsen.util: 9	:fail	:read	nil	:net-timeout
2026-03-20 14:44:59,319{GMT}	INFO	[jepsen worker 0] jepsen.util: 10	:fail	:read	nil	:net-timeout
2026-03-20 14:44:59,344{GMT}	INFO	[jepsen test runner] jepsen.core: Run complete, writing
2026-03-20 14:44:59,455{GMT}	INFO	[jepsen node n1] maelstrom.db: Tearing down n1
2026-03-20 14:44:59,456{GMT}	INFO	[jepsen node n2] maelstrom.db: Tearing down n2
2026-03-20 14:44:59,458{GMT}	INFO	[jepsen node n0] maelstrom.db: Tearing down n0
2026-03-20 14:44:59,461{GMT}	INFO	[jepsen node n3] maelstrom.db: Tearing down n3
2026-03-20 14:44:59,461{GMT}	INFO	[jepsen node n4] maelstrom.db: Tearing down n4
2026-03-20 14:45:01,093{GMT}	INFO	[jepsen node n0] maelstrom.net: Shutting down Maelstrom network
2026-03-20 14:45:01,095{GMT}	INFO	[jepsen test runner] jepsen.core: Analyzing...
2026-03-20 14:45:01,366{GMT}	INFO	[jepsen test runner] jepsen.core: Analysis complete
2026-03-20 14:45:01,396{GMT}	INFO	[jepsen results] jepsen.store: Wrote /home/banna/Documents/maelstrom-java/store/broadcast/20260320T144420.661Z/results.edn
2026-03-20 14:45:01,427{GMT}	INFO	[jepsen test runner] jepsen.core: {:perf {:latency-graph {:valid? true},
        :rate-graph {:valid? true},
        :valid? true},
 :timeline {:valid? true},
 :exceptions {:valid? true},
 :stats {:valid? true,
         :count 195,
         :ok-count 180,
         :fail-count 9,
         :info-count 6,
         :by-f {:broadcast {:valid? true,
                            :count 84,
                            :ok-count 78,
                            :fail-count 0,
                            :info-count 6},
                :read {:valid? true,
                       :count 111,
                       :ok-count 102,
                       :fail-count 9,
                       :info-count 0}}},
 :availability {:valid? true, :ok-fraction 0.9230769},
 :net {:all {:send-count 496,
             :recv-count 496,
             :msg-count 496,
             :msgs-per-op 2.5435898},
       :clients {:send-count 395, :recv-count 395, :msg-count 395},
       :servers {:send-count 101,
                 :recv-count 101,
                 :msg-count 101,
                 :msgs-per-op 0.51794875},
       :valid? true},
 :workload {:worst-stale ({:element 2,
                           :outcome :stable,
                           :stable-latency 31793,
                           :lost-latency nil,
                           :known #jepsen.history.Op{:index 6,
                                                     :time 281189398,
                                                     :type :ok,
                                                     :process 3,
                                                     :f :add,
                                                     :value 2},
                           :last-absent #jepsen.history.Op{:index 380,
                                                           :time 32074438546,
                                                           :type :invoke,
                                                           :process 2,
                                                           :f :read,
                                                           :value nil,
                                                           :final? true}}
                          {:element 6,
                           :outcome :stable,
                           :stable-latency 31236,
                           :lost-latency nil,
                           :known #jepsen.history.Op{:index 16,
                                                     :time 838362420,
                                                     :type :ok,
                                                     :process 3,
                                                     :f :add,
                                                     :value 6},
                           :last-absent #jepsen.history.Op{:index 380,
                                                           :time 32074438546,
                                                           :type :invoke,
                                                           :process 2,
                                                           :f :read,
                                                           :value nil,
                                                           :final? true}}
                          {:element 9,
                           :outcome :stable,
                           :stable-latency 30552,
                           :lost-latency nil,
                           :known #jepsen.history.Op{:index 28,
                                                     :time 1521557672,
                                                     :type :ok,
                                                     :process 3,
                                                     :f :add,
                                                     :value 9},
                           :last-absent #jepsen.history.Op{:index 380,
                                                           :time 32074438546,
                                                           :type :invoke,
                                                           :process 2,
                                                           :f :read,
                                                           :value nil,
                                                           :final? true}}
                          {:element 17,
                           :outcome :stable,
                           :stable-latency 28217,
                           :lost-latency nil,
                           :known #jepsen.history.Op{:index 64,
                                                     :time 3856443936,
                                                     :type :ok,
                                                     :process 3,
                                                     :f :add,
                                                     :value 17},
                           :last-absent #jepsen.history.Op{:index 380,
                                                           :time 32074438546,
                                                           :type :invoke,
                                                           :process 2,
                                                           :f :read,
                                                           :value nil,
                                                           :final? true}}
                          {:element 19,
                           :outcome :stable,
                           :stable-latency 27543,
                           :lost-latency nil,
                           :known #jepsen.history.Op{:index 76,
                                                     :time 4530705199,
                                                     :type :ok,
                                                     :process 3,
                                                     :f :add,
                                                     :value 19},
                           :last-absent #jepsen.history.Op{:index 380,
                                                           :time 32074438546,
                                                           :type :invoke,
                                                           :process 2,
                                                           :f :read,
                                                           :value nil,
                                                           :final? true}}
                          {:element 42,
                           :outcome :stable,
                           :stable-latency 23398,
                           :lost-latency nil,
                           :known #jepsen.history.Op{:index 172,
                                                     :time 8675992263,
                                                     :type :ok,
                                                     :process 3,
                                                     :f :add,
                                                     :value 42},
                           :last-absent #jepsen.history.Op{:index 380,
                                                           :time 32074438546,
                                                           :type :invoke,
                                                           :process 2,
                                                           :f :read,
                                                           :value nil,
                                                           :final? true}}
                          {:element 45,
                           :outcome :stable,
                           :stable-latency 22742,
                           :lost-latency nil,
                           :known #jepsen.history.Op{:index 184,
                                                     :time 9331739632,
                                                     :type :ok,
                                                     :process 3,
                                                     :f :add,
                                                     :value 45},
                           :last-absent #jepsen.history.Op{:index 380,
                                                           :time 32074438546,
                                                           :type :invoke,
                                                           :process 2,
                                                           :f :read,
                                                           :value nil,
                                                           :final? true}}
                          {:element 47,
                           :outcome :stable,
                           :stable-latency 22194,
                           :lost-latency nil,
                           :known #jepsen.history.Op{:index 196,
                                                     :time 9879601518,
                                                     :type :ok,
                                                     :process 3,
                                                     :f :add,
                                                     :value 47},
                           :last-absent #jepsen.history.Op{:index 380,
                                                           :time 32074438546,
                                                           :type :invoke,
                                                           :process 2,
                                                           :f :read,
                                                           :value nil,
                                                           :final? true}}),
            :duplicated-count 0,
            :valid? false,
            :lost-count 65,
            :lost (4
                   5
                   7
                   8
                   10
                   11
                   12
                   13
                   14
                   15
                   16
                   18
                   21
                   22
                   23
                   24
                   25
                   26
                   27
                   28
                   29
                   30
                   31
                   32
                   33
                   34
                   35
                   36
                   37
                   38
                   39
                   40
                   41
                   43
                   44
                   46
                   48
                   49
                   50
                   51
                   55
                   56
                   57
                   58
                   59
                   60
                   61
                   62
                   63
                   64
                   65
                   66
                   67
                   69
                   70
                   71
                   74
                   75
                   76
                   77
                   78
                   80
                   81
                   82
                   83),
            :stable-count 13,
            :stale-count 12,
            :stale (2 6 9 17 19 42 45 47 52 68 72 79),
            :never-read-count 6,
            :stable-latencies {0 0,
                               0.5 22742,
                               0.95 31793,
                               0.99 31793,
                               1 31793},
            :attempt-count 84,
            :lost-latencies {0 12104,
                             0.5 23565,
                             0.95 30729,
                             0.99 31541,
                             1 31541},
            :never-read (1 3 20 53 54 73),
            :duplicated {}},
 :valid? false}


Analysis invalid! (ﾉಥ益ಥ）ﾉ ┻━┻
