2026-03-10 17:06:45,085{GMT}	INFO	[jepsen test runner] jepsen.core: Command line:
lein run test -w echo --bin run.sh --node-count 1 --time-limit 10
2026-03-10 17:06:45,156{GMT}	INFO	[jepsen test runner] jepsen.core: Running test:
{:args []
 :remote
 #jepsen.control.retry.Remote{:remote #jepsen.control.scp.Remote{:cmd-remote #jepsen.control.sshj.SSHJRemote{:concurrency-limit 6,
                                                                                                             :conn-spec nil,
                                                                                                             :client nil,
                                                                                                             :semaphore nil},
                                                                 :conn-spec nil},
                              :conn nil}
 :log-net-send false
 :node-count 1
 :availability nil
 :max-txn-length 4
 :concurrency 1
 :db
 #object[maelstrom.db$db$reify__16142
         "0x75f3c0c9"
         "maelstrom.db$db$reify__16142@75f3c0c9"]
 :max-writes-per-key 16
 :leave-db-running? false
 :name "echo"
 :logging-json? false
 :start-time
 #object[org.joda.time.DateTime "0x3938e876" "2026-03-10T17:06:45.061Z"]
 :nemesis-interval 10
 :net
 #object[maelstrom.net$jepsen_net$reify__15251
         "0x70b2819f"
         "maelstrom.net$jepsen_net$reify__15251@70b2819f"]
 :client
 #object[maelstrom.workload.echo$client$reify__16863
         "0x65dac812"
         "maelstrom.workload.echo$client$reify__16863@65dac812"]
 :barrier
 #object[java.util.concurrent.CyclicBarrier
         "0x3619ecd"
         "java.util.concurrent.CyclicBarrier@3619ecd"]
 :log-stderr false
 :pure-generators true
 :ssh {:dummy? true}
 :rate 5
 :checker
 #object[jepsen.checker$compose$reify__11881
         "0x7de4bd8f"
         "jepsen.checker$compose$reify__11881@7de4bd8f"]
 :argv
 ("test" "-w" "echo" "--bin" "run.sh" "--node-count" "1" "--time-limit" "10")
 :nemesis
 (jepsen.nemesis.ReflCompose
  {:fm {:start-partition 0,
        :stop-partition 0,
        :kill 1,
        :start 1,
        :pause 1,
        :resume 1},
   :nemeses [#unprintable "jepsen.nemesis.combined$partition_nemesis$reify__16416@193e65d5"
             #unprintable "jepsen.nemesis.combined$db_nemesis$reify__16397@2a97b4b8"]})
 :nodes ["n0"]
 :test-count 1
 :latency {:mean 0, :dist :constant}
 :bin "run.sh"
 :generator
 (jepsen.generator.TimeLimit
  {:limit 10000000000,
   :cutoff nil,
   :gen (jepsen.generator.Any
         {:gens [(jepsen.generator.OnThreads
                  {:f #{:nemesis},
                   :context-filter #object[jepsen.generator.context$make_thread_filter$lazy_filter__9167
                                           "0x10e28d97"
                                           "jepsen.generator.context$make_thread_filter$lazy_filter__9167@10e28d97"],
                   :gen nil})
                 (jepsen.generator.OnThreads
                  {:f #jepsen.generator.context.AllBut{:element :nemesis},
                   :context-filter #object[jepsen.generator.context$make_thread_filter$lazy_filter__9167
                                           "0x37d43b9b"
                                           "jepsen.generator.context$make_thread_filter$lazy_filter__9167@37d43b9b"],
                   :gen (jepsen.generator.Stagger
                         {:dt 400000000,
                          :next-time nil,
                          :gen (jepsen.generator.EachThread
                                {:fresh-gen #object[maelstrom.workload.echo$workload$fn__16882
                                                    "0x28ba90c1"
                                                    "maelstrom.workload.echo$workload$fn__16882@28ba90c1"],
                                 :context-filters #object[clojure.core$promise$reify__8591
                                                          "0x71cf6e8c"
                                                          {:status :pending,
                                                           :val nil}],
                                 :gens {}})})})]})})
 :log-net-recv false
 :os
 #object[maelstrom.net$jepsen_os$reify__15254
         "0x7545cb17"
         "maelstrom.net$jepsen_os$reify__15254@7545cb17"]
 :time-limit 10
 :workload :echo
 :consistency-models [:strict-serializable]
 :topology :grid}

2026-03-10 17:06:46,357{GMT}	INFO	[jepsen node n0] maelstrom.net: Starting Maelstrom network
2026-03-10 17:06:46,358{GMT}	INFO	[jepsen test runner] jepsen.db: Tearing down DB
2026-03-10 17:06:46,360{GMT}	INFO	[jepsen test runner] jepsen.db: Setting up DB
2026-03-10 17:06:46,362{GMT}	INFO	[jepsen node n0] maelstrom.service: Starting services: (lin-kv lin-tso lww-kv seq-kv)
2026-03-10 17:06:46,364{GMT}	INFO	[jepsen node n0] maelstrom.db: Setting up n0
2026-03-10 17:06:46,365{GMT}	INFO	[jepsen node n0] maelstrom.process: launching run.sh []
2026-03-10 17:06:46,443{GMT}	INFO	[jepsen test runner] jepsen.core: Relative time begins now
2026-03-10 17:06:46,455{GMT}	INFO	[jepsen worker 0] jepsen.util: 0	:invoke	:echo	"Please echo 2"
2026-03-10 17:06:46,461{GMT}	INFO	[jepsen worker 0] jepsen.util: 0	:ok	:echo	{:type "echo_ok", :echo "Please echo 2", :in_reply_to 1, :msg_id 1}
2026-03-10 17:06:46,666{GMT}	INFO	[jepsen worker 0] jepsen.util: 0	:invoke	:echo	"Please echo 38"
2026-03-10 17:06:46,668{GMT}	INFO	[jepsen worker 0] jepsen.util: 0	:ok	:echo	{:type "echo_ok", :echo "Please echo 38", :in_reply_to 2, :msg_id 2}
2026-03-10 17:06:46,671{GMT}	INFO	[jepsen worker 0] jepsen.util: 0	:invoke	:echo	"Please echo 65"
2026-03-10 17:06:46,673{GMT}	INFO	[jepsen worker 0] jepsen.util: 0	:ok	:echo	{:type "echo_ok", :echo "Please echo 65", :in_reply_to 3, :msg_id 3}
2026-03-10 17:06:47,052{GMT}	INFO	[jepsen worker 0] jepsen.util: 0	:invoke	:echo	"Please echo 2"
2026-03-10 17:06:47,054{GMT}	INFO	[jepsen worker 0] jepsen.util: 0	:ok	:echo	{:type "echo_ok", :echo "Please echo 2", :in_reply_to 4, :msg_id 4}
2026-03-10 17:06:47,107{GMT}	INFO	[jepsen worker 0] jepsen.util: 0	:invoke	:echo	"Please echo 29"
2026-03-10 17:06:47,110{GMT}	INFO	[jepsen worker 0] jepsen.util: 0	:ok	:echo	{:type "echo_ok", :echo "Please echo 29", :in_reply_to 5, :msg_id 5}
2026-03-10 17:06:47,232{GMT}	INFO	[jepsen worker 0] jepsen.util: 0	:invoke	:echo	"Please echo 109"
2026-03-10 17:06:47,234{GMT}	INFO	[jepsen worker 0] jepsen.util: 0	:ok	:echo	{:type "echo_ok", :echo "Please echo 109", :in_reply_to 6, :msg_id 6}
2026-03-10 17:06:47,608{GMT}	INFO	[jepsen worker 0] jepsen.util: 0	:invoke	:echo	"Please echo 57"
2026-03-10 17:06:47,610{GMT}	INFO	[jepsen worker 0] jepsen.util: 0	:ok	:echo	{:type "echo_ok", :echo "Please echo 57", :in_reply_to 7, :msg_id 7}
2026-03-10 17:06:47,783{GMT}	INFO	[jepsen worker 0] jepsen.util: 0	:invoke	:echo	"Please echo 44"
2026-03-10 17:06:47,785{GMT}	INFO	[jepsen worker 0] jepsen.util: 0	:ok	:echo	{:type "echo_ok", :echo "Please echo 44", :in_reply_to 8, :msg_id 8}
2026-03-10 17:06:47,812{GMT}	INFO	[jepsen worker 0] jepsen.util: 0	:invoke	:echo	"Please echo 49"
2026-03-10 17:06:47,814{GMT}	INFO	[jepsen worker 0] jepsen.util: 0	:ok	:echo	{:type "echo_ok", :echo "Please echo 49", :in_reply_to 9, :msg_id 9}
2026-03-10 17:06:47,889{GMT}	INFO	[jepsen worker 0] jepsen.util: 0	:invoke	:echo	"Please echo 74"
2026-03-10 17:06:47,891{GMT}	INFO	[jepsen worker 0] jepsen.util: 0	:ok	:echo	{:type "echo_ok", :echo "Please echo 74", :in_reply_to 10, :msg_id 10}
2026-03-10 17:06:47,934{GMT}	INFO	[jepsen worker 0] jepsen.util: 0	:invoke	:echo	"Please echo 110"
2026-03-10 17:06:47,936{GMT}	INFO	[jepsen worker 0] jepsen.util: 0	:ok	:echo	{:type "echo_ok", :echo "Please echo 110", :in_reply_to 11, :msg_id 11}
2026-03-10 17:06:48,222{GMT}	INFO	[jepsen worker 0] jepsen.util: 0	:invoke	:echo	"Please echo 80"
2026-03-10 17:06:48,224{GMT}	INFO	[jepsen worker 0] jepsen.util: 0	:ok	:echo	{:type "echo_ok", :echo "Please echo 80", :in_reply_to 12, :msg_id 12}
2026-03-10 17:06:48,548{GMT}	INFO	[jepsen worker 0] jepsen.util: 0	:invoke	:echo	"Please echo 87"
2026-03-10 17:06:48,550{GMT}	INFO	[jepsen worker 0] jepsen.util: 0	:ok	:echo	{:type "echo_ok", :echo "Please echo 87", :in_reply_to 13, :msg_id 13}
2026-03-10 17:06:48,572{GMT}	INFO	[jepsen worker 0] jepsen.util: 0	:invoke	:echo	"Please echo 103"
2026-03-10 17:06:48,574{GMT}	INFO	[jepsen worker 0] jepsen.util: 0	:ok	:echo	{:type "echo_ok", :echo "Please echo 103", :in_reply_to 14, :msg_id 14}
2026-03-10 17:06:48,600{GMT}	INFO	[jepsen worker 0] jepsen.util: 0	:invoke	:echo	"Please echo 58"
2026-03-10 17:06:48,601{GMT}	INFO	[jepsen worker 0] jepsen.util: 0	:ok	:echo	{:type "echo_ok", :echo "Please echo 58", :in_reply_to 15, :msg_id 15}
2026-03-10 17:06:48,856{GMT}	INFO	[jepsen worker 0] jepsen.util: 0	:invoke	:echo	"Please echo 27"
2026-03-10 17:06:48,858{GMT}	INFO	[jepsen worker 0] jepsen.util: 0	:ok	:echo	{:type "echo_ok", :echo "Please echo 27", :in_reply_to 16, :msg_id 16}
2026-03-10 17:06:48,882{GMT}	INFO	[jepsen worker 0] jepsen.util: 0	:invoke	:echo	"Please echo 117"
2026-03-10 17:06:48,884{GMT}	INFO	[jepsen worker 0] jepsen.util: 0	:ok	:echo	{:type "echo_ok", :echo "Please echo 117", :in_reply_to 17, :msg_id 17}
2026-03-10 17:06:49,264{GMT}	INFO	[jepsen worker 0] jepsen.util: 0	:invoke	:echo	"Please echo 114"
2026-03-10 17:06:49,266{GMT}	INFO	[jepsen worker 0] jepsen.util: 0	:ok	:echo	{:type "echo_ok", :echo "Please echo 114", :in_reply_to 18, :msg_id 18}
2026-03-10 17:06:49,399{GMT}	INFO	[jepsen worker 0] jepsen.util: 0	:invoke	:echo	"Please echo 63"
2026-03-10 17:06:49,401{GMT}	INFO	[jepsen worker 0] jepsen.util: 0	:ok	:echo	{:type "echo_ok", :echo "Please echo 63", :in_reply_to 19, :msg_id 19}
2026-03-10 17:06:49,744{GMT}	INFO	[jepsen worker 0] jepsen.util: 0	:invoke	:echo	"Please echo 18"
2026-03-10 17:06:49,745{GMT}	INFO	[jepsen worker 0] jepsen.util: 0	:ok	:echo	{:type "echo_ok", :echo "Please echo 18", :in_reply_to 20, :msg_id 20}
2026-03-10 17:06:50,032{GMT}	INFO	[jepsen worker 0] jepsen.util: 0	:invoke	:echo	"Please echo 84"
2026-03-10 17:06:50,034{GMT}	INFO	[jepsen worker 0] jepsen.util: 0	:ok	:echo	{:type "echo_ok", :echo "Please echo 84", :in_reply_to 21, :msg_id 21}
2026-03-10 17:06:50,268{GMT}	INFO	[jepsen worker 0] jepsen.util: 0	:invoke	:echo	"Please echo 108"
2026-03-10 17:06:50,270{GMT}	INFO	[jepsen worker 0] jepsen.util: 0	:ok	:echo	{:type "echo_ok", :echo "Please echo 108", :in_reply_to 22, :msg_id 22}
2026-03-10 17:06:50,470{GMT}	INFO	[jepsen worker 0] jepsen.util: 0	:invoke	:echo	"Please echo 113"
2026-03-10 17:06:50,473{GMT}	INFO	[jepsen worker 0] jepsen.util: 0	:ok	:echo	{:type "echo_ok", :echo "Please echo 113", :in_reply_to 23, :msg_id 23}
2026-03-10 17:06:50,713{GMT}	INFO	[jepsen worker 0] jepsen.util: 0	:invoke	:echo	"Please echo 40"
2026-03-10 17:06:50,715{GMT}	INFO	[jepsen worker 0] jepsen.util: 0	:ok	:echo	{:type "echo_ok", :echo "Please echo 40", :in_reply_to 24, :msg_id 24}
2026-03-10 17:06:50,809{GMT}	INFO	[jepsen worker 0] jepsen.util: 0	:invoke	:echo	"Please echo 13"
2026-03-10 17:06:50,811{GMT}	INFO	[jepsen worker 0] jepsen.util: 0	:ok	:echo	{:type "echo_ok", :echo "Please echo 13", :in_reply_to 25, :msg_id 25}
2026-03-10 17:06:50,872{GMT}	INFO	[jepsen worker 0] jepsen.util: 0	:invoke	:echo	"Please echo 114"
2026-03-10 17:06:50,874{GMT}	INFO	[jepsen worker 0] jepsen.util: 0	:ok	:echo	{:type "echo_ok", :echo "Please echo 114", :in_reply_to 26, :msg_id 26}
2026-03-10 17:06:51,208{GMT}	INFO	[jepsen worker 0] jepsen.util: 0	:invoke	:echo	"Please echo 50"
2026-03-10 17:06:51,210{GMT}	INFO	[jepsen worker 0] jepsen.util: 0	:ok	:echo	{:type "echo_ok", :echo "Please echo 50", :in_reply_to 27, :msg_id 27}
2026-03-10 17:06:51,300{GMT}	INFO	[jepsen worker 0] jepsen.util: 0	:invoke	:echo	"Please echo 74"
2026-03-10 17:06:51,303{GMT}	INFO	[jepsen worker 0] jepsen.util: 0	:ok	:echo	{:type "echo_ok", :echo "Please echo 74", :in_reply_to 28, :msg_id 28}
2026-03-10 17:06:51,641{GMT}	INFO	[jepsen worker 0] jepsen.util: 0	:invoke	:echo	"Please echo 125"
2026-03-10 17:06:51,643{GMT}	INFO	[jepsen worker 0] jepsen.util: 0	:ok	:echo	{:type "echo_ok", :echo "Please echo 125", :in_reply_to 29, :msg_id 29}
2026-03-10 17:06:51,765{GMT}	INFO	[jepsen worker 0] jepsen.util: 0	:invoke	:echo	"Please echo 37"
2026-03-10 17:06:51,767{GMT}	INFO	[jepsen worker 0] jepsen.util: 0	:ok	:echo	{:type "echo_ok", :echo "Please echo 37", :in_reply_to 30, :msg_id 30}
2026-03-10 17:06:52,069{GMT}	INFO	[jepsen worker 0] jepsen.util: 0	:invoke	:echo	"Please echo 14"
2026-03-10 17:06:52,071{GMT}	INFO	[jepsen worker 0] jepsen.util: 0	:ok	:echo	{:type "echo_ok", :echo "Please echo 14", :in_reply_to 31, :msg_id 31}
2026-03-10 17:06:52,145{GMT}	INFO	[jepsen worker 0] jepsen.util: 0	:invoke	:echo	"Please echo 77"
2026-03-10 17:06:52,147{GMT}	INFO	[jepsen worker 0] jepsen.util: 0	:ok	:echo	{:type "echo_ok", :echo "Please echo 77", :in_reply_to 32, :msg_id 32}
2026-03-10 17:06:52,315{GMT}	INFO	[jepsen worker 0] jepsen.util: 0	:invoke	:echo	"Please echo 8"
2026-03-10 17:06:52,317{GMT}	INFO	[jepsen worker 0] jepsen.util: 0	:ok	:echo	{:type "echo_ok", :echo "Please echo 8", :in_reply_to 33, :msg_id 33}
2026-03-10 17:06:52,554{GMT}	INFO	[jepsen worker 0] jepsen.util: 0	:invoke	:echo	"Please echo 99"
2026-03-10 17:06:52,556{GMT}	INFO	[jepsen worker 0] jepsen.util: 0	:ok	:echo	{:type "echo_ok", :echo "Please echo 99", :in_reply_to 34, :msg_id 34}
2026-03-10 17:06:52,821{GMT}	INFO	[jepsen worker 0] jepsen.util: 0	:invoke	:echo	"Please echo 41"
2026-03-10 17:06:52,823{GMT}	INFO	[jepsen worker 0] jepsen.util: 0	:ok	:echo	{:type "echo_ok", :echo "Please echo 41", :in_reply_to 35, :msg_id 35}
2026-03-10 17:06:52,944{GMT}	INFO	[jepsen worker 0] jepsen.util: 0	:invoke	:echo	"Please echo 69"
2026-03-10 17:06:52,945{GMT}	INFO	[jepsen worker 0] jepsen.util: 0	:ok	:echo	{:type "echo_ok", :echo "Please echo 69", :in_reply_to 36, :msg_id 36}
2026-03-10 17:06:53,025{GMT}	INFO	[jepsen worker 0] jepsen.util: 0	:invoke	:echo	"Please echo 41"
2026-03-10 17:06:53,027{GMT}	INFO	[jepsen worker 0] jepsen.util: 0	:ok	:echo	{:type "echo_ok", :echo "Please echo 41", :in_reply_to 37, :msg_id 37}
2026-03-10 17:06:53,341{GMT}	INFO	[jepsen worker 0] jepsen.util: 0	:invoke	:echo	"Please echo 39"
2026-03-10 17:06:53,343{GMT}	INFO	[jepsen worker 0] jepsen.util: 0	:ok	:echo	{:type "echo_ok", :echo "Please echo 39", :in_reply_to 38, :msg_id 38}
2026-03-10 17:06:53,716{GMT}	INFO	[jepsen worker 0] jepsen.util: 0	:invoke	:echo	"Please echo 40"
2026-03-10 17:06:53,717{GMT}	INFO	[jepsen worker 0] jepsen.util: 0	:ok	:echo	{:type "echo_ok", :echo "Please echo 40", :in_reply_to 39, :msg_id 39}
2026-03-10 17:06:53,849{GMT}	INFO	[jepsen worker 0] jepsen.util: 0	:invoke	:echo	"Please echo 111"
2026-03-10 17:06:53,850{GMT}	INFO	[jepsen worker 0] jepsen.util: 0	:ok	:echo	{:type "echo_ok", :echo "Please echo 111", :in_reply_to 40, :msg_id 40}
2026-03-10 17:06:54,168{GMT}	INFO	[jepsen worker 0] jepsen.util: 0	:invoke	:echo	"Please echo 76"
2026-03-10 17:06:54,170{GMT}	INFO	[jepsen worker 0] jepsen.util: 0	:ok	:echo	{:type "echo_ok", :echo "Please echo 76", :in_reply_to 41, :msg_id 41}
2026-03-10 17:06:54,495{GMT}	INFO	[jepsen worker 0] jepsen.util: 0	:invoke	:echo	"Please echo 12"
2026-03-10 17:06:54,497{GMT}	INFO	[jepsen worker 0] jepsen.util: 0	:ok	:echo	{:type "echo_ok", :echo "Please echo 12", :in_reply_to 42, :msg_id 42}
2026-03-10 17:06:54,515{GMT}	INFO	[jepsen worker 0] jepsen.util: 0	:invoke	:echo	"Please echo 118"
2026-03-10 17:06:54,517{GMT}	INFO	[jepsen worker 0] jepsen.util: 0	:ok	:echo	{:type "echo_ok", :echo "Please echo 118", :in_reply_to 43, :msg_id 43}
2026-03-10 17:06:54,615{GMT}	INFO	[jepsen worker 0] jepsen.util: 0	:invoke	:echo	"Please echo 116"
2026-03-10 17:06:54,616{GMT}	INFO	[jepsen worker 0] jepsen.util: 0	:ok	:echo	{:type "echo_ok", :echo "Please echo 116", :in_reply_to 44, :msg_id 44}
2026-03-10 17:06:54,637{GMT}	INFO	[jepsen worker 0] jepsen.util: 0	:invoke	:echo	"Please echo 52"
2026-03-10 17:06:54,639{GMT}	INFO	[jepsen worker 0] jepsen.util: 0	:ok	:echo	{:type "echo_ok", :echo "Please echo 52", :in_reply_to 45, :msg_id 45}
2026-03-10 17:06:54,751{GMT}	INFO	[jepsen worker 0] jepsen.util: 0	:invoke	:echo	"Please echo 4"
2026-03-10 17:06:54,752{GMT}	INFO	[jepsen worker 0] jepsen.util: 0	:ok	:echo	{:type "echo_ok", :echo "Please echo 4", :in_reply_to 46, :msg_id 46}
2026-03-10 17:06:54,838{GMT}	INFO	[jepsen worker 0] jepsen.util: 0	:invoke	:echo	"Please echo 85"
2026-03-10 17:06:54,840{GMT}	INFO	[jepsen worker 0] jepsen.util: 0	:ok	:echo	{:type "echo_ok", :echo "Please echo 85", :in_reply_to 47, :msg_id 47}
2026-03-10 17:06:55,158{GMT}	INFO	[jepsen worker 0] jepsen.util: 0	:invoke	:echo	"Please echo 99"
2026-03-10 17:06:55,159{GMT}	INFO	[jepsen worker 0] jepsen.util: 0	:ok	:echo	{:type "echo_ok", :echo "Please echo 99", :in_reply_to 48, :msg_id 48}
2026-03-10 17:06:55,472{GMT}	INFO	[jepsen worker 0] jepsen.util: 0	:invoke	:echo	"Please echo 43"
2026-03-10 17:06:55,474{GMT}	INFO	[jepsen worker 0] jepsen.util: 0	:ok	:echo	{:type "echo_ok", :echo "Please echo 43", :in_reply_to 49, :msg_id 49}
2026-03-10 17:06:55,774{GMT}	INFO	[jepsen worker 0] jepsen.util: 0	:invoke	:echo	"Please echo 5"
2026-03-10 17:06:55,776{GMT}	INFO	[jepsen worker 0] jepsen.util: 0	:ok	:echo	{:type "echo_ok", :echo "Please echo 5", :in_reply_to 50, :msg_id 50}
2026-03-10 17:06:56,152{GMT}	INFO	[jepsen worker 0] jepsen.util: 0	:invoke	:echo	"Please echo 110"
2026-03-10 17:06:56,153{GMT}	INFO	[jepsen worker 0] jepsen.util: 0	:ok	:echo	{:type "echo_ok", :echo "Please echo 110", :in_reply_to 51, :msg_id 51}
2026-03-10 17:06:56,220{GMT}	INFO	[jepsen worker 0] jepsen.util: 0	:invoke	:echo	"Please echo 126"
2026-03-10 17:06:56,222{GMT}	INFO	[jepsen worker 0] jepsen.util: 0	:ok	:echo	{:type "echo_ok", :echo "Please echo 126", :in_reply_to 52, :msg_id 52}
2026-03-10 17:06:56,374{GMT}	INFO	[jepsen worker 0] jepsen.util: 0	:invoke	:echo	"Please echo 126"
2026-03-10 17:06:56,376{GMT}	INFO	[jepsen worker 0] jepsen.util: 0	:ok	:echo	{:type "echo_ok", :echo "Please echo 126", :in_reply_to 53, :msg_id 53}
2026-03-10 17:06:56,392{GMT}	INFO	[jepsen test runner] jepsen.core: Run complete, writing
2026-03-10 17:06:56,427{GMT}	INFO	[jepsen node n0] maelstrom.db: Tearing down n0
2026-03-10 17:06:58,368{GMT}	INFO	[jepsen node n0] maelstrom.net: Shutting down Maelstrom network
2026-03-10 17:06:58,369{GMT}	INFO	[jepsen test runner] jepsen.core: Analyzing...
2026-03-10 17:06:58,577{GMT}	INFO	[jepsen test runner] jepsen.core: Analysis complete
2026-03-10 17:06:58,584{GMT}	INFO	[jepsen results] jepsen.store: Wrote /home/banna/Documents/maelstrom-java/store/echo/20260310T170645.061Z/results.edn
2026-03-10 17:06:58,594{GMT}	INFO	[jepsen test runner] jepsen.core: {:perf {:latency-graph {:valid? true},
        :rate-graph {:valid? true},
        :valid? true},
 :timeline {:valid? true},
 :exceptions {:valid? true},
 :stats {:valid? true,
         :count 53,
         :ok-count 53,
         :fail-count 0,
         :info-count 0,
         :by-f {:echo {:valid? true,
                       :count 53,
                       :ok-count 53,
                       :fail-count 0,
                       :info-count 0}}},
 :availability {:valid? true, :ok-fraction 1.0},
 :net {:all {:send-count 108,
             :recv-count 108,
             :msg-count 108,
             :msgs-per-op 2.037736},
       :clients {:send-count 108, :recv-count 108, :msg-count 108},
       :servers {:send-count 0,
                 :recv-count 0,
                 :msg-count 0,
                 :msgs-per-op 0.0},
       :valid? true},
 :workload {:valid? true, :errors ()},
 :valid? true}


Everything looks good! ヽ(‘ー`)ノ
