2026-03-20T15:12:49 Unexpected exception handling (msg c10 n0 {"type":"broadcast","message":0,"msg_id":1}) : java.lang.NullPointerException: Cannot invoke "com.eclipsesource.json.JsonValue.asArray()" because the return value of "com.eclipsesource.json.JsonObject.get(String)" is null
java.lang.NullPointerException: Cannot invoke "com.eclipsesource.json.JsonValue.asArray()" because the return value of "com.eclipsesource.json.JsonObject.get(String)" is null
	at lab.BroadcastServer.lambda$run$0(BroadcastServer.java:42)
	at lab.Node.handleRequest(Node.java:97)
	at lab.Node.handleMessage(Node.java:71)
	at lab.Node.lambda$run$0(Node.java:44)
	at java.base/java.util.concurrent.ThreadPoolExecutor.runWorker(ThreadPoolExecutor.java:1144)
	at java.base/java.util.concurrent.ThreadPoolExecutor$Worker.run(ThreadPoolExecutor.java:642)
	at java.base/java.lang.Thread.run(Thread.java:1583)

2026-03-20T15:12:51 Unexpected exception handling (msg c15 n0 {"type":"broadcast","message":5,"msg_id":5}) : java.lang.NullPointerException: Cannot invoke "com.eclipsesource.json.JsonValue.asArray()" because the return value of "com.eclipsesource.json.JsonObject.get(String)" is null
java.lang.NullPointerException: Cannot invoke "com.eclipsesource.json.JsonValue.asArray()" because the return value of "com.eclipsesource.json.JsonObject.get(String)" is null
	at lab.BroadcastServer.lambda$run$0(BroadcastServer.java:42)
	at lab.Node.handleRequest(Node.java:97)
	at lab.Node.handleMessage(Node.java:71)
	at lab.Node.lambda$run$0(Node.java:44)
	at java.base/java.util.concurrent.ThreadPoolExecutor.runWorker(ThreadPoolExecutor.java:1144)
	at java.base/java.util.concurrent.ThreadPoolExecutor$Worker.run(ThreadPoolExecutor.java:642)
	at java.base/java.lang.Thread.run(Thread.java:1583)

2026-03-20T15:12:51 Unexpected exception handling (msg c19 n0 {"type":"broadcast","message":6,"msg_id":1}) : java.lang.NullPointerException: Cannot invoke "com.eclipsesource.json.JsonValue.asArray()" because the return value of "com.eclipsesource.json.JsonObject.get(String)" is null
java.lang.NullPointerException: Cannot invoke "com.eclipsesource.json.JsonValue.asArray()" because the return value of "com.eclipsesource.json.JsonObject.get(String)" is null
	at lab.BroadcastServer.lambda$run$0(BroadcastServer.java:42)
	at lab.Node.handleRequest(Node.java:97)
	at lab.Node.handleMessage(Node.java:71)
	at lab.Node.lambda$run$0(Node.java:44)
	at java.base/java.util.concurrent.ThreadPoolExecutor.runWorker(ThreadPoolExecutor.java:1144)
	at java.base/java.util.concurrent.ThreadPoolExecutor$Worker.run(ThreadPoolExecutor.java:642)
	at java.base/java.lang.Thread.run(Thread.java:1583)

