2026-03-20 16:02:51,753{GMT}	INFO	[jepsen test runner] jepsen.core: Command line:
lein run test -w broadcast --bin run.sh broadcast --node-count 5 --time-limit 20 --rate 10 --nemesis partition
2026-03-20 16:02:51,832{GMT}	INFO	[jepsen test runner] jepsen.core: Running test:
{:args ["broadcast"]
 :remote
 #jepsen.control.retry.Remote{:remote #jepsen.control.scp.Remote{:cmd-remote #jepsen.control.sshj.SSHJRemote{:concurrency-limit 6,
                                                                                                             :conn-spec nil,
                                                                                                             :client nil,
                                                                                                             :semaphore nil},
                                                                 :conn-spec nil},
                              :conn nil}
 :log-net-send false
 :node-count 5
 :availability nil
 :max-txn-length 4
 :concurrency 5
 :db
 #object[maelstrom.db$db$reify__16142
         "0x3619ecd"
         "maelstrom.db$db$reify__16142@3619ecd"]
 :max-writes-per-key 16
 :leave-db-running? false
 :name "broadcast"
 :logging-json? false
 :start-time
 #object[org.joda.time.DateTime "0x7de4bd8f" "2026-03-20T16:02:51.729Z"]
 :nemesis-interval 10
 :net
 #object[maelstrom.net$jepsen_net$reify__15251
         "0x193e65d5"
         "maelstrom.net$jepsen_net$reify__15251@193e65d5"]
 :client
 #object[maelstrom.workload.broadcast$client$reify__16644
         "0x2a97b4b8"
         "maelstrom.workload.broadcast$client$reify__16644@2a97b4b8"]
 :barrier
 #object[java.util.concurrent.CyclicBarrier
         "0x250fc0d1"
         "java.util.concurrent.CyclicBarrier@250fc0d1"]
 :log-stderr false
 :pure-generators true
 :ssh {:dummy? true}
 :rate 10.0
 :checker
 #object[jepsen.checker$compose$reify__11881
         "0x7ddf193a"
         "jepsen.checker$compose$reify__11881@7ddf193a"]
 :argv
 ("test"
  "-w"
  "broadcast"
  "--bin"
  "run.sh"
  "broadcast"
  "--node-count"
  "5"
  "--time-limit"
  "20"
  "--rate"
  "10"
  "--nemesis"
  "partition")
 :nemesis
 (jepsen.nemesis.ReflCompose
  {:fm {:start-partition 0,
        :stop-partition 0,
        :kill 1,
        :start 1,
        :pause 1,
        :resume 1},
   :nemeses [#unprintable "jepsen.nemesis.combined$partition_nemesis$reify__16416@17a5cb99"
             #unprintable "jepsen.nemesis.combined$db_nemesis$reify__16397@808fa1"]})
 :nodes ["n0" "n1" "n2" "n3" "n4"]
 :test-count 1
 :latency {:mean 0, :dist :constant}
 :bin "run.sh"
 :generator
 ((jepsen.generator.Synchronize
   {:gen (jepsen.generator.TimeLimit
          {:limit 20000000000,
           :cutoff nil,
           :gen (jepsen.generator.Any
                 {:gens [(jepsen.generator.OnThreads
                          {:f #{:nemesis},
                           :context-filter #object[jepsen.generator.context$make_thread_filter$lazy_filter__9167
                                                   "0x7545cb17"
                                                   "jepsen.generator.context$make_thread_filter$lazy_filter__9167@7545cb17"],
                           :gen (jepsen.generator.Stagger
                                 {:dt 20000000000,
                                  :next-time nil,
                                  :gen (jepsen.generator.FlipFlop
                                        {:gens [#object[jepsen.nemesis.combined$partition_package$start__16420
                                                        "0x635b3ec7"
                                                        "jepsen.nemesis.combined$partition_package$start__16420@635b3ec7"]
                                                ({:type :info,
                                                  :f :stop-partition,
                                                  :value nil}
                                                 {:type :info,
                                                  :f :stop-partition,
                                                  :value nil}
                                                 {:type :info,
                                                  :f :stop-partition,
                                                  :value nil}
                                                 {:type :info,
                                                  :f :stop-partition,
                                                  :value nil}
                                                 {:type :info,
                                                  :f :stop-partition,
                                                  :value nil}
                                                 {:type :info,
                                                  :f :stop-partition,
                                                  :value nil}
                                                 {:type :info,
                                                  :f :stop-partition,
                                                  :value nil}
                                                 {:type :info,
                                                  :f :stop-partition,
                                                  :value nil}
                                                 ...)],
                                         :i 0})})})
                         (jepsen.generator.OnThreads
                          {:f #jepsen.generator.context.AllBut{:element :nemesis},
                           :context-filter #object[jepsen.generator.context$make_thread_filter$lazy_filter__9167
                                                   "0x15aa3084"
                                                   "jepsen.generator.context$make_thread_filter$lazy_filter__9167@15aa3084"],
                           :gen (jepsen.generator.Stagger
                                 {:dt 200000000,
                                  :next-time nil,
                                  :gen (jepsen.generator.Mix
                                        {:i 1,
                                         :gens [({:f :broadcast, :value 0}
                                                 {:f :broadcast, :value 1}
                                                 {:f :broadcast, :value 2}
                                                 {:f :broadcast, :value 3}
                                                 {:f :broadcast, :value 4}
                                                 {:f :broadcast, :value 5}
                                                 {:f :broadcast, :value 6}
                                                 {:f :broadcast, :value 7}
                                                 ...)
                                                ({:f :read}
                                                 {:f :read}
                                                 {:f :read}
                                                 {:f :read}
                                                 {:f :read}
                                                 {:f :read}
                                                 {:f :read}
                                                 {:f :read}
                                                 ...)]})})})]})})})
  (jepsen.generator.Synchronize
   {:gen (jepsen.generator.OnThreads
          {:f #{:nemesis},
           :context-filter #object[jepsen.generator.context$make_thread_filter$lazy_filter__9167
                                   "0x4e6c4c55"
                                   "jepsen.generator.context$make_thread_filter$lazy_filter__9167@4e6c4c55"],
           :gen ({:type :info, :f :stop-partition, :value nil})})})
  (jepsen.generator.Synchronize
   {:gen {:type :log, :value "Waiting for recovery..."}})
  (jepsen.generator.Synchronize {:gen {:type :sleep, :value 10}})
  (jepsen.generator.Synchronize
   {:gen (jepsen.generator.OnThreads
          {:f #jepsen.generator.context.AllBut{:element :nemesis},
           :context-filter #object[jepsen.generator.context$make_thread_filter$lazy_filter__9167
                                   "0x74fbee59"
                                   "jepsen.generator.context$make_thread_filter$lazy_filter__9167@74fbee59"],
           :gen (jepsen.generator.EachThread
                 {:fresh-gen {:f :read, :final? true},
                  :context-filters #object[clojure.core$promise$reify__8591
                                           "0x3794621d"
                                           {:status :pending, :val nil}],
                  :gens {}})})}))
 :log-net-recv false
 :os
 #object[maelstrom.net$jepsen_os$reify__15254
         "0x737e4a7b"
         "maelstrom.net$jepsen_os$reify__15254@737e4a7b"]
 :time-limit 20
 :workload :broadcast
 :consistency-models [:strict-serializable]
 :topology :grid}

2026-03-20 16:02:53,234{GMT}	INFO	[jepsen node n0] maelstrom.net: Starting Maelstrom network
2026-03-20 16:02:53,236{GMT}	INFO	[jepsen test runner] jepsen.db: Tearing down DB
2026-03-20 16:02:53,244{GMT}	INFO	[jepsen test runner] jepsen.db: Setting up DB
2026-03-20 16:02:53,247{GMT}	INFO	[jepsen node n1] maelstrom.db: Setting up n1
2026-03-20 16:02:53,249{GMT}	INFO	[jepsen node n1] maelstrom.process: launching run.sh ["broadcast"]
2026-03-20 16:02:53,249{GMT}	INFO	[jepsen node n2] maelstrom.db: Setting up n2
2026-03-20 16:02:53,250{GMT}	INFO	[jepsen node n3] maelstrom.db: Setting up n3
2026-03-20 16:02:53,251{GMT}	INFO	[jepsen node n3] maelstrom.process: launching run.sh ["broadcast"]
2026-03-20 16:02:53,251{GMT}	INFO	[jepsen node n0] maelstrom.service: Starting services: (lin-kv lin-tso lww-kv seq-kv)
2026-03-20 16:02:53,252{GMT}	INFO	[jepsen node n2] maelstrom.process: launching run.sh ["broadcast"]
2026-03-20 16:02:53,253{GMT}	INFO	[jepsen node n4] maelstrom.db: Setting up n4
2026-03-20 16:02:53,254{GMT}	INFO	[jepsen node n4] maelstrom.process: launching run.sh ["broadcast"]
2026-03-20 16:02:53,257{GMT}	INFO	[jepsen node n0] maelstrom.db: Setting up n0
2026-03-20 16:02:53,258{GMT}	INFO	[jepsen node n0] maelstrom.process: launching run.sh ["broadcast"]
2026-03-20 16:02:53,555{GMT}	INFO	[jepsen test runner] jepsen.core: Relative time begins now
2026-03-20 16:02:53,618{GMT}	INFO	[jepsen worker nemesis] jepsen.util: :nemesis	:info	:start-partition	:majorities-ring
2026-03-20 16:02:53,620{GMT}	INFO	[jepsen worker 1] jepsen.util: 1	:invoke	:read	nil
2026-03-20 16:02:53,628{GMT}	INFO	[jepsen worker nemesis] jepsen.util: :nemesis	:info	:start-partition	[:isolated {"n4" #{"n2" "n3"}, "n0" #{"n2" "n1"}, "n3" #{"n1" "n4"}, "n2" #{"n4" "n0"}, "n1" #{"n0" "n3"}}]
2026-03-20 16:02:53,632{GMT}	INFO	[jepsen worker 1] jepsen.util: 1	:ok	:read	[]
2026-03-20 16:02:53,690{GMT}	INFO	[jepsen worker 2] jepsen.util: 2	:invoke	:broadcast	0
2026-03-20 16:02:53,701{GMT}	INFO	[jepsen worker 2] jepsen.util: 2	:ok	:broadcast	0
2026-03-20 16:02:53,843{GMT}	INFO	[jepsen worker 3] jepsen.util: 3	:invoke	:broadcast	1
2026-03-20 16:02:53,848{GMT}	INFO	[jepsen worker 3] jepsen.util: 3	:ok	:broadcast	1
2026-03-20 16:02:53,980{GMT}	INFO	[jepsen worker 4] jepsen.util: 4	:invoke	:read	nil
2026-03-20 16:02:53,984{GMT}	INFO	[jepsen worker 4] jepsen.util: 4	:ok	:read	[0]
2026-03-20 16:02:54,089{GMT}	INFO	[jepsen worker 0] jepsen.util: 0	:invoke	:read	nil
2026-03-20 16:02:54,092{GMT}	INFO	[jepsen worker 0] jepsen.util: 0	:ok	:read	[1]
2026-03-20 16:02:54,268{GMT}	INFO	[jepsen worker 0] jepsen.util: 0	:invoke	:read	nil
2026-03-20 16:02:54,270{GMT}	INFO	[jepsen worker 0] jepsen.util: 0	:ok	:read	[1]
2026-03-20 16:02:54,407{GMT}	INFO	[jepsen worker 1] jepsen.util: 1	:invoke	:read	nil
2026-03-20 16:02:54,409{GMT}	INFO	[jepsen worker 1] jepsen.util: 1	:ok	:read	[0]
2026-03-20 16:02:54,481{GMT}	INFO	[jepsen worker 2] jepsen.util: 2	:invoke	:broadcast	2
2026-03-20 16:02:54,483{GMT}	INFO	[jepsen worker 2] jepsen.util: 2	:ok	:broadcast	2
2026-03-20 16:02:54,675{GMT}	INFO	[jepsen worker 3] jepsen.util: 3	:invoke	:read	nil
2026-03-20 16:02:54,678{GMT}	INFO	[jepsen worker 3] jepsen.util: 3	:ok	:read	[1]
2026-03-20 16:02:54,684{GMT}	INFO	[jepsen worker 4] jepsen.util: 4	:invoke	:broadcast	3
2026-03-20 16:02:54,686{GMT}	INFO	[jepsen worker 4] jepsen.util: 4	:ok	:broadcast	3
2026-03-20 16:02:54,756{GMT}	INFO	[jepsen worker 0] jepsen.util: 0	:invoke	:read	nil
2026-03-20 16:02:54,758{GMT}	INFO	[jepsen worker 0] jepsen.util: 0	:ok	:read	[1]
2026-03-20 16:02:54,912{GMT}	INFO	[jepsen worker 0] jepsen.util: 0	:invoke	:broadcast	4
2026-03-20 16:02:54,914{GMT}	INFO	[jepsen worker 0] jepsen.util: 0	:ok	:broadcast	4
2026-03-20 16:02:55,050{GMT}	INFO	[jepsen worker 1] jepsen.util: 1	:invoke	:read	nil
2026-03-20 16:02:55,051{GMT}	INFO	[jepsen worker 1] jepsen.util: 1	:ok	:read	[0 2 3]
2026-03-20 16:02:55,125{GMT}	INFO	[jepsen worker 2] jepsen.util: 2	:invoke	:read	nil
2026-03-20 16:02:55,128{GMT}	INFO	[jepsen worker 2] jepsen.util: 2	:ok	:read	[0 2 3]
2026-03-20 16:02:55,253{GMT}	INFO	[jepsen worker 3] jepsen.util: 3	:invoke	:broadcast	5
2026-03-20 16:02:55,255{GMT}	INFO	[jepsen worker 3] jepsen.util: 3	:ok	:broadcast	5
2026-03-20 16:02:55,326{GMT}	INFO	[jepsen worker 4] jepsen.util: 4	:invoke	:read	nil
2026-03-20 16:02:55,327{GMT}	INFO	[jepsen worker 4] jepsen.util: 4	:ok	:read	[0 2 3]
2026-03-20 16:02:55,475{GMT}	INFO	[jepsen worker 0] jepsen.util: 0	:invoke	:read	nil
2026-03-20 16:02:55,477{GMT}	INFO	[jepsen worker 0] jepsen.util: 0	:ok	:read	[1 4 5]
2026-03-20 16:02:55,516{GMT}	INFO	[jepsen worker 0] jepsen.util: 0	:invoke	:broadcast	6
2026-03-20 16:02:55,518{GMT}	INFO	[jepsen worker 0] jepsen.util: 0	:ok	:broadcast	6
2026-03-20 16:02:55,537{GMT}	INFO	[jepsen worker 1] jepsen.util: 1	:invoke	:broadcast	7
2026-03-20 16:02:55,540{GMT}	INFO	[jepsen worker 1] jepsen.util: 1	:ok	:broadcast	7
2026-03-20 16:02:55,634{GMT}	INFO	[jepsen worker 2] jepsen.util: 2	:invoke	:read	nil
2026-03-20 16:02:55,636{GMT}	INFO	[jepsen worker 2] jepsen.util: 2	:ok	:read	[0 2 3 7]
2026-03-20 16:02:55,704{GMT}	INFO	[jepsen worker 3] jepsen.util: 3	:invoke	:read	nil
2026-03-20 16:02:55,706{GMT}	INFO	[jepsen worker 3] jepsen.util: 3	:ok	:read	[1 4 5 6]
2026-03-20 16:02:55,758{GMT}	INFO	[jepsen worker 4] jepsen.util: 4	:invoke	:read	nil
2026-03-20 16:02:55,759{GMT}	INFO	[jepsen worker 0] jepsen.util: 0	:invoke	:read	nil
2026-03-20 16:02:55,760{GMT}	INFO	[jepsen worker 4] jepsen.util: 4	:ok	:read	[0 2 3 7]
2026-03-20 16:02:55,761{GMT}	INFO	[jepsen worker 0] jepsen.util: 0	:ok	:read	[1 4 5 6]
2026-03-20 16:02:55,899{GMT}	INFO	[jepsen worker 0] jepsen.util: 0	:invoke	:read	nil
2026-03-20 16:02:55,901{GMT}	INFO	[jepsen worker 0] jepsen.util: 0	:ok	:read	[1 4 5 6]
2026-03-20 16:02:55,935{GMT}	INFO	[jepsen worker 1] jepsen.util: 1	:invoke	:broadcast	8
2026-03-20 16:02:55,937{GMT}	INFO	[jepsen worker 1] jepsen.util: 1	:ok	:broadcast	8
2026-03-20 16:02:56,123{GMT}	INFO	[jepsen worker 2] jepsen.util: 2	:invoke	:broadcast	9
2026-03-20 16:02:56,125{GMT}	INFO	[jepsen worker 2] jepsen.util: 2	:ok	:broadcast	9
2026-03-20 16:02:56,153{GMT}	INFO	[jepsen worker 3] jepsen.util: 3	:invoke	:read	nil
2026-03-20 16:02:56,155{GMT}	INFO	[jepsen worker 3] jepsen.util: 3	:ok	:read	[1 4 5 6]
2026-03-20 16:02:56,341{GMT}	INFO	[jepsen worker 4] jepsen.util: 4	:invoke	:read	nil
2026-03-20 16:02:56,343{GMT}	INFO	[jepsen worker 4] jepsen.util: 4	:ok	:read	[0 2 3 7 8 9]
2026-03-20 16:02:56,349{GMT}	INFO	[jepsen worker 0] jepsen.util: 0	:invoke	:read	nil
2026-03-20 16:02:56,351{GMT}	INFO	[jepsen worker 0] jepsen.util: 0	:ok	:read	[1 4 5 6]
2026-03-20 16:02:56,449{GMT}	INFO	[jepsen worker 0] jepsen.util: 0	:invoke	:broadcast	10
2026-03-20 16:02:56,451{GMT}	INFO	[jepsen worker 0] jepsen.util: 0	:ok	:broadcast	10
2026-03-20 16:02:56,464{GMT}	INFO	[jepsen worker 1] jepsen.util: 1	:invoke	:broadcast	11
2026-03-20 16:02:56,466{GMT}	INFO	[jepsen worker 1] jepsen.util: 1	:ok	:broadcast	11
2026-03-20 16:02:56,563{GMT}	INFO	[jepsen worker 2] jepsen.util: 2	:invoke	:read	nil
2026-03-20 16:02:56,565{GMT}	INFO	[jepsen worker 2] jepsen.util: 2	:ok	:read	[0 2 3 7 8 9 11]
2026-03-20 16:02:56,741{GMT}	INFO	[jepsen worker 3] jepsen.util: 3	:invoke	:broadcast	12
2026-03-20 16:02:56,743{GMT}	INFO	[jepsen worker 3] jepsen.util: 3	:ok	:broadcast	12
2026-03-20 16:02:56,766{GMT}	INFO	[jepsen worker 4] jepsen.util: 4	:invoke	:broadcast	13
2026-03-20 16:02:56,768{GMT}	INFO	[jepsen worker 4] jepsen.util: 4	:ok	:broadcast	13
2026-03-20 16:02:56,853{GMT}	INFO	[jepsen worker 0] jepsen.util: 0	:invoke	:read	nil
2026-03-20 16:02:56,855{GMT}	INFO	[jepsen worker 0] jepsen.util: 0	:ok	:read	[1 4 5 6 10 12]
2026-03-20 16:02:56,988{GMT}	INFO	[jepsen worker 0] jepsen.util: 0	:invoke	:broadcast	14
2026-03-20 16:02:56,990{GMT}	INFO	[jepsen worker 0] jepsen.util: 0	:ok	:broadcast	14
2026-03-20 16:02:57,047{GMT}	INFO	[jepsen worker 1] jepsen.util: 1	:invoke	:broadcast	15
2026-03-20 16:02:57,049{GMT}	INFO	[jepsen worker 1] jepsen.util: 1	:ok	:broadcast	15
2026-03-20 16:02:57,106{GMT}	INFO	[jepsen worker 2] jepsen.util: 2	:invoke	:broadcast	16
2026-03-20 16:02:57,108{GMT}	INFO	[jepsen worker 2] jepsen.util: 2	:ok	:broadcast	16
2026-03-20 16:02:57,239{GMT}	INFO	[jepsen worker 3] jepsen.util: 3	:invoke	:read	nil
2026-03-20 16:02:57,240{GMT}	INFO	[jepsen worker 3] jepsen.util: 3	:ok	:read	[1 4 5 6 10 12 14]
2026-03-20 16:02:57,373{GMT}	INFO	[jepsen worker 4] jepsen.util: 4	:invoke	:broadcast	17
2026-03-20 16:02:57,375{GMT}	INFO	[jepsen worker 4] jepsen.util: 4	:ok	:broadcast	17
2026-03-20 16:02:57,441{GMT}	INFO	[jepsen worker 0] jepsen.util: 0	:invoke	:read	nil
2026-03-20 16:02:57,442{GMT}	INFO	[jepsen worker 0] jepsen.util: 0	:ok	:read	[1 4 5 6 10 12 14]
2026-03-20 16:02:57,465{GMT}	INFO	[jepsen worker 0] jepsen.util: 0	:invoke	:read	nil
2026-03-20 16:02:57,467{GMT}	INFO	[jepsen worker 0] jepsen.util: 0	:ok	:read	[1 4 5 6 10 12 14]
2026-03-20 16:02:57,663{GMT}	INFO	[jepsen worker 1] jepsen.util: 1	:invoke	:broadcast	18
2026-03-20 16:02:57,665{GMT}	INFO	[jepsen worker 1] jepsen.util: 1	:ok	:broadcast	18
2026-03-20 16:02:57,787{GMT}	INFO	[jepsen worker 2] jepsen.util: 2	:invoke	:broadcast	19
2026-03-20 16:02:57,789{GMT}	INFO	[jepsen worker 2] jepsen.util: 2	:ok	:broadcast	19
2026-03-20 16:02:57,974{GMT}	INFO	[jepsen worker 3] jepsen.util: 3	:invoke	:read	nil
2026-03-20 16:02:57,976{GMT}	INFO	[jepsen worker 3] jepsen.util: 3	:ok	:read	[1 4 5 6 10 12 14]
2026-03-20 16:02:58,145{GMT}	INFO	[jepsen worker 4] jepsen.util: 4	:invoke	:read	nil
2026-03-20 16:02:58,147{GMT}	INFO	[jepsen worker 4] jepsen.util: 4	:ok	:read	[0 2 3 7 8 9 11 13 15 16 17 18 19]
2026-03-20 16:02:58,219{GMT}	INFO	[jepsen worker 0] jepsen.util: 0	:invoke	:broadcast	20
2026-03-20 16:02:58,221{GMT}	INFO	[jepsen worker 0] jepsen.util: 0	:ok	:broadcast	20
2026-03-20 16:02:58,418{GMT}	INFO	[jepsen worker 0] jepsen.util: 0	:invoke	:read	nil
2026-03-20 16:02:58,428{GMT}	INFO	[jepsen worker 0] jepsen.util: 0	:ok	:read	[1 4 5 6 10 12 14 20]
2026-03-20 16:02:58,599{GMT}	INFO	[jepsen worker 1] jepsen.util: 1	:invoke	:read	nil
2026-03-20 16:02:58,600{GMT}	INFO	[jepsen worker 1] jepsen.util: 1	:ok	:read	[0 2 3 7 8 9 11 13 15 16 17 18 19]
2026-03-20 16:02:58,770{GMT}	INFO	[jepsen worker 2] jepsen.util: 2	:invoke	:broadcast	21
2026-03-20 16:02:58,772{GMT}	INFO	[jepsen worker 2] jepsen.util: 2	:ok	:broadcast	21
2026-03-20 16:02:58,958{GMT}	INFO	[jepsen worker 3] jepsen.util: 3	:invoke	:broadcast	22
2026-03-20 16:02:58,960{GMT}	INFO	[jepsen worker 3] jepsen.util: 3	:ok	:broadcast	22
2026-03-20 16:02:59,016{GMT}	INFO	[jepsen worker 4] jepsen.util: 4	:invoke	:read	nil
2026-03-20 16:02:59,018{GMT}	INFO	[jepsen worker 4] jepsen.util: 4	:ok	:read	[0 2 3 7 8 9 11 13 15 16 17 18 19 21]
2026-03-20 16:02:59,110{GMT}	INFO	[jepsen worker 0] jepsen.util: 0	:invoke	:read	nil
2026-03-20 16:02:59,111{GMT}	INFO	[jepsen worker 0] jepsen.util: 0	:ok	:read	[1 4 5 6 10 12 14 20 22]
2026-03-20 16:02:59,130{GMT}	INFO	[jepsen worker 0] jepsen.util: 0	:invoke	:read	nil
2026-03-20 16:02:59,132{GMT}	INFO	[jepsen worker 0] jepsen.util: 0	:ok	:read	[1 4 5 6 10 12 14 20 22]
2026-03-20 16:02:59,171{GMT}	INFO	[jepsen worker 1] jepsen.util: 1	:invoke	:broadcast	23
2026-03-20 16:02:59,173{GMT}	INFO	[jepsen worker 1] jepsen.util: 1	:ok	:broadcast	23
2026-03-20 16:02:59,335{GMT}	INFO	[jepsen worker 2] jepsen.util: 2	:invoke	:broadcast	24
2026-03-20 16:02:59,337{GMT}	INFO	[jepsen worker 2] jepsen.util: 2	:ok	:broadcast	24
2026-03-20 16:02:59,378{GMT}	INFO	[jepsen worker 3] jepsen.util: 3	:invoke	:broadcast	25
2026-03-20 16:02:59,380{GMT}	INFO	[jepsen worker 3] jepsen.util: 3	:ok	:broadcast	25
2026-03-20 16:02:59,464{GMT}	INFO	[jepsen worker 4] jepsen.util: 4	:invoke	:read	nil
2026-03-20 16:02:59,465{GMT}	INFO	[jepsen worker 4] jepsen.util: 4	:ok	:read	[0 2 3 7 8 9 11 13 15 16 17 18 19 21 23 24]
2026-03-20 16:02:59,484{GMT}	INFO	[jepsen worker 0] jepsen.util: 0	:invoke	:read	nil
2026-03-20 16:02:59,486{GMT}	INFO	[jepsen worker 0] jepsen.util: 0	:ok	:read	[1 4 5 6 10 12 14 20 22 25]
2026-03-20 16:02:59,652{GMT}	INFO	[jepsen worker 0] jepsen.util: 0	:invoke	:read	nil
2026-03-20 16:02:59,653{GMT}	INFO	[jepsen worker 0] jepsen.util: 0	:ok	:read	[1 4 5 6 10 12 14 20 22 25]
2026-03-20 16:02:59,819{GMT}	INFO	[jepsen worker 1] jepsen.util: 1	:invoke	:broadcast	26
2026-03-20 16:02:59,820{GMT}	INFO	[jepsen worker 1] jepsen.util: 1	:ok	:broadcast	26
2026-03-20 16:02:59,829{GMT}	INFO	[jepsen worker 2] jepsen.util: 2	:invoke	:broadcast	27
2026-03-20 16:02:59,830{GMT}	INFO	[jepsen worker 2] jepsen.util: 2	:ok	:broadcast	27
2026-03-20 16:02:59,862{GMT}	INFO	[jepsen worker 3] jepsen.util: 3	:invoke	:read	nil
2026-03-20 16:02:59,863{GMT}	INFO	[jepsen worker 3] jepsen.util: 3	:ok	:read	[1 4 5 6 10 12 14 20 22 25]
2026-03-20 16:02:59,995{GMT}	INFO	[jepsen worker 4] jepsen.util: 4	:invoke	:read	nil
2026-03-20 16:02:59,996{GMT}	INFO	[jepsen worker 4] jepsen.util: 4	:ok	:read	[0 2 3 7 8 9 11 13 15 16 17 18 19 21 23 24 26 27]
2026-03-20 16:03:00,010{GMT}	INFO	[jepsen worker 0] jepsen.util: 0	:invoke	:read	nil
2026-03-20 16:03:00,011{GMT}	INFO	[jepsen worker 0] jepsen.util: 0	:ok	:read	[1 4 5 6 10 12 14 20 22 25]
2026-03-20 16:03:00,063{GMT}	INFO	[jepsen worker 0] jepsen.util: 0	:invoke	:broadcast	28
2026-03-20 16:03:00,065{GMT}	INFO	[jepsen worker 0] jepsen.util: 0	:ok	:broadcast	28
2026-03-20 16:03:00,172{GMT}	INFO	[jepsen worker 1] jepsen.util: 1	:invoke	:broadcast	29
2026-03-20 16:03:00,173{GMT}	INFO	[jepsen worker 1] jepsen.util: 1	:ok	:broadcast	29
2026-03-20 16:03:00,334{GMT}	INFO	[jepsen worker 2] jepsen.util: 2	:invoke	:read	nil
2026-03-20 16:03:00,336{GMT}	INFO	[jepsen worker 2] jepsen.util: 2	:ok	:read	[0 2 3 7 8 9 11 13 15 16 17 18 19 21 23 24 26 27 29]
2026-03-20 16:03:00,432{GMT}	INFO	[jepsen worker 3] jepsen.util: 3	:invoke	:broadcast	30
2026-03-20 16:03:00,433{GMT}	INFO	[jepsen worker 3] jepsen.util: 3	:ok	:broadcast	30
2026-03-20 16:03:00,493{GMT}	INFO	[jepsen worker 4] jepsen.util: 4	:invoke	:broadcast	31
2026-03-20 16:03:00,494{GMT}	INFO	[jepsen worker 4] jepsen.util: 4	:ok	:broadcast	31
2026-03-20 16:03:00,655{GMT}	INFO	[jepsen worker 0] jepsen.util: 0	:invoke	:read	nil
2026-03-20 16:03:00,657{GMT}	INFO	[jepsen worker 0] jepsen.util: 0	:ok	:read	[1 4 5 6 10 12 14 20 22 25 28 30]
2026-03-20 16:03:00,762{GMT}	INFO	[jepsen worker 0] jepsen.util: 0	:invoke	:read	nil
2026-03-20 16:03:00,764{GMT}	INFO	[jepsen worker 0] jepsen.util: 0	:ok	:read	[1 4 5 6 10 12 14 20 22 25 28 30]
2026-03-20 16:03:00,832{GMT}	INFO	[jepsen worker 1] jepsen.util: 1	:invoke	:read	nil
2026-03-20 16:03:00,834{GMT}	INFO	[jepsen worker 1] jepsen.util: 1	:ok	:read	[0 2 3 7 8 9 11 13 15 16 17 18 19 21 23 24 26 27 29 31]
2026-03-20 16:03:00,977{GMT}	INFO	[jepsen worker 2] jepsen.util: 2	:invoke	:broadcast	32
2026-03-20 16:03:00,979{GMT}	INFO	[jepsen worker 2] jepsen.util: 2	:ok	:broadcast	32
2026-03-20 16:03:01,032{GMT}	INFO	[jepsen worker 3] jepsen.util: 3	:invoke	:read	nil
2026-03-20 16:03:01,035{GMT}	INFO	[jepsen worker 3] jepsen.util: 3	:ok	:read	[1 4 5 6 10 12 14 20 22 25 28 30]
2026-03-20 16:03:01,210{GMT}	INFO	[jepsen worker 4] jepsen.util: 4	:invoke	:read	nil
2026-03-20 16:03:01,211{GMT}	INFO	[jepsen worker 4] jepsen.util: 4	:ok	:read	[0 2 3 7 8 9 11 13 15 16 17 18 19 21 23 24 26 27 29 31 32]
2026-03-20 16:03:01,312{GMT}	INFO	[jepsen worker 0] jepsen.util: 0	:invoke	:broadcast	33
2026-03-20 16:03:01,314{GMT}	INFO	[jepsen worker 0] jepsen.util: 0	:ok	:broadcast	33
2026-03-20 16:03:01,340{GMT}	INFO	[jepsen worker 0] jepsen.util: 0	:invoke	:read	nil
2026-03-20 16:03:01,341{GMT}	INFO	[jepsen worker 0] jepsen.util: 0	:ok	:read	[1 4 5 6 10 12 14 20 22 25 28 30 33]
2026-03-20 16:03:01,404{GMT}	INFO	[jepsen worker 1] jepsen.util: 1	:invoke	:read	nil
2026-03-20 16:03:01,405{GMT}	INFO	[jepsen worker 1] jepsen.util: 1	:ok	:read	[0 2 3 7 8 9 11 13 15 16 17 18 19 21 23 24 26 27 29 31 32]
2026-03-20 16:03:01,437{GMT}	INFO	[jepsen worker 2] jepsen.util: 2	:invoke	:broadcast	34
2026-03-20 16:03:01,439{GMT}	INFO	[jepsen worker 2] jepsen.util: 2	:ok	:broadcast	34
2026-03-20 16:03:01,566{GMT}	INFO	[jepsen worker 3] jepsen.util: 3	:invoke	:broadcast	35
2026-03-20 16:03:01,567{GMT}	INFO	[jepsen worker 3] jepsen.util: 3	:ok	:broadcast	35
2026-03-20 16:03:01,690{GMT}	INFO	[jepsen worker 4] jepsen.util: 4	:invoke	:broadcast	36
2026-03-20 16:03:01,692{GMT}	INFO	[jepsen worker 4] jepsen.util: 4	:ok	:broadcast	36
2026-03-20 16:03:01,797{GMT}	INFO	[jepsen worker 0] jepsen.util: 0	:invoke	:read	nil
2026-03-20 16:03:01,801{GMT}	INFO	[jepsen worker 0] jepsen.util: 0	:ok	:read	[1 4 5 6 10 12 14 20 22 25 28 30 33 35]
2026-03-20 16:03:01,878{GMT}	INFO	[jepsen worker 0] jepsen.util: 0	:invoke	:read	nil
2026-03-20 16:03:01,879{GMT}	INFO	[jepsen worker 0] jepsen.util: 0	:ok	:read	[1 4 5 6 10 12 14 20 22 25 28 30 33 35]
2026-03-20 16:03:01,892{GMT}	INFO	[jepsen worker 1] jepsen.util: 1	:invoke	:read	nil
2026-03-20 16:03:01,894{GMT}	INFO	[jepsen worker 1] jepsen.util: 1	:ok	:read	[0 2 3 7 8 9 11 13 15 16 17 18 19 21 23 24 26 27 29 31 32 34 36]
2026-03-20 16:03:01,956{GMT}	INFO	[jepsen worker 2] jepsen.util: 2	:invoke	:read	nil
2026-03-20 16:03:01,958{GMT}	INFO	[jepsen worker 2] jepsen.util: 2	:ok	:read	[0 2 3 7 8 9 11 13 15 16 17 18 19 21 23 24 26 27 29 31 32 34 36]
2026-03-20 16:03:01,964{GMT}	INFO	[jepsen worker 3] jepsen.util: 3	:invoke	:read	nil
2026-03-20 16:03:01,966{GMT}	INFO	[jepsen worker 3] jepsen.util: 3	:ok	:read	[1 4 5 6 10 12 14 20 22 25 28 30 33 35]
2026-03-20 16:03:02,001{GMT}	INFO	[jepsen worker 4] jepsen.util: 4	:invoke	:broadcast	37
2026-03-20 16:03:02,003{GMT}	INFO	[jepsen worker 4] jepsen.util: 4	:ok	:broadcast	37
2026-03-20 16:03:02,060{GMT}	INFO	[jepsen worker 0] jepsen.util: 0	:invoke	:read	nil
2026-03-20 16:03:02,062{GMT}	INFO	[jepsen worker 0] jepsen.util: 0	:ok	:read	[1 4 5 6 10 12 14 20 22 25 28 30 33 35]
2026-03-20 16:03:02,143{GMT}	INFO	[jepsen worker 0] jepsen.util: 0	:invoke	:read	nil
2026-03-20 16:03:02,144{GMT}	INFO	[jepsen worker 0] jepsen.util: 0	:ok	:read	[1 4 5 6 10 12 14 20 22 25 28 30 33 35]
2026-03-20 16:03:02,338{GMT}	INFO	[jepsen worker 1] jepsen.util: 1	:invoke	:broadcast	38
2026-03-20 16:03:02,340{GMT}	INFO	[jepsen worker 1] jepsen.util: 1	:ok	:broadcast	38
2026-03-20 16:03:02,352{GMT}	INFO	[jepsen worker 2] jepsen.util: 2	:invoke	:broadcast	39
2026-03-20 16:03:02,353{GMT}	INFO	[jepsen worker 2] jepsen.util: 2	:ok	:broadcast	39
2026-03-20 16:03:02,434{GMT}	INFO	[jepsen worker 3] jepsen.util: 3	:invoke	:read	nil
2026-03-20 16:03:02,436{GMT}	INFO	[jepsen worker 3] jepsen.util: 3	:ok	:read	[1 4 5 6 10 12 14 20 22 25 28 30 33 35]
2026-03-20 16:03:02,490{GMT}	INFO	[jepsen worker 4] jepsen.util: 4	:invoke	:read	nil
2026-03-20 16:03:02,491{GMT}	INFO	[jepsen worker 4] jepsen.util: 4	:ok	:read	[0 2 3 7 8 9 11 13 15 16 17 18 19 21 23 24 26 27 29 31 32 34 36 37 38 39]
2026-03-20 16:03:02,636{GMT}	INFO	[jepsen worker 0] jepsen.util: 0	:invoke	:broadcast	40
2026-03-20 16:03:02,637{GMT}	INFO	[jepsen worker 0] jepsen.util: 0	:ok	:broadcast	40
2026-03-20 16:03:02,749{GMT}	INFO	[jepsen worker 0] jepsen.util: 0	:invoke	:read	nil
2026-03-20 16:03:02,750{GMT}	INFO	[jepsen worker 0] jepsen.util: 0	:ok	:read	[1 4 5 6 10 12 14 20 22 25 28 30 33 35 40]
2026-03-20 16:03:02,839{GMT}	INFO	[jepsen worker 1] jepsen.util: 1	:invoke	:read	nil
2026-03-20 16:03:02,841{GMT}	INFO	[jepsen worker 1] jepsen.util: 1	:ok	:read	[0 2 3 7 8 9 11 13 15 16 17 18 19 21 23 24 26 27 29 31 32 34 36 37 38 39]
2026-03-20 16:03:02,986{GMT}	INFO	[jepsen worker 2] jepsen.util: 2	:invoke	:broadcast	41
2026-03-20 16:03:02,987{GMT}	INFO	[jepsen worker 2] jepsen.util: 2	:ok	:broadcast	41
2026-03-20 16:03:03,123{GMT}	INFO	[jepsen worker 3] jepsen.util: 3	:invoke	:read	nil
2026-03-20 16:03:03,125{GMT}	INFO	[jepsen worker 3] jepsen.util: 3	:ok	:read	[1 4 5 6 10 12 14 20 22 25 28 30 33 35 40]
2026-03-20 16:03:03,287{GMT}	INFO	[jepsen worker 4] jepsen.util: 4	:invoke	:read	nil
2026-03-20 16:03:03,288{GMT}	INFO	[jepsen worker 4] jepsen.util: 4	:ok	:read	[0 2 3 7 8 9 11 13 15 16 17 18 19 21 23 24 26 27 29 31 32 34 36 37 38 39 41]
2026-03-20 16:03:03,379{GMT}	INFO	[jepsen worker 0] jepsen.util: 0	:invoke	:broadcast	42
2026-03-20 16:03:03,380{GMT}	INFO	[jepsen worker 0] jepsen.util: 0	:ok	:broadcast	42
2026-03-20 16:03:03,538{GMT}	INFO	[jepsen worker 0] jepsen.util: 0	:invoke	:broadcast	43
2026-03-20 16:03:03,540{GMT}	INFO	[jepsen worker 0] jepsen.util: 0	:ok	:broadcast	43
2026-03-20 16:03:03,704{GMT}	INFO	[jepsen worker 1] jepsen.util: 1	:invoke	:read	nil
2026-03-20 16:03:03,705{GMT}	INFO	[jepsen worker 1] jepsen.util: 1	:ok	:read	[0 2 3 7 8 9 11 13 15 16 17 18 19 21 23 24 26 27 29 31 32 34 36 37 38 39 41]
2026-03-20 16:03:03,849{GMT}	INFO	[jepsen worker 2] jepsen.util: 2	:invoke	:read	nil
2026-03-20 16:03:03,850{GMT}	INFO	[jepsen worker 2] jepsen.util: 2	:ok	:read	[0 2 3 7 8 9 11 13 15 16 17 18 19 21 23 24 26 27 29 31 32 34 36 37 38 39 41]
2026-03-20 16:03:03,954{GMT}	INFO	[jepsen worker 3] jepsen.util: 3	:invoke	:read	nil
2026-03-20 16:03:03,956{GMT}	INFO	[jepsen worker 3] jepsen.util: 3	:ok	:read	[1 4 5 6 10 12 14 20 22 25 28 30 33 35 40 42 43]
2026-03-20 16:03:04,135{GMT}	INFO	[jepsen worker 4] jepsen.util: 4	:invoke	:read	nil
2026-03-20 16:03:04,136{GMT}	INFO	[jepsen worker 4] jepsen.util: 4	:ok	:read	[0 2 3 7 8 9 11 13 15 16 17 18 19 21 23 24 26 27 29 31 32 34 36 37 38 39 41]
2026-03-20 16:03:04,316{GMT}	INFO	[jepsen worker 0] jepsen.util: 0	:invoke	:broadcast	44
2026-03-20 16:03:04,318{GMT}	INFO	[jepsen worker 0] jepsen.util: 0	:ok	:broadcast	44
2026-03-20 16:03:04,471{GMT}	INFO	[jepsen worker 0] jepsen.util: 0	:invoke	:read	nil
2026-03-20 16:03:04,473{GMT}	INFO	[jepsen worker 0] jepsen.util: 0	:ok	:read	[1 4 5 6 10 12 14 20 22 25 28 30 33 35 40 42 43 44]
2026-03-20 16:03:04,513{GMT}	INFO	[jepsen worker 1] jepsen.util: 1	:invoke	:read	nil
2026-03-20 16:03:04,514{GMT}	INFO	[jepsen worker 1] jepsen.util: 1	:ok	:read	[0 2 3 7 8 9 11 13 15 16 17 18 19 21 23 24 26 27 29 31 32 34 36 37 38 39 41]
2026-03-20 16:03:04,671{GMT}	INFO	[jepsen worker 2] jepsen.util: 2	:invoke	:broadcast	45
2026-03-20 16:03:04,673{GMT}	INFO	[jepsen worker 2] jepsen.util: 2	:ok	:broadcast	45
2026-03-20 16:03:04,852{GMT}	INFO	[jepsen worker 3] jepsen.util: 3	:invoke	:broadcast	46
2026-03-20 16:03:04,854{GMT}	INFO	[jepsen worker 3] jepsen.util: 3	:ok	:broadcast	46
2026-03-20 16:03:04,935{GMT}	INFO	[jepsen worker 4] jepsen.util: 4	:invoke	:read	nil
2026-03-20 16:03:04,936{GMT}	INFO	[jepsen worker 4] jepsen.util: 4	:ok	:read	[0 2 3 7 8 9 11 13 15 16 17 18 19 21 23 24 26 27 29 31 32 34 36 37 38 39 41 45]
2026-03-20 16:03:04,952{GMT}	INFO	[jepsen worker 0] jepsen.util: 0	:invoke	:read	nil
2026-03-20 16:03:04,953{GMT}	INFO	[jepsen worker 0] jepsen.util: 0	:ok	:read	[1 4 5 6 10 12 14 20 22 25 28 30 33 35 40 42 43 44 46]
2026-03-20 16:03:05,034{GMT}	INFO	[jepsen worker 0] jepsen.util: 0	:invoke	:broadcast	47
2026-03-20 16:03:05,037{GMT}	INFO	[jepsen worker 0] jepsen.util: 0	:ok	:broadcast	47
2026-03-20 16:03:05,076{GMT}	INFO	[jepsen worker nemesis] jepsen.util: :nemesis	:info	:stop-partition	nil
2026-03-20 16:03:05,076{GMT}	INFO	[jepsen worker nemesis] jepsen.util: :nemesis	:info	:stop-partition	:network-healed
2026-03-20 16:03:05,187{GMT}	INFO	[jepsen worker 2] jepsen.util: 2	:invoke	:read	nil
2026-03-20 16:03:05,189{GMT}	INFO	[jepsen worker 2] jepsen.util: 2	:ok	:read	[0 2 3 7 8 9 11 13 15 16 17 18 19 21 23 24 26 27 29 31 32 34 36 37 38 39 41 45]
2026-03-20 16:03:05,260{GMT}	INFO	[jepsen worker 3] jepsen.util: 3	:invoke	:read	nil
2026-03-20 16:03:05,261{GMT}	INFO	[jepsen worker 3] jepsen.util: 3	:ok	:read	[1 4 5 6 10 12 14 20 22 25 28 30 33 35 40 42 43 44 46 47]
2026-03-20 16:03:05,363{GMT}	INFO	[jepsen worker 4] jepsen.util: 4	:invoke	:broadcast	48
2026-03-20 16:03:05,364{GMT}	INFO	[jepsen worker 4] jepsen.util: 4	:ok	:broadcast	48
2026-03-20 16:03:05,412{GMT}	INFO	[jepsen worker 0] jepsen.util: 0	:invoke	:broadcast	49
2026-03-20 16:03:05,414{GMT}	INFO	[jepsen worker 0] jepsen.util: 0	:ok	:broadcast	49
2026-03-20 16:03:05,518{GMT}	INFO	[jepsen worker 0] jepsen.util: 0	:invoke	:broadcast	50
2026-03-20 16:03:05,521{GMT}	INFO	[jepsen worker 0] jepsen.util: 0	:ok	:broadcast	50
2026-03-20 16:03:05,668{GMT}	INFO	[jepsen worker 1] jepsen.util: 1	:invoke	:read	nil
2026-03-20 16:03:05,671{GMT}	INFO	[jepsen worker 1] jepsen.util: 1	:ok	:read	[0 2 3 7 8 9 11 13 15 16 17 18 19 21 23 24 26 27 29 31 32 34 36 37 38 39 41 45 48 49 50]
2026-03-20 16:03:05,855{GMT}	INFO	[jepsen worker 2] jepsen.util: 2	:invoke	:broadcast	51
2026-03-20 16:03:05,857{GMT}	INFO	[jepsen worker 2] jepsen.util: 2	:ok	:broadcast	51
2026-03-20 16:03:05,953{GMT}	INFO	[jepsen worker 3] jepsen.util: 3	:invoke	:read	nil
2026-03-20 16:03:05,955{GMT}	INFO	[jepsen worker 3] jepsen.util: 3	:ok	:read	[1 4 5 6 10 12 14 20 22 25 28 30 33 35 40 42 43 44 46 47 48 49 50 51]
2026-03-20 16:03:06,011{GMT}	INFO	[jepsen worker 4] jepsen.util: 4	:invoke	:broadcast	52
2026-03-20 16:03:06,014{GMT}	INFO	[jepsen worker 4] jepsen.util: 4	:ok	:broadcast	52
2026-03-20 16:03:06,030{GMT}	INFO	[jepsen worker 0] jepsen.util: 0	:invoke	:broadcast	53
2026-03-20 16:03:06,032{GMT}	INFO	[jepsen worker 0] jepsen.util: 0	:ok	:broadcast	53
2026-03-20 16:03:06,158{GMT}	INFO	[jepsen worker 0] jepsen.util: 0	:invoke	:broadcast	54
2026-03-20 16:03:06,160{GMT}	INFO	[jepsen worker 0] jepsen.util: 0	:ok	:broadcast	54
2026-03-20 16:03:06,278{GMT}	INFO	[jepsen worker 1] jepsen.util: 1	:invoke	:broadcast	55
2026-03-20 16:03:06,280{GMT}	INFO	[jepsen worker 1] jepsen.util: 1	:ok	:broadcast	55
2026-03-20 16:03:06,358{GMT}	INFO	[jepsen worker 2] jepsen.util: 2	:invoke	:broadcast	56
2026-03-20 16:03:06,360{GMT}	INFO	[jepsen worker 2] jepsen.util: 2	:ok	:broadcast	56
2026-03-20 16:03:06,407{GMT}	INFO	[jepsen worker 3] jepsen.util: 3	:invoke	:broadcast	57
2026-03-20 16:03:06,408{GMT}	INFO	[jepsen worker 3] jepsen.util: 3	:ok	:broadcast	57
2026-03-20 16:03:06,464{GMT}	INFO	[jepsen worker 4] jepsen.util: 4	:invoke	:read	nil
2026-03-20 16:03:06,466{GMT}	INFO	[jepsen worker 4] jepsen.util: 4	:ok	:read	[0 2 3 7 8 9 11 13 15 16 17 18 19 21 23 24 26 27 29 31 32 34 36 37 38 39 41 45 48 49 50 51 52 53 54 55 56 57]
2026-03-20 16:03:06,584{GMT}	INFO	[jepsen worker 0] jepsen.util: 0	:invoke	:read	nil
2026-03-20 16:03:06,586{GMT}	INFO	[jepsen worker 0] jepsen.util: 0	:ok	:read	[1 4 5 6 10 12 14 20 22 25 28 30 33 35 40 42 43 44 46 47 48 49 50 51 52 53 54 55 56 57]
2026-03-20 16:03:06,769{GMT}	INFO	[jepsen worker 0] jepsen.util: 0	:invoke	:broadcast	58
2026-03-20 16:03:06,771{GMT}	INFO	[jepsen worker 0] jepsen.util: 0	:ok	:broadcast	58
2026-03-20 16:03:06,877{GMT}	INFO	[jepsen worker 1] jepsen.util: 1	:invoke	:read	nil
2026-03-20 16:03:06,878{GMT}	INFO	[jepsen worker 1] jepsen.util: 1	:ok	:read	[0 2 3 7 8 9 11 13 15 16 17 18 19 21 23 24 26 27 29 31 32 34 36 37 38 39 41 45 48 49 50 51 52 53 54 55 56 57 58]
2026-03-20 16:03:07,065{GMT}	INFO	[jepsen worker 2] jepsen.util: 2	:invoke	:broadcast	59
2026-03-20 16:03:07,067{GMT}	INFO	[jepsen worker 2] jepsen.util: 2	:ok	:broadcast	59
2026-03-20 16:03:07,109{GMT}	INFO	[jepsen worker 3] jepsen.util: 3	:invoke	:broadcast	60
2026-03-20 16:03:07,111{GMT}	INFO	[jepsen worker 3] jepsen.util: 3	:ok	:broadcast	60
2026-03-20 16:03:07,245{GMT}	INFO	[jepsen worker 4] jepsen.util: 4	:invoke	:read	nil
2026-03-20 16:03:07,247{GMT}	INFO	[jepsen worker 4] jepsen.util: 4	:ok	:read	[0 2 3 7 8 9 11 13 15 16 17 18 19 21 23 24 26 27 29 31 32 34 36 37 38 39 41 45 48 49 50 51 52 53 54 55 56 57 58 59 60]
2026-03-20 16:03:07,297{GMT}	INFO	[jepsen worker 0] jepsen.util: 0	:invoke	:read	nil
2026-03-20 16:03:07,298{GMT}	INFO	[jepsen worker 0] jepsen.util: 0	:ok	:read	[1 4 5 6 10 12 14 20 22 25 28 30 33 35 40 42 43 44 46 47 48 49 50 51 52 53 54 55 56 57 58 59 60]
2026-03-20 16:03:07,375{GMT}	INFO	[jepsen worker 0] jepsen.util: 0	:invoke	:broadcast	61
2026-03-20 16:03:07,376{GMT}	INFO	[jepsen worker 0] jepsen.util: 0	:ok	:broadcast	61
2026-03-20 16:03:07,560{GMT}	INFO	[jepsen worker 1] jepsen.util: 1	:invoke	:broadcast	62
2026-03-20 16:03:07,561{GMT}	INFO	[jepsen worker 1] jepsen.util: 1	:ok	:broadcast	62
2026-03-20 16:03:07,719{GMT}	INFO	[jepsen worker 2] jepsen.util: 2	:invoke	:read	nil
2026-03-20 16:03:07,720{GMT}	INFO	[jepsen worker 2] jepsen.util: 2	:ok	:read	[0 2 3 7 8 9 11 13 15 16 17 18 19 21 23 24 26 27 29 31 32 34 36 37 38 39 41 45 48 49 50 51 52 53 54 55 56 57 58 59 60 61 62]
2026-03-20 16:03:07,866{GMT}	INFO	[jepsen worker 3] jepsen.util: 3	:invoke	:broadcast	63
2026-03-20 16:03:07,868{GMT}	INFO	[jepsen worker 3] jepsen.util: 3	:ok	:broadcast	63
2026-03-20 16:03:07,912{GMT}	INFO	[jepsen worker 4] jepsen.util: 4	:invoke	:broadcast	64
2026-03-20 16:03:07,913{GMT}	INFO	[jepsen worker 4] jepsen.util: 4	:ok	:broadcast	64
2026-03-20 16:03:07,950{GMT}	INFO	[jepsen worker 0] jepsen.util: 0	:invoke	:broadcast	65
2026-03-20 16:03:07,951{GMT}	INFO	[jepsen worker 0] jepsen.util: 0	:ok	:broadcast	65
2026-03-20 16:03:08,128{GMT}	INFO	[jepsen worker 0] jepsen.util: 0	:invoke	:read	nil
2026-03-20 16:03:08,130{GMT}	INFO	[jepsen worker 0] jepsen.util: 0	:ok	:read	[1 4 5 6 10 12 14 20 22 25 28 30 33 35 40 42 43 44 46 47 48 49 50 51 52 53 54 55 56 57 58 59 60 61 62 63 64 65]
2026-03-20 16:03:08,287{GMT}	INFO	[jepsen worker 1] jepsen.util: 1	:invoke	:read	nil
2026-03-20 16:03:08,288{GMT}	INFO	[jepsen worker 1] jepsen.util: 1	:ok	:read	[0 2 3 7 8 9 11 13 15 16 17 18 19 21 23 24 26 27 29 31 32 34 36 37 38 39 41 45 48 49 50 51 52 53 54 55 56 57 58 59 60 61 62 63 64 65]
2026-03-20 16:03:08,468{GMT}	INFO	[jepsen worker 2] jepsen.util: 2	:invoke	:read	nil
2026-03-20 16:03:08,469{GMT}	INFO	[jepsen worker 2] jepsen.util: 2	:ok	:read	[0 2 3 7 8 9 11 13 15 16 17 18 19 21 23 24 26 27 29 31 32 34 36 37 38 39 41 45 48 49 50 51 52 53 54 55 56 57 58 59 60 61 62 63 64 65]
2026-03-20 16:03:08,651{GMT}	INFO	[jepsen worker 3] jepsen.util: 3	:invoke	:broadcast	66
2026-03-20 16:03:08,653{GMT}	INFO	[jepsen worker 3] jepsen.util: 3	:ok	:broadcast	66
2026-03-20 16:03:08,688{GMT}	INFO	[jepsen worker 4] jepsen.util: 4	:invoke	:broadcast	67
2026-03-20 16:03:08,690{GMT}	INFO	[jepsen worker 4] jepsen.util: 4	:ok	:broadcast	67
2026-03-20 16:03:08,736{GMT}	INFO	[jepsen worker 0] jepsen.util: 0	:invoke	:broadcast	68
2026-03-20 16:03:08,737{GMT}	INFO	[jepsen worker 0] jepsen.util: 0	:ok	:broadcast	68
2026-03-20 16:03:08,844{GMT}	INFO	[jepsen worker 0] jepsen.util: 0	:invoke	:read	nil
2026-03-20 16:03:08,845{GMT}	INFO	[jepsen worker 0] jepsen.util: 0	:ok	:read	[1 4 5 6 10 12 14 20 22 25 28 30 33 35 40 42 43 44 46 47 48 49 50 51 52 53 54 55 56 57 58 59 60 61 62 63 64 65 66 67 68]
2026-03-20 16:03:08,965{GMT}	INFO	[jepsen worker 1] jepsen.util: 1	:invoke	:broadcast	69
2026-03-20 16:03:08,967{GMT}	INFO	[jepsen worker 1] jepsen.util: 1	:ok	:broadcast	69
2026-03-20 16:03:09,109{GMT}	INFO	[jepsen worker 2] jepsen.util: 2	:invoke	:read	nil
2026-03-20 16:03:09,111{GMT}	INFO	[jepsen worker 2] jepsen.util: 2	:ok	:read	[0 2 3 7 8 9 11 13 15 16 17 18 19 21 23 24 26 27 29 31 32 34 36 37 38 39 41 45 48 49 50 51 52 53 54 55 56 57 58 59 60 61 62 63 64 65 66 67 68 69]
2026-03-20 16:03:09,180{GMT}	INFO	[jepsen worker 3] jepsen.util: 3	:invoke	:broadcast	70
2026-03-20 16:03:09,182{GMT}	INFO	[jepsen worker 3] jepsen.util: 3	:ok	:broadcast	70
2026-03-20 16:03:09,339{GMT}	INFO	[jepsen worker 4] jepsen.util: 4	:invoke	:broadcast	71
2026-03-20 16:03:09,340{GMT}	INFO	[jepsen worker 4] jepsen.util: 4	:ok	:broadcast	71
2026-03-20 16:03:09,525{GMT}	INFO	[jepsen worker 0] jepsen.util: 0	:invoke	:read	nil
2026-03-20 16:03:09,526{GMT}	INFO	[jepsen worker 0] jepsen.util: 0	:ok	:read	[1 4 5 6 10 12 14 20 22 25 28 30 33 35 40 42 43 44 46 47 48 49 50 51 52 53 54 55 56 57 58 59 60 61 62 63 64 65 66 67 68 69 70 71]
2026-03-20 16:03:09,647{GMT}	INFO	[jepsen worker 0] jepsen.util: 0	:invoke	:broadcast	72
2026-03-20 16:03:09,649{GMT}	INFO	[jepsen worker 0] jepsen.util: 0	:ok	:broadcast	72
2026-03-20 16:03:09,737{GMT}	INFO	[jepsen worker 1] jepsen.util: 1	:invoke	:read	nil
2026-03-20 16:03:09,738{GMT}	INFO	[jepsen worker 1] jepsen.util: 1	:ok	:read	[0 2 3 7 8 9 11 13 15 16 17 18 19 21 23 24 26 27 29 31 32 34 36 37 38 39 41 45 48 49 50 51 52 53 54 55 56 57 58 59 60 61 62 63 64 65 66 67 68 69 70 71 72]
2026-03-20 16:03:09,830{GMT}	INFO	[jepsen worker 2] jepsen.util: 2	:invoke	:broadcast	73
2026-03-20 16:03:09,831{GMT}	INFO	[jepsen worker 2] jepsen.util: 2	:ok	:broadcast	73
2026-03-20 16:03:09,884{GMT}	INFO	[jepsen worker 3] jepsen.util: 3	:invoke	:broadcast	74
2026-03-20 16:03:09,885{GMT}	INFO	[jepsen worker 3] jepsen.util: 3	:ok	:broadcast	74
2026-03-20 16:03:09,900{GMT}	INFO	[jepsen worker 4] jepsen.util: 4	:invoke	:broadcast	75
2026-03-20 16:03:09,901{GMT}	INFO	[jepsen worker 4] jepsen.util: 4	:ok	:broadcast	75
2026-03-20 16:03:09,950{GMT}	INFO	[jepsen worker 0] jepsen.util: 0	:invoke	:broadcast	76
2026-03-20 16:03:09,951{GMT}	INFO	[jepsen worker 0] jepsen.util: 0	:ok	:broadcast	76
2026-03-20 16:03:10,088{GMT}	INFO	[jepsen worker 0] jepsen.util: 0	:invoke	:broadcast	77
2026-03-20 16:03:10,089{GMT}	INFO	[jepsen worker 0] jepsen.util: 0	:ok	:broadcast	77
2026-03-20 16:03:10,224{GMT}	INFO	[jepsen worker 1] jepsen.util: 1	:invoke	:broadcast	78
2026-03-20 16:03:10,226{GMT}	INFO	[jepsen worker 1] jepsen.util: 1	:ok	:broadcast	78
2026-03-20 16:03:10,380{GMT}	INFO	[jepsen worker 2] jepsen.util: 2	:invoke	:read	nil
2026-03-20 16:03:10,382{GMT}	INFO	[jepsen worker 2] jepsen.util: 2	:ok	:read	[0 2 3 7 8 9 11 13 15 16 17 18 19 21 23 24 26 27 29 31 32 34 36 37 38 39 41 45 48 49 50 51 52 53 54 55 56 57 58 59 60 61 62 63 64 65 66 67 68 69 70 71 72 73 74 75 76 77 78]
2026-03-20 16:03:10,538{GMT}	INFO	[jepsen worker 3] jepsen.util: 3	:invoke	:broadcast	79
2026-03-20 16:03:10,540{GMT}	INFO	[jepsen worker 3] jepsen.util: 3	:ok	:broadcast	79
2026-03-20 16:03:10,572{GMT}	INFO	[jepsen worker 4] jepsen.util: 4	:invoke	:broadcast	80
2026-03-20 16:03:10,573{GMT}	INFO	[jepsen worker 4] jepsen.util: 4	:ok	:broadcast	80
2026-03-20 16:03:10,649{GMT}	INFO	[jepsen worker 0] jepsen.util: 0	:invoke	:read	nil
2026-03-20 16:03:10,650{GMT}	INFO	[jepsen worker 0] jepsen.util: 0	:ok	:read	[1 4 5 6 10 12 14 20 22 25 28 30 33 35 40 42 43 44 46 47 48 49 50 51 52 53 54 55 56 57 58 59 60 61 62 63 64 65 66 67 68 69 70 71 72 73 74 75 76 77 78 79 80]
2026-03-20 16:03:10,652{GMT}	INFO	[jepsen worker 0] jepsen.util: 0	:invoke	:read	nil
2026-03-20 16:03:10,653{GMT}	INFO	[jepsen worker 0] jepsen.util: 0	:ok	:read	[1 4 5 6 10 12 14 20 22 25 28 30 33 35 40 42 43 44 46 47 48 49 50 51 52 53 54 55 56 57 58 59 60 61 62 63 64 65 66 67 68 69 70 71 72 73 74 75 76 77 78 79 80]
2026-03-20 16:03:10,793{GMT}	INFO	[jepsen worker 1] jepsen.util: 1	:invoke	:broadcast	81
2026-03-20 16:03:10,794{GMT}	INFO	[jepsen worker 1] jepsen.util: 1	:ok	:broadcast	81
2026-03-20 16:03:10,953{GMT}	INFO	[jepsen worker 2] jepsen.util: 2	:invoke	:read	nil
2026-03-20 16:03:10,954{GMT}	INFO	[jepsen worker 2] jepsen.util: 2	:ok	:read	[0 2 3 7 8 9 11 13 15 16 17 18 19 21 23 24 26 27 29 31 32 34 36 37 38 39 41 45 48 49 50 51 52 53 54 55 56 57 58 59 60 61 62 63 64 65 66 67 68 69 70 71 72 73 74 75 76 77 78 79 80 81]
2026-03-20 16:03:11,093{GMT}	INFO	[jepsen worker 3] jepsen.util: 3	:invoke	:read	nil
2026-03-20 16:03:11,095{GMT}	INFO	[jepsen worker 3] jepsen.util: 3	:ok	:read	[1 4 5 6 10 12 14 20 22 25 28 30 33 35 40 42 43 44 46 47 48 49 50 51 52 53 54 55 56 57 58 59 60 61 62 63 64 65 66 67 68 69 70 71 72 73 74 75 76 77 78 78 79 80 81]
2026-03-20 16:03:11,102{GMT}	INFO	[jepsen worker 4] jepsen.util: 4	:invoke	:broadcast	82
2026-03-20 16:03:11,103{GMT}	INFO	[jepsen worker 4] jepsen.util: 4	:ok	:broadcast	82
2026-03-20 16:03:11,207{GMT}	INFO	[jepsen worker 0] jepsen.util: 0	:invoke	:broadcast	83
2026-03-20 16:03:11,208{GMT}	INFO	[jepsen worker 0] jepsen.util: 0	:ok	:broadcast	83
2026-03-20 16:03:11,250{GMT}	INFO	[jepsen worker 0] jepsen.util: 0	:invoke	:broadcast	84
2026-03-20 16:03:11,251{GMT}	INFO	[jepsen worker 0] jepsen.util: 0	:ok	:broadcast	84
2026-03-20 16:03:11,410{GMT}	INFO	[jepsen worker 1] jepsen.util: 1	:invoke	:read	nil
2026-03-20 16:03:11,412{GMT}	INFO	[jepsen worker 1] jepsen.util: 1	:ok	:read	[0 2 3 7 8 9 11 13 15 16 17 18 19 21 23 24 26 27 29 31 32 34 36 37 38 39 41 45 48 49 50 51 52 53 54 55 56 57 58 59 60 61 62 63 64 65 66 67 68 69 70 71 72 73 74 75 76 77 78 79 80 81 82 83 84]
2026-03-20 16:03:11,443{GMT}	INFO	[jepsen worker 2] jepsen.util: 2	:invoke	:broadcast	85
2026-03-20 16:03:11,444{GMT}	INFO	[jepsen worker 2] jepsen.util: 2	:ok	:broadcast	85
2026-03-20 16:03:11,616{GMT}	INFO	[jepsen worker 3] jepsen.util: 3	:invoke	:broadcast	86
2026-03-20 16:03:11,618{GMT}	INFO	[jepsen worker 3] jepsen.util: 3	:ok	:broadcast	86
2026-03-20 16:03:11,714{GMT}	INFO	[jepsen worker 4] jepsen.util: 4	:invoke	:broadcast	87
2026-03-20 16:03:11,715{GMT}	INFO	[jepsen worker 4] jepsen.util: 4	:ok	:broadcast	87
2026-03-20 16:03:11,855{GMT}	INFO	[jepsen worker 0] jepsen.util: 0	:invoke	:broadcast	88
2026-03-20 16:03:11,856{GMT}	INFO	[jepsen worker 0] jepsen.util: 0	:ok	:broadcast	88
2026-03-20 16:03:11,921{GMT}	INFO	[jepsen worker 0] jepsen.util: 0	:invoke	:read	nil
2026-03-20 16:03:11,922{GMT}	INFO	[jepsen worker 0] jepsen.util: 0	:ok	:read	[1 4 5 6 10 12 14 20 22 25 28 30 33 35 40 42 43 44 46 47 48 49 50 51 52 53 54 55 56 57 58 59 60 61 62 63 64 65 66 67 68 69 70 71 72 73 74 75 76 77 78 79 80 81 82 83 84 85 86 87 88]
2026-03-20 16:03:12,006{GMT}	INFO	[jepsen worker 1] jepsen.util: 1	:invoke	:read	nil
2026-03-20 16:03:12,008{GMT}	INFO	[jepsen worker 1] jepsen.util: 1	:ok	:read	[0 2 3 7 8 9 11 13 15 16 17 18 19 21 23 24 26 27 29 31 32 34 36 37 38 39 41 45 48 49 50 51 52 53 54 55 56 57 58 59 60 61 62 63 64 65 66 67 68 69 70 71 72 73 74 75 76 77 78 79 80 81 82 83 84 85 86 87 88]
2026-03-20 16:03:12,048{GMT}	INFO	[jepsen worker 2] jepsen.util: 2	:invoke	:read	nil
2026-03-20 16:03:12,049{GMT}	INFO	[jepsen worker 2] jepsen.util: 2	:ok	:read	[0 2 3 7 8 9 11 13 15 16 17 18 19 21 23 24 26 27 29 31 32 34 36 37 38 39 41 45 48 49 50 51 52 53 54 55 56 57 58 59 60 61 62 63 64 65 66 67 68 69 70 71 72 73 74 75 76 77 78 79 80 81 82 83 84 85 86 87 88]
2026-03-20 16:03:12,054{GMT}	INFO	[jepsen worker 3] jepsen.util: 3	:invoke	:broadcast	89
2026-03-20 16:03:12,055{GMT}	INFO	[jepsen worker 3] jepsen.util: 3	:ok	:broadcast	89
2026-03-20 16:03:12,088{GMT}	INFO	[jepsen worker 4] jepsen.util: 4	:invoke	:broadcast	90
2026-03-20 16:03:12,089{GMT}	INFO	[jepsen worker 4] jepsen.util: 4	:ok	:broadcast	90
2026-03-20 16:03:12,262{GMT}	INFO	[jepsen worker 0] jepsen.util: 0	:invoke	:broadcast	91
2026-03-20 16:03:12,263{GMT}	INFO	[jepsen worker 0] jepsen.util: 0	:ok	:broadcast	91
2026-03-20 16:03:12,410{GMT}	INFO	[jepsen worker 0] jepsen.util: 0	:invoke	:read	nil
2026-03-20 16:03:12,411{GMT}	INFO	[jepsen worker 0] jepsen.util: 0	:ok	:read	[1 4 5 6 10 12 14 20 22 25 28 30 33 35 40 42 43 44 46 47 48 49 50 51 52 53 54 55 56 57 58 59 60 61 62 63 64 65 66 67 68 69 70 71 72 73 74 75 76 77 78 79 80 81 82 83 84 85 86 87 88 89 90 91]
2026-03-20 16:03:12,514{GMT}	INFO	[jepsen worker 1] jepsen.util: 1	:invoke	:read	nil
2026-03-20 16:03:12,515{GMT}	INFO	[jepsen worker 1] jepsen.util: 1	:ok	:read	[0 2 3 7 8 9 11 13 15 16 17 18 19 21 23 24 26 27 29 31 32 34 36 37 38 39 41 45 48 49 50 51 52 53 54 55 56 57 58 59 60 61 62 63 64 65 66 67 68 69 70 71 72 73 74 75 76 77 78 79 80 81 82 83 84 85 86 87 88 89 89 90 91]
2026-03-20 16:03:12,538{GMT}	INFO	[jepsen worker 2] jepsen.util: 2	:invoke	:read	nil
2026-03-20 16:03:12,540{GMT}	INFO	[jepsen worker 2] jepsen.util: 2	:ok	:read	[0 2 3 7 8 9 11 13 15 16 17 18 19 21 23 24 26 27 29 31 32 34 36 37 38 39 41 45 48 49 50 51 52 53 54 55 56 57 58 59 60 61 62 63 64 65 66 67 68 69 70 71 72 73 74 75 76 77 78 79 80 81 82 83 84 85 86 87 88 89 90 91]
2026-03-20 16:03:12,677{GMT}	INFO	[jepsen worker 3] jepsen.util: 3	:invoke	:broadcast	92
2026-03-20 16:03:12,679{GMT}	INFO	[jepsen worker 3] jepsen.util: 3	:ok	:broadcast	92
2026-03-20 16:03:12,726{GMT}	INFO	[jepsen worker 4] jepsen.util: 4	:invoke	:read	nil
2026-03-20 16:03:12,727{GMT}	INFO	[jepsen worker 0] jepsen.util: 0	:invoke	:broadcast	93
2026-03-20 16:03:12,727{GMT}	INFO	[jepsen worker 4] jepsen.util: 4	:ok	:read	[0 2 3 7 8 9 11 13 15 16 17 18 19 21 23 24 26 27 29 31 32 34 36 37 38 39 41 45 48 49 50 51 52 53 54 55 56 57 58 59 60 61 62 63 64 65 66 67 68 69 70 71 72 73 74 75 76 77 78 79 80 81 82 83 84 85 86 87 88 89 90 91 92]
2026-03-20 16:03:12,728{GMT}	INFO	[jepsen worker 0] jepsen.util: 0	:ok	:broadcast	93
2026-03-20 16:03:12,905{GMT}	INFO	[jepsen worker 0] jepsen.util: 0	:invoke	:broadcast	94
2026-03-20 16:03:12,906{GMT}	INFO	[jepsen worker 0] jepsen.util: 0	:ok	:broadcast	94
2026-03-20 16:03:13,036{GMT}	INFO	[jepsen worker 1] jepsen.util: 1	:invoke	:broadcast	95
2026-03-20 16:03:13,037{GMT}	INFO	[jepsen worker 1] jepsen.util: 1	:ok	:broadcast	95
2026-03-20 16:03:13,056{GMT}	INFO	[jepsen worker 2] jepsen.util: 2	:invoke	:broadcast	96
2026-03-20 16:03:13,058{GMT}	INFO	[jepsen worker 2] jepsen.util: 2	:ok	:broadcast	96
2026-03-20 16:03:13,074{GMT}	INFO	[jepsen worker 3] jepsen.util: 3	:invoke	:read	nil
2026-03-20 16:03:13,075{GMT}	INFO	[jepsen worker 3] jepsen.util: 3	:ok	:read	[1 4 5 6 10 12 14 20 22 25 28 30 33 35 40 42 43 44 46 47 48 49 50 51 52 53 54 55 56 57 58 59 60 61 62 63 64 65 66 67 68 69 70 71 72 73 74 75 76 77 78 78 79 80 81 82 83 84 85 85 86 87 88 89 90 91 92 93 94 95 96]
2026-03-20 16:03:13,121{GMT}	INFO	[jepsen worker 4] jepsen.util: 4	:invoke	:broadcast	97
2026-03-20 16:03:13,122{GMT}	INFO	[jepsen worker 4] jepsen.util: 4	:ok	:broadcast	97
2026-03-20 16:03:13,238{GMT}	INFO	[jepsen worker 0] jepsen.util: 0	:invoke	:read	nil
2026-03-20 16:03:13,239{GMT}	INFO	[jepsen worker 0] jepsen.util: 0	:ok	:read	[1 4 5 6 10 12 14 20 22 25 28 30 33 35 40 42 43 44 46 47 48 49 50 51 52 53 54 55 56 57 58 59 60 61 62 63 64 65 66 67 68 69 70 71 72 73 74 75 76 77 78 79 80 81 82 83 84 85 86 87 88 89 90 91 92 93 94 95 96 97]
2026-03-20 16:03:13,264{GMT}	INFO	[jepsen worker 0] jepsen.util: 0	:invoke	:read	nil
2026-03-20 16:03:13,265{GMT}	INFO	[jepsen worker 0] jepsen.util: 0	:ok	:read	[1 4 5 6 10 12 14 20 22 25 28 30 33 35 40 42 43 44 46 47 48 49 50 51 52 53 54 55 56 57 58 59 60 61 62 63 64 65 66 67 68 69 70 71 72 73 74 75 76 77 78 79 80 81 82 83 84 85 86 87 88 89 90 91 92 93 94 95 96 97]
2026-03-20 16:03:13,424{GMT}	INFO	[jepsen worker 1] jepsen.util: 1	:invoke	:read	nil
2026-03-20 16:03:13,425{GMT}	INFO	[jepsen worker 1] jepsen.util: 1	:ok	:read	[0 2 3 7 8 9 11 13 15 16 17 18 19 21 23 24 26 27 29 31 32 34 36 37 38 39 41 45 48 49 50 51 52 53 54 55 56 57 58 59 60 61 62 63 64 65 66 67 68 69 70 71 72 73 74 75 76 77 78 79 80 81 82 83 84 85 86 87 88 89 89 90 91 92 93 94 95 96 97]
2026-03-20 16:03:13,441{GMT}	INFO	[jepsen worker 2] jepsen.util: 2	:invoke	:broadcast	98
2026-03-20 16:03:13,442{GMT}	INFO	[jepsen worker 2] jepsen.util: 2	:ok	:broadcast	98
2026-03-20 16:03:13,477{GMT}	INFO	[jepsen worker 3] jepsen.util: 3	:invoke	:broadcast	99
2026-03-20 16:03:13,478{GMT}	INFO	[jepsen worker 3] jepsen.util: 3	:ok	:broadcast	99
2026-03-20 16:03:13,529{GMT}	INFO	[jepsen worker 4] jepsen.util: 4	:invoke	:broadcast	100
2026-03-20 16:03:13,530{GMT}	INFO	[jepsen worker 4] jepsen.util: 4	:ok	:broadcast	100
2026-03-20 16:03:13,552{GMT}	INFO	[jepsen worker 0] jepsen.util: 0	:invoke	:broadcast	101
2026-03-20 16:03:13,554{GMT}	INFO	[jepsen worker 0] jepsen.util: 0	:ok	:broadcast	101
2026-03-20 16:03:13,556{GMT}	INFO	[jepsen worker 0] jepsen.util: 0	:invoke	:read	nil
2026-03-20 16:03:13,557{GMT}	INFO	[jepsen worker 0] jepsen.util: 0	:ok	:read	[1 4 5 6 10 12 14 20 22 25 28 30 33 35 40 42 43 44 46 47 48 49 50 51 52 53 54 55 56 57 58 59 60 61 62 63 64 65 66 67 68 69 70 71 72 73 74 75 76 77 78 79 80 81 82 83 84 85 86 87 88 89 90 91 92 93 94 95 96 97 98 99 100 100 101]
2026-03-20 16:03:13,557{GMT}	INFO	[jepsen worker nemesis] jepsen.util: :nemesis	:info	:stop-partition	nil
2026-03-20 16:03:13,557{GMT}	INFO	[jepsen worker nemesis] jepsen.util: :nemesis	:info	:stop-partition	:network-healed
2026-03-20 16:03:13,558{GMT}	INFO	[jepsen worker 2] jepsen.generator.interpreter: Waiting for recovery...
2026-03-20 16:03:23,560{GMT}	INFO	[jepsen worker 3] jepsen.util: 3	:invoke	:read	nil
2026-03-20 16:03:23,560{GMT}	INFO	[jepsen worker 4] jepsen.util: 4	:invoke	:read	nil
2026-03-20 16:03:23,560{GMT}	INFO	[jepsen worker 2] jepsen.util: 2	:invoke	:read	nil
2026-03-20 16:03:23,560{GMT}	INFO	[jepsen worker 0] jepsen.util: 0	:invoke	:read	nil
2026-03-20 16:03:23,560{GMT}	INFO	[jepsen worker 1] jepsen.util: 1	:invoke	:read	nil
2026-03-20 16:03:23,561{GMT}	INFO	[jepsen worker 4] jepsen.util: 4	:ok	:read	[0 2 3 7 8 9 11 13 15 16 17 18 19 21 23 24 26 27 29 31 32 34 36 37 38 39 41 45 48 49 50 51 52 53 54 55 56 57 58 59 60 61 62 63 64 65 66 67 68 69 70 71 72 73 74 75 76 77 78 79 80 81 82 83 84 85 86 87 88 89 90 91 92 93 94 95 96 97 98 99 100 101]
2026-03-20 16:03:23,561{GMT}	INFO	[jepsen worker 2] jepsen.util: 2	:ok	:read	[0 2 3 7 8 9 11 13 15 16 17 18 19 21 23 24 26 27 29 31 32 34 36 37 38 39 41 45 48 49 50 51 52 53 54 55 56 57 58 59 60 61 62 63 64 65 66 67 68 69 70 71 72 73 74 75 76 77 78 79 80 81 82 83 84 85 86 87 88 89 90 91 92 93 94 95 96 97 98 99 100 101]
2026-03-20 16:03:23,561{GMT}	INFO	[jepsen worker 0] jepsen.util: 0	:ok	:read	[1 4 5 6 10 12 14 20 22 25 28 30 33 35 40 42 43 44 46 47 48 49 50 51 52 53 54 55 56 57 58 59 60 61 62 63 64 65 66 67 68 69 70 71 72 73 74 75 76 77 78 79 80 81 82 83 84 85 86 87 88 89 90 91 92 93 94 95 96 97 98 99 100 100 101]
2026-03-20 16:03:23,561{GMT}	INFO	[jepsen worker 3] jepsen.util: 3	:ok	:read	[1 4 5 6 10 12 14 20 22 25 28 30 33 35 40 42 43 44 46 47 48 49 50 51 52 53 54 55 56 57 58 59 60 61 62 63 64 65 66 67 68 69 70 71 72 73 74 75 76 77 78 78 79 80 81 82 83 84 85 85 86 87 88 89 90 91 92 93 94 95 96 97 98 98 99 100 101]
2026-03-20 16:03:23,562{GMT}	INFO	[jepsen worker 1] jepsen.util: 1	:ok	:read	[0 2 3 7 8 9 11 13 15 16 17 18 19 21 23 24 26 27 29 31 32 34 36 37 38 39 41 45 48 49 50 51 52 53 54 55 56 57 58 59 60 61 62 63 64 65 66 67 68 69 70 71 72 73 74 75 76 77 78 79 80 81 82 83 84 85 86 87 88 89 89 90 91 92 93 94 95 96 97 98 99 100 101]
2026-03-20 16:03:23,578{GMT}	INFO	[jepsen test runner] jepsen.core: Run complete, writing
2026-03-20 16:03:23,630{GMT}	INFO	[jepsen node n0] maelstrom.db: Tearing down n0
2026-03-20 16:03:23,630{GMT}	INFO	[jepsen node n1] maelstrom.db: Tearing down n1
2026-03-20 16:03:23,631{GMT}	INFO	[jepsen node n3] maelstrom.db: Tearing down n3
2026-03-20 16:03:23,632{GMT}	INFO	[jepsen node n2] maelstrom.db: Tearing down n2
2026-03-20 16:03:23,632{GMT}	INFO	[jepsen node n4] maelstrom.db: Tearing down n4
2026-03-20 16:03:25,263{GMT}	INFO	[jepsen node n0] maelstrom.net: Shutting down Maelstrom network
2026-03-20 16:03:25,264{GMT}	INFO	[jepsen test runner] jepsen.core: Analyzing...
2026-03-20 16:03:25,578{GMT}	INFO	[jepsen test runner] jepsen.core: Analysis complete
2026-03-20 16:03:25,610{GMT}	INFO	[jepsen results] jepsen.store: Wrote /home/banna/Documents/maelstrom-java/store/broadcast/20260320T160251.729Z/results.edn
2026-03-20 16:03:25,635{GMT}	INFO	[jepsen test runner] jepsen.core: {:perf {:latency-graph {:valid? true},
        :rate-graph {:valid? true},
        :valid? true},
 :timeline {:valid? true},
 :exceptions {:valid? true},
 :stats {:valid? true,
         :count 208,
         :ok-count 208,
         :fail-count 0,
         :info-count 0,
         :by-f {:broadcast {:valid? true,
                            :count 102,
                            :ok-count 102,
                            :fail-count 0,
                            :info-count 0},
                :read {:valid? true,
                       :count 106,
                       :ok-count 106,
                       :fail-count 0,
                       :info-count 0}}},
 :availability {:valid? true, :ok-fraction 1.0},
 :net {:all {:send-count 1532,
             :recv-count 1436,
             :msg-count 1532,
             :msgs-per-op 7.3653846},
       :clients {:send-count 436, :recv-count 436, :msg-count 436},
       :servers {:send-count 1096,
                 :recv-count 1000,
                 :msg-count 1096,
                 :msgs-per-op 5.269231},
       :valid? true},
 :workload {:worst-stale ({:element 1,
                           :outcome :stable,
                           :stable-latency 29712,
                           :lost-latency nil,
                           :known #jepsen.history.Op{:index 7,
                                                     :time 294327946,
                                                     :type :ok,
                                                     :process 3,
                                                     :f :add,
                                                     :value 1},
                           :last-absent #jepsen.history.Op{:index 415,
                                                           :time 30006481365,
                                                           :type :invoke,
                                                           :process 1,
                                                           :f :read,
                                                           :value nil,
                                                           :final? true}}
                          {:element 4,
                           :outcome :stable,
                           :stable-latency 28645,
                           :lost-latency nil,
                           :known #jepsen.history.Op{:index 25,
                                                     :time 1360710676,
                                                     :type :ok,
                                                     :process 0,
                                                     :f :add,
                                                     :value 4},
                           :last-absent #jepsen.history.Op{:index 415,
                                                           :time 30006481365,
                                                           :type :invoke,
                                                           :process 1,
                                                           :f :read,
                                                           :value nil,
                                                           :final? true}}
                          {:element 5,
                           :outcome :stable,
                           :stable-latency 28304,
                           :lost-latency nil,
                           :known #jepsen.history.Op{:index 31,
                                                     :time 1701631178,
                                                     :type :ok,
                                                     :process 3,
                                                     :f :add,
                                                     :value 5},
                           :last-absent #jepsen.history.Op{:index 415,
                                                           :time 30006481365,
                                                           :type :invoke,
                                                           :process 1,
                                                           :f :read,
                                                           :value nil,
                                                           :final? true}}
                          {:element 6,
                           :outcome :stable,
                           :stable-latency 28041,
                           :lost-latency nil,
                           :known #jepsen.history.Op{:index 37,
                                                     :time 1964650937,
                                                     :type :ok,
                                                     :process 0,
                                                     :f :add,
                                                     :value 6},
                           :last-absent #jepsen.history.Op{:index 415,
                                                           :time 30006481365,
                                                           :type :invoke,
                                                           :process 1,
                                                           :f :read,
                                                           :value nil,
                                                           :final? true}}
                          {:element 10,
                           :outcome :stable,
                           :stable-latency 27108,
                           :lost-latency nil,
                           :known #jepsen.history.Op{:index 61,
                                                     :time 2897676855,
                                                     :type :ok,
                                                     :process 0,
                                                     :f :add,
                                                     :value 10},
                           :last-absent #jepsen.history.Op{:index 415,
                                                           :time 30006481365,
                                                           :type :invoke,
                                                           :process 1,
                                                           :f :read,
                                                           :value nil,
                                                           :final? true}}
                          {:element 12,
                           :outcome :stable,
                           :stable-latency 26816,
                           :lost-latency nil,
                           :known #jepsen.history.Op{:index 67,
                                                     :time 3189761249,
                                                     :type :ok,
                                                     :process 3,
                                                     :f :add,
                                                     :value 12},
                           :last-absent #jepsen.history.Op{:index 415,
                                                           :time 30006481365,
                                                           :type :invoke,
                                                           :process 1,
                                                           :f :read,
                                                           :value nil,
                                                           :final? true}}
                          {:element 14,
                           :outcome :stable,
                           :stable-latency 26570,
                           :lost-latency nil,
                           :known #jepsen.history.Op{:index 73,
                                                     :time 3435997473,
                                                     :type :ok,
                                                     :process 0,
                                                     :f :add,
                                                     :value 14},
                           :last-absent #jepsen.history.Op{:index 415,
                                                           :time 30006481365,
                                                           :type :invoke,
                                                           :process 1,
                                                           :f :read,
                                                           :value nil,
                                                           :final? true}}
                          {:element 20,
                           :outcome :stable,
                           :stable-latency 25339,
                           :lost-latency nil,
                           :known #jepsen.history.Op{:index 95,
                                                     :time 4667060420,
                                                     :type :ok,
                                                     :process 0,
                                                     :f :add,
                                                     :value 20},
                           :last-absent #jepsen.history.Op{:index 415,
                                                           :time 30006481365,
                                                           :type :invoke,
                                                           :process 1,
                                                           :f :read,
                                                           :value nil,
                                                           :final? true}}),
            :duplicated-count 0,
            :valid? false,
            :lost-count 28,
            :lost (0
                   2
                   3
                   7
                   8
                   9
                   11
                   13
                   15
                   16
                   17
                   18
                   19
                   21
                   23
                   24
                   26
                   27
                   29
                   31
                   32
                   34
                   36
                   37
                   38
                   39
                   41
                   45),
            :stable-count 74,
            :stale-count 20,
            :stale (1
                    4
                    5
                    6
                    10
                    12
                    14
                    20
                    22
                    25
                    28
                    30
                    33
                    35
                    40
                    42
                    43
                    44
                    46
                    47),
            :never-read-count 0,
            :stable-latencies {0 0,
                               0.5 0,
                               0.95 28041,
                               0.99 29712,
                               1 29712},
            :attempt-count 102,
            :lost-latencies {0 18887,
                             0.5 24788,
                             0.95 29076,
                             0.99 29859,
                             1 29859},
            :never-read (),
            :duplicated {}},
 :valid? false}


Analysis invalid! (ﾉಥ益ಥ）ﾉ ┻━┻
