2026-03-12 17:09:48,899{GMT}	INFO	[jepsen test runner] jepsen.core: Command line:
lein run test -w broadcast --bin run.sh broadcast --node-count 5 --time-limit 20 --rate 10
2026-03-12 17:09:48,982{GMT}	INFO	[jepsen test runner] jepsen.core: Running test:
{:args ["broadcast"]
 :remote
 #jepsen.control.retry.Remote{:remote #jepsen.control.scp.Remote{:cmd-remote #jepsen.control.sshj.SSHJRemote{:concurrency-limit 6,
                                                                                                             :conn-spec nil,
                                                                                                             :client nil,
                                                                                                             :semaphore nil},
                                                                 :conn-spec nil},
                              :conn nil}
 :log-net-send false
 :node-count 5
 :availability nil
 :max-txn-length 4
 :concurrency 5
 :db
 #object[maelstrom.db$db$reify__16142
         "0x3938e876"
         "maelstrom.db$db$reify__16142@3938e876"]
 :max-writes-per-key 16
 :leave-db-running? false
 :name "broadcast"
 :logging-json? false
 :start-time
 #object[org.joda.time.DateTime "0x70b2819f" "2026-03-12T17:09:48.877Z"]
 :nemesis-interval 10
 :net
 #object[maelstrom.net$jepsen_net$reify__15251
         "0x65dac812"
         "maelstrom.net$jepsen_net$reify__15251@65dac812"]
 :client
 #object[maelstrom.workload.broadcast$client$reify__16644
         "0x3619ecd"
         "maelstrom.workload.broadcast$client$reify__16644@3619ecd"]
 :barrier
 #object[java.util.concurrent.CyclicBarrier
         "0x7de4bd8f"
         "java.util.concurrent.CyclicBarrier@7de4bd8f"]
 :log-stderr false
 :pure-generators true
 :ssh {:dummy? true}
 :rate 10.0
 :checker
 #object[jepsen.checker$compose$reify__11881
         "0x193e65d5"
         "jepsen.checker$compose$reify__11881@193e65d5"]
 :argv
 ("test"
  "-w"
  "broadcast"
  "--bin"
  "run.sh"
  "broadcast"
  "--node-count"
  "5"
  "--time-limit"
  "20"
  "--rate"
  "10")
 :nemesis
 (jepsen.nemesis.ReflCompose
  {:fm {:start-partition 0,
        :stop-partition 0,
        :kill 1,
        :start 1,
        :pause 1,
        :resume 1},
   :nemeses [#unprintable "jepsen.nemesis.combined$partition_nemesis$reify__16416@2a97b4b8"
             #unprintable "jepsen.nemesis.combined$db_nemesis$reify__16397@250fc0d1"]})
 :nodes ["n0" "n1" "n2" "n3" "n4"]
 :test-count 1
 :latency {:mean 0, :dist :constant}
 :bin "run.sh"
 :generator
 ((jepsen.generator.Synchronize
   {:gen (jepsen.generator.TimeLimit
          {:limit 20000000000,
           :cutoff nil,
           :gen (jepsen.generator.Any
                 {:gens [(jepsen.generator.OnThreads
                          {:f #{:nemesis},
                           :context-filter #object[jepsen.generator.context$make_thread_filter$lazy_filter__9167
                                                   "0x37d43b9b"
                                                   "jepsen.generator.context$make_thread_filter$lazy_filter__9167@37d43b9b"],
                           :gen nil})
                         (jepsen.generator.OnThreads
                          {:f #jepsen.generator.context.AllBut{:element :nemesis},
                           :context-filter #object[jepsen.generator.context$make_thread_filter$lazy_filter__9167
                                                   "0x28ba90c1"
                                                   "jepsen.generator.context$make_thread_filter$lazy_filter__9167@28ba90c1"],
                           :gen (jepsen.generator.Stagger
                                 {:dt 200000000,
                                  :next-time nil,
                                  :gen (jepsen.generator.Mix
                                        {:i 0,
                                         :gens [({:f :broadcast, :value 0}
                                                 {:f :broadcast, :value 1}
                                                 {:f :broadcast, :value 2}
                                                 {:f :broadcast, :value 3}
                                                 {:f :broadcast, :value 4}
                                                 {:f :broadcast, :value 5}
                                                 {:f :broadcast, :value 6}
                                                 {:f :broadcast, :value 7}
                                                 ...)
                                                ({:f :read}
                                                 {:f :read}
                                                 {:f :read}
                                                 {:f :read}
                                                 {:f :read}
                                                 {:f :read}
                                                 {:f :read}
                                                 {:f :read}
                                                 ...)]})})})]})})})
  (jepsen.generator.Synchronize
   {:gen (jepsen.generator.OnThreads
          {:f #{:nemesis},
           :context-filter #object[jepsen.generator.context$make_thread_filter$lazy_filter__9167
                                   "0x7545cb17"
                                   "jepsen.generator.context$make_thread_filter$lazy_filter__9167@7545cb17"],
           :gen ()})})
  (jepsen.generator.Synchronize
   {:gen {:type :log, :value "Waiting for recovery..."}})
  (jepsen.generator.Synchronize {:gen {:type :sleep, :value 10}})
  (jepsen.generator.Synchronize
   {:gen (jepsen.generator.OnThreads
          {:f #jepsen.generator.context.AllBut{:element :nemesis},
           :context-filter #object[jepsen.generator.context$make_thread_filter$lazy_filter__9167
                                   "0x635b3ec7"
                                   "jepsen.generator.context$make_thread_filter$lazy_filter__9167@635b3ec7"],
           :gen (jepsen.generator.EachThread
                 {:fresh-gen {:f :read, :final? true},
                  :context-filters #object[clojure.core$promise$reify__8591
                                           "0x1f9b86f5"
                                           {:status :pending, :val nil}],
                  :gens {}})})}))
 :log-net-recv false
 :os
 #object[maelstrom.net$jepsen_os$reify__15254
         "0x15aa3084"
         "maelstrom.net$jepsen_os$reify__15254@15aa3084"]
 :time-limit 20
 :workload :broadcast
 :consistency-models [:strict-serializable]
 :topology :grid}

2026-03-12 17:09:50,448{GMT}	INFO	[jepsen node n0] maelstrom.net: Starting Maelstrom network
2026-03-12 17:09:50,450{GMT}	INFO	[jepsen test runner] jepsen.db: Tearing down DB
2026-03-12 17:09:50,452{GMT}	INFO	[jepsen test runner] jepsen.db: Setting up DB
2026-03-12 17:09:50,453{GMT}	INFO	[jepsen node n3] maelstrom.db: Setting up n3
2026-03-12 17:09:50,453{GMT}	INFO	[jepsen node n2] maelstrom.db: Setting up n2
2026-03-12 17:09:50,453{GMT}	INFO	[jepsen node n1] maelstrom.db: Setting up n1
2026-03-12 17:09:50,453{GMT}	INFO	[jepsen node n4] maelstrom.db: Setting up n4
2026-03-12 17:09:50,453{GMT}	INFO	[jepsen node n2] maelstrom.process: launching run.sh ["broadcast"]
2026-03-12 17:09:50,453{GMT}	INFO	[jepsen node n4] maelstrom.process: launching run.sh ["broadcast"]
2026-03-12 17:09:50,453{GMT}	INFO	[jepsen node n3] maelstrom.process: launching run.sh ["broadcast"]
2026-03-12 17:09:50,453{GMT}	INFO	[jepsen node n1] maelstrom.process: launching run.sh ["broadcast"]
2026-03-12 17:09:50,455{GMT}	INFO	[jepsen node n0] maelstrom.service: Starting services: (lin-kv lin-tso lww-kv seq-kv)
2026-03-12 17:09:50,458{GMT}	INFO	[jepsen node n0] maelstrom.db: Setting up n0
2026-03-12 17:09:50,459{GMT}	INFO	[jepsen node n0] maelstrom.process: launching run.sh ["broadcast"]
2026-03-12 17:09:50,648{GMT}	INFO	[jepsen test runner] jepsen.core: Relative time begins now
2026-03-12 17:09:50,672{GMT}	INFO	[jepsen worker 0] jepsen.util: 0	:invoke	:broadcast	0
2026-03-12 17:09:50,672{GMT}	INFO	[jepsen worker 1] jepsen.util: 1	:invoke	:broadcast	1
2026-03-12 17:09:50,678{GMT}	INFO	[jepsen worker 1] jepsen.util: 1	:ok	:broadcast	1
2026-03-12 17:09:50,678{GMT}	INFO	[jepsen worker 0] jepsen.util: 0	:ok	:broadcast	0
2026-03-12 17:09:50,816{GMT}	INFO	[jepsen worker 2] jepsen.util: 2	:invoke	:broadcast	2
2026-03-12 17:09:50,822{GMT}	INFO	[jepsen worker 2] jepsen.util: 2	:ok	:broadcast	2
2026-03-12 17:09:50,920{GMT}	INFO	[jepsen worker 3] jepsen.util: 3	:invoke	:read	nil
2026-03-12 17:09:50,925{GMT}	INFO	[jepsen worker 3] jepsen.util: 3	:ok	:read	[0 1 2]
2026-03-12 17:09:50,940{GMT}	INFO	[jepsen worker 4] jepsen.util: 4	:invoke	:broadcast	3
2026-03-12 17:09:50,945{GMT}	INFO	[jepsen worker 4] jepsen.util: 4	:ok	:broadcast	3
2026-03-12 17:09:50,994{GMT}	INFO	[jepsen worker 0] jepsen.util: 0	:invoke	:read	nil
2026-03-12 17:09:50,999{GMT}	INFO	[jepsen worker 0] jepsen.util: 0	:ok	:read	[0]
2026-03-12 17:09:51,003{GMT}	INFO	[jepsen worker 0] jepsen.util: 0	:invoke	:broadcast	4
2026-03-12 17:09:51,007{GMT}	INFO	[jepsen worker 0] jepsen.util: 0	:ok	:broadcast	4
2026-03-12 17:09:51,149{GMT}	INFO	[jepsen worker 1] jepsen.util: 1	:invoke	:broadcast	5
2026-03-12 17:09:51,155{GMT}	INFO	[jepsen worker 1] jepsen.util: 1	:ok	:broadcast	5
2026-03-12 17:09:51,278{GMT}	INFO	[jepsen worker 2] jepsen.util: 2	:invoke	:broadcast	6
2026-03-12 17:09:51,282{GMT}	INFO	[jepsen worker 2] jepsen.util: 2	:ok	:broadcast	6
2026-03-12 17:09:51,293{GMT}	INFO	[jepsen worker 3] jepsen.util: 3	:invoke	:broadcast	7
2026-03-12 17:09:51,298{GMT}	INFO	[jepsen worker 3] jepsen.util: 3	:ok	:broadcast	7
2026-03-12 17:09:51,450{GMT}	INFO	[jepsen worker 4] jepsen.util: 4	:invoke	:broadcast	8
2026-03-12 17:09:51,454{GMT}	INFO	[jepsen worker 4] jepsen.util: 4	:ok	:broadcast	8
2026-03-12 17:09:51,513{GMT}	INFO	[jepsen worker 0] jepsen.util: 0	:invoke	:read	nil
2026-03-12 17:09:51,516{GMT}	INFO	[jepsen worker 0] jepsen.util: 0	:ok	:read	[0 4]
2026-03-12 17:09:51,659{GMT}	INFO	[jepsen worker 0] jepsen.util: 0	:invoke	:broadcast	9
2026-03-12 17:09:51,663{GMT}	INFO	[jepsen worker 0] jepsen.util: 0	:ok	:broadcast	9
2026-03-12 17:09:51,714{GMT}	INFO	[jepsen worker 1] jepsen.util: 1	:invoke	:broadcast	10
2026-03-12 17:09:51,717{GMT}	INFO	[jepsen worker 1] jepsen.util: 1	:ok	:broadcast	10
2026-03-12 17:09:51,782{GMT}	INFO	[jepsen worker 2] jepsen.util: 2	:invoke	:read	nil
2026-03-12 17:09:51,786{GMT}	INFO	[jepsen worker 2] jepsen.util: 2	:ok	:read	[0 1 2 4 5 6 9 10]
2026-03-12 17:09:51,882{GMT}	INFO	[jepsen worker 3] jepsen.util: 3	:invoke	:read	nil
2026-03-12 17:09:51,886{GMT}	INFO	[jepsen worker 3] jepsen.util: 3	:ok	:read	[0 1 2 4 5 6 7 9 10]
2026-03-12 17:09:51,949{GMT}	INFO	[jepsen worker 4] jepsen.util: 4	:invoke	:read	nil
2026-03-12 17:09:51,953{GMT}	INFO	[jepsen worker 4] jepsen.util: 4	:ok	:read	[0 1 2 3 4 5 6 7 8 9 10]
2026-03-12 17:09:52,055{GMT}	INFO	[jepsen worker 0] jepsen.util: 0	:invoke	:broadcast	11
2026-03-12 17:09:52,059{GMT}	INFO	[jepsen worker 0] jepsen.util: 0	:ok	:broadcast	11
2026-03-12 17:09:52,207{GMT}	INFO	[jepsen worker 0] jepsen.util: 0	:invoke	:broadcast	12
2026-03-12 17:09:52,212{GMT}	INFO	[jepsen worker 0] jepsen.util: 0	:ok	:broadcast	12
2026-03-12 17:09:52,253{GMT}	INFO	[jepsen worker 1] jepsen.util: 1	:invoke	:read	nil
2026-03-12 17:09:52,257{GMT}	INFO	[jepsen worker 1] jepsen.util: 1	:ok	:read	[0 1 4 5 9 10 11 12]
2026-03-12 17:09:52,374{GMT}	INFO	[jepsen worker 2] jepsen.util: 2	:invoke	:read	nil
2026-03-12 17:09:52,378{GMT}	INFO	[jepsen worker 2] jepsen.util: 2	:ok	:read	[0 1 2 4 5 6 9 10 11 12]
2026-03-12 17:09:52,438{GMT}	INFO	[jepsen worker 3] jepsen.util: 3	:invoke	:broadcast	13
2026-03-12 17:09:52,442{GMT}	INFO	[jepsen worker 3] jepsen.util: 3	:ok	:broadcast	13
2026-03-12 17:09:52,501{GMT}	INFO	[jepsen worker 4] jepsen.util: 4	:invoke	:read	nil
2026-03-12 17:09:52,504{GMT}	INFO	[jepsen worker 4] jepsen.util: 4	:ok	:read	[0 1 2 3 4 5 6 7 8 9 10 11 12 13]
2026-03-12 17:09:52,700{GMT}	INFO	[jepsen worker 0] jepsen.util: 0	:invoke	:read	nil
2026-03-12 17:09:52,704{GMT}	INFO	[jepsen worker 0] jepsen.util: 0	:ok	:read	[0 4 9 11 12]
2026-03-12 17:09:52,711{GMT}	INFO	[jepsen worker 0] jepsen.util: 0	:invoke	:read	nil
2026-03-12 17:09:52,715{GMT}	INFO	[jepsen worker 0] jepsen.util: 0	:ok	:read	[0 4 9 11 12]
2026-03-12 17:09:52,836{GMT}	INFO	[jepsen worker 1] jepsen.util: 1	:invoke	:read	nil
2026-03-12 17:09:52,840{GMT}	INFO	[jepsen worker 1] jepsen.util: 1	:ok	:read	[0 1 4 5 9 10 11 12]
2026-03-12 17:09:53,015{GMT}	INFO	[jepsen worker 2] jepsen.util: 2	:invoke	:read	nil
2026-03-12 17:09:53,019{GMT}	INFO	[jepsen worker 2] jepsen.util: 2	:ok	:read	[0 1 2 4 5 6 9 10 11 12]
2026-03-12 17:09:53,023{GMT}	INFO	[jepsen worker 3] jepsen.util: 3	:invoke	:broadcast	14
2026-03-12 17:09:53,026{GMT}	INFO	[jepsen worker 3] jepsen.util: 3	:ok	:broadcast	14
2026-03-12 17:09:53,158{GMT}	INFO	[jepsen worker 4] jepsen.util: 4	:invoke	:read	nil
2026-03-12 17:09:53,162{GMT}	INFO	[jepsen worker 4] jepsen.util: 4	:ok	:read	[0 1 2 3 4 5 6 7 8 9 10 11 12 13 14]
2026-03-12 17:09:53,328{GMT}	INFO	[jepsen worker 0] jepsen.util: 0	:invoke	:read	nil
2026-03-12 17:09:53,332{GMT}	INFO	[jepsen worker 0] jepsen.util: 0	:ok	:read	[0 4 9 11 12]
2026-03-12 17:09:53,378{GMT}	INFO	[jepsen worker 0] jepsen.util: 0	:invoke	:read	nil
2026-03-12 17:09:53,382{GMT}	INFO	[jepsen worker 0] jepsen.util: 0	:ok	:read	[0 4 9 11 12]
2026-03-12 17:09:53,474{GMT}	INFO	[jepsen worker 1] jepsen.util: 1	:invoke	:read	nil
2026-03-12 17:09:53,478{GMT}	INFO	[jepsen worker 1] jepsen.util: 1	:ok	:read	[0 1 4 5 9 10 11 12]
2026-03-12 17:09:53,567{GMT}	INFO	[jepsen worker 2] jepsen.util: 2	:invoke	:read	nil
2026-03-12 17:09:53,571{GMT}	INFO	[jepsen worker 2] jepsen.util: 2	:ok	:read	[0 1 2 4 5 6 9 10 11 12]
2026-03-12 17:09:53,700{GMT}	INFO	[jepsen worker 3] jepsen.util: 3	:invoke	:broadcast	15
2026-03-12 17:09:53,703{GMT}	INFO	[jepsen worker 3] jepsen.util: 3	:ok	:broadcast	15
2026-03-12 17:09:53,855{GMT}	INFO	[jepsen worker 4] jepsen.util: 4	:invoke	:broadcast	16
2026-03-12 17:09:53,858{GMT}	INFO	[jepsen worker 4] jepsen.util: 4	:ok	:broadcast	16
2026-03-12 17:09:53,923{GMT}	INFO	[jepsen worker 0] jepsen.util: 0	:invoke	:read	nil
2026-03-12 17:09:53,927{GMT}	INFO	[jepsen worker 0] jepsen.util: 0	:ok	:read	[0 4 9 11 12]
2026-03-12 17:09:53,944{GMT}	INFO	[jepsen worker 0] jepsen.util: 0	:invoke	:read	nil
2026-03-12 17:09:53,948{GMT}	INFO	[jepsen worker 0] jepsen.util: 0	:ok	:read	[0 4 9 11 12]
2026-03-12 17:09:54,075{GMT}	INFO	[jepsen worker 1] jepsen.util: 1	:invoke	:read	nil
2026-03-12 17:09:54,078{GMT}	INFO	[jepsen worker 1] jepsen.util: 1	:ok	:read	[0 1 4 5 9 10 11 12]
2026-03-12 17:09:54,267{GMT}	INFO	[jepsen worker 2] jepsen.util: 2	:invoke	:broadcast	17
2026-03-12 17:09:54,272{GMT}	INFO	[jepsen worker 2] jepsen.util: 2	:ok	:broadcast	17
2026-03-12 17:09:54,289{GMT}	INFO	[jepsen worker 3] jepsen.util: 3	:invoke	:read	nil
2026-03-12 17:09:54,292{GMT}	INFO	[jepsen worker 3] jepsen.util: 3	:ok	:read	[0 1 2 4 5 6 7 9 10 11 12 13 14 15 17]
2026-03-12 17:09:54,300{GMT}	INFO	[jepsen worker 4] jepsen.util: 4	:invoke	:read	nil
2026-03-12 17:09:54,304{GMT}	INFO	[jepsen worker 4] jepsen.util: 4	:ok	:read	[0 1 2 3 4 5 6 7 8 9 10 11 12 13 14 15 16 17]
2026-03-12 17:09:54,310{GMT}	INFO	[jepsen worker 0] jepsen.util: 0	:invoke	:read	nil
2026-03-12 17:09:54,314{GMT}	INFO	[jepsen worker 0] jepsen.util: 0	:ok	:read	[0 4 9 11 12]
2026-03-12 17:09:54,360{GMT}	INFO	[jepsen worker 0] jepsen.util: 0	:invoke	:broadcast	18
2026-03-12 17:09:54,362{GMT}	INFO	[jepsen worker 0] jepsen.util: 0	:ok	:broadcast	18
2026-03-12 17:09:54,424{GMT}	INFO	[jepsen worker 1] jepsen.util: 1	:invoke	:broadcast	19
2026-03-12 17:09:54,427{GMT}	INFO	[jepsen worker 1] jepsen.util: 1	:ok	:broadcast	19
2026-03-12 17:09:54,557{GMT}	INFO	[jepsen worker 2] jepsen.util: 2	:invoke	:read	nil
2026-03-12 17:09:54,561{GMT}	INFO	[jepsen worker 2] jepsen.util: 2	:ok	:read	[0 1 2 4 5 6 9 10 11 12 17 18 19]
2026-03-12 17:09:54,585{GMT}	INFO	[jepsen worker 3] jepsen.util: 3	:invoke	:broadcast	20
2026-03-12 17:09:54,588{GMT}	INFO	[jepsen worker 3] jepsen.util: 3	:ok	:broadcast	20
2026-03-12 17:09:54,735{GMT}	INFO	[jepsen worker 4] jepsen.util: 4	:invoke	:broadcast	21
2026-03-12 17:09:54,737{GMT}	INFO	[jepsen worker 0] jepsen.util: 0	:invoke	:broadcast	22
2026-03-12 17:09:54,739{GMT}	INFO	[jepsen worker 4] jepsen.util: 4	:ok	:broadcast	21
2026-03-12 17:09:54,741{GMT}	INFO	[jepsen worker 0] jepsen.util: 0	:ok	:broadcast	22
2026-03-12 17:09:54,780{GMT}	INFO	[jepsen worker 0] jepsen.util: 0	:invoke	:broadcast	23
2026-03-12 17:09:54,782{GMT}	INFO	[jepsen worker 0] jepsen.util: 0	:ok	:broadcast	23
2026-03-12 17:09:54,880{GMT}	INFO	[jepsen worker 1] jepsen.util: 1	:invoke	:read	nil
2026-03-12 17:09:54,883{GMT}	INFO	[jepsen worker 1] jepsen.util: 1	:ok	:read	[0 1 18 19 4 5 22 23 9 10 11 12]
2026-03-12 17:09:54,990{GMT}	INFO	[jepsen worker 2] jepsen.util: 2	:invoke	:broadcast	24
2026-03-12 17:09:54,994{GMT}	INFO	[jepsen worker 2] jepsen.util: 2	:ok	:broadcast	24
2026-03-12 17:09:55,121{GMT}	INFO	[jepsen worker 3] jepsen.util: 3	:invoke	:broadcast	25
2026-03-12 17:09:55,124{GMT}	INFO	[jepsen worker 3] jepsen.util: 3	:ok	:broadcast	25
2026-03-12 17:09:55,304{GMT}	INFO	[jepsen worker 4] jepsen.util: 4	:invoke	:read	nil
2026-03-12 17:09:55,307{GMT}	INFO	[jepsen worker 4] jepsen.util: 4	:ok	:read	[0 1 2 3 4 5 6 7 8 9 10 11 12 13 14 15 16 17 18 19 20 21 22 23 24 25]
2026-03-12 17:09:55,315{GMT}	INFO	[jepsen worker 0] jepsen.util: 0	:invoke	:read	nil
2026-03-12 17:09:55,319{GMT}	INFO	[jepsen worker 0] jepsen.util: 0	:ok	:read	[0 18 4 22 23 9 11 12]
2026-03-12 17:09:55,441{GMT}	INFO	[jepsen worker 0] jepsen.util: 0	:invoke	:read	nil
2026-03-12 17:09:55,444{GMT}	INFO	[jepsen worker 0] jepsen.util: 0	:ok	:read	[0 18 4 22 23 9 11 12]
2026-03-12 17:09:55,585{GMT}	INFO	[jepsen worker 1] jepsen.util: 1	:invoke	:broadcast	26
2026-03-12 17:09:55,589{GMT}	INFO	[jepsen worker 1] jepsen.util: 1	:ok	:broadcast	26
2026-03-12 17:09:55,678{GMT}	INFO	[jepsen worker 2] jepsen.util: 2	:invoke	:broadcast	27
2026-03-12 17:09:55,682{GMT}	INFO	[jepsen worker 2] jepsen.util: 2	:ok	:broadcast	27
2026-03-12 17:09:55,809{GMT}	INFO	[jepsen worker 3] jepsen.util: 3	:invoke	:read	nil
2026-03-12 17:09:55,813{GMT}	INFO	[jepsen worker 3] jepsen.util: 3	:ok	:read	[0 1 2 4 5 6 7 9 10 11 12 13 14 15 17 18 19 20 22 23 24 25 26 27]
2026-03-12 17:09:55,957{GMT}	INFO	[jepsen worker 4] jepsen.util: 4	:invoke	:broadcast	28
2026-03-12 17:09:55,960{GMT}	INFO	[jepsen worker 4] jepsen.util: 4	:ok	:broadcast	28
2026-03-12 17:09:55,999{GMT}	INFO	[jepsen worker 0] jepsen.util: 0	:invoke	:read	nil
2026-03-12 17:09:56,002{GMT}	INFO	[jepsen worker 0] jepsen.util: 0	:ok	:read	[0 18 4 22 23 9 11 12]
2026-03-12 17:09:56,075{GMT}	INFO	[jepsen worker 0] jepsen.util: 0	:invoke	:read	nil
2026-03-12 17:09:56,078{GMT}	INFO	[jepsen worker 0] jepsen.util: 0	:ok	:read	[0 18 4 22 23 9 11 12]
2026-03-12 17:09:56,171{GMT}	INFO	[jepsen worker 1] jepsen.util: 1	:invoke	:broadcast	29
2026-03-12 17:09:56,174{GMT}	INFO	[jepsen worker 1] jepsen.util: 1	:ok	:broadcast	29
2026-03-12 17:09:56,236{GMT}	INFO	[jepsen worker 2] jepsen.util: 2	:invoke	:broadcast	30
2026-03-12 17:09:56,239{GMT}	INFO	[jepsen worker 2] jepsen.util: 2	:ok	:broadcast	30
2026-03-12 17:09:56,291{GMT}	INFO	[jepsen worker 3] jepsen.util: 3	:invoke	:broadcast	31
2026-03-12 17:09:56,294{GMT}	INFO	[jepsen worker 3] jepsen.util: 3	:ok	:broadcast	31
2026-03-12 17:09:56,299{GMT}	INFO	[jepsen worker 4] jepsen.util: 4	:invoke	:broadcast	32
2026-03-12 17:09:56,302{GMT}	INFO	[jepsen worker 4] jepsen.util: 4	:ok	:broadcast	32
2026-03-12 17:09:56,307{GMT}	INFO	[jepsen worker 0] jepsen.util: 0	:invoke	:read	nil
2026-03-12 17:09:56,309{GMT}	INFO	[jepsen worker 0] jepsen.util: 0	:ok	:read	[0 18 4 22 23 9 11 12]
2026-03-12 17:09:56,437{GMT}	INFO	[jepsen worker 0] jepsen.util: 0	:invoke	:broadcast	33
2026-03-12 17:09:56,440{GMT}	INFO	[jepsen worker 0] jepsen.util: 0	:ok	:broadcast	33
2026-03-12 17:09:56,552{GMT}	INFO	[jepsen worker 1] jepsen.util: 1	:invoke	:broadcast	34
2026-03-12 17:09:56,555{GMT}	INFO	[jepsen worker 1] jepsen.util: 1	:ok	:broadcast	34
2026-03-12 17:09:56,723{GMT}	INFO	[jepsen worker 2] jepsen.util: 2	:invoke	:broadcast	35
2026-03-12 17:09:56,726{GMT}	INFO	[jepsen worker 2] jepsen.util: 2	:ok	:broadcast	35
2026-03-12 17:09:56,738{GMT}	INFO	[jepsen worker 3] jepsen.util: 3	:invoke	:broadcast	36
2026-03-12 17:09:56,741{GMT}	INFO	[jepsen worker 3] jepsen.util: 3	:ok	:broadcast	36
2026-03-12 17:09:56,893{GMT}	INFO	[jepsen worker 4] jepsen.util: 4	:invoke	:read	nil
2026-03-12 17:09:56,897{GMT}	INFO	[jepsen worker 4] jepsen.util: 4	:ok	:read	[0 1 2 3 4 5 6 7 8 9 10 11 12 13 14 15 16 17 18 19 20 21 22 23 24 25 26 27 28 29 30 31 32 33 34 35 36]
2026-03-12 17:09:56,931{GMT}	INFO	[jepsen worker 0] jepsen.util: 0	:invoke	:read	nil
2026-03-12 17:09:56,934{GMT}	INFO	[jepsen worker 0] jepsen.util: 0	:ok	:read	[0 33 18 4 22 23 9 11 12]
2026-03-12 17:09:56,979{GMT}	INFO	[jepsen worker 0] jepsen.util: 0	:invoke	:read	nil
2026-03-12 17:09:56,981{GMT}	INFO	[jepsen worker 1] jepsen.util: 1	:invoke	:broadcast	37
2026-03-12 17:09:56,982{GMT}	INFO	[jepsen worker 0] jepsen.util: 0	:ok	:read	[0 33 18 4 22 23 9 11 12]
2026-03-12 17:09:56,983{GMT}	INFO	[jepsen worker 1] jepsen.util: 1	:ok	:broadcast	37
2026-03-12 17:09:57,134{GMT}	INFO	[jepsen worker 2] jepsen.util: 2	:invoke	:read	nil
2026-03-12 17:09:57,138{GMT}	INFO	[jepsen worker 2] jepsen.util: 2	:ok	:read	[0 1 33 2 34 35 4 5 37 6 9 10 11 12 17 18 19 22 23 24 26 27 29 30]
2026-03-12 17:09:57,333{GMT}	INFO	[jepsen worker 3] jepsen.util: 3	:invoke	:read	nil
2026-03-12 17:09:57,337{GMT}	INFO	[jepsen worker 3] jepsen.util: 3	:ok	:read	[0 1 2 4 5 6 7 9 10 11 12 13 14 15 17 18 19 20 22 23 24 25 26 27 29 30 31 33 34 35 36 37]
2026-03-12 17:09:57,514{GMT}	INFO	[jepsen worker 4] jepsen.util: 4	:invoke	:read	nil
2026-03-12 17:09:57,517{GMT}	INFO	[jepsen worker 4] jepsen.util: 4	:ok	:read	[0 1 2 3 4 5 6 7 8 9 10 11 12 13 14 15 16 17 18 19 20 21 22 23 24 25 26 27 28 29 30 31 32 33 34 35 36 37]
2026-03-12 17:09:57,705{GMT}	INFO	[jepsen worker 0] jepsen.util: 0	:invoke	:broadcast	38
2026-03-12 17:09:57,708{GMT}	INFO	[jepsen worker 0] jepsen.util: 0	:ok	:broadcast	38
2026-03-12 17:09:57,864{GMT}	INFO	[jepsen worker 0] jepsen.util: 0	:invoke	:broadcast	39
2026-03-12 17:09:57,867{GMT}	INFO	[jepsen worker 0] jepsen.util: 0	:ok	:broadcast	39
2026-03-12 17:09:58,058{GMT}	INFO	[jepsen worker 1] jepsen.util: 1	:invoke	:broadcast	40
2026-03-12 17:09:58,061{GMT}	INFO	[jepsen worker 1] jepsen.util: 1	:ok	:broadcast	40
2026-03-12 17:09:58,151{GMT}	INFO	[jepsen worker 2] jepsen.util: 2	:invoke	:broadcast	41
2026-03-12 17:09:58,154{GMT}	INFO	[jepsen worker 2] jepsen.util: 2	:ok	:broadcast	41
2026-03-12 17:09:58,288{GMT}	INFO	[jepsen worker 3] jepsen.util: 3	:invoke	:read	nil
2026-03-12 17:09:58,291{GMT}	INFO	[jepsen worker 3] jepsen.util: 3	:ok	:read	[0 1 2 4 5 6 7 9 10 11 12 13 14 15 17 18 19 20 22 23 24 25 26 27 29 30 31 33 34 35 36 37 38 39 40 41]
2026-03-12 17:09:58,343{GMT}	INFO	[jepsen worker 4] jepsen.util: 4	:invoke	:read	nil
2026-03-12 17:09:58,347{GMT}	INFO	[jepsen worker 4] jepsen.util: 4	:ok	:read	[0 1 2 3 4 5 6 7 8 9 10 11 12 13 14 15 16 17 18 19 20 21 22 23 24 25 26 27 28 29 30 31 32 33 34 35 36 37 38 39 40 41]
2026-03-12 17:09:58,523{GMT}	INFO	[jepsen worker 0] jepsen.util: 0	:invoke	:read	nil
2026-03-12 17:09:58,526{GMT}	INFO	[jepsen worker 0] jepsen.util: 0	:ok	:read	[0 33 18 4 22 38 23 39 9 11 12]
2026-03-12 17:09:58,711{GMT}	INFO	[jepsen worker 0] jepsen.util: 0	:invoke	:broadcast	42
2026-03-12 17:09:58,715{GMT}	INFO	[jepsen worker 0] jepsen.util: 0	:ok	:broadcast	42
2026-03-12 17:09:58,724{GMT}	INFO	[jepsen worker 1] jepsen.util: 1	:invoke	:broadcast	43
2026-03-12 17:09:58,728{GMT}	INFO	[jepsen worker 1] jepsen.util: 1	:ok	:broadcast	43
2026-03-12 17:09:58,815{GMT}	INFO	[jepsen worker 2] jepsen.util: 2	:invoke	:broadcast	44
2026-03-12 17:09:58,819{GMT}	INFO	[jepsen worker 2] jepsen.util: 2	:ok	:broadcast	44
2026-03-12 17:09:58,937{GMT}	INFO	[jepsen worker 3] jepsen.util: 3	:invoke	:read	nil
2026-03-12 17:09:58,940{GMT}	INFO	[jepsen worker 3] jepsen.util: 3	:ok	:read	[0 1 2 4 5 6 7 9 10 11 12 13 14 15 17 18 19 20 22 23 24 25 26 27 29 30 31 33 34 35 36 37 38 39 40 41 42 43 44]
2026-03-12 17:09:59,135{GMT}	INFO	[jepsen worker 4] jepsen.util: 4	:invoke	:broadcast	45
2026-03-12 17:09:59,138{GMT}	INFO	[jepsen worker 4] jepsen.util: 4	:ok	:broadcast	45
2026-03-12 17:09:59,318{GMT}	INFO	[jepsen worker 0] jepsen.util: 0	:invoke	:read	nil
2026-03-12 17:09:59,322{GMT}	INFO	[jepsen worker 0] jepsen.util: 0	:ok	:read	[0 33 18 4 22 38 23 39 9 42 11 12]
2026-03-12 17:09:59,486{GMT}	INFO	[jepsen worker 0] jepsen.util: 0	:invoke	:read	nil
2026-03-12 17:09:59,490{GMT}	INFO	[jepsen worker 0] jepsen.util: 0	:ok	:read	[0 33 18 4 22 38 23 39 9 42 11 12]
2026-03-12 17:09:59,659{GMT}	INFO	[jepsen worker 1] jepsen.util: 1	:invoke	:read	nil
2026-03-12 17:09:59,662{GMT}	INFO	[jepsen worker 1] jepsen.util: 1	:ok	:read	[0 1 33 34 4 5 37 38 39 40 9 10 42 11 43 12 18 19 22 23 26 29]
2026-03-12 17:09:59,789{GMT}	INFO	[jepsen worker 2] jepsen.util: 2	:invoke	:broadcast	46
2026-03-12 17:09:59,790{GMT}	INFO	[jepsen worker 2] jepsen.util: 2	:ok	:broadcast	46
2026-03-12 17:09:59,905{GMT}	INFO	[jepsen worker 3] jepsen.util: 3	:invoke	:broadcast	47
2026-03-12 17:09:59,909{GMT}	INFO	[jepsen worker 3] jepsen.util: 3	:ok	:broadcast	47
2026-03-12 17:10:00,098{GMT}	INFO	[jepsen worker 4] jepsen.util: 4	:invoke	:broadcast	48
2026-03-12 17:10:00,100{GMT}	INFO	[jepsen worker 4] jepsen.util: 4	:ok	:broadcast	48
2026-03-12 17:10:00,128{GMT}	INFO	[jepsen worker 0] jepsen.util: 0	:invoke	:broadcast	49
2026-03-12 17:10:00,132{GMT}	INFO	[jepsen worker 0] jepsen.util: 0	:ok	:broadcast	49
2026-03-12 17:10:00,197{GMT}	INFO	[jepsen worker 0] jepsen.util: 0	:invoke	:broadcast	50
2026-03-12 17:10:00,200{GMT}	INFO	[jepsen worker 0] jepsen.util: 0	:ok	:broadcast	50
2026-03-12 17:10:00,375{GMT}	INFO	[jepsen worker 1] jepsen.util: 1	:invoke	:broadcast	51
2026-03-12 17:10:00,377{GMT}	INFO	[jepsen worker 1] jepsen.util: 1	:ok	:broadcast	51
2026-03-12 17:10:00,552{GMT}	INFO	[jepsen worker 2] jepsen.util: 2	:invoke	:broadcast	52
2026-03-12 17:10:00,555{GMT}	INFO	[jepsen worker 2] jepsen.util: 2	:ok	:broadcast	52
2026-03-12 17:10:00,687{GMT}	INFO	[jepsen worker 3] jepsen.util: 3	:invoke	:read	nil
2026-03-12 17:10:00,690{GMT}	INFO	[jepsen worker 3] jepsen.util: 3	:ok	:read	[0 1 2 4 5 6 7 9 10 11 12 13 14 15 17 18 19 20 22 23 24 25 26 27 29 30 31 33 34 35 36 37 38 39 40 41 42 43 44 46 47 49 50 51 52]
2026-03-12 17:10:00,783{GMT}	INFO	[jepsen worker 4] jepsen.util: 4	:invoke	:read	nil
2026-03-12 17:10:00,787{GMT}	INFO	[jepsen worker 4] jepsen.util: 4	:ok	:read	[0 1 2 3 4 5 6 7 8 9 10 11 12 13 14 15 16 17 18 19 20 21 22 23 24 25 26 27 28 29 30 31 32 33 34 35 36 37 38 39 40 41 42 43 44 45 46 47 48 49 50 51 52]
2026-03-12 17:10:00,891{GMT}	INFO	[jepsen worker 0] jepsen.util: 0	:invoke	:read	nil
2026-03-12 17:10:00,895{GMT}	INFO	[jepsen worker 0] jepsen.util: 0	:ok	:read	[0 33 4 38 39 9 42 11 12 49 18 50 22 23]
2026-03-12 17:10:00,908{GMT}	INFO	[jepsen worker 0] jepsen.util: 0	:invoke	:broadcast	53
2026-03-12 17:10:00,911{GMT}	INFO	[jepsen worker 0] jepsen.util: 0	:ok	:broadcast	53
2026-03-12 17:10:00,985{GMT}	INFO	[jepsen worker 1] jepsen.util: 1	:invoke	:broadcast	54
2026-03-12 17:10:00,989{GMT}	INFO	[jepsen worker 1] jepsen.util: 1	:ok	:broadcast	54
2026-03-12 17:10:01,069{GMT}	INFO	[jepsen worker 2] jepsen.util: 2	:invoke	:read	nil
2026-03-12 17:10:01,072{GMT}	INFO	[jepsen worker 2] jepsen.util: 2	:ok	:read	[0 1 2 4 5 6 9 10 11 12 17 18 19 22 23 24 26 27 29 30 33 34 35 37 38 39 40 41 42 43 44 46 49 50 51 52 53 54]
2026-03-12 17:10:01,117{GMT}	INFO	[jepsen worker 3] jepsen.util: 3	:invoke	:broadcast	55
2026-03-12 17:10:01,120{GMT}	INFO	[jepsen worker 3] jepsen.util: 3	:ok	:broadcast	55
2026-03-12 17:10:01,299{GMT}	INFO	[jepsen worker 4] jepsen.util: 4	:invoke	:broadcast	56
2026-03-12 17:10:01,301{GMT}	INFO	[jepsen worker 4] jepsen.util: 4	:ok	:broadcast	56
2026-03-12 17:10:01,496{GMT}	INFO	[jepsen worker 0] jepsen.util: 0	:invoke	:read	nil
2026-03-12 17:10:01,499{GMT}	INFO	[jepsen worker 0] jepsen.util: 0	:ok	:read	[0 33 4 38 39 9 42 11 12 49 18 50 53 22 23]
2026-03-12 17:10:01,666{GMT}	INFO	[jepsen worker 0] jepsen.util: 0	:invoke	:read	nil
2026-03-12 17:10:01,669{GMT}	INFO	[jepsen worker 0] jepsen.util: 0	:ok	:read	[0 33 4 38 39 9 42 11 12 49 18 50 53 22 23]
2026-03-12 17:10:01,694{GMT}	INFO	[jepsen worker 1] jepsen.util: 1	:invoke	:read	nil
2026-03-12 17:10:01,697{GMT}	INFO	[jepsen worker 1] jepsen.util: 1	:ok	:read	[0 1 4 5 9 10 11 12 18 19 22 23 26 29 33 34 37 38 39 40 42 43 49 50 51 53 54]
2026-03-12 17:10:01,782{GMT}	INFO	[jepsen worker 2] jepsen.util: 2	:invoke	:read	nil
2026-03-12 17:10:01,785{GMT}	INFO	[jepsen worker 2] jepsen.util: 2	:ok	:read	[0 1 2 4 5 6 9 10 11 12 17 18 19 22 23 24 26 27 29 30 33 34 35 37 38 39 40 41 42 43 44 46 49 50 51 52 53 54]
2026-03-12 17:10:01,841{GMT}	INFO	[jepsen worker 3] jepsen.util: 3	:invoke	:broadcast	57
2026-03-12 17:10:01,843{GMT}	INFO	[jepsen worker 3] jepsen.util: 3	:ok	:broadcast	57
2026-03-12 17:10:02,005{GMT}	INFO	[jepsen worker 4] jepsen.util: 4	:invoke	:broadcast	58
2026-03-12 17:10:02,007{GMT}	INFO	[jepsen worker 4] jepsen.util: 4	:ok	:broadcast	58
2026-03-12 17:10:02,023{GMT}	INFO	[jepsen worker 0] jepsen.util: 0	:invoke	:broadcast	59
2026-03-12 17:10:02,025{GMT}	INFO	[jepsen worker 0] jepsen.util: 0	:ok	:broadcast	59
2026-03-12 17:10:02,080{GMT}	INFO	[jepsen worker 0] jepsen.util: 0	:invoke	:read	nil
2026-03-12 17:10:02,083{GMT}	INFO	[jepsen worker 0] jepsen.util: 0	:ok	:read	[0 33 4 38 39 9 42 11 12 49 18 50 53 22 23 59]
2026-03-12 17:10:02,208{GMT}	INFO	[jepsen worker 1] jepsen.util: 1	:invoke	:read	nil
2026-03-12 17:10:02,211{GMT}	INFO	[jepsen worker 1] jepsen.util: 1	:ok	:read	[0 1 4 5 9 10 11 12 18 19 22 23 26 29 33 34 37 38 39 40 42 43 49 50 51 53 54 59]
2026-03-12 17:10:02,363{GMT}	INFO	[jepsen worker 2] jepsen.util: 2	:invoke	:read	nil
2026-03-12 17:10:02,366{GMT}	INFO	[jepsen worker 2] jepsen.util: 2	:ok	:read	[0 1 2 4 5 6 9 10 11 12 17 18 19 22 23 24 26 27 29 30 33 34 35 37 38 39 40 41 42 43 44 46 49 50 51 52 53 54 59]
2026-03-12 17:10:02,433{GMT}	INFO	[jepsen worker 3] jepsen.util: 3	:invoke	:read	nil
2026-03-12 17:10:02,436{GMT}	INFO	[jepsen worker 3] jepsen.util: 3	:ok	:read	[0 1 2 4 5 6 7 9 10 11 12 13 14 15 17 18 19 20 22 23 24 25 26 27 29 30 31 33 34 35 36 37 38 39 40 41 42 43 44 46 47 49 50 51 52 53 54 55 57 59]
2026-03-12 17:10:02,592{GMT}	INFO	[jepsen worker 4] jepsen.util: 4	:invoke	:broadcast	60
2026-03-12 17:10:02,595{GMT}	INFO	[jepsen worker 4] jepsen.util: 4	:ok	:broadcast	60
2026-03-12 17:10:02,706{GMT}	INFO	[jepsen worker 0] jepsen.util: 0	:invoke	:read	nil
2026-03-12 17:10:02,709{GMT}	INFO	[jepsen worker 0] jepsen.util: 0	:ok	:read	[0 33 4 38 39 9 42 11 12 49 18 50 53 22 23 59]
2026-03-12 17:10:02,818{GMT}	INFO	[jepsen worker 0] jepsen.util: 0	:invoke	:read	nil
2026-03-12 17:10:02,821{GMT}	INFO	[jepsen worker 0] jepsen.util: 0	:ok	:read	[0 33 4 38 39 9 42 11 12 49 18 50 53 22 23 59]
2026-03-12 17:10:02,914{GMT}	INFO	[jepsen worker 1] jepsen.util: 1	:invoke	:read	nil
2026-03-12 17:10:02,917{GMT}	INFO	[jepsen worker 1] jepsen.util: 1	:ok	:read	[0 1 4 5 9 10 11 12 18 19 22 23 26 29 33 34 37 38 39 40 42 43 49 50 51 53 54 59]
2026-03-12 17:10:02,941{GMT}	INFO	[jepsen worker 2] jepsen.util: 2	:invoke	:broadcast	61
2026-03-12 17:10:02,944{GMT}	INFO	[jepsen worker 2] jepsen.util: 2	:ok	:broadcast	61
2026-03-12 17:10:02,958{GMT}	INFO	[jepsen worker 3] jepsen.util: 3	:invoke	:broadcast	62
2026-03-12 17:10:02,960{GMT}	INFO	[jepsen worker 3] jepsen.util: 3	:ok	:broadcast	62
2026-03-12 17:10:03,114{GMT}	INFO	[jepsen worker 4] jepsen.util: 4	:invoke	:broadcast	63
2026-03-12 17:10:03,117{GMT}	INFO	[jepsen worker 4] jepsen.util: 4	:ok	:broadcast	63
2026-03-12 17:10:03,237{GMT}	INFO	[jepsen worker 0] jepsen.util: 0	:invoke	:read	nil
2026-03-12 17:10:03,240{GMT}	INFO	[jepsen worker 0] jepsen.util: 0	:ok	:read	[0 33 4 38 39 9 42 11 12 49 18 50 53 22 23 59]
2026-03-12 17:10:03,407{GMT}	INFO	[jepsen worker 0] jepsen.util: 0	:invoke	:read	nil
2026-03-12 17:10:03,410{GMT}	INFO	[jepsen worker 0] jepsen.util: 0	:ok	:read	[0 33 4 38 39 9 42 11 12 49 18 50 53 22 23 59]
2026-03-12 17:10:03,517{GMT}	INFO	[jepsen worker 1] jepsen.util: 1	:invoke	:broadcast	64
2026-03-12 17:10:03,519{GMT}	INFO	[jepsen worker 1] jepsen.util: 1	:ok	:broadcast	64
2026-03-12 17:10:03,552{GMT}	INFO	[jepsen worker 2] jepsen.util: 2	:invoke	:broadcast	65
2026-03-12 17:10:03,554{GMT}	INFO	[jepsen worker 2] jepsen.util: 2	:ok	:broadcast	65
2026-03-12 17:10:03,716{GMT}	INFO	[jepsen worker 3] jepsen.util: 3	:invoke	:broadcast	66
2026-03-12 17:10:03,718{GMT}	INFO	[jepsen worker 3] jepsen.util: 3	:ok	:broadcast	66
2026-03-12 17:10:03,763{GMT}	INFO	[jepsen worker 4] jepsen.util: 4	:invoke	:read	nil
2026-03-12 17:10:03,766{GMT}	INFO	[jepsen worker 4] jepsen.util: 4	:ok	:read	[0 1 2 3 4 5 6 7 8 9 10 11 12 13 14 15 16 17 18 19 20 21 22 23 24 25 26 27 28 29 30 31 32 33 34 35 36 37 38 39 40 41 42 43 44 45 46 47 48 49 50 51 52 53 54 55 56 57 58 59 60 61 62 63 64 65 66]
2026-03-12 17:10:03,828{GMT}	INFO	[jepsen worker 0] jepsen.util: 0	:invoke	:broadcast	67
2026-03-12 17:10:03,831{GMT}	INFO	[jepsen worker 0] jepsen.util: 0	:ok	:broadcast	67
2026-03-12 17:10:03,973{GMT}	INFO	[jepsen worker 0] jepsen.util: 0	:invoke	:read	nil
2026-03-12 17:10:03,976{GMT}	INFO	[jepsen worker 0] jepsen.util: 0	:ok	:read	[0 33 67 4 38 39 9 42 11 12 49 18 50 53 22 23 59]
2026-03-12 17:10:03,999{GMT}	INFO	[jepsen worker 1] jepsen.util: 1	:invoke	:read	nil
2026-03-12 17:10:04,002{GMT}	INFO	[jepsen worker 1] jepsen.util: 1	:ok	:read	[0 64 1 67 4 5 9 10 11 12 18 19 22 23 26 29 33 34 37 38 39 40 42 43 49 50 51 53 54 59]
2026-03-12 17:10:04,063{GMT}	INFO	[jepsen worker 2] jepsen.util: 2	:invoke	:broadcast	68
2026-03-12 17:10:04,066{GMT}	INFO	[jepsen worker 2] jepsen.util: 2	:ok	:broadcast	68
2026-03-12 17:10:04,178{GMT}	INFO	[jepsen worker 3] jepsen.util: 3	:invoke	:read	nil
2026-03-12 17:10:04,181{GMT}	INFO	[jepsen worker 3] jepsen.util: 3	:ok	:read	[0 1 2 4 5 6 7 9 10 11 12 13 14 15 17 18 19 20 22 23 24 25 26 27 29 30 31 33 34 35 36 37 38 39 40 41 42 43 44 46 47 49 50 51 52 53 54 55 57 59 61 62 64 65 66 67 68]
2026-03-12 17:10:04,237{GMT}	INFO	[jepsen worker 4] jepsen.util: 4	:invoke	:read	nil
2026-03-12 17:10:04,240{GMT}	INFO	[jepsen worker 4] jepsen.util: 4	:ok	:read	[0 1 2 3 4 5 6 7 8 9 10 11 12 13 14 15 16 17 18 19 20 21 22 23 24 25 26 27 28 29 30 31 32 33 34 35 36 37 38 39 40 41 42 43 44 45 46 47 48 49 50 51 52 53 54 55 56 57 58 59 60 61 62 63 64 65 66 67 68]
2026-03-12 17:10:04,337{GMT}	INFO	[jepsen worker 0] jepsen.util: 0	:invoke	:broadcast	69
2026-03-12 17:10:04,340{GMT}	INFO	[jepsen worker 0] jepsen.util: 0	:ok	:broadcast	69
2026-03-12 17:10:04,419{GMT}	INFO	[jepsen worker 0] jepsen.util: 0	:invoke	:broadcast	70
2026-03-12 17:10:04,422{GMT}	INFO	[jepsen worker 0] jepsen.util: 0	:ok	:broadcast	70
2026-03-12 17:10:04,595{GMT}	INFO	[jepsen worker 1] jepsen.util: 1	:invoke	:broadcast	71
2026-03-12 17:10:04,598{GMT}	INFO	[jepsen worker 1] jepsen.util: 1	:ok	:broadcast	71
2026-03-12 17:10:04,704{GMT}	INFO	[jepsen worker 2] jepsen.util: 2	:invoke	:read	nil
2026-03-12 17:10:04,707{GMT}	INFO	[jepsen worker 2] jepsen.util: 2	:ok	:read	[0 64 1 65 2 67 4 68 5 69 6 70 71 9 10 11 12 17 18 19 22 23 24 26 27 29 30 33 34 35 37 38 39 40 41 42 43 44 46 49 50 51 52 53 54 59 61]
2026-03-12 17:10:04,795{GMT}	INFO	[jepsen worker 3] jepsen.util: 3	:invoke	:read	nil
2026-03-12 17:10:04,798{GMT}	INFO	[jepsen worker 3] jepsen.util: 3	:ok	:read	[0 1 2 4 5 6 7 9 10 11 12 13 14 15 17 18 19 20 22 23 24 25 26 27 29 30 31 33 34 35 36 37 38 39 40 41 42 43 44 46 47 49 50 51 52 53 54 55 57 59 61 62 64 65 66 67 68 69 70 71]
2026-03-12 17:10:04,968{GMT}	INFO	[jepsen worker 4] jepsen.util: 4	:invoke	:read	nil
2026-03-12 17:10:04,971{GMT}	INFO	[jepsen worker 4] jepsen.util: 4	:ok	:read	[0 1 2 3 4 5 6 7 8 9 10 11 12 13 14 15 16 17 18 19 20 21 22 23 24 25 26 27 28 29 30 31 32 33 34 35 36 37 38 39 40 41 42 43 44 45 46 47 48 49 50 51 52 53 54 55 56 57 58 59 60 61 62 63 64 65 66 67 68 69 70 71]
2026-03-12 17:10:05,049{GMT}	INFO	[jepsen worker 0] jepsen.util: 0	:invoke	:read	nil
2026-03-12 17:10:05,052{GMT}	INFO	[jepsen worker 0] jepsen.util: 0	:ok	:read	[0 33 67 4 69 38 70 39 9 42 11 12 49 18 50 53 22 23 59]
2026-03-12 17:10:05,177{GMT}	INFO	[jepsen worker 0] jepsen.util: 0	:invoke	:read	nil
2026-03-12 17:10:05,180{GMT}	INFO	[jepsen worker 0] jepsen.util: 0	:ok	:read	[0 33 67 4 69 38 70 39 9 42 11 12 49 18 50 53 22 23 59]
2026-03-12 17:10:05,258{GMT}	INFO	[jepsen worker 1] jepsen.util: 1	:invoke	:broadcast	72
2026-03-12 17:10:05,261{GMT}	INFO	[jepsen worker 1] jepsen.util: 1	:ok	:broadcast	72
2026-03-12 17:10:05,266{GMT}	INFO	[jepsen worker 2] jepsen.util: 2	:invoke	:broadcast	73
2026-03-12 17:10:05,268{GMT}	INFO	[jepsen worker 2] jepsen.util: 2	:ok	:broadcast	73
2026-03-12 17:10:05,377{GMT}	INFO	[jepsen worker 3] jepsen.util: 3	:invoke	:read	nil
2026-03-12 17:10:05,380{GMT}	INFO	[jepsen worker 3] jepsen.util: 3	:ok	:read	[0 1 2 4 5 6 7 9 10 11 12 13 14 15 17 18 19 20 22 23 24 25 26 27 29 30 31 33 34 35 36 37 38 39 40 41 42 43 44 46 47 49 50 51 52 53 54 55 57 59 61 62 64 65 66 67 68 69 70 71 72 73]
2026-03-12 17:10:05,467{GMT}	INFO	[jepsen worker 4] jepsen.util: 4	:invoke	:read	nil
2026-03-12 17:10:05,471{GMT}	INFO	[jepsen worker 4] jepsen.util: 4	:ok	:read	[0 1 2 3 4 5 6 7 8 9 10 11 12 13 14 15 16 17 18 19 20 21 22 23 24 25 26 27 28 29 30 31 32 33 34 35 36 37 38 39 40 41 42 43 44 45 46 47 48 49 50 51 52 53 54 55 56 57 58 59 60 61 62 63 64 65 66 67 68 69 70 71 72 73]
2026-03-12 17:10:05,589{GMT}	INFO	[jepsen worker 0] jepsen.util: 0	:invoke	:broadcast	74
2026-03-12 17:10:05,592{GMT}	INFO	[jepsen worker 0] jepsen.util: 0	:ok	:broadcast	74
2026-03-12 17:10:05,782{GMT}	INFO	[jepsen worker 0] jepsen.util: 0	:invoke	:broadcast	75
2026-03-12 17:10:05,784{GMT}	INFO	[jepsen worker 0] jepsen.util: 0	:ok	:broadcast	75
2026-03-12 17:10:05,950{GMT}	INFO	[jepsen worker 1] jepsen.util: 1	:invoke	:read	nil
2026-03-12 17:10:05,952{GMT}	INFO	[jepsen worker 1] jepsen.util: 1	:ok	:read	[0 64 1 67 4 5 69 70 71 72 9 10 74 11 75 12 18 19 22 23 26 29 33 34 37 38 39 40 42 43 49 50 51 53 54 59]
2026-03-12 17:10:06,001{GMT}	INFO	[jepsen worker 2] jepsen.util: 2	:invoke	:read	nil
2026-03-12 17:10:06,002{GMT}	INFO	[jepsen worker 2] jepsen.util: 2	:ok	:read	[0 1 2 4 5 6 9 10 11 12 17 18 19 22 23 24 26 27 29 30 33 34 35 37 38 39 40 41 42 43 44 46 49 50 51 52 53 54 59 61 64 65 67 68 69 70 71 72 73 74 75]
2026-03-12 17:10:06,051{GMT}	INFO	[jepsen worker 3] jepsen.util: 3	:invoke	:read	nil
2026-03-12 17:10:06,052{GMT}	INFO	[jepsen worker 3] jepsen.util: 3	:ok	:read	[0 1 2 4 5 6 7 9 10 11 12 13 14 15 17 18 19 20 22 23 24 25 26 27 29 30 31 33 34 35 36 37 38 39 40 41 42 43 44 46 47 49 50 51 52 53 54 55 57 59 61 62 64 65 66 67 68 69 70 71 72 73 74 75]
2026-03-12 17:10:06,219{GMT}	INFO	[jepsen worker 4] jepsen.util: 4	:invoke	:broadcast	76
2026-03-12 17:10:06,221{GMT}	INFO	[jepsen worker 4] jepsen.util: 4	:ok	:broadcast	76
2026-03-12 17:10:06,346{GMT}	INFO	[jepsen worker 0] jepsen.util: 0	:invoke	:broadcast	77
2026-03-12 17:10:06,349{GMT}	INFO	[jepsen worker 0] jepsen.util: 0	:ok	:broadcast	77
2026-03-12 17:10:06,425{GMT}	INFO	[jepsen worker 0] jepsen.util: 0	:invoke	:read	nil
2026-03-12 17:10:06,428{GMT}	INFO	[jepsen worker 0] jepsen.util: 0	:ok	:read	[0 33 67 4 69 38 70 39 9 42 74 11 75 12 77 49 18 50 53 22 23 59]
2026-03-12 17:10:06,494{GMT}	INFO	[jepsen worker 1] jepsen.util: 1	:invoke	:broadcast	78
2026-03-12 17:10:06,497{GMT}	INFO	[jepsen worker 1] jepsen.util: 1	:ok	:broadcast	78
2026-03-12 17:10:06,557{GMT}	INFO	[jepsen worker 2] jepsen.util: 2	:invoke	:read	nil
2026-03-12 17:10:06,560{GMT}	INFO	[jepsen worker 2] jepsen.util: 2	:ok	:read	[0 1 2 4 5 6 9 10 11 12 17 18 19 22 23 24 26 27 29 30 33 34 35 37 38 39 40 41 42 43 44 46 49 50 51 52 53 54 59 61 64 65 67 68 69 70 71 72 73 74 75 77 78]
2026-03-12 17:10:06,603{GMT}	INFO	[jepsen worker 3] jepsen.util: 3	:invoke	:broadcast	79
2026-03-12 17:10:06,605{GMT}	INFO	[jepsen worker 3] jepsen.util: 3	:ok	:broadcast	79
2026-03-12 17:10:06,746{GMT}	INFO	[jepsen worker 4] jepsen.util: 4	:invoke	:read	nil
2026-03-12 17:10:06,749{GMT}	INFO	[jepsen worker 4] jepsen.util: 4	:ok	:read	[0 1 2 3 4 5 6 7 8 9 10 11 12 13 14 15 16 17 18 19 20 21 22 23 24 25 26 27 28 29 30 31 32 33 34 35 36 37 38 39 40 41 42 43 44 45 46 47 48 49 50 51 52 53 54 55 56 57 58 59 60 61 62 63 64 65 66 67 68 69 70 71 72 73 74 75 76 77 78 79]
2026-03-12 17:10:06,916{GMT}	INFO	[jepsen worker 0] jepsen.util: 0	:invoke	:broadcast	80
2026-03-12 17:10:06,919{GMT}	INFO	[jepsen worker 0] jepsen.util: 0	:ok	:broadcast	80
2026-03-12 17:10:07,029{GMT}	INFO	[jepsen worker 0] jepsen.util: 0	:invoke	:read	nil
2026-03-12 17:10:07,032{GMT}	INFO	[jepsen worker 0] jepsen.util: 0	:ok	:read	[0 33 67 4 69 38 70 39 9 42 74 11 75 12 77 80 49 18 50 53 22 23 59]
2026-03-12 17:10:07,147{GMT}	INFO	[jepsen worker 1] jepsen.util: 1	:invoke	:broadcast	81
2026-03-12 17:10:07,150{GMT}	INFO	[jepsen worker 1] jepsen.util: 1	:ok	:broadcast	81
2026-03-12 17:10:07,170{GMT}	INFO	[jepsen worker 2] jepsen.util: 2	:invoke	:read	nil
2026-03-12 17:10:07,172{GMT}	INFO	[jepsen worker 2] jepsen.util: 2	:ok	:read	[0 1 2 4 5 6 9 10 11 12 17 18 19 22 23 24 26 27 29 30 33 34 35 37 38 39 40 41 42 43 44 46 49 50 51 52 53 54 59 61 64 65 67 68 69 70 71 72 73 74 75 77 78 80 81]
2026-03-12 17:10:07,189{GMT}	INFO	[jepsen worker 3] jepsen.util: 3	:invoke	:broadcast	82
2026-03-12 17:10:07,191{GMT}	INFO	[jepsen worker 3] jepsen.util: 3	:ok	:broadcast	82
2026-03-12 17:10:07,305{GMT}	INFO	[jepsen worker 4] jepsen.util: 4	:invoke	:read	nil
2026-03-12 17:10:07,307{GMT}	INFO	[jepsen worker 4] jepsen.util: 4	:ok	:read	[0 1 2 3 4 5 6 7 8 9 10 11 12 13 14 15 16 17 18 19 20 21 22 23 24 25 26 27 28 29 30 31 32 33 34 35 36 37 38 39 40 41 42 43 44 45 46 47 48 49 50 51 52 53 54 55 56 57 58 59 60 61 62 63 64 65 66 67 68 69 70 71 72 73 74 75 76 77 78 79 80 81 82]
2026-03-12 17:10:07,354{GMT}	INFO	[jepsen worker 0] jepsen.util: 0	:invoke	:read	nil
2026-03-12 17:10:07,357{GMT}	INFO	[jepsen worker 0] jepsen.util: 0	:ok	:read	[0 33 67 4 69 38 70 39 9 42 74 11 75 12 77 80 49 18 50 53 22 23 59]
2026-03-12 17:10:07,466{GMT}	INFO	[jepsen worker 0] jepsen.util: 0	:invoke	:broadcast	83
2026-03-12 17:10:07,469{GMT}	INFO	[jepsen worker 0] jepsen.util: 0	:ok	:broadcast	83
2026-03-12 17:10:07,479{GMT}	INFO	[jepsen worker 1] jepsen.util: 1	:invoke	:read	nil
2026-03-12 17:10:07,481{GMT}	INFO	[jepsen worker 1] jepsen.util: 1	:ok	:read	[0 64 1 67 4 5 69 70 71 72 9 10 74 11 75 12 77 78 80 81 18 19 83 22 23 26 29 33 34 37 38 39 40 42 43 49 50 51 53 54 59]
2026-03-12 17:10:07,628{GMT}	INFO	[jepsen worker 2] jepsen.util: 2	:invoke	:read	nil
2026-03-12 17:10:07,631{GMT}	INFO	[jepsen worker 2] jepsen.util: 2	:ok	:read	[0 1 2 4 5 6 9 10 11 12 17 18 19 22 23 24 26 27 29 30 33 34 35 37 38 39 40 41 42 43 44 46 49 50 51 52 53 54 59 61 64 65 67 68 69 70 71 72 73 74 75 77 78 80 81 83]
2026-03-12 17:10:07,820{GMT}	INFO	[jepsen worker 3] jepsen.util: 3	:invoke	:broadcast	84
2026-03-12 17:10:07,822{GMT}	INFO	[jepsen worker 3] jepsen.util: 3	:ok	:broadcast	84
2026-03-12 17:10:07,969{GMT}	INFO	[jepsen worker 4] jepsen.util: 4	:invoke	:read	nil
2026-03-12 17:10:07,972{GMT}	INFO	[jepsen worker 4] jepsen.util: 4	:ok	:read	[0 1 2 3 4 5 6 7 8 9 10 11 12 13 14 15 16 17 18 19 20 21 22 23 24 25 26 27 28 29 30 31 32 33 34 35 36 37 38 39 40 41 42 43 44 45 46 47 48 49 50 51 52 53 54 55 56 57 58 59 60 61 62 63 64 65 66 67 68 69 70 71 72 73 74 75 76 77 78 79 80 81 82 83 84]
2026-03-12 17:10:08,131{GMT}	INFO	[jepsen worker 0] jepsen.util: 0	:invoke	:read	nil
2026-03-12 17:10:08,134{GMT}	INFO	[jepsen worker 0] jepsen.util: 0	:ok	:read	[0 33 67 4 69 38 70 39 9 42 74 11 75 12 77 80 49 18 50 83 53 22 23 59]
2026-03-12 17:10:08,197{GMT}	INFO	[jepsen worker 0] jepsen.util: 0	:invoke	:broadcast	85
2026-03-12 17:10:08,200{GMT}	INFO	[jepsen worker 0] jepsen.util: 0	:ok	:broadcast	85
2026-03-12 17:10:08,339{GMT}	INFO	[jepsen worker 1] jepsen.util: 1	:invoke	:broadcast	86
2026-03-12 17:10:08,342{GMT}	INFO	[jepsen worker 1] jepsen.util: 1	:ok	:broadcast	86
2026-03-12 17:10:08,406{GMT}	INFO	[jepsen worker 2] jepsen.util: 2	:invoke	:read	nil
2026-03-12 17:10:08,409{GMT}	INFO	[jepsen worker 2] jepsen.util: 2	:ok	:read	[0 1 2 4 5 6 9 10 11 12 17 18 19 22 23 24 26 27 29 30 33 34 35 37 38 39 40 41 42 43 44 46 49 50 51 52 53 54 59 61 64 65 67 68 69 70 71 72 73 74 75 77 78 80 81 83 85 86]
2026-03-12 17:10:08,564{GMT}	INFO	[jepsen worker 3] jepsen.util: 3	:invoke	:broadcast	87
2026-03-12 17:10:08,566{GMT}	INFO	[jepsen worker 3] jepsen.util: 3	:ok	:broadcast	87
2026-03-12 17:10:08,646{GMT}	INFO	[jepsen worker 4] jepsen.util: 4	:invoke	:read	nil
2026-03-12 17:10:08,650{GMT}	INFO	[jepsen worker 4] jepsen.util: 4	:ok	:read	[0 1 2 3 4 5 6 7 8 9 10 11 12 13 14 15 16 17 18 19 20 21 22 23 24 25 26 27 28 29 30 31 32 33 34 35 36 37 38 39 40 41 42 43 44 45 46 47 48 49 50 51 52 53 54 55 56 57 58 59 60 61 62 63 64 65 66 67 68 69 70 71 72 73 74 75 76 77 78 79 80 81 82 83 84 85 86 87]
2026-03-12 17:10:08,843{GMT}	INFO	[jepsen worker 0] jepsen.util: 0	:invoke	:read	nil
2026-03-12 17:10:08,846{GMT}	INFO	[jepsen worker 0] jepsen.util: 0	:ok	:read	[0 67 4 69 70 9 74 11 75 12 77 80 18 83 85 22 23 33 38 39 42 49 50 53 59]
2026-03-12 17:10:08,982{GMT}	INFO	[jepsen worker 0] jepsen.util: 0	:invoke	:read	nil
2026-03-12 17:10:08,985{GMT}	INFO	[jepsen worker 0] jepsen.util: 0	:ok	:read	[0 67 4 69 70 9 74 11 75 12 77 80 18 83 85 22 23 33 38 39 42 49 50 53 59]
2026-03-12 17:10:09,129{GMT}	INFO	[jepsen worker 1] jepsen.util: 1	:invoke	:broadcast	88
2026-03-12 17:10:09,131{GMT}	INFO	[jepsen worker 1] jepsen.util: 1	:ok	:broadcast	88
2026-03-12 17:10:09,155{GMT}	INFO	[jepsen worker 2] jepsen.util: 2	:invoke	:read	nil
2026-03-12 17:10:09,158{GMT}	INFO	[jepsen worker 2] jepsen.util: 2	:ok	:read	[0 1 2 4 5 6 9 10 11 12 17 18 19 22 23 24 26 27 29 30 33 34 35 37 38 39 40 41 42 43 44 46 49 50 51 52 53 54 59 61 64 65 67 68 69 70 71 72 73 74 75 77 78 80 81 83 85 86 88]
2026-03-12 17:10:09,238{GMT}	INFO	[jepsen worker 3] jepsen.util: 3	:invoke	:read	nil
2026-03-12 17:10:09,241{GMT}	INFO	[jepsen worker 3] jepsen.util: 3	:ok	:read	[0 1 2 4 5 6 7 9 10 11 12 13 14 15 17 18 19 20 22 23 24 25 26 27 29 30 31 33 34 35 36 37 38 39 40 41 42 43 44 46 47 49 50 51 52 53 54 55 57 59 61 62 64 65 66 67 68 69 70 71 72 73 74 75 77 78 79 80 81 82 83 84 85 86 87 88]
2026-03-12 17:10:09,308{GMT}	INFO	[jepsen worker 4] jepsen.util: 4	:invoke	:broadcast	89
2026-03-12 17:10:09,310{GMT}	INFO	[jepsen worker 4] jepsen.util: 4	:ok	:broadcast	89
2026-03-12 17:10:09,438{GMT}	INFO	[jepsen worker 0] jepsen.util: 0	:invoke	:broadcast	90
2026-03-12 17:10:09,440{GMT}	INFO	[jepsen worker 0] jepsen.util: 0	:ok	:broadcast	90
2026-03-12 17:10:09,550{GMT}	INFO	[jepsen worker 0] jepsen.util: 0	:invoke	:broadcast	91
2026-03-12 17:10:09,552{GMT}	INFO	[jepsen worker 0] jepsen.util: 0	:ok	:broadcast	91
2026-03-12 17:10:09,576{GMT}	INFO	[jepsen worker 1] jepsen.util: 1	:invoke	:read	nil
2026-03-12 17:10:09,579{GMT}	INFO	[jepsen worker 1] jepsen.util: 1	:ok	:read	[0 64 1 67 4 5 69 70 71 72 9 10 74 11 75 12 77 78 80 81 18 19 83 85 22 86 23 88 26 90 91 29 33 34 37 38 39 40 42 43 49 50 51 53 54 59]
2026-03-12 17:10:09,612{GMT}	INFO	[jepsen worker 2] jepsen.util: 2	:invoke	:read	nil
2026-03-12 17:10:09,615{GMT}	INFO	[jepsen worker 2] jepsen.util: 2	:ok	:read	[0 1 2 4 5 6 9 10 11 12 17 18 19 22 23 24 26 27 29 30 33 34 35 37 38 39 40 41 42 43 44 46 49 50 51 52 53 54 59 61 64 65 67 68 69 70 71 72 73 74 75 77 78 80 81 83 85 86 88 90 91]
2026-03-12 17:10:09,747{GMT}	INFO	[jepsen worker 3] jepsen.util: 3	:invoke	:read	nil
2026-03-12 17:10:09,750{GMT}	INFO	[jepsen worker 3] jepsen.util: 3	:ok	:read	[0 1 2 4 5 6 7 9 10 11 12 13 14 15 17 18 19 20 22 23 24 25 26 27 29 30 31 33 34 35 36 37 38 39 40 41 42 43 44 46 47 49 50 51 52 53 54 55 57 59 61 62 64 65 66 67 68 69 70 71 72 73 74 75 77 78 79 80 81 82 83 84 85 86 87 88 90 91]
2026-03-12 17:10:09,757{GMT}	INFO	[jepsen worker 4] jepsen.util: 4	:invoke	:broadcast	92
2026-03-12 17:10:09,760{GMT}	INFO	[jepsen worker 4] jepsen.util: 4	:ok	:broadcast	92
2026-03-12 17:10:09,815{GMT}	INFO	[jepsen worker 0] jepsen.util: 0	:invoke	:broadcast	93
2026-03-12 17:10:09,817{GMT}	INFO	[jepsen worker 0] jepsen.util: 0	:ok	:broadcast	93
2026-03-12 17:10:09,886{GMT}	INFO	[jepsen worker 0] jepsen.util: 0	:invoke	:read	nil
2026-03-12 17:10:09,888{GMT}	INFO	[jepsen worker 0] jepsen.util: 0	:ok	:read	[0 67 4 69 70 9 74 11 75 12 77 80 18 83 85 22 23 90 91 93 33 38 39 42 49 50 53 59]
2026-03-12 17:10:09,945{GMT}	INFO	[jepsen worker 1] jepsen.util: 1	:invoke	:read	nil
2026-03-12 17:10:09,948{GMT}	INFO	[jepsen worker 1] jepsen.util: 1	:ok	:read	[0 64 1 67 4 5 69 70 71 72 9 10 74 11 75 12 77 78 80 81 18 19 83 85 22 86 23 88 26 90 91 29 93 33 34 37 38 39 40 42 43 49 50 51 53 54 59]
2026-03-12 17:10:09,993{GMT}	INFO	[jepsen worker 2] jepsen.util: 2	:invoke	:read	nil
2026-03-12 17:10:09,996{GMT}	INFO	[jepsen worker 2] jepsen.util: 2	:ok	:read	[0 1 2 4 5 6 9 10 11 12 17 18 19 22 23 24 26 27 29 30 33 34 35 37 38 39 40 41 42 43 44 46 49 50 51 52 53 54 59 61 64 65 67 68 69 70 71 72 73 74 75 77 78 80 81 83 85 86 88 90 91 93]
2026-03-12 17:10:10,177{GMT}	INFO	[jepsen worker 3] jepsen.util: 3	:invoke	:read	nil
2026-03-12 17:10:10,179{GMT}	INFO	[jepsen worker 3] jepsen.util: 3	:ok	:read	[0 1 2 4 5 6 7 9 10 11 12 13 14 15 17 18 19 20 22 23 24 25 26 27 29 30 31 33 34 35 36 37 38 39 40 41 42 43 44 46 47 49 50 51 52 53 54 55 57 59 61 62 64 65 66 67 68 69 70 71 72 73 74 75 77 78 79 80 81 82 83 84 85 86 87 88 90 91 93]
2026-03-12 17:10:10,281{GMT}	INFO	[jepsen worker 4] jepsen.util: 4	:invoke	:read	nil
2026-03-12 17:10:10,283{GMT}	INFO	[jepsen worker 4] jepsen.util: 4	:ok	:read	[0 1 2 3 4 5 6 7 8 9 10 11 12 13 14 15 16 17 18 19 20 21 22 23 24 25 26 27 28 29 30 31 32 33 34 35 36 37 38 39 40 41 42 43 44 45 46 47 48 49 50 51 52 53 54 55 56 57 58 59 60 61 62 63 64 65 66 67 68 69 70 71 72 73 74 75 76 77 78 79 80 81 82 83 84 85 86 87 88 89 90 91 92 93]
2026-03-12 17:10:10,417{GMT}	INFO	[jepsen worker 0] jepsen.util: 0	:invoke	:read	nil
2026-03-12 17:10:10,420{GMT}	INFO	[jepsen worker 0] jepsen.util: 0	:ok	:read	[0 67 4 69 70 9 74 11 75 12 77 80 18 83 85 22 23 90 91 93 33 38 39 42 49 50 53 59]
2026-03-12 17:10:10,613{GMT}	INFO	[jepsen worker 0] jepsen.util: 0	:invoke	:broadcast	94
2026-03-12 17:10:10,616{GMT}	INFO	[jepsen worker 0] jepsen.util: 0	:ok	:broadcast	94
2026-03-12 17:10:10,617{GMT}	INFO	[jepsen worker 1] jepsen.generator.interpreter: Waiting for recovery...
2026-03-12 17:10:20,622{GMT}	INFO	[jepsen worker 3] jepsen.util: 3	:invoke	:read	nil
2026-03-12 17:10:20,622{GMT}	INFO	[jepsen worker 0] jepsen.util: 0	:invoke	:read	nil
2026-03-12 17:10:20,623{GMT}	INFO	[jepsen worker 1] jepsen.util: 1	:invoke	:read	nil
2026-03-12 17:10:20,623{GMT}	INFO	[jepsen worker 4] jepsen.util: 4	:invoke	:read	nil
2026-03-12 17:10:20,623{GMT}	INFO	[jepsen worker 2] jepsen.util: 2	:invoke	:read	nil
2026-03-12 17:10:20,625{GMT}	INFO	[jepsen worker 0] jepsen.util: 0	:ok	:read	[0 67 4 69 70 9 74 11 75 12 77 80 18 83 85 22 23 90 91 93 94 33 38 39 42 49 50 53 59]
2026-03-12 17:10:20,625{GMT}	INFO	[jepsen worker 3] jepsen.util: 3	:ok	:read	[0 1 2 4 5 6 7 9 10 11 12 13 14 15 17 18 19 20 22 23 24 25 26 27 29 30 31 33 34 35 36 37 38 39 40 41 42 43 44 46 47 49 50 51 52 53 54 55 57 59 61 62 64 65 66 67 68 69 70 71 72 73 74 75 77 78 79 80 81 82 83 84 85 86 87 88 90 91 93 94]
2026-03-12 17:10:20,668{GMT}	INFO	[jepsen worker 1] jepsen.util: 1	:ok	:read	[0 64 1 67 4 5 69 70 71 72 9 10 74 11 75 12 77 78 80 81 18 19 83 85 22 86 23 88 26 90 91 29 93 94 33 34 37 38 39 40 42 43 49 50 51 53 54 59]
2026-03-12 17:10:20,668{GMT}	INFO	[jepsen worker 4] jepsen.util: 4	:ok	:read	[0 1 2 3 4 5 6 7 8 9 10 11 12 13 14 15 16 17 18 19 20 21 22 23 24 25 26 27 28 29 30 31 32 33 34 35 36 37 38 39 40 41 42 43 44 45 46 47 48 49 50 51 52 53 54 55 56 57 58 59 60 61 62 63 64 65 66 67 68 69 70 71 72 73 74 75 76 77 78 79 80 81 82 83 84 85 86 87 88 89 90 91 92 93 94]
2026-03-12 17:10:20,668{GMT}	INFO	[jepsen worker 2] jepsen.util: 2	:ok	:read	[0 1 2 4 5 6 9 10 11 12 17 18 19 22 23 24 26 27 29 30 33 34 35 37 38 39 40 41 42 43 44 46 49 50 51 52 53 54 59 61 64 65 67 68 69 70 71 72 73 74 75 77 78 80 81 83 85 86 88 90 91 93 94]
2026-03-12 17:10:20,686{GMT}	INFO	[jepsen test runner] jepsen.core: Run complete, writing
2026-03-12 17:10:20,784{GMT}	INFO	[jepsen node n4] maelstrom.db: Tearing down n4
2026-03-12 17:10:20,784{GMT}	INFO	[jepsen node n2] maelstrom.db: Tearing down n2
2026-03-12 17:10:20,784{GMT}	INFO	[jepsen node n1] maelstrom.db: Tearing down n1
2026-03-12 17:10:20,784{GMT}	INFO	[jepsen node n0] maelstrom.db: Tearing down n0
2026-03-12 17:10:20,784{GMT}	INFO	[jepsen node n3] maelstrom.db: Tearing down n3
2026-03-12 17:10:22,468{GMT}	INFO	[jepsen node n0] maelstrom.net: Shutting down Maelstrom network
2026-03-12 17:10:22,470{GMT}	INFO	[jepsen test runner] jepsen.core: Analyzing...
2026-03-12 17:10:22,810{GMT}	INFO	[jepsen test runner] jepsen.core: Analysis complete
2026-03-12 17:10:22,842{GMT}	INFO	[jepsen results] jepsen.store: Wrote /home/banna/Documents/maelstrom-java/store/broadcast/20260312T170948.877Z/results.edn
2026-03-12 17:10:22,872{GMT}	INFO	[jepsen test runner] jepsen.core: {:perf {:latency-graph {:valid? true},
        :rate-graph {:valid? true},
        :valid? true},
 :timeline {:valid? true},
 :exceptions {:valid? true},
 :stats {:valid? true,
         :count 204,
         :ok-count 204,
         :fail-count 0,
         :info-count 0,
         :by-f {:broadcast {:valid? true,
                            :count 95,
                            :ok-count 95,
                            :fail-count 0,
                            :info-count 0},
                :read {:valid? true,
                       :count 109,
                       :ok-count 109,
                       :fail-count 0,
                       :info-count 0}}},
 :availability {:valid? true, :ok-fraction 1.0},
 :net {:all {:send-count 868,
             :recv-count 868,
             :msg-count 868,
             :msgs-per-op 4.254902},
       :clients {:send-count 428, :recv-count 428, :msg-count 428},
       :servers {:send-count 440,
                 :recv-count 440,
                 :msg-count 440,
                 :msgs-per-op 2.1568627},
       :valid? true},
 :workload {:worst-stale ({:element 1,
                           :outcome :stable,
                           :stable-latency 29943,
                           :lost-latency nil,
                           :known #jepsen.history.Op{:index 2,
                                                     :time 31123309,
                                                     :type :ok,
                                                     :process 1,
                                                     :f :add,
                                                     :value 1},
                           :last-absent #jepsen.history.Op{:index 399,
                                                           :time 29974522650,
                                                           :type :invoke,
                                                           :process 0,
                                                           :f :read,
                                                           :value nil,
                                                           :final? true}}
                          {:element 2,
                           :outcome :stable,
                           :stable-latency 29800,
                           :lost-latency nil,
                           :known #jepsen.history.Op{:index 5,
                                                     :time 174264876,
                                                     :type :ok,
                                                     :process 2,
                                                     :f :add,
                                                     :value 2},
                           :last-absent #jepsen.history.Op{:index 400,
                                                           :time 29974894041,
                                                           :type :invoke,
                                                           :process 1,
                                                           :f :read,
                                                           :value nil,
                                                           :final? true}}
                          {:element 5,
                           :outcome :stable,
                           :stable-latency 29467,
                           :lost-latency nil,
                           :known #jepsen.history.Op{:index 15,
                                                     :time 507176515,
                                                     :type :ok,
                                                     :process 1,
                                                     :f :add,
                                                     :value 5},
                           :last-absent #jepsen.history.Op{:index 399,
                                                           :time 29974522650,
                                                           :type :invoke,
                                                           :process 0,
                                                           :f :read,
                                                           :value nil,
                                                           :final? true}}
                          {:element 6,
                           :outcome :stable,
                           :stable-latency 29340,
                           :lost-latency nil,
                           :known #jepsen.history.Op{:index 17,
                                                     :time 634751209,
                                                     :type :ok,
                                                     :process 2,
                                                     :f :add,
                                                     :value 6},
                           :last-absent #jepsen.history.Op{:index 400,
                                                           :time 29974894041,
                                                           :type :invoke,
                                                           :process 1,
                                                           :f :read,
                                                           :value nil,
                                                           :final? true}}
                          {:element 10,
                           :outcome :stable,
                           :stable-latency 28904,
                           :lost-latency nil,
                           :known #jepsen.history.Op{:index 27,
                                                     :time 1069959940,
                                                     :type :ok,
                                                     :process 1,
                                                     :f :add,
                                                     :value 10},
                           :last-absent #jepsen.history.Op{:index 399,
                                                           :time 29974522650,
                                                           :type :invoke,
                                                           :process 0,
                                                           :f :read,
                                                           :value nil,
                                                           :final? true}}
                          {:element 17,
                           :outcome :stable,
                           :stable-latency 26350,
                           :lost-latency nil,
                           :known #jepsen.history.Op{:index 77,
                                                     :time 3624368141,
                                                     :type :ok,
                                                     :process 2,
                                                     :f :add,
                                                     :value 17},
                           :last-absent #jepsen.history.Op{:index 400,
                                                           :time 29974894041,
                                                           :type :invoke,
                                                           :process 1,
                                                           :f :read,
                                                           :value nil,
                                                           :final? true}}
                          {:element 19,
                           :outcome :stable,
                           :stable-latency 26194,
                           :lost-latency nil,
                           :known #jepsen.history.Op{:index 87,
                                                     :time 3779883633,
                                                     :type :ok,
                                                     :process 1,
                                                     :f :add,
                                                     :value 19},
                           :last-absent #jepsen.history.Op{:index 399,
                                                           :time 29974522650,
                                                           :type :invoke,
                                                           :process 0,
                                                           :f :read,
                                                           :value nil,
                                                           :final? true}}
                          {:element 24,
                           :outcome :stable,
                           :stable-latency 25628,
                           :lost-latency nil,
                           :known #jepsen.history.Op{:index 101,
                                                     :time 4346368906,
                                                     :type :ok,
                                                     :process 2,
                                                     :f :add,
                                                     :value 24},
                           :last-absent #jepsen.history.Op{:index 400,
                                                           :time 29974894041,
                                                           :type :invoke,
                                                           :process 1,
                                                           :f :read,
                                                           :value nil,
                                                           :final? true}}),
            :duplicated-count 0,
            :valid? false,
            :lost-count 32,
            :lost (3
                   7
                   8
                   13
                   14
                   15
                   16
                   20
                   21
                   25
                   28
                   31
                   32
                   36
                   45
                   47
                   48
                   55
                   56
                   57
                   58
                   60
                   62
                   63
                   66
                   76
                   79
                   82
                   84
                   87
                   89
                   92),
            :stable-count 63,
            :stale-count 34,
            :stale (1
                    2
                    5
                    6
                    10
                    17
                    19
                    24
                    26
                    27
                    29
                    30
                    34
                    35
                    37
                    40
                    41
                    43
                    44
                    46
                    51
                    52
                    54
                    61
                    64
                    65
                    68
                    71
                    72
                    73
                    78
                    81
                    86
                    88),
            :never-read-count 0,
            :stable-latencies {0 0,
                               0.5 13471,
                               0.95 29340,
                               0.99 29943,
                               1 29943},
            :attempt-count 95,
            :lost-latencies {0 10862,
                             0.5 20714,
                             0.95 29324,
                             0.99 29677,
                             1 29677},
            :never-read (),
            :duplicated {}},
 :valid? false}


Analysis invalid! (ﾉಥ益ಥ）ﾉ ┻━┻
