2026-03-20 16:03:35,942{GMT}	INFO	[jepsen test runner] jepsen.core: Command line:
lein run test -w broadcast --bin run.sh broadcast --node-count 5 --time-limit 20 --rate 10 --nemesis partition
2026-03-20 16:03:36,056{GMT}	INFO	[jepsen test runner] jepsen.core: Running test:
{:args ["broadcast"]
 :remote
 #jepsen.control.retry.Remote{:remote #jepsen.control.scp.Remote{:cmd-remote #jepsen.control.sshj.SSHJRemote{:concurrency-limit 6,
                                                                                                             :conn-spec nil,
                                                                                                             :client nil,
                                                                                                             :semaphore nil},
                                                                 :conn-spec nil},
                              :conn nil}
 :log-net-send false
 :node-count 5
 :availability nil
 :max-txn-length 4
 :concurrency 5
 :db
 #object[maelstrom.db$db$reify__16142
         "0x3619ecd"
         "maelstrom.db$db$reify__16142@3619ecd"]
 :max-writes-per-key 16
 :leave-db-running? false
 :name "broadcast"
 :logging-json? false
 :start-time
 #object[org.joda.time.DateTime "0x7de4bd8f" "2026-03-20T16:03:35.920Z"]
 :nemesis-interval 10
 :net
 #object[maelstrom.net$jepsen_net$reify__15251
         "0x193e65d5"
         "maelstrom.net$jepsen_net$reify__15251@193e65d5"]
 :client
 #object[maelstrom.workload.broadcast$client$reify__16644
         "0x2a97b4b8"
         "maelstrom.workload.broadcast$client$reify__16644@2a97b4b8"]
 :barrier
 #object[java.util.concurrent.CyclicBarrier
         "0x250fc0d1"
         "java.util.concurrent.CyclicBarrier@250fc0d1"]
 :log-stderr false
 :pure-generators true
 :ssh {:dummy? true}
 :rate 10.0
 :checker
 #object[jepsen.checker$compose$reify__11881
         "0x7ddf193a"
         "jepsen.checker$compose$reify__11881@7ddf193a"]
 :argv
 ("test"
  "-w"
  "broadcast"
  "--bin"
  "run.sh"
  "broadcast"
  "--node-count"
  "5"
  "--time-limit"
  "20"
  "--rate"
  "10"
  "--nemesis"
  "partition")
 :nemesis
 (jepsen.nemesis.ReflCompose
  {:fm {:start-partition 0,
        :stop-partition 0,
        :kill 1,
        :start 1,
        :pause 1,
        :resume 1},
   :nemeses [#unprintable "jepsen.nemesis.combined$partition_nemesis$reify__16416@17a5cb99"
             #unprintable "jepsen.nemesis.combined$db_nemesis$reify__16397@808fa1"]})
 :nodes ["n0" "n1" "n2" "n3" "n4"]
 :test-count 1
 :latency {:mean 0, :dist :constant}
 :bin "run.sh"
 :generator
 ((jepsen.generator.Synchronize
   {:gen (jepsen.generator.TimeLimit
          {:limit 20000000000,
           :cutoff nil,
           :gen (jepsen.generator.Any
                 {:gens [(jepsen.generator.OnThreads
                          {:f #{:nemesis},
                           :context-filter #object[jepsen.generator.context$make_thread_filter$lazy_filter__9167
                                                   "0x7545cb17"
                                                   "jepsen.generator.context$make_thread_filter$lazy_filter__9167@7545cb17"],
                           :gen (jepsen.generator.Stagger
                                 {:dt 20000000000,
                                  :next-time nil,
                                  :gen (jepsen.generator.FlipFlop
                                        {:gens [#object[jepsen.nemesis.combined$partition_package$start__16420
                                                        "0x635b3ec7"
                                                        "jepsen.nemesis.combined$partition_package$start__16420@635b3ec7"]
                                                ({:type :info,
                                                  :f :stop-partition,
                                                  :value nil}
                                                 {:type :info,
                                                  :f :stop-partition,
                                                  :value nil}
                                                 {:type :info,
                                                  :f :stop-partition,
                                                  :value nil}
                                                 {:type :info,
                                                  :f :stop-partition,
                                                  :value nil}
                                                 {:type :info,
                                                  :f :stop-partition,
                                                  :value nil}
                                                 {:type :info,
                                                  :f :stop-partition,
                                                  :value nil}
                                                 {:type :info,
                                                  :f :stop-partition,
                                                  :value nil}
                                                 {:type :info,
                                                  :f :stop-partition,
                                                  :value nil}
                                                 ...)],
                                         :i 0})})})
                         (jepsen.generator.OnThreads
                          {:f #jepsen.generator.context.AllBut{:element :nemesis},
                           :context-filter #object[jepsen.generator.context$make_thread_filter$lazy_filter__9167
                                                   "0x15aa3084"
                                                   "jepsen.generator.context$make_thread_filter$lazy_filter__9167@15aa3084"],
                           :gen (jepsen.generator.Stagger
                                 {:dt 200000000,
                                  :next-time nil,
                                  :gen (jepsen.generator.Mix
                                        {:i 0,
                                         :gens [({:f :broadcast, :value 0}
                                                 {:f :broadcast, :value 1}
                                                 {:f :broadcast, :value 2}
                                                 {:f :broadcast, :value 3}
                                                 {:f :broadcast, :value 4}
                                                 {:f :broadcast, :value 5}
                                                 {:f :broadcast, :value 6}
                                                 {:f :broadcast, :value 7}
                                                 ...)
                                                ({:f :read}
                                                 {:f :read}
                                                 {:f :read}
                                                 {:f :read}
                                                 {:f :read}
                                                 {:f :read}
                                                 {:f :read}
                                                 {:f :read}
                                                 ...)]})})})]})})})
  (jepsen.generator.Synchronize
   {:gen (jepsen.generator.OnThreads
          {:f #{:nemesis},
           :context-filter #object[jepsen.generator.context$make_thread_filter$lazy_filter__9167
                                   "0x4e6c4c55"
                                   "jepsen.generator.context$make_thread_filter$lazy_filter__9167@4e6c4c55"],
           :gen ({:type :info, :f :stop-partition, :value nil})})})
  (jepsen.generator.Synchronize
   {:gen {:type :log, :value "Waiting for recovery..."}})
  (jepsen.generator.Synchronize {:gen {:type :sleep, :value 10}})
  (jepsen.generator.Synchronize
   {:gen (jepsen.generator.OnThreads
          {:f #jepsen.generator.context.AllBut{:element :nemesis},
           :context-filter #object[jepsen.generator.context$make_thread_filter$lazy_filter__9167
                                   "0x74fbee59"
                                   "jepsen.generator.context$make_thread_filter$lazy_filter__9167@74fbee59"],
           :gen (jepsen.generator.EachThread
                 {:fresh-gen {:f :read, :final? true},
                  :context-filters #object[clojure.core$promise$reify__8591
                                           "0x3794621d"
                                           {:status :pending, :val nil}],
                  :gens {}})})}))
 :log-net-recv false
 :os
 #object[maelstrom.net$jepsen_os$reify__15254
         "0x737e4a7b"
         "maelstrom.net$jepsen_os$reify__15254@737e4a7b"]
 :time-limit 20
 :workload :broadcast
 :consistency-models [:strict-serializable]
 :topology :grid}

2026-03-20 16:03:37,535{GMT}	INFO	[jepsen node n0] maelstrom.net: Starting Maelstrom network
2026-03-20 16:03:37,536{GMT}	INFO	[jepsen test runner] jepsen.db: Tearing down DB
2026-03-20 16:03:37,538{GMT}	INFO	[jepsen test runner] jepsen.db: Setting up DB
2026-03-20 16:03:37,539{GMT}	INFO	[jepsen node n1] maelstrom.db: Setting up n1
2026-03-20 16:03:37,539{GMT}	INFO	[jepsen node n2] maelstrom.db: Setting up n2
2026-03-20 16:03:37,540{GMT}	INFO	[jepsen node n2] maelstrom.process: launching run.sh ["broadcast"]
2026-03-20 16:03:37,540{GMT}	INFO	[jepsen node n4] maelstrom.db: Setting up n4
2026-03-20 16:03:37,540{GMT}	INFO	[jepsen node n1] maelstrom.process: launching run.sh ["broadcast"]
2026-03-20 16:03:37,540{GMT}	INFO	[jepsen node n3] maelstrom.db: Setting up n3
2026-03-20 16:03:37,541{GMT}	INFO	[jepsen node n4] maelstrom.process: launching run.sh ["broadcast"]
2026-03-20 16:03:37,541{GMT}	INFO	[jepsen node n0] maelstrom.service: Starting services: (lin-kv lin-tso lww-kv seq-kv)
2026-03-20 16:03:37,541{GMT}	INFO	[jepsen node n3] maelstrom.process: launching run.sh ["broadcast"]
2026-03-20 16:03:37,543{GMT}	INFO	[jepsen node n0] maelstrom.db: Setting up n0
2026-03-20 16:03:37,543{GMT}	INFO	[jepsen node n0] maelstrom.process: launching run.sh ["broadcast"]
2026-03-20 16:03:37,721{GMT}	INFO	[jepsen test runner] jepsen.core: Relative time begins now
2026-03-20 16:03:37,750{GMT}	INFO	[jepsen worker 1] jepsen.util: 1	:invoke	:broadcast	0
2026-03-20 16:03:37,750{GMT}	INFO	[jepsen worker nemesis] jepsen.util: :nemesis	:info	:start-partition	:minority-third
2026-03-20 16:03:37,760{GMT}	INFO	[jepsen worker 1] jepsen.util: 1	:ok	:broadcast	0
2026-03-20 16:03:37,762{GMT}	INFO	[jepsen worker nemesis] jepsen.util: :nemesis	:info	:start-partition	[:isolated {"n2" #{"n1" "n4" "n0" "n3"}, "n1" #{"n2"}, "n4" #{"n2"}, "n0" #{"n2"}, "n3" #{"n2"}}]
2026-03-20 16:03:37,894{GMT}	INFO	[jepsen worker 2] jepsen.util: 2	:invoke	:broadcast	1
2026-03-20 16:03:37,898{GMT}	INFO	[jepsen worker 2] jepsen.util: 2	:ok	:broadcast	1
2026-03-20 16:03:37,989{GMT}	INFO	[jepsen worker 3] jepsen.util: 3	:invoke	:read	nil
2026-03-20 16:03:37,993{GMT}	INFO	[jepsen worker 3] jepsen.util: 3	:ok	:read	[0]
2026-03-20 16:03:38,009{GMT}	INFO	[jepsen worker 4] jepsen.util: 4	:invoke	:broadcast	2
2026-03-20 16:03:38,012{GMT}	INFO	[jepsen worker 4] jepsen.util: 4	:ok	:broadcast	2
2026-03-20 16:03:38,175{GMT}	INFO	[jepsen worker 0] jepsen.util: 0	:invoke	:read	nil
2026-03-20 16:03:38,179{GMT}	INFO	[jepsen worker 0] jepsen.util: 0	:ok	:read	[0 2]
2026-03-20 16:03:38,221{GMT}	INFO	[jepsen worker 0] jepsen.util: 0	:invoke	:broadcast	3
2026-03-20 16:03:38,224{GMT}	INFO	[jepsen worker 0] jepsen.util: 0	:ok	:broadcast	3
2026-03-20 16:03:38,385{GMT}	INFO	[jepsen worker 1] jepsen.util: 1	:invoke	:broadcast	4
2026-03-20 16:03:38,388{GMT}	INFO	[jepsen worker 1] jepsen.util: 1	:ok	:broadcast	4
2026-03-20 16:03:38,466{GMT}	INFO	[jepsen worker 2] jepsen.util: 2	:invoke	:read	nil
2026-03-20 16:03:38,468{GMT}	INFO	[jepsen worker 2] jepsen.util: 2	:ok	:read	[1]
2026-03-20 16:03:38,493{GMT}	INFO	[jepsen worker 3] jepsen.util: 3	:invoke	:read	nil
2026-03-20 16:03:38,495{GMT}	INFO	[jepsen worker 3] jepsen.util: 3	:ok	:read	[0 2 3 4]
2026-03-20 16:03:38,506{GMT}	INFO	[jepsen worker 4] jepsen.util: 4	:invoke	:broadcast	5
2026-03-20 16:03:38,508{GMT}	INFO	[jepsen worker 4] jepsen.util: 4	:ok	:broadcast	5
2026-03-20 16:03:38,573{GMT}	INFO	[jepsen worker 0] jepsen.util: 0	:invoke	:broadcast	6
2026-03-20 16:03:38,575{GMT}	INFO	[jepsen worker 0] jepsen.util: 0	:ok	:broadcast	6
2026-03-20 16:03:38,717{GMT}	INFO	[jepsen worker 0] jepsen.util: 0	:invoke	:read	nil
2026-03-20 16:03:38,719{GMT}	INFO	[jepsen worker 0] jepsen.util: 0	:ok	:read	[0 2 3 4 5 6]
2026-03-20 16:03:38,784{GMT}	INFO	[jepsen worker 1] jepsen.util: 1	:invoke	:read	nil
2026-03-20 16:03:38,786{GMT}	INFO	[jepsen worker 2] jepsen.util: 2	:invoke	:broadcast	7
2026-03-20 16:03:38,787{GMT}	INFO	[jepsen worker 1] jepsen.util: 1	:ok	:read	[0 2 3 4 5 6]
2026-03-20 16:03:38,788{GMT}	INFO	[jepsen worker 2] jepsen.util: 2	:ok	:broadcast	7
2026-03-20 16:03:38,871{GMT}	INFO	[jepsen worker 3] jepsen.util: 3	:invoke	:broadcast	8
2026-03-20 16:03:38,873{GMT}	INFO	[jepsen worker 3] jepsen.util: 3	:ok	:broadcast	8
2026-03-20 16:03:38,892{GMT}	INFO	[jepsen worker 4] jepsen.util: 4	:invoke	:read	nil
2026-03-20 16:03:38,894{GMT}	INFO	[jepsen worker 4] jepsen.util: 4	:ok	:read	[0 2 3 4 5 6 8]
2026-03-20 16:03:38,995{GMT}	INFO	[jepsen worker 0] jepsen.util: 0	:invoke	:read	nil
2026-03-20 16:03:38,997{GMT}	INFO	[jepsen worker 0] jepsen.util: 0	:ok	:read	[0 2 3 4 5 6 8]
2026-03-20 16:03:38,999{GMT}	INFO	[jepsen worker 0] jepsen.util: 0	:invoke	:read	nil
2026-03-20 16:03:39,001{GMT}	INFO	[jepsen worker 0] jepsen.util: 0	:ok	:read	[0 2 3 4 5 6 8]
2026-03-20 16:03:39,150{GMT}	INFO	[jepsen worker 1] jepsen.util: 1	:invoke	:read	nil
2026-03-20 16:03:39,152{GMT}	INFO	[jepsen worker 1] jepsen.util: 1	:ok	:read	[0 2 3 4 5 6 8]
2026-03-20 16:03:39,156{GMT}	INFO	[jepsen worker 2] jepsen.util: 2	:invoke	:broadcast	9
2026-03-20 16:03:39,158{GMT}	INFO	[jepsen worker 2] jepsen.util: 2	:ok	:broadcast	9
2026-03-20 16:03:39,326{GMT}	INFO	[jepsen worker 3] jepsen.util: 3	:invoke	:broadcast	10
2026-03-20 16:03:39,328{GMT}	INFO	[jepsen worker 3] jepsen.util: 3	:ok	:broadcast	10
2026-03-20 16:03:39,463{GMT}	INFO	[jepsen worker 4] jepsen.util: 4	:invoke	:broadcast	11
2026-03-20 16:03:39,465{GMT}	INFO	[jepsen worker 4] jepsen.util: 4	:ok	:broadcast	11
2026-03-20 16:03:39,500{GMT}	INFO	[jepsen worker 0] jepsen.util: 0	:invoke	:read	nil
2026-03-20 16:03:39,502{GMT}	INFO	[jepsen worker 0] jepsen.util: 0	:ok	:read	[0 2 3 4 5 6 8 10 11]
2026-03-20 16:03:39,677{GMT}	INFO	[jepsen worker 0] jepsen.util: 0	:invoke	:read	nil
2026-03-20 16:03:39,678{GMT}	INFO	[jepsen worker 0] jepsen.util: 0	:ok	:read	[0 2 3 4 5 6 8 10 11]
2026-03-20 16:03:39,733{GMT}	INFO	[jepsen worker 1] jepsen.util: 1	:invoke	:broadcast	12
2026-03-20 16:03:39,735{GMT}	INFO	[jepsen worker 1] jepsen.util: 1	:ok	:broadcast	12
2026-03-20 16:03:39,901{GMT}	INFO	[jepsen worker 2] jepsen.util: 2	:invoke	:read	nil
2026-03-20 16:03:39,902{GMT}	INFO	[jepsen worker 2] jepsen.util: 2	:ok	:read	[1 7 9]
2026-03-20 16:03:40,066{GMT}	INFO	[jepsen worker 3] jepsen.util: 3	:invoke	:broadcast	13
2026-03-20 16:03:40,068{GMT}	INFO	[jepsen worker 3] jepsen.util: 3	:ok	:broadcast	13
2026-03-20 16:03:40,164{GMT}	INFO	[jepsen worker 4] jepsen.util: 4	:invoke	:broadcast	14
2026-03-20 16:03:40,166{GMT}	INFO	[jepsen worker 4] jepsen.util: 4	:ok	:broadcast	14
2026-03-20 16:03:40,333{GMT}	INFO	[jepsen worker 0] jepsen.util: 0	:invoke	:read	nil
2026-03-20 16:03:40,335{GMT}	INFO	[jepsen worker 0] jepsen.util: 0	:ok	:read	[0 2 3 4 5 6 8 10 11 12 13 14]
2026-03-20 16:03:40,476{GMT}	INFO	[jepsen worker 0] jepsen.util: 0	:invoke	:read	nil
2026-03-20 16:03:40,478{GMT}	INFO	[jepsen worker 0] jepsen.util: 0	:ok	:read	[0 2 3 4 5 6 8 10 11 12 13 14]
2026-03-20 16:03:40,518{GMT}	INFO	[jepsen worker 1] jepsen.util: 1	:invoke	:broadcast	15
2026-03-20 16:03:40,521{GMT}	INFO	[jepsen worker 1] jepsen.util: 1	:ok	:broadcast	15
2026-03-20 16:03:40,590{GMT}	INFO	[jepsen worker 2] jepsen.util: 2	:invoke	:broadcast	16
2026-03-20 16:03:40,591{GMT}	INFO	[jepsen worker 2] jepsen.util: 2	:ok	:broadcast	16
2026-03-20 16:03:40,600{GMT}	INFO	[jepsen worker 3] jepsen.util: 3	:invoke	:broadcast	17
2026-03-20 16:03:40,601{GMT}	INFO	[jepsen worker 3] jepsen.util: 3	:ok	:broadcast	17
2026-03-20 16:03:40,800{GMT}	INFO	[jepsen worker 4] jepsen.util: 4	:invoke	:broadcast	18
2026-03-20 16:03:40,802{GMT}	INFO	[jepsen worker 4] jepsen.util: 4	:ok	:broadcast	18
2026-03-20 16:03:40,950{GMT}	INFO	[jepsen worker 0] jepsen.util: 0	:invoke	:read	nil
2026-03-20 16:03:40,951{GMT}	INFO	[jepsen worker 0] jepsen.util: 0	:ok	:read	[0 2 3 4 5 6 8 10 11 12 13 14 15 17 18]
2026-03-20 16:03:41,002{GMT}	INFO	[jepsen worker 0] jepsen.util: 0	:invoke	:broadcast	19
2026-03-20 16:03:41,004{GMT}	INFO	[jepsen worker 0] jepsen.util: 0	:ok	:broadcast	19
2026-03-20 16:03:41,103{GMT}	INFO	[jepsen worker 1] jepsen.util: 1	:invoke	:broadcast	20
2026-03-20 16:03:41,105{GMT}	INFO	[jepsen worker 1] jepsen.util: 1	:ok	:broadcast	20
2026-03-20 16:03:41,130{GMT}	INFO	[jepsen worker 2] jepsen.util: 2	:invoke	:broadcast	21
2026-03-20 16:03:41,131{GMT}	INFO	[jepsen worker 2] jepsen.util: 2	:ok	:broadcast	21
2026-03-20 16:03:41,298{GMT}	INFO	[jepsen worker 3] jepsen.util: 3	:invoke	:read	nil
2026-03-20 16:03:41,299{GMT}	INFO	[jepsen worker 3] jepsen.util: 3	:ok	:read	[0 2 3 4 5 6 8 10 11 12 13 14 15 17 18 19 20]
2026-03-20 16:03:41,363{GMT}	INFO	[jepsen worker 4] jepsen.util: 4	:invoke	:read	nil
2026-03-20 16:03:41,365{GMT}	INFO	[jepsen worker 4] jepsen.util: 4	:ok	:read	[0 2 3 4 5 6 8 10 11 12 13 14 15 17 18 19 20]
2026-03-20 16:03:41,443{GMT}	INFO	[jepsen worker 0] jepsen.util: 0	:invoke	:read	nil
2026-03-20 16:03:41,445{GMT}	INFO	[jepsen worker 0] jepsen.util: 0	:ok	:read	[0 2 3 4 5 6 8 10 11 12 13 14 15 17 18 19 20]
2026-03-20 16:03:41,452{GMT}	INFO	[jepsen worker 0] jepsen.util: 0	:invoke	:broadcast	22
2026-03-20 16:03:41,453{GMT}	INFO	[jepsen worker 0] jepsen.util: 0	:ok	:broadcast	22
2026-03-20 16:03:41,555{GMT}	INFO	[jepsen worker 1] jepsen.util: 1	:invoke	:broadcast	23
2026-03-20 16:03:41,556{GMT}	INFO	[jepsen worker 1] jepsen.util: 1	:ok	:broadcast	23
2026-03-20 16:03:41,751{GMT}	INFO	[jepsen worker 2] jepsen.util: 2	:invoke	:read	nil
2026-03-20 16:03:41,752{GMT}	INFO	[jepsen worker 2] jepsen.util: 2	:ok	:read	[1 7 9 16 21]
2026-03-20 16:03:41,820{GMT}	INFO	[jepsen worker 3] jepsen.util: 3	:invoke	:broadcast	24
2026-03-20 16:03:41,822{GMT}	INFO	[jepsen worker 3] jepsen.util: 3	:ok	:broadcast	24
2026-03-20 16:03:41,938{GMT}	INFO	[jepsen worker 4] jepsen.util: 4	:invoke	:broadcast	25
2026-03-20 16:03:41,940{GMT}	INFO	[jepsen worker 4] jepsen.util: 4	:ok	:broadcast	25
2026-03-20 16:03:42,074{GMT}	INFO	[jepsen worker 0] jepsen.util: 0	:invoke	:broadcast	26
2026-03-20 16:03:42,075{GMT}	INFO	[jepsen worker 0] jepsen.util: 0	:ok	:broadcast	26
2026-03-20 16:03:42,202{GMT}	INFO	[jepsen worker 0] jepsen.util: 0	:invoke	:read	nil
2026-03-20 16:03:42,204{GMT}	INFO	[jepsen worker 0] jepsen.util: 0	:ok	:read	[0 2 3 4 5 6 8 10 11 12 13 14 15 17 18 19 20 22 23 24 25 26]
2026-03-20 16:03:42,249{GMT}	INFO	[jepsen worker 1] jepsen.util: 1	:invoke	:read	nil
2026-03-20 16:03:42,251{GMT}	INFO	[jepsen worker 1] jepsen.util: 1	:ok	:read	[0 2 3 4 5 6 8 10 11 12 13 14 15 17 17 18 19 20 22 23 24 25 26]
2026-03-20 16:03:42,354{GMT}	INFO	[jepsen worker 2] jepsen.util: 2	:invoke	:read	nil
2026-03-20 16:03:42,355{GMT}	INFO	[jepsen worker 2] jepsen.util: 2	:ok	:read	[1 7 9 16 21]
2026-03-20 16:03:42,360{GMT}	INFO	[jepsen worker 3] jepsen.util: 3	:invoke	:broadcast	27
2026-03-20 16:03:42,362{GMT}	INFO	[jepsen worker 3] jepsen.util: 3	:ok	:broadcast	27
2026-03-20 16:03:42,479{GMT}	INFO	[jepsen worker 4] jepsen.util: 4	:invoke	:broadcast	28
2026-03-20 16:03:42,480{GMT}	INFO	[jepsen worker 4] jepsen.util: 4	:ok	:broadcast	28
2026-03-20 16:03:42,578{GMT}	INFO	[jepsen worker 0] jepsen.util: 0	:invoke	:broadcast	29
2026-03-20 16:03:42,579{GMT}	INFO	[jepsen worker 0] jepsen.util: 0	:ok	:broadcast	29
2026-03-20 16:03:42,708{GMT}	INFO	[jepsen worker 0] jepsen.util: 0	:invoke	:read	nil
2026-03-20 16:03:42,710{GMT}	INFO	[jepsen worker 0] jepsen.util: 0	:ok	:read	[0 2 3 4 5 6 8 10 11 12 13 14 15 17 18 19 20 22 23 24 25 26 27 28 29]
2026-03-20 16:03:42,842{GMT}	INFO	[jepsen worker 1] jepsen.util: 1	:invoke	:read	nil
2026-03-20 16:03:42,844{GMT}	INFO	[jepsen worker 1] jepsen.util: 1	:ok	:read	[0 2 3 4 5 6 8 10 11 12 13 14 15 17 17 18 19 20 22 23 24 25 26 27 28 29]
2026-03-20 16:03:42,907{GMT}	INFO	[jepsen worker 2] jepsen.util: 2	:invoke	:read	nil
2026-03-20 16:03:42,908{GMT}	INFO	[jepsen worker 2] jepsen.util: 2	:ok	:read	[1 7 9 16 21]
2026-03-20 16:03:42,983{GMT}	INFO	[jepsen worker 3] jepsen.util: 3	:invoke	:read	nil
2026-03-20 16:03:42,985{GMT}	INFO	[jepsen worker 3] jepsen.util: 3	:ok	:read	[0 2 3 4 5 6 8 10 11 12 13 14 15 17 18 19 20 22 23 24 25 26 27 28 29]
2026-03-20 16:03:43,137{GMT}	INFO	[jepsen worker 4] jepsen.util: 4	:invoke	:read	nil
2026-03-20 16:03:43,140{GMT}	INFO	[jepsen worker 4] jepsen.util: 4	:ok	:read	[0 2 3 4 5 6 8 10 11 12 13 14 15 17 18 19 20 22 23 24 25 26 27 28 29]
2026-03-20 16:03:43,249{GMT}	INFO	[jepsen worker 0] jepsen.util: 0	:invoke	:read	nil
2026-03-20 16:03:43,251{GMT}	INFO	[jepsen worker 0] jepsen.util: 0	:ok	:read	[0 2 3 4 5 6 8 10 11 12 13 14 15 17 18 19 20 22 23 24 25 26 27 28 29]
2026-03-20 16:03:43,355{GMT}	INFO	[jepsen worker 0] jepsen.util: 0	:invoke	:read	nil
2026-03-20 16:03:43,358{GMT}	INFO	[jepsen worker 0] jepsen.util: 0	:ok	:read	[0 2 3 4 5 6 8 10 11 12 13 14 15 17 18 19 20 22 23 24 25 26 27 28 29]
2026-03-20 16:03:43,419{GMT}	INFO	[jepsen worker 1] jepsen.util: 1	:invoke	:broadcast	30
2026-03-20 16:03:43,421{GMT}	INFO	[jepsen worker 1] jepsen.util: 1	:ok	:broadcast	30
2026-03-20 16:03:43,423{GMT}	INFO	[jepsen worker 2] jepsen.util: 2	:invoke	:read	nil
2026-03-20 16:03:43,427{GMT}	INFO	[jepsen worker 2] jepsen.util: 2	:ok	:read	[1 7 9 16 21]
2026-03-20 16:03:43,483{GMT}	INFO	[jepsen worker 3] jepsen.util: 3	:invoke	:broadcast	31
2026-03-20 16:03:43,485{GMT}	INFO	[jepsen worker 3] jepsen.util: 3	:ok	:broadcast	31
2026-03-20 16:03:43,648{GMT}	INFO	[jepsen worker 4] jepsen.util: 4	:invoke	:read	nil
2026-03-20 16:03:43,650{GMT}	INFO	[jepsen worker 4] jepsen.util: 4	:ok	:read	[0 2 3 4 5 6 8 10 11 12 13 14 15 17 18 19 20 22 23 24 25 26 27 28 29 30 31]
2026-03-20 16:03:43,796{GMT}	INFO	[jepsen worker 0] jepsen.util: 0	:invoke	:read	nil
2026-03-20 16:03:43,798{GMT}	INFO	[jepsen worker 0] jepsen.util: 0	:ok	:read	[0 2 3 4 5 6 8 10 11 12 13 14 15 17 18 19 20 22 23 24 25 26 27 28 29 30 31]
2026-03-20 16:03:43,920{GMT}	INFO	[jepsen worker 0] jepsen.util: 0	:invoke	:broadcast	32
2026-03-20 16:03:43,922{GMT}	INFO	[jepsen worker 0] jepsen.util: 0	:ok	:broadcast	32
2026-03-20 16:03:44,009{GMT}	INFO	[jepsen worker 1] jepsen.util: 1	:invoke	:broadcast	33
2026-03-20 16:03:44,011{GMT}	INFO	[jepsen worker 1] jepsen.util: 1	:ok	:broadcast	33
2026-03-20 16:03:44,185{GMT}	INFO	[jepsen worker 2] jepsen.util: 2	:invoke	:broadcast	34
2026-03-20 16:03:44,186{GMT}	INFO	[jepsen worker 2] jepsen.util: 2	:ok	:broadcast	34
2026-03-20 16:03:44,338{GMT}	INFO	[jepsen worker 3] jepsen.util: 3	:invoke	:read	nil
2026-03-20 16:03:44,339{GMT}	INFO	[jepsen worker 3] jepsen.util: 3	:ok	:read	[0 2 3 4 5 6 8 10 11 12 13 14 15 17 18 19 20 22 23 24 25 26 27 28 29 30 31 32 33]
2026-03-20 16:03:44,388{GMT}	INFO	[jepsen worker 4] jepsen.util: 4	:invoke	:read	nil
2026-03-20 16:03:44,389{GMT}	INFO	[jepsen worker 4] jepsen.util: 4	:ok	:read	[0 2 3 4 5 6 8 10 11 12 13 14 15 17 18 19 20 22 23 24 25 26 27 28 29 30 31 32 33]
2026-03-20 16:03:44,524{GMT}	INFO	[jepsen worker 0] jepsen.util: 0	:invoke	:read	nil
2026-03-20 16:03:44,526{GMT}	INFO	[jepsen worker 0] jepsen.util: 0	:ok	:read	[0 2 3 4 5 6 8 10 11 12 13 14 15 17 18 19 20 22 23 24 25 26 27 28 29 30 31 32 33]
2026-03-20 16:03:44,686{GMT}	INFO	[jepsen worker 0] jepsen.util: 0	:invoke	:broadcast	35
2026-03-20 16:03:44,687{GMT}	INFO	[jepsen worker 0] jepsen.util: 0	:ok	:broadcast	35
2026-03-20 16:03:44,765{GMT}	INFO	[jepsen worker 1] jepsen.util: 1	:invoke	:read	nil
2026-03-20 16:03:44,767{GMT}	INFO	[jepsen worker 1] jepsen.util: 1	:ok	:read	[0 2 3 4 5 6 8 10 11 12 13 14 15 17 17 18 19 20 22 23 24 25 26 27 28 29 30 31 32 33 35]
2026-03-20 16:03:44,925{GMT}	INFO	[jepsen worker 2] jepsen.util: 2	:invoke	:read	nil
2026-03-20 16:03:44,927{GMT}	INFO	[jepsen worker 2] jepsen.util: 2	:ok	:read	[1 7 9 16 21 34]
2026-03-20 16:03:44,934{GMT}	INFO	[jepsen worker 3] jepsen.util: 3	:invoke	:read	nil
2026-03-20 16:03:44,936{GMT}	INFO	[jepsen worker 3] jepsen.util: 3	:ok	:read	[0 2 3 4 5 6 8 10 11 12 13 14 15 17 18 19 20 22 23 24 25 26 27 28 29 30 31 32 33 35]
2026-03-20 16:03:45,133{GMT}	INFO	[jepsen worker 4] jepsen.util: 4	:invoke	:broadcast	36
2026-03-20 16:03:45,135{GMT}	INFO	[jepsen worker 4] jepsen.util: 4	:ok	:broadcast	36
2026-03-20 16:03:45,247{GMT}	INFO	[jepsen worker 0] jepsen.util: 0	:invoke	:broadcast	37
2026-03-20 16:03:45,249{GMT}	INFO	[jepsen worker 0] jepsen.util: 0	:ok	:broadcast	37
2026-03-20 16:03:45,432{GMT}	INFO	[jepsen worker 0] jepsen.util: 0	:invoke	:broadcast	38
2026-03-20 16:03:45,433{GMT}	INFO	[jepsen worker 0] jepsen.util: 0	:ok	:broadcast	38
2026-03-20 16:03:45,532{GMT}	INFO	[jepsen worker 1] jepsen.util: 1	:invoke	:read	nil
2026-03-20 16:03:45,534{GMT}	INFO	[jepsen worker 1] jepsen.util: 1	:ok	:read	[0 2 3 4 5 6 8 10 11 12 13 14 15 17 17 18 19 20 22 23 24 25 26 27 28 29 30 31 32 33 35 36 37 38]
2026-03-20 16:03:45,691{GMT}	INFO	[jepsen worker 2] jepsen.util: 2	:invoke	:broadcast	39
2026-03-20 16:03:45,693{GMT}	INFO	[jepsen worker 2] jepsen.util: 2	:ok	:broadcast	39
2026-03-20 16:03:45,758{GMT}	INFO	[jepsen worker 3] jepsen.util: 3	:invoke	:broadcast	40
2026-03-20 16:03:45,760{GMT}	INFO	[jepsen worker 3] jepsen.util: 3	:ok	:broadcast	40
2026-03-20 16:03:45,828{GMT}	INFO	[jepsen worker 4] jepsen.util: 4	:invoke	:read	nil
2026-03-20 16:03:45,830{GMT}	INFO	[jepsen worker 4] jepsen.util: 4	:ok	:read	[0 2 3 4 5 6 8 10 11 12 13 14 15 17 18 19 20 22 23 24 25 26 27 28 29 30 31 32 33 35 36 37 38 40]
2026-03-20 16:03:45,942{GMT}	INFO	[jepsen worker 0] jepsen.util: 0	:invoke	:read	nil
2026-03-20 16:03:45,943{GMT}	INFO	[jepsen worker 0] jepsen.util: 0	:ok	:read	[0 2 3 4 5 6 8 10 11 12 13 14 15 17 18 19 20 22 23 24 25 26 27 28 29 30 31 32 33 35 36 37 38 40]
2026-03-20 16:03:46,101{GMT}	INFO	[jepsen worker 0] jepsen.util: 0	:invoke	:broadcast	41
2026-03-20 16:03:46,103{GMT}	INFO	[jepsen worker 0] jepsen.util: 0	:ok	:broadcast	41
2026-03-20 16:03:46,140{GMT}	INFO	[jepsen worker 1] jepsen.util: 1	:invoke	:read	nil
2026-03-20 16:03:46,142{GMT}	INFO	[jepsen worker 1] jepsen.util: 1	:ok	:read	[0 2 3 4 5 6 8 10 11 12 13 14 15 17 17 18 19 20 22 23 24 25 26 27 28 29 30 31 32 33 35 36 37 38 40 41]
2026-03-20 16:03:46,259{GMT}	INFO	[jepsen worker 2] jepsen.util: 2	:invoke	:read	nil
2026-03-20 16:03:46,261{GMT}	INFO	[jepsen worker 2] jepsen.util: 2	:ok	:read	[1 7 9 16 21 34 39]
2026-03-20 16:03:46,351{GMT}	INFO	[jepsen worker 3] jepsen.util: 3	:invoke	:broadcast	42
2026-03-20 16:03:46,353{GMT}	INFO	[jepsen worker 3] jepsen.util: 3	:ok	:broadcast	42
2026-03-20 16:03:46,489{GMT}	INFO	[jepsen worker 4] jepsen.util: 4	:invoke	:read	nil
2026-03-20 16:03:46,491{GMT}	INFO	[jepsen worker 4] jepsen.util: 4	:ok	:read	[0 2 3 4 5 6 8 10 11 12 13 14 15 17 18 19 20 22 23 24 25 26 27 28 29 30 31 32 33 35 36 37 38 40 41 42]
2026-03-20 16:03:46,636{GMT}	INFO	[jepsen worker 0] jepsen.util: 0	:invoke	:broadcast	43
2026-03-20 16:03:46,638{GMT}	INFO	[jepsen worker 0] jepsen.util: 0	:ok	:broadcast	43
2026-03-20 16:03:46,703{GMT}	INFO	[jepsen worker 0] jepsen.util: 0	:invoke	:read	nil
2026-03-20 16:03:46,705{GMT}	INFO	[jepsen worker 0] jepsen.util: 0	:ok	:read	[0 2 3 4 5 6 8 10 11 12 13 14 15 17 18 19 20 22 23 24 25 26 27 28 29 30 31 32 33 35 36 37 38 40 41 42 43]
2026-03-20 16:03:46,748{GMT}	INFO	[jepsen worker 1] jepsen.util: 1	:invoke	:broadcast	44
2026-03-20 16:03:46,750{GMT}	INFO	[jepsen worker 1] jepsen.util: 1	:ok	:broadcast	44
2026-03-20 16:03:46,881{GMT}	INFO	[jepsen worker 2] jepsen.util: 2	:invoke	:read	nil
2026-03-20 16:03:46,882{GMT}	INFO	[jepsen worker 2] jepsen.util: 2	:ok	:read	[1 7 9 16 21 34 39]
2026-03-20 16:03:46,982{GMT}	INFO	[jepsen worker 3] jepsen.util: 3	:invoke	:broadcast	45
2026-03-20 16:03:46,983{GMT}	INFO	[jepsen worker 3] jepsen.util: 3	:ok	:broadcast	45
2026-03-20 16:03:47,080{GMT}	INFO	[jepsen worker 4] jepsen.util: 4	:invoke	:broadcast	46
2026-03-20 16:03:47,082{GMT}	INFO	[jepsen worker 4] jepsen.util: 4	:ok	:broadcast	46
2026-03-20 16:03:47,147{GMT}	INFO	[jepsen worker 0] jepsen.util: 0	:invoke	:broadcast	47
2026-03-20 16:03:47,149{GMT}	INFO	[jepsen worker 0] jepsen.util: 0	:ok	:broadcast	47
2026-03-20 16:03:47,244{GMT}	INFO	[jepsen worker 0] jepsen.util: 0	:invoke	:read	nil
2026-03-20 16:03:47,245{GMT}	INFO	[jepsen worker 0] jepsen.util: 0	:ok	:read	[0 2 3 4 5 6 8 10 11 12 13 14 15 17 18 19 20 22 23 24 25 26 27 28 29 30 31 32 33 35 36 37 38 40 41 42 43 44 45 46 47]
2026-03-20 16:03:47,438{GMT}	INFO	[jepsen worker 1] jepsen.util: 1	:invoke	:read	nil
2026-03-20 16:03:47,440{GMT}	INFO	[jepsen worker 1] jepsen.util: 1	:ok	:read	[0 2 3 4 5 6 8 10 11 12 13 14 15 17 17 18 19 20 22 23 24 25 26 27 28 29 30 31 32 33 35 36 37 38 40 41 42 43 44 45 46 47]
2026-03-20 16:03:47,568{GMT}	INFO	[jepsen worker 2] jepsen.util: 2	:invoke	:read	nil
2026-03-20 16:03:47,569{GMT}	INFO	[jepsen worker 2] jepsen.util: 2	:ok	:read	[1 7 9 16 21 34 39]
2026-03-20 16:03:47,732{GMT}	INFO	[jepsen worker 3] jepsen.util: 3	:invoke	:broadcast	48
2026-03-20 16:03:47,733{GMT}	INFO	[jepsen worker 3] jepsen.util: 3	:ok	:broadcast	48
2026-03-20 16:03:47,750{GMT}	INFO	[jepsen worker 4] jepsen.util: 4	:invoke	:read	nil
2026-03-20 16:03:47,753{GMT}	INFO	[jepsen worker 4] jepsen.util: 4	:ok	:read	[0 2 3 4 5 6 8 10 11 12 13 14 15 17 18 19 20 22 23 24 25 26 27 28 29 30 31 32 33 35 36 37 38 40 41 42 43 44 45 46 47 48]
2026-03-20 16:03:47,812{GMT}	INFO	[jepsen worker 0] jepsen.util: 0	:invoke	:read	nil
2026-03-20 16:03:47,813{GMT}	INFO	[jepsen worker 0] jepsen.util: 0	:ok	:read	[0 2 3 4 5 6 8 10 11 12 13 14 15 17 18 19 20 22 23 24 25 26 27 28 29 30 31 32 33 35 36 37 38 40 41 42 43 44 45 46 47 48]
2026-03-20 16:03:47,970{GMT}	INFO	[jepsen worker 0] jepsen.util: 0	:invoke	:broadcast	49
2026-03-20 16:03:47,971{GMT}	INFO	[jepsen worker 0] jepsen.util: 0	:ok	:broadcast	49
2026-03-20 16:03:48,095{GMT}	INFO	[jepsen worker 1] jepsen.util: 1	:invoke	:read	nil
2026-03-20 16:03:48,097{GMT}	INFO	[jepsen worker 1] jepsen.util: 1	:ok	:read	[0 2 3 4 5 6 8 10 11 12 13 14 15 17 17 18 19 20 22 23 24 25 26 27 28 29 30 31 32 33 35 36 37 38 40 41 42 43 44 45 46 47 48 49]
2026-03-20 16:03:48,268{GMT}	INFO	[jepsen worker 2] jepsen.util: 2	:invoke	:broadcast	50
2026-03-20 16:03:48,269{GMT}	INFO	[jepsen worker 2] jepsen.util: 2	:ok	:broadcast	50
2026-03-20 16:03:48,394{GMT}	INFO	[jepsen worker 3] jepsen.util: 3	:invoke	:broadcast	51
2026-03-20 16:03:48,396{GMT}	INFO	[jepsen worker 3] jepsen.util: 3	:ok	:broadcast	51
2026-03-20 16:03:48,411{GMT}	INFO	[jepsen worker 4] jepsen.util: 4	:invoke	:broadcast	52
2026-03-20 16:03:48,412{GMT}	INFO	[jepsen worker 4] jepsen.util: 4	:ok	:broadcast	52
2026-03-20 16:03:48,589{GMT}	INFO	[jepsen worker 0] jepsen.util: 0	:invoke	:read	nil
2026-03-20 16:03:48,590{GMT}	INFO	[jepsen worker 0] jepsen.util: 0	:ok	:read	[0 2 3 4 5 6 8 10 11 12 13 14 15 17 18 19 20 22 23 24 25 26 27 28 29 30 31 32 33 35 36 37 38 40 41 42 43 44 45 46 47 48 49 51 52]
2026-03-20 16:03:48,713{GMT}	INFO	[jepsen worker 0] jepsen.util: 0	:invoke	:read	nil
2026-03-20 16:03:48,715{GMT}	INFO	[jepsen worker 0] jepsen.util: 0	:ok	:read	[0 2 3 4 5 6 8 10 11 12 13 14 15 17 18 19 20 22 23 24 25 26 27 28 29 30 31 32 33 35 36 37 38 40 41 42 43 44 45 46 47 48 49 51 52]
2026-03-20 16:03:48,822{GMT}	INFO	[jepsen worker 1] jepsen.util: 1	:invoke	:broadcast	53
2026-03-20 16:03:48,823{GMT}	INFO	[jepsen worker 1] jepsen.util: 1	:ok	:broadcast	53
2026-03-20 16:03:48,879{GMT}	INFO	[jepsen worker 2] jepsen.util: 2	:invoke	:broadcast	54
2026-03-20 16:03:48,880{GMT}	INFO	[jepsen worker 2] jepsen.util: 2	:ok	:broadcast	54
2026-03-20 16:03:49,051{GMT}	INFO	[jepsen worker 3] jepsen.util: 3	:invoke	:read	nil
2026-03-20 16:03:49,052{GMT}	INFO	[jepsen worker 3] jepsen.util: 3	:ok	:read	[0 2 3 4 5 6 8 10 11 12 13 14 15 17 18 19 20 22 23 24 25 26 27 28 29 30 31 32 33 35 36 37 38 40 41 42 43 44 45 46 47 48 49 51 52 53]
2026-03-20 16:03:49,168{GMT}	INFO	[jepsen worker 4] jepsen.util: 4	:invoke	:broadcast	55
2026-03-20 16:03:49,169{GMT}	INFO	[jepsen worker 4] jepsen.util: 4	:ok	:broadcast	55
2026-03-20 16:03:49,288{GMT}	INFO	[jepsen worker 0] jepsen.util: 0	:invoke	:broadcast	56
2026-03-20 16:03:49,290{GMT}	INFO	[jepsen worker 0] jepsen.util: 0	:ok	:broadcast	56
2026-03-20 16:03:49,331{GMT}	INFO	[jepsen worker 0] jepsen.util: 0	:invoke	:read	nil
2026-03-20 16:03:49,332{GMT}	INFO	[jepsen worker 0] jepsen.util: 0	:ok	:read	[0 2 3 4 5 6 8 10 11 12 13 14 15 17 18 19 20 22 23 24 25 26 27 28 29 30 31 32 33 35 36 37 38 40 41 42 43 44 45 46 47 48 49 51 52 53 55 56]
2026-03-20 16:03:49,489{GMT}	INFO	[jepsen worker 1] jepsen.util: 1	:invoke	:broadcast	57
2026-03-20 16:03:49,490{GMT}	INFO	[jepsen worker 1] jepsen.util: 1	:ok	:broadcast	57
2026-03-20 16:03:49,566{GMT}	INFO	[jepsen worker 2] jepsen.util: 2	:invoke	:read	nil
2026-03-20 16:03:49,567{GMT}	INFO	[jepsen worker 2] jepsen.util: 2	:ok	:read	[1 7 9 16 21 34 39 50 54]
2026-03-20 16:03:49,695{GMT}	INFO	[jepsen worker 3] jepsen.util: 3	:invoke	:read	nil
2026-03-20 16:03:49,696{GMT}	INFO	[jepsen worker 3] jepsen.util: 3	:ok	:read	[0 2 3 4 5 6 8 10 11 12 13 14 15 17 18 19 20 22 23 24 25 26 27 28 29 30 31 32 33 35 36 37 38 40 41 42 43 44 45 46 47 48 49 51 52 53 55 56 57]
2026-03-20 16:03:49,838{GMT}	INFO	[jepsen worker 4] jepsen.util: 4	:invoke	:broadcast	58
2026-03-20 16:03:49,840{GMT}	INFO	[jepsen worker 4] jepsen.util: 4	:ok	:broadcast	58
2026-03-20 16:03:49,852{GMT}	INFO	[jepsen worker 0] jepsen.util: 0	:invoke	:read	nil
2026-03-20 16:03:49,853{GMT}	INFO	[jepsen worker 0] jepsen.util: 0	:ok	:read	[0 2 3 4 5 6 8 10 11 12 13 14 15 17 18 19 20 22 23 24 25 26 27 28 29 30 31 32 33 35 36 37 38 40 41 42 43 44 45 46 47 48 49 51 52 53 55 56 57 58]
2026-03-20 16:03:49,956{GMT}	INFO	[jepsen worker 0] jepsen.util: 0	:invoke	:read	nil
2026-03-20 16:03:49,958{GMT}	INFO	[jepsen worker 0] jepsen.util: 0	:ok	:read	[0 2 3 4 5 6 8 10 11 12 13 14 15 17 18 19 20 22 23 24 25 26 27 28 29 30 31 32 33 35 36 37 38 40 41 42 43 44 45 46 47 48 49 51 52 53 55 56 57 58]
2026-03-20 16:03:50,048{GMT}	INFO	[jepsen worker 1] jepsen.util: 1	:invoke	:broadcast	59
2026-03-20 16:03:50,050{GMT}	INFO	[jepsen worker 1] jepsen.util: 1	:ok	:broadcast	59
2026-03-20 16:03:50,097{GMT}	INFO	[jepsen worker 2] jepsen.util: 2	:invoke	:broadcast	60
2026-03-20 16:03:50,098{GMT}	INFO	[jepsen worker 2] jepsen.util: 2	:ok	:broadcast	60
2026-03-20 16:03:50,276{GMT}	INFO	[jepsen worker 3] jepsen.util: 3	:invoke	:read	nil
2026-03-20 16:03:50,277{GMT}	INFO	[jepsen worker 3] jepsen.util: 3	:ok	:read	[0 2 3 4 5 6 8 10 11 12 13 14 15 17 18 19 20 22 23 24 25 26 27 28 29 30 31 32 33 35 36 37 38 40 41 42 43 44 45 46 47 48 49 51 52 53 55 56 57 58 59 59]
2026-03-20 16:03:50,412{GMT}	INFO	[jepsen worker 4] jepsen.util: 4	:invoke	:broadcast	61
2026-03-20 16:03:50,413{GMT}	INFO	[jepsen worker 4] jepsen.util: 4	:ok	:broadcast	61
2026-03-20 16:03:50,587{GMT}	INFO	[jepsen worker 0] jepsen.util: 0	:invoke	:broadcast	62
2026-03-20 16:03:50,588{GMT}	INFO	[jepsen worker 0] jepsen.util: 0	:ok	:broadcast	62
2026-03-20 16:03:50,701{GMT}	INFO	[jepsen worker 0] jepsen.util: 0	:invoke	:broadcast	63
2026-03-20 16:03:50,702{GMT}	INFO	[jepsen worker 0] jepsen.util: 0	:ok	:broadcast	63
2026-03-20 16:03:50,836{GMT}	INFO	[jepsen worker 1] jepsen.util: 1	:invoke	:broadcast	64
2026-03-20 16:03:50,838{GMT}	INFO	[jepsen worker 1] jepsen.util: 1	:ok	:broadcast	64
2026-03-20 16:03:50,950{GMT}	INFO	[jepsen worker 2] jepsen.util: 2	:invoke	:broadcast	65
2026-03-20 16:03:50,952{GMT}	INFO	[jepsen worker 2] jepsen.util: 2	:ok	:broadcast	65
2026-03-20 16:03:51,059{GMT}	INFO	[jepsen worker 3] jepsen.util: 3	:invoke	:broadcast	66
2026-03-20 16:03:51,060{GMT}	INFO	[jepsen worker 3] jepsen.util: 3	:ok	:broadcast	66
2026-03-20 16:03:51,248{GMT}	INFO	[jepsen worker 4] jepsen.util: 4	:invoke	:broadcast	67
2026-03-20 16:03:51,249{GMT}	INFO	[jepsen worker 4] jepsen.util: 4	:ok	:broadcast	67
2026-03-20 16:03:51,311{GMT}	INFO	[jepsen worker 0] jepsen.util: 0	:invoke	:read	nil
2026-03-20 16:03:51,312{GMT}	INFO	[jepsen worker 0] jepsen.util: 0	:ok	:read	[0 2 3 4 5 6 8 10 11 12 13 14 15 17 18 19 20 22 23 24 25 26 27 28 29 30 31 32 33 35 36 37 38 40 41 42 43 44 45 46 47 48 49 51 52 53 55 56 57 58 59 61 62 63 64 66 67 67]
2026-03-20 16:03:51,394{GMT}	INFO	[jepsen worker 0] jepsen.util: 0	:invoke	:broadcast	68
2026-03-20 16:03:51,396{GMT}	INFO	[jepsen worker 0] jepsen.util: 0	:ok	:broadcast	68
2026-03-20 16:03:51,495{GMT}	INFO	[jepsen worker 1] jepsen.util: 1	:invoke	:read	nil
2026-03-20 16:03:51,496{GMT}	INFO	[jepsen worker 1] jepsen.util: 1	:ok	:read	[0 2 3 4 5 6 8 10 11 12 13 14 15 17 17 18 19 20 22 23 24 25 26 27 28 29 30 31 32 33 35 36 37 38 40 41 42 43 44 45 46 47 48 49 51 52 53 55 56 57 58 59 61 62 63 64 66 66 67 68]
2026-03-20 16:03:51,584{GMT}	INFO	[jepsen worker 2] jepsen.util: 2	:invoke	:read	nil
2026-03-20 16:03:51,585{GMT}	INFO	[jepsen worker 2] jepsen.util: 2	:ok	:read	[1 7 9 16 21 34 39 50 54 60 65]
2026-03-20 16:03:51,706{GMT}	INFO	[jepsen worker 3] jepsen.util: 3	:invoke	:read	nil
2026-03-20 16:03:51,707{GMT}	INFO	[jepsen worker 3] jepsen.util: 3	:ok	:read	[0 2 3 4 5 6 8 10 11 12 13 14 15 17 18 19 20 22 23 24 25 26 27 28 29 30 31 32 33 35 36 37 38 40 41 42 43 44 45 46 47 48 49 51 52 53 55 56 57 58 59 59 61 62 63 64 66 67 68]
2026-03-20 16:03:51,849{GMT}	INFO	[jepsen worker 4] jepsen.util: 4	:invoke	:broadcast	69
2026-03-20 16:03:51,851{GMT}	INFO	[jepsen worker 4] jepsen.util: 4	:ok	:broadcast	69
2026-03-20 16:03:51,950{GMT}	INFO	[jepsen worker 0] jepsen.util: 0	:invoke	:broadcast	70
2026-03-20 16:03:51,951{GMT}	INFO	[jepsen worker 0] jepsen.util: 0	:ok	:broadcast	70
2026-03-20 16:03:52,119{GMT}	INFO	[jepsen worker 0] jepsen.util: 0	:invoke	:broadcast	71
2026-03-20 16:03:52,120{GMT}	INFO	[jepsen worker 0] jepsen.util: 0	:ok	:broadcast	71
2026-03-20 16:03:52,183{GMT}	INFO	[jepsen worker 1] jepsen.util: 1	:invoke	:broadcast	72
2026-03-20 16:03:52,184{GMT}	INFO	[jepsen worker 1] jepsen.util: 1	:ok	:broadcast	72
2026-03-20 16:03:52,369{GMT}	INFO	[jepsen worker 2] jepsen.util: 2	:invoke	:read	nil
2026-03-20 16:03:52,370{GMT}	INFO	[jepsen worker 2] jepsen.util: 2	:ok	:read	[1 7 9 16 21 34 39 50 54 60 65]
2026-03-20 16:03:52,386{GMT}	INFO	[jepsen worker 3] jepsen.util: 3	:invoke	:broadcast	73
2026-03-20 16:03:52,387{GMT}	INFO	[jepsen worker 3] jepsen.util: 3	:ok	:broadcast	73
2026-03-20 16:03:52,478{GMT}	INFO	[jepsen worker nemesis] jepsen.util: :nemesis	:info	:stop-partition	nil
2026-03-20 16:03:52,478{GMT}	INFO	[jepsen worker nemesis] jepsen.util: :nemesis	:info	:stop-partition	:network-healed
2026-03-20 16:03:52,553{GMT}	INFO	[jepsen worker 0] jepsen.util: 0	:invoke	:broadcast	74
2026-03-20 16:03:52,554{GMT}	INFO	[jepsen worker 0] jepsen.util: 0	:ok	:broadcast	74
2026-03-20 16:03:52,743{GMT}	INFO	[jepsen worker 0] jepsen.util: 0	:invoke	:broadcast	75
2026-03-20 16:03:52,744{GMT}	INFO	[jepsen worker 0] jepsen.util: 0	:ok	:broadcast	75
2026-03-20 16:03:52,765{GMT}	INFO	[jepsen worker 1] jepsen.util: 1	:invoke	:read	nil
2026-03-20 16:03:52,767{GMT}	INFO	[jepsen worker 1] jepsen.util: 1	:ok	:read	[0 2 3 4 5 6 8 10 11 12 13 14 15 17 17 18 19 20 22 23 24 25 26 27 28 29 30 31 32 33 35 36 37 38 40 41 42 43 44 45 46 47 48 49 51 52 53 55 56 57 58 59 61 62 63 64 66 66 67 68 69 70 71 72 73 73 74 75]
2026-03-20 16:03:52,954{GMT}	INFO	[jepsen worker 2] jepsen.util: 2	:invoke	:read	nil
2026-03-20 16:03:52,956{GMT}	INFO	[jepsen worker 2] jepsen.util: 2	:ok	:read	[1 7 9 16 21 34 39 50 54 60 65 74 75]
2026-03-20 16:03:52,983{GMT}	INFO	[jepsen worker 3] jepsen.util: 3	:invoke	:read	nil
2026-03-20 16:03:52,984{GMT}	INFO	[jepsen worker 3] jepsen.util: 3	:ok	:read	[0 2 3 4 5 6 8 10 11 12 13 14 15 17 18 19 20 22 23 24 25 26 27 28 29 30 31 32 33 35 36 37 38 40 41 42 43 44 45 46 47 48 49 51 52 53 55 56 57 58 59 59 61 62 63 64 66 67 68 69 70 71 72 73 74 75]
2026-03-20 16:03:53,027{GMT}	INFO	[jepsen worker 4] jepsen.util: 4	:invoke	:read	nil
2026-03-20 16:03:53,029{GMT}	INFO	[jepsen worker 4] jepsen.util: 4	:ok	:read	[0 2 3 4 5 6 8 10 11 12 13 14 15 17 18 19 20 22 23 24 25 26 27 28 29 30 31 32 33 35 36 37 38 40 41 42 43 44 45 46 47 48 49 51 52 53 55 56 57 58 59 61 62 62 63 64 66 67 68 69 70 71 71 72 73 74 75 75]
2026-03-20 16:03:53,095{GMT}	INFO	[jepsen worker 0] jepsen.util: 0	:invoke	:broadcast	76
2026-03-20 16:03:53,096{GMT}	INFO	[jepsen worker 0] jepsen.util: 0	:ok	:broadcast	76
2026-03-20 16:03:53,101{GMT}	INFO	[jepsen worker 0] jepsen.util: 0	:invoke	:read	nil
2026-03-20 16:03:53,102{GMT}	INFO	[jepsen worker 0] jepsen.util: 0	:ok	:read	[0 2 3 4 5 6 8 10 11 12 13 14 15 17 18 19 20 22 23 24 25 26 27 28 29 30 31 32 33 35 36 37 38 40 41 42 43 44 45 46 47 48 49 51 52 53 55 56 57 58 59 61 62 63 64 66 67 67 68 69 70 71 72 73 74 75 76]
2026-03-20 16:03:53,285{GMT}	INFO	[jepsen worker 1] jepsen.util: 1	:invoke	:broadcast	77
2026-03-20 16:03:53,287{GMT}	INFO	[jepsen worker 1] jepsen.util: 1	:ok	:broadcast	77
2026-03-20 16:03:53,293{GMT}	INFO	[jepsen worker 2] jepsen.util: 2	:invoke	:broadcast	78
2026-03-20 16:03:53,295{GMT}	INFO	[jepsen worker 2] jepsen.util: 2	:ok	:broadcast	78
2026-03-20 16:03:53,359{GMT}	INFO	[jepsen worker 3] jepsen.util: 3	:invoke	:broadcast	79
2026-03-20 16:03:53,361{GMT}	INFO	[jepsen worker 3] jepsen.util: 3	:ok	:broadcast	79
2026-03-20 16:03:53,461{GMT}	INFO	[jepsen worker 4] jepsen.util: 4	:invoke	:read	nil
2026-03-20 16:03:53,462{GMT}	INFO	[jepsen worker 4] jepsen.util: 4	:ok	:read	[0 2 3 4 5 6 8 10 11 12 13 14 15 17 18 19 20 22 23 24 25 26 27 28 29 30 31 32 33 35 36 37 38 40 41 42 43 44 45 46 47 48 49 51 52 53 55 56 57 58 59 61 62 62 63 64 66 67 68 69 70 71 71 72 73 74 75 75 76 77 78 79]
2026-03-20 16:03:53,531{GMT}	INFO	[jepsen worker 0] jepsen.util: 0	:invoke	:read	nil
2026-03-20 16:03:53,532{GMT}	INFO	[jepsen worker 0] jepsen.util: 0	:ok	:read	[0 2 3 4 5 6 8 10 11 12 13 14 15 17 18 19 20 22 23 24 25 26 27 28 29 30 31 32 33 35 36 37 38 40 41 42 43 44 45 46 47 48 49 51 52 53 55 56 57 58 59 61 62 63 64 66 67 67 68 69 70 71 72 73 74 75 76 77 78 79]
2026-03-20 16:03:53,593{GMT}	INFO	[jepsen worker 0] jepsen.util: 0	:invoke	:read	nil
2026-03-20 16:03:53,594{GMT}	INFO	[jepsen worker 0] jepsen.util: 0	:ok	:read	[0 2 3 4 5 6 8 10 11 12 13 14 15 17 18 19 20 22 23 24 25 26 27 28 29 30 31 32 33 35 36 37 38 40 41 42 43 44 45 46 47 48 49 51 52 53 55 56 57 58 59 61 62 63 64 66 67 67 68 69 70 71 72 73 74 75 76 77 78 79]
2026-03-20 16:03:53,595{GMT}	INFO	[jepsen worker 1] jepsen.util: 1	:invoke	:read	nil
2026-03-20 16:03:53,597{GMT}	INFO	[jepsen worker 1] jepsen.util: 1	:ok	:read	[0 2 3 4 5 6 8 10 11 12 13 14 15 17 17 18 19 20 22 23 24 25 26 27 28 29 30 31 32 33 35 36 37 38 40 41 42 43 44 45 46 47 48 49 51 52 53 55 56 57 58 59 61 62 63 64 66 66 67 68 69 70 71 72 73 73 74 75 76 77 78 79]
2026-03-20 16:03:53,788{GMT}	INFO	[jepsen worker 2] jepsen.util: 2	:invoke	:broadcast	80
2026-03-20 16:03:53,790{GMT}	INFO	[jepsen worker 2] jepsen.util: 2	:ok	:broadcast	80
2026-03-20 16:03:53,953{GMT}	INFO	[jepsen worker 3] jepsen.util: 3	:invoke	:broadcast	81
2026-03-20 16:03:53,954{GMT}	INFO	[jepsen worker 3] jepsen.util: 3	:ok	:broadcast	81
2026-03-20 16:03:54,080{GMT}	INFO	[jepsen worker 4] jepsen.util: 4	:invoke	:broadcast	82
2026-03-20 16:03:54,081{GMT}	INFO	[jepsen worker 4] jepsen.util: 4	:ok	:broadcast	82
2026-03-20 16:03:54,140{GMT}	INFO	[jepsen worker 0] jepsen.util: 0	:invoke	:read	nil
2026-03-20 16:03:54,141{GMT}	INFO	[jepsen worker 0] jepsen.util: 0	:ok	:read	[0 2 3 4 5 6 8 10 11 12 13 14 15 17 18 19 20 22 23 24 25 26 27 28 29 30 31 32 33 35 36 37 38 40 41 42 43 44 45 46 47 48 49 51 52 53 55 56 57 58 59 61 62 63 64 66 67 67 68 69 70 71 72 73 74 75 76 77 78 79 80 81 82]
2026-03-20 16:03:54,239{GMT}	INFO	[jepsen worker 0] jepsen.util: 0	:invoke	:read	nil
2026-03-20 16:03:54,240{GMT}	INFO	[jepsen worker 0] jepsen.util: 0	:ok	:read	[0 2 3 4 5 6 8 10 11 12 13 14 15 17 18 19 20 22 23 24 25 26 27 28 29 30 31 32 33 35 36 37 38 40 41 42 43 44 45 46 47 48 49 51 52 53 55 56 57 58 59 61 62 63 64 66 67 67 68 69 70 71 72 73 74 75 76 77 78 79 80 81 82]
2026-03-20 16:03:54,275{GMT}	INFO	[jepsen worker 1] jepsen.util: 1	:invoke	:read	nil
2026-03-20 16:03:54,277{GMT}	INFO	[jepsen worker 1] jepsen.util: 1	:ok	:read	[0 2 3 4 5 6 8 10 11 12 13 14 15 17 17 18 19 20 22 23 24 25 26 27 28 29 30 31 32 33 35 36 37 38 40 41 42 43 44 45 46 47 48 49 51 52 53 55 56 57 58 59 61 62 63 64 66 66 67 68 69 70 71 72 73 73 74 75 76 77 78 79 80 81 82]
2026-03-20 16:03:54,467{GMT}	INFO	[jepsen worker 2] jepsen.util: 2	:invoke	:read	nil
2026-03-20 16:03:54,468{GMT}	INFO	[jepsen worker 2] jepsen.util: 2	:ok	:read	[1 7 9 16 21 34 39 50 54 60 65 74 75 76 77 78 79 80 81 82]
2026-03-20 16:03:54,539{GMT}	INFO	[jepsen worker 3] jepsen.util: 3	:invoke	:read	nil
2026-03-20 16:03:54,541{GMT}	INFO	[jepsen worker 3] jepsen.util: 3	:ok	:read	[0 2 3 4 5 6 8 10 11 12 13 14 15 17 18 19 20 22 23 24 25 26 27 28 29 30 31 32 33 35 36 37 38 40 41 42 43 44 45 46 47 48 49 51 52 53 55 56 57 58 59 59 61 62 63 64 66 67 68 69 70 71 72 73 74 75 76 77 78 79 80 81 82]
2026-03-20 16:03:54,556{GMT}	INFO	[jepsen worker 4] jepsen.util: 4	:invoke	:read	nil
2026-03-20 16:03:54,584{GMT}	INFO	[jepsen worker 4] jepsen.util: 4	:ok	:read	[0 2 3 4 5 6 8 10 11 12 13 14 15 17 18 19 20 22 23 24 25 26 27 28 29 30 31 32 33 35 36 37 38 40 41 42 43 44 45 46 47 48 49 51 52 53 55 56 57 58 59 61 62 62 63 64 66 67 68 69 70 71 71 72 73 74 75 75 76 77 78 79 80 81 82]
2026-03-20 16:03:54,673{GMT}	INFO	[jepsen worker 0] jepsen.util: 0	:invoke	:read	nil
2026-03-20 16:03:54,674{GMT}	INFO	[jepsen worker 0] jepsen.util: 0	:ok	:read	[0 2 3 4 5 6 8 10 11 12 13 14 15 17 18 19 20 22 23 24 25 26 27 28 29 30 31 32 33 35 36 37 38 40 41 42 43 44 45 46 47 48 49 51 52 53 55 56 57 58 59 61 62 63 64 66 67 67 68 69 70 71 72 73 74 75 76 77 78 79 80 81 82]
2026-03-20 16:03:54,802{GMT}	INFO	[jepsen worker 0] jepsen.util: 0	:invoke	:read	nil
2026-03-20 16:03:54,803{GMT}	INFO	[jepsen worker 0] jepsen.util: 0	:ok	:read	[0 2 3 4 5 6 8 10 11 12 13 14 15 17 18 19 20 22 23 24 25 26 27 28 29 30 31 32 33 35 36 37 38 40 41 42 43 44 45 46 47 48 49 51 52 53 55 56 57 58 59 61 62 63 64 66 67 67 68 69 70 71 72 73 74 75 76 77 78 79 80 81 82]
2026-03-20 16:03:54,899{GMT}	INFO	[jepsen worker 1] jepsen.util: 1	:invoke	:broadcast	83
2026-03-20 16:03:54,901{GMT}	INFO	[jepsen worker 1] jepsen.util: 1	:ok	:broadcast	83
2026-03-20 16:03:55,047{GMT}	INFO	[jepsen worker 2] jepsen.util: 2	:invoke	:broadcast	84
2026-03-20 16:03:55,048{GMT}	INFO	[jepsen worker 2] jepsen.util: 2	:ok	:broadcast	84
2026-03-20 16:03:55,214{GMT}	INFO	[jepsen worker 3] jepsen.util: 3	:invoke	:read	nil
2026-03-20 16:03:55,215{GMT}	INFO	[jepsen worker 3] jepsen.util: 3	:ok	:read	[0 2 3 4 5 6 8 10 11 12 13 14 15 17 18 19 20 22 23 24 25 26 27 28 29 30 31 32 33 35 36 37 38 40 41 42 43 44 45 46 47 48 49 51 52 53 55 56 57 58 59 59 61 62 63 64 66 67 68 69 70 71 72 73 74 75 76 77 78 79 80 81 82 83 84]
2026-03-20 16:03:55,315{GMT}	INFO	[jepsen worker 4] jepsen.util: 4	:invoke	:read	nil
2026-03-20 16:03:55,316{GMT}	INFO	[jepsen worker 4] jepsen.util: 4	:ok	:read	[0 2 3 4 5 6 8 10 11 12 13 14 15 17 18 19 20 22 23 24 25 26 27 28 29 30 31 32 33 35 36 37 38 40 41 42 43 44 45 46 47 48 49 51 52 53 55 56 57 58 59 61 62 62 63 64 66 67 68 69 70 71 71 72 73 74 75 75 76 77 78 79 80 81 82 83 84]
2026-03-20 16:03:55,419{GMT}	INFO	[jepsen worker 0] jepsen.util: 0	:invoke	:broadcast	85
2026-03-20 16:03:55,421{GMT}	INFO	[jepsen worker 0] jepsen.util: 0	:ok	:broadcast	85
2026-03-20 16:03:55,475{GMT}	INFO	[jepsen worker 0] jepsen.util: 0	:invoke	:read	nil
2026-03-20 16:03:55,476{GMT}	INFO	[jepsen worker 0] jepsen.util: 0	:ok	:read	[0 2 3 4 5 6 8 10 11 12 13 14 15 17 18 19 20 22 23 24 25 26 27 28 29 30 31 32 33 35 36 37 38 40 41 42 43 44 45 46 47 48 49 51 52 53 55 56 57 58 59 61 62 63 64 66 67 67 68 69 70 71 72 73 74 75 76 77 78 79 80 81 82 83 84 85]
2026-03-20 16:03:55,655{GMT}	INFO	[jepsen worker 1] jepsen.util: 1	:invoke	:broadcast	86
2026-03-20 16:03:55,656{GMT}	INFO	[jepsen worker 1] jepsen.util: 1	:ok	:broadcast	86
2026-03-20 16:03:55,737{GMT}	INFO	[jepsen worker 2] jepsen.util: 2	:invoke	:broadcast	87
2026-03-20 16:03:55,738{GMT}	INFO	[jepsen worker 2] jepsen.util: 2	:ok	:broadcast	87
2026-03-20 16:03:55,906{GMT}	INFO	[jepsen worker 3] jepsen.util: 3	:invoke	:broadcast	88
2026-03-20 16:03:55,907{GMT}	INFO	[jepsen worker 3] jepsen.util: 3	:ok	:broadcast	88
2026-03-20 16:03:56,046{GMT}	INFO	[jepsen worker 4] jepsen.util: 4	:invoke	:read	nil
2026-03-20 16:03:56,048{GMT}	INFO	[jepsen worker 4] jepsen.util: 4	:ok	:read	[0 2 3 4 5 6 8 10 11 12 13 14 15 17 18 19 20 22 23 24 25 26 27 28 29 30 31 32 33 35 36 37 38 40 41 42 43 44 45 46 47 48 49 51 52 53 55 56 57 58 59 61 62 62 63 64 66 67 68 69 70 71 71 72 73 74 75 75 76 77 78 79 80 81 82 83 84 85 86 87 88]
2026-03-20 16:03:56,114{GMT}	INFO	[jepsen worker 0] jepsen.util: 0	:invoke	:broadcast	89
2026-03-20 16:03:56,116{GMT}	INFO	[jepsen worker 0] jepsen.util: 0	:ok	:broadcast	89
2026-03-20 16:03:56,154{GMT}	INFO	[jepsen worker 0] jepsen.util: 0	:invoke	:broadcast	90
2026-03-20 16:03:56,155{GMT}	INFO	[jepsen worker 0] jepsen.util: 0	:ok	:broadcast	90
2026-03-20 16:03:56,325{GMT}	INFO	[jepsen worker 1] jepsen.util: 1	:invoke	:broadcast	91
2026-03-20 16:03:56,327{GMT}	INFO	[jepsen worker 1] jepsen.util: 1	:ok	:broadcast	91
2026-03-20 16:03:56,514{GMT}	INFO	[jepsen worker 2] jepsen.util: 2	:invoke	:read	nil
2026-03-20 16:03:56,515{GMT}	INFO	[jepsen worker 2] jepsen.util: 2	:ok	:read	[1 7 9 16 21 34 39 50 54 60 65 74 75 76 77 78 79 80 81 82 83 84 85 86 87 88 89 90 91]
2026-03-20 16:03:56,688{GMT}	INFO	[jepsen worker 3] jepsen.util: 3	:invoke	:read	nil
2026-03-20 16:03:56,690{GMT}	INFO	[jepsen worker 3] jepsen.util: 3	:ok	:read	[0 2 3 4 5 6 8 10 11 12 13 14 15 17 18 19 20 22 23 24 25 26 27 28 29 30 31 32 33 35 36 37 38 40 41 42 43 44 45 46 47 48 49 51 52 53 55 56 57 58 59 59 61 62 63 64 66 67 68 69 70 71 72 73 74 75 76 77 78 79 80 81 82 83 84 85 86 87 88 89 90 91]
2026-03-20 16:03:56,745{GMT}	INFO	[jepsen worker 4] jepsen.util: 4	:invoke	:broadcast	92
2026-03-20 16:03:56,747{GMT}	INFO	[jepsen worker 4] jepsen.util: 4	:ok	:broadcast	92
2026-03-20 16:03:56,850{GMT}	INFO	[jepsen worker 0] jepsen.util: 0	:invoke	:broadcast	93
2026-03-20 16:03:56,852{GMT}	INFO	[jepsen worker 0] jepsen.util: 0	:ok	:broadcast	93
2026-03-20 16:03:56,974{GMT}	INFO	[jepsen worker 0] jepsen.util: 0	:invoke	:read	nil
2026-03-20 16:03:56,975{GMT}	INFO	[jepsen worker 0] jepsen.util: 0	:ok	:read	[0 2 3 4 5 6 8 10 11 12 13 14 15 17 18 19 20 22 23 24 25 26 27 28 29 30 31 32 33 35 36 37 38 40 41 42 43 44 45 46 47 48 49 51 52 53 55 56 57 58 59 61 62 63 64 66 67 67 68 69 70 71 72 73 74 75 76 77 78 79 80 81 82 83 84 85 86 87 88 89 90 91 92 93]
2026-03-20 16:03:57,000{GMT}	INFO	[jepsen worker 1] jepsen.util: 1	:invoke	:read	nil
2026-03-20 16:03:57,001{GMT}	INFO	[jepsen worker 1] jepsen.util: 1	:ok	:read	[0 2 3 4 5 6 8 10 11 12 13 14 15 17 17 18 19 20 22 23 24 25 26 27 28 29 30 31 32 33 35 36 37 38 40 41 42 43 44 45 46 47 48 49 51 52 53 55 56 57 58 59 61 62 63 64 66 66 67 68 69 70 71 72 73 73 74 75 76 77 78 79 80 81 82 83 84 85 86 87 88 89 90 91 92 93]
2026-03-20 16:03:57,138{GMT}	INFO	[jepsen worker 2] jepsen.util: 2	:invoke	:broadcast	94
2026-03-20 16:03:57,139{GMT}	INFO	[jepsen worker 2] jepsen.util: 2	:ok	:broadcast	94
2026-03-20 16:03:57,291{GMT}	INFO	[jepsen worker 3] jepsen.util: 3	:invoke	:broadcast	95
2026-03-20 16:03:57,292{GMT}	INFO	[jepsen worker 3] jepsen.util: 3	:ok	:broadcast	95
2026-03-20 16:03:57,308{GMT}	INFO	[jepsen worker 4] jepsen.util: 4	:invoke	:read	nil
2026-03-20 16:03:57,309{GMT}	INFO	[jepsen worker 4] jepsen.util: 4	:ok	:read	[0 2 3 4 5 6 8 10 11 12 13 14 15 17 18 19 20 22 23 24 25 26 27 28 29 30 31 32 33 35 36 37 38 40 41 42 43 44 45 46 47 48 49 51 52 53 55 56 57 58 59 61 62 62 63 64 66 67 68 69 70 71 71 72 73 74 75 75 76 77 78 79 80 81 82 83 84 85 86 87 88 89 90 91 92 93 94 95]
2026-03-20 16:03:57,442{GMT}	INFO	[jepsen worker 0] jepsen.util: 0	:invoke	:broadcast	96
2026-03-20 16:03:57,443{GMT}	INFO	[jepsen worker 0] jepsen.util: 0	:ok	:broadcast	96
2026-03-20 16:03:57,522{GMT}	INFO	[jepsen worker 0] jepsen.util: 0	:invoke	:broadcast	97
2026-03-20 16:03:57,524{GMT}	INFO	[jepsen worker 0] jepsen.util: 0	:ok	:broadcast	97
2026-03-20 16:03:57,698{GMT}	INFO	[jepsen worker 1] jepsen.util: 1	:invoke	:read	nil
2026-03-20 16:03:57,699{GMT}	INFO	[jepsen worker 1] jepsen.util: 1	:ok	:read	[0 2 3 4 5 6 8 10 11 12 13 14 15 17 17 18 19 20 22 23 24 25 26 27 28 29 30 31 32 33 35 36 37 38 40 41 42 43 44 45 46 47 48 49 51 52 53 55 56 57 58 59 61 62 63 64 66 66 67 68 69 70 71 72 73 73 74 75 76 77 78 79 80 81 82 83 84 85 86 87 88 89 90 91 92 93 94 95 96 97]
2026-03-20 16:03:57,699{GMT}	INFO	[jepsen worker nemesis] jepsen.util: :nemesis	:info	:stop-partition	nil
2026-03-20 16:03:57,699{GMT}	INFO	[jepsen worker nemesis] jepsen.util: :nemesis	:info	:stop-partition	:network-healed
2026-03-20 16:03:57,699{GMT}	INFO	[jepsen worker 3] jepsen.generator.interpreter: Waiting for recovery...
2026-03-20 16:04:07,701{GMT}	INFO	[jepsen worker 1] jepsen.util: 1	:invoke	:read	nil
2026-03-20 16:04:07,701{GMT}	INFO	[jepsen worker 4] jepsen.util: 4	:invoke	:read	nil
2026-03-20 16:04:07,701{GMT}	INFO	[jepsen worker 2] jepsen.util: 2	:invoke	:read	nil
2026-03-20 16:04:07,702{GMT}	INFO	[jepsen worker 0] jepsen.util: 0	:invoke	:read	nil
2026-03-20 16:04:07,702{GMT}	INFO	[jepsen worker 3] jepsen.util: 3	:invoke	:read	nil
2026-03-20 16:04:07,703{GMT}	INFO	[jepsen worker 1] jepsen.util: 1	:ok	:read	[0 2 3 4 5 6 8 10 11 12 13 14 15 17 17 18 19 20 22 23 24 25 26 27 28 29 30 31 32 33 35 36 37 38 40 41 42 43 44 45 46 47 48 49 51 52 53 55 56 57 58 59 61 62 63 64 66 66 67 68 69 70 71 72 73 73 74 75 76 77 78 79 80 81 82 83 84 85 86 87 88 89 90 91 92 93 94 95 96 97]
2026-03-20 16:04:07,703{GMT}	INFO	[jepsen worker 4] jepsen.util: 4	:ok	:read	[0 2 3 4 5 6 8 10 11 12 13 14 15 17 18 19 20 22 23 24 25 26 27 28 29 30 31 32 33 35 36 37 38 40 41 42 43 44 45 46 47 48 49 51 52 53 55 56 57 58 59 61 62 62 63 64 66 67 68 69 70 71 71 72 73 74 75 75 76 77 78 79 80 81 82 83 84 85 86 87 88 89 90 91 92 93 94 95 96 97]
2026-03-20 16:04:07,703{GMT}	INFO	[jepsen worker 0] jepsen.util: 0	:ok	:read	[0 2 3 4 5 6 8 10 11 12 13 14 15 17 18 19 20 22 23 24 25 26 27 28 29 30 31 32 33 35 36 37 38 40 41 42 43 44 45 46 47 48 49 51 52 53 55 56 57 58 59 61 62 63 64 66 67 67 68 69 70 71 72 73 74 75 76 77 78 79 80 81 82 83 84 85 86 87 88 89 90 91 92 93 94 95 96 97]
2026-03-20 16:04:07,703{GMT}	INFO	[jepsen worker 2] jepsen.util: 2	:ok	:read	[1 7 9 16 21 34 39 50 54 60 65 74 75 76 77 78 79 80 81 82 83 84 85 86 87 88 89 90 91 92 93 94 95 96 97]
2026-03-20 16:04:07,703{GMT}	INFO	[jepsen worker 3] jepsen.util: 3	:ok	:read	[0 2 3 4 5 6 8 10 11 12 13 14 15 17 18 19 20 22 23 24 25 26 27 28 29 30 31 32 33 35 36 37 38 40 41 42 43 44 45 46 47 48 49 51 52 53 55 56 57 58 59 59 61 62 63 64 66 67 68 69 70 71 72 73 74 75 76 77 78 79 80 81 82 83 84 85 86 87 88 89 90 91 92 93 94 95 96 97]
2026-03-20 16:04:07,719{GMT}	INFO	[jepsen test runner] jepsen.core: Run complete, writing
2026-03-20 16:04:07,768{GMT}	INFO	[jepsen node n0] maelstrom.db: Tearing down n0
2026-03-20 16:04:07,769{GMT}	INFO	[jepsen node n1] maelstrom.db: Tearing down n1
2026-03-20 16:04:07,770{GMT}	INFO	[jepsen node n2] maelstrom.db: Tearing down n2
2026-03-20 16:04:07,771{GMT}	INFO	[jepsen node n4] maelstrom.db: Tearing down n4
2026-03-20 16:04:07,771{GMT}	INFO	[jepsen node n3] maelstrom.db: Tearing down n3
2026-03-20 16:04:09,549{GMT}	INFO	[jepsen node n0] maelstrom.net: Shutting down Maelstrom network
2026-03-20 16:04:09,550{GMT}	INFO	[jepsen test runner] jepsen.core: Analyzing...
2026-03-20 16:04:09,899{GMT}	INFO	[jepsen test runner] jepsen.core: Analysis complete
2026-03-20 16:04:09,925{GMT}	INFO	[jepsen results] jepsen.store: Wrote /home/banna/Documents/maelstrom-java/store/broadcast/20260320T160335.920Z/results.edn
2026-03-20 16:04:09,960{GMT}	INFO	[jepsen test runner] jepsen.core: {:perf {:latency-graph {:valid? true},
        :rate-graph {:valid? true},
        :valid? true},
 :timeline {:valid? true},
 :exceptions {:valid? true},
 :stats {:valid? true,
         :count 197,
         :ok-count 197,
         :fail-count 0,
         :info-count 0,
         :by-f {:broadcast {:valid? true,
                            :count 98,
                            :ok-count 98,
                            :fail-count 0,
                            :info-count 0},
                :read {:valid? true,
                       :count 99,
                       :ok-count 99,
                       :fail-count 0,
                       :info-count 0}}},
 :availability {:valid? true, :ok-fraction 1.0},
 :net {:all {:send-count 1544,
             :recv-count 1467,
             :msg-count 1544,
             :msgs-per-op 7.8375635},
       :clients {:send-count 414, :recv-count 414, :msg-count 414},
       :servers {:send-count 1130,
                 :recv-count 1053,
                 :msg-count 1130,
                 :msgs-per-op 5.7360406},
       :valid? true},
 :workload {:worst-stale ({:element 0,
                           :outcome :stable,
                           :stable-latency 29938,
                           :lost-latency nil,
                           :known #jepsen.history.Op{:index 3,
                                                     :time 42786653,
                                                     :type :ok,
                                                     :process 1,
                                                     :f :add,
                                                     :value 0},
                           :last-absent #jepsen.history.Op{:index 391,
                                                           :time 29981015315,
                                                           :type :invoke,
                                                           :process 2,
                                                           :f :read,
                                                           :value nil,
                                                           :final? true}}
                          {:element 2,
                           :outcome :stable,
                           :stable-latency 29688,
                           :lost-latency nil,
                           :known #jepsen.history.Op{:index 9,
                                                     :time 292246156,
                                                     :type :ok,
                                                     :process 4,
                                                     :f :add,
                                                     :value 2},
                           :last-absent #jepsen.history.Op{:index 391,
                                                           :time 29981015315,
                                                           :type :invoke,
                                                           :process 2,
                                                           :f :read,
                                                           :value nil,
                                                           :final? true}}
                          {:element 3,
                           :outcome :stable,
                           :stable-latency 29477,
                           :lost-latency nil,
                           :known #jepsen.history.Op{:index 13,
                                                     :time 503401118,
                                                     :type :ok,
                                                     :process 0,
                                                     :f :add,
                                                     :value 3},
                           :last-absent #jepsen.history.Op{:index 391,
                                                           :time 29981015315,
                                                           :type :invoke,
                                                           :process 2,
                                                           :f :read,
                                                           :value nil,
                                                           :final? true}}
                          {:element 4,
                           :outcome :stable,
                           :stable-latency 29313,
                           :lost-latency nil,
                           :known #jepsen.history.Op{:index 15,
                                                     :time 667587253,
                                                     :type :ok,
                                                     :process 1,
                                                     :f :add,
                                                     :value 4},
                           :last-absent #jepsen.history.Op{:index 391,
                                                           :time 29981015315,
                                                           :type :invoke,
                                                           :process 2,
                                                           :f :read,
                                                           :value nil,
                                                           :final? true}}
                          {:element 5,
                           :outcome :stable,
                           :stable-latency 29192,
                           :lost-latency nil,
                           :known #jepsen.history.Op{:index 21,
                                                     :time 788248222,
                                                     :type :ok,
                                                     :process 4,
                                                     :f :add,
                                                     :value 5},
                           :last-absent #jepsen.history.Op{:index 391,
                                                           :time 29981015315,
                                                           :type :invoke,
                                                           :process 2,
                                                           :f :read,
                                                           :value nil,
                                                           :final? true}}
                          {:element 6,
                           :outcome :stable,
                           :stable-latency 29125,
                           :lost-latency nil,
                           :known #jepsen.history.Op{:index 23,
                                                     :time 855027414,
                                                     :type :ok,
                                                     :process 0,
                                                     :f :add,
                                                     :value 6},
                           :last-absent #jepsen.history.Op{:index 391,
                                                           :time 29981015315,
                                                           :type :invoke,
                                                           :process 2,
                                                           :f :read,
                                                           :value nil,
                                                           :final? true}}
                          {:element 8,
                           :outcome :stable,
                           :stable-latency 28828,
                           :lost-latency nil,
                           :known #jepsen.history.Op{:index 31,
                                                     :time 1152485006,
                                                     :type :ok,
                                                     :process 3,
                                                     :f :add,
                                                     :value 8},
                           :last-absent #jepsen.history.Op{:index 391,
                                                           :time 29981015315,
                                                           :type :invoke,
                                                           :process 2,
                                                           :f :read,
                                                           :value nil,
                                                           :final? true}}
                          {:element 10,
                           :outcome :stable,
                           :stable-latency 28372,
                           :lost-latency nil,
                           :known #jepsen.history.Op{:index 43,
                                                     :time 1608181894,
                                                     :type :ok,
                                                     :process 3,
                                                     :f :add,
                                                     :value 10},
                           :last-absent #jepsen.history.Op{:index 391,
                                                           :time 29981015315,
                                                           :type :invoke,
                                                           :process 2,
                                                           :f :read,
                                                           :value nil,
                                                           :final? true}}),
            :duplicated-count 0,
            :valid? false,
            :lost-count 11,
            :lost (1 7 9 16 21 34 39 50 54 60 65),
            :stable-count 87,
            :stale-count 63,
            :stale (0
                    2
                    3
                    4
                    5
                    6
                    8
                    10
                    11
                    12
                    13
                    14
                    15
                    17
                    18
                    19
                    20
                    22
                    23
                    24
                    25
                    26
                    27
                    28
                    29
                    30
                    31
                    32
                    33
                    35
                    36
                    37
                    38
                    40
                    41
                    42
                    43
                    44
                    45
                    46
                    47
                    48
                    49
                    51
                    52
                    53
                    55
                    56
                    57
                    58
                    59
                    61
                    62
                    63
                    64
                    66
                    67
                    68
                    69
                    70
                    71
                    72
                    73),
            :never-read-count 0,
            :stable-latencies {0 0,
                               0.5 19305,
                               0.95 29192,
                               0.99 29938,
                               1 29938},
            :attempt-count 98,
            :lost-latencies {0 16749,
                             0.5 23514,
                             0.95 29803,
                             0.99 29803,
                             1 29803},
            :never-read (),
            :duplicated {}},
 :valid? false}


Analysis invalid! (ﾉಥ益ಥ）ﾉ ┻━┻
