2026-03-12 17:02:23,379{GMT}	INFO	[jepsen test runner] jepsen.core: Command line:
lein run test -w broadcast --bin run.sh broadcast --node-count 5 --time-limit 20 --rate 10
2026-03-12 17:02:23,469{GMT}	INFO	[jepsen test runner] jepsen.core: Running test:
{:args ["broadcast"]
 :remote
 #jepsen.control.retry.Remote{:remote #jepsen.control.scp.Remote{:cmd-remote #jepsen.control.sshj.SSHJRemote{:concurrency-limit 6,
                                                                                                             :conn-spec nil,
                                                                                                             :client nil,
                                                                                                             :semaphore nil},
                                                                 :conn-spec nil},
                              :conn nil}
 :log-net-send false
 :node-count 5
 :availability nil
 :max-txn-length 4
 :concurrency 5
 :db
 #object[maelstrom.db$db$reify__16142
         "0x3619ecd"
         "maelstrom.db$db$reify__16142@3619ecd"]
 :max-writes-per-key 16
 :leave-db-running? false
 :name "broadcast"
 :logging-json? false
 :start-time
 #object[org.joda.time.DateTime "0x7de4bd8f" "2026-03-12T17:02:23.354Z"]
 :nemesis-interval 10
 :net
 #object[maelstrom.net$jepsen_net$reify__15251
         "0x193e65d5"
         "maelstrom.net$jepsen_net$reify__15251@193e65d5"]
 :client
 #object[maelstrom.workload.broadcast$client$reify__16644
         "0x2a97b4b8"
         "maelstrom.workload.broadcast$client$reify__16644@2a97b4b8"]
 :barrier
 #object[java.util.concurrent.CyclicBarrier
         "0x250fc0d1"
         "java.util.concurrent.CyclicBarrier@250fc0d1"]
 :log-stderr false
 :pure-generators true
 :ssh {:dummy? true}
 :rate 10.0
 :checker
 #object[jepsen.checker$compose$reify__11881
         "0x7ddf193a"
         "jepsen.checker$compose$reify__11881@7ddf193a"]
 :argv
 ("test"
  "-w"
  "broadcast"
  "--bin"
  "run.sh"
  "broadcast"
  "--node-count"
  "5"
  "--time-limit"
  "20"
  "--rate"
  "10")
 :nemesis
 (jepsen.nemesis.ReflCompose
  {:fm {:start-partition 0,
        :stop-partition 0,
        :kill 1,
        :start 1,
        :pause 1,
        :resume 1},
   :nemeses [#unprintable "jepsen.nemesis.combined$partition_nemesis$reify__16416@17a5cb99"
             #unprintable "jepsen.nemesis.combined$db_nemesis$reify__16397@808fa1"]})
 :nodes ["n0" "n1" "n2" "n3" "n4"]
 :test-count 1
 :latency {:mean 0, :dist :constant}
 :bin "run.sh"
 :generator
 ((jepsen.generator.Synchronize
   {:gen (jepsen.generator.TimeLimit
          {:limit 20000000000,
           :cutoff nil,
           :gen (jepsen.generator.Any
                 {:gens [(jepsen.generator.OnThreads
                          {:f #{:nemesis},
                           :context-filter #object[jepsen.generator.context$make_thread_filter$lazy_filter__9167
                                                   "0x7545cb17"
                                                   "jepsen.generator.context$make_thread_filter$lazy_filter__9167@7545cb17"],
                           :gen nil})
                         (jepsen.generator.OnThreads
                          {:f #jepsen.generator.context.AllBut{:element :nemesis},
                           :context-filter #object[jepsen.generator.context$make_thread_filter$lazy_filter__9167
                                                   "0x635b3ec7"
                                                   "jepsen.generator.context$make_thread_filter$lazy_filter__9167@635b3ec7"],
                           :gen (jepsen.generator.Stagger
                                 {:dt 200000000,
                                  :next-time nil,
                                  :gen (jepsen.generator.Mix
                                        {:i 0,
                                         :gens [({:f :broadcast, :value 0}
                                                 {:f :broadcast, :value 1}
                                                 {:f :broadcast, :value 2}
                                                 {:f :broadcast, :value 3}
                                                 {:f :broadcast, :value 4}
                                                 {:f :broadcast, :value 5}
                                                 {:f :broadcast, :value 6}
                                                 {:f :broadcast, :value 7}
                                                 ...)
                                                ({:f :read}
                                                 {:f :read}
                                                 {:f :read}
                                                 {:f :read}
                                                 {:f :read}
                                                 {:f :read}
                                                 {:f :read}
                                                 {:f :read}
                                                 ...)]})})})]})})})
  (jepsen.generator.Synchronize
   {:gen (jepsen.generator.OnThreads
          {:f #{:nemesis},
           :context-filter #object[jepsen.generator.context$make_thread_filter$lazy_filter__9167
                                   "0x15aa3084"
                                   "jepsen.generator.context$make_thread_filter$lazy_filter__9167@15aa3084"],
           :gen ()})})
  (jepsen.generator.Synchronize
   {:gen {:type :log, :value "Waiting for recovery..."}})
  (jepsen.generator.Synchronize {:gen {:type :sleep, :value 10}})
  (jepsen.generator.Synchronize
   {:gen (jepsen.generator.OnThreads
          {:f #jepsen.generator.context.AllBut{:element :nemesis},
           :context-filter #object[jepsen.generator.context$make_thread_filter$lazy_filter__9167
                                   "0x4e6c4c55"
                                   "jepsen.generator.context$make_thread_filter$lazy_filter__9167@4e6c4c55"],
           :gen (jepsen.generator.EachThread
                 {:fresh-gen {:f :read, :final? true},
                  :context-filters #object[clojure.core$promise$reify__8591
                                           "0x74fbee59"
                                           {:status :pending, :val nil}],
                  :gens {}})})}))
 :log-net-recv false
 :os
 #object[maelstrom.net$jepsen_os$reify__15254
         "0x3794621d"
         "maelstrom.net$jepsen_os$reify__15254@3794621d"]
 :time-limit 20
 :workload :broadcast
 :consistency-models [:strict-serializable]
 :topology :grid}

2026-03-12 17:02:24,879{GMT}	INFO	[jepsen node n0] maelstrom.net: Starting Maelstrom network
2026-03-12 17:02:24,881{GMT}	INFO	[jepsen test runner] jepsen.db: Tearing down DB
2026-03-12 17:02:24,883{GMT}	INFO	[jepsen test runner] jepsen.db: Setting up DB
2026-03-12 17:02:24,884{GMT}	INFO	[jepsen node n2] maelstrom.db: Setting up n2
2026-03-12 17:02:24,884{GMT}	INFO	[jepsen node n4] maelstrom.db: Setting up n4
2026-03-12 17:02:24,884{GMT}	INFO	[jepsen node n1] maelstrom.db: Setting up n1
2026-03-12 17:02:24,884{GMT}	INFO	[jepsen node n3] maelstrom.db: Setting up n3
2026-03-12 17:02:24,885{GMT}	INFO	[jepsen node n2] maelstrom.process: launching run.sh ["broadcast"]
2026-03-12 17:02:24,885{GMT}	INFO	[jepsen node n4] maelstrom.process: launching run.sh ["broadcast"]
2026-03-12 17:02:24,885{GMT}	INFO	[jepsen node n1] maelstrom.process: launching run.sh ["broadcast"]
2026-03-12 17:02:24,885{GMT}	INFO	[jepsen node n3] maelstrom.process: launching run.sh ["broadcast"]
2026-03-12 17:02:24,886{GMT}	INFO	[jepsen node n0] maelstrom.service: Starting services: (lin-kv lin-tso lww-kv seq-kv)
2026-03-12 17:02:24,889{GMT}	INFO	[jepsen node n0] maelstrom.db: Setting up n0
2026-03-12 17:02:24,890{GMT}	INFO	[jepsen node n0] maelstrom.process: launching run.sh ["broadcast"]
2026-03-12 17:02:25,077{GMT}	INFO	[jepsen test runner] jepsen.core: Relative time begins now
2026-03-12 17:02:25,100{GMT}	INFO	[jepsen worker 0] jepsen.util: 0	:invoke	:broadcast	0
2026-03-12 17:02:25,104{GMT}	INFO	[jepsen worker 0] jepsen.util: 0	:ok	:broadcast	0
2026-03-12 17:02:25,108{GMT}	INFO	[jepsen worker 1] jepsen.util: 1	:invoke	:broadcast	1
2026-03-12 17:02:25,111{GMT}	INFO	[jepsen worker 1] jepsen.util: 1	:ok	:broadcast	1
2026-03-12 17:02:25,245{GMT}	INFO	[jepsen worker 2] jepsen.util: 2	:invoke	:read	nil
2026-03-12 17:02:25,250{GMT}	INFO	[jepsen worker 2] jepsen.util: 2	:ok	:read	[]
2026-03-12 17:02:25,381{GMT}	INFO	[jepsen worker 3] jepsen.util: 3	:invoke	:broadcast	2
2026-03-12 17:02:25,386{GMT}	INFO	[jepsen worker 3] jepsen.util: 3	:ok	:broadcast	2
2026-03-12 17:02:25,580{GMT}	INFO	[jepsen worker 4] jepsen.util: 4	:invoke	:broadcast	3
2026-03-12 17:02:25,585{GMT}	INFO	[jepsen worker 4] jepsen.util: 4	:ok	:broadcast	3
2026-03-12 17:02:25,697{GMT}	INFO	[jepsen worker 0] jepsen.util: 0	:invoke	:broadcast	4
2026-03-12 17:02:25,700{GMT}	INFO	[jepsen worker 0] jepsen.util: 0	:ok	:broadcast	4
2026-03-12 17:02:25,883{GMT}	INFO	[jepsen worker 0] jepsen.util: 0	:invoke	:read	nil
2026-03-12 17:02:25,888{GMT}	INFO	[jepsen worker 0] jepsen.util: 0	:ok	:read	[0 4]
2026-03-12 17:02:26,053{GMT}	INFO	[jepsen worker 1] jepsen.util: 1	:invoke	:broadcast	5
2026-03-12 17:02:26,057{GMT}	INFO	[jepsen worker 1] jepsen.util: 1	:ok	:broadcast	5
2026-03-12 17:02:26,225{GMT}	INFO	[jepsen worker 2] jepsen.util: 2	:invoke	:broadcast	6
2026-03-12 17:02:26,229{GMT}	INFO	[jepsen worker 2] jepsen.util: 2	:ok	:broadcast	6
2026-03-12 17:02:26,360{GMT}	INFO	[jepsen worker 3] jepsen.util: 3	:invoke	:read	nil
2026-03-12 17:02:26,364{GMT}	INFO	[jepsen worker 3] jepsen.util: 3	:ok	:read	[2]
2026-03-12 17:02:26,462{GMT}	INFO	[jepsen worker 4] jepsen.util: 4	:invoke	:read	nil
2026-03-12 17:02:26,467{GMT}	INFO	[jepsen worker 4] jepsen.util: 4	:ok	:read	[3]
2026-03-12 17:02:26,511{GMT}	INFO	[jepsen worker 0] jepsen.util: 0	:invoke	:broadcast	7
2026-03-12 17:02:26,515{GMT}	INFO	[jepsen worker 0] jepsen.util: 0	:ok	:broadcast	7
2026-03-12 17:02:26,627{GMT}	INFO	[jepsen worker 0] jepsen.util: 0	:invoke	:broadcast	8
2026-03-12 17:02:26,631{GMT}	INFO	[jepsen worker 0] jepsen.util: 0	:ok	:broadcast	8
2026-03-12 17:02:26,786{GMT}	INFO	[jepsen worker 1] jepsen.util: 1	:invoke	:read	nil
2026-03-12 17:02:26,791{GMT}	INFO	[jepsen worker 1] jepsen.util: 1	:ok	:read	[1 5]
2026-03-12 17:02:26,950{GMT}	INFO	[jepsen worker 2] jepsen.util: 2	:invoke	:broadcast	9
2026-03-12 17:02:26,954{GMT}	INFO	[jepsen worker 2] jepsen.util: 2	:ok	:broadcast	9
2026-03-12 17:02:27,045{GMT}	INFO	[jepsen worker 3] jepsen.util: 3	:invoke	:broadcast	10
2026-03-12 17:02:27,049{GMT}	INFO	[jepsen worker 3] jepsen.util: 3	:ok	:broadcast	10
2026-03-12 17:02:27,113{GMT}	INFO	[jepsen worker 4] jepsen.util: 4	:invoke	:broadcast	11
2026-03-12 17:02:27,117{GMT}	INFO	[jepsen worker 4] jepsen.util: 4	:ok	:broadcast	11
2026-03-12 17:02:27,223{GMT}	INFO	[jepsen worker 0] jepsen.util: 0	:invoke	:broadcast	12
2026-03-12 17:02:27,227{GMT}	INFO	[jepsen worker 0] jepsen.util: 0	:ok	:broadcast	12
2026-03-12 17:02:27,296{GMT}	INFO	[jepsen worker 0] jepsen.util: 0	:invoke	:read	nil
2026-03-12 17:02:27,299{GMT}	INFO	[jepsen worker 0] jepsen.util: 0	:ok	:read	[0 4 7 8 12]
2026-03-12 17:02:27,386{GMT}	INFO	[jepsen worker 1] jepsen.util: 1	:invoke	:broadcast	13
2026-03-12 17:02:27,391{GMT}	INFO	[jepsen worker 1] jepsen.util: 1	:ok	:broadcast	13
2026-03-12 17:02:27,417{GMT}	INFO	[jepsen worker 2] jepsen.util: 2	:invoke	:broadcast	14
2026-03-12 17:02:27,420{GMT}	INFO	[jepsen worker 2] jepsen.util: 2	:ok	:broadcast	14
2026-03-12 17:02:27,450{GMT}	INFO	[jepsen worker 3] jepsen.util: 3	:invoke	:read	nil
2026-03-12 17:02:27,454{GMT}	INFO	[jepsen worker 3] jepsen.util: 3	:ok	:read	[2 10]
2026-03-12 17:02:27,546{GMT}	INFO	[jepsen worker 4] jepsen.util: 4	:invoke	:broadcast	15
2026-03-12 17:02:27,549{GMT}	INFO	[jepsen worker 4] jepsen.util: 4	:ok	:broadcast	15
2026-03-12 17:02:27,628{GMT}	INFO	[jepsen worker 0] jepsen.util: 0	:invoke	:broadcast	16
2026-03-12 17:02:27,632{GMT}	INFO	[jepsen worker 0] jepsen.util: 0	:ok	:broadcast	16
2026-03-12 17:02:27,662{GMT}	INFO	[jepsen worker 0] jepsen.util: 0	:invoke	:read	nil
2026-03-12 17:02:27,666{GMT}	INFO	[jepsen worker 0] jepsen.util: 0	:ok	:read	[0 16 4 7 8 12]
2026-03-12 17:02:27,701{GMT}	INFO	[jepsen worker 1] jepsen.util: 1	:invoke	:broadcast	17
2026-03-12 17:02:27,704{GMT}	INFO	[jepsen worker 1] jepsen.util: 1	:ok	:broadcast	17
2026-03-12 17:02:27,754{GMT}	INFO	[jepsen worker 2] jepsen.util: 2	:invoke	:broadcast	18
2026-03-12 17:02:27,757{GMT}	INFO	[jepsen worker 2] jepsen.util: 2	:ok	:broadcast	18
2026-03-12 17:02:27,787{GMT}	INFO	[jepsen worker 3] jepsen.util: 3	:invoke	:broadcast	19
2026-03-12 17:02:27,790{GMT}	INFO	[jepsen worker 3] jepsen.util: 3	:ok	:broadcast	19
2026-03-12 17:02:27,836{GMT}	INFO	[jepsen worker 4] jepsen.util: 4	:invoke	:read	nil
2026-03-12 17:02:27,840{GMT}	INFO	[jepsen worker 4] jepsen.util: 4	:ok	:read	[3 11 15]
2026-03-12 17:02:27,905{GMT}	INFO	[jepsen worker 0] jepsen.util: 0	:invoke	:read	nil
2026-03-12 17:02:27,909{GMT}	INFO	[jepsen worker 0] jepsen.util: 0	:ok	:read	[0 16 4 7 8 12]
2026-03-12 17:02:28,067{GMT}	INFO	[jepsen worker 0] jepsen.util: 0	:invoke	:broadcast	20
2026-03-12 17:02:28,070{GMT}	INFO	[jepsen worker 0] jepsen.util: 0	:ok	:broadcast	20
2026-03-12 17:02:28,191{GMT}	INFO	[jepsen worker 1] jepsen.util: 1	:invoke	:read	nil
2026-03-12 17:02:28,195{GMT}	INFO	[jepsen worker 1] jepsen.util: 1	:ok	:read	[1 17 5 13]
2026-03-12 17:02:28,349{GMT}	INFO	[jepsen worker 2] jepsen.util: 2	:invoke	:broadcast	21
2026-03-12 17:02:28,353{GMT}	INFO	[jepsen worker 2] jepsen.util: 2	:ok	:broadcast	21
2026-03-12 17:02:28,479{GMT}	INFO	[jepsen worker 3] jepsen.util: 3	:invoke	:broadcast	22
2026-03-12 17:02:28,483{GMT}	INFO	[jepsen worker 3] jepsen.util: 3	:ok	:broadcast	22
2026-03-12 17:02:28,601{GMT}	INFO	[jepsen worker 4] jepsen.util: 4	:invoke	:broadcast	23
2026-03-12 17:02:28,605{GMT}	INFO	[jepsen worker 4] jepsen.util: 4	:ok	:broadcast	23
2026-03-12 17:02:28,708{GMT}	INFO	[jepsen worker 0] jepsen.util: 0	:invoke	:read	nil
2026-03-12 17:02:28,711{GMT}	INFO	[jepsen worker 0] jepsen.util: 0	:ok	:read	[0 16 4 20 7 8 12]
2026-03-12 17:02:28,874{GMT}	INFO	[jepsen worker 0] jepsen.util: 0	:invoke	:read	nil
2026-03-12 17:02:28,878{GMT}	INFO	[jepsen worker 0] jepsen.util: 0	:ok	:read	[0 16 4 20 7 8 12]
2026-03-12 17:02:29,045{GMT}	INFO	[jepsen worker 1] jepsen.util: 1	:invoke	:broadcast	24
2026-03-12 17:02:29,049{GMT}	INFO	[jepsen worker 1] jepsen.util: 1	:ok	:broadcast	24
2026-03-12 17:02:29,103{GMT}	INFO	[jepsen worker 2] jepsen.util: 2	:invoke	:broadcast	25
2026-03-12 17:02:29,107{GMT}	INFO	[jepsen worker 2] jepsen.util: 2	:ok	:broadcast	25
2026-03-12 17:02:29,211{GMT}	INFO	[jepsen worker 3] jepsen.util: 3	:invoke	:broadcast	26
2026-03-12 17:02:29,215{GMT}	INFO	[jepsen worker 3] jepsen.util: 3	:ok	:broadcast	26
2026-03-12 17:02:29,276{GMT}	INFO	[jepsen worker 4] jepsen.util: 4	:invoke	:broadcast	27
2026-03-12 17:02:29,279{GMT}	INFO	[jepsen worker 4] jepsen.util: 4	:ok	:broadcast	27
2026-03-12 17:02:29,284{GMT}	INFO	[jepsen worker 0] jepsen.util: 0	:invoke	:read	nil
2026-03-12 17:02:29,288{GMT}	INFO	[jepsen worker 0] jepsen.util: 0	:ok	:read	[0 16 4 20 7 8 12]
2026-03-12 17:02:29,394{GMT}	INFO	[jepsen worker 0] jepsen.util: 0	:invoke	:read	nil
2026-03-12 17:02:29,397{GMT}	INFO	[jepsen worker 0] jepsen.util: 0	:ok	:read	[0 16 4 20 7 8 12]
2026-03-12 17:02:29,472{GMT}	INFO	[jepsen worker 1] jepsen.util: 1	:invoke	:broadcast	28
2026-03-12 17:02:29,475{GMT}	INFO	[jepsen worker 1] jepsen.util: 1	:ok	:broadcast	28
2026-03-12 17:02:29,623{GMT}	INFO	[jepsen worker 2] jepsen.util: 2	:invoke	:read	nil
2026-03-12 17:02:29,626{GMT}	INFO	[jepsen worker 2] jepsen.util: 2	:ok	:read	[18 21 6 9 25 14]
2026-03-12 17:02:29,728{GMT}	INFO	[jepsen worker 3] jepsen.util: 3	:invoke	:read	nil
2026-03-12 17:02:29,732{GMT}	INFO	[jepsen worker 3] jepsen.util: 3	:ok	:read	[2 19 22 10 26]
2026-03-12 17:02:29,798{GMT}	INFO	[jepsen worker 4] jepsen.util: 4	:invoke	:read	nil
2026-03-12 17:02:29,802{GMT}	INFO	[jepsen worker 4] jepsen.util: 4	:ok	:read	[3 23 11 27 15]
2026-03-12 17:02:29,898{GMT}	INFO	[jepsen worker 0] jepsen.util: 0	:invoke	:broadcast	29
2026-03-12 17:02:29,901{GMT}	INFO	[jepsen worker 0] jepsen.util: 0	:ok	:broadcast	29
2026-03-12 17:02:30,086{GMT}	INFO	[jepsen worker 0] jepsen.util: 0	:invoke	:broadcast	30
2026-03-12 17:02:30,089{GMT}	INFO	[jepsen worker 0] jepsen.util: 0	:ok	:broadcast	30
2026-03-12 17:02:30,284{GMT}	INFO	[jepsen worker 1] jepsen.util: 1	:invoke	:broadcast	31
2026-03-12 17:02:30,288{GMT}	INFO	[jepsen worker 1] jepsen.util: 1	:ok	:broadcast	31
2026-03-12 17:02:30,363{GMT}	INFO	[jepsen worker 2] jepsen.util: 2	:invoke	:read	nil
2026-03-12 17:02:30,367{GMT}	INFO	[jepsen worker 2] jepsen.util: 2	:ok	:read	[18 21 6 9 25 14]
2026-03-12 17:02:30,498{GMT}	INFO	[jepsen worker 3] jepsen.util: 3	:invoke	:read	nil
2026-03-12 17:02:30,501{GMT}	INFO	[jepsen worker 3] jepsen.util: 3	:ok	:read	[2 19 22 10 26]
2026-03-12 17:02:30,521{GMT}	INFO	[jepsen worker 4] jepsen.util: 4	:invoke	:read	nil
2026-03-12 17:02:30,524{GMT}	INFO	[jepsen worker 4] jepsen.util: 4	:ok	:read	[3 23 11 27 15]
2026-03-12 17:02:30,696{GMT}	INFO	[jepsen worker 0] jepsen.util: 0	:invoke	:read	nil
2026-03-12 17:02:30,700{GMT}	INFO	[jepsen worker 0] jepsen.util: 0	:ok	:read	[0 16 4 20 7 8 12 29 30]
2026-03-12 17:02:30,856{GMT}	INFO	[jepsen worker 0] jepsen.util: 0	:invoke	:read	nil
2026-03-12 17:02:30,860{GMT}	INFO	[jepsen worker 0] jepsen.util: 0	:ok	:read	[0 16 4 20 7 8 12 29 30]
2026-03-12 17:02:30,882{GMT}	INFO	[jepsen worker 1] jepsen.util: 1	:invoke	:broadcast	32
2026-03-12 17:02:30,886{GMT}	INFO	[jepsen worker 1] jepsen.util: 1	:ok	:broadcast	32
2026-03-12 17:02:30,938{GMT}	INFO	[jepsen worker 2] jepsen.util: 2	:invoke	:read	nil
2026-03-12 17:02:30,941{GMT}	INFO	[jepsen worker 3] jepsen.util: 3	:invoke	:read	nil
2026-03-12 17:02:30,941{GMT}	INFO	[jepsen worker 2] jepsen.util: 2	:ok	:read	[18 21 6 9 25 14]
2026-03-12 17:02:30,944{GMT}	INFO	[jepsen worker 3] jepsen.util: 3	:ok	:read	[2 19 22 10 26]
2026-03-12 17:02:31,068{GMT}	INFO	[jepsen worker 4] jepsen.util: 4	:invoke	:read	nil
2026-03-12 17:02:31,072{GMT}	INFO	[jepsen worker 4] jepsen.util: 4	:ok	:read	[3 23 11 27 15]
2026-03-12 17:02:31,228{GMT}	INFO	[jepsen worker 0] jepsen.util: 0	:invoke	:broadcast	33
2026-03-12 17:02:31,231{GMT}	INFO	[jepsen worker 0] jepsen.util: 0	:ok	:broadcast	33
2026-03-12 17:02:31,372{GMT}	INFO	[jepsen worker 0] jepsen.util: 0	:invoke	:read	nil
2026-03-12 17:02:31,376{GMT}	INFO	[jepsen worker 0] jepsen.util: 0	:ok	:read	[0 16 33 4 20 7 8 12 29 30]
2026-03-12 17:02:31,477{GMT}	INFO	[jepsen worker 1] jepsen.util: 1	:invoke	:read	nil
2026-03-12 17:02:31,480{GMT}	INFO	[jepsen worker 1] jepsen.util: 1	:ok	:read	[32 1 17 5 24 28 13 31]
2026-03-12 17:02:31,518{GMT}	INFO	[jepsen worker 2] jepsen.util: 2	:invoke	:read	nil
2026-03-12 17:02:31,521{GMT}	INFO	[jepsen worker 2] jepsen.util: 2	:ok	:read	[18 21 6 9 25 14]
2026-03-12 17:02:31,674{GMT}	INFO	[jepsen worker 3] jepsen.util: 3	:invoke	:read	nil
2026-03-12 17:02:31,677{GMT}	INFO	[jepsen worker 3] jepsen.util: 3	:ok	:read	[2 19 22 10 26]
2026-03-12 17:02:31,850{GMT}	INFO	[jepsen worker 4] jepsen.util: 4	:invoke	:broadcast	34
2026-03-12 17:02:31,853{GMT}	INFO	[jepsen worker 4] jepsen.util: 4	:ok	:broadcast	34
2026-03-12 17:02:32,037{GMT}	INFO	[jepsen worker 0] jepsen.util: 0	:invoke	:read	nil
2026-03-12 17:02:32,041{GMT}	INFO	[jepsen worker 0] jepsen.util: 0	:ok	:read	[0 16 33 4 20 7 8 12 29 30]
2026-03-12 17:02:32,111{GMT}	INFO	[jepsen worker 0] jepsen.util: 0	:invoke	:read	nil
2026-03-12 17:02:32,115{GMT}	INFO	[jepsen worker 0] jepsen.util: 0	:ok	:read	[0 16 33 4 20 7 8 12 29 30]
2026-03-12 17:02:32,135{GMT}	INFO	[jepsen worker 1] jepsen.util: 1	:invoke	:broadcast	35
2026-03-12 17:02:32,139{GMT}	INFO	[jepsen worker 1] jepsen.util: 1	:ok	:broadcast	35
2026-03-12 17:02:32,220{GMT}	INFO	[jepsen worker 2] jepsen.util: 2	:invoke	:read	nil
2026-03-12 17:02:32,223{GMT}	INFO	[jepsen worker 2] jepsen.util: 2	:ok	:read	[18 21 6 9 25 14]
2026-03-12 17:02:32,338{GMT}	INFO	[jepsen worker 3] jepsen.util: 3	:invoke	:broadcast	36
2026-03-12 17:02:32,342{GMT}	INFO	[jepsen worker 3] jepsen.util: 3	:ok	:broadcast	36
2026-03-12 17:02:32,409{GMT}	INFO	[jepsen worker 4] jepsen.util: 4	:invoke	:broadcast	37
2026-03-12 17:02:32,412{GMT}	INFO	[jepsen worker 4] jepsen.util: 4	:ok	:broadcast	37
2026-03-12 17:02:32,582{GMT}	INFO	[jepsen worker 0] jepsen.util: 0	:invoke	:read	nil
2026-03-12 17:02:32,584{GMT}	INFO	[jepsen worker 0] jepsen.util: 0	:ok	:read	[0 16 33 4 20 7 8 12 29 30]
2026-03-12 17:02:32,693{GMT}	INFO	[jepsen worker 0] jepsen.util: 0	:invoke	:broadcast	38
2026-03-12 17:02:32,697{GMT}	INFO	[jepsen worker 0] jepsen.util: 0	:ok	:broadcast	38
2026-03-12 17:02:32,749{GMT}	INFO	[jepsen worker 1] jepsen.util: 1	:invoke	:broadcast	39
2026-03-12 17:02:32,751{GMT}	INFO	[jepsen worker 1] jepsen.util: 1	:ok	:broadcast	39
2026-03-12 17:02:32,876{GMT}	INFO	[jepsen worker 2] jepsen.util: 2	:invoke	:broadcast	40
2026-03-12 17:02:32,879{GMT}	INFO	[jepsen worker 2] jepsen.util: 2	:ok	:broadcast	40
2026-03-12 17:02:32,932{GMT}	INFO	[jepsen worker 3] jepsen.util: 3	:invoke	:broadcast	41
2026-03-12 17:02:32,935{GMT}	INFO	[jepsen worker 3] jepsen.util: 3	:ok	:broadcast	41
2026-03-12 17:02:33,051{GMT}	INFO	[jepsen worker 4] jepsen.util: 4	:invoke	:broadcast	42
2026-03-12 17:02:33,054{GMT}	INFO	[jepsen worker 4] jepsen.util: 4	:ok	:broadcast	42
2026-03-12 17:02:33,075{GMT}	INFO	[jepsen worker 0] jepsen.util: 0	:invoke	:read	nil
2026-03-12 17:02:33,078{GMT}	INFO	[jepsen worker 0] jepsen.util: 0	:ok	:read	[0 16 33 4 20 38 7 8 12 29 30]
2026-03-12 17:02:33,192{GMT}	INFO	[jepsen worker 0] jepsen.util: 0	:invoke	:read	nil
2026-03-12 17:02:33,196{GMT}	INFO	[jepsen worker 0] jepsen.util: 0	:ok	:read	[0 16 33 4 20 38 7 8 12 29 30]
2026-03-12 17:02:33,266{GMT}	INFO	[jepsen worker 1] jepsen.util: 1	:invoke	:read	nil
2026-03-12 17:02:33,269{GMT}	INFO	[jepsen worker 1] jepsen.util: 1	:ok	:read	[32 1 17 35 5 39 24 28 13 31]
2026-03-12 17:02:33,426{GMT}	INFO	[jepsen worker 2] jepsen.util: 2	:invoke	:broadcast	43
2026-03-12 17:02:33,430{GMT}	INFO	[jepsen worker 2] jepsen.util: 2	:ok	:broadcast	43
2026-03-12 17:02:33,568{GMT}	INFO	[jepsen worker 3] jepsen.util: 3	:invoke	:read	nil
2026-03-12 17:02:33,571{GMT}	INFO	[jepsen worker 3] jepsen.util: 3	:ok	:read	[2 19 36 22 41 10 26]
2026-03-12 17:02:33,746{GMT}	INFO	[jepsen worker 4] jepsen.util: 4	:invoke	:read	nil
2026-03-12 17:02:33,750{GMT}	INFO	[jepsen worker 4] jepsen.util: 4	:ok	:read	[34 3 37 23 42 11 27 15]
2026-03-12 17:02:33,876{GMT}	INFO	[jepsen worker 0] jepsen.util: 0	:invoke	:read	nil
2026-03-12 17:02:33,880{GMT}	INFO	[jepsen worker 0] jepsen.util: 0	:ok	:read	[0 16 33 4 20 38 7 8 12 29 30]
2026-03-12 17:02:33,971{GMT}	INFO	[jepsen worker 0] jepsen.util: 0	:invoke	:read	nil
2026-03-12 17:02:33,974{GMT}	INFO	[jepsen worker 0] jepsen.util: 0	:ok	:read	[0 16 33 4 20 38 7 8 12 29 30]
2026-03-12 17:02:34,068{GMT}	INFO	[jepsen worker 1] jepsen.util: 1	:invoke	:broadcast	44
2026-03-12 17:02:34,071{GMT}	INFO	[jepsen worker 1] jepsen.util: 1	:ok	:broadcast	44
2026-03-12 17:02:34,121{GMT}	INFO	[jepsen worker 2] jepsen.util: 2	:invoke	:read	nil
2026-03-12 17:02:34,124{GMT}	INFO	[jepsen worker 2] jepsen.util: 2	:ok	:read	[18 21 6 40 9 25 43 14]
2026-03-12 17:02:34,151{GMT}	INFO	[jepsen worker 3] jepsen.util: 3	:invoke	:read	nil
2026-03-12 17:02:34,155{GMT}	INFO	[jepsen worker 3] jepsen.util: 3	:ok	:read	[2 19 36 22 41 10 26]
2026-03-12 17:02:34,198{GMT}	INFO	[jepsen worker 4] jepsen.util: 4	:invoke	:broadcast	45
2026-03-12 17:02:34,201{GMT}	INFO	[jepsen worker 4] jepsen.util: 4	:ok	:broadcast	45
2026-03-12 17:02:34,276{GMT}	INFO	[jepsen worker 0] jepsen.util: 0	:invoke	:read	nil
2026-03-12 17:02:34,279{GMT}	INFO	[jepsen worker 0] jepsen.util: 0	:ok	:read	[0 16 33 4 20 38 7 8 12 29 30]
2026-03-12 17:02:34,354{GMT}	INFO	[jepsen worker 0] jepsen.util: 0	:invoke	:broadcast	46
2026-03-12 17:02:34,357{GMT}	INFO	[jepsen worker 0] jepsen.util: 0	:ok	:broadcast	46
2026-03-12 17:02:34,498{GMT}	INFO	[jepsen worker 1] jepsen.util: 1	:invoke	:broadcast	47
2026-03-12 17:02:34,501{GMT}	INFO	[jepsen worker 1] jepsen.util: 1	:ok	:broadcast	47
2026-03-12 17:02:34,623{GMT}	INFO	[jepsen worker 2] jepsen.util: 2	:invoke	:read	nil
2026-03-12 17:02:34,626{GMT}	INFO	[jepsen worker 2] jepsen.util: 2	:ok	:read	[18 21 6 40 9 25 43 14]
2026-03-12 17:02:34,775{GMT}	INFO	[jepsen worker 3] jepsen.util: 3	:invoke	:read	nil
2026-03-12 17:02:34,779{GMT}	INFO	[jepsen worker 3] jepsen.util: 3	:ok	:read	[2 19 36 22 41 10 26]
2026-03-12 17:02:34,802{GMT}	INFO	[jepsen worker 4] jepsen.util: 4	:invoke	:read	nil
2026-03-12 17:02:34,805{GMT}	INFO	[jepsen worker 4] jepsen.util: 4	:ok	:read	[34 3 37 23 42 11 27 45 15]
2026-03-12 17:02:34,891{GMT}	INFO	[jepsen worker 0] jepsen.util: 0	:invoke	:broadcast	48
2026-03-12 17:02:34,894{GMT}	INFO	[jepsen worker 0] jepsen.util: 0	:ok	:broadcast	48
2026-03-12 17:02:35,080{GMT}	INFO	[jepsen worker 0] jepsen.util: 0	:invoke	:broadcast	49
2026-03-12 17:02:35,083{GMT}	INFO	[jepsen worker 0] jepsen.util: 0	:ok	:broadcast	49
2026-03-12 17:02:35,168{GMT}	INFO	[jepsen worker 1] jepsen.util: 1	:invoke	:read	nil
2026-03-12 17:02:35,172{GMT}	INFO	[jepsen worker 1] jepsen.util: 1	:ok	:read	[32 1 17 35 5 39 24 28 44 13 31 47]
2026-03-12 17:02:35,367{GMT}	INFO	[jepsen worker 2] jepsen.util: 2	:invoke	:read	nil
2026-03-12 17:02:35,370{GMT}	INFO	[jepsen worker 2] jepsen.util: 2	:ok	:read	[18 21 6 40 9 25 43 14]
2026-03-12 17:02:35,469{GMT}	INFO	[jepsen worker 3] jepsen.util: 3	:invoke	:broadcast	50
2026-03-12 17:02:35,472{GMT}	INFO	[jepsen worker 3] jepsen.util: 3	:ok	:broadcast	50
2026-03-12 17:02:35,531{GMT}	INFO	[jepsen worker 4] jepsen.util: 4	:invoke	:broadcast	51
2026-03-12 17:02:35,533{GMT}	INFO	[jepsen worker 4] jepsen.util: 4	:ok	:broadcast	51
2026-03-12 17:02:35,567{GMT}	INFO	[jepsen worker 0] jepsen.util: 0	:invoke	:read	nil
2026-03-12 17:02:35,570{GMT}	INFO	[jepsen worker 0] jepsen.util: 0	:ok	:read	[0 33 4 38 7 8 12 46 16 48 49 20 29 30]
2026-03-12 17:02:35,721{GMT}	INFO	[jepsen worker 0] jepsen.util: 0	:invoke	:read	nil
2026-03-12 17:02:35,725{GMT}	INFO	[jepsen worker 0] jepsen.util: 0	:ok	:read	[0 33 4 38 7 8 12 46 16 48 49 20 29 30]
2026-03-12 17:02:35,756{GMT}	INFO	[jepsen worker 1] jepsen.util: 1	:invoke	:read	nil
2026-03-12 17:02:35,759{GMT}	INFO	[jepsen worker 1] jepsen.util: 1	:ok	:read	[32 1 17 35 5 39 24 28 44 13 31 47]
2026-03-12 17:02:35,949{GMT}	INFO	[jepsen worker 2] jepsen.util: 2	:invoke	:broadcast	52
2026-03-12 17:02:35,952{GMT}	INFO	[jepsen worker 2] jepsen.util: 2	:ok	:broadcast	52
2026-03-12 17:02:36,006{GMT}	INFO	[jepsen worker 3] jepsen.util: 3	:invoke	:broadcast	53
2026-03-12 17:02:36,009{GMT}	INFO	[jepsen worker 3] jepsen.util: 3	:ok	:broadcast	53
2026-03-12 17:02:36,120{GMT}	INFO	[jepsen worker 4] jepsen.util: 4	:invoke	:broadcast	54
2026-03-12 17:02:36,120{GMT}	INFO	[jepsen worker 0] jepsen.util: 0	:invoke	:read	nil
2026-03-12 17:02:36,123{GMT}	INFO	[jepsen worker 4] jepsen.util: 4	:ok	:broadcast	54
2026-03-12 17:02:36,124{GMT}	INFO	[jepsen worker 0] jepsen.util: 0	:ok	:read	[0 33 4 38 7 8 12 46 16 48 49 20 29 30]
2026-03-12 17:02:36,211{GMT}	INFO	[jepsen worker 0] jepsen.util: 0	:invoke	:broadcast	55
2026-03-12 17:02:36,213{GMT}	INFO	[jepsen worker 0] jepsen.util: 0	:ok	:broadcast	55
2026-03-12 17:02:36,295{GMT}	INFO	[jepsen worker 1] jepsen.util: 1	:invoke	:broadcast	56
2026-03-12 17:02:36,299{GMT}	INFO	[jepsen worker 1] jepsen.util: 1	:ok	:broadcast	56
2026-03-12 17:02:36,489{GMT}	INFO	[jepsen worker 2] jepsen.util: 2	:invoke	:read	nil
2026-03-12 17:02:36,493{GMT}	INFO	[jepsen worker 2] jepsen.util: 2	:ok	:read	[18 52 21 6 40 9 25 43 14]
2026-03-12 17:02:36,623{GMT}	INFO	[jepsen worker 3] jepsen.util: 3	:invoke	:broadcast	57
2026-03-12 17:02:36,626{GMT}	INFO	[jepsen worker 3] jepsen.util: 3	:ok	:broadcast	57
2026-03-12 17:02:36,644{GMT}	INFO	[jepsen worker 4] jepsen.util: 4	:invoke	:broadcast	58
2026-03-12 17:02:36,646{GMT}	INFO	[jepsen worker 4] jepsen.util: 4	:ok	:broadcast	58
2026-03-12 17:02:36,838{GMT}	INFO	[jepsen worker 0] jepsen.util: 0	:invoke	:read	nil
2026-03-12 17:02:36,841{GMT}	INFO	[jepsen worker 0] jepsen.util: 0	:ok	:read	[0 33 4 38 7 8 12 46 16 48 49 20 55 29 30]
2026-03-12 17:02:36,897{GMT}	INFO	[jepsen worker 0] jepsen.util: 0	:invoke	:broadcast	59
2026-03-12 17:02:36,900{GMT}	INFO	[jepsen worker 0] jepsen.util: 0	:ok	:broadcast	59
2026-03-12 17:02:37,088{GMT}	INFO	[jepsen worker 1] jepsen.util: 1	:invoke	:broadcast	60
2026-03-12 17:02:37,091{GMT}	INFO	[jepsen worker 1] jepsen.util: 1	:ok	:broadcast	60
2026-03-12 17:02:37,101{GMT}	INFO	[jepsen worker 2] jepsen.util: 2	:invoke	:read	nil
2026-03-12 17:02:37,104{GMT}	INFO	[jepsen worker 2] jepsen.util: 2	:ok	:read	[18 52 21 6 40 9 25 43 14]
2026-03-12 17:02:37,260{GMT}	INFO	[jepsen worker 3] jepsen.util: 3	:invoke	:broadcast	61
2026-03-12 17:02:37,263{GMT}	INFO	[jepsen worker 3] jepsen.util: 3	:ok	:broadcast	61
2026-03-12 17:02:37,365{GMT}	INFO	[jepsen worker 4] jepsen.util: 4	:invoke	:read	nil
2026-03-12 17:02:37,369{GMT}	INFO	[jepsen worker 4] jepsen.util: 4	:ok	:read	[34 3 51 37 54 23 42 58 11 27 45 15]
2026-03-12 17:02:37,503{GMT}	INFO	[jepsen worker 0] jepsen.util: 0	:invoke	:broadcast	62
2026-03-12 17:02:37,507{GMT}	INFO	[jepsen worker 0] jepsen.util: 0	:ok	:broadcast	62
2026-03-12 17:02:37,599{GMT}	INFO	[jepsen worker 0] jepsen.util: 0	:invoke	:broadcast	63
2026-03-12 17:02:37,602{GMT}	INFO	[jepsen worker 0] jepsen.util: 0	:ok	:broadcast	63
2026-03-12 17:02:37,659{GMT}	INFO	[jepsen worker 1] jepsen.util: 1	:invoke	:broadcast	64
2026-03-12 17:02:37,662{GMT}	INFO	[jepsen worker 1] jepsen.util: 1	:ok	:broadcast	64
2026-03-12 17:02:37,823{GMT}	INFO	[jepsen worker 2] jepsen.util: 2	:invoke	:broadcast	65
2026-03-12 17:02:37,826{GMT}	INFO	[jepsen worker 2] jepsen.util: 2	:ok	:broadcast	65
2026-03-12 17:02:37,968{GMT}	INFO	[jepsen worker 3] jepsen.util: 3	:invoke	:broadcast	66
2026-03-12 17:02:37,971{GMT}	INFO	[jepsen worker 3] jepsen.util: 3	:ok	:broadcast	66
2026-03-12 17:02:38,115{GMT}	INFO	[jepsen worker 4] jepsen.util: 4	:invoke	:read	nil
2026-03-12 17:02:38,118{GMT}	INFO	[jepsen worker 4] jepsen.util: 4	:ok	:read	[34 3 51 37 54 23 42 58 11 27 45 15]
2026-03-12 17:02:38,208{GMT}	INFO	[jepsen worker 0] jepsen.util: 0	:invoke	:read	nil
2026-03-12 17:02:38,212{GMT}	INFO	[jepsen worker 0] jepsen.util: 0	:ok	:read	[0 33 4 38 7 8 12 46 16 48 49 20 55 59 29 30 62 63]
2026-03-12 17:02:38,228{GMT}	INFO	[jepsen worker 0] jepsen.util: 0	:invoke	:read	nil
2026-03-12 17:02:38,231{GMT}	INFO	[jepsen worker 0] jepsen.util: 0	:ok	:read	[0 33 4 38 7 8 12 46 16 48 49 20 55 59 29 30 62 63]
2026-03-12 17:02:38,427{GMT}	INFO	[jepsen worker 1] jepsen.util: 1	:invoke	:read	nil
2026-03-12 17:02:38,431{GMT}	INFO	[jepsen worker 1] jepsen.util: 1	:ok	:read	[32 64 1 35 5 39 44 13 47 17 24 56 28 60 31]
2026-03-12 17:02:38,573{GMT}	INFO	[jepsen worker 2] jepsen.util: 2	:invoke	:read	nil
2026-03-12 17:02:38,576{GMT}	INFO	[jepsen worker 2] jepsen.util: 2	:ok	:read	[65 18 52 21 6 40 9 25 43 14]
2026-03-12 17:02:38,617{GMT}	INFO	[jepsen worker 3] jepsen.util: 3	:invoke	:read	nil
2026-03-12 17:02:38,619{GMT}	INFO	[jepsen worker 3] jepsen.util: 3	:ok	:read	[2 50 66 19 36 53 22 41 57 10 26 61]
2026-03-12 17:02:38,781{GMT}	INFO	[jepsen worker 4] jepsen.util: 4	:invoke	:read	nil
2026-03-12 17:02:38,784{GMT}	INFO	[jepsen worker 4] jepsen.util: 4	:ok	:read	[34 3 51 37 54 23 42 58 11 27 45 15]
2026-03-12 17:02:38,899{GMT}	INFO	[jepsen worker 0] jepsen.util: 0	:invoke	:broadcast	67
2026-03-12 17:02:38,901{GMT}	INFO	[jepsen worker 0] jepsen.util: 0	:ok	:broadcast	67
2026-03-12 17:02:38,942{GMT}	INFO	[jepsen worker 0] jepsen.util: 0	:invoke	:read	nil
2026-03-12 17:02:38,945{GMT}	INFO	[jepsen worker 0] jepsen.util: 0	:ok	:read	[0 33 67 4 38 7 8 12 46 16 48 49 20 55 59 29 30 62 63]
2026-03-12 17:02:38,970{GMT}	INFO	[jepsen worker 1] jepsen.util: 1	:invoke	:read	nil
2026-03-12 17:02:38,973{GMT}	INFO	[jepsen worker 1] jepsen.util: 1	:ok	:read	[32 64 1 35 5 39 44 13 47 17 24 56 28 60 31]
2026-03-12 17:02:39,157{GMT}	INFO	[jepsen worker 2] jepsen.util: 2	:invoke	:read	nil
2026-03-12 17:02:39,161{GMT}	INFO	[jepsen worker 2] jepsen.util: 2	:ok	:read	[65 18 52 21 6 40 9 25 43 14]
2026-03-12 17:02:39,172{GMT}	INFO	[jepsen worker 3] jepsen.util: 3	:invoke	:read	nil
2026-03-12 17:02:39,175{GMT}	INFO	[jepsen worker 3] jepsen.util: 3	:ok	:read	[2 50 66 19 36 53 22 41 57 10 26 61]
2026-03-12 17:02:39,261{GMT}	INFO	[jepsen worker 4] jepsen.util: 4	:invoke	:read	nil
2026-03-12 17:02:39,264{GMT}	INFO	[jepsen worker 4] jepsen.util: 4	:ok	:read	[34 3 51 37 54 23 42 58 11 27 45 15]
2026-03-12 17:02:39,340{GMT}	INFO	[jepsen worker 0] jepsen.util: 0	:invoke	:broadcast	68
2026-03-12 17:02:39,343{GMT}	INFO	[jepsen worker 0] jepsen.util: 0	:ok	:broadcast	68
2026-03-12 17:02:39,379{GMT}	INFO	[jepsen worker 0] jepsen.util: 0	:invoke	:broadcast	69
2026-03-12 17:02:39,382{GMT}	INFO	[jepsen worker 0] jepsen.util: 0	:ok	:broadcast	69
2026-03-12 17:02:39,383{GMT}	INFO	[jepsen worker 1] jepsen.util: 1	:invoke	:read	nil
2026-03-12 17:02:39,386{GMT}	INFO	[jepsen worker 1] jepsen.util: 1	:ok	:read	[32 64 1 35 5 39 44 13 47 17 24 56 28 60 31]
2026-03-12 17:02:39,584{GMT}	INFO	[jepsen worker 2] jepsen.util: 2	:invoke	:read	nil
2026-03-12 17:02:39,587{GMT}	INFO	[jepsen worker 2] jepsen.util: 2	:ok	:read	[65 18 52 21 6 40 9 25 43 14]
2026-03-12 17:02:39,770{GMT}	INFO	[jepsen worker 3] jepsen.util: 3	:invoke	:read	nil
2026-03-12 17:02:39,774{GMT}	INFO	[jepsen worker 3] jepsen.util: 3	:ok	:read	[2 50 66 19 36 53 22 41 57 10 26 61]
2026-03-12 17:02:39,888{GMT}	INFO	[jepsen worker 4] jepsen.util: 4	:invoke	:broadcast	70
2026-03-12 17:02:39,891{GMT}	INFO	[jepsen worker 4] jepsen.util: 4	:ok	:broadcast	70
2026-03-12 17:02:40,057{GMT}	INFO	[jepsen worker 0] jepsen.util: 0	:invoke	:broadcast	71
2026-03-12 17:02:40,060{GMT}	INFO	[jepsen worker 0] jepsen.util: 0	:ok	:broadcast	71
2026-03-12 17:02:40,253{GMT}	INFO	[jepsen worker 0] jepsen.util: 0	:invoke	:broadcast	72
2026-03-12 17:02:40,256{GMT}	INFO	[jepsen worker 0] jepsen.util: 0	:ok	:broadcast	72
2026-03-12 17:02:40,432{GMT}	INFO	[jepsen worker 1] jepsen.util: 1	:invoke	:read	nil
2026-03-12 17:02:40,435{GMT}	INFO	[jepsen worker 1] jepsen.util: 1	:ok	:read	[32 64 1 35 5 39 44 13 47 17 24 56 28 60 31]
2026-03-12 17:02:40,457{GMT}	INFO	[jepsen worker 2] jepsen.util: 2	:invoke	:broadcast	73
2026-03-12 17:02:40,459{GMT}	INFO	[jepsen worker 2] jepsen.util: 2	:ok	:broadcast	73
2026-03-12 17:02:40,626{GMT}	INFO	[jepsen worker 3] jepsen.util: 3	:invoke	:broadcast	74
2026-03-12 17:02:40,629{GMT}	INFO	[jepsen worker 3] jepsen.util: 3	:ok	:broadcast	74
2026-03-12 17:02:40,687{GMT}	INFO	[jepsen worker 4] jepsen.util: 4	:invoke	:read	nil
2026-03-12 17:02:40,690{GMT}	INFO	[jepsen worker 4] jepsen.util: 4	:ok	:read	[34 3 37 70 42 11 45 15 51 54 23 58 27]
2026-03-12 17:02:40,751{GMT}	INFO	[jepsen worker 0] jepsen.util: 0	:invoke	:broadcast	75
2026-03-12 17:02:40,754{GMT}	INFO	[jepsen worker 0] jepsen.util: 0	:ok	:broadcast	75
2026-03-12 17:02:40,915{GMT}	INFO	[jepsen worker 0] jepsen.util: 0	:invoke	:read	nil
2026-03-12 17:02:40,918{GMT}	INFO	[jepsen worker 0] jepsen.util: 0	:ok	:read	[0 33 67 4 68 69 38 7 71 8 72 75 12 46 16 48 49 20 55 59 29 30 62 63]
2026-03-12 17:02:41,022{GMT}	INFO	[jepsen worker 1] jepsen.util: 1	:invoke	:broadcast	76
2026-03-12 17:02:41,025{GMT}	INFO	[jepsen worker 1] jepsen.util: 1	:ok	:broadcast	76
2026-03-12 17:02:41,100{GMT}	INFO	[jepsen worker 2] jepsen.util: 2	:invoke	:broadcast	77
2026-03-12 17:02:41,103{GMT}	INFO	[jepsen worker 2] jepsen.util: 2	:ok	:broadcast	77
2026-03-12 17:02:41,115{GMT}	INFO	[jepsen worker 3] jepsen.util: 3	:invoke	:read	nil
2026-03-12 17:02:41,118{GMT}	INFO	[jepsen worker 3] jepsen.util: 3	:ok	:read	[2 66 36 41 10 74 50 19 53 22 57 26 61]
2026-03-12 17:02:41,302{GMT}	INFO	[jepsen worker 4] jepsen.util: 4	:invoke	:read	nil
2026-03-12 17:02:41,305{GMT}	INFO	[jepsen worker 4] jepsen.util: 4	:ok	:read	[34 3 37 70 42 11 45 15 51 54 23 58 27]
2026-03-12 17:02:41,338{GMT}	INFO	[jepsen worker 0] jepsen.util: 0	:invoke	:broadcast	78
2026-03-12 17:02:41,341{GMT}	INFO	[jepsen worker 0] jepsen.util: 0	:ok	:broadcast	78
2026-03-12 17:02:41,535{GMT}	INFO	[jepsen worker 0] jepsen.util: 0	:invoke	:broadcast	79
2026-03-12 17:02:41,538{GMT}	INFO	[jepsen worker 0] jepsen.util: 0	:ok	:broadcast	79
2026-03-12 17:02:41,542{GMT}	INFO	[jepsen worker 1] jepsen.util: 1	:invoke	:broadcast	80
2026-03-12 17:02:41,545{GMT}	INFO	[jepsen worker 1] jepsen.util: 1	:ok	:broadcast	80
2026-03-12 17:02:41,641{GMT}	INFO	[jepsen worker 2] jepsen.util: 2	:invoke	:broadcast	81
2026-03-12 17:02:41,644{GMT}	INFO	[jepsen worker 2] jepsen.util: 2	:ok	:broadcast	81
2026-03-12 17:02:41,765{GMT}	INFO	[jepsen worker 3] jepsen.util: 3	:invoke	:read	nil
2026-03-12 17:02:41,768{GMT}	INFO	[jepsen worker 3] jepsen.util: 3	:ok	:read	[2 66 36 41 10 74 50 19 53 22 57 26 61]
2026-03-12 17:02:41,829{GMT}	INFO	[jepsen worker 4] jepsen.util: 4	:invoke	:broadcast	82
2026-03-12 17:02:41,832{GMT}	INFO	[jepsen worker 4] jepsen.util: 4	:ok	:broadcast	82
2026-03-12 17:02:41,932{GMT}	INFO	[jepsen worker 0] jepsen.util: 0	:invoke	:read	nil
2026-03-12 17:02:41,935{GMT}	INFO	[jepsen worker 0] jepsen.util: 0	:ok	:read	[0 67 4 68 69 7 71 8 72 75 12 78 79 16 20 29 30 33 38 46 48 49 55 59 62 63]
2026-03-12 17:02:41,936{GMT}	INFO	[jepsen worker 0] jepsen.util: 0	:invoke	:read	nil
2026-03-12 17:02:41,939{GMT}	INFO	[jepsen worker 0] jepsen.util: 0	:ok	:read	[0 67 4 68 69 7 71 8 72 75 12 78 79 16 20 29 30 33 38 46 48 49 55 59 62 63]
2026-03-12 17:02:41,999{GMT}	INFO	[jepsen worker 1] jepsen.util: 1	:invoke	:read	nil
2026-03-12 17:02:42,002{GMT}	INFO	[jepsen worker 1] jepsen.util: 1	:ok	:read	[32 64 1 35 5 39 44 76 13 47 80 17 24 56 28 60 31]
2026-03-12 17:02:42,089{GMT}	INFO	[jepsen worker 2] jepsen.util: 2	:invoke	:read	nil
2026-03-12 17:02:42,092{GMT}	INFO	[jepsen worker 2] jepsen.util: 2	:ok	:read	[65 6 40 9 73 43 77 14 81 18 52 21 25]
2026-03-12 17:02:42,281{GMT}	INFO	[jepsen worker 3] jepsen.util: 3	:invoke	:broadcast	83
2026-03-12 17:02:42,284{GMT}	INFO	[jepsen worker 3] jepsen.util: 3	:ok	:broadcast	83
2026-03-12 17:02:42,388{GMT}	INFO	[jepsen worker 4] jepsen.util: 4	:invoke	:broadcast	84
2026-03-12 17:02:42,391{GMT}	INFO	[jepsen worker 4] jepsen.util: 4	:ok	:broadcast	84
2026-03-12 17:02:42,524{GMT}	INFO	[jepsen worker 0] jepsen.util: 0	:invoke	:broadcast	85
2026-03-12 17:02:42,527{GMT}	INFO	[jepsen worker 0] jepsen.util: 0	:ok	:broadcast	85
2026-03-12 17:02:42,705{GMT}	INFO	[jepsen worker 0] jepsen.util: 0	:invoke	:broadcast	86
2026-03-12 17:02:42,708{GMT}	INFO	[jepsen worker 0] jepsen.util: 0	:ok	:broadcast	86
2026-03-12 17:02:42,883{GMT}	INFO	[jepsen worker 1] jepsen.util: 1	:invoke	:broadcast	87
2026-03-12 17:02:42,886{GMT}	INFO	[jepsen worker 1] jepsen.util: 1	:ok	:broadcast	87
2026-03-12 17:02:43,038{GMT}	INFO	[jepsen worker 2] jepsen.util: 2	:invoke	:read	nil
2026-03-12 17:02:43,041{GMT}	INFO	[jepsen worker 2] jepsen.util: 2	:ok	:read	[65 6 40 9 73 43 77 14 81 18 52 21 25]
2026-03-12 17:02:43,164{GMT}	INFO	[jepsen worker 3] jepsen.util: 3	:invoke	:broadcast	88
2026-03-12 17:02:43,167{GMT}	INFO	[jepsen worker 3] jepsen.util: 3	:ok	:broadcast	88
2026-03-12 17:02:43,275{GMT}	INFO	[jepsen worker 4] jepsen.util: 4	:invoke	:broadcast	89
2026-03-12 17:02:43,278{GMT}	INFO	[jepsen worker 4] jepsen.util: 4	:ok	:broadcast	89
2026-03-12 17:02:43,285{GMT}	INFO	[jepsen worker 0] jepsen.util: 0	:invoke	:broadcast	90
2026-03-12 17:02:43,288{GMT}	INFO	[jepsen worker 0] jepsen.util: 0	:ok	:broadcast	90
2026-03-12 17:02:43,435{GMT}	INFO	[jepsen worker 0] jepsen.util: 0	:invoke	:read	nil
2026-03-12 17:02:43,439{GMT}	INFO	[jepsen worker 0] jepsen.util: 0	:ok	:read	[0 67 4 68 69 7 71 8 72 75 12 78 79 16 20 85 86 90 29 30 33 38 46 48 49 55 59 62 63]
2026-03-12 17:02:43,511{GMT}	INFO	[jepsen worker 1] jepsen.util: 1	:invoke	:broadcast	91
2026-03-12 17:02:43,514{GMT}	INFO	[jepsen worker 1] jepsen.util: 1	:ok	:broadcast	91
2026-03-12 17:02:43,651{GMT}	INFO	[jepsen worker 2] jepsen.util: 2	:invoke	:broadcast	92
2026-03-12 17:02:43,652{GMT}	INFO	[jepsen worker 2] jepsen.util: 2	:ok	:broadcast	92
2026-03-12 17:02:43,831{GMT}	INFO	[jepsen worker 3] jepsen.util: 3	:invoke	:read	nil
2026-03-12 17:02:43,834{GMT}	INFO	[jepsen worker 3] jepsen.util: 3	:ok	:read	[2 66 36 41 10 74 50 19 83 53 22 88 57 26 61]
2026-03-12 17:02:43,919{GMT}	INFO	[jepsen worker 4] jepsen.util: 4	:invoke	:broadcast	93
2026-03-12 17:02:43,923{GMT}	INFO	[jepsen worker 4] jepsen.util: 4	:ok	:broadcast	93
2026-03-12 17:02:44,022{GMT}	INFO	[jepsen worker 0] jepsen.util: 0	:invoke	:broadcast	94
2026-03-12 17:02:44,025{GMT}	INFO	[jepsen worker 0] jepsen.util: 0	:ok	:broadcast	94
2026-03-12 17:02:44,122{GMT}	INFO	[jepsen worker 0] jepsen.util: 0	:invoke	:broadcast	95
2026-03-12 17:02:44,125{GMT}	INFO	[jepsen worker 0] jepsen.util: 0	:ok	:broadcast	95
2026-03-12 17:02:44,169{GMT}	INFO	[jepsen worker 1] jepsen.util: 1	:invoke	:read	nil
2026-03-12 17:02:44,172{GMT}	INFO	[jepsen worker 1] jepsen.util: 1	:ok	:read	[32 64 1 35 5 39 44 76 13 47 80 17 87 24 56 91 28 60 31]
2026-03-12 17:02:44,334{GMT}	INFO	[jepsen worker 2] jepsen.util: 2	:invoke	:read	nil
2026-03-12 17:02:44,337{GMT}	INFO	[jepsen worker 2] jepsen.util: 2	:ok	:read	[65 6 40 9 73 43 77 14 81 18 52 21 25 92]
2026-03-12 17:02:44,393{GMT}	INFO	[jepsen worker 3] jepsen.util: 3	:invoke	:broadcast	96
2026-03-12 17:02:44,397{GMT}	INFO	[jepsen worker 3] jepsen.util: 3	:ok	:broadcast	96
2026-03-12 17:02:44,505{GMT}	INFO	[jepsen worker 4] jepsen.util: 4	:invoke	:broadcast	97
2026-03-12 17:02:44,508{GMT}	INFO	[jepsen worker 4] jepsen.util: 4	:ok	:broadcast	97
2026-03-12 17:02:44,539{GMT}	INFO	[jepsen worker 0] jepsen.util: 0	:invoke	:broadcast	98
2026-03-12 17:02:44,542{GMT}	INFO	[jepsen worker 0] jepsen.util: 0	:ok	:broadcast	98
2026-03-12 17:02:44,555{GMT}	INFO	[jepsen worker 0] jepsen.util: 0	:invoke	:broadcast	99
2026-03-12 17:02:44,558{GMT}	INFO	[jepsen worker 0] jepsen.util: 0	:ok	:broadcast	99
2026-03-12 17:02:44,602{GMT}	INFO	[jepsen worker 1] jepsen.util: 1	:invoke	:broadcast	100
2026-03-12 17:02:44,605{GMT}	INFO	[jepsen worker 1] jepsen.util: 1	:ok	:broadcast	100
2026-03-12 17:02:44,759{GMT}	INFO	[jepsen worker 2] jepsen.util: 2	:invoke	:read	nil
2026-03-12 17:02:44,762{GMT}	INFO	[jepsen worker 2] jepsen.util: 2	:ok	:read	[65 6 40 9 73 43 77 14 81 18 52 21 25 92]
2026-03-12 17:02:44,822{GMT}	INFO	[jepsen worker 3] jepsen.util: 3	:invoke	:broadcast	101
2026-03-12 17:02:44,825{GMT}	INFO	[jepsen worker 3] jepsen.util: 3	:ok	:broadcast	101
2026-03-12 17:02:44,852{GMT}	INFO	[jepsen worker 4] jepsen.util: 4	:invoke	:broadcast	102
2026-03-12 17:02:44,854{GMT}	INFO	[jepsen worker 4] jepsen.util: 4	:ok	:broadcast	102
2026-03-12 17:02:45,028{GMT}	INFO	[jepsen worker 0] jepsen.util: 0	:invoke	:broadcast	103
2026-03-12 17:02:45,030{GMT}	INFO	[jepsen worker 0] jepsen.util: 0	:ok	:broadcast	103
2026-03-12 17:02:45,031{GMT}	INFO	[jepsen worker 0] jepsen.generator.interpreter: Waiting for recovery...
2026-03-12 17:02:55,036{GMT}	INFO	[jepsen worker 1] jepsen.util: 1	:invoke	:read	nil
2026-03-12 17:02:55,036{GMT}	INFO	[jepsen worker 2] jepsen.util: 2	:invoke	:read	nil
2026-03-12 17:02:55,036{GMT}	INFO	[jepsen worker 0] jepsen.util: 0	:invoke	:read	nil
2026-03-12 17:02:55,036{GMT}	INFO	[jepsen worker 3] jepsen.util: 3	:invoke	:read	nil
2026-03-12 17:02:55,037{GMT}	INFO	[jepsen worker 4] jepsen.util: 4	:invoke	:read	nil
2026-03-12 17:02:55,040{GMT}	INFO	[jepsen worker 1] jepsen.util: 1	:ok	:read	[32 64 1 35 100 5 39 44 76 13 47 80 17 87 24 56 91 28 60 31]
2026-03-12 17:02:55,041{GMT}	INFO	[jepsen worker 3] jepsen.util: 3	:ok	:read	[96 2 66 36 101 41 10 74 50 19 83 53 22 88 57 26 61]
2026-03-12 17:02:55,041{GMT}	INFO	[jepsen worker 4] jepsen.util: 4	:ok	:read	[97 34 3 37 70 102 42 11 45 15 82 51 84 54 23 89 58 27 93]
2026-03-12 17:02:55,041{GMT}	INFO	[jepsen worker 0] jepsen.util: 0	:ok	:read	[0 67 4 68 69 7 71 8 72 75 12 78 79 16 20 85 86 90 29 30 94 95 33 98 99 38 103 46 48 49 55 59 62 63]
2026-03-12 17:02:55,042{GMT}	INFO	[jepsen worker 2] jepsen.util: 2	:ok	:read	[65 6 40 9 73 43 77 14 81 18 52 21 25 92]
2026-03-12 17:02:55,104{GMT}	INFO	[jepsen test runner] jepsen.core: Run complete, writing
2026-03-12 17:02:55,203{GMT}	INFO	[jepsen node n2] maelstrom.db: Tearing down n2
2026-03-12 17:02:55,203{GMT}	INFO	[jepsen node n3] maelstrom.db: Tearing down n3
2026-03-12 17:02:55,203{GMT}	INFO	[jepsen node n1] maelstrom.db: Tearing down n1
2026-03-12 17:02:55,203{GMT}	INFO	[jepsen node n4] maelstrom.db: Tearing down n4
2026-03-12 17:02:55,203{GMT}	INFO	[jepsen node n0] maelstrom.db: Tearing down n0
2026-03-12 17:02:56,896{GMT}	INFO	[jepsen node n0] maelstrom.net: Shutting down Maelstrom network
2026-03-12 17:02:56,898{GMT}	INFO	[jepsen test runner] jepsen.core: Analyzing...
2026-03-12 17:02:57,520{GMT}	INFO	[jepsen test runner] jepsen.core: Analysis complete
2026-03-12 17:02:57,563{GMT}	INFO	[jepsen results] jepsen.store: Wrote /home/banna/Documents/maelstrom-java/store/broadcast/20260312T170223.354Z/results.edn
2026-03-12 17:02:57,742{GMT}	INFO	[jepsen test runner] jepsen.core: {:perf {:latency-graph {:valid? true},
        :rate-graph {:valid? true},
        :valid? true},
 :timeline {:valid? true},
 :exceptions {:valid? true},
 :stats {:valid? true,
         :count 197,
         :ok-count 197,
         :fail-count 0,
         :info-count 0,
         :by-f {:broadcast {:valid? true,
                            :count 104,
                            :ok-count 104,
                            :fail-count 0,
                            :info-count 0},
                :read {:valid? true,
                       :count 93,
                       :ok-count 93,
                       :fail-count 0,
                       :info-count 0}}},
 :availability {:valid? true, :ok-fraction 1.0},
 :net {:all {:send-count 414,
             :recv-count 414,
             :msg-count 414,
             :msgs-per-op 2.101523},
       :clients {:send-count 414, :recv-count 414, :msg-count 414},
       :servers {:send-count 0,
                 :recv-count 0,
                 :msg-count 0,
                 :msgs-per-op 0.0},
       :valid? true},
 :workload {:worst-stale ({:element 3,
                           :outcome :stable,
                           :stable-latency 29451,
                           :lost-latency nil,
                           :known #jepsen.history.Op{:index 9,
                                                     :time 509004704,
                                                     :type :ok,
                                                     :process 4,
                                                     :f :add,
                                                     :value 3},
                           :last-absent #jepsen.history.Op{:index 387,
                                                           :time 29960299963,
                                                           :type :invoke,
                                                           :process 3,
                                                           :f :read,
                                                           :value nil,
                                                           :final? true}}
                          {:element 11,
                           :outcome :stable,
                           :stable-latency 27919,
                           :lost-latency nil,
                           :known #jepsen.history.Op{:index 33,
                                                     :time 2041047169,
                                                     :type :ok,
                                                     :process 4,
                                                     :f :add,
                                                     :value 11},
                           :last-absent #jepsen.history.Op{:index 387,
                                                           :time 29960299963,
                                                           :type :invoke,
                                                           :process 3,
                                                           :f :read,
                                                           :value nil,
                                                           :final? true}}
                          {:element 15,
                           :outcome :stable,
                           :stable-latency 27486,
                           :lost-latency nil,
                           :known #jepsen.history.Op{:index 45,
                                                     :time 2473560066,
                                                     :type :ok,
                                                     :process 4,
                                                     :f :add,
                                                     :value 15},
                           :last-absent #jepsen.history.Op{:index 387,
                                                           :time 29960299963,
                                                           :type :invoke,
                                                           :process 3,
                                                           :f :read,
                                                           :value nil,
                                                           :final? true}}
                          {:element 23,
                           :outcome :stable,
                           :stable-latency 26430,
                           :lost-latency nil,
                           :known #jepsen.history.Op{:index 69,
                                                     :time 3529462856,
                                                     :type :ok,
                                                     :process 4,
                                                     :f :add,
                                                     :value 23},
                           :last-absent #jepsen.history.Op{:index 387,
                                                           :time 29960299963,
                                                           :type :invoke,
                                                           :process 3,
                                                           :f :read,
                                                           :value nil,
                                                           :final? true}}
                          {:element 27,
                           :outcome :stable,
                           :stable-latency 25756,
                           :lost-latency nil,
                           :known #jepsen.history.Op{:index 81,
                                                     :time 4203561073,
                                                     :type :ok,
                                                     :process 4,
                                                     :f :add,
                                                     :value 27},
                           :last-absent #jepsen.history.Op{:index 387,
                                                           :time 29960299963,
                                                           :type :invoke,
                                                           :process 3,
                                                           :f :read,
                                                           :value nil,
                                                           :final? true}}
                          {:element 34,
                           :outcome :stable,
                           :stable-latency 23182,
                           :lost-latency nil,
                           :known #jepsen.history.Op{:index 129,
                                                     :time 6777543345,
                                                     :type :ok,
                                                     :process 4,
                                                     :f :add,
                                                     :value 34},
                           :last-absent #jepsen.history.Op{:index 387,
                                                           :time 29960299963,
                                                           :type :invoke,
                                                           :process 3,
                                                           :f :read,
                                                           :value nil,
                                                           :final? true}}
                          {:element 37,
                           :outcome :stable,
                           :stable-latency 22624,
                           :lost-latency nil,
                           :known #jepsen.history.Op{:index 141,
                                                     :time 7336186130,
                                                     :type :ok,
                                                     :process 4,
                                                     :f :add,
                                                     :value 37},
                           :last-absent #jepsen.history.Op{:index 387,
                                                           :time 29960299963,
                                                           :type :invoke,
                                                           :process 3,
                                                           :f :read,
                                                           :value nil,
                                                           :final? true}}
                          {:element 42,
                           :outcome :stable,
                           :stable-latency 21982,
                           :lost-latency nil,
                           :known #jepsen.history.Op{:index 153,
                                                     :time 7978078134,
                                                     :type :ok,
                                                     :process 4,
                                                     :f :add,
                                                     :value 42},
                           :last-absent #jepsen.history.Op{:index 387,
                                                           :time 29960299963,
                                                           :type :invoke,
                                                           :process 3,
                                                           :f :read,
                                                           :value nil,
                                                           :final? true}}),
            :duplicated-count 0,
            :valid? false,
            :lost-count 85,
            :lost (0
                   1
                   2
                   4
                   5
                   6
                   7
                   8
                   9
                   10
                   12
                   13
                   14
                   16
                   17
                   18
                   19
                   20
                   21
                   22
                   24
                   25
                   26
                   28
                   29
                   30
                   31
                   32
                   33
                   35
                   36
                   38
                   39
                   40
                   41
                   43
                   44
                   46
                   47
                   48
                   49
                   50
                   52
                   53
                   55
                   56
                   57
                   59
                   60
                   61
                   62
                   63
                   64
                   65
                   66
                   67
                   68
                   69
                   71
                   72
                   73
                   74
                   75
                   76
                   77
                   78
                   79
                   80
                   81
                   83
                   85
                   86
                   87
                   88
                   90
                   91
                   92
                   94
                   95
                   96
                   98
                   99
                   100
                   101
                   103),
            :stable-count 19,
            :stale-count 19,
            :stale (3
                    11
                    15
                    23
                    27
                    34
                    37
                    42
                    45
                    51
                    54
                    58
                    70
                    82
                    84
                    89
                    93
                    97
                    102),
            :never-read-count 0,
            :stable-latencies {0 10181,
                               0.5 19502,
                               0.95 29451,
                               0.99 29451,
                               1 29451},
            :attempt-count 104,
            :lost-latencies {0 10005,
                             0.5 19080,
                             0.95 28978,
                             0.99 29928,
                             1 29928},
            :never-read (),
            :duplicated {}},
 :valid? false}


Analysis invalid! (ﾉಥ益ಥ）ﾉ ┻━┻
