2026-03-12 17:07:28,325{GMT}	INFO	[jepsen test runner] jepsen.core: Command line:
lein run test -w broadcast --bin run.sh broadcast --node-count 5 --time-limit 20 --rate 10
2026-03-12 17:07:28,414{GMT}	INFO	[jepsen test runner] jepsen.core: Running test:
{:args ["broadcast"]
 :remote
 #jepsen.control.retry.Remote{:remote #jepsen.control.scp.Remote{:cmd-remote #jepsen.control.sshj.SSHJRemote{:concurrency-limit 6,
                                                                                                             :conn-spec nil,
                                                                                                             :client nil,
                                                                                                             :semaphore nil},
                                                                 :conn-spec nil},
                              :conn nil}
 :log-net-send false
 :node-count 5
 :availability nil
 :max-txn-length 4
 :concurrency 5
 :db
 #object[maelstrom.db$db$reify__16142
         "0x3619ecd"
         "maelstrom.db$db$reify__16142@3619ecd"]
 :max-writes-per-key 16
 :leave-db-running? false
 :name "broadcast"
 :logging-json? false
 :start-time
 #object[org.joda.time.DateTime "0x7de4bd8f" "2026-03-12T17:07:28.302Z"]
 :nemesis-interval 10
 :net
 #object[maelstrom.net$jepsen_net$reify__15251
         "0x193e65d5"
         "maelstrom.net$jepsen_net$reify__15251@193e65d5"]
 :client
 #object[maelstrom.workload.broadcast$client$reify__16644
         "0x2a97b4b8"
         "maelstrom.workload.broadcast$client$reify__16644@2a97b4b8"]
 :barrier
 #object[java.util.concurrent.CyclicBarrier
         "0x250fc0d1"
         "java.util.concurrent.CyclicBarrier@250fc0d1"]
 :log-stderr false
 :pure-generators true
 :ssh {:dummy? true}
 :rate 10.0
 :checker
 #object[jepsen.checker$compose$reify__11881
         "0x7ddf193a"
         "jepsen.checker$compose$reify__11881@7ddf193a"]
 :argv
 ("test"
  "-w"
  "broadcast"
  "--bin"
  "run.sh"
  "broadcast"
  "--node-count"
  "5"
  "--time-limit"
  "20"
  "--rate"
  "10")
 :nemesis
 (jepsen.nemesis.ReflCompose
  {:fm {:start-partition 0,
        :stop-partition 0,
        :kill 1,
        :start 1,
        :pause 1,
        :resume 1},
   :nemeses [#unprintable "jepsen.nemesis.combined$partition_nemesis$reify__16416@17a5cb99"
             #unprintable "jepsen.nemesis.combined$db_nemesis$reify__16397@808fa1"]})
 :nodes ["n0" "n1" "n2" "n3" "n4"]
 :test-count 1
 :latency {:mean 0, :dist :constant}
 :bin "run.sh"
 :generator
 ((jepsen.generator.Synchronize
   {:gen (jepsen.generator.TimeLimit
          {:limit 20000000000,
           :cutoff nil,
           :gen (jepsen.generator.Any
                 {:gens [(jepsen.generator.OnThreads
                          {:f #{:nemesis},
                           :context-filter #object[jepsen.generator.context$make_thread_filter$lazy_filter__9167
                                                   "0x7545cb17"
                                                   "jepsen.generator.context$make_thread_filter$lazy_filter__9167@7545cb17"],
                           :gen nil})
                         (jepsen.generator.OnThreads
                          {:f #jepsen.generator.context.AllBut{:element :nemesis},
                           :context-filter #object[jepsen.generator.context$make_thread_filter$lazy_filter__9167
                                                   "0x635b3ec7"
                                                   "jepsen.generator.context$make_thread_filter$lazy_filter__9167@635b3ec7"],
                           :gen (jepsen.generator.Stagger
                                 {:dt 200000000,
                                  :next-time nil,
                                  :gen (jepsen.generator.Mix
                                        {:i 0,
                                         :gens [({:f :broadcast, :value 0}
                                                 {:f :broadcast, :value 1}
                                                 {:f :broadcast, :value 2}
                                                 {:f :broadcast, :value 3}
                                                 {:f :broadcast, :value 4}
                                                 {:f :broadcast, :value 5}
                                                 {:f :broadcast, :value 6}
                                                 {:f :broadcast, :value 7}
                                                 ...)
                                                ({:f :read}
                                                 {:f :read}
                                                 {:f :read}
                                                 {:f :read}
                                                 {:f :read}
                                                 {:f :read}
                                                 {:f :read}
                                                 {:f :read}
                                                 ...)]})})})]})})})
  (jepsen.generator.Synchronize
   {:gen (jepsen.generator.OnThreads
          {:f #{:nemesis},
           :context-filter #object[jepsen.generator.context$make_thread_filter$lazy_filter__9167
                                   "0x15aa3084"
                                   "jepsen.generator.context$make_thread_filter$lazy_filter__9167@15aa3084"],
           :gen ()})})
  (jepsen.generator.Synchronize
   {:gen {:type :log, :value "Waiting for recovery..."}})
  (jepsen.generator.Synchronize {:gen {:type :sleep, :value 10}})
  (jepsen.generator.Synchronize
   {:gen (jepsen.generator.OnThreads
          {:f #jepsen.generator.context.AllBut{:element :nemesis},
           :context-filter #object[jepsen.generator.context$make_thread_filter$lazy_filter__9167
                                   "0x4e6c4c55"
                                   "jepsen.generator.context$make_thread_filter$lazy_filter__9167@4e6c4c55"],
           :gen (jepsen.generator.EachThread
                 {:fresh-gen {:f :read, :final? true},
                  :context-filters #object[clojure.core$promise$reify__8591
                                           "0x74fbee59"
                                           {:status :pending, :val nil}],
                  :gens {}})})}))
 :log-net-recv false
 :os
 #object[maelstrom.net$jepsen_os$reify__15254
         "0x3794621d"
         "maelstrom.net$jepsen_os$reify__15254@3794621d"]
 :time-limit 20
 :workload :broadcast
 :consistency-models [:strict-serializable]
 :topology :grid}

2026-03-12 17:07:29,877{GMT}	INFO	[jepsen node n0] maelstrom.net: Starting Maelstrom network
2026-03-12 17:07:29,879{GMT}	INFO	[jepsen test runner] jepsen.db: Tearing down DB
2026-03-12 17:07:29,880{GMT}	INFO	[jepsen test runner] jepsen.db: Setting up DB
2026-03-12 17:07:29,881{GMT}	INFO	[jepsen node n1] maelstrom.db: Setting up n1
2026-03-12 17:07:29,881{GMT}	INFO	[jepsen node n4] maelstrom.db: Setting up n4
2026-03-12 17:07:29,881{GMT}	INFO	[jepsen node n2] maelstrom.db: Setting up n2
2026-03-12 17:07:29,881{GMT}	INFO	[jepsen node n3] maelstrom.db: Setting up n3
2026-03-12 17:07:29,882{GMT}	INFO	[jepsen node n1] maelstrom.process: launching run.sh ["broadcast"]
2026-03-12 17:07:29,882{GMT}	INFO	[jepsen node n2] maelstrom.process: launching run.sh ["broadcast"]
2026-03-12 17:07:29,882{GMT}	INFO	[jepsen node n3] maelstrom.process: launching run.sh ["broadcast"]
2026-03-12 17:07:29,882{GMT}	INFO	[jepsen node n4] maelstrom.process: launching run.sh ["broadcast"]
2026-03-12 17:07:29,884{GMT}	INFO	[jepsen node n0] maelstrom.service: Starting services: (lin-kv lin-tso lww-kv seq-kv)
2026-03-12 17:07:29,888{GMT}	INFO	[jepsen node n0] maelstrom.db: Setting up n0
2026-03-12 17:07:29,888{GMT}	INFO	[jepsen node n0] maelstrom.process: launching run.sh ["broadcast"]
2026-03-12 17:07:30,074{GMT}	INFO	[jepsen test runner] jepsen.core: Relative time begins now
2026-03-12 17:07:30,096{GMT}	INFO	[jepsen worker 0] jepsen.util: 0	:invoke	:broadcast	0
2026-03-12 17:07:30,100{GMT}	INFO	[jepsen worker 0] jepsen.util: 0	:ok	:broadcast	0
2026-03-12 17:07:30,177{GMT}	INFO	[jepsen worker 1] jepsen.util: 1	:invoke	:read	nil
2026-03-12 17:07:30,182{GMT}	INFO	[jepsen worker 1] jepsen.util: 1	:ok	:read	[]
2026-03-12 17:07:30,254{GMT}	INFO	[jepsen worker 2] jepsen.util: 2	:invoke	:broadcast	1
2026-03-12 17:07:30,260{GMT}	INFO	[jepsen worker 2] jepsen.util: 2	:ok	:broadcast	1
2026-03-12 17:07:30,432{GMT}	INFO	[jepsen worker 3] jepsen.util: 3	:invoke	:read	nil
2026-03-12 17:07:30,438{GMT}	INFO	[jepsen worker 3] jepsen.util: 3	:ok	:read	[]
2026-03-12 17:07:30,520{GMT}	INFO	[jepsen worker 4] jepsen.util: 4	:invoke	:broadcast	2
2026-03-12 17:07:30,525{GMT}	INFO	[jepsen worker 4] jepsen.util: 4	:ok	:broadcast	2
2026-03-12 17:07:30,671{GMT}	INFO	[jepsen worker 0] jepsen.util: 0	:invoke	:read	nil
2026-03-12 17:07:30,675{GMT}	INFO	[jepsen worker 0] jepsen.util: 0	:ok	:read	[0]
2026-03-12 17:07:30,818{GMT}	INFO	[jepsen worker 0] jepsen.util: 0	:invoke	:read	nil
2026-03-12 17:07:30,822{GMT}	INFO	[jepsen worker 0] jepsen.util: 0	:ok	:read	[0]
2026-03-12 17:07:30,970{GMT}	INFO	[jepsen worker 1] jepsen.util: 1	:invoke	:read	nil
2026-03-12 17:07:30,974{GMT}	INFO	[jepsen worker 1] jepsen.util: 1	:ok	:read	[]
2026-03-12 17:07:31,162{GMT}	INFO	[jepsen worker 2] jepsen.util: 2	:invoke	:read	nil
2026-03-12 17:07:31,166{GMT}	INFO	[jepsen worker 2] jepsen.util: 2	:ok	:read	[1]
2026-03-12 17:07:31,194{GMT}	INFO	[jepsen worker 3] jepsen.util: 3	:invoke	:read	nil
2026-03-12 17:07:31,198{GMT}	INFO	[jepsen worker 3] jepsen.util: 3	:ok	:read	[]
2026-03-12 17:07:31,323{GMT}	INFO	[jepsen worker 4] jepsen.util: 4	:invoke	:broadcast	3
2026-03-12 17:07:31,328{GMT}	INFO	[jepsen worker 4] jepsen.util: 4	:ok	:broadcast	3
2026-03-12 17:07:31,500{GMT}	INFO	[jepsen worker 0] jepsen.util: 0	:invoke	:broadcast	4
2026-03-12 17:07:31,504{GMT}	INFO	[jepsen worker 0] jepsen.util: 0	:ok	:broadcast	4
2026-03-12 17:07:31,512{GMT}	INFO	[jepsen worker 0] jepsen.util: 0	:invoke	:read	nil
2026-03-12 17:07:31,517{GMT}	INFO	[jepsen worker 0] jepsen.util: 0	:ok	:read	[0 4]
2026-03-12 17:07:31,673{GMT}	INFO	[jepsen worker 1] jepsen.util: 1	:invoke	:read	nil
2026-03-12 17:07:31,676{GMT}	INFO	[jepsen worker 1] jepsen.util: 1	:ok	:read	[]
2026-03-12 17:07:31,784{GMT}	INFO	[jepsen worker 2] jepsen.util: 2	:invoke	:read	nil
2026-03-12 17:07:31,789{GMT}	INFO	[jepsen worker 2] jepsen.util: 2	:ok	:read	[1]
2026-03-12 17:07:31,916{GMT}	INFO	[jepsen worker 3] jepsen.util: 3	:invoke	:read	nil
2026-03-12 17:07:31,920{GMT}	INFO	[jepsen worker 3] jepsen.util: 3	:ok	:read	[]
2026-03-12 17:07:32,060{GMT}	INFO	[jepsen worker 4] jepsen.util: 4	:invoke	:read	nil
2026-03-12 17:07:32,065{GMT}	INFO	[jepsen worker 4] jepsen.util: 4	:ok	:read	[2 3]
2026-03-12 17:07:32,095{GMT}	INFO	[jepsen worker 0] jepsen.util: 0	:invoke	:broadcast	5
2026-03-12 17:07:32,099{GMT}	INFO	[jepsen worker 0] jepsen.util: 0	:ok	:broadcast	5
2026-03-12 17:07:32,291{GMT}	INFO	[jepsen worker 0] jepsen.util: 0	:invoke	:read	nil
2026-03-12 17:07:32,295{GMT}	INFO	[jepsen worker 0] jepsen.util: 0	:ok	:read	[0 4 5]
2026-03-12 17:07:32,442{GMT}	INFO	[jepsen worker 1] jepsen.util: 1	:invoke	:broadcast	6
2026-03-12 17:07:32,447{GMT}	INFO	[jepsen worker 1] jepsen.util: 1	:ok	:broadcast	6
2026-03-12 17:07:32,456{GMT}	INFO	[jepsen worker 2] jepsen.util: 2	:invoke	:read	nil
2026-03-12 17:07:32,460{GMT}	INFO	[jepsen worker 2] jepsen.util: 2	:ok	:read	[1]
2026-03-12 17:07:32,529{GMT}	INFO	[jepsen worker 3] jepsen.util: 3	:invoke	:broadcast	7
2026-03-12 17:07:32,533{GMT}	INFO	[jepsen worker 3] jepsen.util: 3	:ok	:broadcast	7
2026-03-12 17:07:32,718{GMT}	INFO	[jepsen worker 4] jepsen.util: 4	:invoke	:broadcast	8
2026-03-12 17:07:32,722{GMT}	INFO	[jepsen worker 4] jepsen.util: 4	:ok	:broadcast	8
2026-03-12 17:07:32,722{GMT}	INFO	[jepsen worker 0] jepsen.util: 0	:invoke	:read	nil
2026-03-12 17:07:32,726{GMT}	INFO	[jepsen worker 0] jepsen.util: 0	:ok	:read	[0 4 5]
2026-03-12 17:07:32,827{GMT}	INFO	[jepsen worker 0] jepsen.util: 0	:invoke	:read	nil
2026-03-12 17:07:32,831{GMT}	INFO	[jepsen worker 0] jepsen.util: 0	:ok	:read	[0 4 5]
2026-03-12 17:07:32,928{GMT}	INFO	[jepsen worker 1] jepsen.util: 1	:invoke	:broadcast	9
2026-03-12 17:07:32,933{GMT}	INFO	[jepsen worker 1] jepsen.util: 1	:ok	:broadcast	9
2026-03-12 17:07:32,969{GMT}	INFO	[jepsen worker 2] jepsen.util: 2	:invoke	:broadcast	10
2026-03-12 17:07:32,973{GMT}	INFO	[jepsen worker 2] jepsen.util: 2	:ok	:broadcast	10
2026-03-12 17:07:33,130{GMT}	INFO	[jepsen worker 3] jepsen.util: 3	:invoke	:broadcast	11
2026-03-12 17:07:33,135{GMT}	INFO	[jepsen worker 3] jepsen.util: 3	:ok	:broadcast	11
2026-03-12 17:07:33,208{GMT}	INFO	[jepsen worker 4] jepsen.util: 4	:invoke	:broadcast	12
2026-03-12 17:07:33,212{GMT}	INFO	[jepsen worker 4] jepsen.util: 4	:ok	:broadcast	12
2026-03-12 17:07:33,372{GMT}	INFO	[jepsen worker 0] jepsen.util: 0	:invoke	:broadcast	13
2026-03-12 17:07:33,376{GMT}	INFO	[jepsen worker 0] jepsen.util: 0	:ok	:broadcast	13
2026-03-12 17:07:33,438{GMT}	INFO	[jepsen worker 0] jepsen.util: 0	:invoke	:broadcast	14
2026-03-12 17:07:33,442{GMT}	INFO	[jepsen worker 0] jepsen.util: 0	:ok	:broadcast	14
2026-03-12 17:07:33,484{GMT}	INFO	[jepsen worker 1] jepsen.util: 1	:invoke	:read	nil
2026-03-12 17:07:33,487{GMT}	INFO	[jepsen worker 1] jepsen.util: 1	:ok	:read	[6 9]
2026-03-12 17:07:33,578{GMT}	INFO	[jepsen worker 2] jepsen.util: 2	:invoke	:read	nil
2026-03-12 17:07:33,582{GMT}	INFO	[jepsen worker 2] jepsen.util: 2	:ok	:read	[1 10]
2026-03-12 17:07:33,609{GMT}	INFO	[jepsen worker 3] jepsen.util: 3	:invoke	:broadcast	15
2026-03-12 17:07:33,613{GMT}	INFO	[jepsen worker 3] jepsen.util: 3	:ok	:broadcast	15
2026-03-12 17:07:33,623{GMT}	INFO	[jepsen worker 4] jepsen.util: 4	:invoke	:broadcast	16
2026-03-12 17:07:33,626{GMT}	INFO	[jepsen worker 4] jepsen.util: 4	:ok	:broadcast	16
2026-03-12 17:07:33,790{GMT}	INFO	[jepsen worker 0] jepsen.util: 0	:invoke	:read	nil
2026-03-12 17:07:33,793{GMT}	INFO	[jepsen worker 0] jepsen.util: 0	:ok	:read	[0 4 5 13 14]
2026-03-12 17:07:33,878{GMT}	INFO	[jepsen worker 0] jepsen.util: 0	:invoke	:read	nil
2026-03-12 17:07:33,882{GMT}	INFO	[jepsen worker 0] jepsen.util: 0	:ok	:read	[0 4 5 13 14]
2026-03-12 17:07:33,886{GMT}	INFO	[jepsen worker 1] jepsen.util: 1	:invoke	:broadcast	17
2026-03-12 17:07:33,889{GMT}	INFO	[jepsen worker 1] jepsen.util: 1	:ok	:broadcast	17
2026-03-12 17:07:33,946{GMT}	INFO	[jepsen worker 2] jepsen.util: 2	:invoke	:read	nil
2026-03-12 17:07:33,950{GMT}	INFO	[jepsen worker 2] jepsen.util: 2	:ok	:read	[1 10]
2026-03-12 17:07:34,123{GMT}	INFO	[jepsen worker 3] jepsen.util: 3	:invoke	:broadcast	18
2026-03-12 17:07:34,127{GMT}	INFO	[jepsen worker 3] jepsen.util: 3	:ok	:broadcast	18
2026-03-12 17:07:34,248{GMT}	INFO	[jepsen worker 4] jepsen.util: 4	:invoke	:broadcast	19
2026-03-12 17:07:34,251{GMT}	INFO	[jepsen worker 4] jepsen.util: 4	:ok	:broadcast	19
2026-03-12 17:07:34,344{GMT}	INFO	[jepsen worker 0] jepsen.util: 0	:invoke	:broadcast	20
2026-03-12 17:07:34,348{GMT}	INFO	[jepsen worker 0] jepsen.util: 0	:ok	:broadcast	20
2026-03-12 17:07:34,470{GMT}	INFO	[jepsen worker 0] jepsen.util: 0	:invoke	:read	nil
2026-03-12 17:07:34,474{GMT}	INFO	[jepsen worker 0] jepsen.util: 0	:ok	:read	[0 4 20 5 13 14]
2026-03-12 17:07:34,645{GMT}	INFO	[jepsen worker 1] jepsen.util: 1	:invoke	:broadcast	21
2026-03-12 17:07:34,648{GMT}	INFO	[jepsen worker 1] jepsen.util: 1	:ok	:broadcast	21
2026-03-12 17:07:34,724{GMT}	INFO	[jepsen worker 2] jepsen.util: 2	:invoke	:read	nil
2026-03-12 17:07:34,729{GMT}	INFO	[jepsen worker 2] jepsen.util: 2	:ok	:read	[1 10]
2026-03-12 17:07:34,884{GMT}	INFO	[jepsen worker 3] jepsen.util: 3	:invoke	:read	nil
2026-03-12 17:07:34,888{GMT}	INFO	[jepsen worker 3] jepsen.util: 3	:ok	:read	[18 7 11 15]
2026-03-12 17:07:34,973{GMT}	INFO	[jepsen worker 4] jepsen.util: 4	:invoke	:read	nil
2026-03-12 17:07:34,976{GMT}	INFO	[jepsen worker 4] jepsen.util: 4	:ok	:read	[16 2 3 19 8 12]
2026-03-12 17:07:35,151{GMT}	INFO	[jepsen worker 0] jepsen.util: 0	:invoke	:broadcast	22
2026-03-12 17:07:35,155{GMT}	INFO	[jepsen worker 0] jepsen.util: 0	:ok	:broadcast	22
2026-03-12 17:07:35,347{GMT}	INFO	[jepsen worker 0] jepsen.util: 0	:invoke	:broadcast	23
2026-03-12 17:07:35,350{GMT}	INFO	[jepsen worker 0] jepsen.util: 0	:ok	:broadcast	23
2026-03-12 17:07:35,460{GMT}	INFO	[jepsen worker 1] jepsen.util: 1	:invoke	:broadcast	24
2026-03-12 17:07:35,463{GMT}	INFO	[jepsen worker 1] jepsen.util: 1	:ok	:broadcast	24
2026-03-12 17:07:35,505{GMT}	INFO	[jepsen worker 2] jepsen.util: 2	:invoke	:broadcast	25
2026-03-12 17:07:35,509{GMT}	INFO	[jepsen worker 2] jepsen.util: 2	:ok	:broadcast	25
2026-03-12 17:07:35,572{GMT}	INFO	[jepsen worker 3] jepsen.util: 3	:invoke	:read	nil
2026-03-12 17:07:35,575{GMT}	INFO	[jepsen worker 3] jepsen.util: 3	:ok	:read	[18 7 11 15]
2026-03-12 17:07:35,630{GMT}	INFO	[jepsen worker 4] jepsen.util: 4	:invoke	:read	nil
2026-03-12 17:07:35,634{GMT}	INFO	[jepsen worker 4] jepsen.util: 4	:ok	:read	[16 2 3 19 8 12]
2026-03-12 17:07:35,814{GMT}	INFO	[jepsen worker 0] jepsen.util: 0	:invoke	:broadcast	26
2026-03-12 17:07:35,817{GMT}	INFO	[jepsen worker 0] jepsen.util: 0	:ok	:broadcast	26
2026-03-12 17:07:35,846{GMT}	INFO	[jepsen worker 0] jepsen.util: 0	:invoke	:read	nil
2026-03-12 17:07:35,849{GMT}	INFO	[jepsen worker 0] jepsen.util: 0	:ok	:read	[0 4 20 5 22 23 26 13 14]
2026-03-12 17:07:35,988{GMT}	INFO	[jepsen worker 1] jepsen.util: 1	:invoke	:read	nil
2026-03-12 17:07:35,992{GMT}	INFO	[jepsen worker 1] jepsen.util: 1	:ok	:read	[17 21 6 24 9]
2026-03-12 17:07:36,032{GMT}	INFO	[jepsen worker 2] jepsen.util: 2	:invoke	:read	nil
2026-03-12 17:07:36,035{GMT}	INFO	[jepsen worker 2] jepsen.util: 2	:ok	:read	[1 25 10]
2026-03-12 17:07:36,042{GMT}	INFO	[jepsen worker 3] jepsen.util: 3	:invoke	:read	nil
2026-03-12 17:07:36,045{GMT}	INFO	[jepsen worker 3] jepsen.util: 3	:ok	:read	[18 7 11 15]
2026-03-12 17:07:36,227{GMT}	INFO	[jepsen worker 4] jepsen.util: 4	:invoke	:read	nil
2026-03-12 17:07:36,231{GMT}	INFO	[jepsen worker 4] jepsen.util: 4	:ok	:read	[16 2 3 19 8 12]
2026-03-12 17:07:36,395{GMT}	INFO	[jepsen worker 0] jepsen.util: 0	:invoke	:broadcast	27
2026-03-12 17:07:36,398{GMT}	INFO	[jepsen worker 0] jepsen.util: 0	:ok	:broadcast	27
2026-03-12 17:07:36,399{GMT}	INFO	[jepsen worker 0] jepsen.util: 0	:invoke	:broadcast	28
2026-03-12 17:07:36,402{GMT}	INFO	[jepsen worker 0] jepsen.util: 0	:ok	:broadcast	28
2026-03-12 17:07:36,569{GMT}	INFO	[jepsen worker 1] jepsen.util: 1	:invoke	:broadcast	29
2026-03-12 17:07:36,573{GMT}	INFO	[jepsen worker 1] jepsen.util: 1	:ok	:broadcast	29
2026-03-12 17:07:36,697{GMT}	INFO	[jepsen worker 2] jepsen.util: 2	:invoke	:broadcast	30
2026-03-12 17:07:36,700{GMT}	INFO	[jepsen worker 2] jepsen.util: 2	:ok	:broadcast	30
2026-03-12 17:07:36,761{GMT}	INFO	[jepsen worker 3] jepsen.util: 3	:invoke	:broadcast	31
2026-03-12 17:07:36,764{GMT}	INFO	[jepsen worker 3] jepsen.util: 3	:ok	:broadcast	31
2026-03-12 17:07:36,848{GMT}	INFO	[jepsen worker 4] jepsen.util: 4	:invoke	:broadcast	32
2026-03-12 17:07:36,852{GMT}	INFO	[jepsen worker 4] jepsen.util: 4	:ok	:broadcast	32
2026-03-12 17:07:36,967{GMT}	INFO	[jepsen worker 0] jepsen.util: 0	:invoke	:broadcast	33
2026-03-12 17:07:36,970{GMT}	INFO	[jepsen worker 0] jepsen.util: 0	:ok	:broadcast	33
2026-03-12 17:07:37,076{GMT}	INFO	[jepsen worker 0] jepsen.util: 0	:invoke	:read	nil
2026-03-12 17:07:37,080{GMT}	INFO	[jepsen worker 0] jepsen.util: 0	:ok	:read	[0 33 4 20 5 22 23 26 27 28 13 14]
2026-03-12 17:07:37,178{GMT}	INFO	[jepsen worker 1] jepsen.util: 1	:invoke	:broadcast	34
2026-03-12 17:07:37,181{GMT}	INFO	[jepsen worker 1] jepsen.util: 1	:ok	:broadcast	34
2026-03-12 17:07:37,256{GMT}	INFO	[jepsen worker 2] jepsen.util: 2	:invoke	:read	nil
2026-03-12 17:07:37,260{GMT}	INFO	[jepsen worker 2] jepsen.util: 2	:ok	:read	[1 25 10 30]
2026-03-12 17:07:37,313{GMT}	INFO	[jepsen worker 3] jepsen.util: 3	:invoke	:broadcast	35
2026-03-12 17:07:37,316{GMT}	INFO	[jepsen worker 3] jepsen.util: 3	:ok	:broadcast	35
2026-03-12 17:07:37,430{GMT}	INFO	[jepsen worker 4] jepsen.util: 4	:invoke	:read	nil
2026-03-12 17:07:37,433{GMT}	INFO	[jepsen worker 4] jepsen.util: 4	:ok	:read	[16 32 2 3 19 8 12]
2026-03-12 17:07:37,515{GMT}	INFO	[jepsen worker 0] jepsen.util: 0	:invoke	:broadcast	36
2026-03-12 17:07:37,519{GMT}	INFO	[jepsen worker 0] jepsen.util: 0	:ok	:broadcast	36
2026-03-12 17:07:37,580{GMT}	INFO	[jepsen worker 0] jepsen.util: 0	:invoke	:read	nil
2026-03-12 17:07:37,583{GMT}	INFO	[jepsen worker 0] jepsen.util: 0	:ok	:read	[0 33 4 36 5 13 14 20 22 23 26 27 28]
2026-03-12 17:07:37,632{GMT}	INFO	[jepsen worker 1] jepsen.util: 1	:invoke	:read	nil
2026-03-12 17:07:37,634{GMT}	INFO	[jepsen worker 1] jepsen.util: 1	:ok	:read	[17 34 21 6 24 9 29]
2026-03-12 17:07:37,747{GMT}	INFO	[jepsen worker 2] jepsen.util: 2	:invoke	:read	nil
2026-03-12 17:07:37,751{GMT}	INFO	[jepsen worker 2] jepsen.util: 2	:ok	:read	[1 25 10 30]
2026-03-12 17:07:37,828{GMT}	INFO	[jepsen worker 3] jepsen.util: 3	:invoke	:broadcast	37
2026-03-12 17:07:37,831{GMT}	INFO	[jepsen worker 3] jepsen.util: 3	:ok	:broadcast	37
2026-03-12 17:07:37,931{GMT}	INFO	[jepsen worker 4] jepsen.util: 4	:invoke	:broadcast	38
2026-03-12 17:07:37,934{GMT}	INFO	[jepsen worker 4] jepsen.util: 4	:ok	:broadcast	38
2026-03-12 17:07:38,088{GMT}	INFO	[jepsen worker 0] jepsen.util: 0	:invoke	:read	nil
2026-03-12 17:07:38,092{GMT}	INFO	[jepsen worker 0] jepsen.util: 0	:ok	:read	[0 33 4 36 5 13 14 20 22 23 26 27 28]
2026-03-12 17:07:38,236{GMT}	INFO	[jepsen worker 0] jepsen.util: 0	:invoke	:read	nil
2026-03-12 17:07:38,239{GMT}	INFO	[jepsen worker 0] jepsen.util: 0	:ok	:read	[0 33 4 36 5 13 14 20 22 23 26 27 28]
2026-03-12 17:07:38,378{GMT}	INFO	[jepsen worker 1] jepsen.util: 1	:invoke	:read	nil
2026-03-12 17:07:38,381{GMT}	INFO	[jepsen worker 1] jepsen.util: 1	:ok	:read	[17 34 21 6 24 9 29]
2026-03-12 17:07:38,531{GMT}	INFO	[jepsen worker 2] jepsen.util: 2	:invoke	:read	nil
2026-03-12 17:07:38,535{GMT}	INFO	[jepsen worker 2] jepsen.util: 2	:ok	:read	[1 25 10 30]
2026-03-12 17:07:38,605{GMT}	INFO	[jepsen worker 3] jepsen.util: 3	:invoke	:read	nil
2026-03-12 17:07:38,609{GMT}	INFO	[jepsen worker 3] jepsen.util: 3	:ok	:read	[18 35 37 7 11 15 31]
2026-03-12 17:07:38,663{GMT}	INFO	[jepsen worker 4] jepsen.util: 4	:invoke	:read	nil
2026-03-12 17:07:38,667{GMT}	INFO	[jepsen worker 4] jepsen.util: 4	:ok	:read	[16 32 2 3 19 38 8 12]
2026-03-12 17:07:38,758{GMT}	INFO	[jepsen worker 0] jepsen.util: 0	:invoke	:read	nil
2026-03-12 17:07:38,761{GMT}	INFO	[jepsen worker 0] jepsen.util: 0	:ok	:read	[0 33 4 36 5 13 14 20 22 23 26 27 28]
2026-03-12 17:07:38,897{GMT}	INFO	[jepsen worker 0] jepsen.util: 0	:invoke	:broadcast	39
2026-03-12 17:07:38,899{GMT}	INFO	[jepsen worker 0] jepsen.util: 0	:ok	:broadcast	39
2026-03-12 17:07:38,959{GMT}	INFO	[jepsen worker 1] jepsen.util: 1	:invoke	:read	nil
2026-03-12 17:07:38,962{GMT}	INFO	[jepsen worker 1] jepsen.util: 1	:ok	:read	[17 34 21 6 24 9 29]
2026-03-12 17:07:39,030{GMT}	INFO	[jepsen worker 2] jepsen.util: 2	:invoke	:broadcast	40
2026-03-12 17:07:39,034{GMT}	INFO	[jepsen worker 2] jepsen.util: 2	:ok	:broadcast	40
2026-03-12 17:07:39,205{GMT}	INFO	[jepsen worker 3] jepsen.util: 3	:invoke	:read	nil
2026-03-12 17:07:39,209{GMT}	INFO	[jepsen worker 3] jepsen.util: 3	:ok	:read	[18 35 37 7 11 15 31]
2026-03-12 17:07:39,246{GMT}	INFO	[jepsen worker 4] jepsen.util: 4	:invoke	:broadcast	41
2026-03-12 17:07:39,249{GMT}	INFO	[jepsen worker 4] jepsen.util: 4	:ok	:broadcast	41
2026-03-12 17:07:39,349{GMT}	INFO	[jepsen worker 0] jepsen.util: 0	:invoke	:read	nil
2026-03-12 17:07:39,353{GMT}	INFO	[jepsen worker 0] jepsen.util: 0	:ok	:read	[0 33 4 36 5 39 13 14 20 22 23 26 27 28]
2026-03-12 17:07:39,359{GMT}	INFO	[jepsen worker 0] jepsen.util: 0	:invoke	:broadcast	42
2026-03-12 17:07:39,362{GMT}	INFO	[jepsen worker 0] jepsen.util: 0	:ok	:broadcast	42
2026-03-12 17:07:39,476{GMT}	INFO	[jepsen worker 1] jepsen.util: 1	:invoke	:broadcast	43
2026-03-12 17:07:39,479{GMT}	INFO	[jepsen worker 1] jepsen.util: 1	:ok	:broadcast	43
2026-03-12 17:07:39,519{GMT}	INFO	[jepsen worker 2] jepsen.util: 2	:invoke	:read	nil
2026-03-12 17:07:39,522{GMT}	INFO	[jepsen worker 2] jepsen.util: 2	:ok	:read	[1 40 25 10 30]
2026-03-12 17:07:39,637{GMT}	INFO	[jepsen worker 3] jepsen.util: 3	:invoke	:read	nil
2026-03-12 17:07:39,640{GMT}	INFO	[jepsen worker 3] jepsen.util: 3	:ok	:read	[18 35 37 7 11 15 31]
2026-03-12 17:07:39,812{GMT}	INFO	[jepsen worker 4] jepsen.util: 4	:invoke	:broadcast	44
2026-03-12 17:07:39,816{GMT}	INFO	[jepsen worker 4] jepsen.util: 4	:ok	:broadcast	44
2026-03-12 17:07:39,897{GMT}	INFO	[jepsen worker 0] jepsen.util: 0	:invoke	:broadcast	45
2026-03-12 17:07:39,900{GMT}	INFO	[jepsen worker 0] jepsen.util: 0	:ok	:broadcast	45
2026-03-12 17:07:40,041{GMT}	INFO	[jepsen worker 0] jepsen.util: 0	:invoke	:broadcast	46
2026-03-12 17:07:40,044{GMT}	INFO	[jepsen worker 0] jepsen.util: 0	:ok	:broadcast	46
2026-03-12 17:07:40,055{GMT}	INFO	[jepsen worker 1] jepsen.util: 1	:invoke	:broadcast	47
2026-03-12 17:07:40,059{GMT}	INFO	[jepsen worker 1] jepsen.util: 1	:ok	:broadcast	47
2026-03-12 17:07:40,123{GMT}	INFO	[jepsen worker 2] jepsen.util: 2	:invoke	:read	nil
2026-03-12 17:07:40,126{GMT}	INFO	[jepsen worker 2] jepsen.util: 2	:ok	:read	[1 40 25 10 30]
2026-03-12 17:07:40,191{GMT}	INFO	[jepsen worker 3] jepsen.util: 3	:invoke	:broadcast	48
2026-03-12 17:07:40,194{GMT}	INFO	[jepsen worker 3] jepsen.util: 3	:ok	:broadcast	48
2026-03-12 17:07:40,381{GMT}	INFO	[jepsen worker 4] jepsen.util: 4	:invoke	:read	nil
2026-03-12 17:07:40,385{GMT}	INFO	[jepsen worker 4] jepsen.util: 4	:ok	:read	[16 32 2 3 19 38 8 41 12 44]
2026-03-12 17:07:40,398{GMT}	INFO	[jepsen worker 0] jepsen.util: 0	:invoke	:read	nil
2026-03-12 17:07:40,401{GMT}	INFO	[jepsen worker 0] jepsen.util: 0	:ok	:read	[0 33 4 36 5 39 42 13 45 14 46 20 22 23 26 27 28]
2026-03-12 17:07:40,561{GMT}	INFO	[jepsen worker 0] jepsen.util: 0	:invoke	:broadcast	49
2026-03-12 17:07:40,564{GMT}	INFO	[jepsen worker 0] jepsen.util: 0	:ok	:broadcast	49
2026-03-12 17:07:40,669{GMT}	INFO	[jepsen worker 1] jepsen.util: 1	:invoke	:read	nil
2026-03-12 17:07:40,673{GMT}	INFO	[jepsen worker 1] jepsen.util: 1	:ok	:read	[17 34 21 6 24 9 43 29 47]
2026-03-12 17:07:40,861{GMT}	INFO	[jepsen worker 2] jepsen.util: 2	:invoke	:broadcast	50
2026-03-12 17:07:40,864{GMT}	INFO	[jepsen worker 2] jepsen.util: 2	:ok	:broadcast	50
2026-03-12 17:07:40,874{GMT}	INFO	[jepsen worker 3] jepsen.util: 3	:invoke	:read	nil
2026-03-12 17:07:40,877{GMT}	INFO	[jepsen worker 3] jepsen.util: 3	:ok	:read	[48 18 35 37 7 11 15 31]
2026-03-12 17:07:41,009{GMT}	INFO	[jepsen worker 4] jepsen.util: 4	:invoke	:read	nil
2026-03-12 17:07:41,012{GMT}	INFO	[jepsen worker 4] jepsen.util: 4	:ok	:read	[16 32 2 3 19 38 8 41 12 44]
2026-03-12 17:07:41,205{GMT}	INFO	[jepsen worker 0] jepsen.util: 0	:invoke	:read	nil
2026-03-12 17:07:41,209{GMT}	INFO	[jepsen worker 0] jepsen.util: 0	:ok	:read	[0 33 4 36 5 39 42 13 45 14 46 49 20 22 23 26 27 28]
2026-03-12 17:07:41,263{GMT}	INFO	[jepsen worker 0] jepsen.util: 0	:invoke	:read	nil
2026-03-12 17:07:41,266{GMT}	INFO	[jepsen worker 0] jepsen.util: 0	:ok	:read	[0 33 4 36 5 39 42 13 45 14 46 49 20 22 23 26 27 28]
2026-03-12 17:07:41,439{GMT}	INFO	[jepsen worker 1] jepsen.util: 1	:invoke	:read	nil
2026-03-12 17:07:41,443{GMT}	INFO	[jepsen worker 1] jepsen.util: 1	:ok	:read	[17 34 21 6 24 9 43 29 47]
2026-03-12 17:07:41,571{GMT}	INFO	[jepsen worker 2] jepsen.util: 2	:invoke	:read	nil
2026-03-12 17:07:41,573{GMT}	INFO	[jepsen worker 3] jepsen.util: 3	:invoke	:broadcast	51
2026-03-12 17:07:41,575{GMT}	INFO	[jepsen worker 2] jepsen.util: 2	:ok	:read	[1 50 40 25 10 30]
2026-03-12 17:07:41,576{GMT}	INFO	[jepsen worker 3] jepsen.util: 3	:ok	:broadcast	51
2026-03-12 17:07:41,582{GMT}	INFO	[jepsen worker 4] jepsen.util: 4	:invoke	:broadcast	52
2026-03-12 17:07:41,585{GMT}	INFO	[jepsen worker 4] jepsen.util: 4	:ok	:broadcast	52
2026-03-12 17:07:41,603{GMT}	INFO	[jepsen worker 0] jepsen.util: 0	:invoke	:read	nil
2026-03-12 17:07:41,607{GMT}	INFO	[jepsen worker 0] jepsen.util: 0	:ok	:read	[0 33 4 36 5 39 42 13 45 14 46 49 20 22 23 26 27 28]
2026-03-12 17:07:41,704{GMT}	INFO	[jepsen worker 0] jepsen.util: 0	:invoke	:broadcast	53
2026-03-12 17:07:41,706{GMT}	INFO	[jepsen worker 0] jepsen.util: 0	:ok	:broadcast	53
2026-03-12 17:07:41,768{GMT}	INFO	[jepsen worker 1] jepsen.util: 1	:invoke	:read	nil
2026-03-12 17:07:41,770{GMT}	INFO	[jepsen worker 2] jepsen.util: 2	:invoke	:read	nil
2026-03-12 17:07:41,771{GMT}	INFO	[jepsen worker 1] jepsen.util: 1	:ok	:read	[17 34 21 6 24 9 43 29 47]
2026-03-12 17:07:41,773{GMT}	INFO	[jepsen worker 2] jepsen.util: 2	:ok	:read	[1 50 40 25 10 30]
2026-03-12 17:07:41,807{GMT}	INFO	[jepsen worker 3] jepsen.util: 3	:invoke	:read	nil
2026-03-12 17:07:41,810{GMT}	INFO	[jepsen worker 3] jepsen.util: 3	:ok	:read	[48 18 35 51 37 7 11 15 31]
2026-03-12 17:07:41,968{GMT}	INFO	[jepsen worker 4] jepsen.util: 4	:invoke	:read	nil
2026-03-12 17:07:41,971{GMT}	INFO	[jepsen worker 4] jepsen.util: 4	:ok	:read	[16 32 2 3 19 52 38 8 41 12 44]
2026-03-12 17:07:41,991{GMT}	INFO	[jepsen worker 0] jepsen.util: 0	:invoke	:read	nil
2026-03-12 17:07:41,995{GMT}	INFO	[jepsen worker 0] jepsen.util: 0	:ok	:read	[0 33 4 36 5 39 42 13 45 14 46 49 20 53 22 23 26 27 28]
2026-03-12 17:07:42,067{GMT}	INFO	[jepsen worker 0] jepsen.util: 0	:invoke	:read	nil
2026-03-12 17:07:42,070{GMT}	INFO	[jepsen worker 0] jepsen.util: 0	:ok	:read	[0 33 4 36 5 39 42 13 45 14 46 49 20 53 22 23 26 27 28]
2026-03-12 17:07:42,122{GMT}	INFO	[jepsen worker 1] jepsen.util: 1	:invoke	:broadcast	54
2026-03-12 17:07:42,125{GMT}	INFO	[jepsen worker 1] jepsen.util: 1	:ok	:broadcast	54
2026-03-12 17:07:42,148{GMT}	INFO	[jepsen worker 2] jepsen.util: 2	:invoke	:broadcast	55
2026-03-12 17:07:42,151{GMT}	INFO	[jepsen worker 2] jepsen.util: 2	:ok	:broadcast	55
2026-03-12 17:07:42,267{GMT}	INFO	[jepsen worker 3] jepsen.util: 3	:invoke	:read	nil
2026-03-12 17:07:42,271{GMT}	INFO	[jepsen worker 3] jepsen.util: 3	:ok	:read	[48 18 35 51 37 7 11 15 31]
2026-03-12 17:07:42,317{GMT}	INFO	[jepsen worker 4] jepsen.util: 4	:invoke	:read	nil
2026-03-12 17:07:42,320{GMT}	INFO	[jepsen worker 4] jepsen.util: 4	:ok	:read	[16 32 2 3 19 52 38 8 41 12 44]
2026-03-12 17:07:42,367{GMT}	INFO	[jepsen worker 0] jepsen.util: 0	:invoke	:broadcast	56
2026-03-12 17:07:42,370{GMT}	INFO	[jepsen worker 0] jepsen.util: 0	:ok	:broadcast	56
2026-03-12 17:07:42,451{GMT}	INFO	[jepsen worker 0] jepsen.util: 0	:invoke	:broadcast	57
2026-03-12 17:07:42,454{GMT}	INFO	[jepsen worker 0] jepsen.util: 0	:ok	:broadcast	57
2026-03-12 17:07:42,564{GMT}	INFO	[jepsen worker 1] jepsen.util: 1	:invoke	:read	nil
2026-03-12 17:07:42,567{GMT}	INFO	[jepsen worker 1] jepsen.util: 1	:ok	:read	[17 34 21 6 54 24 9 43 29 47]
2026-03-12 17:07:42,718{GMT}	INFO	[jepsen worker 2] jepsen.util: 2	:invoke	:read	nil
2026-03-12 17:07:42,721{GMT}	INFO	[jepsen worker 2] jepsen.util: 2	:ok	:read	[1 50 55 40 25 10 30]
2026-03-12 17:07:42,728{GMT}	INFO	[jepsen worker 3] jepsen.util: 3	:invoke	:broadcast	58
2026-03-12 17:07:42,731{GMT}	INFO	[jepsen worker 3] jepsen.util: 3	:ok	:broadcast	58
2026-03-12 17:07:42,846{GMT}	INFO	[jepsen worker 4] jepsen.util: 4	:invoke	:read	nil
2026-03-12 17:07:42,850{GMT}	INFO	[jepsen worker 4] jepsen.util: 4	:ok	:read	[16 32 2 3 19 52 38 8 41 12 44]
2026-03-12 17:07:42,932{GMT}	INFO	[jepsen worker 0] jepsen.util: 0	:invoke	:read	nil
2026-03-12 17:07:42,935{GMT}	INFO	[jepsen worker 0] jepsen.util: 0	:ok	:read	[0 33 4 36 5 39 42 13 45 14 46 49 20 53 22 23 56 57 26 27 28]
2026-03-12 17:07:43,000{GMT}	INFO	[jepsen worker 0] jepsen.util: 0	:invoke	:read	nil
2026-03-12 17:07:43,003{GMT}	INFO	[jepsen worker 0] jepsen.util: 0	:ok	:read	[0 33 4 36 5 39 42 13 45 14 46 49 20 53 22 23 56 57 26 27 28]
2026-03-12 17:07:43,047{GMT}	INFO	[jepsen worker 1] jepsen.util: 1	:invoke	:broadcast	59
2026-03-12 17:07:43,050{GMT}	INFO	[jepsen worker 1] jepsen.util: 1	:ok	:broadcast	59
2026-03-12 17:07:43,128{GMT}	INFO	[jepsen worker 2] jepsen.util: 2	:invoke	:read	nil
2026-03-12 17:07:43,131{GMT}	INFO	[jepsen worker 2] jepsen.util: 2	:ok	:read	[1 50 55 40 25 10 30]
2026-03-12 17:07:43,199{GMT}	INFO	[jepsen worker 3] jepsen.util: 3	:invoke	:read	nil
2026-03-12 17:07:43,202{GMT}	INFO	[jepsen worker 3] jepsen.util: 3	:ok	:read	[48 18 35 51 37 7 58 11 15 31]
2026-03-12 17:07:43,223{GMT}	INFO	[jepsen worker 4] jepsen.util: 4	:invoke	:read	nil
2026-03-12 17:07:43,226{GMT}	INFO	[jepsen worker 4] jepsen.util: 4	:ok	:read	[16 32 2 3 19 52 38 8 41 12 44]
2026-03-12 17:07:43,260{GMT}	INFO	[jepsen worker 0] jepsen.util: 0	:invoke	:read	nil
2026-03-12 17:07:43,263{GMT}	INFO	[jepsen worker 0] jepsen.util: 0	:ok	:read	[0 33 4 36 5 39 42 13 45 14 46 49 20 53 22 23 56 57 26 27 28]
2026-03-12 17:07:43,378{GMT}	INFO	[jepsen worker 0] jepsen.util: 0	:invoke	:broadcast	60
2026-03-12 17:07:43,381{GMT}	INFO	[jepsen worker 0] jepsen.util: 0	:ok	:broadcast	60
2026-03-12 17:07:43,520{GMT}	INFO	[jepsen worker 1] jepsen.util: 1	:invoke	:read	nil
2026-03-12 17:07:43,523{GMT}	INFO	[jepsen worker 1] jepsen.util: 1	:ok	:read	[17 34 21 6 54 24 9 43 59 29 47]
2026-03-12 17:07:43,672{GMT}	INFO	[jepsen worker 2] jepsen.util: 2	:invoke	:read	nil
2026-03-12 17:07:43,675{GMT}	INFO	[jepsen worker 2] jepsen.util: 2	:ok	:read	[1 50 55 40 25 10 30]
2026-03-12 17:07:43,707{GMT}	INFO	[jepsen worker 3] jepsen.util: 3	:invoke	:read	nil
2026-03-12 17:07:43,710{GMT}	INFO	[jepsen worker 3] jepsen.util: 3	:ok	:read	[48 18 35 51 37 7 58 11 15 31]
2026-03-12 17:07:43,754{GMT}	INFO	[jepsen worker 4] jepsen.util: 4	:invoke	:broadcast	61
2026-03-12 17:07:43,757{GMT}	INFO	[jepsen worker 4] jepsen.util: 4	:ok	:broadcast	61
2026-03-12 17:07:43,901{GMT}	INFO	[jepsen worker 0] jepsen.util: 0	:invoke	:broadcast	62
2026-03-12 17:07:43,903{GMT}	INFO	[jepsen worker 0] jepsen.util: 0	:ok	:broadcast	62
2026-03-12 17:07:43,986{GMT}	INFO	[jepsen worker 0] jepsen.util: 0	:invoke	:broadcast	63
2026-03-12 17:07:43,989{GMT}	INFO	[jepsen worker 0] jepsen.util: 0	:ok	:broadcast	63
2026-03-12 17:07:44,117{GMT}	INFO	[jepsen worker 1] jepsen.util: 1	:invoke	:read	nil
2026-03-12 17:07:44,120{GMT}	INFO	[jepsen worker 1] jepsen.util: 1	:ok	:read	[17 34 21 6 54 24 9 43 59 29 47]
2026-03-12 17:07:44,195{GMT}	INFO	[jepsen worker 2] jepsen.util: 2	:invoke	:broadcast	64
2026-03-12 17:07:44,198{GMT}	INFO	[jepsen worker 2] jepsen.util: 2	:ok	:broadcast	64
2026-03-12 17:07:44,294{GMT}	INFO	[jepsen worker 3] jepsen.util: 3	:invoke	:read	nil
2026-03-12 17:07:44,297{GMT}	INFO	[jepsen worker 3] jepsen.util: 3	:ok	:read	[48 18 35 51 37 7 58 11 15 31]
2026-03-12 17:07:44,298{GMT}	INFO	[jepsen worker 4] jepsen.util: 4	:invoke	:read	nil
2026-03-12 17:07:44,301{GMT}	INFO	[jepsen worker 4] jepsen.util: 4	:ok	:read	[16 32 2 3 19 52 38 8 41 12 44 61]
2026-03-12 17:07:44,467{GMT}	INFO	[jepsen worker 0] jepsen.util: 0	:invoke	:broadcast	65
2026-03-12 17:07:44,469{GMT}	INFO	[jepsen worker 0] jepsen.util: 0	:ok	:broadcast	65
2026-03-12 17:07:44,654{GMT}	INFO	[jepsen worker 0] jepsen.util: 0	:invoke	:read	nil
2026-03-12 17:07:44,657{GMT}	INFO	[jepsen worker 0] jepsen.util: 0	:ok	:read	[0 65 4 5 13 14 20 22 23 26 27 28 33 36 39 42 45 46 49 53 56 57 60 62 63]
2026-03-12 17:07:44,665{GMT}	INFO	[jepsen worker 1] jepsen.util: 1	:invoke	:broadcast	66
2026-03-12 17:07:44,668{GMT}	INFO	[jepsen worker 1] jepsen.util: 1	:ok	:broadcast	66
2026-03-12 17:07:44,804{GMT}	INFO	[jepsen worker 2] jepsen.util: 2	:invoke	:broadcast	67
2026-03-12 17:07:44,806{GMT}	INFO	[jepsen worker 2] jepsen.util: 2	:ok	:broadcast	67
2026-03-12 17:07:44,907{GMT}	INFO	[jepsen worker 3] jepsen.util: 3	:invoke	:read	nil
2026-03-12 17:07:44,910{GMT}	INFO	[jepsen worker 3] jepsen.util: 3	:ok	:read	[48 18 35 51 37 7 58 11 15 31]
2026-03-12 17:07:45,052{GMT}	INFO	[jepsen worker 4] jepsen.util: 4	:invoke	:read	nil
2026-03-12 17:07:45,055{GMT}	INFO	[jepsen worker 4] jepsen.util: 4	:ok	:read	[16 32 2 3 19 52 38 8 41 12 44 61]
2026-03-12 17:07:45,236{GMT}	INFO	[jepsen worker 0] jepsen.util: 0	:invoke	:broadcast	68
2026-03-12 17:07:45,239{GMT}	INFO	[jepsen worker 0] jepsen.util: 0	:ok	:broadcast	68
2026-03-12 17:07:45,352{GMT}	INFO	[jepsen worker 0] jepsen.util: 0	:invoke	:broadcast	69
2026-03-12 17:07:45,354{GMT}	INFO	[jepsen worker 0] jepsen.util: 0	:ok	:broadcast	69
2026-03-12 17:07:45,368{GMT}	INFO	[jepsen worker 1] jepsen.util: 1	:invoke	:broadcast	70
2026-03-12 17:07:45,370{GMT}	INFO	[jepsen worker 1] jepsen.util: 1	:ok	:broadcast	70
2026-03-12 17:07:45,554{GMT}	INFO	[jepsen worker 2] jepsen.util: 2	:invoke	:read	nil
2026-03-12 17:07:45,556{GMT}	INFO	[jepsen worker 2] jepsen.util: 2	:ok	:read	[64 1 50 67 55 40 25 10 30]
2026-03-12 17:07:45,698{GMT}	INFO	[jepsen worker 3] jepsen.util: 3	:invoke	:read	nil
2026-03-12 17:07:45,700{GMT}	INFO	[jepsen worker 3] jepsen.util: 3	:ok	:read	[48 18 35 51 37 7 58 11 15 31]
2026-03-12 17:07:45,860{GMT}	INFO	[jepsen worker 4] jepsen.util: 4	:invoke	:broadcast	71
2026-03-12 17:07:45,863{GMT}	INFO	[jepsen worker 4] jepsen.util: 4	:ok	:broadcast	71
2026-03-12 17:07:46,031{GMT}	INFO	[jepsen worker 0] jepsen.util: 0	:invoke	:read	nil
2026-03-12 17:07:46,034{GMT}	INFO	[jepsen worker 0] jepsen.util: 0	:ok	:read	[0 65 4 68 5 69 13 14 20 22 23 26 27 28 33 36 39 42 45 46 49 53 56 57 60 62 63]
2026-03-12 17:07:46,169{GMT}	INFO	[jepsen worker 0] jepsen.util: 0	:invoke	:broadcast	72
2026-03-12 17:07:46,171{GMT}	INFO	[jepsen worker 0] jepsen.util: 0	:ok	:broadcast	72
2026-03-12 17:07:46,194{GMT}	INFO	[jepsen worker 1] jepsen.util: 1	:invoke	:read	nil
2026-03-12 17:07:46,197{GMT}	INFO	[jepsen worker 1] jepsen.util: 1	:ok	:read	[34 66 6 70 9 43 47 17 21 54 24 59 29]
2026-03-12 17:07:46,343{GMT}	INFO	[jepsen worker 2] jepsen.util: 2	:invoke	:broadcast	73
2026-03-12 17:07:46,346{GMT}	INFO	[jepsen worker 2] jepsen.util: 2	:ok	:broadcast	73
2026-03-12 17:07:46,479{GMT}	INFO	[jepsen worker 3] jepsen.util: 3	:invoke	:broadcast	74
2026-03-12 17:07:46,482{GMT}	INFO	[jepsen worker 3] jepsen.util: 3	:ok	:broadcast	74
2026-03-12 17:07:46,672{GMT}	INFO	[jepsen worker 4] jepsen.util: 4	:invoke	:broadcast	75
2026-03-12 17:07:46,674{GMT}	INFO	[jepsen worker 4] jepsen.util: 4	:ok	:broadcast	75
2026-03-12 17:07:46,685{GMT}	INFO	[jepsen worker 0] jepsen.util: 0	:invoke	:read	nil
2026-03-12 17:07:46,687{GMT}	INFO	[jepsen worker 0] jepsen.util: 0	:ok	:read	[0 65 4 68 5 69 72 13 14 20 22 23 26 27 28 33 36 39 42 45 46 49 53 56 57 60 62 63]
2026-03-12 17:07:46,781{GMT}	INFO	[jepsen worker 0] jepsen.util: 0	:invoke	:broadcast	76
2026-03-12 17:07:46,783{GMT}	INFO	[jepsen worker 0] jepsen.util: 0	:ok	:broadcast	76
2026-03-12 17:07:46,914{GMT}	INFO	[jepsen worker 1] jepsen.util: 1	:invoke	:broadcast	77
2026-03-12 17:07:46,915{GMT}	INFO	[jepsen worker 1] jepsen.util: 1	:ok	:broadcast	77
2026-03-12 17:07:47,048{GMT}	INFO	[jepsen worker 2] jepsen.util: 2	:invoke	:read	nil
2026-03-12 17:07:47,050{GMT}	INFO	[jepsen worker 2] jepsen.util: 2	:ok	:read	[64 1 50 67 55 40 25 73 10 30]
2026-03-12 17:07:47,074{GMT}	INFO	[jepsen worker 3] jepsen.util: 3	:invoke	:read	nil
2026-03-12 17:07:47,076{GMT}	INFO	[jepsen worker 3] jepsen.util: 3	:ok	:read	[48 18 35 51 37 7 58 74 11 15 31]
2026-03-12 17:07:47,191{GMT}	INFO	[jepsen worker 4] jepsen.util: 4	:invoke	:broadcast	78
2026-03-12 17:07:47,194{GMT}	INFO	[jepsen worker 4] jepsen.util: 4	:ok	:broadcast	78
2026-03-12 17:07:47,253{GMT}	INFO	[jepsen worker 0] jepsen.util: 0	:invoke	:read	nil
2026-03-12 17:07:47,255{GMT}	INFO	[jepsen worker 0] jepsen.util: 0	:ok	:read	[0 65 4 68 5 69 72 76 13 14 20 22 23 26 27 28 33 36 39 42 45 46 49 53 56 57 60 62 63]
2026-03-12 17:07:47,262{GMT}	INFO	[jepsen worker 0] jepsen.util: 0	:invoke	:broadcast	79
2026-03-12 17:07:47,264{GMT}	INFO	[jepsen worker 0] jepsen.util: 0	:ok	:broadcast	79
2026-03-12 17:07:47,317{GMT}	INFO	[jepsen worker 1] jepsen.util: 1	:invoke	:broadcast	80
2026-03-12 17:07:47,319{GMT}	INFO	[jepsen worker 1] jepsen.util: 1	:ok	:broadcast	80
2026-03-12 17:07:47,338{GMT}	INFO	[jepsen worker 2] jepsen.util: 2	:invoke	:broadcast	81
2026-03-12 17:07:47,341{GMT}	INFO	[jepsen worker 2] jepsen.util: 2	:ok	:broadcast	81
2026-03-12 17:07:47,492{GMT}	INFO	[jepsen worker 3] jepsen.util: 3	:invoke	:read	nil
2026-03-12 17:07:47,495{GMT}	INFO	[jepsen worker 3] jepsen.util: 3	:ok	:read	[48 18 35 51 37 7 58 74 11 15 31]
2026-03-12 17:07:47,542{GMT}	INFO	[jepsen worker 4] jepsen.util: 4	:invoke	:broadcast	82
2026-03-12 17:07:47,545{GMT}	INFO	[jepsen worker 4] jepsen.util: 4	:ok	:broadcast	82
2026-03-12 17:07:47,693{GMT}	INFO	[jepsen worker 0] jepsen.util: 0	:invoke	:read	nil
2026-03-12 17:07:47,696{GMT}	INFO	[jepsen worker 0] jepsen.util: 0	:ok	:read	[0 65 4 68 5 69 72 76 13 14 79 20 22 23 26 27 28 33 36 39 42 45 46 49 53 56 57 60 62 63]
2026-03-12 17:07:47,858{GMT}	INFO	[jepsen worker 0] jepsen.util: 0	:invoke	:read	nil
2026-03-12 17:07:47,861{GMT}	INFO	[jepsen worker 0] jepsen.util: 0	:ok	:read	[0 65 4 68 5 69 72 76 13 14 79 20 22 23 26 27 28 33 36 39 42 45 46 49 53 56 57 60 62 63]
2026-03-12 17:07:47,943{GMT}	INFO	[jepsen worker 1] jepsen.util: 1	:invoke	:read	nil
2026-03-12 17:07:47,946{GMT}	INFO	[jepsen worker 1] jepsen.util: 1	:ok	:read	[34 66 6 70 9 43 77 47 80 17 21 54 24 59 29]
2026-03-12 17:07:48,001{GMT}	INFO	[jepsen worker 2] jepsen.util: 2	:invoke	:broadcast	83
2026-03-12 17:07:48,003{GMT}	INFO	[jepsen worker 2] jepsen.util: 2	:ok	:broadcast	83
2026-03-12 17:07:48,059{GMT}	INFO	[jepsen worker 3] jepsen.util: 3	:invoke	:read	nil
2026-03-12 17:07:48,062{GMT}	INFO	[jepsen worker 3] jepsen.util: 3	:ok	:read	[48 18 35 51 37 7 58 74 11 15 31]
2026-03-12 17:07:48,203{GMT}	INFO	[jepsen worker 4] jepsen.util: 4	:invoke	:read	nil
2026-03-12 17:07:48,207{GMT}	INFO	[jepsen worker 4] jepsen.util: 4	:ok	:read	[32 2 3 38 71 8 41 75 12 44 78 16 82 19 52 61]
2026-03-12 17:07:48,345{GMT}	INFO	[jepsen worker 0] jepsen.util: 0	:invoke	:broadcast	84
2026-03-12 17:07:48,348{GMT}	INFO	[jepsen worker 0] jepsen.util: 0	:ok	:broadcast	84
2026-03-12 17:07:48,362{GMT}	INFO	[jepsen worker 0] jepsen.util: 0	:invoke	:broadcast	85
2026-03-12 17:07:48,364{GMT}	INFO	[jepsen worker 0] jepsen.util: 0	:ok	:broadcast	85
2026-03-12 17:07:48,468{GMT}	INFO	[jepsen worker 1] jepsen.util: 1	:invoke	:broadcast	86
2026-03-12 17:07:48,471{GMT}	INFO	[jepsen worker 1] jepsen.util: 1	:ok	:broadcast	86
2026-03-12 17:07:48,620{GMT}	INFO	[jepsen worker 2] jepsen.util: 2	:invoke	:read	nil
2026-03-12 17:07:48,623{GMT}	INFO	[jepsen worker 2] jepsen.util: 2	:ok	:read	[64 1 81 50 67 83 55 40 25 73 10 30]
2026-03-12 17:07:48,650{GMT}	INFO	[jepsen worker 3] jepsen.util: 3	:invoke	:broadcast	87
2026-03-12 17:07:48,652{GMT}	INFO	[jepsen worker 3] jepsen.util: 3	:ok	:broadcast	87
2026-03-12 17:07:48,826{GMT}	INFO	[jepsen worker 4] jepsen.util: 4	:invoke	:broadcast	88
2026-03-12 17:07:48,829{GMT}	INFO	[jepsen worker 4] jepsen.util: 4	:ok	:broadcast	88
2026-03-12 17:07:48,966{GMT}	INFO	[jepsen worker 0] jepsen.util: 0	:invoke	:read	nil
2026-03-12 17:07:48,969{GMT}	INFO	[jepsen worker 0] jepsen.util: 0	:ok	:read	[0 65 4 68 5 69 72 76 13 14 79 20 84 85 22 23 26 27 28 33 36 39 42 45 46 49 53 56 57 60 62 63]
2026-03-12 17:07:49,141{GMT}	INFO	[jepsen worker 0] jepsen.util: 0	:invoke	:broadcast	89
2026-03-12 17:07:49,143{GMT}	INFO	[jepsen worker 0] jepsen.util: 0	:ok	:broadcast	89
2026-03-12 17:07:49,276{GMT}	INFO	[jepsen worker 1] jepsen.util: 1	:invoke	:broadcast	90
2026-03-12 17:07:49,278{GMT}	INFO	[jepsen worker 1] jepsen.util: 1	:ok	:broadcast	90
2026-03-12 17:07:49,445{GMT}	INFO	[jepsen worker 2] jepsen.util: 2	:invoke	:broadcast	91
2026-03-12 17:07:49,447{GMT}	INFO	[jepsen worker 2] jepsen.util: 2	:ok	:broadcast	91
2026-03-12 17:07:49,563{GMT}	INFO	[jepsen worker 3] jepsen.util: 3	:invoke	:read	nil
2026-03-12 17:07:49,566{GMT}	INFO	[jepsen worker 3] jepsen.util: 3	:ok	:read	[48 18 35 51 37 7 87 58 74 11 15 31]
2026-03-12 17:07:49,599{GMT}	INFO	[jepsen worker 4] jepsen.util: 4	:invoke	:broadcast	92
2026-03-12 17:07:49,601{GMT}	INFO	[jepsen worker 4] jepsen.util: 4	:ok	:broadcast	92
2026-03-12 17:07:49,638{GMT}	INFO	[jepsen worker 0] jepsen.util: 0	:invoke	:read	nil
2026-03-12 17:07:49,641{GMT}	INFO	[jepsen worker 0] jepsen.util: 0	:ok	:read	[0 65 4 68 5 69 72 76 13 14 79 20 84 85 22 23 89 26 27 28 33 36 39 42 45 46 49 53 56 57 60 62 63]
2026-03-12 17:07:49,828{GMT}	INFO	[jepsen worker 0] jepsen.util: 0	:invoke	:read	nil
2026-03-12 17:07:49,831{GMT}	INFO	[jepsen worker 0] jepsen.util: 0	:ok	:read	[0 65 4 68 5 69 72 76 13 14 79 20 84 85 22 23 89 26 27 28 33 36 39 42 45 46 49 53 56 57 60 62 63]
2026-03-12 17:07:49,964{GMT}	INFO	[jepsen worker 1] jepsen.util: 1	:invoke	:read	nil
2026-03-12 17:07:49,967{GMT}	INFO	[jepsen worker 1] jepsen.util: 1	:ok	:read	[34 66 6 70 9 43 77 47 80 17 21 54 86 24 90 59 29]
2026-03-12 17:07:50,070{GMT}	INFO	[jepsen worker 2] jepsen.util: 2	:invoke	:broadcast	93
2026-03-12 17:07:50,073{GMT}	INFO	[jepsen worker 2] jepsen.util: 2	:ok	:broadcast	93
2026-03-12 17:07:50,074{GMT}	INFO	[jepsen worker 3] jepsen.generator.interpreter: Waiting for recovery...
2026-03-12 17:08:00,079{GMT}	INFO	[jepsen worker 4] jepsen.util: 4	:invoke	:read	nil
2026-03-12 17:08:00,079{GMT}	INFO	[jepsen worker 0] jepsen.util: 0	:invoke	:read	nil
2026-03-12 17:08:00,079{GMT}	INFO	[jepsen worker 1] jepsen.util: 1	:invoke	:read	nil
2026-03-12 17:08:00,080{GMT}	INFO	[jepsen worker 2] jepsen.util: 2	:invoke	:read	nil
2026-03-12 17:08:00,080{GMT}	INFO	[jepsen worker 3] jepsen.util: 3	:invoke	:read	nil
2026-03-12 17:08:00,082{GMT}	INFO	[jepsen worker 4] jepsen.util: 4	:ok	:read	[32 2 3 38 71 8 41 75 12 44 78 16 82 19 52 88 92 61]
2026-03-12 17:08:00,082{GMT}	INFO	[jepsen worker 0] jepsen.util: 0	:ok	:read	[0 65 4 68 5 69 72 76 13 14 79 20 84 85 22 23 89 26 27 28 33 36 39 42 45 46 49 53 56 57 60 62 63]
2026-03-12 17:08:00,084{GMT}	INFO	[jepsen worker 2] jepsen.util: 2	:ok	:read	[64 1 67 40 73 10 81 50 83 55 25 91 93 30]
2026-03-12 17:08:00,084{GMT}	INFO	[jepsen worker 3] jepsen.util: 3	:ok	:read	[48 18 35 51 37 7 87 58 74 11 15 31]
2026-03-12 17:08:00,084{GMT}	INFO	[jepsen worker 1] jepsen.util: 1	:ok	:read	[34 66 6 70 9 43 77 47 80 17 21 54 86 24 90 59 29]
2026-03-12 17:08:00,114{GMT}	INFO	[jepsen test runner] jepsen.core: Run complete, writing
2026-03-12 17:08:00,199{GMT}	INFO	[jepsen node n1] maelstrom.db: Tearing down n1
2026-03-12 17:08:00,199{GMT}	INFO	[jepsen node n0] maelstrom.db: Tearing down n0
2026-03-12 17:08:00,199{GMT}	INFO	[jepsen node n3] maelstrom.db: Tearing down n3
2026-03-12 17:08:00,199{GMT}	INFO	[jepsen node n2] maelstrom.db: Tearing down n2
2026-03-12 17:08:00,200{GMT}	INFO	[jepsen node n4] maelstrom.db: Tearing down n4
2026-03-12 17:08:01,895{GMT}	INFO	[jepsen node n0] maelstrom.net: Shutting down Maelstrom network
2026-03-12 17:08:01,897{GMT}	INFO	[jepsen test runner] jepsen.core: Analyzing...
2026-03-12 17:08:02,215{GMT}	INFO	[jepsen test runner] jepsen.core: Analysis complete
2026-03-12 17:08:02,250{GMT}	INFO	[jepsen results] jepsen.store: Wrote /home/banna/Documents/maelstrom-java/store/broadcast/20260312T170728.302Z/results.edn
2026-03-12 17:08:02,284{GMT}	INFO	[jepsen test runner] jepsen.core: {:perf {:latency-graph {:valid? true},
        :rate-graph {:valid? true},
        :valid? true},
 :timeline {:valid? true},
 :exceptions {:valid? true},
 :stats {:valid? true,
         :count 206,
         :ok-count 206,
         :fail-count 0,
         :info-count 0,
         :by-f {:broadcast {:valid? true,
                            :count 94,
                            :ok-count 94,
                            :fail-count 0,
                            :info-count 0},
                :read {:valid? true,
                       :count 112,
                       :ok-count 112,
                       :fail-count 0,
                       :info-count 0}}},
 :availability {:valid? true, :ok-fraction 1.0},
 :net {:all {:send-count 432,
             :recv-count 432,
             :msg-count 432,
             :msgs-per-op 2.0970874},
       :clients {:send-count 432, :recv-count 432, :msg-count 432},
       :servers {:send-count 0,
                 :recv-count 0,
                 :msg-count 0,
                 :msgs-per-op 0.0},
       :valid? true},
 :workload {:worst-stale ({:element 7,
                           :outcome :stable,
                           :stable-latency 27546,
                           :lost-latency nil,
                           :known #jepsen.history.Op{:index 43,
                                                     :time 2459800414,
                                                     :type :ok,
                                                     :process 3,
                                                     :f :add,
                                                     :value 7},
                           :last-absent #jepsen.history.Op{:index 405,
                                                           :time 30006121788,
                                                           :type :invoke,
                                                           :process 2,
                                                           :f :read,
                                                           :value nil,
                                                           :final? true}}
                          {:element 11,
                           :outcome :stable,
                           :stable-latency 26944,
                           :lost-latency nil,
                           :known #jepsen.history.Op{:index 55,
                                                     :time 3061569117,
                                                     :type :ok,
                                                     :process 3,
                                                     :f :add,
                                                     :value 11},
                           :last-absent #jepsen.history.Op{:index 405,
                                                           :time 30006121788,
                                                           :type :invoke,
                                                           :process 2,
                                                           :f :read,
                                                           :value nil,
                                                           :final? true}}
                          {:element 15,
                           :outcome :stable,
                           :stable-latency 26466,
                           :lost-latency nil,
                           :known #jepsen.history.Op{:index 67,
                                                     :time 3539731043,
                                                     :type :ok,
                                                     :process 3,
                                                     :f :add,
                                                     :value 15},
                           :last-absent #jepsen.history.Op{:index 405,
                                                           :time 30006121788,
                                                           :type :invoke,
                                                           :process 2,
                                                           :f :read,
                                                           :value nil,
                                                           :final? true}}
                          {:element 18,
                           :outcome :stable,
                           :stable-latency 25952,
                           :lost-latency nil,
                           :known #jepsen.history.Op{:index 79,
                                                     :time 4053738196,
                                                     :type :ok,
                                                     :process 3,
                                                     :f :add,
                                                     :value 18},
                           :last-absent #jepsen.history.Op{:index 405,
                                                           :time 30006121788,
                                                           :type :invoke,
                                                           :process 2,
                                                           :f :read,
                                                           :value nil,
                                                           :final? true}}
                          {:element 31,
                           :outcome :stable,
                           :stable-latency 23315,
                           :lost-latency nil,
                           :known #jepsen.history.Op{:index 127,
                                                     :time 6690689215,
                                                     :type :ok,
                                                     :process 3,
                                                     :f :add,
                                                     :value 31},
                           :last-absent #jepsen.history.Op{:index 405,
                                                           :time 30006121788,
                                                           :type :invoke,
                                                           :process 2,
                                                           :f :read,
                                                           :value nil,
                                                           :final? true}}
                          {:element 35,
                           :outcome :stable,
                           :stable-latency 22763,
                           :lost-latency nil,
                           :known #jepsen.history.Op{:index 139,
                                                     :time 7242768432,
                                                     :type :ok,
                                                     :process 3,
                                                     :f :add,
                                                     :value 35},
                           :last-absent #jepsen.history.Op{:index 405,
                                                           :time 30006121788,
                                                           :type :invoke,
                                                           :process 2,
                                                           :f :read,
                                                           :value nil,
                                                           :final? true}}
                          {:element 37,
                           :outcome :stable,
                           :stable-latency 22247,
                           :lost-latency nil,
                           :known #jepsen.history.Op{:index 151,
                                                     :time 7758369552,
                                                     :type :ok,
                                                     :process 3,
                                                     :f :add,
                                                     :value 37},
                           :last-absent #jepsen.history.Op{:index 405,
                                                           :time 30006121788,
                                                           :type :invoke,
                                                           :process 2,
                                                           :f :read,
                                                           :value nil,
                                                           :final? true}}
                          {:element 48,
                           :outcome :stable,
                           :stable-latency 19885,
                           :lost-latency nil,
                           :known #jepsen.history.Op{:index 199,
                                                     :time 10120715152,
                                                     :type :ok,
                                                     :process 3,
                                                     :f :add,
                                                     :value 48},
                           :last-absent #jepsen.history.Op{:index 405,
                                                           :time 30006121788,
                                                           :type :invoke,
                                                           :process 2,
                                                           :f :read,
                                                           :value nil,
                                                           :final? true}}),
            :duplicated-count 0,
            :valid? false,
            :lost-count 82,
            :lost (0
                   1
                   2
                   3
                   4
                   5
                   6
                   8
                   9
                   10
                   12
                   13
                   14
                   16
                   17
                   19
                   20
                   21
                   22
                   23
                   24
                   25
                   26
                   27
                   28
                   29
                   30
                   32
                   33
                   34
                   36
                   38
                   39
                   40
                   41
                   42
                   43
                   44
                   45
                   46
                   47
                   49
                   50
                   52
                   53
                   54
                   55
                   56
                   57
                   59
                   60
                   61
                   62
                   63
                   64
                   65
                   66
                   67
                   68
                   69
                   70
                   71
                   72
                   73
                   75
                   76
                   77
                   78
                   79
                   80
                   81
                   82
                   83
                   84
                   85
                   86
                   88
                   89
                   90
                   91
                   92
                   93),
            :stable-count 12,
            :stale-count 12,
            :stale (7 11 15 18 31 35 37 48 51 58 74 87),
            :never-read-count 0,
            :stable-latencies {0 11427,
                               0.5 22763,
                               0.95 27546,
                               0.99 27546,
                               1 27546},
            :attempt-count 94,
            :lost-latencies {0 10005,
                             0.5 20020,
                             0.95 28574,
                             0.99 29978,
                             1 29978},
            :never-read (),
            :duplicated {}},
 :valid? false}


Analysis invalid! (ﾉಥ益ಥ）ﾉ ┻━┻
