2026-03-20 16:25:52,322{GMT}	INFO	[jepsen test runner] jepsen.core: Command line:
lein run test -w broadcast --bin run.sh broadcast --node-count 5 --time-limit 20 --rate 10 --nemesis partition
2026-03-20 16:25:52,469{GMT}	INFO	[jepsen test runner] jepsen.core: Running test:
{:args ["broadcast"]
 :remote
 #jepsen.control.retry.Remote{:remote #jepsen.control.scp.Remote{:cmd-remote #jepsen.control.sshj.SSHJRemote{:concurrency-limit 6,
                                                                                                             :conn-spec nil,
                                                                                                             :client nil,
                                                                                                             :semaphore nil},
                                                                 :conn-spec nil},
                              :conn nil}
 :log-net-send false
 :node-count 5
 :availability nil
 :max-txn-length 4
 :concurrency 5
 :db
 #object[maelstrom.db$db$reify__16142
         "0x3938e876"
         "maelstrom.db$db$reify__16142@3938e876"]
 :max-writes-per-key 16
 :leave-db-running? false
 :name "broadcast"
 :logging-json? false
 :start-time
 #object[org.joda.time.DateTime "0x70b2819f" "2026-03-20T16:25:52.296Z"]
 :nemesis-interval 10
 :net
 #object[maelstrom.net$jepsen_net$reify__15251
         "0x65dac812"
         "maelstrom.net$jepsen_net$reify__15251@65dac812"]
 :client
 #object[maelstrom.workload.broadcast$client$reify__16644
         "0x3619ecd"
         "maelstrom.workload.broadcast$client$reify__16644@3619ecd"]
 :barrier
 #object[java.util.concurrent.CyclicBarrier
         "0x7de4bd8f"
         "java.util.concurrent.CyclicBarrier@7de4bd8f"]
 :log-stderr false
 :pure-generators true
 :ssh {:dummy? true}
 :rate 10.0
 :checker
 #object[jepsen.checker$compose$reify__11881
         "0x193e65d5"
         "jepsen.checker$compose$reify__11881@193e65d5"]
 :argv
 ("test"
  "-w"
  "broadcast"
  "--bin"
  "run.sh"
  "broadcast"
  "--node-count"
  "5"
  "--time-limit"
  "20"
  "--rate"
  "10"
  "--nemesis"
  "partition")
 :nemesis
 (jepsen.nemesis.ReflCompose
  {:fm {:start-partition 0,
        :stop-partition 0,
        :kill 1,
        :start 1,
        :pause 1,
        :resume 1},
   :nemeses [#unprintable "jepsen.nemesis.combined$partition_nemesis$reify__16416@2a97b4b8"
             #unprintable "jepsen.nemesis.combined$db_nemesis$reify__16397@250fc0d1"]})
 :nodes ["n0" "n1" "n2" "n3" "n4"]
 :test-count 1
 :latency {:mean 0, :dist :constant}
 :bin "run.sh"
 :generator
 ((jepsen.generator.Synchronize
   {:gen (jepsen.generator.TimeLimit
          {:limit 20000000000,
           :cutoff nil,
           :gen (jepsen.generator.Any
                 {:gens [(jepsen.generator.OnThreads
                          {:f #{:nemesis},
                           :context-filter #object[jepsen.generator.context$make_thread_filter$lazy_filter__9167
                                                   "0x37d43b9b"
                                                   "jepsen.generator.context$make_thread_filter$lazy_filter__9167@37d43b9b"],
                           :gen (jepsen.generator.Stagger
                                 {:dt 20000000000,
                                  :next-time nil,
                                  :gen (jepsen.generator.FlipFlop
                                        {:gens [#object[jepsen.nemesis.combined$partition_package$start__16420
                                                        "0x28ba90c1"
                                                        "jepsen.nemesis.combined$partition_package$start__16420@28ba90c1"]
                                                ({:type :info,
                                                  :f :stop-partition,
                                                  :value nil}
                                                 {:type :info,
                                                  :f :stop-partition,
                                                  :value nil}
                                                 {:type :info,
                                                  :f :stop-partition,
                                                  :value nil}
                                                 {:type :info,
                                                  :f :stop-partition,
                                                  :value nil}
                                                 {:type :info,
                                                  :f :stop-partition,
                                                  :value nil}
                                                 {:type :info,
                                                  :f :stop-partition,
                                                  :value nil}
                                                 {:type :info,
                                                  :f :stop-partition,
                                                  :value nil}
                                                 {:type :info,
                                                  :f :stop-partition,
                                                  :value nil}
                                                 ...)],
                                         :i 0})})})
                         (jepsen.generator.OnThreads
                          {:f #jepsen.generator.context.AllBut{:element :nemesis},
                           :context-filter #object[jepsen.generator.context$make_thread_filter$lazy_filter__9167
                                                   "0x7545cb17"
                                                   "jepsen.generator.context$make_thread_filter$lazy_filter__9167@7545cb17"],
                           :gen (jepsen.generator.Stagger
                                 {:dt 200000000,
                                  :next-time nil,
                                  :gen (jepsen.generator.Mix
                                        {:i 1,
                                         :gens [({:f :broadcast, :value 0}
                                                 {:f :broadcast, :value 1}
                                                 {:f :broadcast, :value 2}
                                                 {:f :broadcast, :value 3}
                                                 {:f :broadcast, :value 4}
                                                 {:f :broadcast, :value 5}
                                                 {:f :broadcast, :value 6}
                                                 {:f :broadcast, :value 7}
                                                 ...)
                                                ({:f :read}
                                                 {:f :read}
                                                 {:f :read}
                                                 {:f :read}
                                                 {:f :read}
                                                 {:f :read}
                                                 {:f :read}
                                                 {:f :read}
                                                 ...)]})})})]})})})
  (jepsen.generator.Synchronize
   {:gen (jepsen.generator.OnThreads
          {:f #{:nemesis},
           :context-filter #object[jepsen.generator.context$make_thread_filter$lazy_filter__9167
                                   "0x635b3ec7"
                                   "jepsen.generator.context$make_thread_filter$lazy_filter__9167@635b3ec7"],
           :gen ({:type :info, :f :stop-partition, :value nil})})})
  (jepsen.generator.Synchronize
   {:gen {:type :log, :value "Waiting for recovery..."}})
  (jepsen.generator.Synchronize {:gen {:type :sleep, :value 10}})
  (jepsen.generator.Synchronize
   {:gen (jepsen.generator.OnThreads
          {:f #jepsen.generator.context.AllBut{:element :nemesis},
           :context-filter #object[jepsen.generator.context$make_thread_filter$lazy_filter__9167
                                   "0x1f9b86f5"
                                   "jepsen.generator.context$make_thread_filter$lazy_filter__9167@1f9b86f5"],
           :gen (jepsen.generator.EachThread
                 {:fresh-gen {:f :read, :final? true},
                  :context-filters #object[clojure.core$promise$reify__8591
                                           "0x15aa3084"
                                           {:status :pending, :val nil}],
                  :gens {}})})}))
 :log-net-recv false
 :os
 #object[maelstrom.net$jepsen_os$reify__15254
         "0x4e6c4c55"
         "maelstrom.net$jepsen_os$reify__15254@4e6c4c55"]
 :time-limit 20
 :workload :broadcast
 :consistency-models [:strict-serializable]
 :topology :grid}

2026-03-20 16:25:54,367{GMT}	INFO	[jepsen node n0] maelstrom.net: Starting Maelstrom network
2026-03-20 16:25:54,370{GMT}	INFO	[jepsen test runner] jepsen.db: Tearing down DB
2026-03-20 16:25:54,374{GMT}	INFO	[jepsen test runner] jepsen.db: Setting up DB
2026-03-20 16:25:54,375{GMT}	INFO	[jepsen node n2] maelstrom.db: Setting up n2
2026-03-20 16:25:54,375{GMT}	INFO	[jepsen node n1] maelstrom.db: Setting up n1
2026-03-20 16:25:54,375{GMT}	INFO	[jepsen node n3] maelstrom.db: Setting up n3
2026-03-20 16:25:54,376{GMT}	INFO	[jepsen node n2] maelstrom.process: launching run.sh ["broadcast"]
2026-03-20 16:25:54,376{GMT}	INFO	[jepsen node n1] maelstrom.process: launching run.sh ["broadcast"]
2026-03-20 16:25:54,378{GMT}	INFO	[jepsen node n4] maelstrom.db: Setting up n4
2026-03-20 16:25:54,378{GMT}	INFO	[jepsen node n4] maelstrom.process: launching run.sh ["broadcast"]
2026-03-20 16:25:54,378{GMT}	INFO	[jepsen node n0] maelstrom.service: Starting services: (lin-kv lin-tso lww-kv seq-kv)
2026-03-20 16:25:54,379{GMT}	INFO	[jepsen node n3] maelstrom.process: launching run.sh ["broadcast"]
2026-03-20 16:25:54,390{GMT}	INFO	[jepsen node n0] maelstrom.db: Setting up n0
2026-03-20 16:25:54,391{GMT}	INFO	[jepsen node n0] maelstrom.process: launching run.sh ["broadcast"]
2026-03-20 16:25:54,819{GMT}	INFO	[jepsen test runner] jepsen.core: Relative time begins now
2026-03-20 16:25:54,863{GMT}	INFO	[jepsen worker 0] jepsen.util: 0	:invoke	:read	nil
2026-03-20 16:25:54,864{GMT}	INFO	[jepsen worker nemesis] jepsen.util: :nemesis	:info	:start-partition	:minority-third
2026-03-20 16:25:54,871{GMT}	INFO	[jepsen worker 0] jepsen.util: 0	:ok	:read	[]
2026-03-20 16:25:54,877{GMT}	INFO	[jepsen worker nemesis] jepsen.util: :nemesis	:info	:start-partition	[:isolated {"n0" #{"n2" "n1" "n4" "n3"}, "n2" #{"n0"}, "n1" #{"n0"}, "n4" #{"n0"}, "n3" #{"n0"}}]
2026-03-20 16:25:54,924{GMT}	INFO	[jepsen worker 2] jepsen.util: 2	:invoke	:broadcast	0
2026-03-20 16:25:54,928{GMT}	INFO	[jepsen worker 2] jepsen.util: 2	:ok	:broadcast	0
2026-03-20 16:25:55,058{GMT}	INFO	[jepsen worker 3] jepsen.util: 3	:invoke	:read	nil
2026-03-20 16:25:55,064{GMT}	INFO	[jepsen worker 3] jepsen.util: 3	:ok	:read	[0]
2026-03-20 16:25:55,184{GMT}	INFO	[jepsen worker 4] jepsen.util: 4	:invoke	:read	nil
2026-03-20 16:25:55,188{GMT}	INFO	[jepsen worker 4] jepsen.util: 4	:ok	:read	[0]
2026-03-20 16:25:55,268{GMT}	INFO	[jepsen worker 0] jepsen.util: 0	:invoke	:broadcast	1
2026-03-20 16:25:55,271{GMT}	INFO	[jepsen worker 0] jepsen.util: 0	:ok	:broadcast	1
2026-03-20 16:25:55,410{GMT}	INFO	[jepsen worker 0] jepsen.util: 0	:invoke	:read	nil
2026-03-20 16:25:55,413{GMT}	INFO	[jepsen worker 0] jepsen.util: 0	:ok	:read	[1]
2026-03-20 16:25:55,446{GMT}	INFO	[jepsen worker 1] jepsen.util: 1	:invoke	:broadcast	2
2026-03-20 16:25:55,450{GMT}	INFO	[jepsen worker 1] jepsen.util: 1	:ok	:broadcast	2
2026-03-20 16:25:55,484{GMT}	INFO	[jepsen worker 2] jepsen.util: 2	:invoke	:broadcast	3
2026-03-20 16:25:55,486{GMT}	INFO	[jepsen worker 2] jepsen.util: 2	:ok	:broadcast	3
2026-03-20 16:25:55,546{GMT}	INFO	[jepsen worker 3] jepsen.util: 3	:invoke	:broadcast	4
2026-03-20 16:25:55,551{GMT}	INFO	[jepsen worker 3] jepsen.util: 3	:ok	:broadcast	4
2026-03-20 16:25:55,605{GMT}	INFO	[jepsen worker 4] jepsen.util: 4	:invoke	:broadcast	5
2026-03-20 16:25:55,616{GMT}	INFO	[jepsen worker 4] jepsen.util: 4	:ok	:broadcast	5
2026-03-20 16:25:55,669{GMT}	INFO	[jepsen worker 0] jepsen.util: 0	:invoke	:broadcast	6
2026-03-20 16:25:55,676{GMT}	INFO	[jepsen worker 0] jepsen.util: 0	:ok	:broadcast	6
2026-03-20 16:25:55,736{GMT}	INFO	[jepsen worker 0] jepsen.util: 0	:invoke	:read	nil
2026-03-20 16:25:55,742{GMT}	INFO	[jepsen worker 0] jepsen.util: 0	:ok	:read	[1 6]
2026-03-20 16:25:55,864{GMT}	INFO	[jepsen worker 1] jepsen.util: 1	:invoke	:broadcast	7
2026-03-20 16:25:55,867{GMT}	INFO	[jepsen worker 1] jepsen.util: 1	:ok	:broadcast	7
2026-03-20 16:25:56,038{GMT}	INFO	[jepsen worker 2] jepsen.util: 2	:invoke	:broadcast	8
2026-03-20 16:25:56,047{GMT}	INFO	[jepsen worker 2] jepsen.util: 2	:ok	:broadcast	8
2026-03-20 16:25:56,181{GMT}	INFO	[jepsen worker 3] jepsen.util: 3	:invoke	:read	nil
2026-03-20 16:25:56,185{GMT}	INFO	[jepsen worker 3] jepsen.util: 3	:ok	:read	[0 2 3 4 5 7 8]
2026-03-20 16:25:56,345{GMT}	INFO	[jepsen worker 4] jepsen.util: 4	:invoke	:read	nil
2026-03-20 16:25:56,347{GMT}	INFO	[jepsen worker 4] jepsen.util: 4	:ok	:read	[0 2 3 4 5 7 8]
2026-03-20 16:25:56,429{GMT}	INFO	[jepsen worker 0] jepsen.util: 0	:invoke	:broadcast	9
2026-03-20 16:25:56,432{GMT}	INFO	[jepsen worker 0] jepsen.util: 0	:ok	:broadcast	9
2026-03-20 16:25:56,490{GMT}	INFO	[jepsen worker 0] jepsen.util: 0	:invoke	:read	nil
2026-03-20 16:25:56,492{GMT}	INFO	[jepsen worker 0] jepsen.util: 0	:ok	:read	[1 6 9]
2026-03-20 16:25:56,539{GMT}	INFO	[jepsen worker 1] jepsen.util: 1	:invoke	:read	nil
2026-03-20 16:25:56,543{GMT}	INFO	[jepsen worker 1] jepsen.util: 1	:ok	:read	[0 2 3 4 5 7 8]
2026-03-20 16:25:56,561{GMT}	INFO	[jepsen worker 2] jepsen.util: 2	:invoke	:read	nil
2026-03-20 16:25:56,564{GMT}	INFO	[jepsen worker 3] jepsen.util: 3	:invoke	:read	nil
2026-03-20 16:25:56,565{GMT}	INFO	[jepsen worker 2] jepsen.util: 2	:ok	:read	[0 2 3 4 5 7 8]
2026-03-20 16:25:56,567{GMT}	INFO	[jepsen worker 3] jepsen.util: 3	:ok	:read	[0 2 3 4 5 7 8]
2026-03-20 16:25:56,608{GMT}	INFO	[jepsen worker 4] jepsen.util: 4	:invoke	:broadcast	10
2026-03-20 16:25:56,610{GMT}	INFO	[jepsen worker 4] jepsen.util: 4	:ok	:broadcast	10
2026-03-20 16:25:56,712{GMT}	INFO	[jepsen worker 0] jepsen.util: 0	:invoke	:read	nil
2026-03-20 16:25:56,714{GMT}	INFO	[jepsen worker 0] jepsen.util: 0	:ok	:read	[1 6 9]
2026-03-20 16:25:56,779{GMT}	INFO	[jepsen worker 0] jepsen.util: 0	:invoke	:read	nil
2026-03-20 16:25:56,784{GMT}	INFO	[jepsen worker 0] jepsen.util: 0	:ok	:read	[1 6 9]
2026-03-20 16:25:56,788{GMT}	INFO	[jepsen worker 1] jepsen.util: 1	:invoke	:read	nil
2026-03-20 16:25:56,790{GMT}	INFO	[jepsen worker 1] jepsen.util: 1	:ok	:read	[0 2 3 4 5 7 8 10]
2026-03-20 16:25:56,865{GMT}	INFO	[jepsen worker 2] jepsen.util: 2	:invoke	:read	nil
2026-03-20 16:25:56,866{GMT}	INFO	[jepsen worker 2] jepsen.util: 2	:ok	:read	[0 2 3 4 5 7 8 10]
2026-03-20 16:25:56,960{GMT}	INFO	[jepsen worker 3] jepsen.util: 3	:invoke	:read	nil
2026-03-20 16:25:56,962{GMT}	INFO	[jepsen worker 3] jepsen.util: 3	:ok	:read	[0 2 3 4 5 7 8 10]
2026-03-20 16:25:57,007{GMT}	INFO	[jepsen worker 4] jepsen.util: 4	:invoke	:broadcast	11
2026-03-20 16:25:57,009{GMT}	INFO	[jepsen worker 4] jepsen.util: 4	:ok	:broadcast	11
2026-03-20 16:25:57,082{GMT}	INFO	[jepsen worker 0] jepsen.util: 0	:invoke	:broadcast	12
2026-03-20 16:25:57,084{GMT}	INFO	[jepsen worker 0] jepsen.util: 0	:ok	:broadcast	12
2026-03-20 16:25:57,191{GMT}	INFO	[jepsen worker 0] jepsen.util: 0	:invoke	:broadcast	13
2026-03-20 16:25:57,193{GMT}	INFO	[jepsen worker 0] jepsen.util: 0	:ok	:broadcast	13
2026-03-20 16:25:57,295{GMT}	INFO	[jepsen worker 1] jepsen.util: 1	:invoke	:broadcast	14
2026-03-20 16:25:57,296{GMT}	INFO	[jepsen worker 1] jepsen.util: 1	:ok	:broadcast	14
2026-03-20 16:25:57,326{GMT}	INFO	[jepsen worker 2] jepsen.util: 2	:invoke	:broadcast	15
2026-03-20 16:25:57,328{GMT}	INFO	[jepsen worker 2] jepsen.util: 2	:ok	:broadcast	15
2026-03-20 16:25:57,480{GMT}	INFO	[jepsen worker 3] jepsen.util: 3	:invoke	:read	nil
2026-03-20 16:25:57,482{GMT}	INFO	[jepsen worker 3] jepsen.util: 3	:ok	:read	[0 2 3 4 5 7 8 10 11 14 15]
2026-03-20 16:25:57,672{GMT}	INFO	[jepsen worker 4] jepsen.util: 4	:invoke	:broadcast	16
2026-03-20 16:25:57,674{GMT}	INFO	[jepsen worker 4] jepsen.util: 4	:ok	:broadcast	16
2026-03-20 16:25:57,747{GMT}	INFO	[jepsen worker 0] jepsen.util: 0	:invoke	:read	nil
2026-03-20 16:25:57,749{GMT}	INFO	[jepsen worker 0] jepsen.util: 0	:ok	:read	[1 6 9 12 13]
2026-03-20 16:25:57,918{GMT}	INFO	[jepsen worker 0] jepsen.util: 0	:invoke	:broadcast	17
2026-03-20 16:25:57,919{GMT}	INFO	[jepsen worker 0] jepsen.util: 0	:ok	:broadcast	17
2026-03-20 16:25:57,963{GMT}	INFO	[jepsen worker 1] jepsen.util: 1	:invoke	:read	nil
2026-03-20 16:25:57,964{GMT}	INFO	[jepsen worker 1] jepsen.util: 1	:ok	:read	[0 2 3 4 5 7 8 10 11 14 15 16]
2026-03-20 16:25:58,091{GMT}	INFO	[jepsen worker 2] jepsen.util: 2	:invoke	:read	nil
2026-03-20 16:25:58,092{GMT}	INFO	[jepsen worker 2] jepsen.util: 2	:ok	:read	[0 2 3 4 5 7 8 10 11 14 15 16]
2026-03-20 16:25:58,106{GMT}	INFO	[jepsen worker 3] jepsen.util: 3	:invoke	:read	nil
2026-03-20 16:25:58,108{GMT}	INFO	[jepsen worker 3] jepsen.util: 3	:ok	:read	[0 2 3 4 5 7 8 10 11 14 15 16]
2026-03-20 16:25:58,238{GMT}	INFO	[jepsen worker 4] jepsen.util: 4	:invoke	:read	nil
2026-03-20 16:25:58,240{GMT}	INFO	[jepsen worker 4] jepsen.util: 4	:ok	:read	[0 2 3 4 5 7 8 10 11 14 15 16]
2026-03-20 16:25:58,320{GMT}	INFO	[jepsen worker 0] jepsen.util: 0	:invoke	:broadcast	18
2026-03-20 16:25:58,322{GMT}	INFO	[jepsen worker 0] jepsen.util: 0	:ok	:broadcast	18
2026-03-20 16:25:58,347{GMT}	INFO	[jepsen worker 0] jepsen.util: 0	:invoke	:broadcast	19
2026-03-20 16:25:58,348{GMT}	INFO	[jepsen worker 0] jepsen.util: 0	:ok	:broadcast	19
2026-03-20 16:25:58,351{GMT}	INFO	[jepsen worker 1] jepsen.util: 1	:invoke	:read	nil
2026-03-20 16:25:58,352{GMT}	INFO	[jepsen worker 1] jepsen.util: 1	:ok	:read	[0 2 3 4 5 7 8 10 11 14 15 16]
2026-03-20 16:25:58,389{GMT}	INFO	[jepsen worker 2] jepsen.util: 2	:invoke	:read	nil
2026-03-20 16:25:58,391{GMT}	INFO	[jepsen worker 2] jepsen.util: 2	:ok	:read	[0 2 3 4 5 7 8 10 11 14 15 16]
2026-03-20 16:25:58,475{GMT}	INFO	[jepsen worker 3] jepsen.util: 3	:invoke	:broadcast	20
2026-03-20 16:25:58,477{GMT}	INFO	[jepsen worker 3] jepsen.util: 3	:ok	:broadcast	20
2026-03-20 16:25:58,525{GMT}	INFO	[jepsen worker 4] jepsen.util: 4	:invoke	:broadcast	21
2026-03-20 16:25:58,527{GMT}	INFO	[jepsen worker 4] jepsen.util: 4	:ok	:broadcast	21
2026-03-20 16:25:58,718{GMT}	INFO	[jepsen worker 0] jepsen.util: 0	:invoke	:read	nil
2026-03-20 16:25:58,719{GMT}	INFO	[jepsen worker 0] jepsen.util: 0	:ok	:read	[1 6 9 12 13 17 18 19]
2026-03-20 16:25:58,796{GMT}	INFO	[jepsen worker 0] jepsen.util: 0	:invoke	:read	nil
2026-03-20 16:25:58,797{GMT}	INFO	[jepsen worker 0] jepsen.util: 0	:ok	:read	[1 6 9 12 13 17 18 19]
2026-03-20 16:25:58,814{GMT}	INFO	[jepsen worker 1] jepsen.util: 1	:invoke	:broadcast	22
2026-03-20 16:25:58,816{GMT}	INFO	[jepsen worker 1] jepsen.util: 1	:ok	:broadcast	22
2026-03-20 16:25:58,953{GMT}	INFO	[jepsen worker 2] jepsen.util: 2	:invoke	:broadcast	23
2026-03-20 16:25:58,958{GMT}	INFO	[jepsen worker 2] jepsen.util: 2	:ok	:broadcast	23
2026-03-20 16:25:59,053{GMT}	INFO	[jepsen worker 3] jepsen.util: 3	:invoke	:read	nil
2026-03-20 16:25:59,055{GMT}	INFO	[jepsen worker 3] jepsen.util: 3	:ok	:read	[0 2 3 4 5 7 8 10 11 14 15 16 20 21 22 23]
2026-03-20 16:25:59,148{GMT}	INFO	[jepsen worker 4] jepsen.util: 4	:invoke	:broadcast	24
2026-03-20 16:25:59,151{GMT}	INFO	[jepsen worker 4] jepsen.util: 4	:ok	:broadcast	24
2026-03-20 16:25:59,207{GMT}	INFO	[jepsen worker 0] jepsen.util: 0	:invoke	:broadcast	25
2026-03-20 16:25:59,210{GMT}	INFO	[jepsen worker 0] jepsen.util: 0	:ok	:broadcast	25
2026-03-20 16:25:59,356{GMT}	INFO	[jepsen worker 0] jepsen.util: 0	:invoke	:broadcast	26
2026-03-20 16:25:59,362{GMT}	INFO	[jepsen worker 0] jepsen.util: 0	:ok	:broadcast	26
2026-03-20 16:25:59,490{GMT}	INFO	[jepsen worker 1] jepsen.util: 1	:invoke	:broadcast	27
2026-03-20 16:25:59,493{GMT}	INFO	[jepsen worker 1] jepsen.util: 1	:ok	:broadcast	27
2026-03-20 16:25:59,527{GMT}	INFO	[jepsen worker 2] jepsen.util: 2	:invoke	:read	nil
2026-03-20 16:25:59,529{GMT}	INFO	[jepsen worker 2] jepsen.util: 2	:ok	:read	[0 2 3 4 5 7 8 10 11 14 15 16 20 21 22 23 24 27]
2026-03-20 16:25:59,591{GMT}	INFO	[jepsen worker 3] jepsen.util: 3	:invoke	:read	nil
2026-03-20 16:25:59,593{GMT}	INFO	[jepsen worker 3] jepsen.util: 3	:ok	:read	[0 2 3 4 5 7 8 10 11 14 15 16 20 21 22 23 24 27]
2026-03-20 16:25:59,770{GMT}	INFO	[jepsen worker 4] jepsen.util: 4	:invoke	:broadcast	28
2026-03-20 16:25:59,771{GMT}	INFO	[jepsen worker 4] jepsen.util: 4	:ok	:broadcast	28
2026-03-20 16:25:59,861{GMT}	INFO	[jepsen worker 0] jepsen.util: 0	:invoke	:broadcast	29
2026-03-20 16:25:59,863{GMT}	INFO	[jepsen worker 0] jepsen.util: 0	:ok	:broadcast	29
2026-03-20 16:25:59,923{GMT}	INFO	[jepsen worker 0] jepsen.util: 0	:invoke	:broadcast	30
2026-03-20 16:25:59,924{GMT}	INFO	[jepsen worker 0] jepsen.util: 0	:ok	:broadcast	30
2026-03-20 16:26:00,041{GMT}	INFO	[jepsen worker 1] jepsen.util: 1	:invoke	:read	nil
2026-03-20 16:26:00,042{GMT}	INFO	[jepsen worker 1] jepsen.util: 1	:ok	:read	[0 2 3 4 5 7 8 10 11 14 15 16 20 21 22 23 24 27 28]
2026-03-20 16:26:00,109{GMT}	INFO	[jepsen worker 2] jepsen.util: 2	:invoke	:broadcast	31
2026-03-20 16:26:00,111{GMT}	INFO	[jepsen worker 2] jepsen.util: 2	:ok	:broadcast	31
2026-03-20 16:26:00,229{GMT}	INFO	[jepsen worker 3] jepsen.util: 3	:invoke	:broadcast	32
2026-03-20 16:26:00,231{GMT}	INFO	[jepsen worker 3] jepsen.util: 3	:ok	:broadcast	32
2026-03-20 16:26:00,403{GMT}	INFO	[jepsen worker 4] jepsen.util: 4	:invoke	:broadcast	33
2026-03-20 16:26:00,405{GMT}	INFO	[jepsen worker 4] jepsen.util: 4	:ok	:broadcast	33
2026-03-20 16:26:00,563{GMT}	INFO	[jepsen worker 0] jepsen.util: 0	:invoke	:read	nil
2026-03-20 16:26:00,565{GMT}	INFO	[jepsen worker 0] jepsen.util: 0	:ok	:read	[1 6 9 12 13 17 18 19 25 26 29 30]
2026-03-20 16:26:00,731{GMT}	INFO	[jepsen worker 0] jepsen.util: 0	:invoke	:broadcast	34
2026-03-20 16:26:00,732{GMT}	INFO	[jepsen worker 0] jepsen.util: 0	:ok	:broadcast	34
2026-03-20 16:26:00,834{GMT}	INFO	[jepsen worker 1] jepsen.util: 1	:invoke	:read	nil
2026-03-20 16:26:00,835{GMT}	INFO	[jepsen worker 1] jepsen.util: 1	:ok	:read	[0 2 3 4 5 7 8 10 11 14 15 16 20 21 22 23 24 27 28 31 32 33]
2026-03-20 16:26:00,891{GMT}	INFO	[jepsen worker 2] jepsen.util: 2	:invoke	:broadcast	35
2026-03-20 16:26:00,893{GMT}	INFO	[jepsen worker 2] jepsen.util: 2	:ok	:broadcast	35
2026-03-20 16:26:00,952{GMT}	INFO	[jepsen worker 3] jepsen.util: 3	:invoke	:broadcast	36
2026-03-20 16:26:00,953{GMT}	INFO	[jepsen worker 3] jepsen.util: 3	:ok	:broadcast	36
2026-03-20 16:26:01,047{GMT}	INFO	[jepsen worker 4] jepsen.util: 4	:invoke	:broadcast	37
2026-03-20 16:26:01,049{GMT}	INFO	[jepsen worker 4] jepsen.util: 4	:ok	:broadcast	37
2026-03-20 16:26:01,060{GMT}	INFO	[jepsen worker nemesis] jepsen.util: :nemesis	:info	:stop-partition	nil
2026-03-20 16:26:01,061{GMT}	INFO	[jepsen worker nemesis] jepsen.util: :nemesis	:info	:stop-partition	:network-healed
2026-03-20 16:26:01,081{GMT}	INFO	[jepsen worker 0] jepsen.util: 0	:invoke	:read	nil
2026-03-20 16:26:01,083{GMT}	INFO	[jepsen worker 0] jepsen.util: 0	:ok	:read	[1 6 9 12 13 17 18 19 25 26 29 30 34]
2026-03-20 16:26:01,238{GMT}	INFO	[jepsen worker 1] jepsen.util: 1	:invoke	:broadcast	38
2026-03-20 16:26:01,240{GMT}	INFO	[jepsen worker 1] jepsen.util: 1	:ok	:broadcast	38
2026-03-20 16:26:01,415{GMT}	INFO	[jepsen worker 2] jepsen.util: 2	:invoke	:read	nil
2026-03-20 16:26:01,417{GMT}	INFO	[jepsen worker 2] jepsen.util: 2	:ok	:read	[0 2 3 4 5 7 8 10 11 14 15 16 20 21 22 23 24 27 28 31 32 33 35 36 37 38]
2026-03-20 16:26:01,421{GMT}	INFO	[jepsen worker 3] jepsen.util: 3	:invoke	:read	nil
2026-03-20 16:26:01,423{GMT}	INFO	[jepsen worker 3] jepsen.util: 3	:ok	:read	[0 2 3 4 5 7 8 10 11 14 15 16 20 21 22 23 24 27 28 31 32 33 35 36 37 38]
2026-03-20 16:26:01,518{GMT}	INFO	[jepsen worker 4] jepsen.util: 4	:invoke	:broadcast	39
2026-03-20 16:26:01,519{GMT}	INFO	[jepsen worker 4] jepsen.util: 4	:ok	:broadcast	39
2026-03-20 16:26:01,704{GMT}	INFO	[jepsen worker 0] jepsen.util: 0	:invoke	:read	nil
2026-03-20 16:26:01,706{GMT}	INFO	[jepsen worker 0] jepsen.util: 0	:ok	:read	[1 6 9 12 13 17 18 19 25 26 29 30 34 38 39]
2026-03-20 16:26:01,818{GMT}	INFO	[jepsen worker 0] jepsen.util: 0	:invoke	:read	nil
2026-03-20 16:26:01,819{GMT}	INFO	[jepsen worker 0] jepsen.util: 0	:ok	:read	[1 6 9 12 13 17 18 19 25 26 29 30 34 38 39]
2026-03-20 16:26:02,011{GMT}	INFO	[jepsen worker 1] jepsen.util: 1	:invoke	:broadcast	40
2026-03-20 16:26:02,013{GMT}	INFO	[jepsen worker 1] jepsen.util: 1	:ok	:broadcast	40
2026-03-20 16:26:02,054{GMT}	INFO	[jepsen worker 2] jepsen.util: 2	:invoke	:read	nil
2026-03-20 16:26:02,055{GMT}	INFO	[jepsen worker 2] jepsen.util: 2	:ok	:read	[0 2 3 4 5 7 8 10 11 14 15 16 20 21 22 23 24 27 28 31 32 33 35 36 37 38 39 40]
2026-03-20 16:26:02,101{GMT}	INFO	[jepsen worker 3] jepsen.util: 3	:invoke	:read	nil
2026-03-20 16:26:02,103{GMT}	INFO	[jepsen worker 3] jepsen.util: 3	:ok	:read	[0 2 3 4 5 7 8 10 11 14 15 16 20 21 22 23 24 27 28 31 32 33 35 36 37 38 39 40]
2026-03-20 16:26:02,118{GMT}	INFO	[jepsen worker 4] jepsen.util: 4	:invoke	:broadcast	41
2026-03-20 16:26:02,119{GMT}	INFO	[jepsen worker 4] jepsen.util: 4	:ok	:broadcast	41
2026-03-20 16:26:02,209{GMT}	INFO	[jepsen worker 0] jepsen.util: 0	:invoke	:broadcast	42
2026-03-20 16:26:02,211{GMT}	INFO	[jepsen worker 0] jepsen.util: 0	:ok	:broadcast	42
2026-03-20 16:26:02,366{GMT}	INFO	[jepsen worker 0] jepsen.util: 0	:invoke	:broadcast	43
2026-03-20 16:26:02,367{GMT}	INFO	[jepsen worker 0] jepsen.util: 0	:ok	:broadcast	43
2026-03-20 16:26:02,455{GMT}	INFO	[jepsen worker 1] jepsen.util: 1	:invoke	:read	nil
2026-03-20 16:26:02,457{GMT}	INFO	[jepsen worker 1] jepsen.util: 1	:ok	:read	[0 2 3 4 5 7 8 10 11 14 15 16 20 21 22 23 24 27 28 31 32 33 35 36 37 38 39 40 41 42 43]
2026-03-20 16:26:02,502{GMT}	INFO	[jepsen worker 2] jepsen.util: 2	:invoke	:broadcast	44
2026-03-20 16:26:02,504{GMT}	INFO	[jepsen worker 2] jepsen.util: 2	:ok	:broadcast	44
2026-03-20 16:26:02,685{GMT}	INFO	[jepsen worker 3] jepsen.util: 3	:invoke	:read	nil
2026-03-20 16:26:02,689{GMT}	INFO	[jepsen worker 3] jepsen.util: 3	:ok	:read	[0 2 3 4 5 7 8 10 11 14 15 16 20 21 22 23 24 27 28 31 32 33 35 36 37 38 39 40 41 42 43 44]
2026-03-20 16:26:02,848{GMT}	INFO	[jepsen worker 4] jepsen.util: 4	:invoke	:read	nil
2026-03-20 16:26:02,849{GMT}	INFO	[jepsen worker 4] jepsen.util: 4	:ok	:read	[0 2 3 4 5 7 8 10 11 14 15 16 20 21 22 23 24 27 28 31 32 33 35 36 37 38 39 40 41 42 43 44]
2026-03-20 16:26:02,878{GMT}	INFO	[jepsen worker 0] jepsen.util: 0	:invoke	:read	nil
2026-03-20 16:26:02,880{GMT}	INFO	[jepsen worker 0] jepsen.util: 0	:ok	:read	[1 6 9 12 13 17 18 19 25 26 29 30 34 38 39 40 41 42 43 44]
2026-03-20 16:26:02,889{GMT}	INFO	[jepsen worker 0] jepsen.util: 0	:invoke	:read	nil
2026-03-20 16:26:02,890{GMT}	INFO	[jepsen worker 0] jepsen.util: 0	:ok	:read	[1 6 9 12 13 17 18 19 25 26 29 30 34 38 39 40 41 42 43 44]
2026-03-20 16:26:02,905{GMT}	INFO	[jepsen worker 1] jepsen.util: 1	:invoke	:broadcast	45
2026-03-20 16:26:02,906{GMT}	INFO	[jepsen worker 1] jepsen.util: 1	:ok	:broadcast	45
2026-03-20 16:26:03,018{GMT}	INFO	[jepsen worker 2] jepsen.util: 2	:invoke	:read	nil
2026-03-20 16:26:03,021{GMT}	INFO	[jepsen worker 2] jepsen.util: 2	:ok	:read	[0 2 3 4 5 7 8 10 11 14 15 16 20 21 22 23 24 27 28 31 32 33 35 36 37 38 39 40 41 42 43 44 45]
2026-03-20 16:26:03,055{GMT}	INFO	[jepsen worker 3] jepsen.util: 3	:invoke	:read	nil
2026-03-20 16:26:03,056{GMT}	INFO	[jepsen worker 3] jepsen.util: 3	:ok	:read	[0 2 3 4 5 7 8 10 11 14 15 16 20 21 22 23 24 27 28 31 32 33 35 36 37 38 39 40 41 42 43 44 45]
2026-03-20 16:26:03,133{GMT}	INFO	[jepsen worker 4] jepsen.util: 4	:invoke	:broadcast	46
2026-03-20 16:26:03,135{GMT}	INFO	[jepsen worker 4] jepsen.util: 4	:ok	:broadcast	46
2026-03-20 16:26:03,197{GMT}	INFO	[jepsen worker 0] jepsen.util: 0	:invoke	:broadcast	47
2026-03-20 16:26:03,199{GMT}	INFO	[jepsen worker 0] jepsen.util: 0	:ok	:broadcast	47
2026-03-20 16:26:03,230{GMT}	INFO	[jepsen worker 0] jepsen.util: 0	:invoke	:read	nil
2026-03-20 16:26:03,231{GMT}	INFO	[jepsen worker 0] jepsen.util: 0	:ok	:read	[1 6 9 12 13 17 18 19 25 26 29 30 34 38 39 40 41 42 43 44 45 46 47]
2026-03-20 16:26:03,404{GMT}	INFO	[jepsen worker 1] jepsen.util: 1	:invoke	:broadcast	48
2026-03-20 16:26:03,406{GMT}	INFO	[jepsen worker 1] jepsen.util: 1	:ok	:broadcast	48
2026-03-20 16:26:03,589{GMT}	INFO	[jepsen worker 2] jepsen.util: 2	:invoke	:read	nil
2026-03-20 16:26:03,590{GMT}	INFO	[jepsen worker 2] jepsen.util: 2	:ok	:read	[0 2 3 4 5 7 8 10 11 14 15 16 20 21 22 23 24 27 28 31 32 33 35 36 37 38 39 40 41 42 43 44 45 46 47 48]
2026-03-20 16:26:03,753{GMT}	INFO	[jepsen worker 3] jepsen.util: 3	:invoke	:broadcast	49
2026-03-20 16:26:03,754{GMT}	INFO	[jepsen worker 3] jepsen.util: 3	:ok	:broadcast	49
2026-03-20 16:26:03,951{GMT}	INFO	[jepsen worker 4] jepsen.util: 4	:invoke	:broadcast	50
2026-03-20 16:26:03,953{GMT}	INFO	[jepsen worker 4] jepsen.util: 4	:ok	:broadcast	50
2026-03-20 16:26:03,978{GMT}	INFO	[jepsen worker 0] jepsen.util: 0	:invoke	:read	nil
2026-03-20 16:26:03,980{GMT}	INFO	[jepsen worker 0] jepsen.util: 0	:ok	:read	[1 6 9 12 13 17 18 19 25 26 29 30 34 38 39 40 41 42 43 44 45 46 47 48 49 50]
2026-03-20 16:26:04,024{GMT}	INFO	[jepsen worker 0] jepsen.util: 0	:invoke	:broadcast	51
2026-03-20 16:26:04,026{GMT}	INFO	[jepsen worker 0] jepsen.util: 0	:ok	:broadcast	51
2026-03-20 16:26:04,044{GMT}	INFO	[jepsen worker 1] jepsen.util: 1	:invoke	:read	nil
2026-03-20 16:26:04,045{GMT}	INFO	[jepsen worker 1] jepsen.util: 1	:ok	:read	[0 2 3 4 5 7 8 10 11 14 15 16 20 21 22 23 24 27 28 31 32 33 35 36 37 38 39 40 41 42 43 44 45 46 47 48 49 50 51]
2026-03-20 16:26:04,100{GMT}	INFO	[jepsen worker 2] jepsen.util: 2	:invoke	:read	nil
2026-03-20 16:26:04,102{GMT}	INFO	[jepsen worker 2] jepsen.util: 2	:ok	:read	[0 2 3 4 5 7 8 10 11 14 15 16 20 21 22 23 24 27 28 31 32 33 35 36 37 38 39 40 41 42 43 44 45 46 47 48 49 50 51]
2026-03-20 16:26:04,131{GMT}	INFO	[jepsen worker 3] jepsen.util: 3	:invoke	:broadcast	52
2026-03-20 16:26:04,132{GMT}	INFO	[jepsen worker 3] jepsen.util: 3	:ok	:broadcast	52
2026-03-20 16:26:04,318{GMT}	INFO	[jepsen worker 4] jepsen.util: 4	:invoke	:read	nil
2026-03-20 16:26:04,319{GMT}	INFO	[jepsen worker 4] jepsen.util: 4	:ok	:read	[0 2 3 4 5 7 8 10 11 14 15 16 20 21 22 23 24 27 28 31 32 33 35 36 37 38 39 40 41 42 43 44 45 46 47 48 49 50 51 52]
2026-03-20 16:26:04,516{GMT}	INFO	[jepsen worker 0] jepsen.util: 0	:invoke	:read	nil
2026-03-20 16:26:04,517{GMT}	INFO	[jepsen worker 0] jepsen.util: 0	:ok	:read	[1 6 9 12 13 17 18 19 25 26 29 30 34 38 39 40 41 42 43 44 45 46 47 48 49 50 51 52]
2026-03-20 16:26:04,647{GMT}	INFO	[jepsen worker 0] jepsen.util: 0	:invoke	:broadcast	53
2026-03-20 16:26:04,648{GMT}	INFO	[jepsen worker 0] jepsen.util: 0	:ok	:broadcast	53
2026-03-20 16:26:04,800{GMT}	INFO	[jepsen worker 1] jepsen.util: 1	:invoke	:read	nil
2026-03-20 16:26:04,802{GMT}	INFO	[jepsen worker 1] jepsen.util: 1	:ok	:read	[0 2 3 4 5 7 8 10 11 14 15 16 20 21 22 23 24 27 28 31 32 33 35 36 37 38 39 40 41 42 43 44 45 46 47 48 49 50 51 52 53]
2026-03-20 16:26:04,999{GMT}	INFO	[jepsen worker 2] jepsen.util: 2	:invoke	:read	nil
2026-03-20 16:26:05,000{GMT}	INFO	[jepsen worker 2] jepsen.util: 2	:ok	:read	[0 2 3 4 5 7 8 10 11 14 15 16 20 21 22 23 24 27 28 31 32 33 35 36 37 38 39 40 41 42 43 44 45 46 47 48 49 50 51 52 53]
2026-03-20 16:26:05,055{GMT}	INFO	[jepsen worker 3] jepsen.util: 3	:invoke	:read	nil
2026-03-20 16:26:05,056{GMT}	INFO	[jepsen worker 3] jepsen.util: 3	:ok	:read	[0 2 3 4 5 7 8 10 11 14 15 16 20 21 22 23 24 27 28 31 32 33 35 36 37 38 39 40 41 42 43 44 45 46 47 48 49 50 51 52 53]
2026-03-20 16:26:05,106{GMT}	INFO	[jepsen worker 4] jepsen.util: 4	:invoke	:read	nil
2026-03-20 16:26:05,108{GMT}	INFO	[jepsen worker 4] jepsen.util: 4	:ok	:read	[0 2 3 4 5 7 8 10 11 14 15 16 20 21 22 23 24 27 28 31 32 33 35 36 37 38 39 40 41 42 43 44 45 46 47 48 49 50 51 52 53]
2026-03-20 16:26:05,117{GMT}	INFO	[jepsen worker 0] jepsen.util: 0	:invoke	:read	nil
2026-03-20 16:26:05,118{GMT}	INFO	[jepsen worker 0] jepsen.util: 0	:ok	:read	[1 6 9 12 13 17 18 19 25 26 29 30 34 38 39 40 41 42 43 44 45 46 47 48 49 50 51 52 53]
2026-03-20 16:26:05,196{GMT}	INFO	[jepsen worker 0] jepsen.util: 0	:invoke	:broadcast	54
2026-03-20 16:26:05,198{GMT}	INFO	[jepsen worker 0] jepsen.util: 0	:ok	:broadcast	54
2026-03-20 16:26:05,344{GMT}	INFO	[jepsen worker 1] jepsen.util: 1	:invoke	:broadcast	55
2026-03-20 16:26:05,345{GMT}	INFO	[jepsen worker 1] jepsen.util: 1	:ok	:broadcast	55
2026-03-20 16:26:05,424{GMT}	INFO	[jepsen worker 2] jepsen.util: 2	:invoke	:read	nil
2026-03-20 16:26:05,426{GMT}	INFO	[jepsen worker 2] jepsen.util: 2	:ok	:read	[0 2 3 4 5 7 8 10 11 14 15 16 20 21 22 23 24 27 28 31 32 33 35 36 37 38 39 40 41 42 43 44 45 46 47 48 49 50 51 52 53 54 55]
2026-03-20 16:26:05,618{GMT}	INFO	[jepsen worker 3] jepsen.util: 3	:invoke	:broadcast	56
2026-03-20 16:26:05,620{GMT}	INFO	[jepsen worker 3] jepsen.util: 3	:ok	:broadcast	56
2026-03-20 16:26:05,693{GMT}	INFO	[jepsen worker 4] jepsen.util: 4	:invoke	:read	nil
2026-03-20 16:26:05,694{GMT}	INFO	[jepsen worker 4] jepsen.util: 4	:ok	:read	[0 2 3 4 5 7 8 10 11 14 15 16 20 21 22 23 24 27 28 31 32 33 35 36 37 38 39 40 41 42 43 44 45 46 47 48 49 50 51 52 53 54 55 56]
2026-03-20 16:26:05,836{GMT}	INFO	[jepsen worker 0] jepsen.util: 0	:invoke	:broadcast	57
2026-03-20 16:26:05,837{GMT}	INFO	[jepsen worker 0] jepsen.util: 0	:ok	:broadcast	57
2026-03-20 16:26:05,936{GMT}	INFO	[jepsen worker 0] jepsen.util: 0	:invoke	:broadcast	58
2026-03-20 16:26:05,938{GMT}	INFO	[jepsen worker 0] jepsen.util: 0	:ok	:broadcast	58
2026-03-20 16:26:05,993{GMT}	INFO	[jepsen worker 1] jepsen.util: 1	:invoke	:read	nil
2026-03-20 16:26:05,995{GMT}	INFO	[jepsen worker 1] jepsen.util: 1	:ok	:read	[0 2 3 4 5 7 8 10 11 14 15 16 20 21 22 23 24 27 28 31 32 33 35 36 37 38 39 40 41 42 43 44 45 46 47 48 49 50 51 52 53 54 55 56 57 58]
2026-03-20 16:26:06,189{GMT}	INFO	[jepsen worker 2] jepsen.util: 2	:invoke	:broadcast	59
2026-03-20 16:26:06,190{GMT}	INFO	[jepsen worker 2] jepsen.util: 2	:ok	:broadcast	59
2026-03-20 16:26:06,372{GMT}	INFO	[jepsen worker 3] jepsen.util: 3	:invoke	:broadcast	60
2026-03-20 16:26:06,374{GMT}	INFO	[jepsen worker 3] jepsen.util: 3	:ok	:broadcast	60
2026-03-20 16:26:06,483{GMT}	INFO	[jepsen worker 4] jepsen.util: 4	:invoke	:broadcast	61
2026-03-20 16:26:06,485{GMT}	INFO	[jepsen worker 4] jepsen.util: 4	:ok	:broadcast	61
2026-03-20 16:26:06,489{GMT}	INFO	[jepsen worker 0] jepsen.util: 0	:invoke	:read	nil
2026-03-20 16:26:06,490{GMT}	INFO	[jepsen worker 0] jepsen.util: 0	:ok	:read	[1 6 9 12 13 17 18 19 25 26 29 30 34 38 39 40 41 42 43 44 45 46 47 48 49 50 51 52 53 54 55 56 57 58 59 60 61]
2026-03-20 16:26:06,627{GMT}	INFO	[jepsen worker 0] jepsen.util: 0	:invoke	:read	nil
2026-03-20 16:26:06,629{GMT}	INFO	[jepsen worker 0] jepsen.util: 0	:ok	:read	[1 6 9 12 13 17 18 19 25 26 29 30 34 38 39 40 41 42 43 44 45 46 47 48 49 50 51 52 53 54 55 56 57 58 59 60 61]
2026-03-20 16:26:06,797{GMT}	INFO	[jepsen worker 1] jepsen.util: 1	:invoke	:broadcast	62
2026-03-20 16:26:06,798{GMT}	INFO	[jepsen worker 1] jepsen.util: 1	:ok	:broadcast	62
2026-03-20 16:26:06,996{GMT}	INFO	[jepsen worker 2] jepsen.util: 2	:invoke	:read	nil
2026-03-20 16:26:06,997{GMT}	INFO	[jepsen worker 2] jepsen.util: 2	:ok	:read	[0 2 3 4 5 7 8 10 11 14 15 16 20 21 22 23 24 27 28 31 32 33 35 36 37 38 39 40 41 42 43 44 45 46 47 48 49 50 51 52 53 54 55 56 57 58 59 60 61 62]
2026-03-20 16:26:07,015{GMT}	INFO	[jepsen worker 3] jepsen.util: 3	:invoke	:read	nil
2026-03-20 16:26:07,016{GMT}	INFO	[jepsen worker 3] jepsen.util: 3	:ok	:read	[0 2 3 4 5 7 8 10 11 14 15 16 20 21 22 23 24 27 28 31 32 33 35 36 37 38 39 40 41 42 43 44 45 46 47 48 49 50 51 52 53 54 55 56 57 58 59 60 61 62]
2026-03-20 16:26:07,091{GMT}	INFO	[jepsen worker 4] jepsen.util: 4	:invoke	:read	nil
2026-03-20 16:26:07,092{GMT}	INFO	[jepsen worker 4] jepsen.util: 4	:ok	:read	[0 2 3 4 5 7 8 10 11 14 15 16 20 21 22 23 24 27 28 31 32 33 35 36 37 38 39 40 41 42 43 44 45 46 47 48 49 50 51 52 53 54 55 56 57 58 59 60 61 62]
2026-03-20 16:26:07,214{GMT}	INFO	[jepsen worker 0] jepsen.util: 0	:invoke	:read	nil
2026-03-20 16:26:07,216{GMT}	INFO	[jepsen worker 0] jepsen.util: 0	:ok	:read	[1 6 9 12 13 17 18 19 25 26 29 30 34 38 39 40 41 42 43 44 45 46 47 48 49 50 51 52 53 54 55 56 57 58 59 60 61 62]
2026-03-20 16:26:07,334{GMT}	INFO	[jepsen worker 0] jepsen.util: 0	:invoke	:read	nil
2026-03-20 16:26:07,335{GMT}	INFO	[jepsen worker 0] jepsen.util: 0	:ok	:read	[1 6 9 12 13 17 18 19 25 26 29 30 34 38 39 40 41 42 43 44 45 46 47 48 49 50 51 52 53 54 55 56 57 58 59 60 61 62]
2026-03-20 16:26:07,502{GMT}	INFO	[jepsen worker 1] jepsen.util: 1	:invoke	:broadcast	63
2026-03-20 16:26:07,503{GMT}	INFO	[jepsen worker 1] jepsen.util: 1	:ok	:broadcast	63
2026-03-20 16:26:07,624{GMT}	INFO	[jepsen worker 2] jepsen.util: 2	:invoke	:read	nil
2026-03-20 16:26:07,626{GMT}	INFO	[jepsen worker 2] jepsen.util: 2	:ok	:read	[0 2 3 4 5 7 8 10 11 14 15 16 20 21 22 23 24 27 28 31 32 33 35 36 37 38 39 40 41 42 43 44 45 46 47 48 49 50 51 52 53 54 55 56 57 58 59 60 61 62 63]
2026-03-20 16:26:07,747{GMT}	INFO	[jepsen worker 3] jepsen.util: 3	:invoke	:broadcast	64
2026-03-20 16:26:07,748{GMT}	INFO	[jepsen worker 3] jepsen.util: 3	:ok	:broadcast	64
2026-03-20 16:26:07,753{GMT}	INFO	[jepsen worker 4] jepsen.util: 4	:invoke	:broadcast	65
2026-03-20 16:26:07,754{GMT}	INFO	[jepsen worker 4] jepsen.util: 4	:ok	:broadcast	65
2026-03-20 16:26:07,823{GMT}	INFO	[jepsen worker 0] jepsen.util: 0	:invoke	:broadcast	66
2026-03-20 16:26:07,825{GMT}	INFO	[jepsen worker 0] jepsen.util: 0	:ok	:broadcast	66
2026-03-20 16:26:07,860{GMT}	INFO	[jepsen worker 0] jepsen.util: 0	:invoke	:read	nil
2026-03-20 16:26:07,861{GMT}	INFO	[jepsen worker 0] jepsen.util: 0	:ok	:read	[1 6 9 12 13 17 18 19 25 26 29 30 34 38 39 40 41 42 43 44 45 46 47 48 49 50 51 52 53 54 55 56 57 58 59 60 61 62 63 64 65 66]
2026-03-20 16:26:07,967{GMT}	INFO	[jepsen worker 1] jepsen.util: 1	:invoke	:broadcast	67
2026-03-20 16:26:07,968{GMT}	INFO	[jepsen worker 1] jepsen.util: 1	:ok	:broadcast	67
2026-03-20 16:26:08,007{GMT}	INFO	[jepsen worker 2] jepsen.util: 2	:invoke	:broadcast	68
2026-03-20 16:26:08,008{GMT}	INFO	[jepsen worker 2] jepsen.util: 2	:ok	:broadcast	68
2026-03-20 16:26:08,091{GMT}	INFO	[jepsen worker 3] jepsen.util: 3	:invoke	:broadcast	69
2026-03-20 16:26:08,092{GMT}	INFO	[jepsen worker 3] jepsen.util: 3	:ok	:broadcast	69
2026-03-20 16:26:08,237{GMT}	INFO	[jepsen worker 4] jepsen.util: 4	:invoke	:broadcast	70
2026-03-20 16:26:08,238{GMT}	INFO	[jepsen worker 4] jepsen.util: 4	:ok	:broadcast	70
2026-03-20 16:26:08,272{GMT}	INFO	[jepsen worker 0] jepsen.util: 0	:invoke	:broadcast	71
2026-03-20 16:26:08,273{GMT}	INFO	[jepsen worker 0] jepsen.util: 0	:ok	:broadcast	71
2026-03-20 16:26:08,381{GMT}	INFO	[jepsen worker 0] jepsen.util: 0	:invoke	:read	nil
2026-03-20 16:26:08,383{GMT}	INFO	[jepsen worker 0] jepsen.util: 0	:ok	:read	[1 6 9 12 13 17 18 19 25 26 29 30 34 38 39 40 41 42 43 44 45 46 47 48 49 50 51 52 53 54 55 56 57 58 59 60 61 62 63 64 65 66 67 68 69 70 71]
2026-03-20 16:26:08,562{GMT}	INFO	[jepsen worker 1] jepsen.util: 1	:invoke	:broadcast	72
2026-03-20 16:26:08,563{GMT}	INFO	[jepsen worker 1] jepsen.util: 1	:ok	:broadcast	72
2026-03-20 16:26:08,632{GMT}	INFO	[jepsen worker 2] jepsen.util: 2	:invoke	:broadcast	73
2026-03-20 16:26:08,633{GMT}	INFO	[jepsen worker 2] jepsen.util: 2	:ok	:broadcast	73
2026-03-20 16:26:08,674{GMT}	INFO	[jepsen worker 3] jepsen.util: 3	:invoke	:read	nil
2026-03-20 16:26:08,675{GMT}	INFO	[jepsen worker 3] jepsen.util: 3	:ok	:read	[0 2 3 4 5 7 8 10 11 14 15 16 20 21 22 23 24 27 28 31 32 33 35 36 37 38 39 40 41 42 43 44 45 46 47 48 49 50 51 52 53 54 55 56 57 58 59 60 61 62 63 64 65 66 67 68 69 70 71 72 73]
2026-03-20 16:26:08,680{GMT}	INFO	[jepsen worker 4] jepsen.util: 4	:invoke	:broadcast	74
2026-03-20 16:26:08,681{GMT}	INFO	[jepsen worker 4] jepsen.util: 4	:ok	:broadcast	74
2026-03-20 16:26:08,759{GMT}	INFO	[jepsen worker 0] jepsen.util: 0	:invoke	:read	nil
2026-03-20 16:26:08,760{GMT}	INFO	[jepsen worker 0] jepsen.util: 0	:ok	:read	[1 6 9 12 13 17 18 19 25 26 29 30 34 38 39 40 41 42 43 44 45 46 47 48 49 50 51 52 53 54 55 56 57 58 59 60 61 62 63 64 65 66 67 68 69 70 71 72 73 74]
2026-03-20 16:26:08,784{GMT}	INFO	[jepsen worker 0] jepsen.util: 0	:invoke	:read	nil
2026-03-20 16:26:08,785{GMT}	INFO	[jepsen worker 0] jepsen.util: 0	:ok	:read	[1 6 9 12 13 17 18 19 25 26 29 30 34 38 39 40 41 42 43 44 45 46 47 48 49 50 51 52 53 54 55 56 57 58 59 60 61 62 63 64 65 66 67 68 69 70 71 72 73 74]
2026-03-20 16:26:08,905{GMT}	INFO	[jepsen worker 1] jepsen.util: 1	:invoke	:read	nil
2026-03-20 16:26:08,907{GMT}	INFO	[jepsen worker 1] jepsen.util: 1	:ok	:read	[0 2 3 4 5 7 8 10 11 14 15 16 20 21 22 23 24 27 28 31 32 33 35 36 37 38 39 40 41 42 43 44 45 46 47 48 49 50 51 52 53 54 55 56 57 58 59 60 61 62 63 64 65 66 67 68 69 70 71 72 73 74]
2026-03-20 16:26:09,025{GMT}	INFO	[jepsen worker 2] jepsen.util: 2	:invoke	:read	nil
2026-03-20 16:26:09,026{GMT}	INFO	[jepsen worker 2] jepsen.util: 2	:ok	:read	[0 2 3 4 5 7 8 10 11 14 15 16 20 21 22 23 24 27 28 31 32 33 35 36 37 38 39 40 41 42 43 44 45 46 47 48 49 50 51 52 53 54 55 56 57 58 59 60 61 62 63 64 65 66 67 68 69 70 71 72 73 74]
2026-03-20 16:26:09,038{GMT}	INFO	[jepsen worker 3] jepsen.util: 3	:invoke	:read	nil
2026-03-20 16:26:09,039{GMT}	INFO	[jepsen worker 3] jepsen.util: 3	:ok	:read	[0 2 3 4 5 7 8 10 11 14 15 16 20 21 22 23 24 27 28 31 32 33 35 36 37 38 39 40 41 42 43 44 45 46 47 48 49 50 51 52 53 54 55 56 57 58 59 60 61 62 63 64 65 66 67 68 69 70 71 72 73 74]
2026-03-20 16:26:09,171{GMT}	INFO	[jepsen worker 4] jepsen.util: 4	:invoke	:broadcast	75
2026-03-20 16:26:09,172{GMT}	INFO	[jepsen worker 4] jepsen.util: 4	:ok	:broadcast	75
2026-03-20 16:26:09,321{GMT}	INFO	[jepsen worker 0] jepsen.util: 0	:invoke	:read	nil
2026-03-20 16:26:09,322{GMT}	INFO	[jepsen worker 0] jepsen.util: 0	:ok	:read	[1 6 9 12 13 17 18 19 25 26 29 30 34 38 39 40 41 42 43 44 45 46 47 48 49 50 51 52 53 54 55 56 57 58 59 60 61 62 63 64 65 66 67 68 69 70 71 72 73 74 75]
2026-03-20 16:26:09,331{GMT}	INFO	[jepsen worker 0] jepsen.util: 0	:invoke	:broadcast	76
2026-03-20 16:26:09,332{GMT}	INFO	[jepsen worker 0] jepsen.util: 0	:ok	:broadcast	76
2026-03-20 16:26:09,457{GMT}	INFO	[jepsen worker 1] jepsen.util: 1	:invoke	:broadcast	77
2026-03-20 16:26:09,459{GMT}	INFO	[jepsen worker 1] jepsen.util: 1	:ok	:broadcast	77
2026-03-20 16:26:09,503{GMT}	INFO	[jepsen worker 2] jepsen.util: 2	:invoke	:broadcast	78
2026-03-20 16:26:09,504{GMT}	INFO	[jepsen worker 2] jepsen.util: 2	:ok	:broadcast	78
2026-03-20 16:26:09,535{GMT}	INFO	[jepsen worker 3] jepsen.util: 3	:invoke	:read	nil
2026-03-20 16:26:09,537{GMT}	INFO	[jepsen worker 3] jepsen.util: 3	:ok	:read	[0 2 3 4 5 7 8 10 11 14 15 16 20 21 22 23 24 27 28 31 32 33 35 36 37 38 39 40 41 42 43 44 45 46 47 48 49 50 51 52 53 54 55 56 57 58 59 60 61 62 63 64 65 66 67 68 69 70 71 72 73 74 75 76 77 78]
2026-03-20 16:26:09,623{GMT}	INFO	[jepsen worker 4] jepsen.util: 4	:invoke	:read	nil
2026-03-20 16:26:09,624{GMT}	INFO	[jepsen worker 4] jepsen.util: 4	:ok	:read	[0 2 3 4 5 7 8 10 11 14 15 16 20 21 22 23 24 27 28 31 32 33 35 36 37 38 39 40 41 42 43 44 45 46 47 48 49 50 51 52 53 54 55 56 57 58 59 60 61 62 63 64 65 66 67 68 69 70 71 72 73 74 75 76 77 78]
2026-03-20 16:26:09,710{GMT}	INFO	[jepsen worker 0] jepsen.util: 0	:invoke	:broadcast	79
2026-03-20 16:26:09,712{GMT}	INFO	[jepsen worker 0] jepsen.util: 0	:ok	:broadcast	79
2026-03-20 16:26:09,876{GMT}	INFO	[jepsen worker 0] jepsen.util: 0	:invoke	:broadcast	80
2026-03-20 16:26:09,877{GMT}	INFO	[jepsen worker 0] jepsen.util: 0	:ok	:broadcast	80
2026-03-20 16:26:09,936{GMT}	INFO	[jepsen worker 1] jepsen.util: 1	:invoke	:read	nil
2026-03-20 16:26:09,937{GMT}	INFO	[jepsen worker 1] jepsen.util: 1	:ok	:read	[0 2 3 4 5 7 8 10 11 14 15 16 20 21 22 23 24 27 28 31 32 33 35 36 37 38 39 40 41 42 43 44 45 46 47 48 49 50 51 52 53 54 55 56 57 58 59 60 61 62 63 64 65 66 67 68 69 70 71 72 73 74 75 76 77 78 79 80]
2026-03-20 16:26:10,103{GMT}	INFO	[jepsen worker 2] jepsen.util: 2	:invoke	:read	nil
2026-03-20 16:26:10,105{GMT}	INFO	[jepsen worker 2] jepsen.util: 2	:ok	:read	[0 2 3 4 5 7 8 10 11 14 15 16 20 21 22 23 24 27 28 31 32 33 35 36 37 38 39 40 41 42 43 44 45 46 47 48 49 50 51 52 53 54 55 56 57 58 59 60 61 62 63 64 65 66 67 68 69 70 71 72 73 74 75 76 77 78 79 80]
2026-03-20 16:26:10,107{GMT}	INFO	[jepsen worker nemesis] jepsen.util: :nemesis	:info	:start-partition	:minority-third
2026-03-20 16:26:10,108{GMT}	INFO	[jepsen worker nemesis] jepsen.util: :nemesis	:info	:start-partition	[:isolated {"n1" #{"n2" "n4" "n0" "n3"}, "n2" #{"n1"}, "n4" #{"n1"}, "n0" #{"n1"}, "n3" #{"n1"}}]
2026-03-20 16:26:10,164{GMT}	INFO	[jepsen worker 4] jepsen.util: 4	:invoke	:broadcast	81
2026-03-20 16:26:10,165{GMT}	INFO	[jepsen worker 4] jepsen.util: 4	:ok	:broadcast	81
2026-03-20 16:26:10,318{GMT}	INFO	[jepsen worker 0] jepsen.util: 0	:invoke	:read	nil
2026-03-20 16:26:10,319{GMT}	INFO	[jepsen worker 0] jepsen.util: 0	:ok	:read	[1 6 9 12 13 17 18 19 25 26 29 30 34 38 39 40 41 42 43 44 45 46 47 48 49 50 51 52 53 54 55 56 57 58 59 60 61 62 63 64 65 66 67 68 69 70 71 72 73 74 75 76 77 78 79 80 81]
2026-03-20 16:26:10,324{GMT}	INFO	[jepsen worker 0] jepsen.util: 0	:invoke	:broadcast	82
2026-03-20 16:26:10,324{GMT}	INFO	[jepsen worker 0] jepsen.util: 0	:ok	:broadcast	82
2026-03-20 16:26:10,430{GMT}	INFO	[jepsen worker 1] jepsen.util: 1	:invoke	:broadcast	83
2026-03-20 16:26:10,431{GMT}	INFO	[jepsen worker 1] jepsen.util: 1	:ok	:broadcast	83
2026-03-20 16:26:10,484{GMT}	INFO	[jepsen worker 2] jepsen.util: 2	:invoke	:read	nil
2026-03-20 16:26:10,486{GMT}	INFO	[jepsen worker 2] jepsen.util: 2	:ok	:read	[0 2 3 4 5 7 8 10 11 14 15 16 20 21 22 23 24 27 28 31 32 33 35 36 37 38 39 40 41 42 43 44 45 46 47 48 49 50 51 52 53 54 55 56 57 58 59 60 61 62 63 64 65 66 67 68 69 70 71 72 73 74 75 76 77 78 79 80]
2026-03-20 16:26:10,669{GMT}	INFO	[jepsen worker 3] jepsen.util: 3	:invoke	:read	nil
2026-03-20 16:26:10,671{GMT}	INFO	[jepsen worker 3] jepsen.util: 3	:ok	:read	[0 2 3 4 5 7 8 10 11 14 15 16 20 21 22 23 24 27 28 31 32 33 35 36 37 38 39 40 41 42 43 44 45 46 47 48 49 50 51 52 53 54 55 56 57 58 59 60 61 62 63 64 65 66 67 68 69 70 71 72 73 74 75 76 77 78 79 80 81 82]
2026-03-20 16:26:10,755{GMT}	INFO	[jepsen worker 4] jepsen.util: 4	:invoke	:read	nil
2026-03-20 16:26:10,756{GMT}	INFO	[jepsen worker 4] jepsen.util: 4	:ok	:read	[0 2 3 4 5 7 8 10 11 14 15 16 20 21 22 23 24 27 28 31 32 33 35 36 37 38 39 40 41 42 43 44 45 46 47 48 49 50 51 52 53 54 55 56 57 58 59 60 61 62 63 64 65 66 67 68 69 70 71 72 73 74 75 76 77 78 79 80 81 82]
2026-03-20 16:26:10,879{GMT}	INFO	[jepsen worker 0] jepsen.util: 0	:invoke	:broadcast	84
2026-03-20 16:26:10,880{GMT}	INFO	[jepsen worker 0] jepsen.util: 0	:ok	:broadcast	84
2026-03-20 16:26:10,920{GMT}	INFO	[jepsen worker 0] jepsen.util: 0	:invoke	:broadcast	85
2026-03-20 16:26:10,921{GMT}	INFO	[jepsen worker 0] jepsen.util: 0	:ok	:broadcast	85
2026-03-20 16:26:10,924{GMT}	INFO	[jepsen worker 1] jepsen.util: 1	:invoke	:read	nil
2026-03-20 16:26:10,925{GMT}	INFO	[jepsen worker 1] jepsen.util: 1	:ok	:read	[0 2 3 4 5 7 8 10 11 14 15 16 20 21 22 23 24 27 28 31 32 33 35 36 37 38 39 40 41 42 43 44 45 46 47 48 49 50 51 52 53 54 55 56 57 58 59 60 61 62 63 64 65 66 67 68 69 70 71 72 73 74 75 76 77 78 79 80 83]
2026-03-20 16:26:10,986{GMT}	INFO	[jepsen worker 2] jepsen.util: 2	:invoke	:broadcast	86
2026-03-20 16:26:10,988{GMT}	INFO	[jepsen worker 2] jepsen.util: 2	:ok	:broadcast	86
2026-03-20 16:26:11,112{GMT}	INFO	[jepsen worker 3] jepsen.util: 3	:invoke	:broadcast	87
2026-03-20 16:26:11,114{GMT}	INFO	[jepsen worker 3] jepsen.util: 3	:ok	:broadcast	87
2026-03-20 16:26:11,196{GMT}	INFO	[jepsen worker 4] jepsen.util: 4	:invoke	:broadcast	88
2026-03-20 16:26:11,197{GMT}	INFO	[jepsen worker 4] jepsen.util: 4	:ok	:broadcast	88
2026-03-20 16:26:11,367{GMT}	INFO	[jepsen worker 0] jepsen.util: 0	:invoke	:read	nil
2026-03-20 16:26:11,369{GMT}	INFO	[jepsen worker 0] jepsen.util: 0	:ok	:read	[1 6 9 12 13 17 18 19 25 26 29 30 34 38 39 40 41 42 43 44 45 46 47 48 49 50 51 52 53 54 55 56 57 58 59 60 61 62 63 64 65 66 67 68 69 70 71 72 73 74 75 76 77 78 79 80 81 82 84 85 87 88]
2026-03-20 16:26:11,558{GMT}	INFO	[jepsen worker 0] jepsen.util: 0	:invoke	:read	nil
2026-03-20 16:26:11,560{GMT}	INFO	[jepsen worker 0] jepsen.util: 0	:ok	:read	[1 6 9 12 13 17 18 19 25 26 29 30 34 38 39 40 41 42 43 44 45 46 47 48 49 50 51 52 53 54 55 56 57 58 59 60 61 62 63 64 65 66 67 68 69 70 71 72 73 74 75 76 77 78 79 80 81 82 84 85 87 88]
2026-03-20 16:26:11,721{GMT}	INFO	[jepsen worker 1] jepsen.util: 1	:invoke	:read	nil
2026-03-20 16:26:11,722{GMT}	INFO	[jepsen worker 1] jepsen.util: 1	:ok	:read	[0 2 3 4 5 7 8 10 11 14 15 16 20 21 22 23 24 27 28 31 32 33 35 36 37 38 39 40 41 42 43 44 45 46 47 48 49 50 51 52 53 54 55 56 57 58 59 60 61 62 63 64 65 66 67 68 69 70 71 72 73 74 75 76 77 78 79 80 83]
2026-03-20 16:26:11,833{GMT}	INFO	[jepsen worker 2] jepsen.util: 2	:invoke	:broadcast	89
2026-03-20 16:26:11,834{GMT}	INFO	[jepsen worker 2] jepsen.util: 2	:ok	:broadcast	89
2026-03-20 16:26:11,885{GMT}	INFO	[jepsen worker 3] jepsen.util: 3	:invoke	:read	nil
2026-03-20 16:26:11,886{GMT}	INFO	[jepsen worker 3] jepsen.util: 3	:ok	:read	[0 2 3 4 5 7 8 10 11 14 15 16 20 21 22 23 24 27 28 31 32 33 35 36 37 38 39 40 41 42 43 44 45 46 47 48 49 50 51 52 53 54 55 56 57 58 59 60 61 62 63 64 65 66 67 68 69 70 71 72 73 74 75 76 77 78 79 80 81 82 84 85 87 88]
2026-03-20 16:26:12,010{GMT}	INFO	[jepsen worker 4] jepsen.util: 4	:invoke	:broadcast	90
2026-03-20 16:26:12,012{GMT}	INFO	[jepsen worker 4] jepsen.util: 4	:ok	:broadcast	90
2026-03-20 16:26:12,077{GMT}	INFO	[jepsen worker 0] jepsen.util: 0	:invoke	:read	nil
2026-03-20 16:26:12,079{GMT}	INFO	[jepsen worker 0] jepsen.util: 0	:ok	:read	[1 6 9 12 13 17 18 19 25 26 29 30 34 38 39 40 41 42 43 44 45 46 47 48 49 50 51 52 53 54 55 56 57 58 59 60 61 62 63 64 65 66 67 68 69 70 71 72 73 74 75 76 77 78 79 80 81 82 84 85 87 88 90]
2026-03-20 16:26:12,154{GMT}	INFO	[jepsen worker 0] jepsen.util: 0	:invoke	:read	nil
2026-03-20 16:26:12,156{GMT}	INFO	[jepsen worker 0] jepsen.util: 0	:ok	:read	[1 6 9 12 13 17 18 19 25 26 29 30 34 38 39 40 41 42 43 44 45 46 47 48 49 50 51 52 53 54 55 56 57 58 59 60 61 62 63 64 65 66 67 68 69 70 71 72 73 74 75 76 77 78 79 80 81 82 84 85 87 88 90]
2026-03-20 16:26:12,328{GMT}	INFO	[jepsen worker 1] jepsen.util: 1	:invoke	:read	nil
2026-03-20 16:26:12,329{GMT}	INFO	[jepsen worker 1] jepsen.util: 1	:ok	:read	[0 2 3 4 5 7 8 10 11 14 15 16 20 21 22 23 24 27 28 31 32 33 35 36 37 38 39 40 41 42 43 44 45 46 47 48 49 50 51 52 53 54 55 56 57 58 59 60 61 62 63 64 65 66 67 68 69 70 71 72 73 74 75 76 77 78 79 80 83]
2026-03-20 16:26:12,452{GMT}	INFO	[jepsen worker 2] jepsen.util: 2	:invoke	:broadcast	91
2026-03-20 16:26:12,453{GMT}	INFO	[jepsen worker 2] jepsen.util: 2	:ok	:broadcast	91
2026-03-20 16:26:12,562{GMT}	INFO	[jepsen worker 3] jepsen.util: 3	:invoke	:read	nil
2026-03-20 16:26:12,564{GMT}	INFO	[jepsen worker 3] jepsen.util: 3	:ok	:read	[0 2 3 4 5 7 8 10 11 14 15 16 20 21 22 23 24 27 28 31 32 33 35 36 37 38 39 40 41 42 43 44 45 46 47 48 49 50 51 52 53 54 55 56 57 58 59 60 61 62 63 64 65 66 67 68 69 70 71 72 73 74 75 76 77 78 79 80 81 82 84 85 87 88 90]
2026-03-20 16:26:12,739{GMT}	INFO	[jepsen worker 4] jepsen.util: 4	:invoke	:broadcast	92
2026-03-20 16:26:12,741{GMT}	INFO	[jepsen worker 4] jepsen.util: 4	:ok	:broadcast	92
2026-03-20 16:26:12,780{GMT}	INFO	[jepsen worker 0] jepsen.util: 0	:invoke	:read	nil
2026-03-20 16:26:12,781{GMT}	INFO	[jepsen worker 0] jepsen.util: 0	:ok	:read	[1 6 9 12 13 17 18 19 25 26 29 30 34 38 39 40 41 42 43 44 45 46 47 48 49 50 51 52 53 54 55 56 57 58 59 60 61 62 63 64 65 66 67 68 69 70 71 72 73 74 75 76 77 78 79 80 81 82 84 85 87 88 90 92]
2026-03-20 16:26:12,853{GMT}	INFO	[jepsen worker 0] jepsen.util: 0	:invoke	:read	nil
2026-03-20 16:26:12,854{GMT}	INFO	[jepsen worker 0] jepsen.util: 0	:ok	:read	[1 6 9 12 13 17 18 19 25 26 29 30 34 38 39 40 41 42 43 44 45 46 47 48 49 50 51 52 53 54 55 56 57 58 59 60 61 62 63 64 65 66 67 68 69 70 71 72 73 74 75 76 77 78 79 80 81 82 84 85 87 88 90 92]
2026-03-20 16:26:12,864{GMT}	INFO	[jepsen worker 1] jepsen.util: 1	:invoke	:read	nil
2026-03-20 16:26:12,865{GMT}	INFO	[jepsen worker 1] jepsen.util: 1	:ok	:read	[0 2 3 4 5 7 8 10 11 14 15 16 20 21 22 23 24 27 28 31 32 33 35 36 37 38 39 40 41 42 43 44 45 46 47 48 49 50 51 52 53 54 55 56 57 58 59 60 61 62 63 64 65 66 67 68 69 70 71 72 73 74 75 76 77 78 79 80 83]
2026-03-20 16:26:12,874{GMT}	INFO	[jepsen worker 2] jepsen.util: 2	:invoke	:broadcast	93
2026-03-20 16:26:12,876{GMT}	INFO	[jepsen worker 2] jepsen.util: 2	:ok	:broadcast	93
2026-03-20 16:26:13,058{GMT}	INFO	[jepsen worker 3] jepsen.util: 3	:invoke	:broadcast	94
2026-03-20 16:26:13,059{GMT}	INFO	[jepsen worker 3] jepsen.util: 3	:ok	:broadcast	94
2026-03-20 16:26:13,133{GMT}	INFO	[jepsen worker 4] jepsen.util: 4	:invoke	:read	nil
2026-03-20 16:26:13,134{GMT}	INFO	[jepsen worker 4] jepsen.util: 4	:ok	:read	[0 2 3 4 5 7 8 10 11 14 15 16 20 21 22 23 24 27 28 31 32 33 35 36 37 38 39 40 41 42 43 44 45 46 47 48 49 50 51 52 53 54 55 56 57 58 59 60 61 62 63 64 65 66 67 68 69 70 71 72 73 74 75 76 77 78 79 80 81 82 84 85 87 88 90 92 94]
2026-03-20 16:26:13,262{GMT}	INFO	[jepsen worker 0] jepsen.util: 0	:invoke	:broadcast	95
2026-03-20 16:26:13,263{GMT}	INFO	[jepsen worker 0] jepsen.util: 0	:ok	:broadcast	95
2026-03-20 16:26:13,298{GMT}	INFO	[jepsen worker 0] jepsen.util: 0	:invoke	:read	nil
2026-03-20 16:26:13,299{GMT}	INFO	[jepsen worker 0] jepsen.util: 0	:ok	:read	[1 6 9 12 13 17 18 19 25 26 29 30 34 38 39 40 41 42 43 44 45 46 47 48 49 50 51 52 53 54 55 56 57 58 59 60 61 62 63 64 65 66 67 68 69 70 71 72 73 74 75 76 77 78 79 80 81 82 84 85 87 88 90 92 94 95]
2026-03-20 16:26:13,322{GMT}	INFO	[jepsen worker 1] jepsen.util: 1	:invoke	:read	nil
2026-03-20 16:26:13,323{GMT}	INFO	[jepsen worker 1] jepsen.util: 1	:ok	:read	[0 2 3 4 5 7 8 10 11 14 15 16 20 21 22 23 24 27 28 31 32 33 35 36 37 38 39 40 41 42 43 44 45 46 47 48 49 50 51 52 53 54 55 56 57 58 59 60 61 62 63 64 65 66 67 68 69 70 71 72 73 74 75 76 77 78 79 80 83]
2026-03-20 16:26:13,458{GMT}	INFO	[jepsen worker 2] jepsen.util: 2	:invoke	:read	nil
2026-03-20 16:26:13,459{GMT}	INFO	[jepsen worker 2] jepsen.util: 2	:ok	:read	[0 2 3 4 5 7 8 10 11 14 15 16 20 21 22 23 24 27 28 31 32 33 35 36 37 38 39 40 41 42 43 44 45 46 47 48 49 50 51 52 53 54 55 56 57 58 59 60 61 62 63 64 65 66 67 68 69 70 71 72 73 74 75 76 77 78 79 80 86 89 91 93]
2026-03-20 16:26:13,545{GMT}	INFO	[jepsen worker 3] jepsen.util: 3	:invoke	:broadcast	96
2026-03-20 16:26:13,546{GMT}	INFO	[jepsen worker 3] jepsen.util: 3	:ok	:broadcast	96
2026-03-20 16:26:13,552{GMT}	INFO	[jepsen worker 4] jepsen.util: 4	:invoke	:broadcast	97
2026-03-20 16:26:13,553{GMT}	INFO	[jepsen worker 4] jepsen.util: 4	:ok	:broadcast	97
2026-03-20 16:26:13,685{GMT}	INFO	[jepsen worker 0] jepsen.util: 0	:invoke	:read	nil
2026-03-20 16:26:13,686{GMT}	INFO	[jepsen worker 0] jepsen.util: 0	:ok	:read	[1 6 9 12 13 17 18 19 25 26 29 30 34 38 39 40 41 42 43 44 45 46 47 48 49 50 51 52 53 54 55 56 57 58 59 60 61 62 63 64 65 66 67 68 69 70 71 72 73 74 75 76 77 78 79 80 81 82 84 85 87 88 90 92 94 95 96 97]
2026-03-20 16:26:13,721{GMT}	INFO	[jepsen worker 0] jepsen.util: 0	:invoke	:read	nil
2026-03-20 16:26:13,722{GMT}	INFO	[jepsen worker 0] jepsen.util: 0	:ok	:read	[1 6 9 12 13 17 18 19 25 26 29 30 34 38 39 40 41 42 43 44 45 46 47 48 49 50 51 52 53 54 55 56 57 58 59 60 61 62 63 64 65 66 67 68 69 70 71 72 73 74 75 76 77 78 79 80 81 82 84 85 87 88 90 92 94 95 96 97]
2026-03-20 16:26:13,868{GMT}	INFO	[jepsen worker 1] jepsen.util: 1	:invoke	:broadcast	98
2026-03-20 16:26:13,869{GMT}	INFO	[jepsen worker 1] jepsen.util: 1	:ok	:broadcast	98
2026-03-20 16:26:14,011{GMT}	INFO	[jepsen worker 2] jepsen.util: 2	:invoke	:read	nil
2026-03-20 16:26:14,013{GMT}	INFO	[jepsen worker 2] jepsen.util: 2	:ok	:read	[0 2 3 4 5 7 8 10 11 14 15 16 20 21 22 23 24 27 28 31 32 33 35 36 37 38 39 40 41 42 43 44 45 46 47 48 49 50 51 52 53 54 55 56 57 58 59 60 61 62 63 64 65 66 67 68 69 70 71 72 73 74 75 76 77 78 79 80 86 89 91 93]
2026-03-20 16:26:14,016{GMT}	INFO	[jepsen worker 3] jepsen.util: 3	:invoke	:broadcast	99
2026-03-20 16:26:14,017{GMT}	INFO	[jepsen worker 3] jepsen.util: 3	:ok	:broadcast	99
2026-03-20 16:26:14,166{GMT}	INFO	[jepsen worker 4] jepsen.util: 4	:invoke	:broadcast	100
2026-03-20 16:26:14,166{GMT}	INFO	[jepsen worker 0] jepsen.util: 0	:invoke	:read	nil
2026-03-20 16:26:14,167{GMT}	INFO	[jepsen worker 4] jepsen.util: 4	:ok	:broadcast	100
2026-03-20 16:26:14,167{GMT}	INFO	[jepsen worker 0] jepsen.util: 0	:ok	:read	[1 6 9 12 13 17 18 19 25 26 29 30 34 38 39 40 41 42 43 44 45 46 47 48 49 50 51 52 53 54 55 56 57 58 59 60 61 62 63 64 65 66 67 68 69 70 71 72 73 74 75 76 77 78 79 80 81 82 84 85 87 88 90 92 94 95 96 97 99]
2026-03-20 16:26:14,225{GMT}	INFO	[jepsen worker 0] jepsen.util: 0	:invoke	:broadcast	101
2026-03-20 16:26:14,226{GMT}	INFO	[jepsen worker 0] jepsen.util: 0	:ok	:broadcast	101
2026-03-20 16:26:14,322{GMT}	INFO	[jepsen worker 1] jepsen.util: 1	:invoke	:read	nil
2026-03-20 16:26:14,324{GMT}	INFO	[jepsen worker 1] jepsen.util: 1	:ok	:read	[0 2 3 4 5 7 8 10 11 14 15 16 20 21 22 23 24 27 28 31 32 33 35 36 37 38 39 40 41 42 43 44 45 46 47 48 49 50 51 52 53 54 55 56 57 58 59 60 61 62 63 64 65 66 67 68 69 70 71 72 73 74 75 76 77 78 79 80 83 98]
2026-03-20 16:26:14,480{GMT}	INFO	[jepsen worker 2] jepsen.util: 2	:invoke	:broadcast	102
2026-03-20 16:26:14,481{GMT}	INFO	[jepsen worker 2] jepsen.util: 2	:ok	:broadcast	102
2026-03-20 16:26:14,546{GMT}	INFO	[jepsen worker 3] jepsen.util: 3	:invoke	:broadcast	103
2026-03-20 16:26:14,548{GMT}	INFO	[jepsen worker 3] jepsen.util: 3	:ok	:broadcast	103
2026-03-20 16:26:14,694{GMT}	INFO	[jepsen worker 4] jepsen.util: 4	:invoke	:read	nil
2026-03-20 16:26:14,696{GMT}	INFO	[jepsen worker 4] jepsen.util: 4	:ok	:read	[0 2 3 4 5 7 8 10 11 14 15 16 20 21 22 23 24 27 28 31 32 33 35 36 37 38 39 40 41 42 43 44 45 46 47 48 49 50 51 52 53 54 55 56 57 58 59 60 61 62 63 64 65 66 67 68 69 70 71 72 73 74 75 76 77 78 79 80 81 82 84 85 87 88 90 92 94 95 96 97 99 100 101 103]
2026-03-20 16:26:14,847{GMT}	INFO	[jepsen worker 0] jepsen.util: 0	:invoke	:broadcast	104
2026-03-20 16:26:14,848{GMT}	INFO	[jepsen worker 0] jepsen.util: 0	:ok	:broadcast	104
2026-03-20 16:26:14,849{GMT}	INFO	[jepsen worker nemesis] jepsen.util: :nemesis	:info	:stop-partition	nil
2026-03-20 16:26:14,849{GMT}	INFO	[jepsen worker nemesis] jepsen.util: :nemesis	:info	:stop-partition	:network-healed
2026-03-20 16:26:14,850{GMT}	INFO	[jepsen worker 1] jepsen.generator.interpreter: Waiting for recovery...
2026-03-20 16:26:24,852{GMT}	INFO	[jepsen worker 3] jepsen.util: 3	:invoke	:read	nil
2026-03-20 16:26:24,852{GMT}	INFO	[jepsen worker 4] jepsen.util: 4	:invoke	:read	nil
2026-03-20 16:26:24,852{GMT}	INFO	[jepsen worker 2] jepsen.util: 2	:invoke	:read	nil
2026-03-20 16:26:24,852{GMT}	INFO	[jepsen worker 0] jepsen.util: 0	:invoke	:read	nil
2026-03-20 16:26:24,853{GMT}	INFO	[jepsen worker 1] jepsen.util: 1	:invoke	:read	nil
2026-03-20 16:26:24,853{GMT}	INFO	[jepsen worker 4] jepsen.util: 4	:ok	:read	[0 2 3 4 5 7 8 10 11 14 15 16 20 21 22 23 24 27 28 31 32 33 35 36 37 38 39 40 41 42 43 44 45 46 47 48 49 50 51 52 53 54 55 56 57 58 59 60 61 62 63 64 65 66 67 68 69 70 71 72 73 74 75 76 77 78 79 80 81 82 84 85 87 88 90 92 94 95 96 97 99 100 101 103 104]
2026-03-20 16:26:24,853{GMT}	INFO	[jepsen worker 2] jepsen.util: 2	:ok	:read	[0 2 3 4 5 7 8 10 11 14 15 16 20 21 22 23 24 27 28 31 32 33 35 36 37 38 39 40 41 42 43 44 45 46 47 48 49 50 51 52 53 54 55 56 57 58 59 60 61 62 63 64 65 66 67 68 69 70 71 72 73 74 75 76 77 78 79 80 86 89 91 93 102 104]
2026-03-20 16:26:24,854{GMT}	INFO	[jepsen worker 3] jepsen.util: 3	:ok	:read	[0 2 3 4 5 7 8 10 11 14 15 16 20 21 22 23 24 27 28 31 32 33 35 36 37 38 39 40 41 42 43 44 45 46 47 48 49 50 51 52 53 54 55 56 57 58 59 60 61 62 63 64 65 66 67 68 69 70 71 72 73 74 75 76 77 78 79 80 81 82 84 85 87 88 90 92 94 95 96 97 99 100 101 103 104]
2026-03-20 16:26:24,854{GMT}	INFO	[jepsen worker 1] jepsen.util: 1	:ok	:read	[0 2 3 4 5 7 8 10 11 14 15 16 20 21 22 23 24 27 28 31 32 33 35 36 37 38 39 40 41 42 43 44 45 46 47 48 49 50 51 52 53 54 55 56 57 58 59 60 61 62 63 64 65 66 67 68 69 70 71 72 73 74 75 76 77 78 79 80 83 98 104]
2026-03-20 16:26:24,854{GMT}	INFO	[jepsen worker 0] jepsen.util: 0	:ok	:read	[1 6 9 12 13 17 18 19 25 26 29 30 34 38 39 40 41 42 43 44 45 46 47 48 49 50 51 52 53 54 55 56 57 58 59 60 61 62 63 64 65 66 67 68 69 70 71 72 73 74 75 76 77 78 79 80 81 82 84 85 87 88 90 92 94 95 96 97 99 100 101 103 104]
2026-03-20 16:26:24,873{GMT}	INFO	[jepsen test runner] jepsen.core: Run complete, writing
2026-03-20 16:26:24,924{GMT}	INFO	[jepsen node n1] maelstrom.db: Tearing down n1
2026-03-20 16:26:24,924{GMT}	INFO	[jepsen node n0] maelstrom.db: Tearing down n0
2026-03-20 16:26:24,924{GMT}	INFO	[jepsen node n3] maelstrom.db: Tearing down n3
2026-03-20 16:26:24,924{GMT}	INFO	[jepsen node n4] maelstrom.db: Tearing down n4
2026-03-20 16:26:24,925{GMT}	INFO	[jepsen node n2] maelstrom.db: Tearing down n2
2026-03-20 16:26:26,397{GMT}	INFO	[jepsen node n0] maelstrom.net: Shutting down Maelstrom network
2026-03-20 16:26:26,398{GMT}	INFO	[jepsen test runner] jepsen.core: Analyzing...
2026-03-20 16:26:26,714{GMT}	INFO	[jepsen test runner] jepsen.core: Analysis complete
2026-03-20 16:26:26,747{GMT}	INFO	[jepsen results] jepsen.store: Wrote /home/banna/Documents/maelstrom-java/store/broadcast/20260320T162552.296Z/results.edn
2026-03-20 16:26:26,772{GMT}	INFO	[jepsen test runner] jepsen.core: {:perf {:latency-graph {:valid? true},
        :rate-graph {:valid? true},
        :valid? true},
 :timeline {:valid? true},
 :exceptions {:valid? true},
 :stats {:valid? true,
         :count 218,
         :ok-count 218,
         :fail-count 0,
         :info-count 0,
         :by-f {:broadcast {:valid? true,
                            :count 105,
                            :ok-count 105,
                            :fail-count 0,
                            :info-count 0},
                :read {:valid? true,
                       :count 113,
                       :ok-count 113,
                       :fail-count 0,
                       :info-count 0}}},
 :availability {:valid? true, :ok-fraction 1.0},
 :net {:all {:send-count 1512,
             :recv-count 1392,
             :msg-count 1512,
             :msgs-per-op 6.93578},
       :clients {:send-count 456, :recv-count 456, :msg-count 456},
       :servers {:send-count 1056,
                 :recv-count 936,
                 :msg-count 1056,
                 :msgs-per-op 4.8440366},
       :valid? true},
 :workload {:worst-stale ({:element 0,
                           :outcome :stable,
                           :stable-latency 29924,
                           :lost-latency nil,
                           :known #jepsen.history.Op{:index 5,
                                                     :time 110756038,
                                                     :type :ok,
                                                     :process 2,
                                                     :f :add,
                                                     :value 0},
                           :last-absent #jepsen.history.Op{:index 437,
                                                           :time 30034837767,
                                                           :type :invoke,
                                                           :process 0,
                                                           :f :read,
                                                           :value nil,
                                                           :final? true}}
                          {:element 2,
                           :outcome :stable,
                           :stable-latency 29402,
                           :lost-latency nil,
                           :known #jepsen.history.Op{:index 15,
                                                     :time 632613793,
                                                     :type :ok,
                                                     :process 1,
                                                     :f :add,
                                                     :value 2},
                           :last-absent #jepsen.history.Op{:index 437,
                                                           :time 30034837767,
                                                           :type :invoke,
                                                           :process 0,
                                                           :f :read,
                                                           :value nil,
                                                           :final? true}}
                          {:element 3,
                           :outcome :stable,
                           :stable-latency 29365,
                           :lost-latency nil,
                           :known #jepsen.history.Op{:index 17,
                                                     :time 668901792,
                                                     :type :ok,
                                                     :process 2,
                                                     :f :add,
                                                     :value 3},
                           :last-absent #jepsen.history.Op{:index 437,
                                                           :time 30034837767,
                                                           :type :invoke,
                                                           :process 0,
                                                           :f :read,
                                                           :value nil,
                                                           :final? true}}
                          {:element 4,
                           :outcome :stable,
                           :stable-latency 29300,
                           :lost-latency nil,
                           :known #jepsen.history.Op{:index 19,
                                                     :time 734621762,
                                                     :type :ok,
                                                     :process 3,
                                                     :f :add,
                                                     :value 4},
                           :last-absent #jepsen.history.Op{:index 437,
                                                           :time 30034837767,
                                                           :type :invoke,
                                                           :process 0,
                                                           :f :read,
                                                           :value nil,
                                                           :final? true}}
                          {:element 5,
                           :outcome :stable,
                           :stable-latency 29233,
                           :lost-latency nil,
                           :known #jepsen.history.Op{:index 21,
                                                     :time 801049333,
                                                     :type :ok,
                                                     :process 4,
                                                     :f :add,
                                                     :value 5},
                           :last-absent #jepsen.history.Op{:index 437,
                                                           :time 30034837767,
                                                           :type :invoke,
                                                           :process 0,
                                                           :f :read,
                                                           :value nil,
                                                           :final? true}}
                          {:element 7,
                           :outcome :stable,
                           :stable-latency 28985,
                           :lost-latency nil,
                           :known #jepsen.history.Op{:index 27,
                                                     :time 1049564128,
                                                     :type :ok,
                                                     :process 1,
                                                     :f :add,
                                                     :value 7},
                           :last-absent #jepsen.history.Op{:index 437,
                                                           :time 30034837767,
                                                           :type :invoke,
                                                           :process 0,
                                                           :f :read,
                                                           :value nil,
                                                           :final? true}}
                          {:element 8,
                           :outcome :stable,
                           :stable-latency 28805,
                           :lost-latency nil,
                           :known #jepsen.history.Op{:index 29,
                                                     :time 1229830954,
                                                     :type :ok,
                                                     :process 2,
                                                     :f :add,
                                                     :value 8},
                           :last-absent #jepsen.history.Op{:index 437,
                                                           :time 30034837767,
                                                           :type :invoke,
                                                           :process 0,
                                                           :f :read,
                                                           :value nil,
                                                           :final? true}}
                          {:element 10,
                           :outcome :stable,
                           :stable-latency 28242,
                           :lost-latency nil,
                           :known #jepsen.history.Op{:index 45,
                                                     :time 1792454756,
                                                     :type :ok,
                                                     :process 4,
                                                     :f :add,
                                                     :value 10},
                           :last-absent #jepsen.history.Op{:index 437,
                                                           :time 30034837767,
                                                           :type :invoke,
                                                           :process 0,
                                                           :f :read,
                                                           :value nil,
                                                           :final? true}}),
            :duplicated-count 0,
            :valid? false,
            :lost-count 34,
            :lost (1
                   6
                   9
                   12
                   13
                   17
                   18
                   19
                   25
                   26
                   29
                   30
                   34
                   81
                   82
                   84
                   85
                   86
                   87
                   88
                   89
                   90
                   91
                   92
                   93
                   94
                   95
                   96
                   97
                   99
                   100
                   101
                   102
                   103),
            :stable-count 71,
            :stale-count 27,
            :stale (0
                    2
                    3
                    4
                    5
                    7
                    8
                    10
                    11
                    14
                    15
                    16
                    20
                    21
                    22
                    23
                    24
                    27
                    28
                    31
                    32
                    33
                    35
                    36
                    37
                    83
                    98),
            :never-read-count 0,
            :stable-latencies {0 0,
                               0.5 0,
                               0.95 29300,
                               0.99 29924,
                               1 29924},
            :attempt-count 105,
            :lost-latencies {0 10304,
                             0.5 13930,
                             0.95 29176,
                             0.99 29581,
                             1 29581},
            :never-read (),
            :duplicated {}},
 :valid? false}


Analysis invalid! (ﾉಥ益ಥ）ﾉ ┻━┻
