2026-03-20 15:43:27,506{GMT}	INFO	[jepsen test runner] jepsen.core: Command line:
lein run test -w broadcast --bin run.sh broadcast --node-count 5 --time-limit 20 --rate 10
2026-03-20 15:43:27,586{GMT}	INFO	[jepsen test runner] jepsen.core: Running test:
{:args ["broadcast"]
 :remote
 #jepsen.control.retry.Remote{:remote #jepsen.control.scp.Remote{:cmd-remote #jepsen.control.sshj.SSHJRemote{:concurrency-limit 6,
                                                                                                             :conn-spec nil,
                                                                                                             :client nil,
                                                                                                             :semaphore nil},
                                                                 :conn-spec nil},
                              :conn nil}
 :log-net-send false
 :node-count 5
 :availability nil
 :max-txn-length 4
 :concurrency 5
 :db
 #object[maelstrom.db$db$reify__16142
         "0x3938e876"
         "maelstrom.db$db$reify__16142@3938e876"]
 :max-writes-per-key 16
 :leave-db-running? false
 :name "broadcast"
 :logging-json? false
 :start-time
 #object[org.joda.time.DateTime "0x70b2819f" "2026-03-20T15:43:27.484Z"]
 :nemesis-interval 10
 :net
 #object[maelstrom.net$jepsen_net$reify__15251
         "0x65dac812"
         "maelstrom.net$jepsen_net$reify__15251@65dac812"]
 :client
 #object[maelstrom.workload.broadcast$client$reify__16644
         "0x3619ecd"
         "maelstrom.workload.broadcast$client$reify__16644@3619ecd"]
 :barrier
 #object[java.util.concurrent.CyclicBarrier
         "0x7de4bd8f"
         "java.util.concurrent.CyclicBarrier@7de4bd8f"]
 :log-stderr false
 :pure-generators true
 :ssh {:dummy? true}
 :rate 10.0
 :checker
 #object[jepsen.checker$compose$reify__11881
         "0x193e65d5"
         "jepsen.checker$compose$reify__11881@193e65d5"]
 :argv
 ("test"
  "-w"
  "broadcast"
  "--bin"
  "run.sh"
  "broadcast"
  "--node-count"
  "5"
  "--time-limit"
  "20"
  "--rate"
  "10")
 :nemesis
 (jepsen.nemesis.ReflCompose
  {:fm {:start-partition 0,
        :stop-partition 0,
        :kill 1,
        :start 1,
        :pause 1,
        :resume 1},
   :nemeses [#unprintable "jepsen.nemesis.combined$partition_nemesis$reify__16416@2a97b4b8"
             #unprintable "jepsen.nemesis.combined$db_nemesis$reify__16397@250fc0d1"]})
 :nodes ["n0" "n1" "n2" "n3" "n4"]
 :test-count 1
 :latency {:mean 0, :dist :constant}
 :bin "run.sh"
 :generator
 ((jepsen.generator.Synchronize
   {:gen (jepsen.generator.TimeLimit
          {:limit 20000000000,
           :cutoff nil,
           :gen (jepsen.generator.Any
                 {:gens [(jepsen.generator.OnThreads
                          {:f #{:nemesis},
                           :context-filter #object[jepsen.generator.context$make_thread_filter$lazy_filter__9167
                                                   "0x37d43b9b"
                                                   "jepsen.generator.context$make_thread_filter$lazy_filter__9167@37d43b9b"],
                           :gen nil})
                         (jepsen.generator.OnThreads
                          {:f #jepsen.generator.context.AllBut{:element :nemesis},
                           :context-filter #object[jepsen.generator.context$make_thread_filter$lazy_filter__9167
                                                   "0x28ba90c1"
                                                   "jepsen.generator.context$make_thread_filter$lazy_filter__9167@28ba90c1"],
                           :gen (jepsen.generator.Stagger
                                 {:dt 200000000,
                                  :next-time nil,
                                  :gen (jepsen.generator.Mix
                                        {:i 0,
                                         :gens [({:f :broadcast, :value 0}
                                                 {:f :broadcast, :value 1}
                                                 {:f :broadcast, :value 2}
                                                 {:f :broadcast, :value 3}
                                                 {:f :broadcast, :value 4}
                                                 {:f :broadcast, :value 5}
                                                 {:f :broadcast, :value 6}
                                                 {:f :broadcast, :value 7}
                                                 ...)
                                                ({:f :read}
                                                 {:f :read}
                                                 {:f :read}
                                                 {:f :read}
                                                 {:f :read}
                                                 {:f :read}
                                                 {:f :read}
                                                 {:f :read}
                                                 ...)]})})})]})})})
  (jepsen.generator.Synchronize
   {:gen (jepsen.generator.OnThreads
          {:f #{:nemesis},
           :context-filter #object[jepsen.generator.context$make_thread_filter$lazy_filter__9167
                                   "0x7545cb17"
                                   "jepsen.generator.context$make_thread_filter$lazy_filter__9167@7545cb17"],
           :gen ()})})
  (jepsen.generator.Synchronize
   {:gen {:type :log, :value "Waiting for recovery..."}})
  (jepsen.generator.Synchronize {:gen {:type :sleep, :value 10}})
  (jepsen.generator.Synchronize
   {:gen (jepsen.generator.OnThreads
          {:f #jepsen.generator.context.AllBut{:element :nemesis},
           :context-filter #object[jepsen.generator.context$make_thread_filter$lazy_filter__9167
                                   "0x635b3ec7"
                                   "jepsen.generator.context$make_thread_filter$lazy_filter__9167@635b3ec7"],
           :gen (jepsen.generator.EachThread
                 {:fresh-gen {:f :read, :final? true},
                  :context-filters #object[clojure.core$promise$reify__8591
                                           "0x1f9b86f5"
                                           {:status :pending, :val nil}],
                  :gens {}})})}))
 :log-net-recv false
 :os
 #object[maelstrom.net$jepsen_os$reify__15254
         "0x15aa3084"
         "maelstrom.net$jepsen_os$reify__15254@15aa3084"]
 :time-limit 20
 :workload :broadcast
 :consistency-models [:strict-serializable]
 :topology :grid}

2026-03-20 15:43:28,882{GMT}	INFO	[jepsen node n0] maelstrom.net: Starting Maelstrom network
2026-03-20 15:43:28,883{GMT}	INFO	[jepsen test runner] jepsen.db: Tearing down DB
2026-03-20 15:43:28,885{GMT}	INFO	[jepsen test runner] jepsen.db: Setting up DB
2026-03-20 15:43:28,886{GMT}	INFO	[jepsen node n1] maelstrom.db: Setting up n1
2026-03-20 15:43:28,886{GMT}	INFO	[jepsen node n2] maelstrom.db: Setting up n2
2026-03-20 15:43:28,886{GMT}	INFO	[jepsen node n4] maelstrom.db: Setting up n4
2026-03-20 15:43:28,886{GMT}	INFO	[jepsen node n3] maelstrom.db: Setting up n3
2026-03-20 15:43:28,887{GMT}	INFO	[jepsen node n3] maelstrom.process: launching run.sh ["broadcast"]
2026-03-20 15:43:28,887{GMT}	INFO	[jepsen node n2] maelstrom.process: launching run.sh ["broadcast"]
2026-03-20 15:43:28,887{GMT}	INFO	[jepsen node n1] maelstrom.process: launching run.sh ["broadcast"]
2026-03-20 15:43:28,887{GMT}	INFO	[jepsen node n4] maelstrom.process: launching run.sh ["broadcast"]
2026-03-20 15:43:28,887{GMT}	INFO	[jepsen node n0] maelstrom.service: Starting services: (lin-kv lin-tso lww-kv seq-kv)
2026-03-20 15:43:28,889{GMT}	INFO	[jepsen node n0] maelstrom.db: Setting up n0
2026-03-20 15:43:28,890{GMT}	INFO	[jepsen node n0] maelstrom.process: launching run.sh ["broadcast"]
2026-03-20 15:43:29,080{GMT}	INFO	[jepsen test runner] jepsen.core: Relative time begins now
2026-03-20 15:43:29,101{GMT}	INFO	[jepsen worker 0] jepsen.util: 0	:invoke	:broadcast	0
2026-03-20 15:43:29,106{GMT}	INFO	[jepsen worker 0] jepsen.util: 0	:ok	:broadcast	0
2026-03-20 15:43:29,120{GMT}	INFO	[jepsen worker 1] jepsen.util: 1	:invoke	:broadcast	1
2026-03-20 15:43:29,123{GMT}	INFO	[jepsen worker 1] jepsen.util: 1	:ok	:broadcast	1
2026-03-20 15:43:29,202{GMT}	INFO	[jepsen worker 2] jepsen.util: 2	:invoke	:broadcast	2
2026-03-20 15:43:29,206{GMT}	INFO	[jepsen worker 2] jepsen.util: 2	:ok	:broadcast	2
2026-03-20 15:43:29,207{GMT}	INFO	[jepsen worker 3] jepsen.util: 3	:invoke	:read	nil
2026-03-20 15:43:29,212{GMT}	INFO	[jepsen worker 3] jepsen.util: 3	:ok	:read	[0 0 1 1]
2026-03-20 15:43:29,294{GMT}	INFO	[jepsen worker 4] jepsen.util: 4	:invoke	:broadcast	3
2026-03-20 15:43:29,297{GMT}	INFO	[jepsen worker 4] jepsen.util: 4	:ok	:broadcast	3
2026-03-20 15:43:29,377{GMT}	INFO	[jepsen worker 0] jepsen.util: 0	:invoke	:broadcast	4
2026-03-20 15:43:29,380{GMT}	INFO	[jepsen worker 0] jepsen.util: 0	:ok	:broadcast	4
2026-03-20 15:43:29,418{GMT}	INFO	[jepsen worker 0] jepsen.util: 0	:invoke	:broadcast	5
2026-03-20 15:43:29,420{GMT}	INFO	[jepsen worker 0] jepsen.util: 0	:ok	:broadcast	5
2026-03-20 15:43:29,583{GMT}	INFO	[jepsen worker 1] jepsen.util: 1	:invoke	:read	nil
2026-03-20 15:43:29,588{GMT}	INFO	[jepsen worker 1] jepsen.util: 1	:ok	:read	[0 0 1 2 3 3 4 4 5 5]
2026-03-20 15:43:29,642{GMT}	INFO	[jepsen worker 2] jepsen.util: 2	:invoke	:read	nil
2026-03-20 15:43:29,645{GMT}	INFO	[jepsen worker 2] jepsen.util: 2	:ok	:read	[0 0 1 2 3 3 4 4 5 5]
2026-03-20 15:43:29,659{GMT}	INFO	[jepsen worker 3] jepsen.util: 3	:invoke	:read	nil
2026-03-20 15:43:29,662{GMT}	INFO	[jepsen worker 3] jepsen.util: 3	:ok	:read	[0 0 1 1 2 2 3 3 4 4 5 5]
2026-03-20 15:43:29,765{GMT}	INFO	[jepsen worker 4] jepsen.util: 4	:invoke	:read	nil
2026-03-20 15:43:29,769{GMT}	INFO	[jepsen worker 4] jepsen.util: 4	:ok	:read	[0 0 1 1 2 2 3 4 4 5 5]
2026-03-20 15:43:29,910{GMT}	INFO	[jepsen worker 0] jepsen.util: 0	:invoke	:read	nil
2026-03-20 15:43:29,913{GMT}	INFO	[jepsen worker 0] jepsen.util: 0	:ok	:read	[0 1 1 2 2 3 3 4 5]
2026-03-20 15:43:29,964{GMT}	INFO	[jepsen worker 0] jepsen.util: 0	:invoke	:broadcast	6
2026-03-20 15:43:29,966{GMT}	INFO	[jepsen worker 0] jepsen.util: 0	:ok	:broadcast	6
2026-03-20 15:43:29,977{GMT}	INFO	[jepsen worker 1] jepsen.util: 1	:invoke	:read	nil
2026-03-20 15:43:29,979{GMT}	INFO	[jepsen worker 1] jepsen.util: 1	:ok	:read	[0 0 1 2 3 3 4 4 5 5 6 6]
2026-03-20 15:43:29,998{GMT}	INFO	[jepsen worker 2] jepsen.util: 2	:invoke	:read	nil
2026-03-20 15:43:30,001{GMT}	INFO	[jepsen worker 2] jepsen.util: 2	:ok	:read	[0 0 1 2 3 3 4 4 5 5 6 6]
2026-03-20 15:43:30,093{GMT}	INFO	[jepsen worker 3] jepsen.util: 3	:invoke	:broadcast	7
2026-03-20 15:43:30,094{GMT}	INFO	[jepsen worker 3] jepsen.util: 3	:ok	:broadcast	7
2026-03-20 15:43:30,160{GMT}	INFO	[jepsen worker 4] jepsen.util: 4	:invoke	:broadcast	8
2026-03-20 15:43:30,162{GMT}	INFO	[jepsen worker 4] jepsen.util: 4	:ok	:broadcast	8
2026-03-20 15:43:30,332{GMT}	INFO	[jepsen worker 0] jepsen.util: 0	:invoke	:broadcast	9
2026-03-20 15:43:30,334{GMT}	INFO	[jepsen worker 0] jepsen.util: 0	:ok	:broadcast	9
2026-03-20 15:43:30,501{GMT}	INFO	[jepsen worker 0] jepsen.util: 0	:invoke	:broadcast	10
2026-03-20 15:43:30,503{GMT}	INFO	[jepsen worker 0] jepsen.util: 0	:ok	:broadcast	10
2026-03-20 15:43:30,625{GMT}	INFO	[jepsen worker 1] jepsen.util: 1	:invoke	:broadcast	11
2026-03-20 15:43:30,627{GMT}	INFO	[jepsen worker 1] jepsen.util: 1	:ok	:broadcast	11
2026-03-20 15:43:30,659{GMT}	INFO	[jepsen worker 2] jepsen.util: 2	:invoke	:read	nil
2026-03-20 15:43:30,661{GMT}	INFO	[jepsen worker 2] jepsen.util: 2	:ok	:read	[0 0 1 2 3 3 4 4 5 5 6 6 7 7 8 8 9 9 10 10 11]
2026-03-20 15:43:30,719{GMT}	INFO	[jepsen worker 3] jepsen.util: 3	:invoke	:broadcast	12
2026-03-20 15:43:30,721{GMT}	INFO	[jepsen worker 3] jepsen.util: 3	:ok	:broadcast	12
2026-03-20 15:43:30,811{GMT}	INFO	[jepsen worker 4] jepsen.util: 4	:invoke	:broadcast	13
2026-03-20 15:43:30,813{GMT}	INFO	[jepsen worker 4] jepsen.util: 4	:ok	:broadcast	13
2026-03-20 15:43:30,900{GMT}	INFO	[jepsen worker 0] jepsen.util: 0	:invoke	:read	nil
2026-03-20 15:43:30,901{GMT}	INFO	[jepsen worker 0] jepsen.util: 0	:ok	:read	[0 1 1 2 2 3 3 4 5 6 7 7 8 8 9 10 11 11 12 12 13 13]
2026-03-20 15:43:31,013{GMT}	INFO	[jepsen worker 0] jepsen.util: 0	:invoke	:broadcast	14
2026-03-20 15:43:31,014{GMT}	INFO	[jepsen worker 0] jepsen.util: 0	:ok	:broadcast	14
2026-03-20 15:43:31,114{GMT}	INFO	[jepsen worker 1] jepsen.util: 1	:invoke	:read	nil
2026-03-20 15:43:31,116{GMT}	INFO	[jepsen worker 1] jepsen.util: 1	:ok	:read	[0 0 1 2 3 3 4 4 5 5 6 6 7 7 8 8 9 9 10 10 11 12 12 13 13 14 14]
2026-03-20 15:43:31,158{GMT}	INFO	[jepsen worker 2] jepsen.util: 2	:invoke	:broadcast	15
2026-03-20 15:43:31,159{GMT}	INFO	[jepsen worker 2] jepsen.util: 2	:ok	:broadcast	15
2026-03-20 15:43:31,316{GMT}	INFO	[jepsen worker 3] jepsen.util: 3	:invoke	:broadcast	16
2026-03-20 15:43:31,323{GMT}	INFO	[jepsen worker 3] jepsen.util: 3	:ok	:broadcast	16
2026-03-20 15:43:31,378{GMT}	INFO	[jepsen worker 4] jepsen.util: 4	:invoke	:read	nil
2026-03-20 15:43:31,380{GMT}	INFO	[jepsen worker 4] jepsen.util: 4	:ok	:read	[0 0 1 1 2 2 3 4 4 5 5 6 6 7 7 8 9 9 10 10 11 11 12 12 13 14 14 15 15 16 16]
2026-03-20 15:43:31,527{GMT}	INFO	[jepsen worker 0] jepsen.util: 0	:invoke	:read	nil
2026-03-20 15:43:31,529{GMT}	INFO	[jepsen worker 0] jepsen.util: 0	:ok	:read	[0 1 1 2 2 3 3 4 5 6 7 7 8 8 9 10 11 11 12 12 13 13 14 15 15 16 16]
2026-03-20 15:43:31,567{GMT}	INFO	[jepsen worker 0] jepsen.util: 0	:invoke	:broadcast	17
2026-03-20 15:43:31,569{GMT}	INFO	[jepsen worker 0] jepsen.util: 0	:ok	:broadcast	17
2026-03-20 15:43:31,639{GMT}	INFO	[jepsen worker 1] jepsen.util: 1	:invoke	:read	nil
2026-03-20 15:43:31,640{GMT}	INFO	[jepsen worker 1] jepsen.util: 1	:ok	:read	[0 0 1 2 3 3 4 4 5 5 6 6 7 7 8 8 9 9 10 10 11 12 12 13 13 14 14 15 16 16 17 17]
2026-03-20 15:43:31,807{GMT}	INFO	[jepsen worker 2] jepsen.util: 2	:invoke	:broadcast	18
2026-03-20 15:43:31,808{GMT}	INFO	[jepsen worker 2] jepsen.util: 2	:ok	:broadcast	18
2026-03-20 15:43:31,966{GMT}	INFO	[jepsen worker 3] jepsen.util: 3	:invoke	:read	nil
2026-03-20 15:43:31,968{GMT}	INFO	[jepsen worker 3] jepsen.util: 3	:ok	:read	[0 0 1 1 2 2 3 3 4 4 5 5 6 6 7 8 8 9 9 10 10 11 11 12 13 13 14 14 15 15 16 17 17 18 18]
2026-03-20 15:43:32,113{GMT}	INFO	[jepsen worker 4] jepsen.util: 4	:invoke	:broadcast	19
2026-03-20 15:43:32,115{GMT}	INFO	[jepsen worker 4] jepsen.util: 4	:ok	:broadcast	19
2026-03-20 15:43:32,188{GMT}	INFO	[jepsen worker 0] jepsen.util: 0	:invoke	:read	nil
2026-03-20 15:43:32,189{GMT}	INFO	[jepsen worker 0] jepsen.util: 0	:ok	:read	[0 1 1 2 2 3 3 4 5 6 7 7 8 8 9 10 11 11 12 12 13 13 14 15 15 16 16 17 18 18 19 19]
2026-03-20 15:43:32,300{GMT}	INFO	[jepsen worker 0] jepsen.util: 0	:invoke	:read	nil
2026-03-20 15:43:32,302{GMT}	INFO	[jepsen worker 0] jepsen.util: 0	:ok	:read	[0 1 1 2 2 3 3 4 5 6 7 7 8 8 9 10 11 11 12 12 13 13 14 15 15 16 16 17 18 18 19 19]
2026-03-20 15:43:32,478{GMT}	INFO	[jepsen worker 1] jepsen.util: 1	:invoke	:broadcast	20
2026-03-20 15:43:32,480{GMT}	INFO	[jepsen worker 1] jepsen.util: 1	:ok	:broadcast	20
2026-03-20 15:43:32,551{GMT}	INFO	[jepsen worker 2] jepsen.util: 2	:invoke	:read	nil
2026-03-20 15:43:32,553{GMT}	INFO	[jepsen worker 2] jepsen.util: 2	:ok	:read	[0 0 1 2 3 3 4 4 5 5 6 6 7 7 8 8 9 9 10 10 11 12 12 13 13 14 14 15 16 16 17 17 18 19 19 20]
2026-03-20 15:43:32,594{GMT}	INFO	[jepsen worker 3] jepsen.util: 3	:invoke	:read	nil
2026-03-20 15:43:32,595{GMT}	INFO	[jepsen worker 3] jepsen.util: 3	:ok	:read	[0 0 1 1 2 2 3 3 4 4 5 5 6 6 7 8 8 9 9 10 10 11 11 12 13 13 14 14 15 15 16 17 17 18 18 19 19 20 20]
2026-03-20 15:43:32,742{GMT}	INFO	[jepsen worker 4] jepsen.util: 4	:invoke	:broadcast	21
2026-03-20 15:43:32,743{GMT}	INFO	[jepsen worker 4] jepsen.util: 4	:ok	:broadcast	21
2026-03-20 15:43:32,812{GMT}	INFO	[jepsen worker 0] jepsen.util: 0	:invoke	:read	nil
2026-03-20 15:43:32,813{GMT}	INFO	[jepsen worker 0] jepsen.util: 0	:ok	:read	[0 1 1 2 2 3 3 4 5 6 7 7 8 8 9 10 11 11 12 12 13 13 14 15 15 16 16 17 18 18 19 19 20 20 21 21]
2026-03-20 15:43:32,895{GMT}	INFO	[jepsen worker 0] jepsen.util: 0	:invoke	:broadcast	22
2026-03-20 15:43:32,896{GMT}	INFO	[jepsen worker 0] jepsen.util: 0	:ok	:broadcast	22
2026-03-20 15:43:33,072{GMT}	INFO	[jepsen worker 1] jepsen.util: 1	:invoke	:read	nil
2026-03-20 15:43:33,074{GMT}	INFO	[jepsen worker 1] jepsen.util: 1	:ok	:read	[0 0 1 2 3 3 4 4 5 5 6 6 7 7 8 8 9 9 10 10 11 12 12 13 13 14 14 15 16 16 17 17 18 19 19 20 21 21 22 22]
2026-03-20 15:43:33,140{GMT}	INFO	[jepsen worker 2] jepsen.util: 2	:invoke	:broadcast	23
2026-03-20 15:43:33,142{GMT}	INFO	[jepsen worker 2] jepsen.util: 2	:ok	:broadcast	23
2026-03-20 15:43:33,241{GMT}	INFO	[jepsen worker 3] jepsen.util: 3	:invoke	:read	nil
2026-03-20 15:43:33,243{GMT}	INFO	[jepsen worker 3] jepsen.util: 3	:ok	:read	[0 0 1 1 2 2 3 3 4 4 5 5 6 6 7 8 8 9 9 10 10 11 11 12 13 13 14 14 15 15 16 17 17 18 18 19 19 20 20 21 21 22 22 23 23]
2026-03-20 15:43:33,249{GMT}	INFO	[jepsen worker 4] jepsen.util: 4	:invoke	:broadcast	24
2026-03-20 15:43:33,250{GMT}	INFO	[jepsen worker 4] jepsen.util: 4	:ok	:broadcast	24
2026-03-20 15:43:33,297{GMT}	INFO	[jepsen worker 0] jepsen.util: 0	:invoke	:read	nil
2026-03-20 15:43:33,298{GMT}	INFO	[jepsen worker 0] jepsen.util: 0	:ok	:read	[0 1 1 2 2 3 3 4 5 6 7 7 8 8 9 10 11 11 12 12 13 13 14 15 15 16 16 17 18 18 19 19 20 20 21 21 22 23 23 24 24]
2026-03-20 15:43:33,468{GMT}	INFO	[jepsen worker 0] jepsen.util: 0	:invoke	:read	nil
2026-03-20 15:43:33,470{GMT}	INFO	[jepsen worker 0] jepsen.util: 0	:ok	:read	[0 1 1 2 2 3 3 4 5 6 7 7 8 8 9 10 11 11 12 12 13 13 14 15 15 16 16 17 18 18 19 19 20 20 21 21 22 23 23 24 24]
2026-03-20 15:43:33,653{GMT}	INFO	[jepsen worker 1] jepsen.util: 1	:invoke	:broadcast	25
2026-03-20 15:43:33,655{GMT}	INFO	[jepsen worker 1] jepsen.util: 1	:ok	:broadcast	25
2026-03-20 15:43:33,660{GMT}	INFO	[jepsen worker 2] jepsen.util: 2	:invoke	:broadcast	26
2026-03-20 15:43:33,661{GMT}	INFO	[jepsen worker 2] jepsen.util: 2	:ok	:broadcast	26
2026-03-20 15:43:33,860{GMT}	INFO	[jepsen worker 3] jepsen.util: 3	:invoke	:read	nil
2026-03-20 15:43:33,861{GMT}	INFO	[jepsen worker 3] jepsen.util: 3	:ok	:read	[0 0 1 1 2 2 3 3 4 4 5 5 6 6 7 8 8 9 9 10 10 11 11 12 13 13 14 14 15 15 16 17 17 18 18 19 19 20 20 21 21 22 22 23 23 24 24 25 25 26 26]
2026-03-20 15:43:33,894{GMT}	INFO	[jepsen worker 4] jepsen.util: 4	:invoke	:read	nil
2026-03-20 15:43:33,895{GMT}	INFO	[jepsen worker 4] jepsen.util: 4	:ok	:read	[0 0 1 1 2 2 3 4 4 5 5 6 6 7 7 8 9 9 10 10 11 11 12 12 13 14 14 15 15 16 16 17 17 18 18 19 20 20 21 22 22 23 23 24 25 25 26 26]
2026-03-20 15:43:33,902{GMT}	INFO	[jepsen worker 0] jepsen.util: 0	:invoke	:broadcast	27
2026-03-20 15:43:33,905{GMT}	INFO	[jepsen worker 0] jepsen.util: 0	:ok	:broadcast	27
2026-03-20 15:43:33,973{GMT}	INFO	[jepsen worker 0] jepsen.util: 0	:invoke	:broadcast	28
2026-03-20 15:43:33,975{GMT}	INFO	[jepsen worker 0] jepsen.util: 0	:ok	:broadcast	28
2026-03-20 15:43:34,033{GMT}	INFO	[jepsen worker 1] jepsen.util: 1	:invoke	:broadcast	29
2026-03-20 15:43:34,035{GMT}	INFO	[jepsen worker 1] jepsen.util: 1	:ok	:broadcast	29
2026-03-20 15:43:34,082{GMT}	INFO	[jepsen worker 2] jepsen.util: 2	:invoke	:broadcast	30
2026-03-20 15:43:34,084{GMT}	INFO	[jepsen worker 2] jepsen.util: 2	:ok	:broadcast	30
2026-03-20 15:43:34,187{GMT}	INFO	[jepsen worker 3] jepsen.util: 3	:invoke	:broadcast	31
2026-03-20 15:43:34,188{GMT}	INFO	[jepsen worker 3] jepsen.util: 3	:ok	:broadcast	31
2026-03-20 15:43:34,372{GMT}	INFO	[jepsen worker 4] jepsen.util: 4	:invoke	:read	nil
2026-03-20 15:43:34,373{GMT}	INFO	[jepsen worker 4] jepsen.util: 4	:ok	:read	[0 0 1 1 2 2 3 4 4 5 5 6 6 7 7 8 9 9 10 10 11 11 12 12 13 14 14 15 15 16 16 17 17 18 18 19 20 20 21 22 22 23 23 24 25 25 26 26 27 27 28 28 29 29 30 30 31 31]
2026-03-20 15:43:34,541{GMT}	INFO	[jepsen worker 0] jepsen.util: 0	:invoke	:read	nil
2026-03-20 15:43:34,542{GMT}	INFO	[jepsen worker 0] jepsen.util: 0	:ok	:read	[0 1 1 2 2 3 3 4 5 6 7 7 8 8 9 10 11 11 12 12 13 13 14 15 15 16 16 17 18 18 19 19 20 20 21 21 22 23 23 24 24 25 25 26 26 27 28 29 29 30 30 31 31]
2026-03-20 15:43:34,607{GMT}	INFO	[jepsen worker 0] jepsen.util: 0	:invoke	:read	nil
2026-03-20 15:43:34,609{GMT}	INFO	[jepsen worker 0] jepsen.util: 0	:ok	:read	[0 1 1 2 2 3 3 4 5 6 7 7 8 8 9 10 11 11 12 12 13 13 14 15 15 16 16 17 18 18 19 19 20 20 21 21 22 23 23 24 24 25 25 26 26 27 28 29 29 30 30 31 31]
2026-03-20 15:43:34,800{GMT}	INFO	[jepsen worker 1] jepsen.util: 1	:invoke	:read	nil
2026-03-20 15:43:34,801{GMT}	INFO	[jepsen worker 1] jepsen.util: 1	:ok	:read	[0 0 1 2 3 3 4 4 5 5 6 6 7 7 8 8 9 9 10 10 11 12 12 13 13 14 14 15 16 16 17 17 18 19 19 20 21 21 22 22 23 24 24 25 26 27 27 28 28 29 30 31 31]
2026-03-20 15:43:34,888{GMT}	INFO	[jepsen worker 2] jepsen.util: 2	:invoke	:read	nil
2026-03-20 15:43:34,889{GMT}	INFO	[jepsen worker 2] jepsen.util: 2	:ok	:read	[0 0 1 2 3 3 4 4 5 5 6 6 7 7 8 8 9 9 10 10 11 12 12 13 13 14 14 15 16 16 17 17 18 19 19 20 21 21 22 22 23 24 24 25 26 27 27 28 28 29 30 31 31]
2026-03-20 15:43:34,984{GMT}	INFO	[jepsen worker 3] jepsen.util: 3	:invoke	:read	nil
2026-03-20 15:43:34,985{GMT}	INFO	[jepsen worker 3] jepsen.util: 3	:ok	:read	[0 0 1 1 2 2 3 3 4 4 5 5 6 6 7 8 8 9 9 10 10 11 11 12 13 13 14 14 15 15 16 17 17 18 18 19 19 20 20 21 21 22 22 23 23 24 24 25 25 26 26 27 27 28 28 29 29 30 30 31]
2026-03-20 15:43:35,047{GMT}	INFO	[jepsen worker 4] jepsen.util: 4	:invoke	:broadcast	32
2026-03-20 15:43:35,048{GMT}	INFO	[jepsen worker 4] jepsen.util: 4	:ok	:broadcast	32
2026-03-20 15:43:35,192{GMT}	INFO	[jepsen worker 0] jepsen.util: 0	:invoke	:broadcast	33
2026-03-20 15:43:35,193{GMT}	INFO	[jepsen worker 0] jepsen.util: 0	:ok	:broadcast	33
2026-03-20 15:43:35,279{GMT}	INFO	[jepsen worker 0] jepsen.util: 0	:invoke	:broadcast	34
2026-03-20 15:43:35,281{GMT}	INFO	[jepsen worker 0] jepsen.util: 0	:ok	:broadcast	34
2026-03-20 15:43:35,409{GMT}	INFO	[jepsen worker 1] jepsen.util: 1	:invoke	:read	nil
2026-03-20 15:43:35,410{GMT}	INFO	[jepsen worker 1] jepsen.util: 1	:ok	:read	[0 0 1 2 3 3 4 4 5 5 6 6 7 7 8 8 9 9 10 10 11 12 12 13 13 14 14 15 16 16 17 17 18 19 19 20 21 21 22 22 23 24 24 25 26 27 27 28 28 29 30 31 31 32 32 33 33 34 34]
2026-03-20 15:43:35,608{GMT}	INFO	[jepsen worker 2] jepsen.util: 2	:invoke	:read	nil
2026-03-20 15:43:35,610{GMT}	INFO	[jepsen worker 2] jepsen.util: 2	:ok	:read	[0 0 1 2 3 3 4 4 5 5 6 6 7 7 8 8 9 9 10 10 11 12 12 13 13 14 14 15 16 16 17 17 18 19 19 20 21 21 22 22 23 24 24 25 26 27 27 28 28 29 30 31 31 32 32 33 33 34 34]
2026-03-20 15:43:35,682{GMT}	INFO	[jepsen worker 3] jepsen.util: 3	:invoke	:broadcast	35
2026-03-20 15:43:35,683{GMT}	INFO	[jepsen worker 3] jepsen.util: 3	:ok	:broadcast	35
2026-03-20 15:43:35,787{GMT}	INFO	[jepsen worker 4] jepsen.util: 4	:invoke	:broadcast	36
2026-03-20 15:43:35,788{GMT}	INFO	[jepsen worker 4] jepsen.util: 4	:ok	:broadcast	36
2026-03-20 15:43:35,870{GMT}	INFO	[jepsen worker 0] jepsen.util: 0	:invoke	:broadcast	37
2026-03-20 15:43:35,872{GMT}	INFO	[jepsen worker 0] jepsen.util: 0	:ok	:broadcast	37
2026-03-20 15:43:35,888{GMT}	INFO	[jepsen worker 0] jepsen.util: 0	:invoke	:broadcast	38
2026-03-20 15:43:35,889{GMT}	INFO	[jepsen worker 0] jepsen.util: 0	:ok	:broadcast	38
2026-03-20 15:43:35,984{GMT}	INFO	[Jepsen shutdown hook] jepsen.core: Downloading DB logs before JVM shutdown...
