2026-03-19 17:53:03,469{GMT}	INFO	[jepsen test runner] jepsen.core: Command line:
lein run test -w broadcast --bin run.sh broadcast --node-count 5 --time-limit 20 --rate 10 --nemesis partition
2026-03-19 17:53:03,548{GMT}	INFO	[jepsen test runner] jepsen.core: Running test:
{:args ["broadcast"]
 :remote
 #jepsen.control.retry.Remote{:remote #jepsen.control.scp.Remote{:cmd-remote #jepsen.control.sshj.SSHJRemote{:concurrency-limit 6,
                                                                                                             :conn-spec nil,
                                                                                                             :client nil,
                                                                                                             :semaphore nil},
                                                                 :conn-spec nil},
                              :conn nil}
 :log-net-send false
 :node-count 5
 :availability nil
 :max-txn-length 4
 :concurrency 5
 :db
 #object[maelstrom.db$db$reify__16142
         "0x3938e876"
         "maelstrom.db$db$reify__16142@3938e876"]
 :max-writes-per-key 16
 :leave-db-running? false
 :name "broadcast"
 :logging-json? false
 :start-time
 #object[org.joda.time.DateTime "0x70b2819f" "2026-03-19T17:53:03.445Z"]
 :nemesis-interval 10
 :net
 #object[maelstrom.net$jepsen_net$reify__15251
         "0x65dac812"
         "maelstrom.net$jepsen_net$reify__15251@65dac812"]
 :client
 #object[maelstrom.workload.broadcast$client$reify__16644
         "0x3619ecd"
         "maelstrom.workload.broadcast$client$reify__16644@3619ecd"]
 :barrier
 #object[java.util.concurrent.CyclicBarrier
         "0x7de4bd8f"
         "java.util.concurrent.CyclicBarrier@7de4bd8f"]
 :log-stderr false
 :pure-generators true
 :ssh {:dummy? true}
 :rate 10.0
 :checker
 #object[jepsen.checker$compose$reify__11881
         "0x193e65d5"
         "jepsen.checker$compose$reify__11881@193e65d5"]
 :argv
 ("test"
  "-w"
  "broadcast"
  "--bin"
  "run.sh"
  "broadcast"
  "--node-count"
  "5"
  "--time-limit"
  "20"
  "--rate"
  "10"
  "--nemesis"
  "partition")
 :nemesis
 (jepsen.nemesis.ReflCompose
  {:fm {:start-partition 0,
        :stop-partition 0,
        :kill 1,
        :start 1,
        :pause 1,
        :resume 1},
   :nemeses [#unprintable "jepsen.nemesis.combined$partition_nemesis$reify__16416@2a97b4b8"
             #unprintable "jepsen.nemesis.combined$db_nemesis$reify__16397@250fc0d1"]})
 :nodes ["n0" "n1" "n2" "n3" "n4"]
 :test-count 1
 :latency {:mean 0, :dist :constant}
 :bin "run.sh"
 :generator
 ((jepsen.generator.Synchronize
   {:gen (jepsen.generator.TimeLimit
          {:limit 20000000000,
           :cutoff nil,
           :gen (jepsen.generator.Any
                 {:gens [(jepsen.generator.OnThreads
                          {:f #{:nemesis},
                           :context-filter #object[jepsen.generator.context$make_thread_filter$lazy_filter__9167
                                                   "0x37d43b9b"
                                                   "jepsen.generator.context$make_thread_filter$lazy_filter__9167@37d43b9b"],
                           :gen (jepsen.generator.Stagger
                                 {:dt 20000000000,
                                  :next-time nil,
                                  :gen (jepsen.generator.FlipFlop
                                        {:gens [#object[jepsen.nemesis.combined$partition_package$start__16420
                                                        "0x28ba90c1"
                                                        "jepsen.nemesis.combined$partition_package$start__16420@28ba90c1"]
                                                ({:type :info,
                                                  :f :stop-partition,
                                                  :value nil}
                                                 {:type :info,
                                                  :f :stop-partition,
                                                  :value nil}
                                                 {:type :info,
                                                  :f :stop-partition,
                                                  :value nil}
                                                 {:type :info,
                                                  :f :stop-partition,
                                                  :value nil}
                                                 {:type :info,
                                                  :f :stop-partition,
                                                  :value nil}
                                                 {:type :info,
                                                  :f :stop-partition,
                                                  :value nil}
                                                 {:type :info,
                                                  :f :stop-partition,
                                                  :value nil}
                                                 {:type :info,
                                                  :f :stop-partition,
                                                  :value nil}
                                                 ...)],
                                         :i 0})})})
                         (jepsen.generator.OnThreads
                          {:f #jepsen.generator.context.AllBut{:element :nemesis},
                           :context-filter #object[jepsen.generator.context$make_thread_filter$lazy_filter__9167
                                                   "0x7545cb17"
                                                   "jepsen.generator.context$make_thread_filter$lazy_filter__9167@7545cb17"],
                           :gen (jepsen.generator.Stagger
                                 {:dt 200000000,
                                  :next-time nil,
                                  :gen (jepsen.generator.Mix
                                        {:i 0,
                                         :gens [({:f :broadcast, :value 0}
                                                 {:f :broadcast, :value 1}
                                                 {:f :broadcast, :value 2}
                                                 {:f :broadcast, :value 3}
                                                 {:f :broadcast, :value 4}
                                                 {:f :broadcast, :value 5}
                                                 {:f :broadcast, :value 6}
                                                 {:f :broadcast, :value 7}
                                                 ...)
                                                ({:f :read}
                                                 {:f :read}
                                                 {:f :read}
                                                 {:f :read}
                                                 {:f :read}
                                                 {:f :read}
                                                 {:f :read}
                                                 {:f :read}
                                                 ...)]})})})]})})})
  (jepsen.generator.Synchronize
   {:gen (jepsen.generator.OnThreads
          {:f #{:nemesis},
           :context-filter #object[jepsen.generator.context$make_thread_filter$lazy_filter__9167
                                   "0x635b3ec7"
                                   "jepsen.generator.context$make_thread_filter$lazy_filter__9167@635b3ec7"],
           :gen ({:type :info, :f :stop-partition, :value nil})})})
  (jepsen.generator.Synchronize
   {:gen {:type :log, :value "Waiting for recovery..."}})
  (jepsen.generator.Synchronize {:gen {:type :sleep, :value 10}})
  (jepsen.generator.Synchronize
   {:gen (jepsen.generator.OnThreads
          {:f #jepsen.generator.context.AllBut{:element :nemesis},
           :context-filter #object[jepsen.generator.context$make_thread_filter$lazy_filter__9167
                                   "0x1f9b86f5"
                                   "jepsen.generator.context$make_thread_filter$lazy_filter__9167@1f9b86f5"],
           :gen (jepsen.generator.EachThread
                 {:fresh-gen {:f :read, :final? true},
                  :context-filters #object[clojure.core$promise$reify__8591
                                           "0x15aa3084"
                                           {:status :pending, :val nil}],
                  :gens {}})})}))
 :log-net-recv false
 :os
 #object[maelstrom.net$jepsen_os$reify__15254
         "0x4e6c4c55"
         "maelstrom.net$jepsen_os$reify__15254@4e6c4c55"]
 :time-limit 20
 :workload :broadcast
 :consistency-models [:strict-serializable]
 :topology :grid}

2026-03-19 17:53:04,858{GMT}	INFO	[jepsen node n0] maelstrom.net: Starting Maelstrom network
2026-03-19 17:53:04,860{GMT}	INFO	[jepsen test runner] jepsen.db: Tearing down DB
2026-03-19 17:53:04,861{GMT}	INFO	[jepsen test runner] jepsen.db: Setting up DB
2026-03-19 17:53:04,862{GMT}	INFO	[jepsen node n2] maelstrom.db: Setting up n2
2026-03-19 17:53:04,862{GMT}	INFO	[jepsen node n4] maelstrom.db: Setting up n4
2026-03-19 17:53:04,862{GMT}	INFO	[jepsen node n3] maelstrom.db: Setting up n3
2026-03-19 17:53:04,862{GMT}	INFO	[jepsen node n1] maelstrom.db: Setting up n1
2026-03-19 17:53:04,863{GMT}	INFO	[jepsen node n1] maelstrom.process: launching run.sh ["broadcast"]
2026-03-19 17:53:04,863{GMT}	INFO	[jepsen node n2] maelstrom.process: launching run.sh ["broadcast"]
2026-03-19 17:53:04,863{GMT}	INFO	[jepsen node n4] maelstrom.process: launching run.sh ["broadcast"]
2026-03-19 17:53:04,863{GMT}	INFO	[jepsen node n3] maelstrom.process: launching run.sh ["broadcast"]
2026-03-19 17:53:04,864{GMT}	INFO	[jepsen node n0] maelstrom.service: Starting services: (lin-kv lin-tso lww-kv seq-kv)
2026-03-19 17:53:04,867{GMT}	INFO	[jepsen node n0] maelstrom.db: Setting up n0
2026-03-19 17:53:04,868{GMT}	INFO	[jepsen node n0] maelstrom.process: launching run.sh ["broadcast"]
2026-03-19 17:53:05,045{GMT}	INFO	[jepsen test runner] jepsen.core: Relative time begins now
2026-03-19 17:53:05,069{GMT}	INFO	[jepsen worker nemesis] jepsen.util: :nemesis	:info	:start-partition	:majority
2026-03-19 17:53:05,069{GMT}	INFO	[jepsen worker 1] jepsen.util: 1	:invoke	:broadcast	0
2026-03-19 17:53:05,073{GMT}	INFO	[jepsen worker 1] jepsen.util: 1	:ok	:broadcast	0
2026-03-19 17:53:05,075{GMT}	INFO	[jepsen worker nemesis] jepsen.util: :nemesis	:info	:start-partition	[:isolated {"n2" #{"n1" "n4" "n3"}, "n0" #{"n1" "n4" "n3"}, "n1" #{"n2" "n0"}, "n4" #{"n2" "n0"}, "n3" #{"n2" "n0"}}]
2026-03-19 17:53:05,262{GMT}	INFO	[jepsen worker 2] jepsen.util: 2	:invoke	:broadcast	1
2026-03-19 17:53:05,268{GMT}	INFO	[jepsen worker 2] jepsen.util: 2	:ok	:broadcast	1
2026-03-19 17:53:05,322{GMT}	INFO	[jepsen worker 3] jepsen.util: 3	:invoke	:read	nil
2026-03-19 17:53:05,327{GMT}	INFO	[jepsen worker 3] jepsen.util: 3	:ok	:read	[]
2026-03-19 17:53:05,384{GMT}	INFO	[jepsen worker 4] jepsen.util: 4	:invoke	:broadcast	2
2026-03-19 17:53:05,390{GMT}	INFO	[jepsen worker 4] jepsen.util: 4	:ok	:broadcast	2
2026-03-19 17:53:05,407{GMT}	INFO	[jepsen worker 0] jepsen.util: 0	:invoke	:read	nil
2026-03-19 17:53:05,412{GMT}	INFO	[jepsen worker 0] jepsen.util: 0	:ok	:read	[1]
2026-03-19 17:53:05,418{GMT}	INFO	[jepsen worker 0] jepsen.util: 0	:invoke	:broadcast	3
2026-03-19 17:53:05,423{GMT}	INFO	[jepsen worker 0] jepsen.util: 0	:ok	:broadcast	3
2026-03-19 17:53:05,459{GMT}	INFO	[jepsen worker 1] jepsen.util: 1	:invoke	:read	nil
2026-03-19 17:53:05,464{GMT}	INFO	[jepsen worker 1] jepsen.util: 1	:ok	:read	[]
2026-03-19 17:53:05,605{GMT}	INFO	[jepsen worker 2] jepsen.util: 2	:invoke	:broadcast	4
2026-03-19 17:53:05,607{GMT}	INFO	[jepsen worker 2] jepsen.util: 2	:ok	:broadcast	4
2026-03-19 17:53:05,657{GMT}	INFO	[jepsen worker 3] jepsen.util: 3	:invoke	:read	nil
2026-03-19 17:53:05,661{GMT}	INFO	[jepsen worker 3] jepsen.util: 3	:ok	:read	[]
2026-03-19 17:53:05,670{GMT}	INFO	[jepsen worker 4] jepsen.util: 4	:invoke	:read	nil
2026-03-19 17:53:05,672{GMT}	INFO	[jepsen worker 4] jepsen.util: 4	:ok	:read	[]
2026-03-19 17:53:05,856{GMT}	INFO	[jepsen worker 0] jepsen.util: 0	:invoke	:broadcast	5
2026-03-19 17:53:05,860{GMT}	INFO	[jepsen worker 0] jepsen.util: 0	:ok	:broadcast	5
2026-03-19 17:53:05,924{GMT}	INFO	[jepsen worker 0] jepsen.util: 0	:invoke	:read	nil
2026-03-19 17:53:05,926{GMT}	INFO	[jepsen worker 0] jepsen.util: 0	:ok	:read	[1 3 4 5]
2026-03-19 17:53:05,963{GMT}	INFO	[jepsen worker 1] jepsen.util: 1	:invoke	:broadcast	6
2026-03-19 17:53:05,965{GMT}	INFO	[jepsen worker 1] jepsen.util: 1	:ok	:broadcast	6
2026-03-19 17:53:06,046{GMT}	INFO	[jepsen worker 2] jepsen.util: 2	:invoke	:read	nil
2026-03-19 17:53:06,049{GMT}	INFO	[jepsen worker 2] jepsen.util: 2	:ok	:read	[1 3 4 5]
2026-03-19 17:53:06,076{GMT}	INFO	[jepsen worker 3] jepsen.util: 3	:invoke	:broadcast	7
2026-03-19 17:53:06,078{GMT}	INFO	[jepsen worker 3] jepsen.util: 3	:ok	:broadcast	7
2026-03-19 17:53:06,113{GMT}	INFO	[jepsen worker 4] jepsen.util: 4	:invoke	:broadcast	8
2026-03-19 17:53:06,116{GMT}	INFO	[jepsen worker 4] jepsen.util: 4	:ok	:broadcast	8
2026-03-19 17:53:06,271{GMT}	INFO	[jepsen worker 0] jepsen.util: 0	:invoke	:broadcast	9
2026-03-19 17:53:06,277{GMT}	INFO	[jepsen worker 0] jepsen.util: 0	:ok	:broadcast	9
2026-03-19 17:53:06,286{GMT}	INFO	[jepsen worker 0] jepsen.util: 0	:invoke	:broadcast	10
2026-03-19 17:53:06,289{GMT}	INFO	[jepsen worker 0] jepsen.util: 0	:ok	:broadcast	10
2026-03-19 17:53:06,453{GMT}	INFO	[jepsen worker 1] jepsen.util: 1	:invoke	:read	nil
2026-03-19 17:53:06,458{GMT}	INFO	[jepsen worker 1] jepsen.util: 1	:ok	:read	[]
2026-03-19 17:53:06,537{GMT}	INFO	[jepsen worker 2] jepsen.util: 2	:invoke	:read	nil
2026-03-19 17:53:06,540{GMT}	INFO	[jepsen worker 2] jepsen.util: 2	:ok	:read	[1 3 4 5 9 10]
2026-03-19 17:53:06,607{GMT}	INFO	[jepsen worker 3] jepsen.util: 3	:invoke	:read	nil
2026-03-19 17:53:06,610{GMT}	INFO	[jepsen worker 3] jepsen.util: 3	:ok	:read	[]
2026-03-19 17:53:06,771{GMT}	INFO	[jepsen worker 4] jepsen.util: 4	:invoke	:broadcast	11
2026-03-19 17:53:06,773{GMT}	INFO	[jepsen worker 4] jepsen.util: 4	:ok	:broadcast	11
2026-03-19 17:53:06,956{GMT}	INFO	[jepsen worker 0] jepsen.util: 0	:invoke	:read	nil
2026-03-19 17:53:06,961{GMT}	INFO	[jepsen worker 0] jepsen.util: 0	:ok	:read	[1 3 4 5 9 10]
2026-03-19 17:53:06,971{GMT}	INFO	[jepsen worker 0] jepsen.util: 0	:invoke	:read	nil
2026-03-19 17:53:06,975{GMT}	INFO	[jepsen worker 0] jepsen.util: 0	:ok	:read	[1 3 4 5 9 10]
2026-03-19 17:53:07,003{GMT}	INFO	[jepsen worker 1] jepsen.util: 1	:invoke	:broadcast	12
2026-03-19 17:53:07,008{GMT}	INFO	[jepsen worker 1] jepsen.util: 1	:ok	:broadcast	12
2026-03-19 17:53:07,101{GMT}	INFO	[jepsen worker 2] jepsen.util: 2	:invoke	:read	nil
2026-03-19 17:53:07,104{GMT}	INFO	[jepsen worker 2] jepsen.util: 2	:ok	:read	[1 3 4 5 9 10]
2026-03-19 17:53:07,209{GMT}	INFO	[jepsen worker 3] jepsen.util: 3	:invoke	:broadcast	13
2026-03-19 17:53:07,213{GMT}	INFO	[jepsen worker 3] jepsen.util: 3	:ok	:broadcast	13
2026-03-19 17:53:07,272{GMT}	INFO	[jepsen worker 4] jepsen.util: 4	:invoke	:read	nil
2026-03-19 17:53:07,276{GMT}	INFO	[jepsen worker 4] jepsen.util: 4	:ok	:read	[]
2026-03-19 17:53:07,456{GMT}	INFO	[jepsen worker 0] jepsen.util: 0	:invoke	:read	nil
2026-03-19 17:53:07,459{GMT}	INFO	[jepsen worker 0] jepsen.util: 0	:ok	:read	[1 3 4 5 9 10]
2026-03-19 17:53:07,586{GMT}	INFO	[jepsen worker 0] jepsen.util: 0	:invoke	:broadcast	14
2026-03-19 17:53:07,592{GMT}	INFO	[jepsen worker 0] jepsen.util: 0	:ok	:broadcast	14
2026-03-19 17:53:07,662{GMT}	INFO	[jepsen worker 1] jepsen.util: 1	:invoke	:read	nil
2026-03-19 17:53:07,665{GMT}	INFO	[jepsen worker 1] jepsen.util: 1	:ok	:read	[]
2026-03-19 17:53:07,831{GMT}	INFO	[jepsen worker 2] jepsen.util: 2	:invoke	:broadcast	15
2026-03-19 17:53:07,835{GMT}	INFO	[jepsen worker 2] jepsen.util: 2	:ok	:broadcast	15
2026-03-19 17:53:07,853{GMT}	INFO	[jepsen worker 3] jepsen.util: 3	:invoke	:read	nil
2026-03-19 17:53:07,856{GMT}	INFO	[jepsen worker 3] jepsen.util: 3	:ok	:read	[]
2026-03-19 17:53:07,906{GMT}	INFO	[jepsen worker 4] jepsen.util: 4	:invoke	:broadcast	16
2026-03-19 17:53:07,909{GMT}	INFO	[jepsen worker 4] jepsen.util: 4	:ok	:broadcast	16
2026-03-19 17:53:08,004{GMT}	INFO	[jepsen worker 0] jepsen.util: 0	:invoke	:read	nil
2026-03-19 17:53:08,006{GMT}	INFO	[jepsen worker 1] jepsen.util: 1	:invoke	:read	nil
2026-03-19 17:53:08,007{GMT}	INFO	[jepsen worker 0] jepsen.util: 0	:ok	:read	[1 3 4 5 9 10 14 15]
2026-03-19 17:53:08,009{GMT}	INFO	[jepsen worker 1] jepsen.util: 1	:ok	:read	[]
2026-03-19 17:53:08,179{GMT}	INFO	[jepsen worker 1] jepsen.util: 1	:invoke	:broadcast	17
2026-03-19 17:53:08,182{GMT}	INFO	[jepsen worker 1] jepsen.util: 1	:ok	:broadcast	17
2026-03-19 17:53:08,312{GMT}	INFO	[jepsen worker 2] jepsen.util: 2	:invoke	:read	nil
2026-03-19 17:53:08,316{GMT}	INFO	[jepsen worker 2] jepsen.util: 2	:ok	:read	[1 3 4 5 9 10 14 15]
2026-03-19 17:53:08,467{GMT}	INFO	[jepsen worker 3] jepsen.util: 3	:invoke	:broadcast	18
2026-03-19 17:53:08,471{GMT}	INFO	[jepsen worker 3] jepsen.util: 3	:ok	:broadcast	18
2026-03-19 17:53:08,654{GMT}	INFO	[jepsen worker 4] jepsen.util: 4	:invoke	:read	nil
2026-03-19 17:53:08,657{GMT}	INFO	[jepsen worker 4] jepsen.util: 4	:ok	:read	[]
2026-03-19 17:53:08,724{GMT}	INFO	[jepsen worker 0] jepsen.util: 0	:invoke	:broadcast	19
2026-03-19 17:53:08,729{GMT}	INFO	[jepsen worker 0] jepsen.util: 0	:ok	:broadcast	19
2026-03-19 17:53:08,743{GMT}	INFO	[jepsen worker 0] jepsen.util: 0	:invoke	:read	nil
2026-03-19 17:53:08,746{GMT}	INFO	[jepsen worker 0] jepsen.util: 0	:ok	:read	[1 3 4 5 9 10 14 15 19]
2026-03-19 17:53:08,823{GMT}	INFO	[jepsen worker 1] jepsen.util: 1	:invoke	:broadcast	20
2026-03-19 17:53:08,827{GMT}	INFO	[jepsen worker 1] jepsen.util: 1	:ok	:broadcast	20
2026-03-19 17:53:09,015{GMT}	INFO	[jepsen worker 2] jepsen.util: 2	:invoke	:broadcast	21
2026-03-19 17:53:09,018{GMT}	INFO	[jepsen worker 2] jepsen.util: 2	:ok	:broadcast	21
2026-03-19 17:53:09,193{GMT}	INFO	[jepsen worker 3] jepsen.util: 3	:invoke	:broadcast	22
2026-03-19 17:53:09,197{GMT}	INFO	[jepsen worker 3] jepsen.util: 3	:ok	:broadcast	22
2026-03-19 17:53:09,284{GMT}	INFO	[jepsen worker 4] jepsen.util: 4	:invoke	:read	nil
2026-03-19 17:53:09,288{GMT}	INFO	[jepsen worker 4] jepsen.util: 4	:ok	:read	[]
2026-03-19 17:53:09,331{GMT}	INFO	[jepsen worker 0] jepsen.util: 0	:invoke	:broadcast	23
2026-03-19 17:53:09,333{GMT}	INFO	[jepsen worker 0] jepsen.util: 0	:ok	:broadcast	23
2026-03-19 17:53:09,380{GMT}	INFO	[jepsen worker 0] jepsen.util: 0	:invoke	:read	nil
2026-03-19 17:53:09,383{GMT}	INFO	[jepsen worker 0] jepsen.util: 0	:ok	:read	[1 3 4 5 9 10 14 15 19 21 23]
2026-03-19 17:53:09,400{GMT}	INFO	[jepsen worker 1] jepsen.util: 1	:invoke	:broadcast	24
2026-03-19 17:53:09,404{GMT}	INFO	[jepsen worker 1] jepsen.util: 1	:ok	:broadcast	24
2026-03-19 17:53:09,596{GMT}	INFO	[jepsen worker 2] jepsen.util: 2	:invoke	:broadcast	25
2026-03-19 17:53:09,600{GMT}	INFO	[jepsen worker 2] jepsen.util: 2	:ok	:broadcast	25
2026-03-19 17:53:09,785{GMT}	INFO	[jepsen worker 3] jepsen.util: 3	:invoke	:broadcast	26
2026-03-19 17:53:09,787{GMT}	INFO	[jepsen worker 3] jepsen.util: 3	:ok	:broadcast	26
2026-03-19 17:53:09,820{GMT}	INFO	[jepsen worker 4] jepsen.util: 4	:invoke	:broadcast	27
2026-03-19 17:53:09,823{GMT}	INFO	[jepsen worker 4] jepsen.util: 4	:ok	:broadcast	27
2026-03-19 17:53:10,002{GMT}	INFO	[jepsen worker 0] jepsen.util: 0	:invoke	:broadcast	28
2026-03-19 17:53:10,007{GMT}	INFO	[jepsen worker 0] jepsen.util: 0	:ok	:broadcast	28
2026-03-19 17:53:10,172{GMT}	INFO	[jepsen worker 0] jepsen.util: 0	:invoke	:read	nil
2026-03-19 17:53:10,175{GMT}	INFO	[jepsen worker 0] jepsen.util: 0	:ok	:read	[1 3 4 5 9 10 14 15 19 21 23 25 28]
2026-03-19 17:53:10,272{GMT}	INFO	[jepsen worker 1] jepsen.util: 1	:invoke	:broadcast	29
2026-03-19 17:53:10,276{GMT}	INFO	[jepsen worker 1] jepsen.util: 1	:ok	:broadcast	29
2026-03-19 17:53:10,341{GMT}	INFO	[jepsen worker 2] jepsen.util: 2	:invoke	:read	nil
2026-03-19 17:53:10,344{GMT}	INFO	[jepsen worker 2] jepsen.util: 2	:ok	:read	[1 3 4 5 9 10 14 15 19 21 23 25 28]
2026-03-19 17:53:10,474{GMT}	INFO	[jepsen worker 3] jepsen.util: 3	:invoke	:broadcast	30
2026-03-19 17:53:10,478{GMT}	INFO	[jepsen worker 3] jepsen.util: 3	:ok	:broadcast	30
2026-03-19 17:53:10,563{GMT}	INFO	[jepsen worker 4] jepsen.util: 4	:invoke	:read	nil
2026-03-19 17:53:10,567{GMT}	INFO	[jepsen worker 4] jepsen.util: 4	:ok	:read	[]
2026-03-19 17:53:10,739{GMT}	INFO	[jepsen worker 0] jepsen.util: 0	:invoke	:read	nil
2026-03-19 17:53:10,742{GMT}	INFO	[jepsen worker 0] jepsen.util: 0	:ok	:read	[1 3 4 5 9 10 14 15 19 21 23 25 28]
2026-03-19 17:53:10,923{GMT}	INFO	[jepsen worker 0] jepsen.util: 0	:invoke	:read	nil
2026-03-19 17:53:10,927{GMT}	INFO	[jepsen worker 0] jepsen.util: 0	:ok	:read	[1 3 4 5 9 10 14 15 19 21 23 25 28]
2026-03-19 17:53:11,035{GMT}	INFO	[jepsen worker 1] jepsen.util: 1	:invoke	:read	nil
2026-03-19 17:53:11,038{GMT}	INFO	[jepsen worker 1] jepsen.util: 1	:ok	:read	[]
2026-03-19 17:53:11,056{GMT}	INFO	[jepsen worker 2] jepsen.util: 2	:invoke	:broadcast	31
2026-03-19 17:53:11,060{GMT}	INFO	[jepsen worker 2] jepsen.util: 2	:ok	:broadcast	31
2026-03-19 17:53:11,095{GMT}	INFO	[jepsen worker 3] jepsen.util: 3	:invoke	:broadcast	32
2026-03-19 17:53:11,099{GMT}	INFO	[jepsen worker 3] jepsen.util: 3	:ok	:broadcast	32
2026-03-19 17:53:11,186{GMT}	INFO	[jepsen worker 4] jepsen.util: 4	:invoke	:read	nil
2026-03-19 17:53:11,189{GMT}	INFO	[jepsen worker 4] jepsen.util: 4	:ok	:read	[]
2026-03-19 17:53:11,274{GMT}	INFO	[jepsen worker 0] jepsen.util: 0	:invoke	:read	nil
2026-03-19 17:53:11,277{GMT}	INFO	[jepsen worker 0] jepsen.util: 0	:ok	:read	[1 3 4 5 9 10 14 15 19 21 23 25 28 31]
2026-03-19 17:53:11,443{GMT}	INFO	[jepsen worker 0] jepsen.util: 0	:invoke	:broadcast	33
2026-03-19 17:53:11,448{GMT}	INFO	[jepsen worker 0] jepsen.util: 0	:ok	:broadcast	33
2026-03-19 17:53:11,487{GMT}	INFO	[jepsen worker 1] jepsen.util: 1	:invoke	:broadcast	34
2026-03-19 17:53:11,490{GMT}	INFO	[jepsen worker 1] jepsen.util: 1	:ok	:broadcast	34
2026-03-19 17:53:11,528{GMT}	INFO	[jepsen worker 2] jepsen.util: 2	:invoke	:read	nil
2026-03-19 17:53:11,531{GMT}	INFO	[jepsen worker 2] jepsen.util: 2	:ok	:read	[1 3 4 5 9 10 14 15 19 21 23 25 28 31 33]
2026-03-19 17:53:11,709{GMT}	INFO	[jepsen worker 3] jepsen.util: 3	:invoke	:broadcast	35
2026-03-19 17:53:11,712{GMT}	INFO	[jepsen worker 3] jepsen.util: 3	:ok	:broadcast	35
2026-03-19 17:53:11,871{GMT}	INFO	[jepsen worker 4] jepsen.util: 4	:invoke	:read	nil
2026-03-19 17:53:11,874{GMT}	INFO	[jepsen worker 4] jepsen.util: 4	:ok	:read	[]
2026-03-19 17:53:11,984{GMT}	INFO	[jepsen worker 0] jepsen.util: 0	:invoke	:broadcast	36
2026-03-19 17:53:11,988{GMT}	INFO	[jepsen worker 0] jepsen.util: 0	:ok	:broadcast	36
2026-03-19 17:53:12,066{GMT}	INFO	[jepsen worker 0] jepsen.util: 0	:invoke	:broadcast	37
2026-03-19 17:53:12,070{GMT}	INFO	[jepsen worker 0] jepsen.util: 0	:ok	:broadcast	37
2026-03-19 17:53:12,075{GMT}	INFO	[jepsen worker 1] jepsen.util: 1	:invoke	:read	nil
2026-03-19 17:53:12,078{GMT}	INFO	[jepsen worker 1] jepsen.util: 1	:ok	:read	[]
2026-03-19 17:53:12,149{GMT}	INFO	[jepsen worker 2] jepsen.util: 2	:invoke	:read	nil
2026-03-19 17:53:12,152{GMT}	INFO	[jepsen worker 2] jepsen.util: 2	:ok	:read	[1 3 4 5 9 10 14 15 19 21 23 25 28 31 33 36 37]
2026-03-19 17:53:12,223{GMT}	INFO	[jepsen worker 3] jepsen.util: 3	:invoke	:read	nil
2026-03-19 17:53:12,226{GMT}	INFO	[jepsen worker 3] jepsen.util: 3	:ok	:read	[]
2026-03-19 17:53:12,361{GMT}	INFO	[jepsen worker 4] jepsen.util: 4	:invoke	:read	nil
2026-03-19 17:53:12,364{GMT}	INFO	[jepsen worker 4] jepsen.util: 4	:ok	:read	[]
2026-03-19 17:53:12,389{GMT}	INFO	[jepsen worker 0] jepsen.util: 0	:invoke	:broadcast	38
2026-03-19 17:53:12,393{GMT}	INFO	[jepsen worker 0] jepsen.util: 0	:ok	:broadcast	38
2026-03-19 17:53:12,498{GMT}	INFO	[jepsen worker 0] jepsen.util: 0	:invoke	:broadcast	39
2026-03-19 17:53:12,502{GMT}	INFO	[jepsen worker 0] jepsen.util: 0	:ok	:broadcast	39
2026-03-19 17:53:12,648{GMT}	INFO	[jepsen worker 1] jepsen.util: 1	:invoke	:read	nil
2026-03-19 17:53:12,651{GMT}	INFO	[jepsen worker 1] jepsen.util: 1	:ok	:read	[]
2026-03-19 17:53:12,688{GMT}	INFO	[jepsen worker 2] jepsen.util: 2	:invoke	:broadcast	40
2026-03-19 17:53:12,692{GMT}	INFO	[jepsen worker 2] jepsen.util: 2	:ok	:broadcast	40
2026-03-19 17:53:12,853{GMT}	INFO	[jepsen worker 3] jepsen.util: 3	:invoke	:broadcast	41
2026-03-19 17:53:12,856{GMT}	INFO	[jepsen worker 3] jepsen.util: 3	:ok	:broadcast	41
2026-03-19 17:53:12,949{GMT}	INFO	[jepsen worker 4] jepsen.util: 4	:invoke	:broadcast	42
2026-03-19 17:53:12,953{GMT}	INFO	[jepsen worker 4] jepsen.util: 4	:ok	:broadcast	42
2026-03-19 17:53:13,095{GMT}	INFO	[jepsen worker 0] jepsen.util: 0	:invoke	:broadcast	43
2026-03-19 17:53:13,099{GMT}	INFO	[jepsen worker 0] jepsen.util: 0	:ok	:broadcast	43
2026-03-19 17:53:13,128{GMT}	INFO	[jepsen worker 0] jepsen.util: 0	:invoke	:read	nil
2026-03-19 17:53:13,131{GMT}	INFO	[jepsen worker 0] jepsen.util: 0	:ok	:read	[1 3 4 5 9 10 14 15 19 21 23 25 28 31 33 36 37 38 39 40 43]
2026-03-19 17:53:13,253{GMT}	INFO	[jepsen worker 1] jepsen.util: 1	:invoke	:broadcast	44
2026-03-19 17:53:13,257{GMT}	INFO	[jepsen worker 1] jepsen.util: 1	:ok	:broadcast	44
2026-03-19 17:53:13,359{GMT}	INFO	[jepsen worker 2] jepsen.util: 2	:invoke	:read	nil
2026-03-19 17:53:13,363{GMT}	INFO	[jepsen worker 2] jepsen.util: 2	:ok	:read	[1 3 4 5 9 10 14 15 19 21 23 25 28 31 33 36 37 38 39 40 43]
2026-03-19 17:53:13,509{GMT}	INFO	[jepsen worker 3] jepsen.util: 3	:invoke	:read	nil
2026-03-19 17:53:13,512{GMT}	INFO	[jepsen worker 3] jepsen.util: 3	:ok	:read	[]
2026-03-19 17:53:13,703{GMT}	INFO	[jepsen worker 4] jepsen.util: 4	:invoke	:read	nil
2026-03-19 17:53:13,707{GMT}	INFO	[jepsen worker 4] jepsen.util: 4	:ok	:read	[]
2026-03-19 17:53:13,830{GMT}	INFO	[jepsen worker 0] jepsen.util: 0	:invoke	:read	nil
2026-03-19 17:53:13,833{GMT}	INFO	[jepsen worker 0] jepsen.util: 0	:ok	:read	[1 3 4 5 9 10 14 15 19 21 23 25 28 31 33 36 37 38 39 40 43]
2026-03-19 17:53:13,988{GMT}	INFO	[jepsen worker 0] jepsen.util: 0	:invoke	:broadcast	45
2026-03-19 17:53:13,992{GMT}	INFO	[jepsen worker 0] jepsen.util: 0	:ok	:broadcast	45
2026-03-19 17:53:14,118{GMT}	INFO	[jepsen worker 1] jepsen.util: 1	:invoke	:read	nil
2026-03-19 17:53:14,121{GMT}	INFO	[jepsen worker 1] jepsen.util: 1	:ok	:read	[]
2026-03-19 17:53:14,260{GMT}	INFO	[jepsen worker 2] jepsen.util: 2	:invoke	:broadcast	46
2026-03-19 17:53:14,264{GMT}	INFO	[jepsen worker 2] jepsen.util: 2	:ok	:broadcast	46
2026-03-19 17:53:14,439{GMT}	INFO	[jepsen worker 3] jepsen.util: 3	:invoke	:broadcast	47
2026-03-19 17:53:14,442{GMT}	INFO	[jepsen worker 3] jepsen.util: 3	:ok	:broadcast	47
2026-03-19 17:53:14,591{GMT}	INFO	[jepsen worker 4] jepsen.util: 4	:invoke	:read	nil
2026-03-19 17:53:14,594{GMT}	INFO	[jepsen worker 4] jepsen.util: 4	:ok	:read	[]
2026-03-19 17:53:14,602{GMT}	INFO	[jepsen worker 0] jepsen.util: 0	:invoke	:broadcast	48
2026-03-19 17:53:14,606{GMT}	INFO	[jepsen worker 0] jepsen.util: 0	:ok	:broadcast	48
2026-03-19 17:53:14,787{GMT}	INFO	[jepsen worker 0] jepsen.util: 0	:invoke	:broadcast	49
2026-03-19 17:53:14,790{GMT}	INFO	[jepsen worker 0] jepsen.util: 0	:ok	:broadcast	49
2026-03-19 17:53:14,910{GMT}	INFO	[jepsen worker 1] jepsen.util: 1	:invoke	:read	nil
2026-03-19 17:53:14,913{GMT}	INFO	[jepsen worker 1] jepsen.util: 1	:ok	:read	[]
2026-03-19 17:53:15,044{GMT}	INFO	[jepsen worker 2] jepsen.util: 2	:invoke	:broadcast	50
2026-03-19 17:53:15,047{GMT}	INFO	[jepsen worker 2] jepsen.util: 2	:ok	:broadcast	50
2026-03-19 17:53:15,112{GMT}	INFO	[jepsen worker 3] jepsen.util: 3	:invoke	:broadcast	51
2026-03-19 17:53:15,116{GMT}	INFO	[jepsen worker 3] jepsen.util: 3	:ok	:broadcast	51
2026-03-19 17:53:15,119{GMT}	INFO	[jepsen worker 4] jepsen.util: 4	:invoke	:broadcast	52
2026-03-19 17:53:15,123{GMT}	INFO	[jepsen worker 4] jepsen.util: 4	:ok	:broadcast	52
2026-03-19 17:53:15,253{GMT}	INFO	[jepsen worker 0] jepsen.util: 0	:invoke	:broadcast	53
2026-03-19 17:53:15,257{GMT}	INFO	[jepsen worker 0] jepsen.util: 0	:ok	:broadcast	53
2026-03-19 17:53:15,403{GMT}	INFO	[jepsen worker 0] jepsen.util: 0	:invoke	:read	nil
2026-03-19 17:53:15,406{GMT}	INFO	[jepsen worker 0] jepsen.util: 0	:ok	:read	[1 3 4 5 9 10 14 15 19 21 23 25 28 31 33 36 37 38 39 40 43 45 46 48 49 50 53]
2026-03-19 17:53:15,485{GMT}	INFO	[jepsen worker 1] jepsen.util: 1	:invoke	:read	nil
2026-03-19 17:53:15,488{GMT}	INFO	[jepsen worker 1] jepsen.util: 1	:ok	:read	[]
2026-03-19 17:53:15,582{GMT}	INFO	[jepsen worker 2] jepsen.util: 2	:invoke	:read	nil
2026-03-19 17:53:15,585{GMT}	INFO	[jepsen worker 2] jepsen.util: 2	:ok	:read	[1 3 4 5 9 10 14 15 19 21 23 25 28 31 33 36 37 38 39 40 43 45 46 48 49 50 53]
2026-03-19 17:53:15,626{GMT}	INFO	[jepsen worker 3] jepsen.util: 3	:invoke	:read	nil
2026-03-19 17:53:15,628{GMT}	INFO	[jepsen worker 3] jepsen.util: 3	:ok	:read	[]
2026-03-19 17:53:15,735{GMT}	INFO	[jepsen worker 4] jepsen.util: 4	:invoke	:broadcast	54
2026-03-19 17:53:15,737{GMT}	INFO	[jepsen worker 4] jepsen.util: 4	:ok	:broadcast	54
2026-03-19 17:53:15,804{GMT}	INFO	[jepsen worker 0] jepsen.util: 0	:invoke	:read	nil
2026-03-19 17:53:15,806{GMT}	INFO	[jepsen worker 0] jepsen.util: 0	:ok	:read	[1 3 4 5 9 10 14 15 19 21 23 25 28 31 33 36 37 38 39 40 43 45 46 48 49 50 53]
2026-03-19 17:53:15,937{GMT}	INFO	[jepsen worker 0] jepsen.util: 0	:invoke	:broadcast	55
2026-03-19 17:53:15,944{GMT}	INFO	[jepsen worker 0] jepsen.util: 0	:ok	:broadcast	55
2026-03-19 17:53:15,972{GMT}	INFO	[jepsen worker 1] jepsen.util: 1	:invoke	:broadcast	56
2026-03-19 17:53:15,976{GMT}	INFO	[jepsen worker 1] jepsen.util: 1	:ok	:broadcast	56
2026-03-19 17:53:16,013{GMT}	INFO	[jepsen worker 2] jepsen.util: 2	:invoke	:broadcast	57
2026-03-19 17:53:16,017{GMT}	INFO	[jepsen worker 2] jepsen.util: 2	:ok	:broadcast	57
2026-03-19 17:53:16,124{GMT}	INFO	[jepsen worker 3] jepsen.util: 3	:invoke	:read	nil
2026-03-19 17:53:16,125{GMT}	INFO	[jepsen worker 3] jepsen.util: 3	:ok	:read	[]
2026-03-19 17:53:16,215{GMT}	INFO	[jepsen worker 4] jepsen.util: 4	:invoke	:broadcast	58
2026-03-19 17:53:16,218{GMT}	INFO	[jepsen worker 4] jepsen.util: 4	:ok	:broadcast	58
2026-03-19 17:53:16,276{GMT}	INFO	[jepsen worker 0] jepsen.util: 0	:invoke	:read	nil
2026-03-19 17:53:16,279{GMT}	INFO	[jepsen worker 0] jepsen.util: 0	:ok	:read	[1 3 4 5 9 10 14 15 19 21 23 25 28 31 33 36 37 38 39 40 43 45 46 48 49 50 53 55 57]
2026-03-19 17:53:16,441{GMT}	INFO	[jepsen worker 0] jepsen.util: 0	:invoke	:read	nil
2026-03-19 17:53:16,445{GMT}	INFO	[jepsen worker 0] jepsen.util: 0	:ok	:read	[1 3 4 5 9 10 14 15 19 21 23 25 28 31 33 36 37 38 39 40 43 45 46 48 49 50 53 55 57]
2026-03-19 17:53:16,548{GMT}	INFO	[jepsen worker 1] jepsen.util: 1	:invoke	:broadcast	59
2026-03-19 17:53:16,550{GMT}	INFO	[jepsen worker 1] jepsen.util: 1	:ok	:broadcast	59
2026-03-19 17:53:16,699{GMT}	INFO	[jepsen worker 2] jepsen.util: 2	:invoke	:read	nil
2026-03-19 17:53:16,702{GMT}	INFO	[jepsen worker 2] jepsen.util: 2	:ok	:read	[1 3 4 5 9 10 14 15 19 21 23 25 28 31 33 36 37 38 39 40 43 45 46 48 49 50 53 55 57]
2026-03-19 17:53:16,831{GMT}	INFO	[jepsen worker 3] jepsen.util: 3	:invoke	:read	nil
2026-03-19 17:53:16,834{GMT}	INFO	[jepsen worker 3] jepsen.util: 3	:ok	:read	[]
2026-03-19 17:53:16,958{GMT}	INFO	[jepsen worker 4] jepsen.util: 4	:invoke	:read	nil
2026-03-19 17:53:16,961{GMT}	INFO	[jepsen worker 4] jepsen.util: 4	:ok	:read	[]
2026-03-19 17:53:16,976{GMT}	INFO	[jepsen worker 0] jepsen.util: 0	:invoke	:read	nil
2026-03-19 17:53:16,979{GMT}	INFO	[jepsen worker 0] jepsen.util: 0	:ok	:read	[1 3 4 5 9 10 14 15 19 21 23 25 28 31 33 36 37 38 39 40 43 45 46 48 49 50 53 55 57]
2026-03-19 17:53:16,988{GMT}	INFO	[jepsen worker 0] jepsen.util: 0	:invoke	:broadcast	60
2026-03-19 17:53:16,991{GMT}	INFO	[jepsen worker 0] jepsen.util: 0	:ok	:broadcast	60
2026-03-19 17:53:17,143{GMT}	INFO	[jepsen worker 1] jepsen.util: 1	:invoke	:read	nil
2026-03-19 17:53:17,146{GMT}	INFO	[jepsen worker 1] jepsen.util: 1	:ok	:read	[]
2026-03-19 17:53:17,158{GMT}	INFO	[jepsen worker 2] jepsen.util: 2	:invoke	:broadcast	61
2026-03-19 17:53:17,161{GMT}	INFO	[jepsen worker 2] jepsen.util: 2	:ok	:broadcast	61
2026-03-19 17:53:17,329{GMT}	INFO	[jepsen worker 3] jepsen.util: 3	:invoke	:broadcast	62
2026-03-19 17:53:17,332{GMT}	INFO	[jepsen worker 3] jepsen.util: 3	:ok	:broadcast	62
2026-03-19 17:53:17,489{GMT}	INFO	[jepsen worker 4] jepsen.util: 4	:invoke	:broadcast	63
2026-03-19 17:53:17,492{GMT}	INFO	[jepsen worker 4] jepsen.util: 4	:ok	:broadcast	63
2026-03-19 17:53:17,507{GMT}	INFO	[jepsen worker 0] jepsen.util: 0	:invoke	:read	nil
2026-03-19 17:53:17,510{GMT}	INFO	[jepsen worker 0] jepsen.util: 0	:ok	:read	[1 3 4 5 9 10 14 15 19 21 23 25 28 31 33 36 37 38 39 40 43 45 46 48 49 50 53 55 57 60 61]
2026-03-19 17:53:17,680{GMT}	INFO	[jepsen worker 0] jepsen.util: 0	:invoke	:broadcast	64
2026-03-19 17:53:17,683{GMT}	INFO	[jepsen worker 0] jepsen.util: 0	:ok	:broadcast	64
2026-03-19 17:53:17,832{GMT}	INFO	[jepsen worker 1] jepsen.util: 1	:invoke	:read	nil
2026-03-19 17:53:17,834{GMT}	INFO	[jepsen worker 1] jepsen.util: 1	:ok	:read	[]
2026-03-19 17:53:17,954{GMT}	INFO	[jepsen worker 2] jepsen.util: 2	:invoke	:read	nil
2026-03-19 17:53:17,957{GMT}	INFO	[jepsen worker 2] jepsen.util: 2	:ok	:read	[1 3 4 5 9 10 14 15 19 21 23 25 28 31 33 36 37 38 39 40 43 45 46 48 49 50 53 55 57 60 61 64]
2026-03-19 17:53:18,014{GMT}	INFO	[jepsen worker 3] jepsen.util: 3	:invoke	:broadcast	65
2026-03-19 17:53:18,017{GMT}	INFO	[jepsen worker 3] jepsen.util: 3	:ok	:broadcast	65
2026-03-19 17:53:18,152{GMT}	INFO	[jepsen worker 4] jepsen.util: 4	:invoke	:read	nil
2026-03-19 17:53:18,155{GMT}	INFO	[jepsen worker 4] jepsen.util: 4	:ok	:read	[]
2026-03-19 17:53:18,337{GMT}	INFO	[jepsen worker 0] jepsen.util: 0	:invoke	:read	nil
2026-03-19 17:53:18,340{GMT}	INFO	[jepsen worker 0] jepsen.util: 0	:ok	:read	[1 3 4 5 9 10 14 15 19 21 23 25 28 31 33 36 37 38 39 40 43 45 46 48 49 50 53 55 57 60 61 64]
2026-03-19 17:53:18,346{GMT}	INFO	[jepsen worker 0] jepsen.util: 0	:invoke	:read	nil
2026-03-19 17:53:18,349{GMT}	INFO	[jepsen worker 0] jepsen.util: 0	:ok	:read	[1 3 4 5 9 10 14 15 19 21 23 25 28 31 33 36 37 38 39 40 43 45 46 48 49 50 53 55 57 60 61 64]
2026-03-19 17:53:18,388{GMT}	INFO	[jepsen worker 1] jepsen.util: 1	:invoke	:broadcast	66
2026-03-19 17:53:18,391{GMT}	INFO	[jepsen worker 1] jepsen.util: 1	:ok	:broadcast	66
2026-03-19 17:53:18,568{GMT}	INFO	[jepsen worker 2] jepsen.util: 2	:invoke	:read	nil
2026-03-19 17:53:18,571{GMT}	INFO	[jepsen worker 2] jepsen.util: 2	:ok	:read	[1 3 4 5 9 10 14 15 19 21 23 25 28 31 33 36 37 38 39 40 43 45 46 48 49 50 53 55 57 60 61 64]
2026-03-19 17:53:18,699{GMT}	INFO	[jepsen worker 3] jepsen.util: 3	:invoke	:read	nil
2026-03-19 17:53:18,701{GMT}	INFO	[jepsen worker 3] jepsen.util: 3	:ok	:read	[]
2026-03-19 17:53:18,799{GMT}	INFO	[jepsen worker 4] jepsen.util: 4	:invoke	:read	nil
2026-03-19 17:53:18,802{GMT}	INFO	[jepsen worker 4] jepsen.util: 4	:ok	:read	[]
2026-03-19 17:53:18,930{GMT}	INFO	[jepsen worker 0] jepsen.util: 0	:invoke	:read	nil
2026-03-19 17:53:18,933{GMT}	INFO	[jepsen worker 0] jepsen.util: 0	:ok	:read	[1 3 4 5 9 10 14 15 19 21 23 25 28 31 33 36 37 38 39 40 43 45 46 48 49 50 53 55 57 60 61 64]
2026-03-19 17:53:18,969{GMT}	INFO	[jepsen worker 0] jepsen.util: 0	:invoke	:read	nil
2026-03-19 17:53:18,970{GMT}	INFO	[jepsen worker 1] jepsen.util: 1	:invoke	:broadcast	67
2026-03-19 17:53:18,971{GMT}	INFO	[jepsen worker 0] jepsen.util: 0	:ok	:read	[1 3 4 5 9 10 14 15 19 21 23 25 28 31 33 36 37 38 39 40 43 45 46 48 49 50 53 55 57 60 61 64]
2026-03-19 17:53:18,973{GMT}	INFO	[jepsen worker 1] jepsen.util: 1	:ok	:broadcast	67
2026-03-19 17:53:19,028{GMT}	INFO	[jepsen worker 2] jepsen.util: 2	:invoke	:broadcast	68
2026-03-19 17:53:19,031{GMT}	INFO	[jepsen worker 2] jepsen.util: 2	:ok	:broadcast	68
2026-03-19 17:53:19,067{GMT}	INFO	[jepsen worker 3] jepsen.util: 3	:invoke	:broadcast	69
2026-03-19 17:53:19,070{GMT}	INFO	[jepsen worker 3] jepsen.util: 3	:ok	:broadcast	69
2026-03-19 17:53:19,124{GMT}	INFO	[jepsen worker 4] jepsen.util: 4	:invoke	:broadcast	70
2026-03-19 17:53:19,126{GMT}	INFO	[jepsen worker 4] jepsen.util: 4	:ok	:broadcast	70
2026-03-19 17:53:19,273{GMT}	INFO	[jepsen worker 0] jepsen.util: 0	:invoke	:broadcast	71
2026-03-19 17:53:19,276{GMT}	INFO	[jepsen worker 0] jepsen.util: 0	:ok	:broadcast	71
2026-03-19 17:53:19,377{GMT}	INFO	[jepsen worker 0] jepsen.util: 0	:invoke	:broadcast	72
2026-03-19 17:53:19,380{GMT}	INFO	[jepsen worker 0] jepsen.util: 0	:ok	:broadcast	72
2026-03-19 17:53:19,386{GMT}	INFO	[jepsen worker 1] jepsen.util: 1	:invoke	:broadcast	73
2026-03-19 17:53:19,389{GMT}	INFO	[jepsen worker 1] jepsen.util: 1	:ok	:broadcast	73
2026-03-19 17:53:19,477{GMT}	INFO	[jepsen worker 2] jepsen.util: 2	:invoke	:broadcast	74
2026-03-19 17:53:19,480{GMT}	INFO	[jepsen worker 2] jepsen.util: 2	:ok	:broadcast	74
2026-03-19 17:53:19,586{GMT}	INFO	[jepsen worker 3] jepsen.util: 3	:invoke	:broadcast	75
2026-03-19 17:53:19,589{GMT}	INFO	[jepsen worker 3] jepsen.util: 3	:ok	:broadcast	75
2026-03-19 17:53:19,623{GMT}	INFO	[jepsen worker 4] jepsen.util: 4	:invoke	:read	nil
2026-03-19 17:53:19,625{GMT}	INFO	[jepsen worker 4] jepsen.util: 4	:ok	:read	[]
2026-03-19 17:53:19,708{GMT}	INFO	[jepsen worker 0] jepsen.util: 0	:invoke	:broadcast	76
2026-03-19 17:53:19,711{GMT}	INFO	[jepsen worker 0] jepsen.util: 0	:ok	:broadcast	76
2026-03-19 17:53:19,795{GMT}	INFO	[jepsen worker 0] jepsen.util: 0	:invoke	:broadcast	77
2026-03-19 17:53:19,799{GMT}	INFO	[jepsen worker 0] jepsen.util: 0	:ok	:broadcast	77
2026-03-19 17:53:19,978{GMT}	INFO	[jepsen worker 1] jepsen.util: 1	:invoke	:broadcast	78
2026-03-19 17:53:19,981{GMT}	INFO	[jepsen worker 1] jepsen.util: 1	:ok	:broadcast	78
2026-03-19 17:53:20,003{GMT}	INFO	[jepsen worker 2] jepsen.util: 2	:invoke	:broadcast	79
2026-03-19 17:53:20,006{GMT}	INFO	[jepsen worker 2] jepsen.util: 2	:ok	:broadcast	79
2026-03-19 17:53:20,052{GMT}	INFO	[jepsen worker 3] jepsen.util: 3	:invoke	:broadcast	80
2026-03-19 17:53:20,055{GMT}	INFO	[jepsen worker 3] jepsen.util: 3	:ok	:broadcast	80
2026-03-19 17:53:20,228{GMT}	INFO	[jepsen worker 4] jepsen.util: 4	:invoke	:broadcast	81
2026-03-19 17:53:20,230{GMT}	INFO	[jepsen worker 4] jepsen.util: 4	:ok	:broadcast	81
2026-03-19 17:53:20,242{GMT}	INFO	[jepsen worker nemesis] jepsen.util: :nemesis	:info	:stop-partition	nil
2026-03-19 17:53:20,242{GMT}	INFO	[jepsen worker nemesis] jepsen.util: :nemesis	:info	:stop-partition	:network-healed
2026-03-19 17:53:20,279{GMT}	INFO	[jepsen worker 0] jepsen.util: 0	:invoke	:read	nil
2026-03-19 17:53:20,281{GMT}	INFO	[jepsen worker 0] jepsen.util: 0	:ok	:read	[1 3 4 5 9 10 14 15 19 21 23 25 28 31 33 36 37 38 39 40 43 45 46 48 49 50 53 55 57 60 61 64 68 71 72 74 76 77 79]
2026-03-19 17:53:20,390{GMT}	INFO	[jepsen worker 1] jepsen.util: 1	:invoke	:read	nil
2026-03-19 17:53:20,393{GMT}	INFO	[jepsen worker 1] jepsen.util: 1	:ok	:read	[]
2026-03-19 17:53:20,576{GMT}	INFO	[jepsen worker 2] jepsen.util: 2	:invoke	:read	nil
2026-03-19 17:53:20,579{GMT}	INFO	[jepsen worker 2] jepsen.util: 2	:ok	:read	[1 3 4 5 9 10 14 15 19 21 23 25 28 31 33 36 37 38 39 40 43 45 46 48 49 50 53 55 57 60 61 64 68 71 72 74 76 77 79]
2026-03-19 17:53:20,752{GMT}	INFO	[jepsen worker 3] jepsen.util: 3	:invoke	:read	nil
2026-03-19 17:53:20,754{GMT}	INFO	[jepsen worker 3] jepsen.util: 3	:ok	:read	[]
2026-03-19 17:53:20,828{GMT}	INFO	[jepsen worker 4] jepsen.util: 4	:invoke	:broadcast	82
2026-03-19 17:53:20,831{GMT}	INFO	[jepsen worker 4] jepsen.util: 4	:ok	:broadcast	82
2026-03-19 17:53:20,870{GMT}	INFO	[jepsen worker 0] jepsen.util: 0	:invoke	:read	nil
2026-03-19 17:53:20,871{GMT}	INFO	[jepsen worker 0] jepsen.util: 0	:ok	:read	[1 3 4 5 9 10 14 15 19 21 23 25 28 31 33 36 37 38 39 40 43 45 46 48 49 50 53 55 57 60 61 64 68 71 72 74 76 77 79 82]
2026-03-19 17:53:20,942{GMT}	INFO	[jepsen worker 0] jepsen.util: 0	:invoke	:read	nil
2026-03-19 17:53:20,945{GMT}	INFO	[jepsen worker 0] jepsen.util: 0	:ok	:read	[1 3 4 5 9 10 14 15 19 21 23 25 28 31 33 36 37 38 39 40 43 45 46 48 49 50 53 55 57 60 61 64 68 71 72 74 76 77 79 82]
2026-03-19 17:53:20,979{GMT}	INFO	[jepsen worker 1] jepsen.util: 1	:invoke	:read	nil
2026-03-19 17:53:20,981{GMT}	INFO	[jepsen worker 1] jepsen.util: 1	:ok	:read	[82]
2026-03-19 17:53:21,050{GMT}	INFO	[jepsen worker 2] jepsen.util: 2	:invoke	:broadcast	83
2026-03-19 17:53:21,053{GMT}	INFO	[jepsen worker 2] jepsen.util: 2	:ok	:broadcast	83
2026-03-19 17:53:21,198{GMT}	INFO	[jepsen worker 3] jepsen.util: 3	:invoke	:broadcast	84
2026-03-19 17:53:21,201{GMT}	INFO	[jepsen worker 3] jepsen.util: 3	:ok	:broadcast	84
2026-03-19 17:53:21,230{GMT}	INFO	[jepsen worker 4] jepsen.util: 4	:invoke	:read	nil
2026-03-19 17:53:21,232{GMT}	INFO	[jepsen worker 4] jepsen.util: 4	:ok	:read	[82 83 84]
2026-03-19 17:53:21,351{GMT}	INFO	[jepsen worker 0] jepsen.util: 0	:invoke	:broadcast	85
2026-03-19 17:53:21,355{GMT}	INFO	[jepsen worker 0] jepsen.util: 0	:ok	:broadcast	85
2026-03-19 17:53:21,480{GMT}	INFO	[jepsen worker 0] jepsen.util: 0	:invoke	:broadcast	86
2026-03-19 17:53:21,483{GMT}	INFO	[jepsen worker 0] jepsen.util: 0	:ok	:broadcast	86
2026-03-19 17:53:21,653{GMT}	INFO	[jepsen worker 1] jepsen.util: 1	:invoke	:broadcast	87
2026-03-19 17:53:21,656{GMT}	INFO	[jepsen worker 1] jepsen.util: 1	:ok	:broadcast	87
2026-03-19 17:53:21,665{GMT}	INFO	[jepsen worker 2] jepsen.util: 2	:invoke	:broadcast	88
2026-03-19 17:53:21,667{GMT}	INFO	[jepsen worker 2] jepsen.util: 2	:ok	:broadcast	88
2026-03-19 17:53:21,838{GMT}	INFO	[jepsen worker 3] jepsen.util: 3	:invoke	:read	nil
2026-03-19 17:53:21,841{GMT}	INFO	[jepsen worker 3] jepsen.util: 3	:ok	:read	[82 83 84 85 86 87 88]
2026-03-19 17:53:21,925{GMT}	INFO	[jepsen worker 4] jepsen.util: 4	:invoke	:read	nil
2026-03-19 17:53:21,927{GMT}	INFO	[jepsen worker 4] jepsen.util: 4	:ok	:read	[82 83 84 85 86 87 88]
2026-03-19 17:53:22,093{GMT}	INFO	[jepsen worker 0] jepsen.util: 0	:invoke	:read	nil
2026-03-19 17:53:22,096{GMT}	INFO	[jepsen worker 0] jepsen.util: 0	:ok	:read	[1 3 4 5 9 10 14 15 19 21 23 25 28 31 33 36 37 38 39 40 43 45 46 48 49 50 53 55 57 60 61 64 68 71 72 74 76 77 79 82 83 84 85 86 87 88]
2026-03-19 17:53:22,257{GMT}	INFO	[jepsen worker 0] jepsen.util: 0	:invoke	:broadcast	89
2026-03-19 17:53:22,260{GMT}	INFO	[jepsen worker 0] jepsen.util: 0	:ok	:broadcast	89
2026-03-19 17:53:22,344{GMT}	INFO	[jepsen worker 1] jepsen.util: 1	:invoke	:read	nil
2026-03-19 17:53:22,347{GMT}	INFO	[jepsen worker 1] jepsen.util: 1	:ok	:read	[82 83 84 85 86 87 88 89]
2026-03-19 17:53:22,347{GMT}	INFO	[jepsen worker 2] jepsen.util: 2	:invoke	:read	nil
2026-03-19 17:53:22,350{GMT}	INFO	[jepsen worker 2] jepsen.util: 2	:ok	:read	[1 3 4 5 9 10 14 15 19 21 23 25 28 31 33 36 37 38 39 40 43 45 46 48 49 50 53 55 57 60 61 64 68 71 72 74 76 77 79 82 83 84 85 86 87 88 89]
2026-03-19 17:53:22,496{GMT}	INFO	[jepsen worker 3] jepsen.util: 3	:invoke	:broadcast	90
2026-03-19 17:53:22,499{GMT}	INFO	[jepsen worker 3] jepsen.util: 3	:ok	:broadcast	90
2026-03-19 17:53:22,596{GMT}	INFO	[jepsen worker 4] jepsen.util: 4	:invoke	:broadcast	91
2026-03-19 17:53:22,599{GMT}	INFO	[jepsen worker 4] jepsen.util: 4	:ok	:broadcast	91
2026-03-19 17:53:22,695{GMT}	INFO	[jepsen worker 0] jepsen.util: 0	:invoke	:broadcast	92
2026-03-19 17:53:22,698{GMT}	INFO	[jepsen worker 0] jepsen.util: 0	:ok	:broadcast	92
2026-03-19 17:53:22,849{GMT}	INFO	[jepsen worker 0] jepsen.util: 0	:invoke	:read	nil
2026-03-19 17:53:22,852{GMT}	INFO	[jepsen worker 0] jepsen.util: 0	:ok	:read	[1 3 4 5 9 10 14 15 19 21 23 25 28 31 33 36 37 38 39 40 43 45 46 48 49 50 53 55 57 60 61 64 68 71 72 74 76 77 79 82 83 84 85 86 87 88 89 90 91 92]
2026-03-19 17:53:22,913{GMT}	INFO	[jepsen worker 1] jepsen.util: 1	:invoke	:read	nil
2026-03-19 17:53:22,915{GMT}	INFO	[jepsen worker 1] jepsen.util: 1	:ok	:read	[82 83 84 85 86 87 88 89 90 91 92]
2026-03-19 17:53:23,008{GMT}	INFO	[jepsen worker 2] jepsen.util: 2	:invoke	:read	nil
2026-03-19 17:53:23,008{GMT}	INFO	[jepsen worker 3] jepsen.util: 3	:invoke	:broadcast	93
2026-03-19 17:53:23,011{GMT}	INFO	[jepsen worker 3] jepsen.util: 3	:ok	:broadcast	93
2026-03-19 17:53:23,011{GMT}	INFO	[jepsen worker 2] jepsen.util: 2	:ok	:read	[1 3 4 5 9 10 14 15 19 21 23 25 28 31 33 36 37 38 39 40 43 45 46 48 49 50 53 55 57 60 61 64 68 71 72 74 76 77 79 82 83 84 85 86 87 88 89 90 91 92]
2026-03-19 17:53:23,206{GMT}	INFO	[jepsen worker 4] jepsen.util: 4	:invoke	:read	nil
2026-03-19 17:53:23,209{GMT}	INFO	[jepsen worker 4] jepsen.util: 4	:ok	:read	[82 83 84 85 86 87 88 89 90 91 92 93]
2026-03-19 17:53:23,216{GMT}	INFO	[jepsen worker 0] jepsen.util: 0	:invoke	:read	nil
2026-03-19 17:53:23,218{GMT}	INFO	[jepsen worker 0] jepsen.util: 0	:ok	:read	[1 3 4 5 9 10 14 15 19 21 23 25 28 31 33 36 37 38 39 40 43 45 46 48 49 50 53 55 57 60 61 64 68 71 72 74 76 77 79 82 83 84 85 86 87 88 89 90 91 92 93]
2026-03-19 17:53:23,309{GMT}	INFO	[jepsen worker 0] jepsen.util: 0	:invoke	:read	nil
2026-03-19 17:53:23,311{GMT}	INFO	[jepsen worker 0] jepsen.util: 0	:ok	:read	[1 3 4 5 9 10 14 15 19 21 23 25 28 31 33 36 37 38 39 40 43 45 46 48 49 50 53 55 57 60 61 64 68 71 72 74 76 77 79 82 83 84 85 86 87 88 89 90 91 92 93]
2026-03-19 17:53:23,355{GMT}	INFO	[jepsen worker 1] jepsen.util: 1	:invoke	:read	nil
2026-03-19 17:53:23,358{GMT}	INFO	[jepsen worker 1] jepsen.util: 1	:ok	:read	[82 83 84 85 86 87 88 89 90 91 92 93]
2026-03-19 17:53:23,459{GMT}	INFO	[jepsen worker 2] jepsen.util: 2	:invoke	:read	nil
2026-03-19 17:53:23,462{GMT}	INFO	[jepsen worker 2] jepsen.util: 2	:ok	:read	[1 3 4 5 9 10 14 15 19 21 23 25 28 31 33 36 37 38 39 40 43 45 46 48 49 50 53 55 57 60 61 64 68 71 72 74 76 77 79 82 83 84 85 86 87 88 89 90 91 92 93]
2026-03-19 17:53:23,570{GMT}	INFO	[jepsen worker 3] jepsen.util: 3	:invoke	:read	nil
2026-03-19 17:53:23,573{GMT}	INFO	[jepsen worker 3] jepsen.util: 3	:ok	:read	[82 83 84 85 86 87 88 89 90 91 92 93]
2026-03-19 17:53:23,692{GMT}	INFO	[jepsen worker 4] jepsen.util: 4	:invoke	:read	nil
2026-03-19 17:53:23,695{GMT}	INFO	[jepsen worker 4] jepsen.util: 4	:ok	:read	[82 83 84 85 86 87 88 89 90 91 92 93]
2026-03-19 17:53:23,782{GMT}	INFO	[jepsen worker 0] jepsen.util: 0	:invoke	:broadcast	94
2026-03-19 17:53:23,785{GMT}	INFO	[jepsen worker 0] jepsen.util: 0	:ok	:broadcast	94
2026-03-19 17:53:23,901{GMT}	INFO	[jepsen worker 0] jepsen.util: 0	:invoke	:broadcast	95
2026-03-19 17:53:23,904{GMT}	INFO	[jepsen worker 0] jepsen.util: 0	:ok	:broadcast	95
2026-03-19 17:53:24,078{GMT}	INFO	[jepsen worker 1] jepsen.util: 1	:invoke	:read	nil
2026-03-19 17:53:24,081{GMT}	INFO	[jepsen worker 1] jepsen.util: 1	:ok	:read	[82 83 84 85 86 87 88 89 90 91 92 93 94 95]
2026-03-19 17:53:24,264{GMT}	INFO	[jepsen worker 2] jepsen.util: 2	:invoke	:read	nil
2026-03-19 17:53:24,267{GMT}	INFO	[jepsen worker 2] jepsen.util: 2	:ok	:read	[1 3 4 5 9 10 14 15 19 21 23 25 28 31 33 36 37 38 39 40 43 45 46 48 49 50 53 55 57 60 61 64 68 71 72 74 76 77 79 82 83 84 85 86 87 88 89 90 91 92 93 94 95]
2026-03-19 17:53:24,465{GMT}	INFO	[jepsen worker 3] jepsen.util: 3	:invoke	:read	nil
2026-03-19 17:53:24,468{GMT}	INFO	[jepsen worker 3] jepsen.util: 3	:ok	:read	[82 83 84 85 86 87 88 89 90 91 92 93 94 95]
2026-03-19 17:53:24,619{GMT}	INFO	[jepsen worker 4] jepsen.util: 4	:invoke	:broadcast	96
2026-03-19 17:53:24,621{GMT}	INFO	[jepsen worker 4] jepsen.util: 4	:ok	:broadcast	96
2026-03-19 17:53:24,731{GMT}	INFO	[jepsen worker 0] jepsen.util: 0	:invoke	:read	nil
2026-03-19 17:53:24,734{GMT}	INFO	[jepsen worker 0] jepsen.util: 0	:ok	:read	[1 3 4 5 9 10 14 15 19 21 23 25 28 31 33 36 37 38 39 40 43 45 46 48 49 50 53 55 57 60 61 64 68 71 72 74 76 77 79 82 83 84 85 86 87 88 89 90 91 92 93 94 95 96]
2026-03-19 17:53:24,870{GMT}	INFO	[jepsen worker 0] jepsen.util: 0	:invoke	:read	nil
2026-03-19 17:53:24,873{GMT}	INFO	[jepsen worker 0] jepsen.util: 0	:ok	:read	[1 3 4 5 9 10 14 15 19 21 23 25 28 31 33 36 37 38 39 40 43 45 46 48 49 50 53 55 57 60 61 64 68 71 72 74 76 77 79 82 83 84 85 86 87 88 89 90 91 92 93 94 95 96]
2026-03-19 17:53:25,010{GMT}	INFO	[jepsen worker 1] jepsen.util: 1	:invoke	:read	nil
2026-03-19 17:53:25,012{GMT}	INFO	[jepsen worker 1] jepsen.util: 1	:ok	:read	[82 83 84 85 86 87 88 89 90 91 92 93 94 95 96]
2026-03-19 17:53:25,046{GMT}	INFO	[jepsen worker 2] jepsen.util: 2	:invoke	:broadcast	97
2026-03-19 17:53:25,048{GMT}	INFO	[jepsen worker 2] jepsen.util: 2	:ok	:broadcast	97
2026-03-19 17:53:25,049{GMT}	INFO	[jepsen worker nemesis] jepsen.util: :nemesis	:info	:stop-partition	nil
2026-03-19 17:53:25,049{GMT}	INFO	[jepsen worker nemesis] jepsen.util: :nemesis	:info	:stop-partition	:network-healed
2026-03-19 17:53:25,050{GMT}	INFO	[jepsen worker 4] jepsen.generator.interpreter: Waiting for recovery...
2026-03-19 17:53:35,055{GMT}	INFO	[jepsen worker 2] jepsen.util: 2	:invoke	:read	nil
2026-03-19 17:53:35,056{GMT}	INFO	[jepsen worker 3] jepsen.util: 3	:invoke	:read	nil
2026-03-19 17:53:35,056{GMT}	INFO	[jepsen worker 1] jepsen.util: 1	:invoke	:read	nil
2026-03-19 17:53:35,057{GMT}	INFO	[jepsen worker 4] jepsen.util: 4	:invoke	:read	nil
2026-03-19 17:53:35,057{GMT}	INFO	[jepsen worker 0] jepsen.util: 0	:invoke	:read	nil
2026-03-19 17:53:35,059{GMT}	INFO	[jepsen worker 2] jepsen.util: 2	:ok	:read	[1 3 4 5 9 10 14 15 19 21 23 25 28 31 33 36 37 38 39 40 43 45 46 48 49 50 53 55 57 60 61 64 68 71 72 74 76 77 79 82 83 84 85 86 87 88 89 90 91 92 93 94 95 96 97]
2026-03-19 17:53:35,060{GMT}	INFO	[jepsen worker 3] jepsen.util: 3	:ok	:read	[82 83 84 85 86 87 88 89 90 91 92 93 94 95 96 97]
2026-03-19 17:53:35,060{GMT}	INFO	[jepsen worker 0] jepsen.util: 0	:ok	:read	[1 3 4 5 9 10 14 15 19 21 23 25 28 31 33 36 37 38 39 40 43 45 46 48 49 50 53 55 57 60 61 64 68 71 72 74 76 77 79 82 83 84 85 86 87 88 89 90 91 92 93 94 95 96 97]
2026-03-19 17:53:35,060{GMT}	INFO	[jepsen worker 1] jepsen.util: 1	:ok	:read	[82 83 84 85 86 87 88 89 90 91 92 93 94 95 96 97]
2026-03-19 17:53:35,061{GMT}	INFO	[jepsen worker 4] jepsen.util: 4	:ok	:read	[82 83 84 85 86 87 88 89 90 91 92 93 94 95 96 97]
2026-03-19 17:53:35,076{GMT}	INFO	[jepsen test runner] jepsen.core: Run complete, writing
2026-03-19 17:53:35,131{GMT}	INFO	[jepsen node n0] maelstrom.db: Tearing down n0
2026-03-19 17:53:35,131{GMT}	INFO	[jepsen node n1] maelstrom.db: Tearing down n1
2026-03-19 17:53:35,131{GMT}	INFO	[jepsen node n2] maelstrom.db: Tearing down n2
2026-03-19 17:53:35,132{GMT}	INFO	[jepsen node n4] maelstrom.db: Tearing down n4
2026-03-19 17:53:35,132{GMT}	INFO	[jepsen node n3] maelstrom.db: Tearing down n3
2026-03-19 17:53:36,877{GMT}	INFO	[jepsen node n0] maelstrom.net: Shutting down Maelstrom network
2026-03-19 17:53:36,878{GMT}	INFO	[jepsen test runner] jepsen.core: Analyzing...
2026-03-19 17:53:37,149{GMT}	INFO	[jepsen test runner] jepsen.core: Analysis complete
2026-03-19 17:53:37,176{GMT}	INFO	[jepsen results] jepsen.store: Wrote /home/banna/Documents/maelstrom-java/store/broadcast/20260319T175303.445Z/results.edn
2026-03-19 17:53:37,200{GMT}	INFO	[jepsen test runner] jepsen.core: {:perf {:latency-graph {:valid? true},
        :rate-graph {:valid? true},
        :valid? true},
 :timeline {:valid? true},
 :exceptions {:valid? true},
 :stats {:valid? true,
         :count 204,
         :ok-count 204,
         :fail-count 0,
         :info-count 0,
         :by-f {:broadcast {:valid? true,
                            :count 98,
                            :ok-count 98,
                            :fail-count 0,
                            :info-count 0},
                :read {:valid? true,
                       :count 106,
                       :ok-count 106,
                       :fail-count 0,
                       :info-count 0}}},
 :availability {:valid? true, :ok-fraction 1.0},
 :net {:all {:send-count 739,
             :recv-count 579,
             :msg-count 739,
             :msgs-per-op 3.622549},
       :clients {:send-count 428, :recv-count 428, :msg-count 428},
       :servers {:send-count 311,
                 :recv-count 151,
                 :msg-count 311,
                 :msgs-per-op 1.5245098},
       :valid? true},
 :workload {:worst-stale ({:element 1,
                           :outcome :stable,
                           :stable-latency 29788,
                           :lost-latency nil,
                           :known #jepsen.history.Op{:index 5,
                                                     :time 223781641,
                                                     :type :ok,
                                                     :process 2,
                                                     :f :add,
                                                     :value 1},
                           :last-absent #jepsen.history.Op{:index 407,
                                                           :time 30011883382,
                                                           :type :invoke,
                                                           :process 4,
                                                           :f :read,
                                                           :value nil,
                                                           :final? true}}
                          {:element 3,
                           :outcome :stable,
                           :stable-latency 29633,
                           :lost-latency nil,
                           :known #jepsen.history.Op{:index 13,
                                                     :time 378683298,
                                                     :type :ok,
                                                     :process 0,
                                                     :f :add,
                                                     :value 3},
                           :last-absent #jepsen.history.Op{:index 407,
                                                           :time 30011883382,
                                                           :type :invoke,
                                                           :process 4,
                                                           :f :read,
                                                           :value nil,
                                                           :final? true}}
                          {:element 4,
                           :outcome :stable,
                           :stable-latency 29449,
                           :lost-latency nil,
                           :known #jepsen.history.Op{:index 17,
                                                     :time 562292073,
                                                     :type :ok,
                                                     :process 2,
                                                     :f :add,
                                                     :value 4},
                           :last-absent #jepsen.history.Op{:index 407,
                                                           :time 30011883382,
                                                           :type :invoke,
                                                           :process 4,
                                                           :f :read,
                                                           :value nil,
                                                           :final? true}}
                          {:element 5,
                           :outcome :stable,
                           :stable-latency 29196,
                           :lost-latency nil,
                           :known #jepsen.history.Op{:index 23,
                                                     :time 815311284,
                                                     :type :ok,
                                                     :process 0,
                                                     :f :add,
                                                     :value 5},
                           :last-absent #jepsen.history.Op{:index 407,
                                                           :time 30011883382,
                                                           :type :invoke,
                                                           :process 4,
                                                           :f :read,
                                                           :value nil,
                                                           :final? true}}
                          {:element 9,
                           :outcome :stable,
                           :stable-latency 28779,
                           :lost-latency nil,
                           :known #jepsen.history.Op{:index 35,
                                                     :time 1232511046,
                                                     :type :ok,
                                                     :process 0,
                                                     :f :add,
                                                     :value 9},
                           :last-absent #jepsen.history.Op{:index 407,
                                                           :time 30011883382,
                                                           :type :invoke,
                                                           :process 4,
                                                           :f :read,
                                                           :value nil,
                                                           :final? true}}
                          {:element 10,
                           :outcome :stable,
                           :stable-latency 28767,
                           :lost-latency nil,
                           :known #jepsen.history.Op{:index 37,
                                                     :time 1244858601,
                                                     :type :ok,
                                                     :process 0,
                                                     :f :add,
                                                     :value 10},
                           :last-absent #jepsen.history.Op{:index 407,
                                                           :time 30011883382,
                                                           :type :invoke,
                                                           :process 4,
                                                           :f :read,
                                                           :value nil,
                                                           :final? true}}
                          {:element 14,
                           :outcome :stable,
                           :stable-latency 27464,
                           :lost-latency nil,
                           :known #jepsen.history.Op{:index 61,
                                                     :time 2547544540,
                                                     :type :ok,
                                                     :process 0,
                                                     :f :add,
                                                     :value 14},
                           :last-absent #jepsen.history.Op{:index 407,
                                                           :time 30011883382,
                                                           :type :invoke,
                                                           :process 4,
                                                           :f :read,
                                                           :value nil,
                                                           :final? true}}
                          {:element 15,
                           :outcome :stable,
                           :stable-latency 27221,
                           :lost-latency nil,
                           :known #jepsen.history.Op{:index 65,
                                                     :time 2790383067,
                                                     :type :ok,
                                                     :process 2,
                                                     :f :add,
                                                     :value 15},
                           :last-absent #jepsen.history.Op{:index 407,
                                                           :time 30011883382,
                                                           :type :invoke,
                                                           :process 4,
                                                           :f :read,
                                                           :value nil,
                                                           :final? true}}),
            :duplicated-count 0,
            :valid? false,
            :lost-count 43,
            :lost (0
                   2
                   6
                   7
                   8
                   11
                   12
                   13
                   16
                   17
                   18
                   20
                   22
                   24
                   26
                   27
                   29
                   30
                   32
                   34
                   35
                   41
                   42
                   44
                   47
                   51
                   52
                   54
                   56
                   58
                   59
                   62
                   63
                   65
                   66
                   67
                   69
                   70
                   73
                   75
                   78
                   80
                   81),
            :stable-count 55,
            :stale-count 39,
            :stale (1
                    3
                    4
                    5
                    9
                    10
                    14
                    15
                    19
                    21
                    23
                    25
                    28
                    31
                    33
                    36
                    37
                    38
                    39
                    40
                    43
                    45
                    46
                    48
                    49
                    50
                    53
                    55
                    57
                    60
                    61
                    64
                    68
                    71
                    72
                    74
                    76
                    77
                    79),
            :never-read-count 0,
            :stable-latencies {0 0,
                               0.5 19113,
                               0.95 29449,
                               0.99 29788,
                               1 29788},
            :attempt-count 98,
            :lost-latencies {0 0, 0.5 0, 0.95 0, 0.99 0, 1 0},
            :never-read (),
            :duplicated {}},
 :valid? false}


Analysis invalid! (ﾉಥ益ಥ）ﾉ ┻━┻
