2026-03-20 16:01:12,128{GMT}	INFO	[jepsen test runner] jepsen.core: Command line:
lein run test -w broadcast --bin run.sh broadcast --node-count 5 --time-limit 20 --rate 10 --nemesis partition
2026-03-20 16:01:12,214{GMT}	INFO	[jepsen test runner] jepsen.core: Running test:
{:args ["broadcast"]
 :remote
 #jepsen.control.retry.Remote{:remote #jepsen.control.scp.Remote{:cmd-remote #jepsen.control.sshj.SSHJRemote{:concurrency-limit 6,
                                                                                                             :conn-spec nil,
                                                                                                             :client nil,
                                                                                                             :semaphore nil},
                                                                 :conn-spec nil},
                              :conn nil}
 :log-net-send false
 :node-count 5
 :availability nil
 :max-txn-length 4
 :concurrency 5
 :db
 #object[maelstrom.db$db$reify__16142
         "0x3619ecd"
         "maelstrom.db$db$reify__16142@3619ecd"]
 :max-writes-per-key 16
 :leave-db-running? false
 :name "broadcast"
 :logging-json? false
 :start-time
 #object[org.joda.time.DateTime "0x7de4bd8f" "2026-03-20T16:01:12.098Z"]
 :nemesis-interval 10
 :net
 #object[maelstrom.net$jepsen_net$reify__15251
         "0x193e65d5"
         "maelstrom.net$jepsen_net$reify__15251@193e65d5"]
 :client
 #object[maelstrom.workload.broadcast$client$reify__16644
         "0x2a97b4b8"
         "maelstrom.workload.broadcast$client$reify__16644@2a97b4b8"]
 :barrier
 #object[java.util.concurrent.CyclicBarrier
         "0x250fc0d1"
         "java.util.concurrent.CyclicBarrier@250fc0d1"]
 :log-stderr false
 :pure-generators true
 :ssh {:dummy? true}
 :rate 10.0
 :checker
 #object[jepsen.checker$compose$reify__11881
         "0x7ddf193a"
         "jepsen.checker$compose$reify__11881@7ddf193a"]
 :argv
 ("test"
  "-w"
  "broadcast"
  "--bin"
  "run.sh"
  "broadcast"
  "--node-count"
  "5"
  "--time-limit"
  "20"
  "--rate"
  "10"
  "--nemesis"
  "partition")
 :nemesis
 (jepsen.nemesis.ReflCompose
  {:fm {:start-partition 0,
        :stop-partition 0,
        :kill 1,
        :start 1,
        :pause 1,
        :resume 1},
   :nemeses [#unprintable "jepsen.nemesis.combined$partition_nemesis$reify__16416@17a5cb99"
             #unprintable "jepsen.nemesis.combined$db_nemesis$reify__16397@808fa1"]})
 :nodes ["n0" "n1" "n2" "n3" "n4"]
 :test-count 1
 :latency {:mean 0, :dist :constant}
 :bin "run.sh"
 :generator
 ((jepsen.generator.Synchronize
   {:gen (jepsen.generator.TimeLimit
          {:limit 20000000000,
           :cutoff nil,
           :gen (jepsen.generator.Any
                 {:gens [(jepsen.generator.OnThreads
                          {:f #{:nemesis},
                           :context-filter #object[jepsen.generator.context$make_thread_filter$lazy_filter__9167
                                                   "0x7545cb17"
                                                   "jepsen.generator.context$make_thread_filter$lazy_filter__9167@7545cb17"],
                           :gen (jepsen.generator.Stagger
                                 {:dt 20000000000,
                                  :next-time nil,
                                  :gen (jepsen.generator.FlipFlop
                                        {:gens [#object[jepsen.nemesis.combined$partition_package$start__16420
                                                        "0x635b3ec7"
                                                        "jepsen.nemesis.combined$partition_package$start__16420@635b3ec7"]
                                                ({:type :info,
                                                  :f :stop-partition,
                                                  :value nil}
                                                 {:type :info,
                                                  :f :stop-partition,
                                                  :value nil}
                                                 {:type :info,
                                                  :f :stop-partition,
                                                  :value nil}
                                                 {:type :info,
                                                  :f :stop-partition,
                                                  :value nil}
                                                 {:type :info,
                                                  :f :stop-partition,
                                                  :value nil}
                                                 {:type :info,
                                                  :f :stop-partition,
                                                  :value nil}
                                                 {:type :info,
                                                  :f :stop-partition,
                                                  :value nil}
                                                 {:type :info,
                                                  :f :stop-partition,
                                                  :value nil}
                                                 ...)],
                                         :i 0})})})
                         (jepsen.generator.OnThreads
                          {:f #jepsen.generator.context.AllBut{:element :nemesis},
                           :context-filter #object[jepsen.generator.context$make_thread_filter$lazy_filter__9167
                                                   "0x15aa3084"
                                                   "jepsen.generator.context$make_thread_filter$lazy_filter__9167@15aa3084"],
                           :gen (jepsen.generator.Stagger
                                 {:dt 200000000,
                                  :next-time nil,
                                  :gen (jepsen.generator.Mix
                                        {:i 1,
                                         :gens [({:f :broadcast, :value 0}
                                                 {:f :broadcast, :value 1}
                                                 {:f :broadcast, :value 2}
                                                 {:f :broadcast, :value 3}
                                                 {:f :broadcast, :value 4}
                                                 {:f :broadcast, :value 5}
                                                 {:f :broadcast, :value 6}
                                                 {:f :broadcast, :value 7}
                                                 ...)
                                                ({:f :read}
                                                 {:f :read}
                                                 {:f :read}
                                                 {:f :read}
                                                 {:f :read}
                                                 {:f :read}
                                                 {:f :read}
                                                 {:f :read}
                                                 ...)]})})})]})})})
  (jepsen.generator.Synchronize
   {:gen (jepsen.generator.OnThreads
          {:f #{:nemesis},
           :context-filter #object[jepsen.generator.context$make_thread_filter$lazy_filter__9167
                                   "0x4e6c4c55"
                                   "jepsen.generator.context$make_thread_filter$lazy_filter__9167@4e6c4c55"],
           :gen ({:type :info, :f :stop-partition, :value nil})})})
  (jepsen.generator.Synchronize
   {:gen {:type :log, :value "Waiting for recovery..."}})
  (jepsen.generator.Synchronize {:gen {:type :sleep, :value 10}})
  (jepsen.generator.Synchronize
   {:gen (jepsen.generator.OnThreads
          {:f #jepsen.generator.context.AllBut{:element :nemesis},
           :context-filter #object[jepsen.generator.context$make_thread_filter$lazy_filter__9167
                                   "0x74fbee59"
                                   "jepsen.generator.context$make_thread_filter$lazy_filter__9167@74fbee59"],
           :gen (jepsen.generator.EachThread
                 {:fresh-gen {:f :read, :final? true},
                  :context-filters #object[clojure.core$promise$reify__8591
                                           "0x3794621d"
                                           {:status :pending, :val nil}],
                  :gens {}})})}))
 :log-net-recv false
 :os
 #object[maelstrom.net$jepsen_os$reify__15254
         "0x737e4a7b"
         "maelstrom.net$jepsen_os$reify__15254@737e4a7b"]
 :time-limit 20
 :workload :broadcast
 :consistency-models [:strict-serializable]
 :topology :grid}

2026-03-20 16:01:13,486{GMT}	INFO	[jepsen node n0] maelstrom.net: Starting Maelstrom network
2026-03-20 16:01:13,488{GMT}	INFO	[jepsen test runner] jepsen.db: Tearing down DB
2026-03-20 16:01:13,490{GMT}	INFO	[jepsen test runner] jepsen.db: Setting up DB
2026-03-20 16:01:13,491{GMT}	INFO	[jepsen node n1] maelstrom.db: Setting up n1
2026-03-20 16:01:13,491{GMT}	INFO	[jepsen node n4] maelstrom.db: Setting up n4
2026-03-20 16:01:13,491{GMT}	INFO	[jepsen node n3] maelstrom.db: Setting up n3
2026-03-20 16:01:13,491{GMT}	INFO	[jepsen node n2] maelstrom.db: Setting up n2
2026-03-20 16:01:13,491{GMT}	INFO	[jepsen node n2] maelstrom.process: launching run.sh ["broadcast"]
2026-03-20 16:01:13,491{GMT}	INFO	[jepsen node n4] maelstrom.process: launching run.sh ["broadcast"]
2026-03-20 16:01:13,491{GMT}	INFO	[jepsen node n1] maelstrom.process: launching run.sh ["broadcast"]
2026-03-20 16:01:13,491{GMT}	INFO	[jepsen node n3] maelstrom.process: launching run.sh ["broadcast"]
2026-03-20 16:01:13,493{GMT}	INFO	[jepsen node n0] maelstrom.service: Starting services: (lin-kv lin-tso lww-kv seq-kv)
2026-03-20 16:01:13,495{GMT}	INFO	[jepsen node n0] maelstrom.db: Setting up n0
2026-03-20 16:01:13,495{GMT}	INFO	[jepsen node n0] maelstrom.process: launching run.sh ["broadcast"]
2026-03-20 16:01:13,665{GMT}	INFO	[jepsen test runner] jepsen.core: Relative time begins now
2026-03-20 16:01:13,689{GMT}	INFO	[jepsen worker 0] jepsen.util: 0	:invoke	:read	nil
2026-03-20 16:01:13,689{GMT}	INFO	[jepsen worker nemesis] jepsen.util: :nemesis	:info	:start-partition	:one
2026-03-20 16:01:13,694{GMT}	INFO	[jepsen worker nemesis] jepsen.util: :nemesis	:info	:start-partition	[:isolated {"n0" #{"n2" "n1" "n4" "n3"}, "n2" #{"n0"}, "n1" #{"n0"}, "n4" #{"n0"}, "n3" #{"n0"}}]
2026-03-20 16:01:13,694{GMT}	INFO	[jepsen worker 0] jepsen.util: 0	:ok	:read	[]
2026-03-20 16:01:13,752{GMT}	INFO	[jepsen worker 2] jepsen.util: 2	:invoke	:broadcast	0
2026-03-20 16:01:13,757{GMT}	INFO	[jepsen worker 2] jepsen.util: 2	:ok	:broadcast	0
2026-03-20 16:01:13,827{GMT}	INFO	[jepsen worker 3] jepsen.util: 3	:invoke	:broadcast	1
2026-03-20 16:01:13,830{GMT}	INFO	[jepsen worker 3] jepsen.util: 3	:ok	:broadcast	1
2026-03-20 16:01:13,855{GMT}	INFO	[jepsen worker 4] jepsen.util: 4	:invoke	:read	nil
2026-03-20 16:01:13,860{GMT}	INFO	[jepsen worker 4] jepsen.util: 4	:ok	:read	[0 1]
2026-03-20 16:01:13,991{GMT}	INFO	[jepsen worker 0] jepsen.util: 0	:invoke	:broadcast	2
2026-03-20 16:01:13,995{GMT}	INFO	[jepsen worker 0] jepsen.util: 0	:ok	:broadcast	2
2026-03-20 16:01:14,032{GMT}	INFO	[jepsen worker 0] jepsen.util: 0	:invoke	:read	nil
2026-03-20 16:01:14,034{GMT}	INFO	[jepsen worker 0] jepsen.util: 0	:ok	:read	[2]
2026-03-20 16:01:14,193{GMT}	INFO	[jepsen worker 1] jepsen.util: 1	:invoke	:broadcast	3
2026-03-20 16:01:14,199{GMT}	INFO	[jepsen worker 1] jepsen.util: 1	:ok	:broadcast	3
2026-03-20 16:01:14,283{GMT}	INFO	[jepsen worker 2] jepsen.util: 2	:invoke	:broadcast	4
2026-03-20 16:01:14,287{GMT}	INFO	[jepsen worker 2] jepsen.util: 2	:ok	:broadcast	4
2026-03-20 16:01:14,428{GMT}	INFO	[jepsen worker 3] jepsen.util: 3	:invoke	:read	nil
2026-03-20 16:01:14,431{GMT}	INFO	[jepsen worker 3] jepsen.util: 3	:ok	:read	[0 1 3 4]
2026-03-20 16:01:14,576{GMT}	INFO	[jepsen worker 4] jepsen.util: 4	:invoke	:broadcast	5
2026-03-20 16:01:14,583{GMT}	INFO	[jepsen worker 4] jepsen.util: 4	:ok	:broadcast	5
2026-03-20 16:01:14,748{GMT}	INFO	[jepsen worker 0] jepsen.util: 0	:invoke	:broadcast	6
2026-03-20 16:01:14,750{GMT}	INFO	[jepsen worker 0] jepsen.util: 0	:ok	:broadcast	6
2026-03-20 16:01:14,917{GMT}	INFO	[jepsen worker 0] jepsen.util: 0	:invoke	:broadcast	7
2026-03-20 16:01:14,919{GMT}	INFO	[jepsen worker 0] jepsen.util: 0	:ok	:broadcast	7
2026-03-20 16:01:15,085{GMT}	INFO	[jepsen worker 1] jepsen.util: 1	:invoke	:broadcast	8
2026-03-20 16:01:15,087{GMT}	INFO	[jepsen worker 1] jepsen.util: 1	:ok	:broadcast	8
2026-03-20 16:01:15,177{GMT}	INFO	[jepsen worker 2] jepsen.util: 2	:invoke	:read	nil
2026-03-20 16:01:15,181{GMT}	INFO	[jepsen worker 2] jepsen.util: 2	:ok	:read	[0 1 3 4 5 8]
2026-03-20 16:01:15,319{GMT}	INFO	[jepsen worker 3] jepsen.util: 3	:invoke	:read	nil
2026-03-20 16:01:15,321{GMT}	INFO	[jepsen worker 3] jepsen.util: 3	:ok	:read	[0 1 3 4 5 8]
2026-03-20 16:01:15,430{GMT}	INFO	[jepsen worker 4] jepsen.util: 4	:invoke	:broadcast	9
2026-03-20 16:01:15,432{GMT}	INFO	[jepsen worker 4] jepsen.util: 4	:ok	:broadcast	9
2026-03-20 16:01:15,545{GMT}	INFO	[jepsen worker 0] jepsen.util: 0	:invoke	:broadcast	10
2026-03-20 16:01:15,547{GMT}	INFO	[jepsen worker 0] jepsen.util: 0	:ok	:broadcast	10
2026-03-20 16:01:15,553{GMT}	INFO	[jepsen worker 0] jepsen.util: 0	:invoke	:broadcast	11
2026-03-20 16:01:15,555{GMT}	INFO	[jepsen worker 0] jepsen.util: 0	:ok	:broadcast	11
2026-03-20 16:01:15,670{GMT}	INFO	[jepsen worker 1] jepsen.util: 1	:invoke	:read	nil
2026-03-20 16:01:15,673{GMT}	INFO	[jepsen worker 1] jepsen.util: 1	:ok	:read	[0 1 3 4 5 8 9]
2026-03-20 16:01:15,680{GMT}	INFO	[jepsen worker 2] jepsen.util: 2	:invoke	:read	nil
2026-03-20 16:01:15,682{GMT}	INFO	[jepsen worker 2] jepsen.util: 2	:ok	:read	[0 1 3 4 5 8 9]
2026-03-20 16:01:15,812{GMT}	INFO	[jepsen worker 3] jepsen.util: 3	:invoke	:read	nil
2026-03-20 16:01:15,814{GMT}	INFO	[jepsen worker 3] jepsen.util: 3	:ok	:read	[0 1 3 4 5 8 9]
2026-03-20 16:01:15,815{GMT}	INFO	[jepsen worker 4] jepsen.util: 4	:invoke	:broadcast	12
2026-03-20 16:01:15,816{GMT}	INFO	[jepsen worker 4] jepsen.util: 4	:ok	:broadcast	12
2026-03-20 16:01:15,876{GMT}	INFO	[jepsen worker 0] jepsen.util: 0	:invoke	:broadcast	13
2026-03-20 16:01:15,879{GMT}	INFO	[jepsen worker 0] jepsen.util: 0	:ok	:broadcast	13
2026-03-20 16:01:16,030{GMT}	INFO	[jepsen worker 0] jepsen.util: 0	:invoke	:broadcast	14
2026-03-20 16:01:16,033{GMT}	INFO	[jepsen worker 0] jepsen.util: 0	:ok	:broadcast	14
2026-03-20 16:01:16,074{GMT}	INFO	[jepsen worker 1] jepsen.util: 1	:invoke	:broadcast	15
2026-03-20 16:01:16,076{GMT}	INFO	[jepsen worker 1] jepsen.util: 1	:ok	:broadcast	15
2026-03-20 16:01:16,252{GMT}	INFO	[jepsen worker 2] jepsen.util: 2	:invoke	:read	nil
2026-03-20 16:01:16,253{GMT}	INFO	[jepsen worker 2] jepsen.util: 2	:ok	:read	[0 1 3 4 5 8 9 12 15]
2026-03-20 16:01:16,256{GMT}	INFO	[jepsen worker 3] jepsen.util: 3	:invoke	:broadcast	16
2026-03-20 16:01:16,259{GMT}	INFO	[jepsen worker 3] jepsen.util: 3	:ok	:broadcast	16
2026-03-20 16:01:16,439{GMT}	INFO	[jepsen worker 4] jepsen.util: 4	:invoke	:read	nil
2026-03-20 16:01:16,441{GMT}	INFO	[jepsen worker 4] jepsen.util: 4	:ok	:read	[0 1 3 4 5 8 9 12 15 16]
2026-03-20 16:01:16,552{GMT}	INFO	[jepsen worker 0] jepsen.util: 0	:invoke	:read	nil
2026-03-20 16:01:16,554{GMT}	INFO	[jepsen worker 0] jepsen.util: 0	:ok	:read	[2 6 7 10 11 13 14]
2026-03-20 16:01:16,661{GMT}	INFO	[jepsen worker 0] jepsen.util: 0	:invoke	:broadcast	17
2026-03-20 16:01:16,663{GMT}	INFO	[jepsen worker 0] jepsen.util: 0	:ok	:broadcast	17
2026-03-20 16:01:16,682{GMT}	INFO	[jepsen worker 1] jepsen.util: 1	:invoke	:broadcast	18
2026-03-20 16:01:16,684{GMT}	INFO	[jepsen worker 1] jepsen.util: 1	:ok	:broadcast	18
2026-03-20 16:01:16,703{GMT}	INFO	[jepsen worker 2] jepsen.util: 2	:invoke	:read	nil
2026-03-20 16:01:16,704{GMT}	INFO	[jepsen worker 2] jepsen.util: 2	:ok	:read	[0 1 3 4 5 8 9 12 15 16 18]
2026-03-20 16:01:16,890{GMT}	INFO	[jepsen worker 3] jepsen.util: 3	:invoke	:broadcast	19
2026-03-20 16:01:16,893{GMT}	INFO	[jepsen worker 3] jepsen.util: 3	:ok	:broadcast	19
2026-03-20 16:01:17,003{GMT}	INFO	[jepsen worker 4] jepsen.util: 4	:invoke	:broadcast	20
2026-03-20 16:01:17,005{GMT}	INFO	[jepsen worker 4] jepsen.util: 4	:ok	:broadcast	20
2026-03-20 16:01:17,097{GMT}	INFO	[jepsen worker 0] jepsen.util: 0	:invoke	:read	nil
2026-03-20 16:01:17,099{GMT}	INFO	[jepsen worker 0] jepsen.util: 0	:ok	:read	[2 6 7 10 11 13 14 17]
2026-03-20 16:01:17,169{GMT}	INFO	[jepsen worker 0] jepsen.util: 0	:invoke	:broadcast	21
2026-03-20 16:01:17,171{GMT}	INFO	[jepsen worker 0] jepsen.util: 0	:ok	:broadcast	21
2026-03-20 16:01:17,214{GMT}	INFO	[jepsen worker 1] jepsen.util: 1	:invoke	:read	nil
2026-03-20 16:01:17,215{GMT}	INFO	[jepsen worker 1] jepsen.util: 1	:ok	:read	[0 1 3 4 5 8 9 12 15 16 18 19 20]
2026-03-20 16:01:17,367{GMT}	INFO	[jepsen worker 2] jepsen.util: 2	:invoke	:broadcast	22
2026-03-20 16:01:17,371{GMT}	INFO	[jepsen worker 2] jepsen.util: 2	:ok	:broadcast	22
2026-03-20 16:01:17,413{GMT}	INFO	[jepsen worker 3] jepsen.util: 3	:invoke	:broadcast	23
2026-03-20 16:01:17,416{GMT}	INFO	[jepsen worker 3] jepsen.util: 3	:ok	:broadcast	23
2026-03-20 16:01:17,534{GMT}	INFO	[jepsen worker 4] jepsen.util: 4	:invoke	:read	nil
2026-03-20 16:01:17,536{GMT}	INFO	[jepsen worker 4] jepsen.util: 4	:ok	:read	[0 1 3 4 5 8 9 12 15 16 18 19 20 22 23]
2026-03-20 16:01:17,592{GMT}	INFO	[jepsen worker 0] jepsen.util: 0	:invoke	:read	nil
2026-03-20 16:01:17,593{GMT}	INFO	[jepsen worker 0] jepsen.util: 0	:ok	:read	[2 6 7 10 11 13 14 17 21]
2026-03-20 16:01:17,758{GMT}	INFO	[jepsen worker 0] jepsen.util: 0	:invoke	:broadcast	24
2026-03-20 16:01:17,760{GMT}	INFO	[jepsen worker 0] jepsen.util: 0	:ok	:broadcast	24
2026-03-20 16:01:17,853{GMT}	INFO	[jepsen worker 1] jepsen.util: 1	:invoke	:broadcast	25
2026-03-20 16:01:17,855{GMT}	INFO	[jepsen worker 1] jepsen.util: 1	:ok	:broadcast	25
2026-03-20 16:01:17,945{GMT}	INFO	[jepsen worker 2] jepsen.util: 2	:invoke	:read	nil
2026-03-20 16:01:17,947{GMT}	INFO	[jepsen worker 2] jepsen.util: 2	:ok	:read	[0 1 3 4 5 8 9 12 15 16 18 19 20 22 23 25]
2026-03-20 16:01:17,960{GMT}	INFO	[jepsen worker 3] jepsen.util: 3	:invoke	:broadcast	26
2026-03-20 16:01:17,962{GMT}	INFO	[jepsen worker 3] jepsen.util: 3	:ok	:broadcast	26
2026-03-20 16:01:18,032{GMT}	INFO	[jepsen worker 4] jepsen.util: 4	:invoke	:read	nil
2026-03-20 16:01:18,034{GMT}	INFO	[jepsen worker 4] jepsen.util: 4	:ok	:read	[0 1 3 4 5 8 9 12 15 16 18 19 20 22 23 25 26]
2026-03-20 16:01:18,183{GMT}	INFO	[jepsen worker 0] jepsen.util: 0	:invoke	:broadcast	27
2026-03-20 16:01:18,184{GMT}	INFO	[jepsen worker 0] jepsen.util: 0	:ok	:broadcast	27
2026-03-20 16:01:18,369{GMT}	INFO	[jepsen worker 0] jepsen.util: 0	:invoke	:read	nil
2026-03-20 16:01:18,371{GMT}	INFO	[jepsen worker 0] jepsen.util: 0	:ok	:read	[2 6 7 10 11 13 14 17 21 24 27]
2026-03-20 16:01:18,556{GMT}	INFO	[jepsen worker 1] jepsen.util: 1	:invoke	:broadcast	28
2026-03-20 16:01:18,559{GMT}	INFO	[jepsen worker 1] jepsen.util: 1	:ok	:broadcast	28
2026-03-20 16:01:18,713{GMT}	INFO	[jepsen worker 2] jepsen.util: 2	:invoke	:broadcast	29
2026-03-20 16:01:18,718{GMT}	INFO	[jepsen worker 2] jepsen.util: 2	:ok	:broadcast	29
2026-03-20 16:01:18,794{GMT}	INFO	[jepsen worker 3] jepsen.util: 3	:invoke	:broadcast	30
2026-03-20 16:01:18,795{GMT}	INFO	[jepsen worker 3] jepsen.util: 3	:ok	:broadcast	30
2026-03-20 16:01:18,823{GMT}	INFO	[jepsen worker 4] jepsen.util: 4	:invoke	:broadcast	31
2026-03-20 16:01:18,825{GMT}	INFO	[jepsen worker 4] jepsen.util: 4	:ok	:broadcast	31
2026-03-20 16:01:18,875{GMT}	INFO	[jepsen worker 0] jepsen.util: 0	:invoke	:read	nil
2026-03-20 16:01:18,876{GMT}	INFO	[jepsen worker 0] jepsen.util: 0	:ok	:read	[2 6 7 10 11 13 14 17 21 24 27]
2026-03-20 16:01:18,891{GMT}	INFO	[jepsen worker 0] jepsen.util: 0	:invoke	:broadcast	32
2026-03-20 16:01:18,893{GMT}	INFO	[jepsen worker 0] jepsen.util: 0	:ok	:broadcast	32
2026-03-20 16:01:19,080{GMT}	INFO	[jepsen worker 1] jepsen.util: 1	:invoke	:read	nil
2026-03-20 16:01:19,081{GMT}	INFO	[jepsen worker 1] jepsen.util: 1	:ok	:read	[0 1 3 4 5 8 9 12 15 16 18 19 20 22 23 25 26 28 29 30 31]
2026-03-20 16:01:19,185{GMT}	INFO	[jepsen worker 2] jepsen.util: 2	:invoke	:broadcast	33
2026-03-20 16:01:19,187{GMT}	INFO	[jepsen worker 2] jepsen.util: 2	:ok	:broadcast	33
2026-03-20 16:01:19,260{GMT}	INFO	[jepsen worker 3] jepsen.util: 3	:invoke	:read	nil
2026-03-20 16:01:19,262{GMT}	INFO	[jepsen worker 3] jepsen.util: 3	:ok	:read	[0 1 3 4 5 8 9 12 15 16 18 19 20 22 23 25 26 28 29 30 31 33]
2026-03-20 16:01:19,452{GMT}	INFO	[jepsen worker 4] jepsen.util: 4	:invoke	:broadcast	34
2026-03-20 16:01:19,454{GMT}	INFO	[jepsen worker 4] jepsen.util: 4	:ok	:broadcast	34
2026-03-20 16:01:19,612{GMT}	INFO	[jepsen worker 0] jepsen.util: 0	:invoke	:broadcast	35
2026-03-20 16:01:19,614{GMT}	INFO	[jepsen worker 0] jepsen.util: 0	:ok	:broadcast	35
2026-03-20 16:01:19,729{GMT}	INFO	[jepsen worker 0] jepsen.util: 0	:invoke	:read	nil
2026-03-20 16:01:19,730{GMT}	INFO	[jepsen worker 0] jepsen.util: 0	:ok	:read	[2 6 7 10 11 13 14 17 21 24 27 32 35]
2026-03-20 16:01:19,764{GMT}	INFO	[jepsen worker 1] jepsen.util: 1	:invoke	:broadcast	36
2026-03-20 16:01:19,768{GMT}	INFO	[jepsen worker 1] jepsen.util: 1	:ok	:broadcast	36
2026-03-20 16:01:19,794{GMT}	INFO	[jepsen worker 2] jepsen.util: 2	:invoke	:read	nil
2026-03-20 16:01:19,797{GMT}	INFO	[jepsen worker 2] jepsen.util: 2	:ok	:read	[0 1 3 4 5 8 9 12 15 16 18 19 20 22 23 25 26 28 29 30 31 33 34 36]
2026-03-20 16:01:19,935{GMT}	INFO	[jepsen worker 3] jepsen.util: 3	:invoke	:read	nil
2026-03-20 16:01:19,938{GMT}	INFO	[jepsen worker 3] jepsen.util: 3	:ok	:read	[0 1 3 4 5 8 9 12 15 16 18 19 20 22 23 25 26 28 29 30 31 33 34 36]
2026-03-20 16:01:20,090{GMT}	INFO	[jepsen worker 4] jepsen.util: 4	:invoke	:broadcast	37
2026-03-20 16:01:20,092{GMT}	INFO	[jepsen worker 4] jepsen.util: 4	:ok	:broadcast	37
2026-03-20 16:01:20,245{GMT}	INFO	[jepsen worker 0] jepsen.util: 0	:invoke	:read	nil
2026-03-20 16:01:20,247{GMT}	INFO	[jepsen worker 0] jepsen.util: 0	:ok	:read	[2 6 7 10 11 13 14 17 21 24 27 32 35]
2026-03-20 16:01:20,315{GMT}	INFO	[jepsen worker 0] jepsen.util: 0	:invoke	:read	nil
2026-03-20 16:01:20,317{GMT}	INFO	[jepsen worker 0] jepsen.util: 0	:ok	:read	[2 6 7 10 11 13 14 17 21 24 27 32 35]
2026-03-20 16:01:20,336{GMT}	INFO	[jepsen worker 1] jepsen.util: 1	:invoke	:read	nil
2026-03-20 16:01:20,338{GMT}	INFO	[jepsen worker 1] jepsen.util: 1	:ok	:read	[0 1 3 4 5 8 9 12 15 16 18 19 20 22 23 25 26 28 29 30 31 33 34 36 37]
2026-03-20 16:01:20,413{GMT}	INFO	[jepsen worker 2] jepsen.util: 2	:invoke	:broadcast	38
2026-03-20 16:01:20,415{GMT}	INFO	[jepsen worker 2] jepsen.util: 2	:ok	:broadcast	38
2026-03-20 16:01:20,574{GMT}	INFO	[jepsen worker 3] jepsen.util: 3	:invoke	:read	nil
2026-03-20 16:01:20,576{GMT}	INFO	[jepsen worker 3] jepsen.util: 3	:ok	:read	[0 1 3 4 5 8 9 12 15 16 18 19 20 22 23 25 26 28 29 30 31 33 34 36 37 38]
2026-03-20 16:01:20,610{GMT}	INFO	[jepsen worker 4] jepsen.util: 4	:invoke	:broadcast	39
2026-03-20 16:01:20,613{GMT}	INFO	[jepsen worker 4] jepsen.util: 4	:ok	:broadcast	39
2026-03-20 16:01:20,696{GMT}	INFO	[jepsen worker 0] jepsen.util: 0	:invoke	:read	nil
2026-03-20 16:01:20,698{GMT}	INFO	[jepsen worker 0] jepsen.util: 0	:ok	:read	[2 6 7 10 11 13 14 17 21 24 27 32 35]
2026-03-20 16:01:20,858{GMT}	INFO	[jepsen worker 0] jepsen.util: 0	:invoke	:read	nil
2026-03-20 16:01:20,859{GMT}	INFO	[jepsen worker 0] jepsen.util: 0	:ok	:read	[2 6 7 10 11 13 14 17 21 24 27 32 35]
2026-03-20 16:01:21,002{GMT}	INFO	[jepsen worker 1] jepsen.util: 1	:invoke	:read	nil
2026-03-20 16:01:21,005{GMT}	INFO	[jepsen worker 1] jepsen.util: 1	:ok	:read	[0 1 3 4 5 8 9 12 15 16 18 19 20 22 23 25 26 28 29 30 31 33 34 36 37 38 39]
2026-03-20 16:01:21,154{GMT}	INFO	[jepsen worker 2] jepsen.util: 2	:invoke	:broadcast	40
2026-03-20 16:01:21,161{GMT}	INFO	[jepsen worker 2] jepsen.util: 2	:ok	:broadcast	40
2026-03-20 16:01:21,229{GMT}	INFO	[jepsen worker 3] jepsen.util: 3	:invoke	:read	nil
2026-03-20 16:01:21,231{GMT}	INFO	[jepsen worker 3] jepsen.util: 3	:ok	:read	[0 1 3 4 5 8 9 12 15 16 18 19 20 22 23 25 26 28 29 30 31 33 34 36 37 38 39 40]
2026-03-20 16:01:21,267{GMT}	INFO	[jepsen worker 4] jepsen.util: 4	:invoke	:broadcast	41
2026-03-20 16:01:21,269{GMT}	INFO	[jepsen worker 4] jepsen.util: 4	:ok	:broadcast	41
2026-03-20 16:01:21,428{GMT}	INFO	[jepsen worker 0] jepsen.util: 0	:invoke	:read	nil
2026-03-20 16:01:21,430{GMT}	INFO	[jepsen worker 0] jepsen.util: 0	:ok	:read	[2 6 7 10 11 13 14 17 21 24 27 32 35]
2026-03-20 16:01:21,547{GMT}	INFO	[jepsen worker 0] jepsen.util: 0	:invoke	:broadcast	42
2026-03-20 16:01:21,549{GMT}	INFO	[jepsen worker 0] jepsen.util: 0	:ok	:broadcast	42
2026-03-20 16:01:21,611{GMT}	INFO	[jepsen worker 1] jepsen.util: 1	:invoke	:broadcast	43
2026-03-20 16:01:21,616{GMT}	INFO	[jepsen worker 1] jepsen.util: 1	:ok	:broadcast	43
2026-03-20 16:01:21,692{GMT}	INFO	[jepsen worker 2] jepsen.util: 2	:invoke	:read	nil
2026-03-20 16:01:21,694{GMT}	INFO	[jepsen worker 2] jepsen.util: 2	:ok	:read	[0 1 3 4 5 8 9 12 15 16 18 19 20 22 23 25 26 28 29 30 31 33 34 36 37 38 39 40 41 43]
2026-03-20 16:01:21,730{GMT}	INFO	[jepsen worker 3] jepsen.util: 3	:invoke	:broadcast	44
2026-03-20 16:01:21,731{GMT}	INFO	[jepsen worker 3] jepsen.util: 3	:ok	:broadcast	44
2026-03-20 16:01:21,909{GMT}	INFO	[jepsen worker 4] jepsen.util: 4	:invoke	:broadcast	45
2026-03-20 16:01:21,913{GMT}	INFO	[jepsen worker 4] jepsen.util: 4	:ok	:broadcast	45
2026-03-20 16:01:21,920{GMT}	INFO	[jepsen worker 0] jepsen.util: 0	:invoke	:read	nil
2026-03-20 16:01:21,923{GMT}	INFO	[jepsen worker 0] jepsen.util: 0	:ok	:read	[2 6 7 10 11 13 14 17 21 24 27 32 35 42]
2026-03-20 16:01:22,037{GMT}	INFO	[jepsen worker 0] jepsen.util: 0	:invoke	:broadcast	46
2026-03-20 16:01:22,040{GMT}	INFO	[jepsen worker 0] jepsen.util: 0	:ok	:broadcast	46
2026-03-20 16:01:22,186{GMT}	INFO	[jepsen worker 1] jepsen.util: 1	:invoke	:read	nil
2026-03-20 16:01:22,187{GMT}	INFO	[jepsen worker 1] jepsen.util: 1	:ok	:read	[0 1 3 4 5 8 9 12 15 16 18 19 20 22 23 25 26 28 29 30 31 33 34 36 37 38 39 40 41 43 44 45]
2026-03-20 16:01:22,287{GMT}	INFO	[jepsen worker 2] jepsen.util: 2	:invoke	:broadcast	47
2026-03-20 16:01:22,289{GMT}	INFO	[jepsen worker 2] jepsen.util: 2	:ok	:broadcast	47
2026-03-20 16:01:22,483{GMT}	INFO	[jepsen worker 3] jepsen.util: 3	:invoke	:broadcast	48
2026-03-20 16:01:22,485{GMT}	INFO	[jepsen worker 3] jepsen.util: 3	:ok	:broadcast	48
2026-03-20 16:01:22,603{GMT}	INFO	[jepsen worker 4] jepsen.util: 4	:invoke	:broadcast	49
2026-03-20 16:01:22,608{GMT}	INFO	[jepsen worker 4] jepsen.util: 4	:ok	:broadcast	49
2026-03-20 16:01:22,730{GMT}	INFO	[jepsen worker 0] jepsen.util: 0	:invoke	:read	nil
2026-03-20 16:01:22,733{GMT}	INFO	[jepsen worker 0] jepsen.util: 0	:ok	:read	[2 6 7 10 11 13 14 17 21 24 27 32 35 42 46]
2026-03-20 16:01:22,772{GMT}	INFO	[jepsen worker 0] jepsen.util: 0	:invoke	:broadcast	50
2026-03-20 16:01:22,775{GMT}	INFO	[jepsen worker 0] jepsen.util: 0	:ok	:broadcast	50
2026-03-20 16:01:22,827{GMT}	INFO	[jepsen worker 1] jepsen.util: 1	:invoke	:broadcast	51
2026-03-20 16:01:22,828{GMT}	INFO	[jepsen worker 1] jepsen.util: 1	:ok	:broadcast	51
2026-03-20 16:01:22,988{GMT}	INFO	[jepsen worker 2] jepsen.util: 2	:invoke	:read	nil
2026-03-20 16:01:22,989{GMT}	INFO	[jepsen worker 2] jepsen.util: 2	:ok	:read	[0 1 3 4 5 8 9 12 15 16 18 19 20 22 23 25 26 28 29 30 31 33 34 36 37 38 39 40 41 43 44 45 47 48 49 51]
2026-03-20 16:01:23,150{GMT}	INFO	[jepsen worker 3] jepsen.util: 3	:invoke	:broadcast	52
2026-03-20 16:01:23,152{GMT}	INFO	[jepsen worker 3] jepsen.util: 3	:ok	:broadcast	52
2026-03-20 16:01:23,316{GMT}	INFO	[jepsen worker 4] jepsen.util: 4	:invoke	:broadcast	53
2026-03-20 16:01:23,317{GMT}	INFO	[jepsen worker 4] jepsen.util: 4	:ok	:broadcast	53
2026-03-20 16:01:23,469{GMT}	INFO	[jepsen worker 0] jepsen.util: 0	:invoke	:read	nil
2026-03-20 16:01:23,470{GMT}	INFO	[jepsen worker 0] jepsen.util: 0	:ok	:read	[2 6 7 10 11 13 14 17 21 24 27 32 35 42 46 50]
2026-03-20 16:01:23,615{GMT}	INFO	[jepsen worker 0] jepsen.util: 0	:invoke	:broadcast	54
2026-03-20 16:01:23,616{GMT}	INFO	[jepsen worker 0] jepsen.util: 0	:ok	:broadcast	54
2026-03-20 16:01:23,790{GMT}	INFO	[jepsen worker 1] jepsen.util: 1	:invoke	:read	nil
2026-03-20 16:01:23,791{GMT}	INFO	[jepsen worker 1] jepsen.util: 1	:ok	:read	[0 1 3 4 5 8 9 12 15 16 18 19 20 22 23 25 26 28 29 30 31 33 34 36 37 38 39 40 41 43 44 45 47 48 49 51 52 53]
2026-03-20 16:01:23,857{GMT}	INFO	[jepsen worker 2] jepsen.util: 2	:invoke	:read	nil
2026-03-20 16:01:23,859{GMT}	INFO	[jepsen worker 2] jepsen.util: 2	:ok	:read	[0 1 3 4 5 8 9 12 15 16 18 19 20 22 23 25 26 28 29 30 31 33 34 36 37 38 39 40 41 43 44 45 47 48 49 51 52 53]
2026-03-20 16:01:23,860{GMT}	INFO	[jepsen worker 3] jepsen.util: 3	:invoke	:broadcast	55
2026-03-20 16:01:23,861{GMT}	INFO	[jepsen worker 3] jepsen.util: 3	:ok	:broadcast	55
2026-03-20 16:01:24,010{GMT}	INFO	[jepsen worker 4] jepsen.util: 4	:invoke	:read	nil
2026-03-20 16:01:24,011{GMT}	INFO	[jepsen worker 4] jepsen.util: 4	:ok	:read	[0 1 3 4 5 8 9 12 15 16 18 19 20 22 23 25 26 28 29 30 31 33 34 36 37 38 39 40 41 43 44 45 47 48 49 51 52 53 55]
2026-03-20 16:01:24,189{GMT}	INFO	[jepsen worker 0] jepsen.util: 0	:invoke	:broadcast	56
2026-03-20 16:01:24,190{GMT}	INFO	[jepsen worker 0] jepsen.util: 0	:ok	:broadcast	56
2026-03-20 16:01:24,333{GMT}	INFO	[jepsen worker 0] jepsen.util: 0	:invoke	:broadcast	57
2026-03-20 16:01:24,335{GMT}	INFO	[jepsen worker 0] jepsen.util: 0	:ok	:broadcast	57
2026-03-20 16:01:24,492{GMT}	INFO	[jepsen worker 1] jepsen.util: 1	:invoke	:broadcast	58
2026-03-20 16:01:24,498{GMT}	INFO	[jepsen worker 1] jepsen.util: 1	:ok	:broadcast	58
2026-03-20 16:01:24,619{GMT}	INFO	[jepsen worker 2] jepsen.util: 2	:invoke	:read	nil
2026-03-20 16:01:24,624{GMT}	INFO	[jepsen worker 2] jepsen.util: 2	:ok	:read	[0 1 3 4 5 8 9 12 15 16 18 19 20 22 23 25 26 28 29 30 31 33 34 36 37 38 39 40 41 43 44 45 47 48 49 51 52 53 55 58]
2026-03-20 16:01:24,698{GMT}	INFO	[jepsen worker 3] jepsen.util: 3	:invoke	:broadcast	59
2026-03-20 16:01:24,708{GMT}	INFO	[jepsen worker 3] jepsen.util: 3	:ok	:broadcast	59
2026-03-20 16:01:24,852{GMT}	INFO	[jepsen worker 4] jepsen.util: 4	:invoke	:read	nil
2026-03-20 16:01:24,860{GMT}	INFO	[jepsen worker 4] jepsen.util: 4	:ok	:read	[0 1 3 4 5 8 9 12 15 16 18 19 20 22 23 25 26 28 29 30 31 33 34 36 37 38 39 40 41 43 44 45 47 48 49 51 52 53 55 58 59]
2026-03-20 16:01:24,876{GMT}	INFO	[jepsen worker 0] jepsen.util: 0	:invoke	:broadcast	60
2026-03-20 16:01:24,888{GMT}	INFO	[jepsen worker 0] jepsen.util: 0	:ok	:broadcast	60
2026-03-20 16:01:24,921{GMT}	INFO	[jepsen worker 0] jepsen.util: 0	:invoke	:broadcast	61
2026-03-20 16:01:24,923{GMT}	INFO	[jepsen worker 0] jepsen.util: 0	:ok	:broadcast	61
2026-03-20 16:01:25,038{GMT}	INFO	[jepsen worker 1] jepsen.util: 1	:invoke	:broadcast	62
2026-03-20 16:01:25,039{GMT}	INFO	[jepsen worker 1] jepsen.util: 1	:ok	:broadcast	62
2026-03-20 16:01:25,068{GMT}	INFO	[jepsen worker 2] jepsen.util: 2	:invoke	:read	nil
2026-03-20 16:01:25,070{GMT}	INFO	[jepsen worker 2] jepsen.util: 2	:ok	:read	[0 1 3 4 5 8 9 12 15 16 18 19 20 22 23 25 26 28 29 30 31 33 34 36 37 38 39 40 41 43 44 45 47 48 49 51 52 53 55 58 59 62]
2026-03-20 16:01:25,148{GMT}	INFO	[jepsen worker 3] jepsen.util: 3	:invoke	:read	nil
2026-03-20 16:01:25,149{GMT}	INFO	[jepsen worker 4] jepsen.util: 4	:invoke	:broadcast	63
2026-03-20 16:01:25,150{GMT}	INFO	[jepsen worker 3] jepsen.util: 3	:ok	:read	[0 1 3 4 5 8 9 12 15 16 18 19 20 22 23 25 26 28 29 30 31 33 34 36 37 38 39 40 41 43 44 45 47 48 49 51 52 53 55 58 59 62]
2026-03-20 16:01:25,151{GMT}	INFO	[jepsen worker 4] jepsen.util: 4	:ok	:broadcast	63
2026-03-20 16:01:25,249{GMT}	INFO	[jepsen worker 0] jepsen.util: 0	:invoke	:broadcast	64
2026-03-20 16:01:25,251{GMT}	INFO	[jepsen worker 0] jepsen.util: 0	:ok	:broadcast	64
2026-03-20 16:01:25,446{GMT}	INFO	[jepsen worker 0] jepsen.util: 0	:invoke	:broadcast	65
2026-03-20 16:01:25,447{GMT}	INFO	[jepsen worker 0] jepsen.util: 0	:ok	:broadcast	65
2026-03-20 16:01:25,452{GMT}	INFO	[jepsen worker 1] jepsen.util: 1	:invoke	:read	nil
2026-03-20 16:01:25,454{GMT}	INFO	[jepsen worker 1] jepsen.util: 1	:ok	:read	[0 1 3 4 5 8 9 12 15 16 18 19 20 22 23 25 26 28 29 30 31 33 34 36 37 38 39 40 41 43 44 45 47 48 49 51 52 53 55 58 59 62 63]
2026-03-20 16:01:25,644{GMT}	INFO	[jepsen worker 2] jepsen.util: 2	:invoke	:read	nil
2026-03-20 16:01:25,647{GMT}	INFO	[jepsen worker 2] jepsen.util: 2	:ok	:read	[0 1 3 4 5 8 9 12 15 16 18 19 20 22 23 25 26 28 29 30 31 33 34 36 37 38 39 40 41 43 44 45 47 48 49 51 52 53 55 58 59 62 63]
2026-03-20 16:01:25,794{GMT}	INFO	[jepsen worker 3] jepsen.util: 3	:invoke	:broadcast	66
2026-03-20 16:01:25,796{GMT}	INFO	[jepsen worker 3] jepsen.util: 3	:ok	:broadcast	66
2026-03-20 16:01:25,994{GMT}	INFO	[jepsen worker 4] jepsen.util: 4	:invoke	:broadcast	67
2026-03-20 16:01:25,996{GMT}	INFO	[jepsen worker 4] jepsen.util: 4	:ok	:broadcast	67
2026-03-20 16:01:26,082{GMT}	INFO	[jepsen worker 0] jepsen.util: 0	:invoke	:read	nil
2026-03-20 16:01:26,083{GMT}	INFO	[jepsen worker 0] jepsen.util: 0	:ok	:read	[2 6 7 10 11 13 14 17 21 24 27 32 35 42 46 50 54 56 57 60 61 64 65]
2026-03-20 16:01:26,134{GMT}	INFO	[jepsen worker 0] jepsen.util: 0	:invoke	:broadcast	68
2026-03-20 16:01:26,135{GMT}	INFO	[jepsen worker 0] jepsen.util: 0	:ok	:broadcast	68
2026-03-20 16:01:26,205{GMT}	INFO	[jepsen worker nemesis] jepsen.util: :nemesis	:info	:stop-partition	nil
2026-03-20 16:01:26,205{GMT}	INFO	[jepsen worker nemesis] jepsen.util: :nemesis	:info	:stop-partition	:network-healed
2026-03-20 16:01:26,273{GMT}	INFO	[jepsen worker 2] jepsen.util: 2	:invoke	:read	nil
2026-03-20 16:01:26,274{GMT}	INFO	[jepsen worker 2] jepsen.util: 2	:ok	:read	[0 1 3 4 5 8 9 12 15 16 18 19 20 22 23 25 26 28 29 30 31 33 34 36 37 38 39 40 41 43 44 45 47 48 49 51 52 53 55 58 59 62 63 66 67]
2026-03-20 16:01:26,416{GMT}	INFO	[jepsen worker 3] jepsen.util: 3	:invoke	:read	nil
2026-03-20 16:01:26,418{GMT}	INFO	[jepsen worker 3] jepsen.util: 3	:ok	:read	[0 1 3 4 5 8 9 12 15 16 18 19 20 22 23 25 26 28 29 30 31 33 34 36 37 38 39 40 41 43 44 45 47 48 49 51 52 53 55 58 59 62 63 66 67]
2026-03-20 16:01:26,597{GMT}	INFO	[jepsen worker 4] jepsen.util: 4	:invoke	:read	nil
2026-03-20 16:01:26,599{GMT}	INFO	[jepsen worker 4] jepsen.util: 4	:ok	:read	[0 1 3 4 5 8 9 12 15 16 18 19 20 22 23 25 26 28 29 30 31 33 34 36 37 38 39 40 41 43 44 45 47 48 49 51 52 53 55 58 59 62 63 66 67]
2026-03-20 16:01:26,691{GMT}	INFO	[jepsen worker 0] jepsen.util: 0	:invoke	:read	nil
2026-03-20 16:01:26,693{GMT}	INFO	[jepsen worker 0] jepsen.util: 0	:ok	:read	[2 6 7 10 11 13 14 17 21 24 27 32 35 42 46 50 54 56 57 60 61 64 65 68]
2026-03-20 16:01:26,752{GMT}	INFO	[jepsen worker 0] jepsen.util: 0	:invoke	:broadcast	69
2026-03-20 16:01:26,753{GMT}	INFO	[jepsen worker 0] jepsen.util: 0	:ok	:broadcast	69
2026-03-20 16:01:26,869{GMT}	INFO	[jepsen worker 1] jepsen.util: 1	:invoke	:broadcast	70
2026-03-20 16:01:26,871{GMT}	INFO	[jepsen worker 1] jepsen.util: 1	:ok	:broadcast	70
2026-03-20 16:01:26,947{GMT}	INFO	[jepsen worker 2] jepsen.util: 2	:invoke	:read	nil
2026-03-20 16:01:26,948{GMT}	INFO	[jepsen worker 2] jepsen.util: 2	:ok	:read	[0 1 3 4 5 8 9 12 15 16 18 19 20 22 23 25 26 28 29 30 31 33 34 36 37 38 39 40 41 43 44 45 47 48 49 51 52 53 55 58 59 62 63 66 67 69 70]
2026-03-20 16:01:27,041{GMT}	INFO	[jepsen worker 3] jepsen.util: 3	:invoke	:broadcast	71
2026-03-20 16:01:27,042{GMT}	INFO	[jepsen worker 3] jepsen.util: 3	:ok	:broadcast	71
2026-03-20 16:01:27,186{GMT}	INFO	[jepsen worker 4] jepsen.util: 4	:invoke	:broadcast	72
2026-03-20 16:01:27,188{GMT}	INFO	[jepsen worker 4] jepsen.util: 4	:ok	:broadcast	72
2026-03-20 16:01:27,219{GMT}	INFO	[jepsen worker 0] jepsen.util: 0	:invoke	:read	nil
2026-03-20 16:01:27,220{GMT}	INFO	[jepsen worker 0] jepsen.util: 0	:ok	:read	[2 6 7 10 11 13 14 17 21 24 27 32 35 42 46 50 54 56 57 60 61 64 65 68 69 70 71 72]
2026-03-20 16:01:27,230{GMT}	INFO	[jepsen worker 0] jepsen.util: 0	:invoke	:broadcast	73
2026-03-20 16:01:27,232{GMT}	INFO	[jepsen worker 0] jepsen.util: 0	:ok	:broadcast	73
2026-03-20 16:01:27,253{GMT}	INFO	[jepsen worker 1] jepsen.util: 1	:invoke	:read	nil
2026-03-20 16:01:27,255{GMT}	INFO	[jepsen worker 1] jepsen.util: 1	:ok	:read	[0 1 3 4 5 8 9 12 15 16 18 19 20 22 23 25 26 28 29 30 31 33 34 36 37 38 39 40 41 43 44 45 47 48 49 51 52 53 55 58 59 62 63 66 67 69 70 71 72 73]
2026-03-20 16:01:27,403{GMT}	INFO	[jepsen worker 2] jepsen.util: 2	:invoke	:read	nil
2026-03-20 16:01:27,405{GMT}	INFO	[jepsen worker 2] jepsen.util: 2	:ok	:read	[0 1 3 4 5 8 9 12 15 16 18 19 20 22 23 25 26 28 29 30 31 33 34 36 37 38 39 40 41 43 44 45 47 48 49 51 52 53 55 58 59 62 63 66 67 69 70 71 72 73]
2026-03-20 16:01:27,516{GMT}	INFO	[jepsen worker 3] jepsen.util: 3	:invoke	:read	nil
2026-03-20 16:01:27,522{GMT}	INFO	[jepsen worker 3] jepsen.util: 3	:ok	:read	[0 1 3 4 5 8 9 12 15 16 18 19 20 22 23 25 26 28 29 30 31 33 34 36 37 38 39 40 41 43 44 45 47 48 49 51 52 53 55 58 59 62 63 66 67 69 70 71 72 73]
2026-03-20 16:01:27,680{GMT}	INFO	[jepsen worker 4] jepsen.util: 4	:invoke	:broadcast	74
2026-03-20 16:01:27,681{GMT}	INFO	[jepsen worker 4] jepsen.util: 4	:ok	:broadcast	74
2026-03-20 16:01:27,802{GMT}	INFO	[jepsen worker 0] jepsen.util: 0	:invoke	:broadcast	75
2026-03-20 16:01:27,804{GMT}	INFO	[jepsen worker 0] jepsen.util: 0	:ok	:broadcast	75
2026-03-20 16:01:27,983{GMT}	INFO	[jepsen worker 0] jepsen.util: 0	:invoke	:read	nil
2026-03-20 16:01:27,985{GMT}	INFO	[jepsen worker 0] jepsen.util: 0	:ok	:read	[2 6 7 10 11 13 14 17 21 24 27 32 35 42 46 50 54 56 57 60 61 64 65 68 69 70 71 72 73 74 75]
2026-03-20 16:01:28,168{GMT}	INFO	[jepsen worker 1] jepsen.util: 1	:invoke	:read	nil
2026-03-20 16:01:28,169{GMT}	INFO	[jepsen worker 1] jepsen.util: 1	:ok	:read	[0 1 3 4 5 8 9 12 15 16 18 19 20 22 23 25 26 28 29 30 31 33 34 36 37 38 39 40 41 43 44 45 47 48 49 51 52 53 55 58 59 62 63 66 67 69 70 71 72 73 74 75]
2026-03-20 16:01:28,325{GMT}	INFO	[jepsen worker 2] jepsen.util: 2	:invoke	:broadcast	76
2026-03-20 16:01:28,326{GMT}	INFO	[jepsen worker 2] jepsen.util: 2	:ok	:broadcast	76
2026-03-20 16:01:28,467{GMT}	INFO	[jepsen worker 3] jepsen.util: 3	:invoke	:broadcast	77
2026-03-20 16:01:28,468{GMT}	INFO	[jepsen worker 3] jepsen.util: 3	:ok	:broadcast	77
2026-03-20 16:01:28,657{GMT}	INFO	[jepsen worker 4] jepsen.util: 4	:invoke	:broadcast	78
2026-03-20 16:01:28,658{GMT}	INFO	[jepsen worker 4] jepsen.util: 4	:ok	:broadcast	78
2026-03-20 16:01:28,779{GMT}	INFO	[jepsen worker 0] jepsen.util: 0	:invoke	:read	nil
2026-03-20 16:01:28,781{GMT}	INFO	[jepsen worker 0] jepsen.util: 0	:ok	:read	[2 6 7 10 11 13 14 17 21 24 27 32 35 42 46 50 54 56 57 60 61 64 65 68 69 70 71 72 73 74 75 76 77 78]
2026-03-20 16:01:28,919{GMT}	INFO	[jepsen worker 0] jepsen.util: 0	:invoke	:read	nil
2026-03-20 16:01:28,920{GMT}	INFO	[jepsen worker 0] jepsen.util: 0	:ok	:read	[2 6 7 10 11 13 14 17 21 24 27 32 35 42 46 50 54 56 57 60 61 64 65 68 69 70 71 72 73 74 75 76 77 78]
2026-03-20 16:01:29,079{GMT}	INFO	[jepsen worker 1] jepsen.util: 1	:invoke	:broadcast	79
2026-03-20 16:01:29,085{GMT}	INFO	[jepsen worker 1] jepsen.util: 1	:ok	:broadcast	79
2026-03-20 16:01:29,174{GMT}	INFO	[jepsen worker 2] jepsen.util: 2	:invoke	:broadcast	80
2026-03-20 16:01:29,182{GMT}	INFO	[jepsen worker 2] jepsen.util: 2	:ok	:broadcast	80
2026-03-20 16:01:29,293{GMT}	INFO	[jepsen worker 3] jepsen.util: 3	:invoke	:broadcast	81
2026-03-20 16:01:29,300{GMT}	INFO	[jepsen worker 3] jepsen.util: 3	:ok	:broadcast	81
2026-03-20 16:01:29,481{GMT}	INFO	[jepsen worker 4] jepsen.util: 4	:invoke	:broadcast	82
2026-03-20 16:01:29,486{GMT}	INFO	[jepsen worker 0] jepsen.util: 0	:invoke	:broadcast	83
2026-03-20 16:01:29,488{GMT}	INFO	[jepsen worker 4] jepsen.util: 4	:ok	:broadcast	82
2026-03-20 16:01:29,499{GMT}	INFO	[jepsen worker 0] jepsen.util: 0	:ok	:broadcast	83
2026-03-20 16:01:29,597{GMT}	INFO	[jepsen worker 0] jepsen.util: 0	:invoke	:read	nil
2026-03-20 16:01:29,598{GMT}	INFO	[jepsen worker 0] jepsen.util: 0	:ok	:read	[2 6 7 10 11 13 14 17 21 24 27 32 35 42 46 50 54 56 57 60 61 64 65 68 69 70 71 72 73 74 75 76 77 78 79 80 81 83 82]
2026-03-20 16:01:29,700{GMT}	INFO	[jepsen worker 1] jepsen.util: 1	:invoke	:read	nil
2026-03-20 16:01:29,701{GMT}	INFO	[jepsen worker 1] jepsen.util: 1	:ok	:read	[0 1 3 4 5 8 9 12 15 16 18 19 20 22 23 25 26 28 29 30 31 33 34 36 37 38 39 40 41 43 44 45 47 48 49 51 52 53 55 58 59 62 63 66 67 69 70 71 72 73 74 75 76 77 78 79 80 81 82 83]
2026-03-20 16:01:29,701{GMT}	INFO	[jepsen worker 2] jepsen.util: 2	:invoke	:broadcast	84
2026-03-20 16:01:29,702{GMT}	INFO	[jepsen worker 2] jepsen.util: 2	:ok	:broadcast	84
2026-03-20 16:01:29,857{GMT}	INFO	[jepsen worker 3] jepsen.util: 3	:invoke	:read	nil
2026-03-20 16:01:29,859{GMT}	INFO	[jepsen worker 3] jepsen.util: 3	:ok	:read	[0 1 3 4 5 8 9 12 15 16 18 19 20 22 23 25 26 28 29 30 31 33 34 36 37 38 39 40 41 43 44 45 47 48 49 51 52 53 55 58 59 62 63 66 67 69 70 71 72 73 74 75 76 77 78 79 80 81 82 83 84]
2026-03-20 16:01:29,919{GMT}	INFO	[jepsen worker 4] jepsen.util: 4	:invoke	:read	nil
2026-03-20 16:01:29,921{GMT}	INFO	[jepsen worker 4] jepsen.util: 4	:ok	:read	[0 1 3 4 5 8 9 12 15 16 18 19 20 22 23 25 26 28 29 30 31 33 34 36 37 38 39 40 41 43 44 45 47 48 49 51 52 53 55 58 59 62 63 66 67 69 70 71 72 73 74 75 76 77 78 79 80 81 82 83 84]
2026-03-20 16:01:29,967{GMT}	INFO	[jepsen worker 0] jepsen.util: 0	:invoke	:broadcast	85
2026-03-20 16:01:29,971{GMT}	INFO	[jepsen worker 0] jepsen.util: 0	:ok	:broadcast	85
2026-03-20 16:01:29,978{GMT}	INFO	[jepsen worker 0] jepsen.util: 0	:invoke	:read	nil
2026-03-20 16:01:29,980{GMT}	INFO	[jepsen worker 0] jepsen.util: 0	:ok	:read	[2 6 7 10 11 13 14 17 21 24 27 32 35 42 46 50 54 56 57 60 61 64 65 68 69 70 71 72 73 74 75 76 77 78 79 80 81 83 82 84 85]
2026-03-20 16:01:30,128{GMT}	INFO	[jepsen worker 1] jepsen.util: 1	:invoke	:broadcast	86
2026-03-20 16:01:30,129{GMT}	INFO	[jepsen worker 1] jepsen.util: 1	:ok	:broadcast	86
2026-03-20 16:01:30,255{GMT}	INFO	[jepsen worker 2] jepsen.util: 2	:invoke	:read	nil
2026-03-20 16:01:30,256{GMT}	INFO	[jepsen worker 2] jepsen.util: 2	:ok	:read	[0 1 3 4 5 8 9 12 15 16 18 19 20 22 23 25 26 28 29 30 31 33 34 36 37 38 39 40 41 43 44 45 47 48 49 51 52 53 55 58 59 62 63 66 67 69 70 71 72 73 74 75 76 77 78 79 80 81 82 83 84 85 86]
2026-03-20 16:01:30,362{GMT}	INFO	[jepsen worker 3] jepsen.util: 3	:invoke	:read	nil
2026-03-20 16:01:30,364{GMT}	INFO	[jepsen worker 3] jepsen.util: 3	:ok	:read	[0 1 3 4 5 8 9 12 15 16 18 19 20 22 23 25 26 28 29 30 31 33 34 36 37 38 39 40 41 43 44 45 47 48 49 51 52 53 55 58 59 62 63 66 67 69 70 71 72 73 74 75 76 77 78 79 80 81 82 83 84 85 86]
2026-03-20 16:01:30,391{GMT}	INFO	[jepsen worker 4] jepsen.util: 4	:invoke	:broadcast	87
2026-03-20 16:01:30,392{GMT}	INFO	[jepsen worker 4] jepsen.util: 4	:ok	:broadcast	87
2026-03-20 16:01:30,529{GMT}	INFO	[jepsen worker 0] jepsen.util: 0	:invoke	:read	nil
2026-03-20 16:01:30,530{GMT}	INFO	[jepsen worker 0] jepsen.util: 0	:ok	:read	[2 6 7 10 11 13 14 17 21 24 27 32 35 42 46 50 54 56 57 60 61 64 65 68 69 70 71 72 73 74 75 76 77 78 79 80 81 83 82 84 85 86 87]
2026-03-20 16:01:30,653{GMT}	INFO	[jepsen worker 0] jepsen.util: 0	:invoke	:read	nil
2026-03-20 16:01:30,655{GMT}	INFO	[jepsen worker 0] jepsen.util: 0	:ok	:read	[2 6 7 10 11 13 14 17 21 24 27 32 35 42 46 50 54 56 57 60 61 64 65 68 69 70 71 72 73 74 75 76 77 78 79 80 81 83 82 84 85 86 87]
2026-03-20 16:01:30,728{GMT}	INFO	[jepsen worker 1] jepsen.util: 1	:invoke	:read	nil
2026-03-20 16:01:30,729{GMT}	INFO	[jepsen worker 1] jepsen.util: 1	:ok	:read	[0 1 3 4 5 8 9 12 15 16 18 19 20 22 23 25 26 28 29 30 31 33 34 36 37 38 39 40 41 43 44 45 47 48 49 51 52 53 55 58 59 62 63 66 67 69 70 71 72 73 74 75 76 77 78 79 80 81 82 83 84 85 86 87]
2026-03-20 16:01:30,848{GMT}	INFO	[jepsen worker 2] jepsen.util: 2	:invoke	:read	nil
2026-03-20 16:01:30,850{GMT}	INFO	[jepsen worker 2] jepsen.util: 2	:ok	:read	[0 1 3 4 5 8 9 12 15 16 18 19 20 22 23 25 26 28 29 30 31 33 34 36 37 38 39 40 41 43 44 45 47 48 49 51 52 53 55 58 59 62 63 66 67 69 70 71 72 73 74 75 76 77 78 79 80 81 82 83 84 85 86 87]
2026-03-20 16:01:30,998{GMT}	INFO	[jepsen worker 3] jepsen.util: 3	:invoke	:broadcast	88
2026-03-20 16:01:30,999{GMT}	INFO	[jepsen worker 3] jepsen.util: 3	:ok	:broadcast	88
2026-03-20 16:01:31,186{GMT}	INFO	[jepsen worker 4] jepsen.util: 4	:invoke	:read	nil
2026-03-20 16:01:31,187{GMT}	INFO	[jepsen worker 4] jepsen.util: 4	:ok	:read	[0 1 3 4 5 8 9 12 15 16 18 19 20 22 23 25 26 28 29 30 31 33 34 36 37 38 39 40 41 43 44 45 47 48 49 51 52 53 55 58 59 62 63 66 67 69 70 71 72 73 74 75 76 77 78 79 80 81 82 83 84 85 86 87 88]
2026-03-20 16:01:31,268{GMT}	INFO	[jepsen worker 0] jepsen.util: 0	:invoke	:broadcast	89
2026-03-20 16:01:31,269{GMT}	INFO	[jepsen worker 0] jepsen.util: 0	:ok	:broadcast	89
2026-03-20 16:01:31,386{GMT}	INFO	[jepsen worker 0] jepsen.util: 0	:invoke	:read	nil
2026-03-20 16:01:31,387{GMT}	INFO	[jepsen worker 0] jepsen.util: 0	:ok	:read	[2 6 7 10 11 13 14 17 21 24 27 32 35 42 46 50 54 56 57 60 61 64 65 68 69 70 71 72 73 74 75 76 77 78 79 80 81 83 82 84 85 86 87 88 89]
2026-03-20 16:01:31,542{GMT}	INFO	[jepsen worker 1] jepsen.util: 1	:invoke	:broadcast	90
2026-03-20 16:01:31,543{GMT}	INFO	[jepsen worker 1] jepsen.util: 1	:ok	:broadcast	90
2026-03-20 16:01:31,617{GMT}	INFO	[jepsen worker 2] jepsen.util: 2	:invoke	:broadcast	91
2026-03-20 16:01:31,618{GMT}	INFO	[jepsen worker 2] jepsen.util: 2	:ok	:broadcast	91
2026-03-20 16:01:31,685{GMT}	INFO	[jepsen worker 3] jepsen.util: 3	:invoke	:read	nil
2026-03-20 16:01:31,687{GMT}	INFO	[jepsen worker 3] jepsen.util: 3	:ok	:read	[0 1 3 4 5 8 9 12 15 16 18 19 20 22 23 25 26 28 29 30 31 33 34 36 37 38 39 40 41 43 44 45 47 48 49 51 52 53 55 58 59 62 63 66 67 69 70 71 72 73 74 75 76 77 78 79 80 81 82 83 84 85 86 87 88 89 90 91]
2026-03-20 16:01:31,791{GMT}	INFO	[jepsen worker 4] jepsen.util: 4	:invoke	:read	nil
2026-03-20 16:01:31,792{GMT}	INFO	[jepsen worker 4] jepsen.util: 4	:ok	:read	[0 1 3 4 5 8 9 12 15 16 18 19 20 22 23 25 26 28 29 30 31 33 34 36 37 38 39 40 41 43 44 45 47 48 49 51 52 53 55 58 59 62 63 66 67 69 70 71 72 73 74 75 76 77 78 79 80 81 82 83 84 85 86 87 88 89 89 90 91]
2026-03-20 16:01:31,958{GMT}	INFO	[jepsen worker 0] jepsen.util: 0	:invoke	:broadcast	92
2026-03-20 16:01:31,960{GMT}	INFO	[jepsen worker 0] jepsen.util: 0	:ok	:broadcast	92
2026-03-20 16:01:32,067{GMT}	INFO	[jepsen worker 0] jepsen.util: 0	:invoke	:broadcast	93
2026-03-20 16:01:32,068{GMT}	INFO	[jepsen worker 0] jepsen.util: 0	:ok	:broadcast	93
2026-03-20 16:01:32,085{GMT}	INFO	[jepsen worker 1] jepsen.util: 1	:invoke	:read	nil
2026-03-20 16:01:32,087{GMT}	INFO	[jepsen worker 1] jepsen.util: 1	:ok	:read	[0 1 3 4 5 8 9 12 15 16 18 19 20 22 23 25 26 28 29 30 31 33 34 36 37 38 39 40 41 43 44 45 47 48 49 51 52 53 55 58 59 62 63 66 67 69 70 71 72 73 74 75 76 77 78 79 80 81 82 83 84 85 86 87 88 89 90 91 92 93]
2026-03-20 16:01:32,093{GMT}	INFO	[jepsen worker 2] jepsen.util: 2	:invoke	:broadcast	94
2026-03-20 16:01:32,094{GMT}	INFO	[jepsen worker 2] jepsen.util: 2	:ok	:broadcast	94
2026-03-20 16:01:32,269{GMT}	INFO	[jepsen worker 3] jepsen.util: 3	:invoke	:broadcast	95
2026-03-20 16:01:32,270{GMT}	INFO	[jepsen worker 3] jepsen.util: 3	:ok	:broadcast	95
2026-03-20 16:01:32,398{GMT}	INFO	[jepsen worker 4] jepsen.util: 4	:invoke	:broadcast	96
2026-03-20 16:01:32,399{GMT}	INFO	[jepsen worker 4] jepsen.util: 4	:ok	:broadcast	96
2026-03-20 16:01:32,578{GMT}	INFO	[jepsen worker 0] jepsen.util: 0	:invoke	:read	nil
2026-03-20 16:01:32,579{GMT}	INFO	[jepsen worker 0] jepsen.util: 0	:ok	:read	[2 6 7 10 11 13 14 17 21 24 27 32 35 42 46 50 54 56 57 60 61 64 65 68 69 70 71 72 73 74 75 76 77 78 79 80 81 83 82 84 85 86 87 88 89 90 91 92 93 94 95 96]
2026-03-20 16:01:32,601{GMT}	INFO	[jepsen worker 0] jepsen.util: 0	:invoke	:read	nil
2026-03-20 16:01:32,602{GMT}	INFO	[jepsen worker 0] jepsen.util: 0	:ok	:read	[2 6 7 10 11 13 14 17 21 24 27 32 35 42 46 50 54 56 57 60 61 64 65 68 69 70 71 72 73 74 75 76 77 78 79 80 81 83 82 84 85 86 87 88 89 90 91 92 93 94 95 96]
2026-03-20 16:01:32,660{GMT}	INFO	[jepsen worker 1] jepsen.util: 1	:invoke	:broadcast	97
2026-03-20 16:01:32,661{GMT}	INFO	[jepsen worker 1] jepsen.util: 1	:ok	:broadcast	97
2026-03-20 16:01:32,687{GMT}	INFO	[jepsen worker 2] jepsen.util: 2	:invoke	:read	nil
2026-03-20 16:01:32,688{GMT}	INFO	[jepsen worker 2] jepsen.util: 2	:ok	:read	[0 1 3 4 5 8 9 12 15 16 18 19 20 22 23 25 26 28 29 30 31 33 34 36 37 38 39 40 41 43 44 45 47 48 49 51 52 53 55 58 59 62 63 66 67 69 70 71 72 73 74 75 76 77 78 79 80 81 82 83 84 85 86 87 88 89 90 91 92 93 94 95 96 97]
2026-03-20 16:01:32,786{GMT}	INFO	[jepsen worker 3] jepsen.util: 3	:invoke	:read	nil
2026-03-20 16:01:32,788{GMT}	INFO	[jepsen worker 3] jepsen.util: 3	:ok	:read	[0 1 3 4 5 8 9 12 15 16 18 19 20 22 23 25 26 28 29 30 31 33 34 36 37 38 39 40 41 43 44 45 47 48 49 51 52 53 55 58 59 62 63 66 67 69 70 71 72 73 74 75 76 77 78 79 80 81 82 83 84 85 86 87 88 89 90 91 92 93 94 95 96 97]
2026-03-20 16:01:32,958{GMT}	INFO	[jepsen worker 4] jepsen.util: 4	:invoke	:read	nil
2026-03-20 16:01:32,960{GMT}	INFO	[jepsen worker 4] jepsen.util: 4	:ok	:read	[0 1 3 4 5 8 9 12 15 16 18 19 20 22 23 25 26 28 29 30 31 33 34 36 37 38 39 40 41 43 44 45 47 48 49 51 52 53 55 58 59 62 63 66 67 69 70 71 72 73 74 75 76 77 78 79 80 81 82 83 84 85 86 87 88 89 89 90 91 92 93 94 95 96 97]
2026-03-20 16:01:33,081{GMT}	INFO	[jepsen worker 0] jepsen.util: 0	:invoke	:broadcast	98
2026-03-20 16:01:33,082{GMT}	INFO	[jepsen worker 0] jepsen.util: 0	:ok	:broadcast	98
2026-03-20 16:01:33,217{GMT}	INFO	[jepsen worker 0] jepsen.util: 0	:invoke	:broadcast	99
2026-03-20 16:01:33,218{GMT}	INFO	[jepsen worker 0] jepsen.util: 0	:ok	:broadcast	99
2026-03-20 16:01:33,359{GMT}	INFO	[jepsen worker 1] jepsen.util: 1	:invoke	:broadcast	100
2026-03-20 16:01:33,360{GMT}	INFO	[jepsen worker 1] jepsen.util: 1	:ok	:broadcast	100
2026-03-20 16:01:33,517{GMT}	INFO	[jepsen worker 2] jepsen.util: 2	:invoke	:broadcast	101
2026-03-20 16:01:33,518{GMT}	INFO	[jepsen worker 2] jepsen.util: 2	:ok	:broadcast	101
2026-03-20 16:01:33,626{GMT}	INFO	[jepsen worker 3] jepsen.util: 3	:invoke	:read	nil
2026-03-20 16:01:33,627{GMT}	INFO	[jepsen worker 3] jepsen.util: 3	:ok	:read	[0 1 3 4 5 8 9 12 15 16 18 19 20 22 23 25 26 28 29 30 31 33 34 36 37 38 39 40 41 43 44 45 47 48 49 51 52 53 55 58 59 62 63 66 67 69 70 71 72 73 74 75 76 77 78 79 80 81 82 83 84 85 86 87 88 89 90 91 92 93 94 95 96 97 98 99 100 101]
2026-03-20 16:01:33,628{GMT}	INFO	[jepsen worker nemesis] jepsen.util: :nemesis	:info	:stop-partition	nil
2026-03-20 16:01:33,628{GMT}	INFO	[jepsen worker nemesis] jepsen.util: :nemesis	:info	:stop-partition	:network-healed
2026-03-20 16:01:33,629{GMT}	INFO	[jepsen worker nemesis] jepsen.generator.interpreter: Waiting for recovery...
2026-03-20 16:01:43,631{GMT}	INFO	[jepsen worker 3] jepsen.util: 3	:invoke	:read	nil
2026-03-20 16:01:43,631{GMT}	INFO	[jepsen worker 2] jepsen.util: 2	:invoke	:read	nil
2026-03-20 16:01:43,631{GMT}	INFO	[jepsen worker 1] jepsen.util: 1	:invoke	:read	nil
2026-03-20 16:01:43,632{GMT}	INFO	[jepsen worker 0] jepsen.util: 0	:invoke	:read	nil
2026-03-20 16:01:43,632{GMT}	INFO	[jepsen worker 4] jepsen.util: 4	:invoke	:read	nil
2026-03-20 16:01:43,633{GMT}	INFO	[jepsen worker 3] jepsen.util: 3	:ok	:read	[0 1 3 4 5 8 9 12 15 16 18 19 20 22 23 25 26 28 29 30 31 33 34 36 37 38 39 40 41 43 44 45 47 48 49 51 52 53 55 58 59 62 63 66 67 69 70 71 72 73 74 75 76 77 78 79 80 81 82 83 84 85 86 87 88 89 90 91 92 93 94 95 96 97 98 99 100 101]
2026-03-20 16:01:43,633{GMT}	INFO	[jepsen worker 2] jepsen.util: 2	:ok	:read	[0 1 3 4 5 8 9 12 15 16 18 19 20 22 23 25 26 28 29 30 31 33 34 36 37 38 39 40 41 43 44 45 47 48 49 51 52 53 55 58 59 62 63 66 67 69 70 71 72 73 74 75 76 77 78 79 80 81 82 83 84 85 86 87 88 89 90 91 92 93 94 95 96 97 98 99 100 101]
2026-03-20 16:01:43,633{GMT}	INFO	[jepsen worker 0] jepsen.util: 0	:ok	:read	[2 6 7 10 11 13 14 17 21 24 27 32 35 42 46 50 54 56 57 60 61 64 65 68 69 70 71 72 73 74 75 76 77 78 79 80 81 83 82 84 85 86 87 88 89 90 91 92 93 94 95 96 97 98 99 100 101]
2026-03-20 16:01:43,634{GMT}	INFO	[jepsen worker 1] jepsen.util: 1	:ok	:read	[0 1 3 4 5 8 9 12 15 16 18 19 20 22 23 25 26 28 29 30 31 33 34 36 37 38 39 40 41 43 44 45 47 48 49 51 52 53 55 58 59 62 63 66 67 69 70 71 72 73 74 75 76 77 78 79 80 81 82 83 84 85 86 87 88 89 90 91 92 93 94 95 95 96 97 98 99 100 101]
2026-03-20 16:01:43,635{GMT}	INFO	[jepsen worker 4] jepsen.util: 4	:ok	:read	[0 1 3 4 5 8 9 12 15 16 18 19 20 22 23 25 26 28 29 30 31 33 34 36 37 38 39 40 41 43 44 45 47 48 49 51 52 53 55 58 59 62 63 66 67 69 70 71 72 73 74 75 76 77 78 79 80 81 82 83 84 85 86 87 88 89 89 90 91 92 93 94 95 96 97 98 99 100 101]
2026-03-20 16:01:43,654{GMT}	INFO	[jepsen test runner] jepsen.core: Run complete, writing
2026-03-20 16:01:43,712{GMT}	INFO	[jepsen node n1] maelstrom.db: Tearing down n1
2026-03-20 16:01:43,712{GMT}	INFO	[jepsen node n0] maelstrom.db: Tearing down n0
2026-03-20 16:01:43,714{GMT}	INFO	[jepsen node n2] maelstrom.db: Tearing down n2
2026-03-20 16:01:43,714{GMT}	INFO	[jepsen node n4] maelstrom.db: Tearing down n4
2026-03-20 16:01:43,714{GMT}	INFO	[jepsen node n3] maelstrom.db: Tearing down n3
2026-03-20 16:01:45,507{GMT}	INFO	[jepsen node n0] maelstrom.net: Shutting down Maelstrom network
2026-03-20 16:01:45,508{GMT}	INFO	[jepsen test runner] jepsen.core: Analyzing...
2026-03-20 16:01:45,846{GMT}	INFO	[jepsen test runner] jepsen.core: Analysis complete
2026-03-20 16:01:45,883{GMT}	INFO	[jepsen results] jepsen.store: Wrote /home/banna/Documents/maelstrom-java/store/broadcast/20260320T160112.098Z/results.edn
2026-03-20 16:01:45,913{GMT}	INFO	[jepsen test runner] jepsen.core: {:perf {:latency-graph {:valid? true},
        :rate-graph {:valid? true},
        :valid? true},
 :timeline {:valid? true},
 :exceptions {:valid? true},
 :stats {:valid? true,
         :count 193,
         :ok-count 193,
         :fail-count 0,
         :info-count 0,
         :by-f {:broadcast {:valid? true,
                            :count 102,
                            :ok-count 102,
                            :fail-count 0,
                            :info-count 0},
                :read {:valid? true,
                       :count 91,
                       :ok-count 91,
                       :fail-count 0,
                       :info-count 0}}},
 :availability {:valid? true, :ok-fraction 1.0},
 :net {:all {:send-count 1149,
             :recv-count 1011,
             :msg-count 1149,
             :msgs-per-op 5.9533677},
       :clients {:send-count 406, :recv-count 406, :msg-count 406},
       :servers {:send-count 743,
                 :recv-count 605,
                 :msg-count 743,
                 :msgs-per-op 3.849741},
       :valid? true},
 :workload {:worst-stale ({:element 0,
                           :outcome :stable,
                           :stable-latency 29875,
                           :lost-latency nil,
                           :known #jepsen.history.Op{:index 5,
                                                     :time 92428010,
                                                     :type :ok,
                                                     :process 2,
                                                     :f :add,
                                                     :value 0},
                           :last-absent #jepsen.history.Op{:index 385,
                                                           :time 29967483001,
                                                           :type :invoke,
                                                           :process 0,
                                                           :f :read,
                                                           :value nil,
                                                           :final? true}}
                          {:element 1,
                           :outcome :stable,
                           :stable-latency 29801,
                           :lost-latency nil,
                           :known #jepsen.history.Op{:index 7,
                                                     :time 166064909,
                                                     :type :ok,
                                                     :process 3,
                                                     :f :add,
                                                     :value 1},
                           :last-absent #jepsen.history.Op{:index 385,
                                                           :time 29967483001,
                                                           :type :invoke,
                                                           :process 0,
                                                           :f :read,
                                                           :value nil,
                                                           :final? true}}
                          {:element 3,
                           :outcome :stable,
                           :stable-latency 29432,
                           :lost-latency nil,
                           :known #jepsen.history.Op{:index 15,
                                                     :time 535219366,
                                                     :type :ok,
                                                     :process 1,
                                                     :f :add,
                                                     :value 3},
                           :last-absent #jepsen.history.Op{:index 385,
                                                           :time 29967483001,
                                                           :type :invoke,
                                                           :process 0,
                                                           :f :read,
                                                           :value nil,
                                                           :final? true}}
                          {:element 4,
                           :outcome :stable,
                           :stable-latency 29344,
                           :lost-latency nil,
                           :known #jepsen.history.Op{:index 17,
                                                     :time 623366027,
                                                     :type :ok,
                                                     :process 2,
                                                     :f :add,
                                                     :value 4},
                           :last-absent #jepsen.history.Op{:index 385,
                                                           :time 29967483001,
                                                           :type :invoke,
                                                           :process 0,
                                                           :f :read,
                                                           :value nil,
                                                           :final? true}}
                          {:element 5,
                           :outcome :stable,
                           :stable-latency 29047,
                           :lost-latency nil,
                           :known #jepsen.history.Op{:index 21,
                                                     :time 920390186,
                                                     :type :ok,
                                                     :process 4,
                                                     :f :add,
                                                     :value 5},
                           :last-absent #jepsen.history.Op{:index 385,
                                                           :time 29967483001,
                                                           :type :invoke,
                                                           :process 0,
                                                           :f :read,
                                                           :value nil,
                                                           :final? true}}
                          {:element 8,
                           :outcome :stable,
                           :stable-latency 28544,
                           :lost-latency nil,
                           :known #jepsen.history.Op{:index 27,
                                                     :time 1422691817,
                                                     :type :ok,
                                                     :process 1,
                                                     :f :add,
                                                     :value 8},
                           :last-absent #jepsen.history.Op{:index 385,
                                                           :time 29967483001,
                                                           :type :invoke,
                                                           :process 0,
                                                           :f :read,
                                                           :value nil,
                                                           :final? true}}
                          {:element 9,
                           :outcome :stable,
                           :stable-latency 28199,
                           :lost-latency nil,
                           :known #jepsen.history.Op{:index 33,
                                                     :time 1768063595,
                                                     :type :ok,
                                                     :process 4,
                                                     :f :add,
                                                     :value 9},
                           :last-absent #jepsen.history.Op{:index 385,
                                                           :time 29967483001,
                                                           :type :invoke,
                                                           :process 0,
                                                           :f :read,
                                                           :value nil,
                                                           :final? true}}
                          {:element 12,
                           :outcome :stable,
                           :stable-latency 27815,
                           :lost-latency nil,
                           :known #jepsen.history.Op{:index 45,
                                                     :time 2152427455,
                                                     :type :ok,
                                                     :process 4,
                                                     :f :add,
                                                     :value 12},
                           :last-absent #jepsen.history.Op{:index 385,
                                                           :time 29967483001,
                                                           :type :invoke,
                                                           :process 0,
                                                           :f :read,
                                                           :value nil,
                                                           :final? true}}),
            :duplicated-count 0,
            :valid? false,
            :lost-count 24,
            :lost (2
                   6
                   7
                   10
                   11
                   13
                   14
                   17
                   21
                   24
                   27
                   32
                   35
                   42
                   46
                   50
                   54
                   56
                   57
                   60
                   61
                   64
                   65
                   68),
            :stable-count 78,
            :stale-count 45,
            :stale (0
                    1
                    3
                    4
                    5
                    8
                    9
                    12
                    15
                    16
                    18
                    19
                    20
                    22
                    23
                    25
                    26
                    28
                    29
                    30
                    31
                    33
                    34
                    36
                    37
                    38
                    39
                    40
                    41
                    43
                    44
                    45
                    47
                    48
                    49
                    51
                    52
                    53
                    55
                    58
                    59
                    62
                    63
                    66
                    67),
            :never-read-count 0,
            :stable-latencies {0 0,
                               0.5 19770,
                               0.95 29344,
                               0.99 29875,
                               1 29875},
            :attempt-count 102,
            :lost-latencies {0 17496,
                             0.5 24738,
                             0.95 28881,
                             0.99 29636,
                             1 29636},
            :never-read (),
            :duplicated {}},
 :valid? false}


Analysis invalid! (ﾉಥ益ಥ）ﾉ ┻━┻
