2026-03-19 17:49:25,229{GMT}	INFO	[jepsen test runner] jepsen.core: Command line:
lein run test -w broadcast --bin run.sh broadcast --node-count 5 --time-limit 20 --rate 10 --nemesis partition
2026-03-19 17:49:25,314{GMT}	INFO	[jepsen test runner] jepsen.core: Running test:
{:args ["broadcast"]
 :remote
 #jepsen.control.retry.Remote{:remote #jepsen.control.scp.Remote{:cmd-remote #jepsen.control.sshj.SSHJRemote{:concurrency-limit 6,
                                                                                                             :conn-spec nil,
                                                                                                             :client nil,
                                                                                                             :semaphore nil},
                                                                 :conn-spec nil},
                              :conn nil}
 :log-net-send false
 :node-count 5
 :availability nil
 :max-txn-length 4
 :concurrency 5
 :db
 #object[maelstrom.db$db$reify__16142
         "0x3938e876"
         "maelstrom.db$db$reify__16142@3938e876"]
 :max-writes-per-key 16
 :leave-db-running? false
 :name "broadcast"
 :logging-json? false
 :start-time
 #object[org.joda.time.DateTime "0x70b2819f" "2026-03-19T17:49:25.204Z"]
 :nemesis-interval 10
 :net
 #object[maelstrom.net$jepsen_net$reify__15251
         "0x65dac812"
         "maelstrom.net$jepsen_net$reify__15251@65dac812"]
 :client
 #object[maelstrom.workload.broadcast$client$reify__16644
         "0x3619ecd"
         "maelstrom.workload.broadcast$client$reify__16644@3619ecd"]
 :barrier
 #object[java.util.concurrent.CyclicBarrier
         "0x7de4bd8f"
         "java.util.concurrent.CyclicBarrier@7de4bd8f"]
 :log-stderr false
 :pure-generators true
 :ssh {:dummy? true}
 :rate 10.0
 :checker
 #object[jepsen.checker$compose$reify__11881
         "0x193e65d5"
         "jepsen.checker$compose$reify__11881@193e65d5"]
 :argv
 ("test"
  "-w"
  "broadcast"
  "--bin"
  "run.sh"
  "broadcast"
  "--node-count"
  "5"
  "--time-limit"
  "20"
  "--rate"
  "10"
  "--nemesis"
  "partition")
 :nemesis
 (jepsen.nemesis.ReflCompose
  {:fm {:start-partition 0,
        :stop-partition 0,
        :kill 1,
        :start 1,
        :pause 1,
        :resume 1},
   :nemeses [#unprintable "jepsen.nemesis.combined$partition_nemesis$reify__16416@2a97b4b8"
             #unprintable "jepsen.nemesis.combined$db_nemesis$reify__16397@250fc0d1"]})
 :nodes ["n0" "n1" "n2" "n3" "n4"]
 :test-count 1
 :latency {:mean 0, :dist :constant}
 :bin "run.sh"
 :generator
 ((jepsen.generator.Synchronize
   {:gen (jepsen.generator.TimeLimit
          {:limit 20000000000,
           :cutoff nil,
           :gen (jepsen.generator.Any
                 {:gens [(jepsen.generator.OnThreads
                          {:f #{:nemesis},
                           :context-filter #object[jepsen.generator.context$make_thread_filter$lazy_filter__9167
                                                   "0x37d43b9b"
                                                   "jepsen.generator.context$make_thread_filter$lazy_filter__9167@37d43b9b"],
                           :gen (jepsen.generator.Stagger
                                 {:dt 20000000000,
                                  :next-time nil,
                                  :gen (jepsen.generator.FlipFlop
                                        {:gens [#object[jepsen.nemesis.combined$partition_package$start__16420
                                                        "0x28ba90c1"
                                                        "jepsen.nemesis.combined$partition_package$start__16420@28ba90c1"]
                                                ({:type :info,
                                                  :f :stop-partition,
                                                  :value nil}
                                                 {:type :info,
                                                  :f :stop-partition,
                                                  :value nil}
                                                 {:type :info,
                                                  :f :stop-partition,
                                                  :value nil}
                                                 {:type :info,
                                                  :f :stop-partition,
                                                  :value nil}
                                                 {:type :info,
                                                  :f :stop-partition,
                                                  :value nil}
                                                 {:type :info,
                                                  :f :stop-partition,
                                                  :value nil}
                                                 {:type :info,
                                                  :f :stop-partition,
                                                  :value nil}
                                                 {:type :info,
                                                  :f :stop-partition,
                                                  :value nil}
                                                 ...)],
                                         :i 0})})})
                         (jepsen.generator.OnThreads
                          {:f #jepsen.generator.context.AllBut{:element :nemesis},
                           :context-filter #object[jepsen.generator.context$make_thread_filter$lazy_filter__9167
                                                   "0x7545cb17"
                                                   "jepsen.generator.context$make_thread_filter$lazy_filter__9167@7545cb17"],
                           :gen (jepsen.generator.Stagger
                                 {:dt 200000000,
                                  :next-time nil,
                                  :gen (jepsen.generator.Mix
                                        {:i 1,
                                         :gens [({:f :broadcast, :value 0}
                                                 {:f :broadcast, :value 1}
                                                 {:f :broadcast, :value 2}
                                                 {:f :broadcast, :value 3}
                                                 {:f :broadcast, :value 4}
                                                 {:f :broadcast, :value 5}
                                                 {:f :broadcast, :value 6}
                                                 {:f :broadcast, :value 7}
                                                 ...)
                                                ({:f :read}
                                                 {:f :read}
                                                 {:f :read}
                                                 {:f :read}
                                                 {:f :read}
                                                 {:f :read}
                                                 {:f :read}
                                                 {:f :read}
                                                 ...)]})})})]})})})
  (jepsen.generator.Synchronize
   {:gen (jepsen.generator.OnThreads
          {:f #{:nemesis},
           :context-filter #object[jepsen.generator.context$make_thread_filter$lazy_filter__9167
                                   "0x635b3ec7"
                                   "jepsen.generator.context$make_thread_filter$lazy_filter__9167@635b3ec7"],
           :gen ({:type :info, :f :stop-partition, :value nil})})})
  (jepsen.generator.Synchronize
   {:gen {:type :log, :value "Waiting for recovery..."}})
  (jepsen.generator.Synchronize {:gen {:type :sleep, :value 10}})
  (jepsen.generator.Synchronize
   {:gen (jepsen.generator.OnThreads
          {:f #jepsen.generator.context.AllBut{:element :nemesis},
           :context-filter #object[jepsen.generator.context$make_thread_filter$lazy_filter__9167
                                   "0x1f9b86f5"
                                   "jepsen.generator.context$make_thread_filter$lazy_filter__9167@1f9b86f5"],
           :gen (jepsen.generator.EachThread
                 {:fresh-gen {:f :read, :final? true},
                  :context-filters #object[clojure.core$promise$reify__8591
                                           "0x15aa3084"
                                           {:status :pending, :val nil}],
                  :gens {}})})}))
 :log-net-recv false
 :os
 #object[maelstrom.net$jepsen_os$reify__15254
         "0x4e6c4c55"
         "maelstrom.net$jepsen_os$reify__15254@4e6c4c55"]
 :time-limit 20
 :workload :broadcast
 :consistency-models [:strict-serializable]
 :topology :grid}

2026-03-19 17:49:26,498{GMT}	INFO	[jepsen node n0] maelstrom.net: Starting Maelstrom network
2026-03-19 17:49:26,499{GMT}	INFO	[jepsen test runner] jepsen.db: Tearing down DB
2026-03-19 17:49:26,501{GMT}	INFO	[jepsen test runner] jepsen.db: Setting up DB
2026-03-19 17:49:26,502{GMT}	INFO	[jepsen node n4] maelstrom.db: Setting up n4
2026-03-19 17:49:26,502{GMT}	INFO	[jepsen node n3] maelstrom.db: Setting up n3
2026-03-19 17:49:26,503{GMT}	INFO	[jepsen node n4] maelstrom.process: launching run.sh ["broadcast"]
2026-03-19 17:49:26,503{GMT}	INFO	[jepsen node n3] maelstrom.process: launching run.sh ["broadcast"]
2026-03-19 17:49:26,503{GMT}	INFO	[jepsen node n2] maelstrom.db: Setting up n2
2026-03-19 17:49:26,502{GMT}	INFO	[jepsen node n1] maelstrom.db: Setting up n1
2026-03-19 17:49:26,504{GMT}	INFO	[jepsen node n2] maelstrom.process: launching run.sh ["broadcast"]
2026-03-19 17:49:26,504{GMT}	INFO	[jepsen node n1] maelstrom.process: launching run.sh ["broadcast"]
2026-03-19 17:49:26,504{GMT}	INFO	[jepsen node n0] maelstrom.service: Starting services: (lin-kv lin-tso lww-kv seq-kv)
2026-03-19 17:49:26,508{GMT}	INFO	[jepsen node n0] maelstrom.db: Setting up n0
2026-03-19 17:49:26,509{GMT}	INFO	[jepsen node n0] maelstrom.process: launching run.sh ["broadcast"]
2026-03-19 17:49:26,697{GMT}	INFO	[jepsen test runner] jepsen.core: Relative time begins now
2026-03-19 17:49:26,722{GMT}	INFO	[jepsen worker nemesis] jepsen.util: :nemesis	:info	:start-partition	:majorities-ring
2026-03-19 17:49:26,722{GMT}	INFO	[jepsen worker 1] jepsen.util: 1	:invoke	:read	nil
2026-03-19 17:49:26,729{GMT}	INFO	[jepsen worker 1] jepsen.util: 1	:ok	:read	[]
2026-03-19 17:49:26,732{GMT}	INFO	[jepsen worker nemesis] jepsen.util: :nemesis	:info	:start-partition	[:isolated {"n1" #{"n0" "n3"}, "n2" #{"n4" "n3"}, "n0" #{"n1" "n4"}, "n3" #{"n2" "n1"}, "n4" #{"n2" "n0"}}]
2026-03-19 17:49:26,765{GMT}	INFO	[jepsen worker 2] jepsen.util: 2	:invoke	:broadcast	0
2026-03-19 17:49:26,768{GMT}	INFO	[jepsen worker 2] jepsen.util: 2	:ok	:broadcast	0
2026-03-19 17:49:26,802{GMT}	INFO	[jepsen worker 3] jepsen.util: 3	:invoke	:broadcast	1
2026-03-19 17:49:26,804{GMT}	INFO	[jepsen worker 3] jepsen.util: 3	:ok	:broadcast	1
2026-03-19 17:49:26,924{GMT}	INFO	[jepsen worker 4] jepsen.util: 4	:invoke	:broadcast	2
2026-03-19 17:49:26,929{GMT}	INFO	[jepsen worker 4] jepsen.util: 4	:ok	:broadcast	2
2026-03-19 17:49:26,934{GMT}	INFO	[jepsen worker 0] jepsen.util: 0	:invoke	:read	nil
2026-03-19 17:49:26,939{GMT}	INFO	[jepsen worker 0] jepsen.util: 0	:ok	:read	[0 1]
2026-03-19 17:49:27,101{GMT}	INFO	[jepsen worker 0] jepsen.util: 0	:invoke	:read	nil
2026-03-19 17:49:27,105{GMT}	INFO	[jepsen worker 0] jepsen.util: 0	:ok	:read	[0 1]
2026-03-19 17:49:27,114{GMT}	INFO	[jepsen worker 1] jepsen.util: 1	:invoke	:broadcast	3
2026-03-19 17:49:27,119{GMT}	INFO	[jepsen worker 1] jepsen.util: 1	:ok	:broadcast	3
2026-03-19 17:49:27,241{GMT}	INFO	[jepsen worker 2] jepsen.util: 2	:invoke	:broadcast	4
2026-03-19 17:49:27,245{GMT}	INFO	[jepsen worker 2] jepsen.util: 2	:ok	:broadcast	4
2026-03-19 17:49:27,381{GMT}	INFO	[jepsen worker 3] jepsen.util: 3	:invoke	:read	nil
2026-03-19 17:49:27,385{GMT}	INFO	[jepsen worker 3] jepsen.util: 3	:ok	:read	[0 1 4]
2026-03-19 17:49:27,576{GMT}	INFO	[jepsen worker 4] jepsen.util: 4	:invoke	:read	nil
2026-03-19 17:49:27,580{GMT}	INFO	[jepsen worker 4] jepsen.util: 4	:ok	:read	[]
2026-03-19 17:49:27,635{GMT}	INFO	[jepsen worker 0] jepsen.util: 0	:invoke	:broadcast	5
2026-03-19 17:49:27,640{GMT}	INFO	[jepsen worker 0] jepsen.util: 0	:ok	:broadcast	5
2026-03-19 17:49:27,816{GMT}	INFO	[jepsen worker 0] jepsen.util: 0	:invoke	:read	nil
2026-03-19 17:49:27,820{GMT}	INFO	[jepsen worker 0] jepsen.util: 0	:ok	:read	[0 1 4 5]
2026-03-19 17:49:27,825{GMT}	INFO	[jepsen worker 1] jepsen.util: 1	:invoke	:broadcast	6
2026-03-19 17:49:27,830{GMT}	INFO	[jepsen worker 1] jepsen.util: 1	:ok	:broadcast	6
2026-03-19 17:49:27,961{GMT}	INFO	[jepsen worker 2] jepsen.util: 2	:invoke	:read	nil
2026-03-19 17:49:27,966{GMT}	INFO	[jepsen worker 2] jepsen.util: 2	:ok	:read	[0 1 4 5]
2026-03-19 17:49:28,094{GMT}	INFO	[jepsen worker 3] jepsen.util: 3	:invoke	:read	nil
2026-03-19 17:49:28,098{GMT}	INFO	[jepsen worker 3] jepsen.util: 3	:ok	:read	[0 1 4 5]
2026-03-19 17:49:28,216{GMT}	INFO	[jepsen worker 4] jepsen.util: 4	:invoke	:broadcast	7
2026-03-19 17:49:28,220{GMT}	INFO	[jepsen worker 4] jepsen.util: 4	:ok	:broadcast	7
2026-03-19 17:49:28,278{GMT}	INFO	[jepsen worker 0] jepsen.util: 0	:invoke	:read	nil
2026-03-19 17:49:28,281{GMT}	INFO	[jepsen worker 0] jepsen.util: 0	:ok	:read	[0 1 4 5]
2026-03-19 17:49:28,376{GMT}	INFO	[jepsen worker 0] jepsen.util: 0	:invoke	:broadcast	8
2026-03-19 17:49:28,382{GMT}	INFO	[jepsen worker 0] jepsen.util: 0	:ok	:broadcast	8
2026-03-19 17:49:28,558{GMT}	INFO	[jepsen worker 1] jepsen.util: 1	:invoke	:broadcast	9
2026-03-19 17:49:28,562{GMT}	INFO	[jepsen worker 1] jepsen.util: 1	:ok	:broadcast	9
2026-03-19 17:49:28,589{GMT}	INFO	[jepsen worker 2] jepsen.util: 2	:invoke	:broadcast	10
2026-03-19 17:49:28,593{GMT}	INFO	[jepsen worker 2] jepsen.util: 2	:ok	:broadcast	10
2026-03-19 17:49:28,731{GMT}	INFO	[jepsen worker 3] jepsen.util: 3	:invoke	:read	nil
2026-03-19 17:49:28,733{GMT}	INFO	[jepsen worker 4] jepsen.util: 4	:invoke	:read	nil
2026-03-19 17:49:28,735{GMT}	INFO	[jepsen worker 3] jepsen.util: 3	:ok	:read	[0 1 4 5 8 10]
2026-03-19 17:49:28,736{GMT}	INFO	[jepsen worker 4] jepsen.util: 4	:ok	:read	[]
2026-03-19 17:49:28,782{GMT}	INFO	[jepsen worker 0] jepsen.util: 0	:invoke	:broadcast	11
2026-03-19 17:49:28,787{GMT}	INFO	[jepsen worker 0] jepsen.util: 0	:ok	:broadcast	11
2026-03-19 17:49:28,827{GMT}	INFO	[jepsen worker 0] jepsen.util: 0	:invoke	:broadcast	12
2026-03-19 17:49:28,831{GMT}	INFO	[jepsen worker 0] jepsen.util: 0	:ok	:broadcast	12
2026-03-19 17:49:28,864{GMT}	INFO	[jepsen worker 1] jepsen.util: 1	:invoke	:read	nil
2026-03-19 17:49:28,868{GMT}	INFO	[jepsen worker 1] jepsen.util: 1	:ok	:read	[]
2026-03-19 17:49:28,983{GMT}	INFO	[jepsen worker 2] jepsen.util: 2	:invoke	:broadcast	13
2026-03-19 17:49:28,987{GMT}	INFO	[jepsen worker 2] jepsen.util: 2	:ok	:broadcast	13
2026-03-19 17:49:29,135{GMT}	INFO	[jepsen worker 3] jepsen.util: 3	:invoke	:broadcast	14
2026-03-19 17:49:29,139{GMT}	INFO	[jepsen worker 3] jepsen.util: 3	:ok	:broadcast	14
2026-03-19 17:49:29,289{GMT}	INFO	[jepsen worker 4] jepsen.util: 4	:invoke	:read	nil
2026-03-19 17:49:29,293{GMT}	INFO	[jepsen worker 4] jepsen.util: 4	:ok	:read	[]
2026-03-19 17:49:29,316{GMT}	INFO	[jepsen worker 0] jepsen.util: 0	:invoke	:read	nil
2026-03-19 17:49:29,318{GMT}	INFO	[jepsen worker 0] jepsen.util: 0	:ok	:read	[0 1 4 5 8 10 11 12 13 14]
2026-03-19 17:49:29,456{GMT}	INFO	[jepsen worker 0] jepsen.util: 0	:invoke	:broadcast	15
2026-03-19 17:49:29,461{GMT}	INFO	[jepsen worker 0] jepsen.util: 0	:ok	:broadcast	15
2026-03-19 17:49:29,652{GMT}	INFO	[jepsen worker 1] jepsen.util: 1	:invoke	:read	nil
2026-03-19 17:49:29,656{GMT}	INFO	[jepsen worker 1] jepsen.util: 1	:ok	:read	[]
2026-03-19 17:49:29,800{GMT}	INFO	[jepsen worker 2] jepsen.util: 2	:invoke	:broadcast	16
2026-03-19 17:49:29,804{GMT}	INFO	[jepsen worker 2] jepsen.util: 2	:ok	:broadcast	16
2026-03-19 17:49:29,968{GMT}	INFO	[jepsen worker 3] jepsen.util: 3	:invoke	:read	nil
2026-03-19 17:49:29,972{GMT}	INFO	[jepsen worker 3] jepsen.util: 3	:ok	:read	[0 1 4 5 8 10 11 12 13 14 15 16]
2026-03-19 17:49:30,025{GMT}	INFO	[jepsen worker 4] jepsen.util: 4	:invoke	:broadcast	17
2026-03-19 17:49:30,027{GMT}	INFO	[jepsen worker 4] jepsen.util: 4	:ok	:broadcast	17
2026-03-19 17:49:30,159{GMT}	INFO	[jepsen worker 0] jepsen.util: 0	:invoke	:read	nil
2026-03-19 17:49:30,163{GMT}	INFO	[jepsen worker 0] jepsen.util: 0	:ok	:read	[0 1 4 5 8 10 11 12 13 14 15 16]
2026-03-19 17:49:30,220{GMT}	INFO	[jepsen worker 0] jepsen.util: 0	:invoke	:broadcast	18
2026-03-19 17:49:30,224{GMT}	INFO	[jepsen worker 0] jepsen.util: 0	:ok	:broadcast	18
2026-03-19 17:49:30,284{GMT}	INFO	[jepsen worker 1] jepsen.util: 1	:invoke	:broadcast	19
2026-03-19 17:49:30,288{GMT}	INFO	[jepsen worker 1] jepsen.util: 1	:ok	:broadcast	19
2026-03-19 17:49:30,307{GMT}	INFO	[jepsen worker 2] jepsen.util: 2	:invoke	:broadcast	20
2026-03-19 17:49:30,309{GMT}	INFO	[jepsen worker 2] jepsen.util: 2	:ok	:broadcast	20
2026-03-19 17:49:30,318{GMT}	INFO	[jepsen worker 3] jepsen.util: 3	:invoke	:broadcast	21
2026-03-19 17:49:30,320{GMT}	INFO	[jepsen worker 3] jepsen.util: 3	:ok	:broadcast	21
2026-03-19 17:49:30,468{GMT}	INFO	[jepsen worker 4] jepsen.util: 4	:invoke	:read	nil
2026-03-19 17:49:30,472{GMT}	INFO	[jepsen worker 4] jepsen.util: 4	:ok	:read	[]
2026-03-19 17:49:30,571{GMT}	INFO	[jepsen worker 0] jepsen.util: 0	:invoke	:read	nil
2026-03-19 17:49:30,573{GMT}	INFO	[jepsen worker 0] jepsen.util: 0	:ok	:read	[0 1 4 5 8 10 11 12 13 14 15 16 18 20 21]
2026-03-19 17:49:30,615{GMT}	INFO	[jepsen worker 0] jepsen.util: 0	:invoke	:broadcast	22
2026-03-19 17:49:30,617{GMT}	INFO	[jepsen worker 0] jepsen.util: 0	:ok	:broadcast	22
2026-03-19 17:49:30,705{GMT}	INFO	[jepsen worker 1] jepsen.util: 1	:invoke	:read	nil
2026-03-19 17:49:30,709{GMT}	INFO	[jepsen worker 1] jepsen.util: 1	:ok	:read	[]
2026-03-19 17:49:30,795{GMT}	INFO	[jepsen worker 2] jepsen.util: 2	:invoke	:read	nil
2026-03-19 17:49:30,799{GMT}	INFO	[jepsen worker 2] jepsen.util: 2	:ok	:read	[0 1 4 5 8 10 11 12 13 14 15 16 18 20 21 22]
2026-03-19 17:49:30,899{GMT}	INFO	[jepsen worker 3] jepsen.util: 3	:invoke	:read	nil
2026-03-19 17:49:30,900{GMT}	INFO	[jepsen worker 3] jepsen.util: 3	:ok	:read	[0 1 4 5 8 10 11 12 13 14 15 16 18 20 21 22]
2026-03-19 17:49:31,015{GMT}	INFO	[jepsen worker 4] jepsen.util: 4	:invoke	:broadcast	23
2026-03-19 17:49:31,018{GMT}	INFO	[jepsen worker 4] jepsen.util: 4	:ok	:broadcast	23
2026-03-19 17:49:31,160{GMT}	INFO	[jepsen worker 0] jepsen.util: 0	:invoke	:broadcast	24
2026-03-19 17:49:31,164{GMT}	INFO	[jepsen worker 0] jepsen.util: 0	:ok	:broadcast	24
2026-03-19 17:49:31,262{GMT}	INFO	[jepsen worker 0] jepsen.util: 0	:invoke	:read	nil
2026-03-19 17:49:31,265{GMT}	INFO	[jepsen worker 0] jepsen.util: 0	:ok	:read	[0 1 4 5 8 10 11 12 13 14 15 16 18 20 21 22 24]
2026-03-19 17:49:31,331{GMT}	INFO	[jepsen worker 1] jepsen.util: 1	:invoke	:broadcast	25
2026-03-19 17:49:31,332{GMT}	INFO	[jepsen worker 1] jepsen.util: 1	:ok	:broadcast	25
2026-03-19 17:49:31,463{GMT}	INFO	[jepsen worker 2] jepsen.util: 2	:invoke	:broadcast	26
2026-03-19 17:49:31,466{GMT}	INFO	[jepsen worker 2] jepsen.util: 2	:ok	:broadcast	26
2026-03-19 17:49:31,587{GMT}	INFO	[jepsen worker 3] jepsen.util: 3	:invoke	:broadcast	27
2026-03-19 17:49:31,591{GMT}	INFO	[jepsen worker 3] jepsen.util: 3	:ok	:broadcast	27
2026-03-19 17:49:31,733{GMT}	INFO	[jepsen worker 4] jepsen.util: 4	:invoke	:broadcast	28
2026-03-19 17:49:31,736{GMT}	INFO	[jepsen worker 4] jepsen.util: 4	:ok	:broadcast	28
2026-03-19 17:49:31,864{GMT}	INFO	[jepsen worker 0] jepsen.util: 0	:invoke	:broadcast	29
2026-03-19 17:49:31,867{GMT}	INFO	[jepsen worker 0] jepsen.util: 0	:ok	:broadcast	29
2026-03-19 17:49:31,960{GMT}	INFO	[jepsen worker 0] jepsen.util: 0	:invoke	:broadcast	30
2026-03-19 17:49:31,964{GMT}	INFO	[jepsen worker 0] jepsen.util: 0	:ok	:broadcast	30
2026-03-19 17:49:32,094{GMT}	INFO	[jepsen worker 1] jepsen.util: 1	:invoke	:read	nil
2026-03-19 17:49:32,097{GMT}	INFO	[jepsen worker 1] jepsen.util: 1	:ok	:read	[]
2026-03-19 17:49:32,257{GMT}	INFO	[jepsen worker 2] jepsen.util: 2	:invoke	:broadcast	31
2026-03-19 17:49:32,260{GMT}	INFO	[jepsen worker 2] jepsen.util: 2	:ok	:broadcast	31
2026-03-19 17:49:32,365{GMT}	INFO	[jepsen worker 3] jepsen.util: 3	:invoke	:read	nil
2026-03-19 17:49:32,367{GMT}	INFO	[jepsen worker 3] jepsen.util: 3	:ok	:read	[0 1 4 5 8 10 11 12 13 14 15 16 18 20 21 22 24 26 27 29 30 31]
2026-03-19 17:49:32,400{GMT}	INFO	[jepsen worker 4] jepsen.util: 4	:invoke	:broadcast	32
2026-03-19 17:49:32,402{GMT}	INFO	[jepsen worker 4] jepsen.util: 4	:ok	:broadcast	32
2026-03-19 17:49:32,432{GMT}	INFO	[jepsen worker 0] jepsen.util: 0	:invoke	:read	nil
2026-03-19 17:49:32,434{GMT}	INFO	[jepsen worker 0] jepsen.util: 0	:ok	:read	[0 1 4 5 8 10 11 12 13 14 15 16 18 20 21 22 24 26 27 29 30 31]
2026-03-19 17:49:32,476{GMT}	INFO	[jepsen worker 0] jepsen.util: 0	:invoke	:broadcast	33
2026-03-19 17:49:32,479{GMT}	INFO	[jepsen worker 0] jepsen.util: 0	:ok	:broadcast	33
2026-03-19 17:49:32,637{GMT}	INFO	[jepsen worker 1] jepsen.util: 1	:invoke	:broadcast	34
2026-03-19 17:49:32,640{GMT}	INFO	[jepsen worker 1] jepsen.util: 1	:ok	:broadcast	34
2026-03-19 17:49:32,826{GMT}	INFO	[jepsen worker 2] jepsen.util: 2	:invoke	:broadcast	35
2026-03-19 17:49:32,829{GMT}	INFO	[jepsen worker 2] jepsen.util: 2	:ok	:broadcast	35
2026-03-19 17:49:32,973{GMT}	INFO	[jepsen worker 3] jepsen.util: 3	:invoke	:read	nil
2026-03-19 17:49:32,976{GMT}	INFO	[jepsen worker 3] jepsen.util: 3	:ok	:read	[0 1 4 5 8 10 11 12 13 14 15 16 18 20 21 22 24 26 27 29 30 31 33 35]
2026-03-19 17:49:33,106{GMT}	INFO	[jepsen worker 4] jepsen.util: 4	:invoke	:read	nil
2026-03-19 17:49:33,109{GMT}	INFO	[jepsen worker 4] jepsen.util: 4	:ok	:read	[]
2026-03-19 17:49:33,279{GMT}	INFO	[jepsen worker 0] jepsen.util: 0	:invoke	:broadcast	36
2026-03-19 17:49:33,283{GMT}	INFO	[jepsen worker 0] jepsen.util: 0	:ok	:broadcast	36
2026-03-19 17:49:33,464{GMT}	INFO	[jepsen worker 0] jepsen.util: 0	:invoke	:broadcast	37
2026-03-19 17:49:33,469{GMT}	INFO	[jepsen worker 0] jepsen.util: 0	:ok	:broadcast	37
2026-03-19 17:49:33,486{GMT}	INFO	[jepsen worker 1] jepsen.util: 1	:invoke	:read	nil
2026-03-19 17:49:33,489{GMT}	INFO	[jepsen worker 1] jepsen.util: 1	:ok	:read	[]
2026-03-19 17:49:33,540{GMT}	INFO	[jepsen worker 2] jepsen.util: 2	:invoke	:broadcast	38
2026-03-19 17:49:33,543{GMT}	INFO	[jepsen worker 2] jepsen.util: 2	:ok	:broadcast	38
2026-03-19 17:49:33,623{GMT}	INFO	[jepsen worker 3] jepsen.util: 3	:invoke	:read	nil
2026-03-19 17:49:33,627{GMT}	INFO	[jepsen worker 3] jepsen.util: 3	:ok	:read	[0 1 4 5 8 10 11 12 13 14 15 16 18 20 21 22 24 26 27 29 30 31 33 35 36 37 38]
2026-03-19 17:49:33,640{GMT}	INFO	[jepsen worker 4] jepsen.util: 4	:invoke	:broadcast	39
2026-03-19 17:49:33,643{GMT}	INFO	[jepsen worker 4] jepsen.util: 4	:ok	:broadcast	39
2026-03-19 17:49:33,733{GMT}	INFO	[jepsen worker 0] jepsen.util: 0	:invoke	:broadcast	40
2026-03-19 17:49:33,736{GMT}	INFO	[jepsen worker 0] jepsen.util: 0	:ok	:broadcast	40
2026-03-19 17:49:33,851{GMT}	INFO	[jepsen worker 0] jepsen.util: 0	:invoke	:read	nil
2026-03-19 17:49:33,854{GMT}	INFO	[jepsen worker 0] jepsen.util: 0	:ok	:read	[0 1 4 5 8 10 11 12 13 14 15 16 18 20 21 22 24 26 27 29 30 31 33 35 36 37 38 40]
2026-03-19 17:49:33,972{GMT}	INFO	[jepsen worker 1] jepsen.util: 1	:invoke	:read	nil
2026-03-19 17:49:33,975{GMT}	INFO	[jepsen worker 1] jepsen.util: 1	:ok	:read	[]
2026-03-19 17:49:34,152{GMT}	INFO	[jepsen worker 2] jepsen.util: 2	:invoke	:read	nil
2026-03-19 17:49:34,155{GMT}	INFO	[jepsen worker 2] jepsen.util: 2	:ok	:read	[0 1 4 5 8 10 11 12 13 14 15 16 18 20 21 22 24 26 27 29 30 31 33 35 36 37 38 40]
2026-03-19 17:49:34,169{GMT}	INFO	[jepsen worker 3] jepsen.util: 3	:invoke	:broadcast	41
2026-03-19 17:49:34,171{GMT}	INFO	[jepsen worker 3] jepsen.util: 3	:ok	:broadcast	41
2026-03-19 17:49:34,306{GMT}	INFO	[jepsen worker 4] jepsen.util: 4	:invoke	:read	nil
2026-03-19 17:49:34,309{GMT}	INFO	[jepsen worker 4] jepsen.util: 4	:ok	:read	[]
2026-03-19 17:49:34,448{GMT}	INFO	[jepsen worker 0] jepsen.util: 0	:invoke	:broadcast	42
2026-03-19 17:49:34,449{GMT}	INFO	[jepsen worker 0] jepsen.util: 0	:ok	:broadcast	42
2026-03-19 17:49:34,553{GMT}	INFO	[jepsen worker 0] jepsen.util: 0	:invoke	:broadcast	43
2026-03-19 17:49:34,557{GMT}	INFO	[jepsen worker 0] jepsen.util: 0	:ok	:broadcast	43
2026-03-19 17:49:34,680{GMT}	INFO	[jepsen worker 1] jepsen.util: 1	:invoke	:read	nil
2026-03-19 17:49:34,683{GMT}	INFO	[jepsen worker 1] jepsen.util: 1	:ok	:read	[]
2026-03-19 17:49:34,753{GMT}	INFO	[jepsen worker 2] jepsen.util: 2	:invoke	:broadcast	44
2026-03-19 17:49:34,756{GMT}	INFO	[jepsen worker 2] jepsen.util: 2	:ok	:broadcast	44
2026-03-19 17:49:34,917{GMT}	INFO	[jepsen worker 3] jepsen.util: 3	:invoke	:broadcast	45
2026-03-19 17:49:34,920{GMT}	INFO	[jepsen worker 3] jepsen.util: 3	:ok	:broadcast	45
2026-03-19 17:49:35,103{GMT}	INFO	[jepsen worker 4] jepsen.util: 4	:invoke	:read	nil
2026-03-19 17:49:35,106{GMT}	INFO	[jepsen worker 4] jepsen.util: 4	:ok	:read	[]
2026-03-19 17:49:35,130{GMT}	INFO	[jepsen worker 0] jepsen.util: 0	:invoke	:broadcast	46
2026-03-19 17:49:35,132{GMT}	INFO	[jepsen worker 0] jepsen.util: 0	:ok	:broadcast	46
2026-03-19 17:49:35,211{GMT}	INFO	[jepsen worker 0] jepsen.util: 0	:invoke	:read	nil
2026-03-19 17:49:35,213{GMT}	INFO	[jepsen worker 0] jepsen.util: 0	:ok	:read	[0 1 4 5 8 10 11 12 13 14 15 16 18 20 21 22 24 26 27 29 30 31 33 35 36 37 38 40 41 42 43 44 45 46]
2026-03-19 17:49:35,294{GMT}	INFO	[jepsen worker 1] jepsen.util: 1	:invoke	:broadcast	47
2026-03-19 17:49:35,297{GMT}	INFO	[jepsen worker 1] jepsen.util: 1	:ok	:broadcast	47
2026-03-19 17:49:35,444{GMT}	INFO	[jepsen worker 2] jepsen.util: 2	:invoke	:broadcast	48
2026-03-19 17:49:35,445{GMT}	INFO	[jepsen worker 2] jepsen.util: 2	:ok	:broadcast	48
2026-03-19 17:49:35,645{GMT}	INFO	[jepsen worker 3] jepsen.util: 3	:invoke	:read	nil
2026-03-19 17:49:35,648{GMT}	INFO	[jepsen worker 3] jepsen.util: 3	:ok	:read	[0 1 4 5 8 10 11 12 13 14 15 16 18 20 21 22 24 26 27 29 30 31 33 35 36 37 38 40 41 42 43 44 45 46 48]
2026-03-19 17:49:35,797{GMT}	INFO	[jepsen worker 4] jepsen.util: 4	:invoke	:broadcast	49
2026-03-19 17:49:35,800{GMT}	INFO	[jepsen worker 4] jepsen.util: 4	:ok	:broadcast	49
2026-03-19 17:49:35,986{GMT}	INFO	[jepsen worker 0] jepsen.util: 0	:invoke	:broadcast	50
2026-03-19 17:49:35,990{GMT}	INFO	[jepsen worker 0] jepsen.util: 0	:ok	:broadcast	50
2026-03-19 17:49:36,025{GMT}	INFO	[jepsen worker nemesis] jepsen.util: :nemesis	:info	:stop-partition	nil
2026-03-19 17:49:36,025{GMT}	INFO	[jepsen worker nemesis] jepsen.util: :nemesis	:info	:stop-partition	:network-healed
2026-03-19 17:49:36,059{GMT}	INFO	[jepsen worker 1] jepsen.util: 1	:invoke	:read	nil
2026-03-19 17:49:36,062{GMT}	INFO	[jepsen worker 1] jepsen.util: 1	:ok	:read	[]
2026-03-19 17:49:36,071{GMT}	INFO	[jepsen worker 2] jepsen.util: 2	:invoke	:broadcast	51
2026-03-19 17:49:36,072{GMT}	INFO	[jepsen worker 2] jepsen.util: 2	:ok	:broadcast	51
2026-03-19 17:49:36,237{GMT}	INFO	[jepsen worker 3] jepsen.util: 3	:invoke	:read	nil
2026-03-19 17:49:36,239{GMT}	INFO	[jepsen worker 3] jepsen.util: 3	:ok	:read	[0 1 4 5 8 10 11 12 13 14 15 16 18 20 21 22 24 26 27 29 30 31 33 35 36 37 38 40 41 42 43 44 45 46 48 50 51]
2026-03-19 17:49:36,241{GMT}	INFO	[jepsen worker 4] jepsen.util: 4	:invoke	:broadcast	52
2026-03-19 17:49:36,244{GMT}	INFO	[jepsen worker 4] jepsen.util: 4	:ok	:broadcast	52
2026-03-19 17:49:36,382{GMT}	INFO	[jepsen worker 0] jepsen.util: 0	:invoke	:read	nil
2026-03-19 17:49:36,385{GMT}	INFO	[jepsen worker 0] jepsen.util: 0	:ok	:read	[0 1 4 5 8 10 11 12 13 14 15 16 18 20 21 22 24 26 27 29 30 31 33 35 36 37 38 40 41 42 43 44 45 46 48 50 51 52]
2026-03-19 17:49:36,558{GMT}	INFO	[jepsen worker 0] jepsen.util: 0	:invoke	:read	nil
2026-03-19 17:49:36,561{GMT}	INFO	[jepsen worker 0] jepsen.util: 0	:ok	:read	[0 1 4 5 8 10 11 12 13 14 15 16 18 20 21 22 24 26 27 29 30 31 33 35 36 37 38 40 41 42 43 44 45 46 48 50 51 52]
2026-03-19 17:49:36,564{GMT}	INFO	[jepsen worker 1] jepsen.util: 1	:invoke	:broadcast	53
2026-03-19 17:49:36,567{GMT}	INFO	[jepsen worker 1] jepsen.util: 1	:ok	:broadcast	53
2026-03-19 17:49:36,632{GMT}	INFO	[jepsen worker 2] jepsen.util: 2	:invoke	:read	nil
2026-03-19 17:49:36,635{GMT}	INFO	[jepsen worker 2] jepsen.util: 2	:ok	:read	[0 1 4 5 8 10 11 12 13 14 15 16 18 20 21 22 24 26 27 29 30 31 33 35 36 37 38 40 41 42 43 44 45 46 48 50 51 52 53]
2026-03-19 17:49:36,660{GMT}	INFO	[jepsen worker 3] jepsen.util: 3	:invoke	:broadcast	54
2026-03-19 17:49:36,662{GMT}	INFO	[jepsen worker 3] jepsen.util: 3	:ok	:broadcast	54
2026-03-19 17:49:36,749{GMT}	INFO	[jepsen worker 4] jepsen.util: 4	:invoke	:broadcast	55
2026-03-19 17:49:36,752{GMT}	INFO	[jepsen worker 4] jepsen.util: 4	:ok	:broadcast	55
2026-03-19 17:49:36,783{GMT}	INFO	[jepsen worker 0] jepsen.util: 0	:invoke	:read	nil
2026-03-19 17:49:36,786{GMT}	INFO	[jepsen worker 0] jepsen.util: 0	:ok	:read	[0 1 4 5 8 10 11 12 13 14 15 16 18 20 21 22 24 26 27 29 30 31 33 35 36 37 38 40 41 42 43 44 45 46 48 50 51 52 53 54 55]
2026-03-19 17:49:36,937{GMT}	INFO	[jepsen worker 0] jepsen.util: 0	:invoke	:broadcast	56
2026-03-19 17:49:36,940{GMT}	INFO	[jepsen worker 0] jepsen.util: 0	:ok	:broadcast	56
2026-03-19 17:49:36,987{GMT}	INFO	[jepsen worker 1] jepsen.util: 1	:invoke	:read	nil
2026-03-19 17:49:36,990{GMT}	INFO	[jepsen worker 1] jepsen.util: 1	:ok	:read	[51 52 53 54 55 56]
2026-03-19 17:49:37,032{GMT}	INFO	[jepsen worker 2] jepsen.util: 2	:invoke	:broadcast	57
2026-03-19 17:49:37,033{GMT}	INFO	[jepsen worker 2] jepsen.util: 2	:ok	:broadcast	57
2026-03-19 17:49:37,176{GMT}	INFO	[jepsen worker 3] jepsen.util: 3	:invoke	:broadcast	58
2026-03-19 17:49:37,179{GMT}	INFO	[jepsen worker 3] jepsen.util: 3	:ok	:broadcast	58
2026-03-19 17:49:37,235{GMT}	INFO	[jepsen worker 4] jepsen.util: 4	:invoke	:broadcast	59
2026-03-19 17:49:37,238{GMT}	INFO	[jepsen worker 4] jepsen.util: 4	:ok	:broadcast	59
2026-03-19 17:49:37,398{GMT}	INFO	[jepsen worker 0] jepsen.util: 0	:invoke	:broadcast	60
2026-03-19 17:49:37,401{GMT}	INFO	[jepsen worker 0] jepsen.util: 0	:ok	:broadcast	60
2026-03-19 17:49:37,598{GMT}	INFO	[jepsen worker 0] jepsen.util: 0	:invoke	:read	nil
2026-03-19 17:49:37,601{GMT}	INFO	[jepsen worker 0] jepsen.util: 0	:ok	:read	[0 1 4 5 8 10 11 12 13 14 15 16 18 20 21 22 24 26 27 29 30 31 33 35 36 37 38 40 41 42 43 44 45 46 48 50 51 52 53 54 55 56 57 58 59 60]
2026-03-19 17:49:37,635{GMT}	INFO	[jepsen worker 1] jepsen.util: 1	:invoke	:broadcast	61
2026-03-19 17:49:37,638{GMT}	INFO	[jepsen worker 1] jepsen.util: 1	:ok	:broadcast	61
2026-03-19 17:49:37,727{GMT}	INFO	[jepsen worker 2] jepsen.util: 2	:invoke	:broadcast	62
2026-03-19 17:49:37,729{GMT}	INFO	[jepsen worker 2] jepsen.util: 2	:ok	:broadcast	62
2026-03-19 17:49:37,908{GMT}	INFO	[jepsen worker 3] jepsen.util: 3	:invoke	:broadcast	63
2026-03-19 17:49:37,911{GMT}	INFO	[jepsen worker 3] jepsen.util: 3	:ok	:broadcast	63
2026-03-19 17:49:38,019{GMT}	INFO	[jepsen worker 4] jepsen.util: 4	:invoke	:broadcast	64
2026-03-19 17:49:38,022{GMT}	INFO	[jepsen worker 4] jepsen.util: 4	:ok	:broadcast	64
2026-03-19 17:49:38,130{GMT}	INFO	[jepsen worker 0] jepsen.util: 0	:invoke	:broadcast	65
2026-03-19 17:49:38,133{GMT}	INFO	[jepsen worker 0] jepsen.util: 0	:ok	:broadcast	65
2026-03-19 17:49:38,286{GMT}	INFO	[jepsen worker 0] jepsen.util: 0	:invoke	:broadcast	66
2026-03-19 17:49:38,289{GMT}	INFO	[jepsen worker 0] jepsen.util: 0	:ok	:broadcast	66
2026-03-19 17:49:38,306{GMT}	INFO	[jepsen worker 1] jepsen.util: 1	:invoke	:read	nil
2026-03-19 17:49:38,309{GMT}	INFO	[jepsen worker 1] jepsen.util: 1	:ok	:read	[51 52 53 54 55 56 57 58 59 60 61 62 63 64 65 66]
2026-03-19 17:49:38,344{GMT}	INFO	[jepsen worker 2] jepsen.util: 2	:invoke	:broadcast	67
2026-03-19 17:49:38,345{GMT}	INFO	[jepsen worker 2] jepsen.util: 2	:ok	:broadcast	67
2026-03-19 17:49:38,509{GMT}	INFO	[jepsen worker 3] jepsen.util: 3	:invoke	:read	nil
2026-03-19 17:49:38,512{GMT}	INFO	[jepsen worker 3] jepsen.util: 3	:ok	:read	[0 1 4 5 8 10 11 12 13 14 15 16 18 20 21 22 24 26 27 29 30 31 33 35 36 37 38 40 41 42 43 44 45 46 48 50 51 52 53 54 55 56 57 58 59 60 61 62 63 64 65 66 67]
2026-03-19 17:49:38,533{GMT}	INFO	[jepsen worker 4] jepsen.util: 4	:invoke	:broadcast	68
2026-03-19 17:49:38,535{GMT}	INFO	[jepsen worker 4] jepsen.util: 4	:ok	:broadcast	68
2026-03-19 17:49:38,575{GMT}	INFO	[jepsen worker 0] jepsen.util: 0	:invoke	:read	nil
2026-03-19 17:49:38,577{GMT}	INFO	[jepsen worker 0] jepsen.util: 0	:ok	:read	[0 1 4 5 8 10 11 12 13 14 15 16 18 20 21 22 24 26 27 29 30 31 33 35 36 37 38 40 41 42 43 44 45 46 48 50 51 52 53 54 55 56 57 58 59 60 61 62 63 64 65 66 67 68]
2026-03-19 17:49:38,627{GMT}	INFO	[jepsen worker 0] jepsen.util: 0	:invoke	:broadcast	69
2026-03-19 17:49:38,630{GMT}	INFO	[jepsen worker 0] jepsen.util: 0	:ok	:broadcast	69
2026-03-19 17:49:38,632{GMT}	INFO	[jepsen worker 1] jepsen.util: 1	:invoke	:broadcast	70
2026-03-19 17:49:38,635{GMT}	INFO	[jepsen worker 1] jepsen.util: 1	:ok	:broadcast	70
2026-03-19 17:49:38,656{GMT}	INFO	[jepsen worker 2] jepsen.util: 2	:invoke	:read	nil
2026-03-19 17:49:38,658{GMT}	INFO	[jepsen worker 2] jepsen.util: 2	:ok	:read	[0 1 4 5 8 10 11 12 13 14 15 16 18 20 21 22 24 26 27 29 30 31 33 35 36 37 38 40 41 42 43 44 45 46 48 50 51 52 53 54 55 56 57 58 59 60 61 62 63 64 65 66 67 68 69 70]
2026-03-19 17:49:38,665{GMT}	INFO	[jepsen worker 3] jepsen.util: 3	:invoke	:broadcast	71
2026-03-19 17:49:38,666{GMT}	INFO	[jepsen worker 3] jepsen.util: 3	:ok	:broadcast	71
2026-03-19 17:49:38,706{GMT}	INFO	[jepsen worker 4] jepsen.util: 4	:invoke	:read	nil
2026-03-19 17:49:38,708{GMT}	INFO	[jepsen worker 4] jepsen.util: 4	:ok	:read	[51 52 53 54 55 56 57 58 59 60 61 62 63 64 65 66 67 68 69 70 71]
2026-03-19 17:49:38,793{GMT}	INFO	[jepsen worker 0] jepsen.util: 0	:invoke	:broadcast	72
2026-03-19 17:49:38,796{GMT}	INFO	[jepsen worker 0] jepsen.util: 0	:ok	:broadcast	72
2026-03-19 17:49:38,802{GMT}	INFO	[jepsen worker 0] jepsen.util: 0	:invoke	:broadcast	73
2026-03-19 17:49:38,804{GMT}	INFO	[jepsen worker 0] jepsen.util: 0	:ok	:broadcast	73
2026-03-19 17:49:38,943{GMT}	INFO	[jepsen worker 1] jepsen.util: 1	:invoke	:broadcast	74
2026-03-19 17:49:38,944{GMT}	INFO	[jepsen worker 1] jepsen.util: 1	:ok	:broadcast	74
2026-03-19 17:49:39,018{GMT}	INFO	[jepsen worker 2] jepsen.util: 2	:invoke	:broadcast	75
2026-03-19 17:49:39,021{GMT}	INFO	[jepsen worker 2] jepsen.util: 2	:ok	:broadcast	75
2026-03-19 17:49:39,105{GMT}	INFO	[jepsen worker 3] jepsen.util: 3	:invoke	:broadcast	76
2026-03-19 17:49:39,107{GMT}	INFO	[jepsen worker 3] jepsen.util: 3	:ok	:broadcast	76
2026-03-19 17:49:39,161{GMT}	INFO	[jepsen worker 4] jepsen.util: 4	:invoke	:broadcast	77
2026-03-19 17:49:39,162{GMT}	INFO	[jepsen worker 4] jepsen.util: 4	:ok	:broadcast	77
2026-03-19 17:49:39,284{GMT}	INFO	[jepsen worker 0] jepsen.util: 0	:invoke	:broadcast	78
2026-03-19 17:49:39,287{GMT}	INFO	[jepsen worker 0] jepsen.util: 0	:ok	:broadcast	78
2026-03-19 17:49:39,476{GMT}	INFO	[jepsen worker 0] jepsen.util: 0	:invoke	:read	nil
2026-03-19 17:49:39,479{GMT}	INFO	[jepsen worker 0] jepsen.util: 0	:ok	:read	[0 1 4 5 8 10 11 12 13 14 15 16 18 20 21 22 24 26 27 29 30 31 33 35 36 37 38 40 41 42 43 44 45 46 48 50 51 52 53 54 55 56 57 58 59 60 61 62 63 64 65 66 67 68 69 70 71 72 73 74 75 76 77 78]
2026-03-19 17:49:39,559{GMT}	INFO	[jepsen worker 1] jepsen.util: 1	:invoke	:broadcast	79
2026-03-19 17:49:39,561{GMT}	INFO	[jepsen worker 1] jepsen.util: 1	:ok	:broadcast	79
2026-03-19 17:49:39,639{GMT}	INFO	[jepsen worker 2] jepsen.util: 2	:invoke	:broadcast	80
2026-03-19 17:49:39,641{GMT}	INFO	[jepsen worker 2] jepsen.util: 2	:ok	:broadcast	80
2026-03-19 17:49:39,763{GMT}	INFO	[jepsen worker 3] jepsen.util: 3	:invoke	:broadcast	81
2026-03-19 17:49:39,765{GMT}	INFO	[jepsen worker 3] jepsen.util: 3	:ok	:broadcast	81
2026-03-19 17:49:39,852{GMT}	INFO	[jepsen worker 4] jepsen.util: 4	:invoke	:broadcast	82
2026-03-19 17:49:39,853{GMT}	INFO	[jepsen worker 4] jepsen.util: 4	:ok	:broadcast	82
2026-03-19 17:49:39,901{GMT}	INFO	[jepsen worker 0] jepsen.util: 0	:invoke	:broadcast	83
2026-03-19 17:49:39,905{GMT}	INFO	[jepsen worker 0] jepsen.util: 0	:ok	:broadcast	83
2026-03-19 17:49:39,910{GMT}	INFO	[jepsen worker 0] jepsen.util: 0	:invoke	:read	nil
2026-03-19 17:49:39,912{GMT}	INFO	[jepsen worker 0] jepsen.util: 0	:ok	:read	[0 1 4 5 8 10 11 12 13 14 15 16 18 20 21 22 24 26 27 29 30 31 33 35 36 37 38 40 41 42 43 44 45 46 48 50 51 52 53 54 55 56 57 58 59 60 61 62 63 64 65 66 67 68 69 70 71 72 73 74 75 76 77 78 79 80 81 82 83]
2026-03-19 17:49:39,995{GMT}	INFO	[jepsen worker 1] jepsen.util: 1	:invoke	:read	nil
2026-03-19 17:49:39,998{GMT}	INFO	[jepsen worker 1] jepsen.util: 1	:ok	:read	[51 52 53 54 55 56 57 58 59 60 61 62 63 64 65 66 67 68 69 70 71 72 73 74 75 76 77 78 79 80 81 82 83]
2026-03-19 17:49:40,091{GMT}	INFO	[jepsen worker 2] jepsen.util: 2	:invoke	:read	nil
2026-03-19 17:49:40,094{GMT}	INFO	[jepsen worker 2] jepsen.util: 2	:ok	:read	[0 1 4 5 8 10 11 12 13 14 15 16 18 20 21 22 24 26 27 29 30 31 33 35 36 37 38 40 41 42 43 44 45 46 48 50 51 52 53 54 55 56 57 58 59 60 61 62 63 64 65 66 67 68 69 70 71 72 73 74 75 76 77 78 79 80 81 82 83]
2026-03-19 17:49:40,270{GMT}	INFO	[jepsen worker 3] jepsen.util: 3	:invoke	:read	nil
2026-03-19 17:49:40,273{GMT}	INFO	[jepsen worker 3] jepsen.util: 3	:ok	:read	[0 1 4 5 8 10 11 12 13 14 15 16 18 20 21 22 24 26 27 29 30 31 33 35 36 37 38 40 41 42 43 44 45 46 48 50 51 52 53 54 55 56 57 58 59 60 61 62 63 64 65 66 67 68 69 70 71 72 73 74 75 76 77 78 79 80 81 82 83]
2026-03-19 17:49:40,344{GMT}	INFO	[jepsen worker 4] jepsen.util: 4	:invoke	:broadcast	84
2026-03-19 17:49:40,345{GMT}	INFO	[jepsen worker 4] jepsen.util: 4	:ok	:broadcast	84
2026-03-19 17:49:40,468{GMT}	INFO	[jepsen worker 0] jepsen.util: 0	:invoke	:broadcast	85
2026-03-19 17:49:40,470{GMT}	INFO	[jepsen worker 0] jepsen.util: 0	:ok	:broadcast	85
2026-03-19 17:49:40,538{GMT}	INFO	[jepsen worker 0] jepsen.util: 0	:invoke	:broadcast	86
2026-03-19 17:49:40,540{GMT}	INFO	[jepsen worker 0] jepsen.util: 0	:ok	:broadcast	86
2026-03-19 17:49:40,659{GMT}	INFO	[jepsen worker 1] jepsen.util: 1	:invoke	:broadcast	87
2026-03-19 17:49:40,662{GMT}	INFO	[jepsen worker 1] jepsen.util: 1	:ok	:broadcast	87
2026-03-19 17:49:40,843{GMT}	INFO	[jepsen worker 2] jepsen.util: 2	:invoke	:broadcast	88
2026-03-19 17:49:40,845{GMT}	INFO	[jepsen worker 2] jepsen.util: 2	:ok	:broadcast	88
2026-03-19 17:49:40,996{GMT}	INFO	[jepsen worker 3] jepsen.util: 3	:invoke	:broadcast	89
2026-03-19 17:49:40,999{GMT}	INFO	[jepsen worker 3] jepsen.util: 3	:ok	:broadcast	89
2026-03-19 17:49:41,126{GMT}	INFO	[jepsen worker 4] jepsen.util: 4	:invoke	:read	nil
2026-03-19 17:49:41,129{GMT}	INFO	[jepsen worker 4] jepsen.util: 4	:ok	:read	[51 52 53 54 55 56 57 58 59 60 61 62 63 64 65 66 67 68 69 70 71 72 73 74 75 76 77 78 79 80 81 82 83 84 85 86 87 88 89]
2026-03-19 17:49:41,253{GMT}	INFO	[jepsen worker 0] jepsen.util: 0	:invoke	:broadcast	90
2026-03-19 17:49:41,256{GMT}	INFO	[jepsen worker 0] jepsen.util: 0	:ok	:broadcast	90
2026-03-19 17:49:41,297{GMT}	INFO	[jepsen worker 0] jepsen.util: 0	:invoke	:read	nil
2026-03-19 17:49:41,300{GMT}	INFO	[jepsen worker 0] jepsen.util: 0	:ok	:read	[0 1 4 5 8 10 11 12 13 14 15 16 18 20 21 22 24 26 27 29 30 31 33 35 36 37 38 40 41 42 43 44 45 46 48 50 51 52 53 54 55 56 57 58 59 60 61 62 63 64 65 66 67 68 69 70 71 72 73 74 75 76 77 78 79 80 81 82 83 84 85 86 87 88 89 90]
2026-03-19 17:49:41,311{GMT}	INFO	[jepsen worker 1] jepsen.util: 1	:invoke	:broadcast	91
2026-03-19 17:49:41,314{GMT}	INFO	[jepsen worker 1] jepsen.util: 1	:ok	:broadcast	91
2026-03-19 17:49:41,375{GMT}	INFO	[jepsen worker 2] jepsen.util: 2	:invoke	:broadcast	92
2026-03-19 17:49:41,377{GMT}	INFO	[jepsen worker 2] jepsen.util: 2	:ok	:broadcast	92
2026-03-19 17:49:41,411{GMT}	INFO	[jepsen worker 3] jepsen.util: 3	:invoke	:read	nil
2026-03-19 17:49:41,413{GMT}	INFO	[jepsen worker 3] jepsen.util: 3	:ok	:read	[0 1 4 5 8 10 11 12 13 14 15 16 18 20 21 22 24 26 27 29 30 31 33 35 36 37 38 40 41 42 43 44 45 46 48 50 51 52 53 54 55 56 57 58 59 60 61 62 63 64 65 66 67 68 69 70 71 72 73 74 75 76 77 78 79 80 81 82 83 84 85 86 87 88 89 90 91 92]
2026-03-19 17:49:41,426{GMT}	INFO	[jepsen worker 4] jepsen.util: 4	:invoke	:broadcast	93
2026-03-19 17:49:41,427{GMT}	INFO	[jepsen worker 4] jepsen.util: 4	:ok	:broadcast	93
2026-03-19 17:49:41,466{GMT}	INFO	[jepsen worker 0] jepsen.util: 0	:invoke	:broadcast	94
2026-03-19 17:49:41,467{GMT}	INFO	[jepsen worker 0] jepsen.util: 0	:ok	:broadcast	94
2026-03-19 17:49:41,580{GMT}	INFO	[jepsen worker 0] jepsen.util: 0	:invoke	:broadcast	95
2026-03-19 17:49:41,582{GMT}	INFO	[jepsen worker 0] jepsen.util: 0	:ok	:broadcast	95
2026-03-19 17:49:41,609{GMT}	INFO	[jepsen worker 1] jepsen.util: 1	:invoke	:read	nil
2026-03-19 17:49:41,611{GMT}	INFO	[jepsen worker 1] jepsen.util: 1	:ok	:read	[51 52 53 54 55 56 57 58 59 60 61 62 63 64 65 66 67 68 69 70 71 72 73 74 75 76 77 78 79 80 81 82 83 84 85 86 87 88 89 90 91 92 93 94 95]
2026-03-19 17:49:41,719{GMT}	INFO	[jepsen worker 2] jepsen.util: 2	:invoke	:read	nil
2026-03-19 17:49:41,722{GMT}	INFO	[jepsen worker 2] jepsen.util: 2	:ok	:read	[0 1 4 5 8 10 11 12 13 14 15 16 18 20 21 22 24 26 27 29 30 31 33 35 36 37 38 40 41 42 43 44 45 46 48 50 51 52 53 54 55 56 57 58 59 60 61 62 63 64 65 66 67 68 69 70 71 72 73 74 75 76 77 78 79 80 81 82 83 84 85 86 87 88 89 90 91 92 93 94 95]
2026-03-19 17:49:41,800{GMT}	INFO	[jepsen worker 3] jepsen.util: 3	:invoke	:broadcast	96
2026-03-19 17:49:41,802{GMT}	INFO	[jepsen worker 3] jepsen.util: 3	:ok	:broadcast	96
2026-03-19 17:49:41,822{GMT}	INFO	[jepsen worker 4] jepsen.util: 4	:invoke	:broadcast	97
2026-03-19 17:49:41,823{GMT}	INFO	[jepsen worker 4] jepsen.util: 4	:ok	:broadcast	97
2026-03-19 17:49:42,001{GMT}	INFO	[jepsen worker 0] jepsen.util: 0	:invoke	:read	nil
2026-03-19 17:49:42,004{GMT}	INFO	[jepsen worker 0] jepsen.util: 0	:ok	:read	[0 1 4 5 8 10 11 12 13 14 15 16 18 20 21 22 24 26 27 29 30 31 33 35 36 37 38 40 41 42 43 44 45 46 48 50 51 52 53 54 55 56 57 58 59 60 61 62 63 64 65 66 67 68 69 70 71 72 73 74 75 76 77 78 79 80 81 82 83 84 85 86 87 88 89 90 91 92 93 94 95 96 97]
2026-03-19 17:49:42,158{GMT}	INFO	[jepsen worker 0] jepsen.util: 0	:invoke	:read	nil
2026-03-19 17:49:42,160{GMT}	INFO	[jepsen worker 0] jepsen.util: 0	:ok	:read	[0 1 4 5 8 10 11 12 13 14 15 16 18 20 21 22 24 26 27 29 30 31 33 35 36 37 38 40 41 42 43 44 45 46 48 50 51 52 53 54 55 56 57 58 59 60 61 62 63 64 65 66 67 68 69 70 71 72 73 74 75 76 77 78 79 80 81 82 83 84 85 86 87 88 89 90 91 92 93 94 95 96 97]
2026-03-19 17:49:42,303{GMT}	INFO	[jepsen worker 1] jepsen.util: 1	:invoke	:read	nil
2026-03-19 17:49:42,306{GMT}	INFO	[jepsen worker 1] jepsen.util: 1	:ok	:read	[51 52 53 54 55 56 57 58 59 60 61 62 63 64 65 66 67 68 69 70 71 72 73 74 75 76 77 78 79 80 81 82 83 84 85 86 87 88 89 90 91 92 93 94 95 96 97]
2026-03-19 17:49:42,331{GMT}	INFO	[jepsen worker 2] jepsen.util: 2	:invoke	:read	nil
2026-03-19 17:49:42,333{GMT}	INFO	[jepsen worker 2] jepsen.util: 2	:ok	:read	[0 1 4 5 8 10 11 12 13 14 15 16 18 20 21 22 24 26 27 29 30 31 33 35 36 37 38 40 41 42 43 44 45 46 48 50 51 52 53 54 55 56 57 58 59 60 61 62 63 64 65 66 67 68 69 70 71 72 73 74 75 76 77 78 79 80 81 82 83 84 85 86 87 88 89 90 91 92 93 94 95 96 97]
2026-03-19 17:49:42,370{GMT}	INFO	[jepsen worker 3] jepsen.util: 3	:invoke	:read	nil
2026-03-19 17:49:42,372{GMT}	INFO	[jepsen worker 3] jepsen.util: 3	:ok	:read	[0 1 4 5 8 10 11 12 13 14 15 16 18 20 21 22 24 26 27 29 30 31 33 35 36 37 38 40 41 42 43 44 45 46 48 50 51 52 53 54 55 56 57 58 59 60 61 62 63 64 65 66 67 68 69 70 71 72 73 74 75 76 77 78 79 80 81 82 83 84 85 86 87 88 89 90 91 92 93 94 95 96 97]
2026-03-19 17:49:42,565{GMT}	INFO	[jepsen worker 4] jepsen.util: 4	:invoke	:read	nil
2026-03-19 17:49:42,567{GMT}	INFO	[jepsen worker 4] jepsen.util: 4	:ok	:read	[51 52 53 54 55 56 57 58 59 60 61 62 63 64 65 66 67 68 69 70 71 72 73 74 75 76 77 78 79 80 81 82 83 84 85 86 87 88 89 90 91 92 93 94 95 96 97]
2026-03-19 17:49:42,631{GMT}	INFO	[jepsen worker 0] jepsen.util: 0	:invoke	:read	nil
2026-03-19 17:49:42,633{GMT}	INFO	[jepsen worker 0] jepsen.util: 0	:ok	:read	[0 1 4 5 8 10 11 12 13 14 15 16 18 20 21 22 24 26 27 29 30 31 33 35 36 37 38 40 41 42 43 44 45 46 48 50 51 52 53 54 55 56 57 58 59 60 61 62 63 64 65 66 67 68 69 70 71 72 73 74 75 76 77 78 79 80 81 82 83 84 85 86 87 88 89 90 91 92 93 94 95 96 97]
2026-03-19 17:49:42,646{GMT}	INFO	[jepsen worker 0] jepsen.util: 0	:invoke	:broadcast	98
2026-03-19 17:49:42,649{GMT}	INFO	[jepsen worker 0] jepsen.util: 0	:ok	:broadcast	98
2026-03-19 17:49:42,661{GMT}	INFO	[jepsen worker 1] jepsen.util: 1	:invoke	:broadcast	99
2026-03-19 17:49:42,663{GMT}	INFO	[jepsen worker 1] jepsen.util: 1	:ok	:broadcast	99
2026-03-19 17:49:42,738{GMT}	INFO	[jepsen worker 2] jepsen.util: 2	:invoke	:read	nil
2026-03-19 17:49:42,740{GMT}	INFO	[jepsen worker 2] jepsen.util: 2	:ok	:read	[0 1 4 5 8 10 11 12 13 14 15 16 18 20 21 22 24 26 27 29 30 31 33 35 36 37 38 40 41 42 43 44 45 46 48 50 51 52 53 54 55 56 57 58 59 60 61 62 63 64 65 66 67 68 69 70 71 72 73 74 75 76 77 78 79 80 81 82 83 84 85 86 87 88 89 90 91 92 93 94 95 96 97 98 99]
2026-03-19 17:49:42,873{GMT}	INFO	[jepsen worker 3] jepsen.util: 3	:invoke	:read	nil
2026-03-19 17:49:42,875{GMT}	INFO	[jepsen worker 3] jepsen.util: 3	:ok	:read	[0 1 4 5 8 10 11 12 13 14 15 16 18 20 21 22 24 26 27 29 30 31 33 35 36 37 38 40 41 42 43 44 45 46 48 50 51 52 53 54 55 56 57 58 59 60 61 62 63 64 65 66 67 68 69 70 71 72 73 74 75 76 77 78 79 80 81 82 83 84 85 86 87 88 89 90 91 92 93 94 95 96 97 98 99]
2026-03-19 17:49:42,914{GMT}	INFO	[jepsen worker 4] jepsen.util: 4	:invoke	:read	nil
2026-03-19 17:49:42,917{GMT}	INFO	[jepsen worker 4] jepsen.util: 4	:ok	:read	[51 52 53 54 55 56 57 58 59 60 61 62 63 64 65 66 67 68 69 70 71 72 73 74 75 76 77 78 79 80 81 82 83 84 85 86 87 88 89 90 91 92 93 94 95 96 97 98 99]
2026-03-19 17:49:42,960{GMT}	INFO	[jepsen worker 0] jepsen.util: 0	:invoke	:broadcast	100
2026-03-19 17:49:42,963{GMT}	INFO	[jepsen worker 0] jepsen.util: 0	:ok	:broadcast	100
2026-03-19 17:49:43,147{GMT}	INFO	[jepsen worker 0] jepsen.util: 0	:invoke	:read	nil
2026-03-19 17:49:43,150{GMT}	INFO	[jepsen worker 0] jepsen.util: 0	:ok	:read	[0 1 4 5 8 10 11 12 13 14 15 16 18 20 21 22 24 26 27 29 30 31 33 35 36 37 38 40 41 42 43 44 45 46 48 50 51 52 53 54 55 56 57 58 59 60 61 62 63 64 65 66 67 68 69 70 71 72 73 74 75 76 77 78 79 80 81 82 83 84 85 86 87 88 89 90 91 92 93 94 95 96 97 98 99 100]
2026-03-19 17:49:43,203{GMT}	INFO	[jepsen worker 1] jepsen.util: 1	:invoke	:read	nil
2026-03-19 17:49:43,206{GMT}	INFO	[jepsen worker 1] jepsen.util: 1	:ok	:read	[51 52 53 54 55 56 57 58 59 60 61 62 63 64 65 66 67 68 69 70 71 72 73 74 75 76 77 78 79 80 81 82 83 84 85 86 87 88 89 90 91 92 93 94 95 96 97 98 99 100]
2026-03-19 17:49:43,227{GMT}	INFO	[jepsen worker 2] jepsen.util: 2	:invoke	:read	nil
2026-03-19 17:49:43,230{GMT}	INFO	[jepsen worker 2] jepsen.util: 2	:ok	:read	[0 1 4 5 8 10 11 12 13 14 15 16 18 20 21 22 24 26 27 29 30 31 33 35 36 37 38 40 41 42 43 44 45 46 48 50 51 52 53 54 55 56 57 58 59 60 61 62 63 64 65 66 67 68 69 70 71 72 73 74 75 76 77 78 79 80 81 82 83 84 85 86 87 88 89 90 91 92 93 94 95 96 97 98 99 100]
2026-03-19 17:49:43,385{GMT}	INFO	[jepsen worker 3] jepsen.util: 3	:invoke	:read	nil
2026-03-19 17:49:43,388{GMT}	INFO	[jepsen worker 3] jepsen.util: 3	:ok	:read	[0 1 4 5 8 10 11 12 13 14 15 16 18 20 21 22 24 26 27 29 30 31 33 35 36 37 38 40 41 42 43 44 45 46 48 50 51 52 53 54 55 56 57 58 59 60 61 62 63 64 65 66 67 68 69 70 71 72 73 74 75 76 77 78 79 80 81 82 83 84 85 86 87 88 89 90 91 92 93 94 95 96 97 98 99 100]
2026-03-19 17:49:43,428{GMT}	INFO	[jepsen worker 4] jepsen.util: 4	:invoke	:broadcast	101
2026-03-19 17:49:43,431{GMT}	INFO	[jepsen worker 4] jepsen.util: 4	:ok	:broadcast	101
2026-03-19 17:49:43,493{GMT}	INFO	[jepsen worker 0] jepsen.util: 0	:invoke	:read	nil
2026-03-19 17:49:43,494{GMT}	INFO	[jepsen worker 0] jepsen.util: 0	:ok	:read	[0 1 4 5 8 10 11 12 13 14 15 16 18 20 21 22 24 26 27 29 30 31 33 35 36 37 38 40 41 42 43 44 45 46 48 50 51 52 53 54 55 56 57 58 59 60 61 62 63 64 65 66 67 68 69 70 71 72 73 74 75 76 77 78 79 80 81 82 83 84 85 86 87 88 89 90 91 92 93 94 95 96 97 98 99 100 101]
2026-03-19 17:49:43,684{GMT}	INFO	[jepsen worker 0] jepsen.util: 0	:invoke	:broadcast	102
2026-03-19 17:49:43,687{GMT}	INFO	[jepsen worker 0] jepsen.util: 0	:ok	:broadcast	102
2026-03-19 17:49:43,759{GMT}	INFO	[jepsen worker 1] jepsen.util: 1	:invoke	:broadcast	103
2026-03-19 17:49:43,762{GMT}	INFO	[jepsen worker 1] jepsen.util: 1	:ok	:broadcast	103
2026-03-19 17:49:43,770{GMT}	INFO	[jepsen worker 2] jepsen.util: 2	:invoke	:read	nil
2026-03-19 17:49:43,773{GMT}	INFO	[jepsen worker 2] jepsen.util: 2	:ok	:read	[0 1 4 5 8 10 11 12 13 14 15 16 18 20 21 22 24 26 27 29 30 31 33 35 36 37 38 40 41 42 43 44 45 46 48 50 51 52 53 54 55 56 57 58 59 60 61 62 63 64 65 66 67 68 69 70 71 72 73 74 75 76 77 78 79 80 81 82 83 84 85 86 87 88 89 90 91 92 93 94 95 96 97 98 99 100 101 102 103]
2026-03-19 17:49:43,773{GMT}	INFO	[jepsen worker 3] jepsen.util: 3	:invoke	:broadcast	104
2026-03-19 17:49:43,776{GMT}	INFO	[jepsen worker 3] jepsen.util: 3	:ok	:broadcast	104
2026-03-19 17:49:43,847{GMT}	INFO	[jepsen worker 4] jepsen.util: 4	:invoke	:broadcast	105
2026-03-19 17:49:43,849{GMT}	INFO	[jepsen worker 4] jepsen.util: 4	:ok	:broadcast	105
2026-03-19 17:49:43,865{GMT}	INFO	[jepsen worker 0] jepsen.util: 0	:invoke	:read	nil
2026-03-19 17:49:43,866{GMT}	INFO	[jepsen worker 0] jepsen.util: 0	:ok	:read	[0 1 4 5 8 10 11 12 13 14 15 16 18 20 21 22 24 26 27 29 30 31 33 35 36 37 38 40 41 42 43 44 45 46 48 50 51 52 53 54 55 56 57 58 59 60 61 62 63 64 65 66 67 68 69 70 71 72 73 74 75 76 77 78 79 80 81 82 83 84 85 86 87 88 89 90 91 92 93 94 95 96 97 98 99 100 101 102 103 104 105]
2026-03-19 17:49:43,876{GMT}	INFO	[jepsen worker 0] jepsen.util: 0	:invoke	:broadcast	106
2026-03-19 17:49:43,877{GMT}	INFO	[jepsen worker 0] jepsen.util: 0	:ok	:broadcast	106
2026-03-19 17:49:44,003{GMT}	INFO	[jepsen worker 1] jepsen.util: 1	:invoke	:read	nil
2026-03-19 17:49:44,005{GMT}	INFO	[jepsen worker 1] jepsen.util: 1	:ok	:read	[51 52 53 54 55 56 57 58 59 60 61 62 63 64 65 66 67 68 69 70 71 72 73 74 75 76 77 78 79 80 81 82 83 84 85 86 87 88 89 90 91 92 93 94 95 96 97 98 99 100 101 102 103 104 105 106]
2026-03-19 17:49:44,108{GMT}	INFO	[jepsen worker 2] jepsen.util: 2	:invoke	:broadcast	107
2026-03-19 17:49:44,110{GMT}	INFO	[jepsen worker 2] jepsen.util: 2	:ok	:broadcast	107
2026-03-19 17:49:44,304{GMT}	INFO	[jepsen worker 3] jepsen.util: 3	:invoke	:read	nil
2026-03-19 17:49:44,305{GMT}	INFO	[jepsen worker 3] jepsen.util: 3	:ok	:read	[0 1 4 5 8 10 11 12 13 14 15 16 18 20 21 22 24 26 27 29 30 31 33 35 36 37 38 40 41 42 43 44 45 46 48 50 51 52 53 54 55 56 57 58 59 60 61 62 63 64 65 66 67 68 69 70 71 72 73 74 75 76 77 78 79 80 81 82 83 84 85 86 87 88 89 90 91 92 93 94 95 96 97 98 99 100 101 102 103 104 105 106 107]
2026-03-19 17:49:44,486{GMT}	INFO	[jepsen worker 4] jepsen.util: 4	:invoke	:broadcast	108
2026-03-19 17:49:44,488{GMT}	INFO	[jepsen worker 4] jepsen.util: 4	:ok	:broadcast	108
2026-03-19 17:49:44,564{GMT}	INFO	[jepsen worker 0] jepsen.util: 0	:invoke	:broadcast	109
2026-03-19 17:49:44,568{GMT}	INFO	[jepsen worker 0] jepsen.util: 0	:ok	:broadcast	109
2026-03-19 17:49:44,726{GMT}	INFO	[jepsen worker 0] jepsen.util: 0	:invoke	:broadcast	110
2026-03-19 17:49:44,728{GMT}	INFO	[jepsen worker 1] jepsen.util: 1	:invoke	:broadcast	111
2026-03-19 17:49:44,729{GMT}	INFO	[jepsen worker 0] jepsen.util: 0	:ok	:broadcast	110
2026-03-19 17:49:44,732{GMT}	INFO	[jepsen worker 1] jepsen.util: 1	:ok	:broadcast	111
2026-03-19 17:49:44,872{GMT}	INFO	[jepsen worker 2] jepsen.util: 2	:invoke	:read	nil
2026-03-19 17:49:44,875{GMT}	INFO	[jepsen worker 2] jepsen.util: 2	:ok	:read	[0 1 4 5 8 10 11 12 13 14 15 16 18 20 21 22 24 26 27 29 30 31 33 35 36 37 38 40 41 42 43 44 45 46 48 50 51 52 53 54 55 56 57 58 59 60 61 62 63 64 65 66 67 68 69 70 71 72 73 74 75 76 77 78 79 80 81 82 83 84 85 86 87 88 89 90 91 92 93 94 95 96 97 98 99 100 101 102 103 104 105 106 107 108 109 110 111]
2026-03-19 17:49:44,971{GMT}	INFO	[jepsen worker 3] jepsen.util: 3	:invoke	:broadcast	112
2026-03-19 17:49:44,973{GMT}	INFO	[jepsen worker 3] jepsen.util: 3	:ok	:broadcast	112
2026-03-19 17:49:45,006{GMT}	INFO	[jepsen worker 4] jepsen.util: 4	:invoke	:read	nil
2026-03-19 17:49:45,009{GMT}	INFO	[jepsen worker 4] jepsen.util: 4	:ok	:read	[51 52 53 54 55 56 57 58 59 60 61 62 63 64 65 66 67 68 69 70 71 72 73 74 75 76 77 78 79 80 81 82 83 84 85 86 87 88 89 90 91 92 93 94 95 96 97 98 99 100 101 102 103 104 105 106 107 108 109 110 111 112]
2026-03-19 17:49:45,078{GMT}	INFO	[jepsen worker 0] jepsen.util: 0	:invoke	:broadcast	113
2026-03-19 17:49:45,081{GMT}	INFO	[jepsen worker 0] jepsen.util: 0	:ok	:broadcast	113
2026-03-19 17:49:45,126{GMT}	INFO	[jepsen worker 0] jepsen.util: 0	:invoke	:read	nil
2026-03-19 17:49:45,128{GMT}	INFO	[jepsen worker 0] jepsen.util: 0	:ok	:read	[0 1 4 5 8 10 11 12 13 14 15 16 18 20 21 22 24 26 27 29 30 31 33 35 36 37 38 40 41 42 43 44 45 46 48 50 51 52 53 54 55 56 57 58 59 60 61 62 63 64 65 66 67 68 69 70 71 72 73 74 75 76 77 78 79 80 81 82 83 84 85 86 87 88 89 90 91 92 93 94 95 96 97 98 99 100 101 102 103 104 105 106 107 108 109 110 111 112 113]
2026-03-19 17:49:45,178{GMT}	INFO	[jepsen worker 1] jepsen.util: 1	:invoke	:broadcast	114
2026-03-19 17:49:45,181{GMT}	INFO	[jepsen worker 1] jepsen.util: 1	:ok	:broadcast	114
2026-03-19 17:49:45,213{GMT}	INFO	[jepsen worker 2] jepsen.util: 2	:invoke	:broadcast	115
2026-03-19 17:49:45,215{GMT}	INFO	[jepsen worker 2] jepsen.util: 2	:ok	:broadcast	115
2026-03-19 17:49:45,364{GMT}	INFO	[jepsen worker 3] jepsen.util: 3	:invoke	:broadcast	116
2026-03-19 17:49:45,365{GMT}	INFO	[jepsen worker 3] jepsen.util: 3	:ok	:broadcast	116
2026-03-19 17:49:45,499{GMT}	INFO	[jepsen worker 4] jepsen.util: 4	:invoke	:broadcast	117
2026-03-19 17:49:45,500{GMT}	INFO	[jepsen worker 4] jepsen.util: 4	:ok	:broadcast	117
2026-03-19 17:49:45,639{GMT}	INFO	[jepsen worker 0] jepsen.util: 0	:invoke	:read	nil
2026-03-19 17:49:45,642{GMT}	INFO	[jepsen worker 0] jepsen.util: 0	:ok	:read	[0 1 4 5 8 10 11 12 13 14 15 16 18 20 21 22 24 26 27 29 30 31 33 35 36 37 38 40 41 42 43 44 45 46 48 50 51 52 53 54 55 56 57 58 59 60 61 62 63 64 65 66 67 68 69 70 71 72 73 74 75 76 77 78 79 80 81 82 83 84 85 86 87 88 89 90 91 92 93 94 95 96 97 98 99 100 101 102 103 104 105 106 107 108 109 110 111 112 113 114 115 116 117]
2026-03-19 17:49:45,737{GMT}	INFO	[jepsen worker 0] jepsen.util: 0	:invoke	:broadcast	118
2026-03-19 17:49:45,740{GMT}	INFO	[jepsen worker 0] jepsen.util: 0	:ok	:broadcast	118
2026-03-19 17:49:45,932{GMT}	INFO	[jepsen worker 1] jepsen.util: 1	:invoke	:read	nil
2026-03-19 17:49:45,935{GMT}	INFO	[jepsen worker 1] jepsen.util: 1	:ok	:read	[51 52 53 54 55 56 57 58 59 60 61 62 63 64 65 66 67 68 69 70 71 72 73 74 75 76 77 78 79 80 81 82 83 84 85 86 87 88 89 90 91 92 93 94 95 96 97 98 99 100 101 102 103 104 105 106 107 108 109 110 111 112 113 114 115 116 117 118]
2026-03-19 17:49:46,087{GMT}	INFO	[jepsen worker 2] jepsen.util: 2	:invoke	:broadcast	119
2026-03-19 17:49:46,088{GMT}	INFO	[jepsen worker 2] jepsen.util: 2	:ok	:broadcast	119
2026-03-19 17:49:46,253{GMT}	INFO	[jepsen worker 3] jepsen.util: 3	:invoke	:read	nil
2026-03-19 17:49:46,256{GMT}	INFO	[jepsen worker 3] jepsen.util: 3	:ok	:read	[0 1 4 5 8 10 11 12 13 14 15 16 18 20 21 22 24 26 27 29 30 31 33 35 36 37 38 40 41 42 43 44 45 46 48 50 51 52 53 54 55 56 57 58 59 60 61 62 63 64 65 66 67 68 69 70 71 72 73 74 75 76 77 78 79 80 81 82 83 84 85 86 87 88 89 90 91 92 93 94 95 96 97 98 99 100 101 102 103 104 105 106 107 108 109 110 111 112 113 114 115 116 117 118 119]
2026-03-19 17:49:46,415{GMT}	INFO	[jepsen worker 4] jepsen.util: 4	:invoke	:broadcast	120
2026-03-19 17:49:46,417{GMT}	INFO	[jepsen worker 4] jepsen.util: 4	:ok	:broadcast	120
2026-03-19 17:49:46,566{GMT}	INFO	[jepsen worker 0] jepsen.util: 0	:invoke	:read	nil
2026-03-19 17:49:46,568{GMT}	INFO	[jepsen worker 0] jepsen.util: 0	:ok	:read	[0 1 4 5 8 10 11 12 13 14 15 16 18 20 21 22 24 26 27 29 30 31 33 35 36 37 38 40 41 42 43 44 45 46 48 50 51 52 53 54 55 56 57 58 59 60 61 62 63 64 65 66 67 68 69 70 71 72 73 74 75 76 77 78 79 80 81 82 83 84 85 86 87 88 89 90 91 92 93 94 95 96 97 98 99 100 101 102 103 104 105 106 107 108 109 110 111 112 113 114 115 116 117 118 119 120]
2026-03-19 17:49:46,660{GMT}	INFO	[jepsen worker 0] jepsen.util: 0	:invoke	:read	nil
2026-03-19 17:49:46,662{GMT}	INFO	[jepsen worker 0] jepsen.util: 0	:ok	:read	[0 1 4 5 8 10 11 12 13 14 15 16 18 20 21 22 24 26 27 29 30 31 33 35 36 37 38 40 41 42 43 44 45 46 48 50 51 52 53 54 55 56 57 58 59 60 61 62 63 64 65 66 67 68 69 70 71 72 73 74 75 76 77 78 79 80 81 82 83 84 85 86 87 88 89 90 91 92 93 94 95 96 97 98 99 100 101 102 103 104 105 106 107 108 109 110 111 112 113 114 115 116 117 118 119 120]
2026-03-19 17:49:46,663{GMT}	INFO	[jepsen worker nemesis] jepsen.util: :nemesis	:info	:stop-partition	nil
2026-03-19 17:49:46,663{GMT}	INFO	[jepsen worker nemesis] jepsen.util: :nemesis	:info	:stop-partition	:network-healed
2026-03-19 17:49:46,664{GMT}	INFO	[jepsen worker 2] jepsen.generator.interpreter: Waiting for recovery...
2026-03-19 17:49:56,668{GMT}	INFO	[jepsen worker 4] jepsen.util: 4	:invoke	:read	nil
2026-03-19 17:49:56,668{GMT}	INFO	[jepsen worker 2] jepsen.util: 2	:invoke	:read	nil
2026-03-19 17:49:56,668{GMT}	INFO	[jepsen worker 1] jepsen.util: 1	:invoke	:read	nil
2026-03-19 17:49:56,669{GMT}	INFO	[jepsen worker 0] jepsen.util: 0	:invoke	:read	nil
2026-03-19 17:49:56,669{GMT}	INFO	[jepsen worker 3] jepsen.util: 3	:invoke	:read	nil
2026-03-19 17:49:56,671{GMT}	INFO	[jepsen worker 4] jepsen.util: 4	:ok	:read	[51 52 53 54 55 56 57 58 59 60 61 62 63 64 65 66 67 68 69 70 71 72 73 74 75 76 77 78 79 80 81 82 83 84 85 86 87 88 89 90 91 92 93 94 95 96 97 98 99 100 101 102 103 104 105 106 107 108 109 110 111 112 113 114 115 116 117 118 119 120]
2026-03-19 17:49:56,671{GMT}	INFO	[jepsen worker 0] jepsen.util: 0	:ok	:read	[0 1 4 5 8 10 11 12 13 14 15 16 18 20 21 22 24 26 27 29 30 31 33 35 36 37 38 40 41 42 43 44 45 46 48 50 51 52 53 54 55 56 57 58 59 60 61 62 63 64 65 66 67 68 69 70 71 72 73 74 75 76 77 78 79 80 81 82 83 84 85 86 87 88 89 90 91 92 93 94 95 96 97 98 99 100 101 102 103 104 105 106 107 108 109 110 111 112 113 114 115 116 117 118 119 120]
2026-03-19 17:49:56,671{GMT}	INFO	[jepsen worker 1] jepsen.util: 1	:ok	:read	[51 52 53 54 55 56 57 58 59 60 61 62 63 64 65 66 67 68 69 70 71 72 73 74 75 76 77 78 79 80 81 82 83 84 85 86 87 88 89 90 91 92 93 94 95 96 97 98 99 100 101 102 103 104 105 106 107 108 109 110 111 112 113 114 115 116 117 118 119 120]
2026-03-19 17:49:56,672{GMT}	INFO	[jepsen worker 3] jepsen.util: 3	:ok	:read	[0 1 4 5 8 10 11 12 13 14 15 16 18 20 21 22 24 26 27 29 30 31 33 35 36 37 38 40 41 42 43 44 45 46 48 50 51 52 53 54 55 56 57 58 59 60 61 62 63 64 65 66 67 68 69 70 71 72 73 74 75 76 77 78 79 80 81 82 83 84 85 86 87 88 89 90 91 92 93 94 95 96 97 98 99 100 101 102 103 104 105 106 107 108 109 110 111 112 113 114 115 116 117 118 119 120]
2026-03-19 17:49:56,672{GMT}	INFO	[jepsen worker 2] jepsen.util: 2	:ok	:read	[0 1 4 5 8 10 11 12 13 14 15 16 18 20 21 22 24 26 27 29 30 31 33 35 36 37 38 40 41 42 43 44 45 46 48 50 51 52 53 54 55 56 57 58 59 60 61 62 63 64 65 66 67 68 69 70 71 72 73 74 75 76 77 78 79 80 81 82 83 84 85 86 87 88 89 90 91 92 93 94 95 96 97 98 99 100 101 102 103 104 105 106 107 108 109 110 111 112 113 114 115 116 117 118 119 120]
2026-03-19 17:49:56,682{GMT}	INFO	[jepsen test runner] jepsen.core: Run complete, writing
2026-03-19 17:49:56,729{GMT}	INFO	[jepsen node n3] maelstrom.db: Tearing down n3
2026-03-19 17:49:56,729{GMT}	INFO	[jepsen node n0] maelstrom.db: Tearing down n0
2026-03-19 17:49:56,729{GMT}	INFO	[jepsen node n4] maelstrom.db: Tearing down n4
2026-03-19 17:49:56,729{GMT}	INFO	[jepsen node n2] maelstrom.db: Tearing down n2
2026-03-19 17:49:56,729{GMT}	INFO	[jepsen node n1] maelstrom.db: Tearing down n1
2026-03-19 17:49:58,515{GMT}	INFO	[jepsen node n0] maelstrom.net: Shutting down Maelstrom network
2026-03-19 17:49:58,517{GMT}	INFO	[jepsen test runner] jepsen.core: Analyzing...
2026-03-19 17:49:58,761{GMT}	INFO	[jepsen test runner] jepsen.core: Analysis complete
2026-03-19 17:49:58,787{GMT}	INFO	[jepsen results] jepsen.store: Wrote /home/banna/Documents/maelstrom-java/store/broadcast/20260319T174925.204Z/results.edn
2026-03-19 17:49:58,806{GMT}	INFO	[jepsen test runner] jepsen.core: {:perf {:latency-graph {:valid? true},
        :rate-graph {:valid? true},
        :valid? true},
 :timeline {:valid? true},
 :exceptions {:valid? true},
 :stats {:valid? true,
         :count 214,
         :ok-count 214,
         :fail-count 0,
         :info-count 0,
         :by-f {:broadcast {:valid? true,
                            :count 121,
                            :ok-count 121,
                            :fail-count 0,
                            :info-count 0},
                :read {:valid? true,
                       :count 93,
                       :ok-count 93,
                       :fail-count 0,
                       :info-count 0}}},
 :availability {:valid? true, :ok-fraction 1.0},
 :net {:all {:send-count 1019,
             :recv-count 932,
             :msg-count 1019,
             :msgs-per-op 4.761682},
       :clients {:send-count 448, :recv-count 448, :msg-count 448},
       :servers {:send-count 571,
                 :recv-count 484,
                 :msg-count 571,
                 :msgs-per-op 2.6682243},
       :valid? true},
 :workload {:worst-stale ({:element 0,
                           :outcome :stable,
                           :stable-latency 29900,
                           :lost-latency nil,
                           :known #jepsen.history.Op{:index 5,
                                                     :time 72144196,
                                                     :type :ok,
                                                     :process 2,
                                                     :f :add,
                                                     :value 0},
                           :last-absent #jepsen.history.Op{:index 426,
                                                           :time 29972376126,
                                                           :type :invoke,
                                                           :process 1,
                                                           :f :read,
                                                           :value nil,
                                                           :final? true}}
                          {:element 1,
                           :outcome :stable,
                           :stable-latency 29863,
                           :lost-latency nil,
                           :known #jepsen.history.Op{:index 7,
                                                     :time 108522619,
                                                     :type :ok,
                                                     :process 3,
                                                     :f :add,
                                                     :value 1},
                           :last-absent #jepsen.history.Op{:index 426,
                                                           :time 29972376126,
                                                           :type :invoke,
                                                           :process 1,
                                                           :f :read,
                                                           :value nil,
                                                           :final? true}}
                          {:element 4,
                           :outcome :stable,
                           :stable-latency 29423,
                           :lost-latency nil,
                           :known #jepsen.history.Op{:index 17,
                                                     :time 549236643,
                                                     :type :ok,
                                                     :process 2,
                                                     :f :add,
                                                     :value 4},
                           :last-absent #jepsen.history.Op{:index 426,
                                                           :time 29972376126,
                                                           :type :invoke,
                                                           :process 1,
                                                           :f :read,
                                                           :value nil,
                                                           :final? true}}
                          {:element 5,
                           :outcome :stable,
                           :stable-latency 29027,
                           :lost-latency nil,
                           :known #jepsen.history.Op{:index 23,
                                                     :time 944511143,
                                                     :type :ok,
                                                     :process 0,
                                                     :f :add,
                                                     :value 5},
                           :last-absent #jepsen.history.Op{:index 426,
                                                           :time 29972376126,
                                                           :type :invoke,
                                                           :process 1,
                                                           :f :read,
                                                           :value nil,
                                                           :final? true}}
                          {:element 8,
                           :outcome :stable,
                           :stable-latency 28286,
                           :lost-latency nil,
                           :known #jepsen.history.Op{:index 37,
                                                     :time 1685920328,
                                                     :type :ok,
                                                     :process 0,
                                                     :f :add,
                                                     :value 8},
                           :last-absent #jepsen.history.Op{:index 426,
                                                           :time 29972376126,
                                                           :type :invoke,
                                                           :process 1,
                                                           :f :read,
                                                           :value nil,
                                                           :final? true}}
                          {:element 10,
                           :outcome :stable,
                           :stable-latency 28074,
                           :lost-latency nil,
                           :known #jepsen.history.Op{:index 41,
                                                     :time 1897626760,
                                                     :type :ok,
                                                     :process 2,
                                                     :f :add,
                                                     :value 10},
                           :last-absent #jepsen.history.Op{:index 426,
                                                           :time 29972376126,
                                                           :type :invoke,
                                                           :process 1,
                                                           :f :read,
                                                           :value nil,
                                                           :final? true}}
                          {:element 11,
                           :outcome :stable,
                           :stable-latency 27881,
                           :lost-latency nil,
                           :known #jepsen.history.Op{:index 47,
                                                     :time 2091247652,
                                                     :type :ok,
                                                     :process 0,
                                                     :f :add,
                                                     :value 11},
                           :last-absent #jepsen.history.Op{:index 426,
                                                           :time 29972376126,
                                                           :type :invoke,
                                                           :process 1,
                                                           :f :read,
                                                           :value nil,
                                                           :final? true}}
                          {:element 12,
                           :outcome :stable,
                           :stable-latency 27836,
                           :lost-latency nil,
                           :known #jepsen.history.Op{:index 49,
                                                     :time 2135446399,
                                                     :type :ok,
                                                     :process 0,
                                                     :f :add,
                                                     :value 12},
                           :last-absent #jepsen.history.Op{:index 426,
                                                           :time 29972376126,
                                                           :type :invoke,
                                                           :process 1,
                                                           :f :read,
                                                           :value nil,
                                                           :final? true}}),
            :duplicated-count 0,
            :valid? false,
            :lost-count 15,
            :lost (2 3 6 7 9 17 19 23 25 28 32 34 39 47 49),
            :stable-count 106,
            :stale-count 36,
            :stale (0
                    1
                    4
                    5
                    8
                    10
                    11
                    12
                    13
                    14
                    15
                    16
                    18
                    20
                    21
                    22
                    24
                    26
                    27
                    29
                    30
                    31
                    33
                    35
                    36
                    37
                    38
                    40
                    41
                    42
                    43
                    44
                    45
                    46
                    48
                    50),
            :never-read-count 0,
            :stable-latencies {0 0,
                               0.5 0,
                               0.95 28074,
                               0.99 29863,
                               1 29900},
            :attempt-count 121,
            :lost-latencies {0 0, 0.5 0, 0.95 0, 0.99 0, 1 0},
            :never-read (),
            :duplicated {}},
 :valid? false}


Analysis invalid! (ﾉಥ益ಥ）ﾉ ┻━┻
