2026-03-20 15:38:11,380{GMT}	INFO	[jepsen test runner] jepsen.core: Command line:
lein run test -w broadcast --bin run.sh broadcast --node-count 5 --time-limit 20 --rate 10 --nemesis partition
2026-03-20 15:38:11,493{GMT}	INFO	[jepsen test runner] jepsen.core: Running test:
{:args ["broadcast"]
 :remote
 #jepsen.control.retry.Remote{:remote #jepsen.control.scp.Remote{:cmd-remote #jepsen.control.sshj.SSHJRemote{:concurrency-limit 6,
                                                                                                             :conn-spec nil,
                                                                                                             :client nil,
                                                                                                             :semaphore nil},
                                                                 :conn-spec nil},
                              :conn nil}
 :log-net-send false
 :node-count 5
 :availability nil
 :max-txn-length 4
 :concurrency 5
 :db
 #object[maelstrom.db$db$reify__16142
         "0x3619ecd"
         "maelstrom.db$db$reify__16142@3619ecd"]
 :max-writes-per-key 16
 :leave-db-running? false
 :name "broadcast"
 :logging-json? false
 :start-time
 #object[org.joda.time.DateTime "0x7de4bd8f" "2026-03-20T15:38:11.336Z"]
 :nemesis-interval 10
 :net
 #object[maelstrom.net$jepsen_net$reify__15251
         "0x193e65d5"
         "maelstrom.net$jepsen_net$reify__15251@193e65d5"]
 :client
 #object[maelstrom.workload.broadcast$client$reify__16644
         "0x2a97b4b8"
         "maelstrom.workload.broadcast$client$reify__16644@2a97b4b8"]
 :barrier
 #object[java.util.concurrent.CyclicBarrier
         "0x250fc0d1"
         "java.util.concurrent.CyclicBarrier@250fc0d1"]
 :log-stderr false
 :pure-generators true
 :ssh {:dummy? true}
 :rate 10.0
 :checker
 #object[jepsen.checker$compose$reify__11881
         "0x7ddf193a"
         "jepsen.checker$compose$reify__11881@7ddf193a"]
 :argv
 ("test"
  "-w"
  "broadcast"
  "--bin"
  "run.sh"
  "broadcast"
  "--node-count"
  "5"
  "--time-limit"
  "20"
  "--rate"
  "10"
  "--nemesis"
  "partition")
 :nemesis
 (jepsen.nemesis.ReflCompose
  {:fm {:start-partition 0,
        :stop-partition 0,
        :kill 1,
        :start 1,
        :pause 1,
        :resume 1},
   :nemeses [#unprintable "jepsen.nemesis.combined$partition_nemesis$reify__16416@17a5cb99"
             #unprintable "jepsen.nemesis.combined$db_nemesis$reify__16397@808fa1"]})
 :nodes ["n0" "n1" "n2" "n3" "n4"]
 :test-count 1
 :latency {:mean 0, :dist :constant}
 :bin "run.sh"
 :generator
 ((jepsen.generator.Synchronize
   {:gen (jepsen.generator.TimeLimit
          {:limit 20000000000,
           :cutoff nil,
           :gen (jepsen.generator.Any
                 {:gens [(jepsen.generator.OnThreads
                          {:f #{:nemesis},
                           :context-filter #object[jepsen.generator.context$make_thread_filter$lazy_filter__9167
                                                   "0x7545cb17"
                                                   "jepsen.generator.context$make_thread_filter$lazy_filter__9167@7545cb17"],
                           :gen (jepsen.generator.Stagger
                                 {:dt 20000000000,
                                  :next-time nil,
                                  :gen (jepsen.generator.FlipFlop
                                        {:gens [#object[jepsen.nemesis.combined$partition_package$start__16420
                                                        "0x635b3ec7"
                                                        "jepsen.nemesis.combined$partition_package$start__16420@635b3ec7"]
                                                ({:type :info,
                                                  :f :stop-partition,
                                                  :value nil}
                                                 {:type :info,
                                                  :f :stop-partition,
                                                  :value nil}
                                                 {:type :info,
                                                  :f :stop-partition,
                                                  :value nil}
                                                 {:type :info,
                                                  :f :stop-partition,
                                                  :value nil}
                                                 {:type :info,
                                                  :f :stop-partition,
                                                  :value nil}
                                                 {:type :info,
                                                  :f :stop-partition,
                                                  :value nil}
                                                 {:type :info,
                                                  :f :stop-partition,
                                                  :value nil}
                                                 {:type :info,
                                                  :f :stop-partition,
                                                  :value nil}
                                                 ...)],
                                         :i 0})})})
                         (jepsen.generator.OnThreads
                          {:f #jepsen.generator.context.AllBut{:element :nemesis},
                           :context-filter #object[jepsen.generator.context$make_thread_filter$lazy_filter__9167
                                                   "0x15aa3084"
                                                   "jepsen.generator.context$make_thread_filter$lazy_filter__9167@15aa3084"],
                           :gen (jepsen.generator.Stagger
                                 {:dt 200000000,
                                  :next-time nil,
                                  :gen (jepsen.generator.Mix
                                        {:i 0,
                                         :gens [({:f :broadcast, :value 0}
                                                 {:f :broadcast, :value 1}
                                                 {:f :broadcast, :value 2}
                                                 {:f :broadcast, :value 3}
                                                 {:f :broadcast, :value 4}
                                                 {:f :broadcast, :value 5}
                                                 {:f :broadcast, :value 6}
                                                 {:f :broadcast, :value 7}
                                                 ...)
                                                ({:f :read}
                                                 {:f :read}
                                                 {:f :read}
                                                 {:f :read}
                                                 {:f :read}
                                                 {:f :read}
                                                 {:f :read}
                                                 {:f :read}
                                                 ...)]})})})]})})})
  (jepsen.generator.Synchronize
   {:gen (jepsen.generator.OnThreads
          {:f #{:nemesis},
           :context-filter #object[jepsen.generator.context$make_thread_filter$lazy_filter__9167
                                   "0x4e6c4c55"
                                   "jepsen.generator.context$make_thread_filter$lazy_filter__9167@4e6c4c55"],
           :gen ({:type :info, :f :stop-partition, :value nil})})})
  (jepsen.generator.Synchronize
   {:gen {:type :log, :value "Waiting for recovery..."}})
  (jepsen.generator.Synchronize {:gen {:type :sleep, :value 10}})
  (jepsen.generator.Synchronize
   {:gen (jepsen.generator.OnThreads
          {:f #jepsen.generator.context.AllBut{:element :nemesis},
           :context-filter #object[jepsen.generator.context$make_thread_filter$lazy_filter__9167
                                   "0x74fbee59"
                                   "jepsen.generator.context$make_thread_filter$lazy_filter__9167@74fbee59"],
           :gen (jepsen.generator.EachThread
                 {:fresh-gen {:f :read, :final? true},
                  :context-filters #object[clojure.core$promise$reify__8591
                                           "0x3794621d"
                                           {:status :pending, :val nil}],
                  :gens {}})})}))
 :log-net-recv false
 :os
 #object[maelstrom.net$jepsen_os$reify__15254
         "0x737e4a7b"
         "maelstrom.net$jepsen_os$reify__15254@737e4a7b"]
 :time-limit 20
 :workload :broadcast
 :consistency-models [:strict-serializable]
 :topology :grid}

2026-03-20 15:38:13,030{GMT}	INFO	[jepsen node n0] maelstrom.net: Starting Maelstrom network
2026-03-20 15:38:13,031{GMT}	INFO	[jepsen test runner] jepsen.db: Tearing down DB
2026-03-20 15:38:13,033{GMT}	INFO	[jepsen test runner] jepsen.db: Setting up DB
2026-03-20 15:38:13,034{GMT}	INFO	[jepsen node n1] maelstrom.db: Setting up n1
2026-03-20 15:38:13,035{GMT}	INFO	[jepsen node n3] maelstrom.db: Setting up n3
2026-03-20 15:38:13,035{GMT}	INFO	[jepsen node n2] maelstrom.db: Setting up n2
2026-03-20 15:38:13,035{GMT}	INFO	[jepsen node n4] maelstrom.db: Setting up n4
2026-03-20 15:38:13,036{GMT}	INFO	[jepsen node n1] maelstrom.process: launching run.sh ["broadcast"]
2026-03-20 15:38:13,036{GMT}	INFO	[jepsen node n4] maelstrom.process: launching run.sh ["broadcast"]
2026-03-20 15:38:13,036{GMT}	INFO	[jepsen node n2] maelstrom.process: launching run.sh ["broadcast"]
2026-03-20 15:38:13,036{GMT}	INFO	[jepsen node n3] maelstrom.process: launching run.sh ["broadcast"]
2026-03-20 15:38:13,037{GMT}	INFO	[jepsen node n0] maelstrom.service: Starting services: (lin-kv lin-tso lww-kv seq-kv)
2026-03-20 15:38:13,040{GMT}	INFO	[jepsen node n0] maelstrom.db: Setting up n0
2026-03-20 15:38:13,040{GMT}	INFO	[jepsen node n0] maelstrom.process: launching run.sh ["broadcast"]
2026-03-20 15:38:13,271{GMT}	INFO	[jepsen test runner] jepsen.core: Relative time begins now
2026-03-20 15:38:13,318{GMT}	INFO	[jepsen worker 0] jepsen.util: 0	:invoke	:broadcast	0
2026-03-20 15:38:13,319{GMT}	INFO	[jepsen worker nemesis] jepsen.util: :nemesis	:info	:start-partition	:minority-third
2026-03-20 15:38:13,332{GMT}	INFO	[jepsen worker 0] jepsen.util: 0	:ok	:broadcast	0
2026-03-20 15:38:13,332{GMT}	INFO	[jepsen worker nemesis] jepsen.util: :nemesis	:info	:start-partition	[:isolated {"n1" #{"n2" "n4" "n0" "n3"}, "n2" #{"n1"}, "n4" #{"n1"}, "n0" #{"n1"}, "n3" #{"n1"}}]
2026-03-20 15:38:13,455{GMT}	INFO	[jepsen worker 2] jepsen.util: 2	:invoke	:broadcast	1
2026-03-20 15:38:13,459{GMT}	INFO	[jepsen worker 2] jepsen.util: 2	:ok	:broadcast	1
2026-03-20 15:38:13,602{GMT}	INFO	[jepsen worker 3] jepsen.util: 3	:invoke	:broadcast	2
2026-03-20 15:38:13,611{GMT}	INFO	[jepsen worker 3] jepsen.util: 3	:ok	:broadcast	2
2026-03-20 15:38:13,731{GMT}	INFO	[jepsen worker 4] jepsen.util: 4	:invoke	:read	nil
2026-03-20 15:38:13,737{GMT}	INFO	[jepsen worker 4] jepsen.util: 4	:ok	:read	[0 2]
2026-03-20 15:38:13,849{GMT}	INFO	[jepsen worker 0] jepsen.util: 0	:invoke	:broadcast	3
2026-03-20 15:38:13,851{GMT}	INFO	[jepsen worker 0] jepsen.util: 0	:ok	:broadcast	3
2026-03-20 15:38:13,969{GMT}	INFO	[jepsen worker 0] jepsen.util: 0	:invoke	:broadcast	4
2026-03-20 15:38:13,973{GMT}	INFO	[jepsen worker 0] jepsen.util: 0	:ok	:broadcast	4
2026-03-20 15:38:13,989{GMT}	INFO	[jepsen worker 1] jepsen.util: 1	:invoke	:broadcast	5
2026-03-20 15:38:13,995{GMT}	INFO	[jepsen worker 1] jepsen.util: 1	:ok	:broadcast	5
2026-03-20 15:38:14,089{GMT}	INFO	[jepsen worker 2] jepsen.util: 2	:invoke	:broadcast	6
2026-03-20 15:38:14,092{GMT}	INFO	[jepsen worker 2] jepsen.util: 2	:ok	:broadcast	6
2026-03-20 15:38:14,213{GMT}	INFO	[jepsen worker 3] jepsen.util: 3	:invoke	:read	nil
2026-03-20 15:38:14,218{GMT}	INFO	[jepsen worker 3] jepsen.util: 3	:ok	:read	[0 2 3 4]
2026-03-20 15:38:14,293{GMT}	INFO	[jepsen worker 4] jepsen.util: 4	:invoke	:read	nil
2026-03-20 15:38:14,295{GMT}	INFO	[jepsen worker 4] jepsen.util: 4	:ok	:read	[0 2 3 4]
2026-03-20 15:38:14,401{GMT}	INFO	[jepsen worker 0] jepsen.util: 0	:invoke	:broadcast	7
2026-03-20 15:38:14,404{GMT}	INFO	[jepsen worker 0] jepsen.util: 0	:ok	:broadcast	7
2026-03-20 15:38:14,547{GMT}	INFO	[jepsen worker 0] jepsen.util: 0	:invoke	:read	nil
2026-03-20 15:38:14,551{GMT}	INFO	[jepsen worker 0] jepsen.util: 0	:ok	:read	[0 2 3 4 7]
2026-03-20 15:38:14,690{GMT}	INFO	[jepsen worker 1] jepsen.util: 1	:invoke	:broadcast	8
2026-03-20 15:38:14,699{GMT}	INFO	[jepsen worker 1] jepsen.util: 1	:ok	:broadcast	8
2026-03-20 15:38:14,823{GMT}	INFO	[jepsen worker 2] jepsen.util: 2	:invoke	:broadcast	9
2026-03-20 15:38:14,825{GMT}	INFO	[jepsen worker 2] jepsen.util: 2	:ok	:broadcast	9
2026-03-20 15:38:14,968{GMT}	INFO	[jepsen worker 3] jepsen.util: 3	:invoke	:read	nil
2026-03-20 15:38:14,971{GMT}	INFO	[jepsen worker 3] jepsen.util: 3	:ok	:read	[0 2 3 4 7]
2026-03-20 15:38:15,071{GMT}	INFO	[jepsen worker 4] jepsen.util: 4	:invoke	:broadcast	10
2026-03-20 15:38:15,074{GMT}	INFO	[jepsen worker 4] jepsen.util: 4	:ok	:broadcast	10
2026-03-20 15:38:15,239{GMT}	INFO	[jepsen worker 0] jepsen.util: 0	:invoke	:read	nil
2026-03-20 15:38:15,241{GMT}	INFO	[jepsen worker 0] jepsen.util: 0	:ok	:read	[0 2 3 4 7 10]
2026-03-20 15:38:15,415{GMT}	INFO	[jepsen worker 0] jepsen.util: 0	:invoke	:read	nil
2026-03-20 15:38:15,419{GMT}	INFO	[jepsen worker 0] jepsen.util: 0	:ok	:read	[0 2 3 4 7 10]
2026-03-20 15:38:15,508{GMT}	INFO	[jepsen worker 1] jepsen.util: 1	:invoke	:read	nil
2026-03-20 15:38:15,512{GMT}	INFO	[jepsen worker 1] jepsen.util: 1	:ok	:read	[5 8]
2026-03-20 15:38:15,693{GMT}	INFO	[jepsen worker 2] jepsen.util: 2	:invoke	:broadcast	11
2026-03-20 15:38:15,696{GMT}	INFO	[jepsen worker 2] jepsen.util: 2	:ok	:broadcast	11
2026-03-20 15:38:15,813{GMT}	INFO	[jepsen worker 3] jepsen.util: 3	:invoke	:broadcast	12
2026-03-20 15:38:15,816{GMT}	INFO	[jepsen worker 3] jepsen.util: 3	:ok	:broadcast	12
2026-03-20 15:38:15,968{GMT}	INFO	[jepsen worker 4] jepsen.util: 4	:invoke	:read	nil
2026-03-20 15:38:15,970{GMT}	INFO	[jepsen worker 4] jepsen.util: 4	:ok	:read	[0 2 3 4 7 10 12]
2026-03-20 15:38:16,117{GMT}	INFO	[jepsen worker 0] jepsen.util: 0	:invoke	:read	nil
2026-03-20 15:38:16,119{GMT}	INFO	[jepsen worker 0] jepsen.util: 0	:ok	:read	[0 2 3 4 7 10 12]
2026-03-20 15:38:16,265{GMT}	INFO	[jepsen worker 0] jepsen.util: 0	:invoke	:broadcast	13
2026-03-20 15:38:16,267{GMT}	INFO	[jepsen worker 0] jepsen.util: 0	:ok	:broadcast	13
2026-03-20 15:38:16,412{GMT}	INFO	[jepsen worker 1] jepsen.util: 1	:invoke	:broadcast	14
2026-03-20 15:38:16,417{GMT}	INFO	[jepsen worker 1] jepsen.util: 1	:ok	:broadcast	14
2026-03-20 15:38:16,568{GMT}	INFO	[jepsen worker 2] jepsen.util: 2	:invoke	:broadcast	15
2026-03-20 15:38:16,570{GMT}	INFO	[jepsen worker 2] jepsen.util: 2	:ok	:broadcast	15
2026-03-20 15:38:16,652{GMT}	INFO	[jepsen worker 3] jepsen.util: 3	:invoke	:broadcast	16
2026-03-20 15:38:16,656{GMT}	INFO	[jepsen worker 3] jepsen.util: 3	:ok	:broadcast	16
2026-03-20 15:38:16,718{GMT}	INFO	[jepsen worker 4] jepsen.util: 4	:invoke	:broadcast	17
2026-03-20 15:38:16,720{GMT}	INFO	[jepsen worker 4] jepsen.util: 4	:ok	:broadcast	17
2026-03-20 15:38:16,886{GMT}	INFO	[jepsen worker 0] jepsen.util: 0	:invoke	:broadcast	18
2026-03-20 15:38:16,889{GMT}	INFO	[jepsen worker 0] jepsen.util: 0	:ok	:broadcast	18
2026-03-20 15:38:17,005{GMT}	INFO	[jepsen worker 0] jepsen.util: 0	:invoke	:read	nil
2026-03-20 15:38:17,007{GMT}	INFO	[jepsen worker 0] jepsen.util: 0	:ok	:read	[0 2 3 4 7 10 12 13 16 17 18]
2026-03-20 15:38:17,184{GMT}	INFO	[jepsen worker 1] jepsen.util: 1	:invoke	:broadcast	19
2026-03-20 15:38:17,186{GMT}	INFO	[jepsen worker 1] jepsen.util: 1	:ok	:broadcast	19
2026-03-20 15:38:17,231{GMT}	INFO	[jepsen worker 2] jepsen.util: 2	:invoke	:read	nil
2026-03-20 15:38:17,234{GMT}	INFO	[jepsen worker 2] jepsen.util: 2	:ok	:read	[1 6 9 11 15]
2026-03-20 15:38:17,331{GMT}	INFO	[jepsen worker 3] jepsen.util: 3	:invoke	:read	nil
2026-03-20 15:38:17,333{GMT}	INFO	[jepsen worker 3] jepsen.util: 3	:ok	:read	[0 2 3 4 7 10 12 13 16 17 18]
2026-03-20 15:38:17,341{GMT}	INFO	[jepsen worker 4] jepsen.util: 4	:invoke	:broadcast	20
2026-03-20 15:38:17,343{GMT}	INFO	[jepsen worker 4] jepsen.util: 4	:ok	:broadcast	20
2026-03-20 15:38:17,451{GMT}	INFO	[jepsen worker 0] jepsen.util: 0	:invoke	:read	nil
2026-03-20 15:38:17,453{GMT}	INFO	[jepsen worker 0] jepsen.util: 0	:ok	:read	[0 2 3 4 7 10 12 13 16 17 18 20]
2026-03-20 15:38:17,538{GMT}	INFO	[jepsen worker 0] jepsen.util: 0	:invoke	:read	nil
2026-03-20 15:38:17,539{GMT}	INFO	[jepsen worker 0] jepsen.util: 0	:ok	:read	[0 2 3 4 7 10 12 13 16 17 18 20]
2026-03-20 15:38:17,729{GMT}	INFO	[jepsen worker 1] jepsen.util: 1	:invoke	:read	nil
2026-03-20 15:38:17,732{GMT}	INFO	[jepsen worker 1] jepsen.util: 1	:ok	:read	[5 8 14 19]
2026-03-20 15:38:17,821{GMT}	INFO	[jepsen worker 2] jepsen.util: 2	:invoke	:read	nil
2026-03-20 15:38:17,823{GMT}	INFO	[jepsen worker 2] jepsen.util: 2	:ok	:read	[1 6 9 11 15]
2026-03-20 15:38:17,861{GMT}	INFO	[jepsen worker 3] jepsen.util: 3	:invoke	:broadcast	21
2026-03-20 15:38:17,863{GMT}	INFO	[jepsen worker 3] jepsen.util: 3	:ok	:broadcast	21
2026-03-20 15:38:17,977{GMT}	INFO	[jepsen worker 4] jepsen.util: 4	:invoke	:read	nil
2026-03-20 15:38:17,978{GMT}	INFO	[jepsen worker 4] jepsen.util: 4	:ok	:read	[0 2 3 4 7 10 12 13 16 17 18 20 21]
2026-03-20 15:38:18,099{GMT}	INFO	[jepsen worker 0] jepsen.util: 0	:invoke	:read	nil
2026-03-20 15:38:18,100{GMT}	INFO	[jepsen worker 0] jepsen.util: 0	:ok	:read	[0 2 3 4 7 10 12 13 16 17 18 20 21]
2026-03-20 15:38:18,219{GMT}	INFO	[jepsen worker 0] jepsen.util: 0	:invoke	:read	nil
2026-03-20 15:38:18,220{GMT}	INFO	[jepsen worker 0] jepsen.util: 0	:ok	:read	[0 2 3 4 7 10 12 13 16 17 18 20 21]
2026-03-20 15:38:18,320{GMT}	INFO	[jepsen worker 1] jepsen.util: 1	:invoke	:read	nil
2026-03-20 15:38:18,322{GMT}	INFO	[jepsen worker 1] jepsen.util: 1	:ok	:read	[5 8 14 19]
2026-03-20 15:38:18,474{GMT}	INFO	[jepsen worker 2] jepsen.util: 2	:invoke	:read	nil
2026-03-20 15:38:18,476{GMT}	INFO	[jepsen worker 2] jepsen.util: 2	:ok	:read	[1 6 9 11 15]
2026-03-20 15:38:18,621{GMT}	INFO	[jepsen worker 3] jepsen.util: 3	:invoke	:read	nil
2026-03-20 15:38:18,623{GMT}	INFO	[jepsen worker 3] jepsen.util: 3	:ok	:read	[0 2 3 4 7 10 12 13 16 17 18 20 21]
2026-03-20 15:38:18,808{GMT}	INFO	[jepsen worker 4] jepsen.util: 4	:invoke	:broadcast	22
2026-03-20 15:38:18,810{GMT}	INFO	[jepsen worker 4] jepsen.util: 4	:ok	:broadcast	22
2026-03-20 15:38:18,988{GMT}	INFO	[jepsen worker 0] jepsen.util: 0	:invoke	:broadcast	23
2026-03-20 15:38:18,990{GMT}	INFO	[jepsen worker 0] jepsen.util: 0	:ok	:broadcast	23
2026-03-20 15:38:19,096{GMT}	INFO	[jepsen worker 0] jepsen.util: 0	:invoke	:read	nil
2026-03-20 15:38:19,098{GMT}	INFO	[jepsen worker 0] jepsen.util: 0	:ok	:read	[0 2 3 4 7 10 12 13 16 17 18 20 21 22 23]
2026-03-20 15:38:19,217{GMT}	INFO	[jepsen worker 1] jepsen.util: 1	:invoke	:read	nil
2026-03-20 15:38:19,218{GMT}	INFO	[jepsen worker 1] jepsen.util: 1	:ok	:read	[5 8 14 19]
2026-03-20 15:38:19,408{GMT}	INFO	[jepsen worker 2] jepsen.util: 2	:invoke	:read	nil
2026-03-20 15:38:19,410{GMT}	INFO	[jepsen worker 2] jepsen.util: 2	:ok	:read	[1 6 9 11 15]
2026-03-20 15:38:19,588{GMT}	INFO	[jepsen worker 3] jepsen.util: 3	:invoke	:read	nil
2026-03-20 15:38:19,589{GMT}	INFO	[jepsen worker 3] jepsen.util: 3	:ok	:read	[0 2 3 4 7 10 12 13 16 17 18 20 21 22 23]
2026-03-20 15:38:19,601{GMT}	INFO	[jepsen worker 4] jepsen.util: 4	:invoke	:broadcast	24
2026-03-20 15:38:19,604{GMT}	INFO	[jepsen worker 4] jepsen.util: 4	:ok	:broadcast	24
2026-03-20 15:38:19,612{GMT}	INFO	[jepsen worker 0] jepsen.util: 0	:invoke	:broadcast	25
2026-03-20 15:38:19,615{GMT}	INFO	[jepsen worker 0] jepsen.util: 0	:ok	:broadcast	25
2026-03-20 15:38:19,686{GMT}	INFO	[jepsen worker 0] jepsen.util: 0	:invoke	:broadcast	26
2026-03-20 15:38:19,687{GMT}	INFO	[jepsen worker 0] jepsen.util: 0	:ok	:broadcast	26
2026-03-20 15:38:19,824{GMT}	INFO	[jepsen worker 1] jepsen.util: 1	:invoke	:broadcast	27
2026-03-20 15:38:19,825{GMT}	INFO	[jepsen worker 2] jepsen.util: 2	:invoke	:broadcast	28
2026-03-20 15:38:19,827{GMT}	INFO	[jepsen worker 2] jepsen.util: 2	:ok	:broadcast	28
2026-03-20 15:38:19,827{GMT}	INFO	[jepsen worker 1] jepsen.util: 1	:ok	:broadcast	27
2026-03-20 15:38:19,948{GMT}	INFO	[jepsen worker 3] jepsen.util: 3	:invoke	:broadcast	29
2026-03-20 15:38:19,950{GMT}	INFO	[jepsen worker 3] jepsen.util: 3	:ok	:broadcast	29
2026-03-20 15:38:19,959{GMT}	INFO	[jepsen worker 4] jepsen.util: 4	:invoke	:broadcast	30
2026-03-20 15:38:19,961{GMT}	INFO	[jepsen worker 4] jepsen.util: 4	:ok	:broadcast	30
2026-03-20 15:38:20,057{GMT}	INFO	[jepsen worker 0] jepsen.util: 0	:invoke	:broadcast	31
2026-03-20 15:38:20,059{GMT}	INFO	[jepsen worker 0] jepsen.util: 0	:ok	:broadcast	31
2026-03-20 15:38:20,089{GMT}	INFO	[jepsen worker 0] jepsen.util: 0	:invoke	:broadcast	32
2026-03-20 15:38:20,090{GMT}	INFO	[jepsen worker 0] jepsen.util: 0	:ok	:broadcast	32
2026-03-20 15:38:20,092{GMT}	INFO	[jepsen worker 1] jepsen.util: 1	:invoke	:broadcast	33
2026-03-20 15:38:20,094{GMT}	INFO	[jepsen worker 1] jepsen.util: 1	:ok	:broadcast	33
2026-03-20 15:38:20,283{GMT}	INFO	[jepsen worker 2] jepsen.util: 2	:invoke	:read	nil
2026-03-20 15:38:20,285{GMT}	INFO	[jepsen worker 2] jepsen.util: 2	:ok	:read	[1 6 9 11 15 28]
2026-03-20 15:38:20,399{GMT}	INFO	[jepsen worker 3] jepsen.util: 3	:invoke	:broadcast	34
2026-03-20 15:38:20,401{GMT}	INFO	[jepsen worker 3] jepsen.util: 3	:ok	:broadcast	34
2026-03-20 15:38:20,443{GMT}	INFO	[jepsen worker 4] jepsen.util: 4	:invoke	:read	nil
2026-03-20 15:38:20,444{GMT}	INFO	[jepsen worker 4] jepsen.util: 4	:ok	:read	[0 2 3 4 7 10 12 13 16 17 18 20 21 22 23 24 25 26 29 30 31 32 34]
2026-03-20 15:38:20,504{GMT}	INFO	[jepsen worker 0] jepsen.util: 0	:invoke	:broadcast	35
2026-03-20 15:38:20,506{GMT}	INFO	[jepsen worker 0] jepsen.util: 0	:ok	:broadcast	35
2026-03-20 15:38:20,674{GMT}	INFO	[jepsen worker 0] jepsen.util: 0	:invoke	:read	nil
2026-03-20 15:38:20,676{GMT}	INFO	[jepsen worker 0] jepsen.util: 0	:ok	:read	[0 2 3 4 7 10 12 13 16 17 18 20 21 22 23 24 25 26 29 30 31 32 34 35]
2026-03-20 15:38:20,813{GMT}	INFO	[jepsen worker 1] jepsen.util: 1	:invoke	:read	nil
2026-03-20 15:38:20,815{GMT}	INFO	[jepsen worker 1] jepsen.util: 1	:ok	:read	[5 8 14 19 27 33]
2026-03-20 15:38:20,978{GMT}	INFO	[jepsen worker 2] jepsen.util: 2	:invoke	:broadcast	36
2026-03-20 15:38:20,980{GMT}	INFO	[jepsen worker 2] jepsen.util: 2	:ok	:broadcast	36
2026-03-20 15:38:21,141{GMT}	INFO	[jepsen worker 3] jepsen.util: 3	:invoke	:read	nil
2026-03-20 15:38:21,143{GMT}	INFO	[jepsen worker 3] jepsen.util: 3	:ok	:read	[0 2 3 4 7 10 12 13 16 17 18 20 21 22 23 24 25 26 29 30 31 32 34 35]
2026-03-20 15:38:21,298{GMT}	INFO	[jepsen worker 4] jepsen.util: 4	:invoke	:read	nil
2026-03-20 15:38:21,299{GMT}	INFO	[jepsen worker 4] jepsen.util: 4	:ok	:read	[0 2 3 4 7 10 12 13 16 17 18 20 21 22 23 24 25 26 29 30 31 32 34 35]
2026-03-20 15:38:21,456{GMT}	INFO	[jepsen worker 0] jepsen.util: 0	:invoke	:broadcast	37
2026-03-20 15:38:21,458{GMT}	INFO	[jepsen worker 0] jepsen.util: 0	:ok	:broadcast	37
2026-03-20 15:38:21,514{GMT}	INFO	[jepsen worker 0] jepsen.util: 0	:invoke	:broadcast	38
2026-03-20 15:38:21,516{GMT}	INFO	[jepsen worker 0] jepsen.util: 0	:ok	:broadcast	38
2026-03-20 15:38:21,563{GMT}	INFO	[jepsen worker 1] jepsen.util: 1	:invoke	:broadcast	39
2026-03-20 15:38:21,566{GMT}	INFO	[jepsen worker 1] jepsen.util: 1	:ok	:broadcast	39
2026-03-20 15:38:21,611{GMT}	INFO	[jepsen worker 2] jepsen.util: 2	:invoke	:read	nil
2026-03-20 15:38:21,613{GMT}	INFO	[jepsen worker 2] jepsen.util: 2	:ok	:read	[1 6 9 11 15 28 36]
2026-03-20 15:38:21,739{GMT}	INFO	[jepsen worker 3] jepsen.util: 3	:invoke	:broadcast	40
2026-03-20 15:38:21,740{GMT}	INFO	[jepsen worker 3] jepsen.util: 3	:ok	:broadcast	40
2026-03-20 15:38:21,812{GMT}	INFO	[jepsen worker 4] jepsen.util: 4	:invoke	:read	nil
2026-03-20 15:38:21,813{GMT}	INFO	[jepsen worker 4] jepsen.util: 4	:ok	:read	[0 2 3 4 7 10 12 13 16 17 18 20 21 22 23 24 25 26 29 30 31 32 34 35 37 38 40]
2026-03-20 15:38:21,877{GMT}	INFO	[jepsen worker 0] jepsen.util: 0	:invoke	:broadcast	41
2026-03-20 15:38:21,878{GMT}	INFO	[jepsen worker 0] jepsen.util: 0	:ok	:broadcast	41
2026-03-20 15:38:22,075{GMT}	INFO	[jepsen worker 0] jepsen.util: 0	:invoke	:broadcast	42
2026-03-20 15:38:22,077{GMT}	INFO	[jepsen worker 0] jepsen.util: 0	:ok	:broadcast	42
2026-03-20 15:38:22,236{GMT}	INFO	[jepsen worker 1] jepsen.util: 1	:invoke	:read	nil
2026-03-20 15:38:22,238{GMT}	INFO	[jepsen worker 1] jepsen.util: 1	:ok	:read	[5 8 14 19 27 33 39]
2026-03-20 15:38:22,307{GMT}	INFO	[jepsen worker 2] jepsen.util: 2	:invoke	:read	nil
2026-03-20 15:38:22,308{GMT}	INFO	[jepsen worker 2] jepsen.util: 2	:ok	:read	[1 6 9 11 15 28 36]
2026-03-20 15:38:22,336{GMT}	INFO	[jepsen worker 3] jepsen.util: 3	:invoke	:broadcast	43
2026-03-20 15:38:22,338{GMT}	INFO	[jepsen worker 3] jepsen.util: 3	:ok	:broadcast	43
2026-03-20 15:38:22,534{GMT}	INFO	[jepsen worker 4] jepsen.util: 4	:invoke	:read	nil
2026-03-20 15:38:22,538{GMT}	INFO	[jepsen worker 4] jepsen.util: 4	:ok	:read	[0 2 3 4 7 10 12 13 16 17 18 20 21 22 23 24 25 26 29 30 31 32 34 35 37 38 40 41 42 43]
2026-03-20 15:38:22,656{GMT}	INFO	[jepsen worker 0] jepsen.util: 0	:invoke	:read	nil
2026-03-20 15:38:22,665{GMT}	INFO	[jepsen worker 0] jepsen.util: 0	:ok	:read	[0 2 3 4 7 10 12 13 16 17 18 20 21 22 23 24 25 26 29 30 31 32 34 35 37 38 40 41 42 43]
2026-03-20 15:38:22,744{GMT}	INFO	[jepsen worker 0] jepsen.util: 0	:invoke	:broadcast	44
2026-03-20 15:38:22,755{GMT}	INFO	[jepsen worker 0] jepsen.util: 0	:ok	:broadcast	44
2026-03-20 15:38:22,941{GMT}	INFO	[jepsen worker 1] jepsen.util: 1	:invoke	:broadcast	45
2026-03-20 15:38:22,954{GMT}	INFO	[jepsen worker 1] jepsen.util: 1	:ok	:broadcast	45
2026-03-20 15:38:23,088{GMT}	INFO	[jepsen worker 2] jepsen.util: 2	:invoke	:broadcast	46
2026-03-20 15:38:23,099{GMT}	INFO	[jepsen worker 2] jepsen.util: 2	:ok	:broadcast	46
2026-03-20 15:38:23,127{GMT}	INFO	[jepsen worker 3] jepsen.util: 3	:invoke	:broadcast	47
2026-03-20 15:38:23,144{GMT}	INFO	[jepsen worker 3] jepsen.util: 3	:ok	:broadcast	47
2026-03-20 15:38:23,168{GMT}	INFO	[jepsen worker 4] jepsen.util: 4	:invoke	:read	nil
2026-03-20 15:38:23,172{GMT}	INFO	[jepsen worker 4] jepsen.util: 4	:ok	:read	[0 2 3 4 7 10 12 13 16 17 18 20 21 22 23 24 25 26 29 30 31 32 34 35 37 38 40 41 42 43 44 47]
2026-03-20 15:38:23,184{GMT}	INFO	[jepsen worker 0] jepsen.util: 0	:invoke	:broadcast	48
2026-03-20 15:38:23,189{GMT}	INFO	[jepsen worker 0] jepsen.util: 0	:ok	:broadcast	48
2026-03-20 15:38:23,243{GMT}	INFO	[jepsen worker 0] jepsen.util: 0	:invoke	:broadcast	49
2026-03-20 15:38:23,247{GMT}	INFO	[jepsen worker 0] jepsen.util: 0	:ok	:broadcast	49
2026-03-20 15:38:23,367{GMT}	INFO	[jepsen worker 1] jepsen.util: 1	:invoke	:broadcast	50
2026-03-20 15:38:23,382{GMT}	INFO	[jepsen worker 1] jepsen.util: 1	:ok	:broadcast	50
2026-03-20 15:38:23,408{GMT}	INFO	[jepsen worker 2] jepsen.util: 2	:invoke	:broadcast	51
2026-03-20 15:38:23,421{GMT}	INFO	[jepsen worker 2] jepsen.util: 2	:ok	:broadcast	51
2026-03-20 15:38:23,487{GMT}	INFO	[jepsen worker 3] jepsen.util: 3	:invoke	:broadcast	52
2026-03-20 15:38:23,495{GMT}	INFO	[jepsen worker 3] jepsen.util: 3	:ok	:broadcast	52
2026-03-20 15:38:23,660{GMT}	INFO	[jepsen worker 4] jepsen.util: 4	:invoke	:broadcast	53
2026-03-20 15:38:23,662{GMT}	INFO	[jepsen worker 4] jepsen.util: 4	:ok	:broadcast	53
2026-03-20 15:38:23,856{GMT}	INFO	[jepsen worker 0] jepsen.util: 0	:invoke	:read	nil
2026-03-20 15:38:23,858{GMT}	INFO	[jepsen worker 0] jepsen.util: 0	:ok	:read	[0 2 3 4 7 10 12 13 16 17 18 20 21 22 23 24 25 26 29 30 31 32 34 35 37 38 40 41 42 43 44 47 48 49 52 53]
2026-03-20 15:38:24,038{GMT}	INFO	[jepsen worker 0] jepsen.util: 0	:invoke	:read	nil
2026-03-20 15:38:24,039{GMT}	INFO	[jepsen worker 0] jepsen.util: 0	:ok	:read	[0 2 3 4 7 10 12 13 16 17 18 20 21 22 23 24 25 26 29 30 31 32 34 35 37 38 40 41 42 43 44 47 48 49 52 53]
2026-03-20 15:38:24,170{GMT}	INFO	[jepsen worker 1] jepsen.util: 1	:invoke	:broadcast	54
2026-03-20 15:38:24,171{GMT}	INFO	[jepsen worker 1] jepsen.util: 1	:ok	:broadcast	54
2026-03-20 15:38:24,369{GMT}	INFO	[jepsen worker 2] jepsen.util: 2	:invoke	:broadcast	55
2026-03-20 15:38:24,371{GMT}	INFO	[jepsen worker 2] jepsen.util: 2	:ok	:broadcast	55
2026-03-20 15:38:24,514{GMT}	INFO	[jepsen worker 3] jepsen.util: 3	:invoke	:read	nil
2026-03-20 15:38:24,517{GMT}	INFO	[jepsen worker 3] jepsen.util: 3	:ok	:read	[0 2 3 4 7 10 12 13 16 17 18 20 21 22 23 24 25 26 29 30 31 32 34 35 37 38 40 41 42 43 44 47 48 49 52 53]
2026-03-20 15:38:24,631{GMT}	INFO	[jepsen worker 4] jepsen.util: 4	:invoke	:broadcast	56
2026-03-20 15:38:24,633{GMT}	INFO	[jepsen worker 4] jepsen.util: 4	:ok	:broadcast	56
2026-03-20 15:38:24,803{GMT}	INFO	[jepsen worker 0] jepsen.util: 0	:invoke	:broadcast	57
2026-03-20 15:38:24,804{GMT}	INFO	[jepsen worker 0] jepsen.util: 0	:ok	:broadcast	57
2026-03-20 15:38:24,974{GMT}	INFO	[jepsen worker 0] jepsen.util: 0	:invoke	:broadcast	58
2026-03-20 15:38:24,976{GMT}	INFO	[jepsen worker 0] jepsen.util: 0	:ok	:broadcast	58
2026-03-20 15:38:25,012{GMT}	INFO	[jepsen worker nemesis] jepsen.util: :nemesis	:info	:stop-partition	nil
2026-03-20 15:38:25,013{GMT}	INFO	[jepsen worker nemesis] jepsen.util: :nemesis	:info	:stop-partition	:network-healed
2026-03-20 15:38:25,117{GMT}	INFO	[jepsen worker 2] jepsen.util: 2	:invoke	:broadcast	59
2026-03-20 15:38:25,119{GMT}	INFO	[jepsen worker 2] jepsen.util: 2	:ok	:broadcast	59
2026-03-20 15:38:25,313{GMT}	INFO	[jepsen worker 3] jepsen.util: 3	:invoke	:broadcast	60
2026-03-20 15:38:25,314{GMT}	INFO	[jepsen worker 3] jepsen.util: 3	:ok	:broadcast	60
2026-03-20 15:38:25,336{GMT}	INFO	[jepsen worker 4] jepsen.util: 4	:invoke	:read	nil
2026-03-20 15:38:25,337{GMT}	INFO	[jepsen worker 4] jepsen.util: 4	:ok	:read	[0 2 3 4 7 10 12 13 16 17 18 20 21 22 23 24 25 26 29 30 31 32 34 35 37 38 40 41 42 43 44 47 48 49 52 53 56 57 58 59 60]
2026-03-20 15:38:25,503{GMT}	INFO	[jepsen worker 0] jepsen.util: 0	:invoke	:read	nil
2026-03-20 15:38:25,505{GMT}	INFO	[jepsen worker 0] jepsen.util: 0	:ok	:read	[0 2 3 4 7 10 12 13 16 17 18 20 21 22 23 24 25 26 29 30 31 32 34 35 37 38 40 41 42 43 44 47 48 49 52 53 56 57 58 59 60]
2026-03-20 15:38:25,534{GMT}	INFO	[jepsen worker 0] jepsen.util: 0	:invoke	:broadcast	61
2026-03-20 15:38:25,535{GMT}	INFO	[jepsen worker 0] jepsen.util: 0	:ok	:broadcast	61
2026-03-20 15:38:25,672{GMT}	INFO	[jepsen worker 1] jepsen.util: 1	:invoke	:read	nil
2026-03-20 15:38:25,673{GMT}	INFO	[jepsen worker 1] jepsen.util: 1	:ok	:read	[5 8 14 19 27 33 39 45 50 54 59 60 61]
2026-03-20 15:38:25,697{GMT}	INFO	[jepsen worker 2] jepsen.util: 2	:invoke	:broadcast	62
2026-03-20 15:38:25,699{GMT}	INFO	[jepsen worker 2] jepsen.util: 2	:ok	:broadcast	62
2026-03-20 15:38:25,765{GMT}	INFO	[jepsen worker 3] jepsen.util: 3	:invoke	:read	nil
2026-03-20 15:38:25,766{GMT}	INFO	[jepsen worker 3] jepsen.util: 3	:ok	:read	[0 2 3 4 7 10 12 13 16 17 18 20 21 22 23 24 25 26 29 30 31 32 34 35 37 38 40 41 42 43 44 47 48 49 52 53 56 57 58 59 59 60 61 62]
2026-03-20 15:38:25,885{GMT}	INFO	[jepsen worker 4] jepsen.util: 4	:invoke	:read	nil
2026-03-20 15:38:25,886{GMT}	INFO	[jepsen worker 4] jepsen.util: 4	:ok	:read	[0 2 3 4 7 10 12 13 16 17 18 20 21 22 23 24 25 26 29 30 31 32 34 35 37 38 40 41 42 43 44 47 48 49 52 53 56 57 58 59 60 61 62]
2026-03-20 15:38:25,952{GMT}	INFO	[jepsen worker 0] jepsen.util: 0	:invoke	:read	nil
2026-03-20 15:38:25,954{GMT}	INFO	[jepsen worker 0] jepsen.util: 0	:ok	:read	[0 2 3 4 7 10 12 13 16 17 18 20 21 22 23 24 25 26 29 30 31 32 34 35 37 38 40 41 42 43 44 47 48 49 52 53 56 57 58 59 60 61 62]
2026-03-20 15:38:26,007{GMT}	INFO	[jepsen worker 0] jepsen.util: 0	:invoke	:read	nil
2026-03-20 15:38:26,008{GMT}	INFO	[jepsen worker 0] jepsen.util: 0	:ok	:read	[0 2 3 4 7 10 12 13 16 17 18 20 21 22 23 24 25 26 29 30 31 32 34 35 37 38 40 41 42 43 44 47 48 49 52 53 56 57 58 59 60 61 62]
2026-03-20 15:38:26,090{GMT}	INFO	[jepsen worker 1] jepsen.util: 1	:invoke	:read	nil
2026-03-20 15:38:26,091{GMT}	INFO	[jepsen worker 1] jepsen.util: 1	:ok	:read	[5 8 14 19 27 33 39 45 50 54 59 60 61 62]
2026-03-20 15:38:26,255{GMT}	INFO	[jepsen worker 2] jepsen.util: 2	:invoke	:read	nil
2026-03-20 15:38:26,257{GMT}	INFO	[jepsen worker 2] jepsen.util: 2	:ok	:read	[1 6 9 11 15 28 36 46 51 55 59 60 61 62]
2026-03-20 15:38:26,454{GMT}	INFO	[jepsen worker 3] jepsen.util: 3	:invoke	:read	nil
2026-03-20 15:38:26,456{GMT}	INFO	[jepsen worker 3] jepsen.util: 3	:ok	:read	[0 2 3 4 7 10 12 13 16 17 18 20 21 22 23 24 25 26 29 30 31 32 34 35 37 38 40 41 42 43 44 47 48 49 52 53 56 57 58 59 59 60 61 62]
2026-03-20 15:38:26,553{GMT}	INFO	[jepsen worker 4] jepsen.util: 4	:invoke	:read	nil
2026-03-20 15:38:26,555{GMT}	INFO	[jepsen worker 4] jepsen.util: 4	:ok	:read	[0 2 3 4 7 10 12 13 16 17 18 20 21 22 23 24 25 26 29 30 31 32 34 35 37 38 40 41 42 43 44 47 48 49 52 53 56 57 58 59 60 61 62]
2026-03-20 15:38:26,695{GMT}	INFO	[jepsen worker 0] jepsen.util: 0	:invoke	:read	nil
2026-03-20 15:38:26,697{GMT}	INFO	[jepsen worker 0] jepsen.util: 0	:ok	:read	[0 2 3 4 7 10 12 13 16 17 18 20 21 22 23 24 25 26 29 30 31 32 34 35 37 38 40 41 42 43 44 47 48 49 52 53 56 57 58 59 60 61 62]
2026-03-20 15:38:26,887{GMT}	INFO	[jepsen worker 0] jepsen.util: 0	:invoke	:read	nil
2026-03-20 15:38:26,889{GMT}	INFO	[jepsen worker 0] jepsen.util: 0	:ok	:read	[0 2 3 4 7 10 12 13 16 17 18 20 21 22 23 24 25 26 29 30 31 32 34 35 37 38 40 41 42 43 44 47 48 49 52 53 56 57 58 59 60 61 62]
2026-03-20 15:38:26,944{GMT}	INFO	[jepsen worker 1] jepsen.util: 1	:invoke	:read	nil
2026-03-20 15:38:26,945{GMT}	INFO	[jepsen worker 1] jepsen.util: 1	:ok	:read	[5 8 14 19 27 33 39 45 50 54 59 60 61 62]
2026-03-20 15:38:27,080{GMT}	INFO	[jepsen worker 2] jepsen.util: 2	:invoke	:read	nil
2026-03-20 15:38:27,082{GMT}	INFO	[jepsen worker 2] jepsen.util: 2	:ok	:read	[1 6 9 11 15 28 36 46 51 55 59 60 61 62]
2026-03-20 15:38:27,201{GMT}	INFO	[jepsen worker 3] jepsen.util: 3	:invoke	:read	nil
2026-03-20 15:38:27,203{GMT}	INFO	[jepsen worker 3] jepsen.util: 3	:ok	:read	[0 2 3 4 7 10 12 13 16 17 18 20 21 22 23 24 25 26 29 30 31 32 34 35 37 38 40 41 42 43 44 47 48 49 52 53 56 57 58 59 59 60 61 62]
2026-03-20 15:38:27,292{GMT}	INFO	[jepsen worker 4] jepsen.util: 4	:invoke	:read	nil
2026-03-20 15:38:27,293{GMT}	INFO	[jepsen worker 4] jepsen.util: 4	:ok	:read	[0 2 3 4 7 10 12 13 16 17 18 20 21 22 23 24 25 26 29 30 31 32 34 35 37 38 40 41 42 43 44 47 48 49 52 53 56 57 58 59 60 61 62]
2026-03-20 15:38:27,400{GMT}	INFO	[jepsen worker 0] jepsen.util: 0	:invoke	:broadcast	63
2026-03-20 15:38:27,401{GMT}	INFO	[jepsen worker 0] jepsen.util: 0	:ok	:broadcast	63
2026-03-20 15:38:27,480{GMT}	INFO	[jepsen worker 0] jepsen.util: 0	:invoke	:read	nil
2026-03-20 15:38:27,481{GMT}	INFO	[jepsen worker 0] jepsen.util: 0	:ok	:read	[0 2 3 4 7 10 12 13 16 17 18 20 21 22 23 24 25 26 29 30 31 32 34 35 37 38 40 41 42 43 44 47 48 49 52 53 56 57 58 59 60 61 62 63]
2026-03-20 15:38:27,510{GMT}	INFO	[jepsen worker 1] jepsen.util: 1	:invoke	:broadcast	64
2026-03-20 15:38:27,512{GMT}	INFO	[jepsen worker 1] jepsen.util: 1	:ok	:broadcast	64
2026-03-20 15:38:27,664{GMT}	INFO	[jepsen worker 2] jepsen.util: 2	:invoke	:read	nil
2026-03-20 15:38:27,666{GMT}	INFO	[jepsen worker 2] jepsen.util: 2	:ok	:read	[1 6 9 11 15 28 36 46 51 55 59 60 61 62 63 64]
2026-03-20 15:38:27,773{GMT}	INFO	[jepsen worker 3] jepsen.util: 3	:invoke	:read	nil
2026-03-20 15:38:27,774{GMT}	INFO	[jepsen worker 3] jepsen.util: 3	:ok	:read	[0 2 3 4 7 10 12 13 16 17 18 20 21 22 23 24 25 26 29 30 31 32 34 35 37 38 40 41 42 43 44 47 48 49 52 53 56 57 58 59 59 60 61 62 63 64]
2026-03-20 15:38:27,921{GMT}	INFO	[jepsen worker 4] jepsen.util: 4	:invoke	:read	nil
2026-03-20 15:38:27,922{GMT}	INFO	[jepsen worker 4] jepsen.util: 4	:ok	:read	[0 2 3 4 7 10 12 13 16 17 18 20 21 22 23 24 25 26 29 30 31 32 34 35 37 38 40 41 42 43 44 47 48 49 52 53 56 57 58 59 60 61 62 63 64]
2026-03-20 15:38:28,062{GMT}	INFO	[jepsen worker 0] jepsen.util: 0	:invoke	:read	nil
2026-03-20 15:38:28,064{GMT}	INFO	[jepsen worker 0] jepsen.util: 0	:ok	:read	[0 2 3 4 7 10 12 13 16 17 18 20 21 22 23 24 25 26 29 30 31 32 34 35 37 38 40 41 42 43 44 47 48 49 52 53 56 57 58 59 60 61 62 63 64]
2026-03-20 15:38:28,253{GMT}	INFO	[jepsen worker 0] jepsen.util: 0	:invoke	:read	nil
2026-03-20 15:38:28,255{GMT}	INFO	[jepsen worker 0] jepsen.util: 0	:ok	:read	[0 2 3 4 7 10 12 13 16 17 18 20 21 22 23 24 25 26 29 30 31 32 34 35 37 38 40 41 42 43 44 47 48 49 52 53 56 57 58 59 60 61 62 63 64]
2026-03-20 15:38:28,393{GMT}	INFO	[jepsen worker 1] jepsen.util: 1	:invoke	:broadcast	65
2026-03-20 15:38:28,395{GMT}	INFO	[jepsen worker 1] jepsen.util: 1	:ok	:broadcast	65
2026-03-20 15:38:28,434{GMT}	INFO	[jepsen worker 2] jepsen.util: 2	:invoke	:read	nil
2026-03-20 15:38:28,436{GMT}	INFO	[jepsen worker 2] jepsen.util: 2	:ok	:read	[1 6 9 11 15 28 36 46 51 55 59 60 61 62 63 64 65]
2026-03-20 15:38:28,538{GMT}	INFO	[jepsen worker 3] jepsen.util: 3	:invoke	:broadcast	66
2026-03-20 15:38:28,539{GMT}	INFO	[jepsen worker 3] jepsen.util: 3	:ok	:broadcast	66
2026-03-20 15:38:28,685{GMT}	INFO	[jepsen worker 4] jepsen.util: 4	:invoke	:read	nil
2026-03-20 15:38:28,685{GMT}	INFO	[jepsen worker 0] jepsen.util: 0	:invoke	:read	nil
2026-03-20 15:38:28,686{GMT}	INFO	[jepsen worker 0] jepsen.util: 0	:ok	:read	[0 2 3 4 7 10 12 13 16 17 18 20 21 22 23 24 25 26 29 30 31 32 34 35 37 38 40 41 42 43 44 47 48 49 52 53 56 57 58 59 60 61 62 63 64 65 66]
2026-03-20 15:38:28,686{GMT}	INFO	[jepsen worker 4] jepsen.util: 4	:ok	:read	[0 2 3 4 7 10 12 13 16 17 18 20 21 22 23 24 25 26 29 30 31 32 34 35 37 38 40 41 42 43 44 47 48 49 52 53 56 57 58 59 60 61 62 63 64 65 66]
2026-03-20 15:38:28,693{GMT}	INFO	[jepsen worker 0] jepsen.util: 0	:invoke	:broadcast	67
2026-03-20 15:38:28,694{GMT}	INFO	[jepsen worker 0] jepsen.util: 0	:ok	:broadcast	67
2026-03-20 15:38:28,891{GMT}	INFO	[jepsen worker 1] jepsen.util: 1	:invoke	:read	nil
2026-03-20 15:38:28,892{GMT}	INFO	[jepsen worker 2] jepsen.util: 2	:invoke	:broadcast	68
2026-03-20 15:38:28,893{GMT}	INFO	[jepsen worker 1] jepsen.util: 1	:ok	:read	[5 8 14 19 27 33 39 45 50 54 59 60 61 62 63 64 65 66 67]
2026-03-20 15:38:28,894{GMT}	INFO	[jepsen worker 2] jepsen.util: 2	:ok	:broadcast	68
2026-03-20 15:38:29,063{GMT}	INFO	[jepsen worker 3] jepsen.util: 3	:invoke	:read	nil
2026-03-20 15:38:29,064{GMT}	INFO	[jepsen worker 3] jepsen.util: 3	:ok	:read	[0 2 3 4 7 10 12 13 16 17 18 20 21 22 23 24 25 26 29 30 31 32 34 35 37 38 40 41 42 43 44 47 48 49 52 53 56 57 58 59 59 60 61 62 63 64 65 66 67 68]
2026-03-20 15:38:29,189{GMT}	INFO	[jepsen worker 4] jepsen.util: 4	:invoke	:broadcast	69
2026-03-20 15:38:29,190{GMT}	INFO	[jepsen worker 4] jepsen.util: 4	:ok	:broadcast	69
2026-03-20 15:38:29,248{GMT}	INFO	[jepsen worker 0] jepsen.util: 0	:invoke	:broadcast	70
2026-03-20 15:38:29,249{GMT}	INFO	[jepsen worker 0] jepsen.util: 0	:ok	:broadcast	70
2026-03-20 15:38:29,293{GMT}	INFO	[jepsen worker 0] jepsen.util: 0	:invoke	:broadcast	71
2026-03-20 15:38:29,294{GMT}	INFO	[jepsen worker 0] jepsen.util: 0	:ok	:broadcast	71
2026-03-20 15:38:29,408{GMT}	INFO	[jepsen worker 1] jepsen.util: 1	:invoke	:broadcast	72
2026-03-20 15:38:29,410{GMT}	INFO	[jepsen worker 1] jepsen.util: 1	:ok	:broadcast	72
2026-03-20 15:38:29,434{GMT}	INFO	[jepsen worker 2] jepsen.util: 2	:invoke	:broadcast	73
2026-03-20 15:38:29,436{GMT}	INFO	[jepsen worker 2] jepsen.util: 2	:ok	:broadcast	73
2026-03-20 15:38:29,553{GMT}	INFO	[jepsen worker 3] jepsen.util: 3	:invoke	:read	nil
2026-03-20 15:38:29,554{GMT}	INFO	[jepsen worker 3] jepsen.util: 3	:ok	:read	[0 2 3 4 7 10 12 13 16 17 18 20 21 22 23 24 25 26 29 30 31 32 34 35 37 38 40 41 42 43 44 47 48 49 52 53 56 57 58 59 59 60 61 62 63 64 65 66 67 68 69 70 71 72 73]
2026-03-20 15:38:29,693{GMT}	INFO	[jepsen worker 4] jepsen.util: 4	:invoke	:broadcast	74
2026-03-20 15:38:29,694{GMT}	INFO	[jepsen worker 4] jepsen.util: 4	:ok	:broadcast	74
2026-03-20 15:38:29,886{GMT}	INFO	[jepsen worker 0] jepsen.util: 0	:invoke	:read	nil
2026-03-20 15:38:29,887{GMT}	INFO	[jepsen worker 0] jepsen.util: 0	:ok	:read	[0 2 3 4 7 10 12 13 16 17 18 20 21 22 23 24 25 26 29 30 31 32 34 35 37 38 40 41 42 43 44 47 48 49 52 53 56 57 58 59 60 61 62 63 64 65 66 67 68 69 70 71 72 73 74]
2026-03-20 15:38:29,969{GMT}	INFO	[jepsen worker 0] jepsen.util: 0	:invoke	:read	nil
2026-03-20 15:38:29,971{GMT}	INFO	[jepsen worker 0] jepsen.util: 0	:ok	:read	[0 2 3 4 7 10 12 13 16 17 18 20 21 22 23 24 25 26 29 30 31 32 34 35 37 38 40 41 42 43 44 47 48 49 52 53 56 57 58 59 60 61 62 63 64 65 66 67 68 69 70 71 72 73 74]
2026-03-20 15:38:29,990{GMT}	INFO	[jepsen worker 1] jepsen.util: 1	:invoke	:read	nil
2026-03-20 15:38:29,991{GMT}	INFO	[jepsen worker 1] jepsen.util: 1	:ok	:read	[5 8 14 19 27 33 39 45 50 54 59 60 61 62 63 64 65 66 67 68 69 70 71 72 73 74]
2026-03-20 15:38:30,140{GMT}	INFO	[jepsen worker 2] jepsen.util: 2	:invoke	:broadcast	75
2026-03-20 15:38:30,141{GMT}	INFO	[jepsen worker 2] jepsen.util: 2	:ok	:broadcast	75
2026-03-20 15:38:30,245{GMT}	INFO	[jepsen worker 3] jepsen.util: 3	:invoke	:read	nil
2026-03-20 15:38:30,246{GMT}	INFO	[jepsen worker 3] jepsen.util: 3	:ok	:read	[0 2 3 4 7 10 12 13 16 17 18 20 21 22 23 24 25 26 29 30 31 32 34 35 37 38 40 41 42 43 44 47 48 49 52 53 56 57 58 59 59 60 61 62 63 64 65 66 67 68 69 70 71 72 73 74 75]
2026-03-20 15:38:30,428{GMT}	INFO	[jepsen worker 4] jepsen.util: 4	:invoke	:read	nil
2026-03-20 15:38:30,430{GMT}	INFO	[jepsen worker 4] jepsen.util: 4	:ok	:read	[0 2 3 4 7 10 12 13 16 17 18 20 21 22 23 24 25 26 29 30 31 32 34 35 37 38 40 41 42 43 44 47 48 49 52 53 56 57 58 59 60 61 62 63 64 65 66 67 67 68 69 70 71 72 73 74 75]
2026-03-20 15:38:30,575{GMT}	INFO	[jepsen worker 0] jepsen.util: 0	:invoke	:broadcast	76
2026-03-20 15:38:30,577{GMT}	INFO	[jepsen worker 0] jepsen.util: 0	:ok	:broadcast	76
2026-03-20 15:38:30,754{GMT}	INFO	[jepsen worker 0] jepsen.util: 0	:invoke	:broadcast	77
2026-03-20 15:38:30,755{GMT}	INFO	[jepsen worker 0] jepsen.util: 0	:ok	:broadcast	77
2026-03-20 15:38:30,929{GMT}	INFO	[jepsen worker 1] jepsen.util: 1	:invoke	:broadcast	78
2026-03-20 15:38:30,931{GMT}	INFO	[jepsen worker 1] jepsen.util: 1	:ok	:broadcast	78
2026-03-20 15:38:30,979{GMT}	INFO	[jepsen worker 2] jepsen.util: 2	:invoke	:read	nil
2026-03-20 15:38:30,981{GMT}	INFO	[jepsen worker 2] jepsen.util: 2	:ok	:read	[1 6 9 11 15 28 36 46 51 55 59 60 61 62 63 64 65 66 67 68 69 70 71 72 73 74 75 76 77 78]
2026-03-20 15:38:31,142{GMT}	INFO	[jepsen worker 3] jepsen.util: 3	:invoke	:broadcast	79
2026-03-20 15:38:31,143{GMT}	INFO	[jepsen worker 3] jepsen.util: 3	:ok	:broadcast	79
2026-03-20 15:38:31,283{GMT}	INFO	[jepsen worker 4] jepsen.util: 4	:invoke	:broadcast	80
2026-03-20 15:38:31,289{GMT}	INFO	[jepsen worker 4] jepsen.util: 4	:ok	:broadcast	80
2026-03-20 15:38:31,340{GMT}	INFO	[jepsen worker 0] jepsen.util: 0	:invoke	:broadcast	81
2026-03-20 15:38:31,347{GMT}	INFO	[jepsen worker 0] jepsen.util: 0	:ok	:broadcast	81
2026-03-20 15:38:31,408{GMT}	INFO	[jepsen worker 0] jepsen.util: 0	:invoke	:read	nil
2026-03-20 15:38:31,409{GMT}	INFO	[jepsen worker 0] jepsen.util: 0	:ok	:read	[0 2 3 4 7 10 12 13 16 17 18 20 21 22 23 24 25 26 29 30 31 32 34 35 37 38 40 41 42 43 44 47 48 49 52 53 56 57 58 59 60 61 62 63 64 65 66 67 68 69 70 71 72 73 74 75 76 77 78 79 80 81]
2026-03-20 15:38:31,517{GMT}	INFO	[jepsen worker 1] jepsen.util: 1	:invoke	:broadcast	82
2026-03-20 15:38:31,518{GMT}	INFO	[jepsen worker 1] jepsen.util: 1	:ok	:broadcast	82
2026-03-20 15:38:31,575{GMT}	INFO	[jepsen worker 2] jepsen.util: 2	:invoke	:broadcast	83
2026-03-20 15:38:31,577{GMT}	INFO	[jepsen worker 2] jepsen.util: 2	:ok	:broadcast	83
2026-03-20 15:38:31,706{GMT}	INFO	[jepsen worker 3] jepsen.util: 3	:invoke	:broadcast	84
2026-03-20 15:38:31,708{GMT}	INFO	[jepsen worker 3] jepsen.util: 3	:ok	:broadcast	84
2026-03-20 15:38:31,777{GMT}	INFO	[jepsen worker 4] jepsen.util: 4	:invoke	:read	nil
2026-03-20 15:38:31,778{GMT}	INFO	[jepsen worker 4] jepsen.util: 4	:ok	:read	[0 2 3 4 7 10 12 13 16 17 18 20 21 22 23 24 25 26 29 30 31 32 34 35 37 38 40 41 42 43 44 47 48 49 52 53 56 57 58 59 60 61 62 63 64 65 66 67 67 68 69 70 71 72 73 74 75 76 77 78 79 80 81 82 83 84]
2026-03-20 15:38:31,899{GMT}	INFO	[jepsen worker 0] jepsen.util: 0	:invoke	:read	nil
2026-03-20 15:38:31,901{GMT}	INFO	[jepsen worker 0] jepsen.util: 0	:ok	:read	[0 2 3 4 7 10 12 13 16 17 18 20 21 22 23 24 25 26 29 30 31 32 34 35 37 38 40 41 42 43 44 47 48 49 52 53 56 57 58 59 60 61 62 63 64 65 66 67 68 69 70 71 72 73 74 75 76 77 78 79 80 81 82 83 84]
2026-03-20 15:38:32,069{GMT}	INFO	[jepsen worker 0] jepsen.util: 0	:invoke	:broadcast	85
2026-03-20 15:38:32,070{GMT}	INFO	[jepsen worker 0] jepsen.util: 0	:ok	:broadcast	85
2026-03-20 15:38:32,133{GMT}	INFO	[jepsen worker 1] jepsen.util: 1	:invoke	:read	nil
2026-03-20 15:38:32,135{GMT}	INFO	[jepsen worker 1] jepsen.util: 1	:ok	:read	[5 8 14 19 27 33 39 45 50 54 59 60 61 62 63 64 65 66 67 68 69 70 71 72 73 74 75 76 77 78 79 80 81 82 83 84 85]
2026-03-20 15:38:32,313{GMT}	INFO	[jepsen worker 2] jepsen.util: 2	:invoke	:read	nil
2026-03-20 15:38:32,314{GMT}	INFO	[jepsen worker 2] jepsen.util: 2	:ok	:read	[1 6 9 11 15 28 36 46 51 55 59 60 61 62 63 64 65 66 67 68 69 70 71 72 73 74 75 76 77 78 79 80 81 82 83 84 85]
2026-03-20 15:38:32,500{GMT}	INFO	[jepsen worker 3] jepsen.util: 3	:invoke	:broadcast	86
2026-03-20 15:38:32,501{GMT}	INFO	[jepsen worker 3] jepsen.util: 3	:ok	:broadcast	86
2026-03-20 15:38:32,671{GMT}	INFO	[jepsen worker 4] jepsen.util: 4	:invoke	:broadcast	87
2026-03-20 15:38:32,673{GMT}	INFO	[jepsen worker 4] jepsen.util: 4	:ok	:broadcast	87
2026-03-20 15:38:32,813{GMT}	INFO	[jepsen worker 0] jepsen.util: 0	:invoke	:read	nil
2026-03-20 15:38:32,814{GMT}	INFO	[jepsen worker 0] jepsen.util: 0	:ok	:read	[0 2 3 4 7 10 12 13 16 17 18 20 21 22 23 24 25 26 29 30 31 32 34 35 37 38 40 41 42 43 44 47 48 49 52 53 56 57 58 59 60 61 62 63 64 65 66 67 68 69 70 71 72 73 74 75 76 77 78 79 80 81 82 83 84 85 86 87]
2026-03-20 15:38:33,008{GMT}	INFO	[jepsen worker 0] jepsen.util: 0	:invoke	:broadcast	88
2026-03-20 15:38:33,010{GMT}	INFO	[jepsen worker 0] jepsen.util: 0	:ok	:broadcast	88
2026-03-20 15:38:33,074{GMT}	INFO	[jepsen worker 1] jepsen.util: 1	:invoke	:read	nil
2026-03-20 15:38:33,075{GMT}	INFO	[jepsen worker 1] jepsen.util: 1	:ok	:read	[5 8 14 19 27 33 39 45 50 54 59 60 61 62 63 64 65 66 67 68 69 70 71 72 73 74 75 76 77 78 79 80 81 82 83 84 85 86 87 88]
2026-03-20 15:38:33,208{GMT}	INFO	[jepsen worker 2] jepsen.util: 2	:invoke	:broadcast	89
2026-03-20 15:38:33,209{GMT}	INFO	[jepsen worker 2] jepsen.util: 2	:ok	:broadcast	89
2026-03-20 15:38:33,209{GMT}	INFO	[jepsen worker nemesis] jepsen.util: :nemesis	:info	:stop-partition	nil
2026-03-20 15:38:33,210{GMT}	INFO	[jepsen worker nemesis] jepsen.util: :nemesis	:info	:stop-partition	:network-healed
2026-03-20 15:38:33,210{GMT}	INFO	[jepsen worker 4] jepsen.generator.interpreter: Waiting for recovery...
2026-03-20 15:38:43,213{GMT}	INFO	[jepsen worker 1] jepsen.util: 1	:invoke	:read	nil
2026-03-20 15:38:43,213{GMT}	INFO	[jepsen worker 4] jepsen.util: 4	:invoke	:read	nil
2026-03-20 15:38:43,213{GMT}	INFO	[jepsen worker 2] jepsen.util: 2	:invoke	:read	nil
2026-03-20 15:38:43,213{GMT}	INFO	[jepsen worker 3] jepsen.util: 3	:invoke	:read	nil
2026-03-20 15:38:43,213{GMT}	INFO	[jepsen worker 0] jepsen.util: 0	:invoke	:read	nil
2026-03-20 15:38:43,215{GMT}	INFO	[jepsen worker 1] jepsen.util: 1	:ok	:read	[5 8 14 19 27 33 39 45 50 54 59 60 61 62 63 64 65 66 67 68 69 70 71 72 73 74 75 76 77 78 79 80 81 82 83 84 85 86 87 88 89]
2026-03-20 15:38:43,215{GMT}	INFO	[jepsen worker 2] jepsen.util: 2	:ok	:read	[1 6 9 11 15 28 36 46 51 55 59 60 61 62 63 64 65 66 67 68 69 70 71 72 73 74 75 76 77 78 79 80 81 82 83 84 85 86 87 88 89]
2026-03-20 15:38:43,215{GMT}	INFO	[jepsen worker 3] jepsen.util: 3	:ok	:read	[0 2 3 4 7 10 12 13 16 17 18 20 21 22 23 24 25 26 29 30 31 32 34 35 37 38 40 41 42 43 44 47 48 49 52 53 56 57 58 59 59 60 61 62 63 64 65 66 67 68 69 70 71 72 73 74 75 76 77 78 79 80 81 82 83 83 84 85 86 87 88 89]
2026-03-20 15:38:43,215{GMT}	INFO	[jepsen worker 0] jepsen.util: 0	:ok	:read	[0 2 3 4 7 10 12 13 16 17 18 20 21 22 23 24 25 26 29 30 31 32 34 35 37 38 40 41 42 43 44 47 48 49 52 53 56 57 58 59 60 61 62 63 64 65 66 67 68 69 70 71 72 73 74 75 76 77 78 79 80 81 82 83 84 85 86 87 88 89]
2026-03-20 15:38:43,215{GMT}	INFO	[jepsen worker 4] jepsen.util: 4	:ok	:read	[0 2 3 4 7 10 12 13 16 17 18 20 21 22 23 24 25 26 29 30 31 32 34 35 37 38 40 41 42 43 44 47 48 49 52 53 56 57 58 59 60 61 62 63 64 65 66 67 67 68 69 70 71 72 73 74 75 76 77 78 79 80 81 82 83 84 85 86 87 88 89]
2026-03-20 15:38:43,231{GMT}	INFO	[jepsen test runner] jepsen.core: Run complete, writing
2026-03-20 15:38:43,281{GMT}	INFO	[jepsen node n3] maelstrom.db: Tearing down n3
2026-03-20 15:38:43,281{GMT}	INFO	[jepsen node n1] maelstrom.db: Tearing down n1
2026-03-20 15:38:43,281{GMT}	INFO	[jepsen node n2] maelstrom.db: Tearing down n2
2026-03-20 15:38:43,282{GMT}	INFO	[jepsen node n4] maelstrom.db: Tearing down n4
2026-03-20 15:38:43,283{GMT}	INFO	[jepsen node n0] maelstrom.db: Tearing down n0
2026-03-20 15:38:45,051{GMT}	INFO	[jepsen node n0] maelstrom.net: Shutting down Maelstrom network
2026-03-20 15:38:45,052{GMT}	INFO	[jepsen test runner] jepsen.core: Analyzing...
2026-03-20 15:38:45,299{GMT}	INFO	[jepsen test runner] jepsen.core: Analysis complete
2026-03-20 15:38:45,333{GMT}	INFO	[jepsen results] jepsen.store: Wrote /home/banna/Documents/maelstrom-java/store/broadcast/20260320T153811.336Z/results.edn
2026-03-20 15:38:45,358{GMT}	INFO	[jepsen test runner] jepsen.core: {:perf {:latency-graph {:valid? true},
        :rate-graph {:valid? true},
        :valid? true},
 :timeline {:valid? true},
 :exceptions {:valid? true},
 :stats {:valid? true,
         :count 180,
         :ok-count 180,
         :fail-count 0,
         :info-count 0,
         :by-f {:broadcast {:valid? true,
                            :count 90,
                            :ok-count 90,
                            :fail-count 0,
                            :info-count 0},
                :read {:valid? true,
                       :count 90,
                       :ok-count 90,
                       :fail-count 0,
                       :info-count 0}}},
 :availability {:valid? true, :ok-fraction 1.0},
 :net {:all {:send-count 970,
             :recv-count 852,
             :msg-count 970,
             :msgs-per-op 5.388889},
       :clients {:send-count 380, :recv-count 380, :msg-count 380},
       :servers {:send-count 590,
                 :recv-count 472,
                 :msg-count 590,
                 :msgs-per-op 3.2777777},
       :valid? true},
 :workload {:worst-stale ({:element 0,
                           :outcome :stable,
                           :stable-latency 29880,
                           :lost-latency nil,
                           :known #jepsen.history.Op{:index 3,
                                                     :time 62763402,
                                                     :type :ok,
                                                     :process 0,
                                                     :f :add,
                                                     :value 0},
                           :last-absent #jepsen.history.Op{:index 358,
                                                           :time 29943500985,
                                                           :type :invoke,
                                                           :process 2,
                                                           :f :read,
                                                           :value nil,
                                                           :final? true}}
                          {:element 2,
                           :outcome :stable,
                           :stable-latency 29600,
                           :lost-latency nil,
                           :known #jepsen.history.Op{:index 7,
                                                     :time 343091842,
                                                     :type :ok,
                                                     :process 3,
                                                     :f :add,
                                                     :value 2},
                           :last-absent #jepsen.history.Op{:index 358,
                                                           :time 29943500985,
                                                           :type :invoke,
                                                           :process 2,
                                                           :f :read,
                                                           :value nil,
                                                           :final? true}}
                          {:element 3,
                           :outcome :stable,
                           :stable-latency 29361,
                           :lost-latency nil,
                           :known #jepsen.history.Op{:index 11,
                                                     :time 581903855,
                                                     :type :ok,
                                                     :process 0,
                                                     :f :add,
                                                     :value 3},
                           :last-absent #jepsen.history.Op{:index 358,
                                                           :time 29943500985,
                                                           :type :invoke,
                                                           :process 2,
                                                           :f :read,
                                                           :value nil,
                                                           :final? true}}
                          {:element 4,
                           :outcome :stable,
                           :stable-latency 29240,
                           :lost-latency nil,
                           :known #jepsen.history.Op{:index 13,
                                                     :time 703080177,
                                                     :type :ok,
                                                     :process 0,
                                                     :f :add,
                                                     :value 4},
                           :last-absent #jepsen.history.Op{:index 358,
                                                           :time 29943500985,
                                                           :type :invoke,
                                                           :process 2,
                                                           :f :read,
                                                           :value nil,
                                                           :final? true}}
                          {:element 7,
                           :outcome :stable,
                           :stable-latency 28809,
                           :lost-latency nil,
                           :known #jepsen.history.Op{:index 23,
                                                     :time 1134316207,
                                                     :type :ok,
                                                     :process 0,
                                                     :f :add,
                                                     :value 7},
                           :last-absent #jepsen.history.Op{:index 358,
                                                           :time 29943500985,
                                                           :type :invoke,
                                                           :process 2,
                                                           :f :read,
                                                           :value nil,
                                                           :final? true}}
                          {:element 10,
                           :outcome :stable,
                           :stable-latency 28138,
                           :lost-latency nil,
                           :known #jepsen.history.Op{:index 33,
                                                     :time 1804678457,
                                                     :type :ok,
                                                     :process 4,
                                                     :f :add,
                                                     :value 10},
                           :last-absent #jepsen.history.Op{:index 358,
                                                           :time 29943500985,
                                                           :type :invoke,
                                                           :process 2,
                                                           :f :read,
                                                           :value nil,
                                                           :final? true}}
                          {:element 12,
                           :outcome :stable,
                           :stable-latency 27397,
                           :lost-latency nil,
                           :known #jepsen.history.Op{:index 43,
                                                     :time 2546295873,
                                                     :type :ok,
                                                     :process 3,
                                                     :f :add,
                                                     :value 12},
                           :last-absent #jepsen.history.Op{:index 358,
                                                           :time 29943500985,
                                                           :type :invoke,
                                                           :process 2,
                                                           :f :read,
                                                           :value nil,
                                                           :final? true}}
                          {:element 13,
                           :outcome :stable,
                           :stable-latency 26945,
                           :lost-latency nil,
                           :known #jepsen.history.Op{:index 49,
                                                     :time 2997750613,
                                                     :type :ok,
                                                     :process 0,
                                                     :f :add,
                                                     :value 13},
                           :last-absent #jepsen.history.Op{:index 358,
                                                           :time 29943500985,
                                                           :type :invoke,
                                                           :process 2,
                                                           :f :read,
                                                           :value nil,
                                                           :final? true}}),
            :duplicated-count 0,
            :valid? false,
            :lost-count 20,
            :lost (1
                   5
                   6
                   8
                   9
                   11
                   14
                   15
                   19
                   27
                   28
                   33
                   36
                   39
                   45
                   46
                   50
                   51
                   54
                   55),
            :stable-count 70,
            :stale-count 39,
            :stale (0
                    2
                    3
                    4
                    7
                    10
                    12
                    13
                    16
                    17
                    18
                    20
                    21
                    22
                    23
                    24
                    25
                    26
                    29
                    30
                    31
                    32
                    34
                    35
                    37
                    38
                    40
                    41
                    42
                    43
                    44
                    47
                    48
                    49
                    52
                    53
                    56
                    57
                    58),
            :never-read-count 0,
            :stable-latencies {0 0,
                               0.5 19716,
                               0.95 29240,
                               0.99 29880,
                               1 29880},
            :attempt-count 90,
            :lost-latencies {0 18842,
                             0.5 23385,
                             0.95 29754,
                             0.99 29754,
                             1 29754},
            :never-read (),
            :duplicated {}},
 :valid? false}


Analysis invalid! (ﾉಥ益ಥ）ﾉ ┻━┻
