2026-03-20 15:36:47,805{GMT}	INFO	[jepsen test runner] jepsen.core: Command line:
lein run test -w broadcast --bin run.sh broadcast --node-count 5 --time-limit 20 --rate 10 --nemesis partition
2026-03-20 15:36:47,971{GMT}	INFO	[jepsen test runner] jepsen.core: Running test:
{:args ["broadcast"]
 :remote
 #jepsen.control.retry.Remote{:remote #jepsen.control.scp.Remote{:cmd-remote #jepsen.control.sshj.SSHJRemote{:concurrency-limit 6,
                                                                                                             :conn-spec nil,
                                                                                                             :client nil,
                                                                                                             :semaphore nil},
                                                                 :conn-spec nil},
                              :conn nil}
 :log-net-send false
 :node-count 5
 :availability nil
 :max-txn-length 4
 :concurrency 5
 :db
 #object[maelstrom.db$db$reify__16142
         "0x3619ecd"
         "maelstrom.db$db$reify__16142@3619ecd"]
 :max-writes-per-key 16
 :leave-db-running? false
 :name "broadcast"
 :logging-json? false
 :start-time
 #object[org.joda.time.DateTime "0x7de4bd8f" "2026-03-20T15:36:47.759Z"]
 :nemesis-interval 10
 :net
 #object[maelstrom.net$jepsen_net$reify__15251
         "0x193e65d5"
         "maelstrom.net$jepsen_net$reify__15251@193e65d5"]
 :client
 #object[maelstrom.workload.broadcast$client$reify__16644
         "0x2a97b4b8"
         "maelstrom.workload.broadcast$client$reify__16644@2a97b4b8"]
 :barrier
 #object[java.util.concurrent.CyclicBarrier
         "0x250fc0d1"
         "java.util.concurrent.CyclicBarrier@250fc0d1"]
 :log-stderr false
 :pure-generators true
 :ssh {:dummy? true}
 :rate 10.0
 :checker
 #object[jepsen.checker$compose$reify__11881
         "0x7ddf193a"
         "jepsen.checker$compose$reify__11881@7ddf193a"]
 :argv
 ("test"
  "-w"
  "broadcast"
  "--bin"
  "run.sh"
  "broadcast"
  "--node-count"
  "5"
  "--time-limit"
  "20"
  "--rate"
  "10"
  "--nemesis"
  "partition")
 :nemesis
 (jepsen.nemesis.ReflCompose
  {:fm {:start-partition 0,
        :stop-partition 0,
        :kill 1,
        :start 1,
        :pause 1,
        :resume 1},
   :nemeses [#unprintable "jepsen.nemesis.combined$partition_nemesis$reify__16416@17a5cb99"
             #unprintable "jepsen.nemesis.combined$db_nemesis$reify__16397@808fa1"]})
 :nodes ["n0" "n1" "n2" "n3" "n4"]
 :test-count 1
 :latency {:mean 0, :dist :constant}
 :bin "run.sh"
 :generator
 ((jepsen.generator.Synchronize
   {:gen (jepsen.generator.TimeLimit
          {:limit 20000000000,
           :cutoff nil,
           :gen (jepsen.generator.Any
                 {:gens [(jepsen.generator.OnThreads
                          {:f #{:nemesis},
                           :context-filter #object[jepsen.generator.context$make_thread_filter$lazy_filter__9167
                                                   "0x7545cb17"
                                                   "jepsen.generator.context$make_thread_filter$lazy_filter__9167@7545cb17"],
                           :gen (jepsen.generator.Stagger
                                 {:dt 20000000000,
                                  :next-time nil,
                                  :gen (jepsen.generator.FlipFlop
                                        {:gens [#object[jepsen.nemesis.combined$partition_package$start__16420
                                                        "0x635b3ec7"
                                                        "jepsen.nemesis.combined$partition_package$start__16420@635b3ec7"]
                                                ({:type :info,
                                                  :f :stop-partition,
                                                  :value nil}
                                                 {:type :info,
                                                  :f :stop-partition,
                                                  :value nil}
                                                 {:type :info,
                                                  :f :stop-partition,
                                                  :value nil}
                                                 {:type :info,
                                                  :f :stop-partition,
                                                  :value nil}
                                                 {:type :info,
                                                  :f :stop-partition,
                                                  :value nil}
                                                 {:type :info,
                                                  :f :stop-partition,
                                                  :value nil}
                                                 {:type :info,
                                                  :f :stop-partition,
                                                  :value nil}
                                                 {:type :info,
                                                  :f :stop-partition,
                                                  :value nil}
                                                 ...)],
                                         :i 0})})})
                         (jepsen.generator.OnThreads
                          {:f #jepsen.generator.context.AllBut{:element :nemesis},
                           :context-filter #object[jepsen.generator.context$make_thread_filter$lazy_filter__9167
                                                   "0x15aa3084"
                                                   "jepsen.generator.context$make_thread_filter$lazy_filter__9167@15aa3084"],
                           :gen (jepsen.generator.Stagger
                                 {:dt 200000000,
                                  :next-time nil,
                                  :gen (jepsen.generator.Mix
                                        {:i 1,
                                         :gens [({:f :broadcast, :value 0}
                                                 {:f :broadcast, :value 1}
                                                 {:f :broadcast, :value 2}
                                                 {:f :broadcast, :value 3}
                                                 {:f :broadcast, :value 4}
                                                 {:f :broadcast, :value 5}
                                                 {:f :broadcast, :value 6}
                                                 {:f :broadcast, :value 7}
                                                 ...)
                                                ({:f :read}
                                                 {:f :read}
                                                 {:f :read}
                                                 {:f :read}
                                                 {:f :read}
                                                 {:f :read}
                                                 {:f :read}
                                                 {:f :read}
                                                 ...)]})})})]})})})
  (jepsen.generator.Synchronize
   {:gen (jepsen.generator.OnThreads
          {:f #{:nemesis},
           :context-filter #object[jepsen.generator.context$make_thread_filter$lazy_filter__9167
                                   "0x4e6c4c55"
                                   "jepsen.generator.context$make_thread_filter$lazy_filter__9167@4e6c4c55"],
           :gen ({:type :info, :f :stop-partition, :value nil})})})
  (jepsen.generator.Synchronize
   {:gen {:type :log, :value "Waiting for recovery..."}})
  (jepsen.generator.Synchronize {:gen {:type :sleep, :value 10}})
  (jepsen.generator.Synchronize
   {:gen (jepsen.generator.OnThreads
          {:f #jepsen.generator.context.AllBut{:element :nemesis},
           :context-filter #object[jepsen.generator.context$make_thread_filter$lazy_filter__9167
                                   "0x74fbee59"
                                   "jepsen.generator.context$make_thread_filter$lazy_filter__9167@74fbee59"],
           :gen (jepsen.generator.EachThread
                 {:fresh-gen {:f :read, :final? true},
                  :context-filters #object[clojure.core$promise$reify__8591
                                           "0x3794621d"
                                           {:status :pending, :val nil}],
                  :gens {}})})}))
 :log-net-recv false
 :os
 #object[maelstrom.net$jepsen_os$reify__15254
         "0x737e4a7b"
         "maelstrom.net$jepsen_os$reify__15254@737e4a7b"]
 :time-limit 20
 :workload :broadcast
 :consistency-models [:strict-serializable]
 :topology :grid}

2026-03-20 15:36:49,356{GMT}	INFO	[jepsen node n0] maelstrom.net: Starting Maelstrom network
2026-03-20 15:36:49,357{GMT}	INFO	[jepsen test runner] jepsen.db: Tearing down DB
2026-03-20 15:36:49,362{GMT}	INFO	[jepsen test runner] jepsen.db: Setting up DB
2026-03-20 15:36:49,363{GMT}	INFO	[jepsen node n2] maelstrom.db: Setting up n2
2026-03-20 15:36:49,363{GMT}	INFO	[jepsen node n3] maelstrom.db: Setting up n3
2026-03-20 15:36:49,363{GMT}	INFO	[jepsen node n1] maelstrom.db: Setting up n1
2026-03-20 15:36:49,363{GMT}	INFO	[jepsen node n4] maelstrom.db: Setting up n4
2026-03-20 15:36:49,364{GMT}	INFO	[jepsen node n4] maelstrom.process: launching run.sh ["broadcast"]
2026-03-20 15:36:49,364{GMT}	INFO	[jepsen node n2] maelstrom.process: launching run.sh ["broadcast"]
2026-03-20 15:36:49,365{GMT}	INFO	[jepsen node n1] maelstrom.process: launching run.sh ["broadcast"]
2026-03-20 15:36:49,364{GMT}	INFO	[jepsen node n3] maelstrom.process: launching run.sh ["broadcast"]
2026-03-20 15:36:49,366{GMT}	INFO	[jepsen node n0] maelstrom.service: Starting services: (lin-kv lin-tso lww-kv seq-kv)
2026-03-20 15:36:49,368{GMT}	INFO	[jepsen node n0] maelstrom.db: Setting up n0
2026-03-20 15:36:49,369{GMT}	INFO	[jepsen node n0] maelstrom.process: launching run.sh ["broadcast"]
2026-03-20 15:36:49,563{GMT}	INFO	[jepsen test runner] jepsen.core: Relative time begins now
2026-03-20 15:36:49,588{GMT}	INFO	[jepsen worker nemesis] jepsen.util: :nemesis	:info	:start-partition	:one
2026-03-20 15:36:49,588{GMT}	INFO	[jepsen worker 1] jepsen.util: 1	:invoke	:read	nil
2026-03-20 15:36:49,596{GMT}	INFO	[jepsen worker 1] jepsen.util: 1	:ok	:read	[]
2026-03-20 15:36:49,598{GMT}	INFO	[jepsen worker nemesis] jepsen.util: :nemesis	:info	:start-partition	[:isolated {"n0" #{"n2" "n1" "n4" "n3"}, "n2" #{"n0"}, "n1" #{"n0"}, "n4" #{"n0"}, "n3" #{"n0"}}]
2026-03-20 15:36:49,733{GMT}	INFO	[jepsen worker 2] jepsen.util: 2	:invoke	:broadcast	0
2026-03-20 15:36:49,739{GMT}	INFO	[jepsen worker 2] jepsen.util: 2	:ok	:broadcast	0
2026-03-20 15:36:49,901{GMT}	INFO	[jepsen worker 3] jepsen.util: 3	:invoke	:broadcast	1
2026-03-20 15:36:49,905{GMT}	INFO	[jepsen worker 3] jepsen.util: 3	:ok	:broadcast	1
2026-03-20 15:36:50,033{GMT}	INFO	[jepsen worker 4] jepsen.util: 4	:invoke	:broadcast	2
2026-03-20 15:36:50,036{GMT}	INFO	[jepsen worker 4] jepsen.util: 4	:ok	:broadcast	2
2026-03-20 15:36:50,168{GMT}	INFO	[jepsen worker 0] jepsen.util: 0	:invoke	:read	nil
2026-03-20 15:36:50,172{GMT}	INFO	[jepsen worker 0] jepsen.util: 0	:ok	:read	[]
2026-03-20 15:36:50,316{GMT}	INFO	[jepsen worker 0] jepsen.util: 0	:invoke	:broadcast	3
2026-03-20 15:36:50,319{GMT}	INFO	[jepsen worker 0] jepsen.util: 0	:ok	:broadcast	3
2026-03-20 15:36:50,407{GMT}	INFO	[jepsen worker 1] jepsen.util: 1	:invoke	:read	nil
2026-03-20 15:36:50,409{GMT}	INFO	[jepsen worker 1] jepsen.util: 1	:ok	:read	[0 1 2]
2026-03-20 15:36:50,546{GMT}	INFO	[jepsen worker 2] jepsen.util: 2	:invoke	:read	nil
2026-03-20 15:36:50,550{GMT}	INFO	[jepsen worker 2] jepsen.util: 2	:ok	:read	[0 1 2]
2026-03-20 15:36:50,714{GMT}	INFO	[jepsen worker 3] jepsen.util: 3	:invoke	:broadcast	4
2026-03-20 15:36:50,717{GMT}	INFO	[jepsen worker 3] jepsen.util: 3	:ok	:broadcast	4
2026-03-20 15:36:50,783{GMT}	INFO	[jepsen worker 4] jepsen.util: 4	:invoke	:read	nil
2026-03-20 15:36:50,787{GMT}	INFO	[jepsen worker 4] jepsen.util: 4	:ok	:read	[0 1 2 4]
2026-03-20 15:36:50,887{GMT}	INFO	[jepsen worker 0] jepsen.util: 0	:invoke	:broadcast	5
2026-03-20 15:36:50,890{GMT}	INFO	[jepsen worker 0] jepsen.util: 0	:ok	:broadcast	5
2026-03-20 15:36:51,071{GMT}	INFO	[jepsen worker 0] jepsen.util: 0	:invoke	:read	nil
2026-03-20 15:36:51,074{GMT}	INFO	[jepsen worker 0] jepsen.util: 0	:ok	:read	[3 5]
2026-03-20 15:36:51,121{GMT}	INFO	[jepsen worker 1] jepsen.util: 1	:invoke	:read	nil
2026-03-20 15:36:51,123{GMT}	INFO	[jepsen worker 1] jepsen.util: 1	:ok	:read	[0 1 2 4]
2026-03-20 15:36:51,230{GMT}	INFO	[jepsen worker 2] jepsen.util: 2	:invoke	:read	nil
2026-03-20 15:36:51,233{GMT}	INFO	[jepsen worker 2] jepsen.util: 2	:ok	:read	[0 1 2 4]
2026-03-20 15:36:51,357{GMT}	INFO	[jepsen worker nemesis] jepsen.util: :nemesis	:info	:stop-partition	nil
2026-03-20 15:36:51,357{GMT}	INFO	[jepsen worker nemesis] jepsen.util: :nemesis	:info	:stop-partition	:network-healed
2026-03-20 15:36:51,412{GMT}	INFO	[jepsen worker 4] jepsen.util: 4	:invoke	:read	nil
2026-03-20 15:36:51,414{GMT}	INFO	[jepsen worker 4] jepsen.util: 4	:ok	:read	[0 1 2 4]
2026-03-20 15:36:51,493{GMT}	INFO	[jepsen worker 0] jepsen.util: 0	:invoke	:broadcast	6
2026-03-20 15:36:51,496{GMT}	INFO	[jepsen worker 0] jepsen.util: 0	:ok	:broadcast	6
2026-03-20 15:36:51,640{GMT}	INFO	[jepsen worker 0] jepsen.util: 0	:invoke	:read	nil
2026-03-20 15:36:51,642{GMT}	INFO	[jepsen worker 0] jepsen.util: 0	:ok	:read	[3 5 6]
2026-03-20 15:36:51,735{GMT}	INFO	[jepsen worker 1] jepsen.util: 1	:invoke	:read	nil
2026-03-20 15:36:51,738{GMT}	INFO	[jepsen worker 1] jepsen.util: 1	:ok	:read	[0 1 2 4 6]
2026-03-20 15:36:51,923{GMT}	INFO	[jepsen worker 2] jepsen.util: 2	:invoke	:broadcast	7
2026-03-20 15:36:51,926{GMT}	INFO	[jepsen worker 2] jepsen.util: 2	:ok	:broadcast	7
2026-03-20 15:36:51,983{GMT}	INFO	[jepsen worker 3] jepsen.util: 3	:invoke	:read	nil
2026-03-20 15:36:51,986{GMT}	INFO	[jepsen worker 3] jepsen.util: 3	:ok	:read	[0 1 2 4 6 7]
2026-03-20 15:36:52,020{GMT}	INFO	[jepsen worker 4] jepsen.util: 4	:invoke	:read	nil
2026-03-20 15:36:52,022{GMT}	INFO	[jepsen worker 4] jepsen.util: 4	:ok	:read	[0 1 2 4 6 7]
2026-03-20 15:36:52,079{GMT}	INFO	[jepsen worker 0] jepsen.util: 0	:invoke	:broadcast	8
2026-03-20 15:36:52,082{GMT}	INFO	[jepsen worker 0] jepsen.util: 0	:ok	:broadcast	8
2026-03-20 15:36:52,173{GMT}	INFO	[jepsen worker 0] jepsen.util: 0	:invoke	:broadcast	9
2026-03-20 15:36:52,175{GMT}	INFO	[jepsen worker 0] jepsen.util: 0	:ok	:broadcast	9
2026-03-20 15:36:52,309{GMT}	INFO	[jepsen worker 1] jepsen.util: 1	:invoke	:read	nil
2026-03-20 15:36:52,312{GMT}	INFO	[jepsen worker 1] jepsen.util: 1	:ok	:read	[0 1 2 4 6 7 8 9]
2026-03-20 15:36:52,500{GMT}	INFO	[jepsen worker 2] jepsen.util: 2	:invoke	:broadcast	10
2026-03-20 15:36:52,502{GMT}	INFO	[jepsen worker 2] jepsen.util: 2	:ok	:broadcast	10
2026-03-20 15:36:52,559{GMT}	INFO	[jepsen worker 3] jepsen.util: 3	:invoke	:broadcast	11
2026-03-20 15:36:52,561{GMT}	INFO	[jepsen worker 3] jepsen.util: 3	:ok	:broadcast	11
2026-03-20 15:36:52,584{GMT}	INFO	[jepsen worker 4] jepsen.util: 4	:invoke	:broadcast	12
2026-03-20 15:36:52,587{GMT}	INFO	[jepsen worker 4] jepsen.util: 4	:ok	:broadcast	12
2026-03-20 15:36:52,704{GMT}	INFO	[jepsen worker 0] jepsen.util: 0	:invoke	:read	nil
2026-03-20 15:36:52,706{GMT}	INFO	[jepsen worker 0] jepsen.util: 0	:ok	:read	[3 5 6 7 8 9 10 11 12]
2026-03-20 15:36:52,796{GMT}	INFO	[jepsen worker 0] jepsen.util: 0	:invoke	:broadcast	13
2026-03-20 15:36:52,798{GMT}	INFO	[jepsen worker 1] jepsen.util: 1	:invoke	:broadcast	14
2026-03-20 15:36:52,799{GMT}	INFO	[jepsen worker 0] jepsen.util: 0	:ok	:broadcast	13
2026-03-20 15:36:52,802{GMT}	INFO	[jepsen worker 1] jepsen.util: 1	:ok	:broadcast	14
2026-03-20 15:36:52,865{GMT}	INFO	[jepsen worker 2] jepsen.util: 2	:invoke	:broadcast	15
2026-03-20 15:36:52,867{GMT}	INFO	[jepsen worker 2] jepsen.util: 2	:ok	:broadcast	15
2026-03-20 15:36:53,038{GMT}	INFO	[jepsen worker 3] jepsen.util: 3	:invoke	:broadcast	16
2026-03-20 15:36:53,040{GMT}	INFO	[jepsen worker 3] jepsen.util: 3	:ok	:broadcast	16
2026-03-20 15:36:53,153{GMT}	INFO	[jepsen worker 4] jepsen.util: 4	:invoke	:broadcast	17
2026-03-20 15:36:53,156{GMT}	INFO	[jepsen worker 4] jepsen.util: 4	:ok	:broadcast	17
2026-03-20 15:36:53,156{GMT}	INFO	[jepsen worker 0] jepsen.util: 0	:invoke	:read	nil
2026-03-20 15:36:53,160{GMT}	INFO	[jepsen worker 0] jepsen.util: 0	:ok	:read	[3 5 6 7 8 9 10 11 12 13 14 15 16 17]
2026-03-20 15:36:53,190{GMT}	INFO	[jepsen worker 0] jepsen.util: 0	:invoke	:broadcast	18
2026-03-20 15:36:53,193{GMT}	INFO	[jepsen worker 0] jepsen.util: 0	:ok	:broadcast	18
2026-03-20 15:36:53,237{GMT}	INFO	[jepsen worker 1] jepsen.util: 1	:invoke	:broadcast	19
2026-03-20 15:36:53,239{GMT}	INFO	[jepsen worker 1] jepsen.util: 1	:ok	:broadcast	19
2026-03-20 15:36:53,373{GMT}	INFO	[jepsen worker 2] jepsen.util: 2	:invoke	:read	nil
2026-03-20 15:36:53,375{GMT}	INFO	[jepsen worker 2] jepsen.util: 2	:ok	:read	[0 1 2 4 6 7 8 9 10 11 12 14 13 15 16 17 18 19]
2026-03-20 15:36:53,517{GMT}	INFO	[jepsen worker 3] jepsen.util: 3	:invoke	:broadcast	20
2026-03-20 15:36:53,519{GMT}	INFO	[jepsen worker 3] jepsen.util: 3	:ok	:broadcast	20
2026-03-20 15:36:53,631{GMT}	INFO	[jepsen worker 4] jepsen.util: 4	:invoke	:broadcast	21
2026-03-20 15:36:53,633{GMT}	INFO	[jepsen worker 4] jepsen.util: 4	:ok	:broadcast	21
2026-03-20 15:36:53,657{GMT}	INFO	[jepsen worker 0] jepsen.util: 0	:invoke	:read	nil
2026-03-20 15:36:53,659{GMT}	INFO	[jepsen worker 0] jepsen.util: 0	:ok	:read	[3 5 6 7 8 9 10 11 12 13 14 15 16 17 18 19 20 21]
2026-03-20 15:36:53,738{GMT}	INFO	[jepsen worker 0] jepsen.util: 0	:invoke	:read	nil
2026-03-20 15:36:53,740{GMT}	INFO	[jepsen worker 0] jepsen.util: 0	:ok	:read	[3 5 6 7 8 9 10 11 12 13 14 15 16 17 18 19 20 21]
2026-03-20 15:36:53,796{GMT}	INFO	[jepsen worker 1] jepsen.util: 1	:invoke	:broadcast	22
2026-03-20 15:36:53,798{GMT}	INFO	[jepsen worker 1] jepsen.util: 1	:ok	:broadcast	22
2026-03-20 15:36:53,987{GMT}	INFO	[jepsen worker 2] jepsen.util: 2	:invoke	:read	nil
2026-03-20 15:36:53,989{GMT}	INFO	[jepsen worker 2] jepsen.util: 2	:ok	:read	[0 1 2 4 6 7 8 9 10 11 12 14 13 15 16 17 18 19 20 21 22]
2026-03-20 15:36:54,069{GMT}	INFO	[jepsen worker 3] jepsen.util: 3	:invoke	:broadcast	23
2026-03-20 15:36:54,071{GMT}	INFO	[jepsen worker 3] jepsen.util: 3	:ok	:broadcast	23
2026-03-20 15:36:54,247{GMT}	INFO	[jepsen worker 4] jepsen.util: 4	:invoke	:broadcast	24
2026-03-20 15:36:54,250{GMT}	INFO	[jepsen worker 4] jepsen.util: 4	:ok	:broadcast	24
2026-03-20 15:36:54,440{GMT}	INFO	[jepsen worker 0] jepsen.util: 0	:invoke	:broadcast	25
2026-03-20 15:36:54,441{GMT}	INFO	[jepsen worker 0] jepsen.util: 0	:ok	:broadcast	25
2026-03-20 15:36:54,597{GMT}	INFO	[jepsen worker 0] jepsen.util: 0	:invoke	:broadcast	26
2026-03-20 15:36:54,599{GMT}	INFO	[jepsen worker 0] jepsen.util: 0	:ok	:broadcast	26
2026-03-20 15:36:54,730{GMT}	INFO	[jepsen worker 1] jepsen.util: 1	:invoke	:broadcast	27
2026-03-20 15:36:54,732{GMT}	INFO	[jepsen worker 1] jepsen.util: 1	:ok	:broadcast	27
2026-03-20 15:36:54,918{GMT}	INFO	[jepsen worker 2] jepsen.util: 2	:invoke	:broadcast	28
2026-03-20 15:36:54,919{GMT}	INFO	[jepsen worker 2] jepsen.util: 2	:ok	:broadcast	28
2026-03-20 15:36:55,053{GMT}	INFO	[jepsen worker 3] jepsen.util: 3	:invoke	:broadcast	29
2026-03-20 15:36:55,056{GMT}	INFO	[jepsen worker 3] jepsen.util: 3	:ok	:broadcast	29
2026-03-20 15:36:55,108{GMT}	INFO	[jepsen worker 4] jepsen.util: 4	:invoke	:broadcast	30
2026-03-20 15:36:55,110{GMT}	INFO	[jepsen worker 0] jepsen.util: 0	:invoke	:read	nil
2026-03-20 15:36:55,110{GMT}	INFO	[jepsen worker 4] jepsen.util: 4	:ok	:broadcast	30
2026-03-20 15:36:55,112{GMT}	INFO	[jepsen worker 0] jepsen.util: 0	:ok	:read	[3 5 6 7 8 9 10 11 12 13 14 15 16 17 18 19 20 21 22 23 24 25 26 27 28 29]
2026-03-20 15:36:55,227{GMT}	INFO	[jepsen worker 0] jepsen.util: 0	:invoke	:broadcast	31
2026-03-20 15:36:55,229{GMT}	INFO	[jepsen worker 0] jepsen.util: 0	:ok	:broadcast	31
2026-03-20 15:36:55,316{GMT}	INFO	[jepsen worker 1] jepsen.util: 1	:invoke	:read	nil
2026-03-20 15:36:55,318{GMT}	INFO	[jepsen worker 1] jepsen.util: 1	:ok	:read	[0 1 2 4 6 7 8 9 10 11 12 14 13 15 16 17 18 19 20 21 22 23 24 25 26 27 28 29 30 31]
2026-03-20 15:36:55,345{GMT}	INFO	[jepsen worker 2] jepsen.util: 2	:invoke	:read	nil
2026-03-20 15:36:55,347{GMT}	INFO	[jepsen worker 2] jepsen.util: 2	:ok	:read	[0 1 2 4 6 7 8 9 10 11 12 14 13 15 16 17 18 19 20 21 22 23 24 25 26 27 28 29 30 31]
2026-03-20 15:36:55,519{GMT}	INFO	[jepsen worker 3] jepsen.util: 3	:invoke	:read	nil
2026-03-20 15:36:55,521{GMT}	INFO	[jepsen worker 3] jepsen.util: 3	:ok	:read	[0 1 2 4 6 7 8 9 10 11 12 13 14 15 16 17 18 19 20 21 22 23 24 25 26 27 28 29 30 31]
2026-03-20 15:36:55,594{GMT}	INFO	[jepsen worker 4] jepsen.util: 4	:invoke	:read	nil
2026-03-20 15:36:55,596{GMT}	INFO	[jepsen worker 4] jepsen.util: 4	:ok	:read	[0 1 2 4 6 7 8 9 10 11 12 13 14 15 16 17 18 19 20 21 22 23 24 25 26 27 28 29 30 31]
2026-03-20 15:36:55,741{GMT}	INFO	[jepsen worker 0] jepsen.util: 0	:invoke	:broadcast	32
2026-03-20 15:36:55,742{GMT}	INFO	[jepsen worker 0] jepsen.util: 0	:ok	:broadcast	32
2026-03-20 15:36:55,832{GMT}	INFO	[jepsen worker 0] jepsen.util: 0	:invoke	:broadcast	33
2026-03-20 15:36:55,835{GMT}	INFO	[jepsen worker 0] jepsen.util: 0	:ok	:broadcast	33
2026-03-20 15:36:56,025{GMT}	INFO	[jepsen worker 1] jepsen.util: 1	:invoke	:broadcast	34
2026-03-20 15:36:56,028{GMT}	INFO	[jepsen worker 1] jepsen.util: 1	:ok	:broadcast	34
2026-03-20 15:36:56,123{GMT}	INFO	[jepsen worker 2] jepsen.util: 2	:invoke	:read	nil
2026-03-20 15:36:56,125{GMT}	INFO	[jepsen worker 2] jepsen.util: 2	:ok	:read	[0 1 2 4 6 7 8 9 10 11 12 14 13 15 16 17 18 19 20 21 22 23 24 25 26 27 28 29 30 31 32 33 34]
2026-03-20 15:36:56,163{GMT}	INFO	[jepsen worker 3] jepsen.util: 3	:invoke	:broadcast	35
2026-03-20 15:36:56,165{GMT}	INFO	[jepsen worker 3] jepsen.util: 3	:ok	:broadcast	35
2026-03-20 15:36:56,344{GMT}	INFO	[jepsen worker 4] jepsen.util: 4	:invoke	:broadcast	36
2026-03-20 15:36:56,346{GMT}	INFO	[jepsen worker 4] jepsen.util: 4	:ok	:broadcast	36
2026-03-20 15:36:56,404{GMT}	INFO	[jepsen worker 0] jepsen.util: 0	:invoke	:read	nil
2026-03-20 15:36:56,405{GMT}	INFO	[jepsen worker 0] jepsen.util: 0	:ok	:read	[3 5 6 7 8 9 10 11 12 13 14 15 16 17 18 19 20 21 22 23 24 25 26 27 28 29 30 31 32 33 34 35 36]
2026-03-20 15:36:56,424{GMT}	INFO	[jepsen worker 0] jepsen.util: 0	:invoke	:broadcast	37
2026-03-20 15:36:56,425{GMT}	INFO	[jepsen worker 0] jepsen.util: 0	:ok	:broadcast	37
2026-03-20 15:36:56,550{GMT}	INFO	[jepsen worker 1] jepsen.util: 1	:invoke	:broadcast	38
2026-03-20 15:36:56,552{GMT}	INFO	[jepsen worker 1] jepsen.util: 1	:ok	:broadcast	38
2026-03-20 15:36:56,596{GMT}	INFO	[jepsen worker 2] jepsen.util: 2	:invoke	:broadcast	39
2026-03-20 15:36:56,598{GMT}	INFO	[jepsen worker 2] jepsen.util: 2	:ok	:broadcast	39
2026-03-20 15:36:56,753{GMT}	INFO	[jepsen worker 3] jepsen.util: 3	:invoke	:read	nil
2026-03-20 15:36:56,755{GMT}	INFO	[jepsen worker 3] jepsen.util: 3	:ok	:read	[0 1 2 4 6 7 8 9 10 11 12 13 14 15 16 17 18 19 20 21 22 23 24 25 26 27 28 29 30 31 32 33 34 35 36 37 38 39]
2026-03-20 15:36:56,884{GMT}	INFO	[jepsen worker 4] jepsen.util: 4	:invoke	:read	nil
2026-03-20 15:36:56,885{GMT}	INFO	[jepsen worker 4] jepsen.util: 4	:ok	:read	[0 1 2 4 6 7 8 9 10 11 12 13 14 15 16 17 18 19 20 21 22 23 24 25 26 27 28 29 30 31 32 33 34 35 36 37 38 39]
2026-03-20 15:36:56,962{GMT}	INFO	[jepsen worker 0] jepsen.util: 0	:invoke	:read	nil
2026-03-20 15:36:56,963{GMT}	INFO	[jepsen worker 0] jepsen.util: 0	:ok	:read	[3 5 6 7 8 9 10 11 12 13 14 15 16 17 18 19 20 21 22 23 24 25 26 27 28 29 30 31 32 33 34 35 36 37 38 39]
2026-03-20 15:36:57,067{GMT}	INFO	[jepsen worker 0] jepsen.util: 0	:invoke	:read	nil
2026-03-20 15:36:57,069{GMT}	INFO	[jepsen worker 0] jepsen.util: 0	:ok	:read	[3 5 6 7 8 9 10 11 12 13 14 15 16 17 18 19 20 21 22 23 24 25 26 27 28 29 30 31 32 33 34 35 36 37 38 39]
2026-03-20 15:36:57,172{GMT}	INFO	[jepsen worker 1] jepsen.util: 1	:invoke	:read	nil
2026-03-20 15:36:57,174{GMT}	INFO	[jepsen worker 1] jepsen.util: 1	:ok	:read	[0 1 2 4 6 7 8 9 10 11 12 14 13 15 16 17 18 19 20 21 22 23 24 25 26 27 28 29 30 31 32 33 34 35 36 37 38 39]
2026-03-20 15:36:57,261{GMT}	INFO	[jepsen worker 2] jepsen.util: 2	:invoke	:broadcast	40
2026-03-20 15:36:57,263{GMT}	INFO	[jepsen worker 2] jepsen.util: 2	:ok	:broadcast	40
2026-03-20 15:36:57,384{GMT}	INFO	[jepsen worker 3] jepsen.util: 3	:invoke	:read	nil
2026-03-20 15:36:57,386{GMT}	INFO	[jepsen worker 3] jepsen.util: 3	:ok	:read	[0 1 2 4 6 7 8 9 10 11 12 13 14 15 16 17 18 19 20 21 22 23 24 25 26 27 28 29 30 31 32 33 34 35 36 37 38 39 40]
2026-03-20 15:36:57,399{GMT}	INFO	[jepsen worker 4] jepsen.util: 4	:invoke	:read	nil
2026-03-20 15:36:57,401{GMT}	INFO	[jepsen worker 4] jepsen.util: 4	:ok	:read	[0 1 2 4 6 7 8 9 10 11 12 13 14 15 16 17 18 19 20 21 22 23 24 25 26 27 28 29 30 31 32 33 34 35 36 37 38 39 40]
2026-03-20 15:36:57,446{GMT}	INFO	[jepsen worker 0] jepsen.util: 0	:invoke	:broadcast	41
2026-03-20 15:36:57,447{GMT}	INFO	[jepsen worker 0] jepsen.util: 0	:ok	:broadcast	41
2026-03-20 15:36:57,575{GMT}	INFO	[jepsen worker 0] jepsen.util: 0	:invoke	:read	nil
2026-03-20 15:36:57,577{GMT}	INFO	[jepsen worker 0] jepsen.util: 0	:ok	:read	[3 5 6 7 8 9 10 11 12 13 14 15 16 17 18 19 20 21 22 23 24 25 26 27 28 29 30 31 32 33 34 35 36 37 38 39 40 41]
2026-03-20 15:36:57,584{GMT}	INFO	[jepsen worker 1] jepsen.util: 1	:invoke	:read	nil
2026-03-20 15:36:57,586{GMT}	INFO	[jepsen worker 1] jepsen.util: 1	:ok	:read	[0 1 2 4 6 7 8 9 10 11 12 14 13 15 16 17 18 19 20 21 22 23 24 25 26 27 28 29 30 31 32 33 34 35 36 37 38 39 40 41]
2026-03-20 15:36:57,652{GMT}	INFO	[jepsen worker 2] jepsen.util: 2	:invoke	:broadcast	42
2026-03-20 15:36:57,653{GMT}	INFO	[jepsen worker 2] jepsen.util: 2	:ok	:broadcast	42
2026-03-20 15:36:57,694{GMT}	INFO	[jepsen worker nemesis] jepsen.util: :nemesis	:info	:start-partition	:one
2026-03-20 15:36:57,696{GMT}	INFO	[jepsen worker nemesis] jepsen.util: :nemesis	:info	:start-partition	[:isolated {"n4" #{"n2" "n1" "n0" "n3"}, "n2" #{"n4"}, "n1" #{"n4"}, "n0" #{"n4"}, "n3" #{"n4"}}]
2026-03-20 15:36:57,759{GMT}	INFO	[jepsen worker 4] jepsen.util: 4	:invoke	:broadcast	43
2026-03-20 15:36:57,760{GMT}	INFO	[jepsen worker 4] jepsen.util: 4	:ok	:broadcast	43
2026-03-20 15:36:57,776{GMT}	INFO	[jepsen worker 0] jepsen.util: 0	:invoke	:read	nil
2026-03-20 15:36:57,777{GMT}	INFO	[jepsen worker 0] jepsen.util: 0	:ok	:read	[3 5 6 7 8 9 10 11 12 13 14 15 16 17 18 19 20 21 22 23 24 25 26 27 28 29 30 31 32 33 34 35 36 37 38 39 40 41 42]
2026-03-20 15:36:57,817{GMT}	INFO	[jepsen worker 0] jepsen.util: 0	:invoke	:read	nil
2026-03-20 15:36:57,818{GMT}	INFO	[jepsen worker 0] jepsen.util: 0	:ok	:read	[3 5 6 7 8 9 10 11 12 13 14 15 16 17 18 19 20 21 22 23 24 25 26 27 28 29 30 31 32 33 34 35 36 37 38 39 40 41 42]
2026-03-20 15:36:57,907{GMT}	INFO	[jepsen worker 1] jepsen.util: 1	:invoke	:broadcast	44
2026-03-20 15:36:57,908{GMT}	INFO	[jepsen worker 1] jepsen.util: 1	:ok	:broadcast	44
2026-03-20 15:36:58,073{GMT}	INFO	[jepsen worker 2] jepsen.util: 2	:invoke	:broadcast	45
2026-03-20 15:36:58,074{GMT}	INFO	[jepsen worker 2] jepsen.util: 2	:ok	:broadcast	45
2026-03-20 15:36:58,229{GMT}	INFO	[jepsen worker 3] jepsen.util: 3	:invoke	:broadcast	46
2026-03-20 15:36:58,231{GMT}	INFO	[jepsen worker 3] jepsen.util: 3	:ok	:broadcast	46
2026-03-20 15:36:58,260{GMT}	INFO	[jepsen worker 4] jepsen.util: 4	:invoke	:read	nil
2026-03-20 15:36:58,262{GMT}	INFO	[jepsen worker 4] jepsen.util: 4	:ok	:read	[0 1 2 4 6 7 8 9 10 11 12 13 14 15 16 17 18 19 20 21 22 23 24 25 26 27 28 29 30 31 32 33 34 35 36 37 38 39 40 41 42 43]
2026-03-20 15:36:58,266{GMT}	INFO	[jepsen worker 0] jepsen.util: 0	:invoke	:read	nil
2026-03-20 15:36:58,267{GMT}	INFO	[jepsen worker 0] jepsen.util: 0	:ok	:read	[3 5 6 7 8 9 10 11 12 13 14 15 16 17 18 19 20 21 22 23 24 25 26 27 28 29 30 31 32 33 34 35 36 37 38 39 40 41 42 44 45 46]
2026-03-20 15:36:58,439{GMT}	INFO	[jepsen worker 0] jepsen.util: 0	:invoke	:broadcast	47
2026-03-20 15:36:58,441{GMT}	INFO	[jepsen worker 0] jepsen.util: 0	:ok	:broadcast	47
2026-03-20 15:36:58,561{GMT}	INFO	[jepsen worker 1] jepsen.util: 1	:invoke	:read	nil
2026-03-20 15:36:58,562{GMT}	INFO	[jepsen worker 1] jepsen.util: 1	:ok	:read	[0 1 2 4 6 7 8 9 10 11 12 14 13 15 16 17 18 19 20 21 22 23 24 25 26 27 28 29 30 31 32 33 34 35 36 37 38 39 40 41 42 44 45 46 47]
2026-03-20 15:36:58,744{GMT}	INFO	[jepsen worker 2] jepsen.util: 2	:invoke	:read	nil
2026-03-20 15:36:58,746{GMT}	INFO	[jepsen worker 2] jepsen.util: 2	:ok	:read	[0 1 2 4 6 7 8 9 10 11 12 14 13 15 16 17 18 19 20 21 22 23 24 25 26 27 28 29 30 31 32 33 34 35 36 37 38 39 40 41 42 44 45 46 47]
2026-03-20 15:36:58,748{GMT}	INFO	[jepsen worker 3] jepsen.util: 3	:invoke	:broadcast	48
2026-03-20 15:36:58,749{GMT}	INFO	[jepsen worker 3] jepsen.util: 3	:ok	:broadcast	48
2026-03-20 15:36:58,890{GMT}	INFO	[jepsen worker 4] jepsen.util: 4	:invoke	:read	nil
2026-03-20 15:36:58,891{GMT}	INFO	[jepsen worker 4] jepsen.util: 4	:ok	:read	[0 1 2 4 6 7 8 9 10 11 12 13 14 15 16 17 18 19 20 21 22 23 24 25 26 27 28 29 30 31 32 33 34 35 36 37 38 39 40 41 42 43]
2026-03-20 15:36:58,994{GMT}	INFO	[jepsen worker 0] jepsen.util: 0	:invoke	:broadcast	49
2026-03-20 15:36:58,996{GMT}	INFO	[jepsen worker 0] jepsen.util: 0	:ok	:broadcast	49
2026-03-20 15:36:59,053{GMT}	INFO	[jepsen worker 0] jepsen.util: 0	:invoke	:broadcast	50
2026-03-20 15:36:59,054{GMT}	INFO	[jepsen worker 0] jepsen.util: 0	:ok	:broadcast	50
2026-03-20 15:36:59,131{GMT}	INFO	[jepsen worker 1] jepsen.util: 1	:invoke	:broadcast	51
2026-03-20 15:36:59,132{GMT}	INFO	[jepsen worker 1] jepsen.util: 1	:ok	:broadcast	51
2026-03-20 15:36:59,255{GMT}	INFO	[jepsen worker 2] jepsen.util: 2	:invoke	:read	nil
2026-03-20 15:36:59,257{GMT}	INFO	[jepsen worker 2] jepsen.util: 2	:ok	:read	[0 1 2 4 6 7 8 9 10 11 12 14 13 15 16 17 18 19 20 21 22 23 24 25 26 27 28 29 30 31 32 33 34 35 36 37 38 39 40 41 42 44 45 46 47 48 49 50 51]
2026-03-20 15:36:59,336{GMT}	INFO	[jepsen worker 3] jepsen.util: 3	:invoke	:read	nil
2026-03-20 15:36:59,337{GMT}	INFO	[jepsen worker 3] jepsen.util: 3	:ok	:read	[0 1 2 4 6 7 8 9 10 11 12 13 14 15 16 17 18 19 20 21 22 23 24 25 26 27 28 29 30 31 32 33 34 35 36 37 38 39 40 41 42 44 45 46 47 48 49 50 51]
2026-03-20 15:36:59,367{GMT}	INFO	[jepsen worker 4] jepsen.util: 4	:invoke	:broadcast	52
2026-03-20 15:36:59,368{GMT}	INFO	[jepsen worker 0] jepsen.util: 0	:invoke	:broadcast	53
2026-03-20 15:36:59,368{GMT}	INFO	[jepsen worker 4] jepsen.util: 4	:ok	:broadcast	52
2026-03-20 15:36:59,369{GMT}	INFO	[jepsen worker 0] jepsen.util: 0	:ok	:broadcast	53
2026-03-20 15:36:59,486{GMT}	INFO	[jepsen worker 0] jepsen.util: 0	:invoke	:broadcast	54
2026-03-20 15:36:59,487{GMT}	INFO	[jepsen worker 0] jepsen.util: 0	:ok	:broadcast	54
2026-03-20 15:36:59,632{GMT}	INFO	[jepsen worker 1] jepsen.util: 1	:invoke	:read	nil
2026-03-20 15:36:59,633{GMT}	INFO	[jepsen worker 1] jepsen.util: 1	:ok	:read	[0 1 2 4 6 7 8 9 10 11 12 14 13 15 16 17 18 19 20 21 22 23 24 25 26 27 28 29 30 31 32 33 34 35 36 37 38 39 40 41 42 44 45 46 47 48 49 50 51 53 54]
2026-03-20 15:36:59,669{GMT}	INFO	[jepsen worker 2] jepsen.util: 2	:invoke	:read	nil
2026-03-20 15:36:59,671{GMT}	INFO	[jepsen worker 2] jepsen.util: 2	:ok	:read	[0 1 2 4 6 7 8 9 10 11 12 14 13 15 16 17 18 19 20 21 22 23 24 25 26 27 28 29 30 31 32 33 34 35 36 37 38 39 40 41 42 44 45 46 47 48 49 50 51 53 54]
2026-03-20 15:36:59,771{GMT}	INFO	[jepsen worker 3] jepsen.util: 3	:invoke	:read	nil
2026-03-20 15:36:59,772{GMT}	INFO	[jepsen worker 3] jepsen.util: 3	:ok	:read	[0 1 2 4 6 7 8 9 10 11 12 13 14 15 16 17 18 19 20 21 22 23 24 25 26 27 28 29 30 31 32 33 34 35 36 37 38 39 40 41 42 44 45 46 47 48 49 50 51 53 54]
2026-03-20 15:36:59,944{GMT}	INFO	[jepsen worker 4] jepsen.util: 4	:invoke	:read	nil
2026-03-20 15:36:59,945{GMT}	INFO	[jepsen worker 4] jepsen.util: 4	:ok	:read	[0 1 2 4 6 7 8 9 10 11 12 13 14 15 16 17 18 19 20 21 22 23 24 25 26 27 28 29 30 31 32 33 34 35 36 37 38 39 40 41 42 43 52]
2026-03-20 15:36:59,956{GMT}	INFO	[jepsen worker 0] jepsen.util: 0	:invoke	:broadcast	55
2026-03-20 15:36:59,957{GMT}	INFO	[jepsen worker 0] jepsen.util: 0	:ok	:broadcast	55
2026-03-20 15:37:00,045{GMT}	INFO	[jepsen worker 0] jepsen.util: 0	:invoke	:read	nil
2026-03-20 15:37:00,047{GMT}	INFO	[jepsen worker 0] jepsen.util: 0	:ok	:read	[3 5 6 7 8 9 10 11 12 13 14 15 16 17 18 19 20 21 22 23 24 25 26 27 28 29 30 31 32 33 34 35 36 37 38 39 40 41 42 44 45 46 47 48 49 50 51 53 54 55]
2026-03-20 15:37:00,240{GMT}	INFO	[jepsen worker 1] jepsen.util: 1	:invoke	:read	nil
2026-03-20 15:37:00,242{GMT}	INFO	[jepsen worker 1] jepsen.util: 1	:ok	:read	[0 1 2 4 6 7 8 9 10 11 12 14 13 15 16 17 18 19 20 21 22 23 24 25 26 27 28 29 30 31 32 33 34 35 36 37 38 39 40 41 42 44 45 46 47 48 49 50 51 53 54 55]
2026-03-20 15:37:00,303{GMT}	INFO	[jepsen worker 2] jepsen.util: 2	:invoke	:broadcast	56
2026-03-20 15:37:00,305{GMT}	INFO	[jepsen worker 2] jepsen.util: 2	:ok	:broadcast	56
2026-03-20 15:37:00,342{GMT}	INFO	[jepsen worker 3] jepsen.util: 3	:invoke	:read	nil
2026-03-20 15:37:00,344{GMT}	INFO	[jepsen worker 3] jepsen.util: 3	:ok	:read	[0 1 2 4 6 7 8 9 10 11 12 13 14 15 16 17 18 19 20 21 22 23 24 25 26 27 28 29 30 31 32 33 34 35 36 37 38 39 40 41 42 44 45 46 47 48 49 50 51 53 54 55 56]
2026-03-20 15:37:00,392{GMT}	INFO	[jepsen worker 4] jepsen.util: 4	:invoke	:broadcast	57
2026-03-20 15:37:00,394{GMT}	INFO	[jepsen worker 4] jepsen.util: 4	:ok	:broadcast	57
2026-03-20 15:37:00,561{GMT}	INFO	[jepsen worker 0] jepsen.util: 0	:invoke	:broadcast	58
2026-03-20 15:37:00,562{GMT}	INFO	[jepsen worker 0] jepsen.util: 0	:ok	:broadcast	58
2026-03-20 15:37:00,614{GMT}	INFO	[jepsen worker 0] jepsen.util: 0	:invoke	:read	nil
2026-03-20 15:37:00,615{GMT}	INFO	[jepsen worker 0] jepsen.util: 0	:ok	:read	[3 5 6 7 8 9 10 11 12 13 14 15 16 17 18 19 20 21 22 23 24 25 26 27 28 29 30 31 32 33 34 35 36 37 38 39 40 41 42 44 45 46 47 48 49 50 51 53 54 55 56 58]
2026-03-20 15:37:00,727{GMT}	INFO	[jepsen worker 1] jepsen.util: 1	:invoke	:broadcast	59
2026-03-20 15:37:00,729{GMT}	INFO	[jepsen worker 1] jepsen.util: 1	:ok	:broadcast	59
2026-03-20 15:37:00,922{GMT}	INFO	[jepsen worker 2] jepsen.util: 2	:invoke	:broadcast	60
2026-03-20 15:37:00,923{GMT}	INFO	[jepsen worker 2] jepsen.util: 2	:ok	:broadcast	60
2026-03-20 15:37:00,928{GMT}	INFO	[jepsen worker 3] jepsen.util: 3	:invoke	:broadcast	61
2026-03-20 15:37:00,929{GMT}	INFO	[jepsen worker 3] jepsen.util: 3	:ok	:broadcast	61
2026-03-20 15:37:01,125{GMT}	INFO	[jepsen worker 4] jepsen.util: 4	:invoke	:read	nil
2026-03-20 15:37:01,127{GMT}	INFO	[jepsen worker 4] jepsen.util: 4	:ok	:read	[0 1 2 4 6 7 8 9 10 11 12 13 14 15 16 17 18 19 20 21 22 23 24 25 26 27 28 29 30 31 32 33 34 35 36 37 38 39 40 41 42 43 52 57]
2026-03-20 15:37:01,201{GMT}	INFO	[jepsen worker 0] jepsen.util: 0	:invoke	:read	nil
2026-03-20 15:37:01,202{GMT}	INFO	[jepsen worker 0] jepsen.util: 0	:ok	:read	[3 5 6 7 8 9 10 11 12 13 14 15 16 17 18 19 20 21 22 23 24 25 26 27 28 29 30 31 32 33 34 35 36 37 38 39 40 41 42 44 45 46 47 48 49 50 51 53 54 55 56 58 59 60 61]
2026-03-20 15:37:01,247{GMT}	INFO	[jepsen worker 0] jepsen.util: 0	:invoke	:read	nil
2026-03-20 15:37:01,248{GMT}	INFO	[jepsen worker 0] jepsen.util: 0	:ok	:read	[3 5 6 7 8 9 10 11 12 13 14 15 16 17 18 19 20 21 22 23 24 25 26 27 28 29 30 31 32 33 34 35 36 37 38 39 40 41 42 44 45 46 47 48 49 50 51 53 54 55 56 58 59 60 61]
2026-03-20 15:37:01,319{GMT}	INFO	[jepsen worker 1] jepsen.util: 1	:invoke	:broadcast	62
2026-03-20 15:37:01,320{GMT}	INFO	[jepsen worker 1] jepsen.util: 1	:ok	:broadcast	62
2026-03-20 15:37:01,383{GMT}	INFO	[jepsen worker 2] jepsen.util: 2	:invoke	:read	nil
2026-03-20 15:37:01,385{GMT}	INFO	[jepsen worker 2] jepsen.util: 2	:ok	:read	[0 1 2 4 6 7 8 9 10 11 12 14 13 15 16 17 18 19 20 21 22 23 24 25 26 27 28 29 30 31 32 33 34 35 36 37 38 39 40 41 42 44 45 46 47 48 49 50 51 53 54 55 56 58 59 60 61 62]
2026-03-20 15:37:01,485{GMT}	INFO	[jepsen worker 3] jepsen.util: 3	:invoke	:read	nil
2026-03-20 15:37:01,487{GMT}	INFO	[jepsen worker 3] jepsen.util: 3	:ok	:read	[0 1 2 4 6 7 8 9 10 11 12 13 14 15 16 17 18 19 20 21 22 23 24 25 26 27 28 29 30 31 32 33 34 35 36 37 38 39 40 41 42 44 45 46 47 48 49 50 51 53 54 55 56 58 59 60 61 62]
2026-03-20 15:37:01,569{GMT}	INFO	[jepsen worker 4] jepsen.util: 4	:invoke	:broadcast	63
2026-03-20 15:37:01,570{GMT}	INFO	[jepsen worker 4] jepsen.util: 4	:ok	:broadcast	63
2026-03-20 15:37:01,734{GMT}	INFO	[jepsen worker 0] jepsen.util: 0	:invoke	:read	nil
2026-03-20 15:37:01,736{GMT}	INFO	[jepsen worker 0] jepsen.util: 0	:ok	:read	[3 5 6 7 8 9 10 11 12 13 14 15 16 17 18 19 20 21 22 23 24 25 26 27 28 29 30 31 32 33 34 35 36 37 38 39 40 41 42 44 45 46 47 48 49 50 51 53 54 55 56 58 59 60 61 62]
2026-03-20 15:37:01,840{GMT}	INFO	[jepsen worker 0] jepsen.util: 0	:invoke	:broadcast	64
2026-03-20 15:37:01,841{GMT}	INFO	[jepsen worker 0] jepsen.util: 0	:ok	:broadcast	64
2026-03-20 15:37:02,018{GMT}	INFO	[jepsen worker 1] jepsen.util: 1	:invoke	:read	nil
2026-03-20 15:37:02,019{GMT}	INFO	[jepsen worker 1] jepsen.util: 1	:ok	:read	[0 1 2 4 6 7 8 9 10 11 12 14 13 15 16 17 18 19 20 21 22 23 24 25 26 27 28 29 30 31 32 33 34 35 36 37 38 39 40 41 42 44 45 46 47 48 49 50 51 53 54 55 56 58 59 60 61 62 64]
2026-03-20 15:37:02,193{GMT}	INFO	[jepsen worker 2] jepsen.util: 2	:invoke	:broadcast	65
2026-03-20 15:37:02,195{GMT}	INFO	[jepsen worker 2] jepsen.util: 2	:ok	:broadcast	65
2026-03-20 15:37:02,380{GMT}	INFO	[jepsen worker 3] jepsen.util: 3	:invoke	:read	nil
2026-03-20 15:37:02,382{GMT}	INFO	[jepsen worker 3] jepsen.util: 3	:ok	:read	[0 1 2 4 6 7 8 9 10 11 12 13 14 15 16 17 18 19 20 21 22 23 24 25 26 27 28 29 30 31 32 33 34 35 36 37 38 39 40 41 42 44 45 46 47 48 49 50 51 53 54 55 56 58 59 60 61 62 64 65]
2026-03-20 15:37:02,488{GMT}	INFO	[jepsen worker 4] jepsen.util: 4	:invoke	:read	nil
2026-03-20 15:37:02,490{GMT}	INFO	[jepsen worker 4] jepsen.util: 4	:ok	:read	[0 1 2 4 6 7 8 9 10 11 12 13 14 15 16 17 18 19 20 21 22 23 24 25 26 27 28 29 30 31 32 33 34 35 36 37 38 39 40 41 42 43 52 57 63]
2026-03-20 15:37:02,540{GMT}	INFO	[jepsen worker 0] jepsen.util: 0	:invoke	:broadcast	66
2026-03-20 15:37:02,542{GMT}	INFO	[jepsen worker 0] jepsen.util: 0	:ok	:broadcast	66
2026-03-20 15:37:02,555{GMT}	INFO	[jepsen worker 0] jepsen.util: 0	:invoke	:broadcast	67
2026-03-20 15:37:02,557{GMT}	INFO	[jepsen worker 0] jepsen.util: 0	:ok	:broadcast	67
2026-03-20 15:37:02,666{GMT}	INFO	[jepsen worker 1] jepsen.util: 1	:invoke	:broadcast	68
2026-03-20 15:37:02,668{GMT}	INFO	[jepsen worker 1] jepsen.util: 1	:ok	:broadcast	68
2026-03-20 15:37:02,785{GMT}	INFO	[jepsen worker 2] jepsen.util: 2	:invoke	:broadcast	69
2026-03-20 15:37:02,787{GMT}	INFO	[jepsen worker 2] jepsen.util: 2	:ok	:broadcast	69
2026-03-20 15:37:02,880{GMT}	INFO	[jepsen worker 3] jepsen.util: 3	:invoke	:read	nil
2026-03-20 15:37:02,882{GMT}	INFO	[jepsen worker 3] jepsen.util: 3	:ok	:read	[0 1 2 4 6 7 8 9 10 11 12 13 14 15 16 17 18 19 20 21 22 23 24 25 26 27 28 29 30 31 32 33 34 35 36 37 38 39 40 41 42 44 45 46 47 48 49 50 51 53 54 55 56 58 59 60 61 62 64 65 66 67 68 69]
2026-03-20 15:37:03,001{GMT}	INFO	[jepsen worker 4] jepsen.util: 4	:invoke	:broadcast	70
2026-03-20 15:37:03,002{GMT}	INFO	[jepsen worker 4] jepsen.util: 4	:ok	:broadcast	70
2026-03-20 15:37:03,009{GMT}	INFO	[jepsen worker 0] jepsen.util: 0	:invoke	:broadcast	71
2026-03-20 15:37:03,010{GMT}	INFO	[jepsen worker 0] jepsen.util: 0	:ok	:broadcast	71
2026-03-20 15:37:03,080{GMT}	INFO	[jepsen worker 0] jepsen.util: 0	:invoke	:broadcast	72
2026-03-20 15:37:03,082{GMT}	INFO	[jepsen worker 0] jepsen.util: 0	:ok	:broadcast	72
2026-03-20 15:37:03,158{GMT}	INFO	[jepsen worker 1] jepsen.util: 1	:invoke	:broadcast	73
2026-03-20 15:37:03,159{GMT}	INFO	[jepsen worker 1] jepsen.util: 1	:ok	:broadcast	73
2026-03-20 15:37:03,308{GMT}	INFO	[jepsen worker 2] jepsen.util: 2	:invoke	:read	nil
2026-03-20 15:37:03,310{GMT}	INFO	[jepsen worker 2] jepsen.util: 2	:ok	:read	[0 1 2 4 6 7 8 9 10 11 12 14 13 15 16 17 18 19 20 21 22 23 24 25 26 27 28 29 30 31 32 33 34 35 36 37 38 39 40 41 42 44 45 46 47 48 49 50 51 53 54 55 56 58 59 60 61 62 64 65 66 67 68 69 71 72 73]
2026-03-20 15:37:03,439{GMT}	INFO	[jepsen worker 3] jepsen.util: 3	:invoke	:broadcast	74
2026-03-20 15:37:03,441{GMT}	INFO	[jepsen worker 3] jepsen.util: 3	:ok	:broadcast	74
2026-03-20 15:37:03,459{GMT}	INFO	[jepsen worker 4] jepsen.util: 4	:invoke	:broadcast	75
2026-03-20 15:37:03,460{GMT}	INFO	[jepsen worker 4] jepsen.util: 4	:ok	:broadcast	75
2026-03-20 15:37:03,617{GMT}	INFO	[jepsen worker 0] jepsen.util: 0	:invoke	:read	nil
2026-03-20 15:37:03,618{GMT}	INFO	[jepsen worker 0] jepsen.util: 0	:ok	:read	[3 5 6 7 8 9 10 11 12 13 14 15 16 17 18 19 20 21 22 23 24 25 26 27 28 29 30 31 32 33 34 35 36 37 38 39 40 41 42 44 45 46 47 48 49 50 51 53 54 55 56 58 59 60 61 62 64 65 66 67 68 69 71 72 73 74]
2026-03-20 15:37:03,674{GMT}	INFO	[jepsen worker 0] jepsen.util: 0	:invoke	:read	nil
2026-03-20 15:37:03,676{GMT}	INFO	[jepsen worker 0] jepsen.util: 0	:ok	:read	[3 5 6 7 8 9 10 11 12 13 14 15 16 17 18 19 20 21 22 23 24 25 26 27 28 29 30 31 32 33 34 35 36 37 38 39 40 41 42 44 45 46 47 48 49 50 51 53 54 55 56 58 59 60 61 62 64 65 66 67 68 69 71 72 73 74]
2026-03-20 15:37:03,776{GMT}	INFO	[jepsen worker 1] jepsen.util: 1	:invoke	:read	nil
2026-03-20 15:37:03,777{GMT}	INFO	[jepsen worker 1] jepsen.util: 1	:ok	:read	[0 1 2 4 6 7 8 9 10 11 12 14 13 15 16 17 18 19 20 21 22 23 24 25 26 27 28 29 30 31 32 33 34 35 36 37 38 39 40 41 42 44 45 46 47 48 49 50 51 53 54 55 56 58 59 60 61 62 64 65 66 67 68 69 71 72 73 74]
2026-03-20 15:37:03,927{GMT}	INFO	[jepsen worker 2] jepsen.util: 2	:invoke	:read	nil
2026-03-20 15:37:03,929{GMT}	INFO	[jepsen worker 2] jepsen.util: 2	:ok	:read	[0 1 2 4 6 7 8 9 10 11 12 14 13 15 16 17 18 19 20 21 22 23 24 25 26 27 28 29 30 31 32 33 34 35 36 37 38 39 40 41 42 44 45 46 47 48 49 50 51 53 54 55 56 58 59 60 61 62 64 65 66 67 68 69 71 72 73 74]
2026-03-20 15:37:04,036{GMT}	INFO	[jepsen worker 3] jepsen.util: 3	:invoke	:broadcast	76
2026-03-20 15:37:04,038{GMT}	INFO	[jepsen worker 3] jepsen.util: 3	:ok	:broadcast	76
2026-03-20 15:37:04,094{GMT}	INFO	[jepsen worker 4] jepsen.util: 4	:invoke	:read	nil
2026-03-20 15:37:04,096{GMT}	INFO	[jepsen worker 4] jepsen.util: 4	:ok	:read	[0 1 2 4 6 7 8 9 10 11 12 13 14 15 16 17 18 19 20 21 22 23 24 25 26 27 28 29 30 31 32 33 34 35 36 37 38 39 40 41 42 43 52 57 63 70 75]
2026-03-20 15:37:04,176{GMT}	INFO	[jepsen worker 0] jepsen.util: 0	:invoke	:read	nil
2026-03-20 15:37:04,177{GMT}	INFO	[jepsen worker 0] jepsen.util: 0	:ok	:read	[3 5 6 7 8 9 10 11 12 13 14 15 16 17 18 19 20 21 22 23 24 25 26 27 28 29 30 31 32 33 34 35 36 37 38 39 40 41 42 44 45 46 47 48 49 50 51 53 54 55 56 58 59 60 61 62 64 65 66 67 68 69 71 72 73 74 76]
2026-03-20 15:37:04,273{GMT}	INFO	[jepsen worker 0] jepsen.util: 0	:invoke	:read	nil
2026-03-20 15:37:04,274{GMT}	INFO	[jepsen worker 0] jepsen.util: 0	:ok	:read	[3 5 6 7 8 9 10 11 12 13 14 15 16 17 18 19 20 21 22 23 24 25 26 27 28 29 30 31 32 33 34 35 36 37 38 39 40 41 42 44 45 46 47 48 49 50 51 53 54 55 56 58 59 60 61 62 64 65 66 67 68 69 71 72 73 74 76]
2026-03-20 15:37:04,288{GMT}	INFO	[jepsen worker 1] jepsen.util: 1	:invoke	:read	nil
2026-03-20 15:37:04,289{GMT}	INFO	[jepsen worker 1] jepsen.util: 1	:ok	:read	[0 1 2 4 6 7 8 9 10 11 12 14 13 15 16 17 18 19 20 21 22 23 24 25 26 27 28 29 30 31 32 33 34 35 36 37 38 39 40 41 42 44 45 46 47 48 49 50 51 53 54 55 56 58 59 60 61 62 64 65 66 67 68 69 71 72 73 74 76]
2026-03-20 15:37:04,403{GMT}	INFO	[jepsen worker 2] jepsen.util: 2	:invoke	:read	nil
2026-03-20 15:37:04,405{GMT}	INFO	[jepsen worker 2] jepsen.util: 2	:ok	:read	[0 1 2 4 6 7 8 9 10 11 12 14 13 15 16 17 18 19 20 21 22 23 24 25 26 27 28 29 30 31 32 33 34 35 36 37 38 39 40 41 42 44 45 46 47 48 49 50 51 53 54 55 56 58 59 60 61 62 64 65 66 67 68 69 71 72 73 74 76]
2026-03-20 15:37:04,491{GMT}	INFO	[jepsen worker 3] jepsen.util: 3	:invoke	:read	nil
2026-03-20 15:37:04,492{GMT}	INFO	[jepsen worker 3] jepsen.util: 3	:ok	:read	[0 1 2 4 6 7 8 9 10 11 12 13 14 15 16 17 18 19 20 21 22 23 24 25 26 27 28 29 30 31 32 33 34 35 36 37 38 39 40 41 42 44 45 46 47 48 49 50 51 53 54 55 56 58 59 60 61 62 64 65 66 67 68 69 71 72 73 74 76]
2026-03-20 15:37:04,503{GMT}	INFO	[jepsen worker 4] jepsen.util: 4	:invoke	:read	nil
2026-03-20 15:37:04,504{GMT}	INFO	[jepsen worker 4] jepsen.util: 4	:ok	:read	[0 1 2 4 6 7 8 9 10 11 12 13 14 15 16 17 18 19 20 21 22 23 24 25 26 27 28 29 30 31 32 33 34 35 36 37 38 39 40 41 42 43 52 57 63 70 75]
2026-03-20 15:37:04,590{GMT}	INFO	[jepsen worker 0] jepsen.util: 0	:invoke	:read	nil
2026-03-20 15:37:04,592{GMT}	INFO	[jepsen worker 0] jepsen.util: 0	:ok	:read	[3 5 6 7 8 9 10 11 12 13 14 15 16 17 18 19 20 21 22 23 24 25 26 27 28 29 30 31 32 33 34 35 36 37 38 39 40 41 42 44 45 46 47 48 49 50 51 53 54 55 56 58 59 60 61 62 64 65 66 67 68 69 71 72 73 74 76]
2026-03-20 15:37:04,688{GMT}	INFO	[jepsen worker 0] jepsen.util: 0	:invoke	:read	nil
2026-03-20 15:37:04,690{GMT}	INFO	[jepsen worker 0] jepsen.util: 0	:ok	:read	[3 5 6 7 8 9 10 11 12 13 14 15 16 17 18 19 20 21 22 23 24 25 26 27 28 29 30 31 32 33 34 35 36 37 38 39 40 41 42 44 45 46 47 48 49 50 51 53 54 55 56 58 59 60 61 62 64 65 66 67 68 69 71 72 73 74 76]
2026-03-20 15:37:04,831{GMT}	INFO	[jepsen worker 1] jepsen.util: 1	:invoke	:broadcast	77
2026-03-20 15:37:04,832{GMT}	INFO	[jepsen worker 1] jepsen.util: 1	:ok	:broadcast	77
2026-03-20 15:37:04,916{GMT}	INFO	[jepsen worker 2] jepsen.util: 2	:invoke	:read	nil
2026-03-20 15:37:04,918{GMT}	INFO	[jepsen worker 2] jepsen.util: 2	:ok	:read	[0 1 2 4 6 7 8 9 10 11 12 14 13 15 16 17 18 19 20 21 22 23 24 25 26 27 28 29 30 31 32 33 34 35 36 37 38 39 40 41 42 44 45 46 47 48 49 50 51 53 54 55 56 58 59 60 61 62 64 65 66 67 68 69 71 72 73 74 76 77]
2026-03-20 15:37:05,086{GMT}	INFO	[jepsen worker 3] jepsen.util: 3	:invoke	:broadcast	78
2026-03-20 15:37:05,087{GMT}	INFO	[jepsen worker 3] jepsen.util: 3	:ok	:broadcast	78
2026-03-20 15:37:05,184{GMT}	INFO	[jepsen worker 4] jepsen.util: 4	:invoke	:broadcast	79
2026-03-20 15:37:05,186{GMT}	INFO	[jepsen worker 4] jepsen.util: 4	:ok	:broadcast	79
2026-03-20 15:37:05,187{GMT}	INFO	[jepsen worker 0] jepsen.util: 0	:invoke	:broadcast	80
2026-03-20 15:37:05,188{GMT}	INFO	[jepsen worker 0] jepsen.util: 0	:ok	:broadcast	80
2026-03-20 15:37:05,198{GMT}	INFO	[jepsen worker 0] jepsen.util: 0	:invoke	:read	nil
2026-03-20 15:37:05,199{GMT}	INFO	[jepsen worker 0] jepsen.util: 0	:ok	:read	[3 5 6 7 8 9 10 11 12 13 14 15 16 17 18 19 20 21 22 23 24 25 26 27 28 29 30 31 32 33 34 35 36 37 38 39 40 41 42 44 45 46 47 48 49 50 51 53 54 55 56 58 59 60 61 62 64 65 66 67 68 69 71 72 73 74 76 77 78 80]
2026-03-20 15:37:05,324{GMT}	INFO	[jepsen worker 1] jepsen.util: 1	:invoke	:read	nil
2026-03-20 15:37:05,325{GMT}	INFO	[jepsen worker 1] jepsen.util: 1	:ok	:read	[0 1 2 4 6 7 8 9 10 11 12 14 13 15 16 17 18 19 20 21 22 23 24 25 26 27 28 29 30 31 32 33 34 35 36 37 38 39 40 41 42 44 45 46 47 48 49 50 51 53 54 55 56 58 59 60 61 62 64 65 66 67 68 69 71 72 73 74 76 77 78 80]
2026-03-20 15:37:05,523{GMT}	INFO	[jepsen worker 2] jepsen.util: 2	:invoke	:read	nil
2026-03-20 15:37:05,524{GMT}	INFO	[jepsen worker 2] jepsen.util: 2	:ok	:read	[0 1 2 4 6 7 8 9 10 11 12 14 13 15 16 17 18 19 20 21 22 23 24 25 26 27 28 29 30 31 32 33 34 35 36 37 38 39 40 41 42 44 45 46 47 48 49 50 51 53 54 55 56 58 59 60 61 62 64 65 66 67 68 69 71 72 73 74 76 77 78 80]
2026-03-20 15:37:05,529{GMT}	INFO	[jepsen worker 3] jepsen.util: 3	:invoke	:read	nil
2026-03-20 15:37:05,530{GMT}	INFO	[jepsen worker 3] jepsen.util: 3	:ok	:read	[0 1 2 4 6 7 8 9 10 11 12 13 14 15 16 17 18 19 20 21 22 23 24 25 26 27 28 29 30 31 32 33 34 35 36 37 38 39 40 41 42 44 45 46 47 48 49 50 51 53 54 55 56 58 59 60 61 62 64 65 66 67 68 69 71 72 73 74 76 77 78 80]
2026-03-20 15:37:05,567{GMT}	INFO	[jepsen worker 4] jepsen.util: 4	:invoke	:read	nil
2026-03-20 15:37:05,568{GMT}	INFO	[jepsen worker 4] jepsen.util: 4	:ok	:read	[0 1 2 4 6 7 8 9 10 11 12 13 14 15 16 17 18 19 20 21 22 23 24 25 26 27 28 29 30 31 32 33 34 35 36 37 38 39 40 41 42 43 52 57 63 70 75 79]
2026-03-20 15:37:05,741{GMT}	INFO	[jepsen worker 0] jepsen.util: 0	:invoke	:read	nil
2026-03-20 15:37:05,742{GMT}	INFO	[jepsen worker 0] jepsen.util: 0	:ok	:read	[3 5 6 7 8 9 10 11 12 13 14 15 16 17 18 19 20 21 22 23 24 25 26 27 28 29 30 31 32 33 34 35 36 37 38 39 40 41 42 44 45 46 47 48 49 50 51 53 54 55 56 58 59 60 61 62 64 65 66 67 68 69 71 72 73 74 76 77 78 80]
2026-03-20 15:37:05,816{GMT}	INFO	[jepsen worker 0] jepsen.util: 0	:invoke	:broadcast	81
2026-03-20 15:37:05,817{GMT}	INFO	[jepsen worker 0] jepsen.util: 0	:ok	:broadcast	81
2026-03-20 15:37:05,938{GMT}	INFO	[jepsen worker 1] jepsen.util: 1	:invoke	:read	nil
2026-03-20 15:37:05,939{GMT}	INFO	[jepsen worker 1] jepsen.util: 1	:ok	:read	[0 1 2 4 6 7 8 9 10 11 12 14 13 15 16 17 18 19 20 21 22 23 24 25 26 27 28 29 30 31 32 33 34 35 36 37 38 39 40 41 42 44 45 46 47 48 49 50 51 53 54 55 56 58 59 60 61 62 64 65 66 67 68 69 71 72 73 74 76 77 78 80 81]
2026-03-20 15:37:05,974{GMT}	INFO	[jepsen worker 2] jepsen.util: 2	:invoke	:broadcast	82
2026-03-20 15:37:05,975{GMT}	INFO	[jepsen worker 2] jepsen.util: 2	:ok	:broadcast	82
2026-03-20 15:37:06,073{GMT}	INFO	[jepsen worker 3] jepsen.util: 3	:invoke	:read	nil
2026-03-20 15:37:06,074{GMT}	INFO	[jepsen worker 3] jepsen.util: 3	:ok	:read	[0 1 2 4 6 7 8 9 10 11 12 13 14 15 16 17 18 19 20 21 22 23 24 25 26 27 28 29 30 31 32 33 34 35 36 37 38 39 40 41 42 44 45 46 47 48 49 50 51 53 54 55 56 58 59 60 61 62 64 65 66 67 68 69 71 72 73 74 76 77 78 80 81 82]
2026-03-20 15:37:06,182{GMT}	INFO	[jepsen worker 4] jepsen.util: 4	:invoke	:read	nil
2026-03-20 15:37:06,183{GMT}	INFO	[jepsen worker 4] jepsen.util: 4	:ok	:read	[0 1 2 4 6 7 8 9 10 11 12 13 14 15 16 17 18 19 20 21 22 23 24 25 26 27 28 29 30 31 32 33 34 35 36 37 38 39 40 41 42 43 52 57 63 70 75 79]
2026-03-20 15:37:06,185{GMT}	INFO	[jepsen worker 0] jepsen.util: 0	:invoke	:read	nil
2026-03-20 15:37:06,186{GMT}	INFO	[jepsen worker 0] jepsen.util: 0	:ok	:read	[3 5 6 7 8 9 10 11 12 13 14 15 16 17 18 19 20 21 22 23 24 25 26 27 28 29 30 31 32 33 34 35 36 37 38 39 40 41 42 44 45 46 47 48 49 50 51 53 54 55 56 58 59 60 61 62 64 65 66 67 68 69 71 72 73 74 76 77 78 80 81 82]
2026-03-20 15:37:06,284{GMT}	INFO	[jepsen worker 0] jepsen.util: 0	:invoke	:read	nil
2026-03-20 15:37:06,285{GMT}	INFO	[jepsen worker 0] jepsen.util: 0	:ok	:read	[3 5 6 7 8 9 10 11 12 13 14 15 16 17 18 19 20 21 22 23 24 25 26 27 28 29 30 31 32 33 34 35 36 37 38 39 40 41 42 44 45 46 47 48 49 50 51 53 54 55 56 58 59 60 61 62 64 65 66 67 68 69 71 72 73 74 76 77 78 80 81 82]
2026-03-20 15:37:06,340{GMT}	INFO	[jepsen worker 1] jepsen.util: 1	:invoke	:read	nil
2026-03-20 15:37:06,341{GMT}	INFO	[jepsen worker 1] jepsen.util: 1	:ok	:read	[0 1 2 4 6 7 8 9 10 11 12 14 13 15 16 17 18 19 20 21 22 23 24 25 26 27 28 29 30 31 32 33 34 35 36 37 38 39 40 41 42 44 45 46 47 48 49 50 51 53 54 55 56 58 59 60 61 62 64 65 66 67 68 69 71 72 73 74 76 77 78 80 81 82]
2026-03-20 15:37:06,519{GMT}	INFO	[jepsen worker 2] jepsen.util: 2	:invoke	:read	nil
2026-03-20 15:37:06,520{GMT}	INFO	[jepsen worker 2] jepsen.util: 2	:ok	:read	[0 1 2 4 6 7 8 9 10 11 12 14 13 15 16 17 18 19 20 21 22 23 24 25 26 27 28 29 30 31 32 33 34 35 36 37 38 39 40 41 42 44 45 46 47 48 49 50 51 53 54 55 56 58 59 60 61 62 64 65 66 67 68 69 71 72 73 74 76 77 78 80 81 82]
2026-03-20 15:37:06,520{GMT}	INFO	[jepsen worker 3] jepsen.util: 3	:invoke	:read	nil
2026-03-20 15:37:06,522{GMT}	INFO	[jepsen worker 3] jepsen.util: 3	:ok	:read	[0 1 2 4 6 7 8 9 10 11 12 13 14 15 16 17 18 19 20 21 22 23 24 25 26 27 28 29 30 31 32 33 34 35 36 37 38 39 40 41 42 44 45 46 47 48 49 50 51 53 54 55 56 58 59 60 61 62 64 65 66 67 68 69 71 72 73 74 76 77 78 80 81 82]
2026-03-20 15:37:06,564{GMT}	INFO	[jepsen worker 4] jepsen.util: 4	:invoke	:broadcast	83
2026-03-20 15:37:06,565{GMT}	INFO	[jepsen worker 4] jepsen.util: 4	:ok	:broadcast	83
2026-03-20 15:37:06,604{GMT}	INFO	[jepsen worker 0] jepsen.util: 0	:invoke	:read	nil
2026-03-20 15:37:06,605{GMT}	INFO	[jepsen worker 0] jepsen.util: 0	:ok	:read	[3 5 6 7 8 9 10 11 12 13 14 15 16 17 18 19 20 21 22 23 24 25 26 27 28 29 30 31 32 33 34 35 36 37 38 39 40 41 42 44 45 46 47 48 49 50 51 53 54 55 56 58 59 60 61 62 64 65 66 67 68 69 71 72 73 74 76 77 78 80 81 82]
2026-03-20 15:37:06,654{GMT}	INFO	[jepsen worker 0] jepsen.util: 0	:invoke	:broadcast	84
2026-03-20 15:37:06,655{GMT}	INFO	[jepsen worker 0] jepsen.util: 0	:ok	:broadcast	84
2026-03-20 15:37:06,756{GMT}	INFO	[jepsen worker 1] jepsen.util: 1	:invoke	:read	nil
2026-03-20 15:37:06,757{GMT}	INFO	[jepsen worker 1] jepsen.util: 1	:ok	:read	[0 1 2 4 6 7 8 9 10 11 12 14 13 15 16 17 18 19 20 21 22 23 24 25 26 27 28 29 30 31 32 33 34 35 36 37 38 39 40 41 42 44 45 46 47 48 49 50 51 53 54 55 56 58 59 60 61 62 64 65 66 67 68 69 71 72 73 74 76 77 78 80 81 82 84]
2026-03-20 15:37:06,896{GMT}	INFO	[jepsen worker 2] jepsen.util: 2	:invoke	:read	nil
2026-03-20 15:37:06,897{GMT}	INFO	[jepsen worker 2] jepsen.util: 2	:ok	:read	[0 1 2 4 6 7 8 9 10 11 12 14 13 15 16 17 18 19 20 21 22 23 24 25 26 27 28 29 30 31 32 33 34 35 36 37 38 39 40 41 42 44 45 46 47 48 49 50 51 53 54 55 56 58 59 60 61 62 64 65 66 67 68 69 71 72 73 74 76 77 78 80 81 82 84]
2026-03-20 15:37:07,021{GMT}	INFO	[jepsen worker 3] jepsen.util: 3	:invoke	:read	nil
2026-03-20 15:37:07,022{GMT}	INFO	[jepsen worker 3] jepsen.util: 3	:ok	:read	[0 1 2 4 6 7 8 9 10 11 12 13 14 15 16 17 18 19 20 21 22 23 24 25 26 27 28 29 30 31 32 33 34 35 36 37 38 39 40 41 42 44 45 46 47 48 49 50 51 53 54 55 56 58 59 60 61 62 64 65 66 67 68 69 71 72 73 74 76 77 78 80 81 82 84]
2026-03-20 15:37:07,118{GMT}	INFO	[jepsen worker 4] jepsen.util: 4	:invoke	:broadcast	85
2026-03-20 15:37:07,120{GMT}	INFO	[jepsen worker 4] jepsen.util: 4	:ok	:broadcast	85
2026-03-20 15:37:07,153{GMT}	INFO	[jepsen worker 0] jepsen.util: 0	:invoke	:broadcast	86
2026-03-20 15:37:07,154{GMT}	INFO	[jepsen worker 0] jepsen.util: 0	:ok	:broadcast	86
2026-03-20 15:37:07,248{GMT}	INFO	[jepsen worker 0] jepsen.util: 0	:invoke	:broadcast	87
2026-03-20 15:37:07,249{GMT}	INFO	[jepsen worker 0] jepsen.util: 0	:ok	:broadcast	87
2026-03-20 15:37:07,446{GMT}	INFO	[jepsen worker 1] jepsen.util: 1	:invoke	:read	nil
2026-03-20 15:37:07,447{GMT}	INFO	[jepsen worker 1] jepsen.util: 1	:ok	:read	[0 1 2 4 6 7 8 9 10 11 12 14 13 15 16 17 18 19 20 21 22 23 24 25 26 27 28 29 30 31 32 33 34 35 36 37 38 39 40 41 42 44 45 46 47 48 49 50 51 53 54 55 56 58 59 60 61 62 64 65 66 67 68 69 71 72 73 74 76 77 78 80 81 82 84 86 87]
2026-03-20 15:37:07,486{GMT}	INFO	[jepsen worker 2] jepsen.util: 2	:invoke	:read	nil
2026-03-20 15:37:07,487{GMT}	INFO	[jepsen worker 2] jepsen.util: 2	:ok	:read	[0 1 2 4 6 7 8 9 10 11 12 14 13 15 16 17 18 19 20 21 22 23 24 25 26 27 28 29 30 31 32 33 34 35 36 37 38 39 40 41 42 44 45 46 47 48 49 50 51 53 54 55 56 58 59 60 61 62 64 65 66 67 68 69 71 72 73 74 76 77 78 80 81 82 84 86 87]
2026-03-20 15:37:07,499{GMT}	INFO	[jepsen worker 3] jepsen.util: 3	:invoke	:broadcast	88
2026-03-20 15:37:07,500{GMT}	INFO	[jepsen worker 3] jepsen.util: 3	:ok	:broadcast	88
2026-03-20 15:37:07,674{GMT}	INFO	[jepsen worker 4] jepsen.util: 4	:invoke	:read	nil
2026-03-20 15:37:07,675{GMT}	INFO	[jepsen worker 4] jepsen.util: 4	:ok	:read	[0 1 2 4 6 7 8 9 10 11 12 13 14 15 16 17 18 19 20 21 22 23 24 25 26 27 28 29 30 31 32 33 34 35 36 37 38 39 40 41 42 43 52 57 63 70 75 79 83 85]
2026-03-20 15:37:07,697{GMT}	INFO	[jepsen worker 0] jepsen.util: 0	:invoke	:read	nil
2026-03-20 15:37:07,698{GMT}	INFO	[jepsen worker 0] jepsen.util: 0	:ok	:read	[3 5 6 7 8 9 10 11 12 13 14 15 16 17 18 19 20 21 22 23 24 25 26 27 28 29 30 31 32 33 34 35 36 37 38 39 40 41 42 44 45 46 47 48 49 50 51 53 54 55 56 58 59 60 61 62 64 65 66 67 68 69 71 72 73 74 76 77 78 80 81 82 84 86 87 88]
2026-03-20 15:37:07,718{GMT}	INFO	[jepsen worker 0] jepsen.util: 0	:invoke	:read	nil
2026-03-20 15:37:07,720{GMT}	INFO	[jepsen worker 0] jepsen.util: 0	:ok	:read	[3 5 6 7 8 9 10 11 12 13 14 15 16 17 18 19 20 21 22 23 24 25 26 27 28 29 30 31 32 33 34 35 36 37 38 39 40 41 42 44 45 46 47 48 49 50 51 53 54 55 56 58 59 60 61 62 64 65 66 67 68 69 71 72 73 74 76 77 78 80 81 82 84 86 87 88]
2026-03-20 15:37:07,794{GMT}	INFO	[jepsen worker 1] jepsen.util: 1	:invoke	:read	nil
2026-03-20 15:37:07,796{GMT}	INFO	[jepsen worker 1] jepsen.util: 1	:ok	:read	[0 1 2 4 6 7 8 9 10 11 12 14 13 15 16 17 18 19 20 21 22 23 24 25 26 27 28 29 30 31 32 33 34 35 36 37 38 39 40 41 42 44 45 46 47 48 49 50 51 53 54 55 56 58 59 60 61 62 64 65 66 67 68 69 71 72 73 74 76 77 78 80 81 82 84 86 87 88]
2026-03-20 15:37:07,857{GMT}	INFO	[jepsen worker 2] jepsen.util: 2	:invoke	:read	nil
2026-03-20 15:37:07,858{GMT}	INFO	[jepsen worker 2] jepsen.util: 2	:ok	:read	[0 1 2 4 6 7 8 9 10 11 12 14 13 15 16 17 18 19 20 21 22 23 24 25 26 27 28 29 30 31 32 33 34 35 36 37 38 39 40 41 42 44 45 46 47 48 49 50 51 53 54 55 56 58 59 60 61 62 64 65 66 67 68 69 71 72 73 74 76 77 78 80 81 82 84 86 87 88]
2026-03-20 15:37:07,986{GMT}	INFO	[jepsen worker 3] jepsen.util: 3	:invoke	:read	nil
2026-03-20 15:37:07,987{GMT}	INFO	[jepsen worker 3] jepsen.util: 3	:ok	:read	[0 1 2 4 6 7 8 9 10 11 12 13 14 15 16 17 18 19 20 21 22 23 24 25 26 27 28 29 30 31 32 33 34 35 36 37 38 39 40 41 42 44 45 46 47 48 49 50 51 53 54 55 56 58 59 60 61 62 64 65 66 67 68 69 71 72 73 74 76 77 78 80 81 82 84 86 87 88]
2026-03-20 15:37:08,100{GMT}	INFO	[jepsen worker 4] jepsen.util: 4	:invoke	:broadcast	89
2026-03-20 15:37:08,102{GMT}	INFO	[jepsen worker 4] jepsen.util: 4	:ok	:broadcast	89
2026-03-20 15:37:08,214{GMT}	INFO	[jepsen worker 0] jepsen.util: 0	:invoke	:broadcast	90
2026-03-20 15:37:08,215{GMT}	INFO	[jepsen worker 0] jepsen.util: 0	:ok	:broadcast	90
2026-03-20 15:37:08,363{GMT}	INFO	[jepsen worker 0] jepsen.util: 0	:invoke	:read	nil
2026-03-20 15:37:08,365{GMT}	INFO	[jepsen worker 0] jepsen.util: 0	:ok	:read	[3 5 6 7 8 9 10 11 12 13 14 15 16 17 18 19 20 21 22 23 24 25 26 27 28 29 30 31 32 33 34 35 36 37 38 39 40 41 42 44 45 46 47 48 49 50 51 53 54 55 56 58 59 60 61 62 64 65 66 67 68 69 71 72 73 74 76 77 78 80 81 82 84 86 87 88 90]
2026-03-20 15:37:08,473{GMT}	INFO	[jepsen worker 1] jepsen.util: 1	:invoke	:broadcast	91
2026-03-20 15:37:08,474{GMT}	INFO	[jepsen worker 1] jepsen.util: 1	:ok	:broadcast	91
2026-03-20 15:37:08,538{GMT}	INFO	[jepsen worker 2] jepsen.util: 2	:invoke	:read	nil
2026-03-20 15:37:08,540{GMT}	INFO	[jepsen worker 2] jepsen.util: 2	:ok	:read	[0 1 2 4 6 7 8 9 10 11 12 14 13 15 16 17 18 19 20 21 22 23 24 25 26 27 28 29 30 31 32 33 34 35 36 37 38 39 40 41 42 44 45 46 47 48 49 50 51 53 54 55 56 58 59 60 61 62 64 65 66 67 68 69 71 72 73 74 76 77 78 80 81 82 84 86 87 88 90 91]
2026-03-20 15:37:08,657{GMT}	INFO	[jepsen worker 3] jepsen.util: 3	:invoke	:read	nil
2026-03-20 15:37:08,658{GMT}	INFO	[jepsen worker 3] jepsen.util: 3	:ok	:read	[0 1 2 4 6 7 8 9 10 11 12 13 14 15 16 17 18 19 20 21 22 23 24 25 26 27 28 29 30 31 32 33 34 35 36 37 38 39 40 41 42 44 45 46 47 48 49 50 51 53 54 55 56 58 59 60 61 62 64 65 66 67 68 69 71 72 73 74 76 77 78 80 81 82 84 86 87 88 90 91]
2026-03-20 15:37:08,799{GMT}	INFO	[jepsen worker 4] jepsen.util: 4	:invoke	:broadcast	92
2026-03-20 15:37:08,800{GMT}	INFO	[jepsen worker 4] jepsen.util: 4	:ok	:broadcast	92
2026-03-20 15:37:08,841{GMT}	INFO	[jepsen worker 0] jepsen.util: 0	:invoke	:read	nil
2026-03-20 15:37:08,842{GMT}	INFO	[jepsen worker 0] jepsen.util: 0	:ok	:read	[3 5 6 7 8 9 10 11 12 13 14 15 16 17 18 19 20 21 22 23 24 25 26 27 28 29 30 31 32 33 34 35 36 37 38 39 40 41 42 44 45 46 47 48 49 50 51 53 54 55 56 58 59 60 61 62 64 65 66 67 68 69 71 72 73 74 76 77 78 80 81 82 84 86 87 88 90 91]
2026-03-20 15:37:08,940{GMT}	INFO	[jepsen worker 0] jepsen.util: 0	:invoke	:broadcast	93
2026-03-20 15:37:08,941{GMT}	INFO	[jepsen worker 0] jepsen.util: 0	:ok	:broadcast	93
2026-03-20 15:37:09,035{GMT}	INFO	[jepsen worker 1] jepsen.util: 1	:invoke	:read	nil
2026-03-20 15:37:09,036{GMT}	INFO	[jepsen worker 1] jepsen.util: 1	:ok	:read	[0 1 2 4 6 7 8 9 10 11 12 14 13 15 16 17 18 19 20 21 22 23 24 25 26 27 28 29 30 31 32 33 34 35 36 37 38 39 40 41 42 44 45 46 47 48 49 50 51 53 54 55 56 58 59 60 61 62 64 65 66 67 68 69 71 72 73 74 76 77 78 80 81 82 84 86 87 88 90 91 93]
2026-03-20 15:37:09,171{GMT}	INFO	[jepsen worker 2] jepsen.util: 2	:invoke	:read	nil
2026-03-20 15:37:09,172{GMT}	INFO	[jepsen worker 2] jepsen.util: 2	:ok	:read	[0 1 2 4 6 7 8 9 10 11 12 14 13 15 16 17 18 19 20 21 22 23 24 25 26 27 28 29 30 31 32 33 34 35 36 37 38 39 40 41 42 44 45 46 47 48 49 50 51 53 54 55 56 58 59 60 61 62 64 65 66 67 68 69 71 72 73 74 76 77 78 80 81 82 84 86 87 88 90 91 93]
2026-03-20 15:37:09,276{GMT}	INFO	[jepsen worker 3] jepsen.util: 3	:invoke	:broadcast	94
2026-03-20 15:37:09,277{GMT}	INFO	[jepsen worker 3] jepsen.util: 3	:ok	:broadcast	94
2026-03-20 15:37:09,403{GMT}	INFO	[jepsen worker 4] jepsen.util: 4	:invoke	:read	nil
2026-03-20 15:37:09,404{GMT}	INFO	[jepsen worker 4] jepsen.util: 4	:ok	:read	[0 1 2 4 6 7 8 9 10 11 12 13 14 15 16 17 18 19 20 21 22 23 24 25 26 27 28 29 30 31 32 33 34 35 36 37 38 39 40 41 42 43 52 57 63 70 75 79 83 85 89 92]
2026-03-20 15:37:09,529{GMT}	INFO	[jepsen worker 0] jepsen.util: 0	:invoke	:broadcast	95
2026-03-20 15:37:09,530{GMT}	INFO	[jepsen worker 0] jepsen.util: 0	:ok	:broadcast	95
2026-03-20 15:37:09,531{GMT}	INFO	[jepsen worker nemesis] jepsen.util: :nemesis	:info	:stop-partition	nil
2026-03-20 15:37:09,531{GMT}	INFO	[jepsen worker nemesis] jepsen.util: :nemesis	:info	:stop-partition	:network-healed
2026-03-20 15:37:09,532{GMT}	INFO	[jepsen worker 1] jepsen.generator.interpreter: Waiting for recovery...
2026-03-20 15:37:19,534{GMT}	INFO	[jepsen worker 3] jepsen.util: 3	:invoke	:read	nil
2026-03-20 15:37:19,534{GMT}	INFO	[jepsen worker 2] jepsen.util: 2	:invoke	:read	nil
2026-03-20 15:37:19,534{GMT}	INFO	[jepsen worker 0] jepsen.util: 0	:invoke	:read	nil
2026-03-20 15:37:19,534{GMT}	INFO	[jepsen worker 4] jepsen.util: 4	:invoke	:read	nil
2026-03-20 15:37:19,534{GMT}	INFO	[jepsen worker 1] jepsen.util: 1	:invoke	:read	nil
2026-03-20 15:37:19,536{GMT}	INFO	[jepsen worker 2] jepsen.util: 2	:ok	:read	[0 1 2 4 6 7 8 9 10 11 12 14 13 15 16 17 18 19 20 21 22 23 24 25 26 27 28 29 30 31 32 33 34 35 36 37 38 39 40 41 42 44 45 46 47 48 49 50 51 53 54 55 56 58 59 60 61 62 64 65 66 67 68 69 71 72 73 74 76 77 78 80 81 82 84 86 87 88 90 91 93 94 95]
2026-03-20 15:37:19,536{GMT}	INFO	[jepsen worker 4] jepsen.util: 4	:ok	:read	[0 1 2 4 6 7 8 9 10 11 12 13 14 15 16 17 18 19 20 21 22 23 24 25 26 27 28 29 30 31 32 33 34 35 36 37 38 39 40 41 42 43 52 57 63 70 75 79 83 85 89 92]
2026-03-20 15:37:19,536{GMT}	INFO	[jepsen worker 3] jepsen.util: 3	:ok	:read	[0 1 2 4 6 7 8 9 10 11 12 13 14 15 16 17 18 19 20 21 22 23 24 25 26 27 28 29 30 31 32 33 34 35 36 37 38 39 40 41 42 44 45 46 47 48 49 50 51 53 54 55 56 58 59 60 61 62 64 65 66 67 68 69 71 72 73 74 76 77 78 80 81 82 84 86 87 88 90 91 93 94 95]
2026-03-20 15:37:19,536{GMT}	INFO	[jepsen worker 1] jepsen.util: 1	:ok	:read	[0 1 2 4 6 7 8 9 10 11 12 14 13 15 16 17 18 19 20 21 22 23 24 25 26 27 28 29 30 31 32 33 34 35 36 37 38 39 40 41 42 44 45 46 47 48 49 50 51 53 54 55 56 58 59 60 61 62 64 65 66 67 68 69 71 72 73 74 76 77 78 80 81 82 84 86 87 88 90 91 93 94 95]
2026-03-20 15:37:19,536{GMT}	INFO	[jepsen worker 0] jepsen.util: 0	:ok	:read	[3 5 6 7 8 9 10 11 12 13 14 15 16 17 18 19 20 21 22 23 24 25 26 27 28 29 30 31 32 33 34 35 36 37 38 39 40 41 42 44 45 46 47 48 49 50 51 53 54 55 56 58 59 60 61 62 64 65 66 67 68 69 71 72 73 74 76 77 78 80 81 82 84 86 87 88 90 91 93 94 95]
2026-03-20 15:37:19,555{GMT}	INFO	[jepsen test runner] jepsen.core: Run complete, writing
2026-03-20 15:37:19,618{GMT}	INFO	[jepsen node n1] maelstrom.db: Tearing down n1
2026-03-20 15:37:19,619{GMT}	INFO	[jepsen node n3] maelstrom.db: Tearing down n3
2026-03-20 15:37:19,619{GMT}	INFO	[jepsen node n2] maelstrom.db: Tearing down n2
2026-03-20 15:37:19,619{GMT}	INFO	[jepsen node n4] maelstrom.db: Tearing down n4
2026-03-20 15:37:19,618{GMT}	INFO	[jepsen node n0] maelstrom.db: Tearing down n0
2026-03-20 15:37:21,375{GMT}	INFO	[jepsen node n0] maelstrom.net: Shutting down Maelstrom network
2026-03-20 15:37:21,376{GMT}	INFO	[jepsen test runner] jepsen.core: Analyzing...
2026-03-20 15:37:21,728{GMT}	INFO	[jepsen test runner] jepsen.core: Analysis complete
2026-03-20 15:37:21,757{GMT}	INFO	[jepsen results] jepsen.store: Wrote /home/banna/Documents/maelstrom-java/store/broadcast/20260320T153647.759Z/results.edn
2026-03-20 15:37:21,781{GMT}	INFO	[jepsen test runner] jepsen.core: {:perf {:latency-graph {:valid? true},
        :rate-graph {:valid? true},
        :valid? true},
 :timeline {:valid? true},
 :exceptions {:valid? true},
 :stats {:valid? true,
         :count 212,
         :ok-count 212,
         :fail-count 0,
         :info-count 0,
         :by-f {:broadcast {:valid? true,
                            :count 96,
                            :ok-count 96,
                            :fail-count 0,
                            :info-count 0},
                :read {:valid? true,
                       :count 116,
                       :ok-count 116,
                       :fail-count 0,
                       :info-count 0}}},
 :availability {:valid? true, :ok-fraction 1.0},
 :net {:all {:send-count 1208,
             :recv-count 1090,
             :msg-count 1208,
             :msgs-per-op 5.6981134},
       :clients {:send-count 444, :recv-count 444, :msg-count 444},
       :servers {:send-count 764,
                 :recv-count 646,
                 :msg-count 764,
                 :msgs-per-op 3.6037736},
       :valid? true},
 :workload {:worst-stale ({:element 0,
                           :outcome :stable,
                           :stable-latency 29795,
                           :lost-latency nil,
                           :known #jepsen.history.Op{:index 5,
                                                     :time 177045971,
                                                     :type :ok,
                                                     :process 2,
                                                     :f :add,
                                                     :value 0},
                           :last-absent #jepsen.history.Op{:index 424,
                                                           :time 29972214220,
                                                           :type :invoke,
                                                           :process 0,
                                                           :f :read,
                                                           :value nil,
                                                           :final? true}}
                          {:element 1,
                           :outcome :stable,
                           :stable-latency 29629,
                           :lost-latency nil,
                           :known #jepsen.history.Op{:index 7,
                                                     :time 343078930,
                                                     :type :ok,
                                                     :process 3,
                                                     :f :add,
                                                     :value 1},
                           :last-absent #jepsen.history.Op{:index 424,
                                                           :time 29972214220,
                                                           :type :invoke,
                                                           :process 0,
                                                           :f :read,
                                                           :value nil,
                                                           :final? true}}
                          {:element 2,
                           :outcome :stable,
                           :stable-latency 29498,
                           :lost-latency nil,
                           :known #jepsen.history.Op{:index 9,
                                                     :time 474058843,
                                                     :type :ok,
                                                     :process 4,
                                                     :f :add,
                                                     :value 2},
                           :last-absent #jepsen.history.Op{:index 424,
                                                           :time 29972214220,
                                                           :type :invoke,
                                                           :process 0,
                                                           :f :read,
                                                           :value nil,
                                                           :final? true}}
                          {:element 4,
                           :outcome :stable,
                           :stable-latency 28817,
                           :lost-latency nil,
                           :known #jepsen.history.Op{:index 19,
                                                     :time 1155145091,
                                                     :type :ok,
                                                     :process 3,
                                                     :f :add,
                                                     :value 4},
                           :last-absent #jepsen.history.Op{:index 424,
                                                           :time 29972214220,
                                                           :type :invoke,
                                                           :process 0,
                                                           :f :read,
                                                           :value nil,
                                                           :final? true}}
                          {:element 44,
                           :outcome :stable,
                           :stable-latency 21625,
                           :lost-latency nil,
                           :known #jepsen.history.Op{:index 171,
                                                     :time 8346471463,
                                                     :type :ok,
                                                     :process 1,
                                                     :f :add,
                                                     :value 44},
                           :last-absent #jepsen.history.Op{:index 425,
                                                           :time 29972342703,
                                                           :type :invoke,
                                                           :process 4,
                                                           :f :read,
                                                           :value nil,
                                                           :final? true}}
                          {:element 45,
                           :outcome :stable,
                           :stable-latency 21459,
                           :lost-latency nil,
                           :known #jepsen.history.Op{:index 173,
                                                     :time 8512543543,
                                                     :type :ok,
                                                     :process 2,
                                                     :f :add,
                                                     :value 45},
                           :last-absent #jepsen.history.Op{:index 425,
                                                           :time 29972342703,
                                                           :type :invoke,
                                                           :process 4,
                                                           :f :read,
                                                           :value nil,
                                                           :final? true}}
                          {:element 46,
                           :outcome :stable,
                           :stable-latency 21302,
                           :lost-latency nil,
                           :known #jepsen.history.Op{:index 175,
                                                     :time 8669401406,
                                                     :type :ok,
                                                     :process 3,
                                                     :f :add,
                                                     :value 46},
                           :last-absent #jepsen.history.Op{:index 425,
                                                           :time 29972342703,
                                                           :type :invoke,
                                                           :process 4,
                                                           :f :read,
                                                           :value nil,
                                                           :final? true}}
                          {:element 47,
                           :outcome :stable,
                           :stable-latency 21093,
                           :lost-latency nil,
                           :known #jepsen.history.Op{:index 181,
                                                     :time 8879118363,
                                                     :type :ok,
                                                     :process 0,
                                                     :f :add,
                                                     :value 47},
                           :last-absent #jepsen.history.Op{:index 425,
                                                           :time 29972342703,
                                                           :type :invoke,
                                                           :process 4,
                                                           :f :read,
                                                           :value nil,
                                                           :final? true}}),
            :duplicated-count 0,
            :valid? false,
            :lost-count 13,
            :lost (3 5 43 52 57 63 70 75 79 83 85 89 92),
            :stable-count 83,
            :stale-count 46,
            :stale (0
                    1
                    2
                    4
                    44
                    45
                    46
                    47
                    48
                    49
                    50
                    51
                    53
                    54
                    55
                    56
                    58
                    59
                    60
                    61
                    62
                    64
                    65
                    66
                    67
                    68
                    69
                    71
                    72
                    73
                    74
                    76
                    77
                    78
                    80
                    81
                    82
                    84
                    86
                    87
                    88
                    90
                    91
                    93
                    94
                    95),
            :never-read-count 0,
            :stable-latencies {0 0,
                               0.5 11319,
                               0.95 21625,
                               0.99 29795,
                               1 29795},
            :attempt-count 96,
            :lost-latencies {0 10733,
                             0.5 16532,
                             0.95 29214,
                             0.99 29214,
                             1 29214},
            :never-read (),
            :duplicated {}},
 :valid? false}


Analysis invalid! (ﾉಥ益ಥ）ﾉ ┻━┻
