2026-03-10T17:46:29 Unexpected exception handling (msg c2 n0 {"echo":"Please echo 93","type":"echo","msg_id":1}) : java.lang.RuntimeException: No handler for echo
java.lang.RuntimeException: No handler for echo
	at lab.Node.handleRequest(Node.java:95)
	at lab.Node.handleMessage(Node.java:71)
	at lab.Node.lambda$run$0(Node.java:44)
	at java.base/java.util.concurrent.ThreadPoolExecutor.runWorker(ThreadPoolExecutor.java:1144)
	at java.base/java.util.concurrent.ThreadPoolExecutor$Worker.run(ThreadPoolExecutor.java:642)
	at java.base/java.lang.Thread.run(Thread.java:1583)

2026-03-10T17:46:29 Unexpected exception handling (msg c3 n0 {"echo":"Please echo 107","type":"echo","msg_id":1}) : java.lang.RuntimeException: No handler for echo
java.lang.RuntimeException: No handler for echo
	at lab.Node.handleRequest(Node.java:95)
	at lab.Node.handleMessage(Node.java:71)
	at lab.Node.lambda$run$0(Node.java:44)
	at java.base/java.util.concurrent.ThreadPoolExecutor.runWorker(ThreadPoolExecutor.java:1144)
	at java.base/java.util.concurrent.ThreadPoolExecutor$Worker.run(ThreadPoolExecutor.java:642)
	at java.base/java.lang.Thread.run(Thread.java:1583)

2026-03-10T17:46:29 Unexpected exception handling (msg c4 n0 {"echo":"Please echo 90","type":"echo","msg_id":1}) : java.lang.RuntimeException: No handler for echo
java.lang.RuntimeException: No handler for echo
	at lab.Node.handleRequest(Node.java:95)
	at lab.Node.handleMessage(Node.java:71)
	at lab.Node.lambda$run$0(Node.java:44)
	at java.base/java.util.concurrent.ThreadPoolExecutor.runWorker(ThreadPoolExecutor.java:1144)
	at java.base/java.util.concurrent.ThreadPoolExecutor$Worker.run(ThreadPoolExecutor.java:642)
	at java.base/java.lang.Thread.run(Thread.java:1583)

2026-03-10T17:46:29 Unexpected exception handling (msg c5 n0 {"echo":"Please echo 50","type":"echo","msg_id":1}) : java.lang.RuntimeException: No handler for echo
java.lang.RuntimeException: No handler for echo
	at lab.Node.handleRequest(Node.java:95)
	at lab.Node.handleMessage(Node.java:71)
	at lab.Node.lambda$run$0(Node.java:44)
	at java.base/java.util.concurrent.ThreadPoolExecutor.runWorker(ThreadPoolExecutor.java:1144)
	at java.base/java.util.concurrent.ThreadPoolExecutor$Worker.run(ThreadPoolExecutor.java:642)
	at java.base/java.lang.Thread.run(Thread.java:1583)

2026-03-10T17:46:29 Unexpected exception handling (msg c6 n0 {"echo":"Please echo 19","type":"echo","msg_id":1}) : java.lang.RuntimeException: No handler for echo
java.lang.RuntimeException: No handler for echo
	at lab.Node.handleRequest(Node.java:95)
	at lab.Node.handleMessage(Node.java:71)
	at lab.Node.lambda$run$0(Node.java:44)
	at java.base/java.util.concurrent.ThreadPoolExecutor.runWorker(ThreadPoolExecutor.java:1144)
	at java.base/java.util.concurrent.ThreadPoolExecutor$Worker.run(ThreadPoolExecutor.java:642)
	at java.base/java.lang.Thread.run(Thread.java:1583)

2026-03-10T17:46:29 Unexpected exception handling (msg c7 n0 {"echo":"Please echo 30","type":"echo","msg_id":1}) : java.lang.RuntimeException: No handler for echo
java.lang.RuntimeException: No handler for echo
	at lab.Node.handleRequest(Node.java:95)
	at lab.Node.handleMessage(Node.java:71)
	at lab.Node.lambda$run$0(Node.java:44)
	at java.base/java.util.concurrent.ThreadPoolExecutor.runWorker(ThreadPoolExecutor.java:1144)
	at java.base/java.util.concurrent.ThreadPoolExecutor$Worker.run(ThreadPoolExecutor.java:642)
	at java.base/java.lang.Thread.run(Thread.java:1583)

2026-03-10T17:46:30 Unexpected exception handling (msg c8 n0 {"echo":"Please echo 28","type":"echo","msg_id":1}) : java.lang.RuntimeException: No handler for echo
java.lang.RuntimeException: No handler for echo
	at lab.Node.handleRequest(Node.java:95)
	at lab.Node.handleMessage(Node.java:71)
	at lab.Node.lambda$run$0(Node.java:44)
	at java.base/java.util.concurrent.ThreadPoolExecutor.runWorker(ThreadPoolExecutor.java:1144)
	at java.base/java.util.concurrent.ThreadPoolExecutor$Worker.run(ThreadPoolExecutor.java:642)
	at java.base/java.lang.Thread.run(Thread.java:1583)

2026-03-10T17:46:30 Unexpected exception handling (msg c9 n0 {"echo":"Please echo 60","type":"echo","msg_id":1}) : java.lang.RuntimeException: No handler for echo
java.lang.RuntimeException: No handler for echo
	at lab.Node.handleRequest(Node.java:95)
	at lab.Node.handleMessage(Node.java:71)
	at lab.Node.lambda$run$0(Node.java:44)
	at java.base/java.util.concurrent.ThreadPoolExecutor.runWorker(ThreadPoolExecutor.java:1144)
	at java.base/java.util.concurrent.ThreadPoolExecutor$Worker.run(ThreadPoolExecutor.java:642)
	at java.base/java.lang.Thread.run(Thread.java:1583)

2026-03-10T17:46:30 Unexpected exception handling (msg c10 n0 {"echo":"Please echo 79","type":"echo","msg_id":1}) : java.lang.RuntimeException: No handler for echo
java.lang.RuntimeException: No handler for echo
	at lab.Node.handleRequest(Node.java:95)
	at lab.Node.handleMessage(Node.java:71)
	at lab.Node.lambda$run$0(Node.java:44)
	at java.base/java.util.concurrent.ThreadPoolExecutor.runWorker(ThreadPoolExecutor.java:1144)
	at java.base/java.util.concurrent.ThreadPoolExecutor$Worker.run(ThreadPoolExecutor.java:642)
	at java.base/java.lang.Thread.run(Thread.java:1583)

2026-03-10T17:46:30 Unexpected exception handling (msg c11 n0 {"echo":"Please echo 6","type":"echo","msg_id":1}) : java.lang.RuntimeException: No handler for echo
java.lang.RuntimeException: No handler for echo
	at lab.Node.handleRequest(Node.java:95)
	at lab.Node.handleMessage(Node.java:71)
	at lab.Node.lambda$run$0(Node.java:44)
	at java.base/java.util.concurrent.ThreadPoolExecutor.runWorker(ThreadPoolExecutor.java:1144)
	at java.base/java.util.concurrent.ThreadPoolExecutor$Worker.run(ThreadPoolExecutor.java:642)
	at java.base/java.lang.Thread.run(Thread.java:1583)

2026-03-10T17:46:30 Unexpected exception handling (msg c12 n0 {"echo":"Please echo 111","type":"echo","msg_id":1}) : java.lang.RuntimeException: No handler for echo
java.lang.RuntimeException: No handler for echo
	at lab.Node.handleRequest(Node.java:95)
	at lab.Node.handleMessage(Node.java:71)
	at lab.Node.lambda$run$0(Node.java:44)
	at java.base/java.util.concurrent.ThreadPoolExecutor.runWorker(ThreadPoolExecutor.java:1144)
	at java.base/java.util.concurrent.ThreadPoolExecutor$Worker.run(ThreadPoolExecutor.java:642)
	at java.base/java.lang.Thread.run(Thread.java:1583)

2026-03-10T17:46:30 Unexpected exception handling (msg c13 n0 {"echo":"Please echo 82","type":"echo","msg_id":1}) : java.lang.RuntimeException: No handler for echo
java.lang.RuntimeException: No handler for echo
	at lab.Node.handleRequest(Node.java:95)
	at lab.Node.handleMessage(Node.java:71)
	at lab.Node.lambda$run$0(Node.java:44)
	at java.base/java.util.concurrent.ThreadPoolExecutor.runWorker(ThreadPoolExecutor.java:1144)
	at java.base/java.util.concurrent.ThreadPoolExecutor$Worker.run(ThreadPoolExecutor.java:642)
	at java.base/java.lang.Thread.run(Thread.java:1583)

2026-03-10T17:46:31 Unexpected exception handling (msg c14 n0 {"echo":"Please echo 84","type":"echo","msg_id":1}) : java.lang.RuntimeException: No handler for echo
java.lang.RuntimeException: No handler for echo
	at lab.Node.handleRequest(Node.java:95)
	at lab.Node.handleMessage(Node.java:71)
	at lab.Node.lambda$run$0(Node.java:44)
	at java.base/java.util.concurrent.ThreadPoolExecutor.runWorker(ThreadPoolExecutor.java:1144)
	at java.base/java.util.concurrent.ThreadPoolExecutor$Worker.run(ThreadPoolExecutor.java:642)
	at java.base/java.lang.Thread.run(Thread.java:1583)

2026-03-10T17:46:31 Unexpected exception handling (msg c15 n0 {"echo":"Please echo 91","type":"echo","msg_id":1}) : java.lang.RuntimeException: No handler for echo
java.lang.RuntimeException: No handler for echo
	at lab.Node.handleRequest(Node.java:95)
	at lab.Node.handleMessage(Node.java:71)
	at lab.Node.lambda$run$0(Node.java:44)
	at java.base/java.util.concurrent.ThreadPoolExecutor.runWorker(ThreadPoolExecutor.java:1144)
	at java.base/java.util.concurrent.ThreadPoolExecutor$Worker.run(ThreadPoolExecutor.java:642)
	at java.base/java.lang.Thread.run(Thread.java:1583)

2026-03-10T17:46:31 Unexpected exception handling (msg c16 n0 {"echo":"Please echo 96","type":"echo","msg_id":1}) : java.lang.RuntimeException: No handler for echo
java.lang.RuntimeException: No handler for echo
	at lab.Node.handleRequest(Node.java:95)
	at lab.Node.handleMessage(Node.java:71)
	at lab.Node.lambda$run$0(Node.java:44)
	at java.base/java.util.concurrent.ThreadPoolExecutor.runWorker(ThreadPoolExecutor.java:1144)
	at java.base/java.util.concurrent.ThreadPoolExecutor$Worker.run(ThreadPoolExecutor.java:642)
	at java.base/java.lang.Thread.run(Thread.java:1583)

2026-03-10T17:46:31 Unexpected exception handling (msg c17 n0 {"echo":"Please echo 21","type":"echo","msg_id":1}) : java.lang.RuntimeException: No handler for echo
java.lang.RuntimeException: No handler for echo
	at lab.Node.handleRequest(Node.java:95)
	at lab.Node.handleMessage(Node.java:71)
	at lab.Node.lambda$run$0(Node.java:44)
	at java.base/java.util.concurrent.ThreadPoolExecutor.runWorker(ThreadPoolExecutor.java:1144)
	at java.base/java.util.concurrent.ThreadPoolExecutor$Worker.run(ThreadPoolExecutor.java:642)
	at java.base/java.lang.Thread.run(Thread.java:1583)

2026-03-10T17:46:31 Unexpected exception handling (msg c18 n0 {"echo":"Please echo 21","type":"echo","msg_id":1}) : java.lang.RuntimeException: No handler for echo
java.lang.RuntimeException: No handler for echo
	at lab.Node.handleRequest(Node.java:95)
	at lab.Node.handleMessage(Node.java:71)
	at lab.Node.lambda$run$0(Node.java:44)
	at java.base/java.util.concurrent.ThreadPoolExecutor.runWorker(ThreadPoolExecutor.java:1144)
	at java.base/java.util.concurrent.ThreadPoolExecutor$Worker.run(ThreadPoolExecutor.java:642)
	at java.base/java.lang.Thread.run(Thread.java:1583)

2026-03-10T17:46:32 Unexpected exception handling (msg c19 n0 {"echo":"Please echo 18","type":"echo","msg_id":1}) : java.lang.RuntimeException: No handler for echo
java.lang.RuntimeException: No handler for echo
	at lab.Node.handleRequest(Node.java:95)
	at lab.Node.handleMessage(Node.java:71)
	at lab.Node.lambda$run$0(Node.java:44)
	at java.base/java.util.concurrent.ThreadPoolExecutor.runWorker(ThreadPoolExecutor.java:1144)
	at java.base/java.util.concurrent.ThreadPoolExecutor$Worker.run(ThreadPoolExecutor.java:642)
	at java.base/java.lang.Thread.run(Thread.java:1583)

2026-03-10T17:46:32 Unexpected exception handling (msg c20 n0 {"echo":"Please echo 35","type":"echo","msg_id":1}) : java.lang.RuntimeException: No handler for echo
java.lang.RuntimeException: No handler for echo
	at lab.Node.handleRequest(Node.java:95)
	at lab.Node.handleMessage(Node.java:71)
	at lab.Node.lambda$run$0(Node.java:44)
	at java.base/java.util.concurrent.ThreadPoolExecutor.runWorker(ThreadPoolExecutor.java:1144)
	at java.base/java.util.concurrent.ThreadPoolExecutor$Worker.run(ThreadPoolExecutor.java:642)
	at java.base/java.lang.Thread.run(Thread.java:1583)

2026-03-10T17:46:32 Unexpected exception handling (msg c21 n0 {"echo":"Please echo 97","type":"echo","msg_id":1}) : java.lang.RuntimeException: No handler for echo
java.lang.RuntimeException: No handler for echo
	at lab.Node.handleRequest(Node.java:95)
	at lab.Node.handleMessage(Node.java:71)
	at lab.Node.lambda$run$0(Node.java:44)
	at java.base/java.util.concurrent.ThreadPoolExecutor.runWorker(ThreadPoolExecutor.java:1144)
	at java.base/java.util.concurrent.ThreadPoolExecutor$Worker.run(ThreadPoolExecutor.java:642)
	at java.base/java.lang.Thread.run(Thread.java:1583)

2026-03-10T17:46:32 Unexpected exception handling (msg c22 n0 {"echo":"Please echo 13","type":"echo","msg_id":1}) : java.lang.RuntimeException: No handler for echo
java.lang.RuntimeException: No handler for echo
	at lab.Node.handleRequest(Node.java:95)
	at lab.Node.handleMessage(Node.java:71)
	at lab.Node.lambda$run$0(Node.java:44)
	at java.base/java.util.concurrent.ThreadPoolExecutor.runWorker(ThreadPoolExecutor.java:1144)
	at java.base/java.util.concurrent.ThreadPoolExecutor$Worker.run(ThreadPoolExecutor.java:642)
	at java.base/java.lang.Thread.run(Thread.java:1583)

2026-03-10T17:46:33 Unexpected exception handling (msg c23 n0 {"echo":"Please echo 92","type":"echo","msg_id":1}) : java.lang.RuntimeException: No handler for echo
java.lang.RuntimeException: No handler for echo
	at lab.Node.handleRequest(Node.java:95)
	at lab.Node.handleMessage(Node.java:71)
	at lab.Node.lambda$run$0(Node.java:44)
	at java.base/java.util.concurrent.ThreadPoolExecutor.runWorker(ThreadPoolExecutor.java:1144)
	at java.base/java.util.concurrent.ThreadPoolExecutor$Worker.run(ThreadPoolExecutor.java:642)
	at java.base/java.lang.Thread.run(Thread.java:1583)

2026-03-10T17:46:33 Unexpected exception handling (msg c24 n0 {"echo":"Please echo 60","type":"echo","msg_id":1}) : java.lang.RuntimeException: No handler for echo
java.lang.RuntimeException: No handler for echo
	at lab.Node.handleRequest(Node.java:95)
	at lab.Node.handleMessage(Node.java:71)
	at lab.Node.lambda$run$0(Node.java:44)
	at java.base/java.util.concurrent.ThreadPoolExecutor.runWorker(ThreadPoolExecutor.java:1144)
	at java.base/java.util.concurrent.ThreadPoolExecutor$Worker.run(ThreadPoolExecutor.java:642)
	at java.base/java.lang.Thread.run(Thread.java:1583)

2026-03-10T17:46:33 Unexpected exception handling (msg c25 n0 {"echo":"Please echo 77","type":"echo","msg_id":1}) : java.lang.RuntimeException: No handler for echo
java.lang.RuntimeException: No handler for echo
	at lab.Node.handleRequest(Node.java:95)
	at lab.Node.handleMessage(Node.java:71)
	at lab.Node.lambda$run$0(Node.java:44)
	at java.base/java.util.concurrent.ThreadPoolExecutor.runWorker(ThreadPoolExecutor.java:1144)
	at java.base/java.util.concurrent.ThreadPoolExecutor$Worker.run(ThreadPoolExecutor.java:642)
	at java.base/java.lang.Thread.run(Thread.java:1583)

2026-03-10T17:46:33 Unexpected exception handling (msg c26 n0 {"echo":"Please echo 113","type":"echo","msg_id":1}) : java.lang.RuntimeException: No handler for echo
java.lang.RuntimeException: No handler for echo
	at lab.Node.handleRequest(Node.java:95)
	at lab.Node.handleMessage(Node.java:71)
	at lab.Node.lambda$run$0(Node.java:44)
	at java.base/java.util.concurrent.ThreadPoolExecutor.runWorker(ThreadPoolExecutor.java:1144)
	at java.base/java.util.concurrent.ThreadPoolExecutor$Worker.run(ThreadPoolExecutor.java:642)
	at java.base/java.lang.Thread.run(Thread.java:1583)

2026-03-10T17:46:33 Unexpected exception handling (msg c27 n0 {"echo":"Please echo 38","type":"echo","msg_id":1}) : java.lang.RuntimeException: No handler for echo
java.lang.RuntimeException: No handler for echo
	at lab.Node.handleRequest(Node.java:95)
	at lab.Node.handleMessage(Node.java:71)
	at lab.Node.lambda$run$0(Node.java:44)
	at java.base/java.util.concurrent.ThreadPoolExecutor.runWorker(ThreadPoolExecutor.java:1144)
	at java.base/java.util.concurrent.ThreadPoolExecutor$Worker.run(ThreadPoolExecutor.java:642)
	at java.base/java.lang.Thread.run(Thread.java:1583)

2026-03-10T17:46:34 Unexpected exception handling (msg c28 n0 {"echo":"Please echo 75","type":"echo","msg_id":1}) : java.lang.RuntimeException: No handler for echo
java.lang.RuntimeException: No handler for echo
	at lab.Node.handleRequest(Node.java:95)
	at lab.Node.handleMessage(Node.java:71)
	at lab.Node.lambda$run$0(Node.java:44)
	at java.base/java.util.concurrent.ThreadPoolExecutor.runWorker(ThreadPoolExecutor.java:1144)
	at java.base/java.util.concurrent.ThreadPoolExecutor$Worker.run(ThreadPoolExecutor.java:642)
	at java.base/java.lang.Thread.run(Thread.java:1583)

2026-03-10T17:46:34 Unexpected exception handling (msg c29 n0 {"echo":"Please echo 34","type":"echo","msg_id":1}) : java.lang.RuntimeException: No handler for echo
java.lang.RuntimeException: No handler for echo
	at lab.Node.handleRequest(Node.java:95)
	at lab.Node.handleMessage(Node.java:71)
	at lab.Node.lambda$run$0(Node.java:44)
	at java.base/java.util.concurrent.ThreadPoolExecutor.runWorker(ThreadPoolExecutor.java:1144)
	at java.base/java.util.concurrent.ThreadPoolExecutor$Worker.run(ThreadPoolExecutor.java:642)
	at java.base/java.lang.Thread.run(Thread.java:1583)

2026-03-10T17:46:34 Unexpected exception handling (msg c30 n0 {"echo":"Please echo 12","type":"echo","msg_id":1}) : java.lang.RuntimeException: No handler for echo
java.lang.RuntimeException: No handler for echo
	at lab.Node.handleRequest(Node.java:95)
	at lab.Node.handleMessage(Node.java:71)
	at lab.Node.lambda$run$0(Node.java:44)
	at java.base/java.util.concurrent.ThreadPoolExecutor.runWorker(ThreadPoolExecutor.java:1144)
	at java.base/java.util.concurrent.ThreadPoolExecutor$Worker.run(ThreadPoolExecutor.java:642)
	at java.base/java.lang.Thread.run(Thread.java:1583)

2026-03-10T17:46:34 Unexpected exception handling (msg c31 n0 {"echo":"Please echo 49","type":"echo","msg_id":1}) : java.lang.RuntimeException: No handler for echo
java.lang.RuntimeException: No handler for echo
	at lab.Node.handleRequest(Node.java:95)
	at lab.Node.handleMessage(Node.java:71)
	at lab.Node.lambda$run$0(Node.java:44)
	at java.base/java.util.concurrent.ThreadPoolExecutor.runWorker(ThreadPoolExecutor.java:1144)
	at java.base/java.util.concurrent.ThreadPoolExecutor$Worker.run(ThreadPoolExecutor.java:642)
	at java.base/java.lang.Thread.run(Thread.java:1583)

2026-03-10T17:46:34 Unexpected exception handling (msg c32 n0 {"echo":"Please echo 54","type":"echo","msg_id":1}) : java.lang.RuntimeException: No handler for echo
java.lang.RuntimeException: No handler for echo
	at lab.Node.handleRequest(Node.java:95)
	at lab.Node.handleMessage(Node.java:71)
	at lab.Node.lambda$run$0(Node.java:44)
	at java.base/java.util.concurrent.ThreadPoolExecutor.runWorker(ThreadPoolExecutor.java:1144)
	at java.base/java.util.concurrent.ThreadPoolExecutor$Worker.run(ThreadPoolExecutor.java:642)
	at java.base/java.lang.Thread.run(Thread.java:1583)

2026-03-10T17:46:35 Unexpected exception handling (msg c33 n0 {"echo":"Please echo 98","type":"echo","msg_id":1}) : java.lang.RuntimeException: No handler for echo
java.lang.RuntimeException: No handler for echo
	at lab.Node.handleRequest(Node.java:95)
	at lab.Node.handleMessage(Node.java:71)
	at lab.Node.lambda$run$0(Node.java:44)
	at java.base/java.util.concurrent.ThreadPoolExecutor.runWorker(ThreadPoolExecutor.java:1144)
	at java.base/java.util.concurrent.ThreadPoolExecutor$Worker.run(ThreadPoolExecutor.java:642)
	at java.base/java.lang.Thread.run(Thread.java:1583)

2026-03-10T17:46:35 Unexpected exception handling (msg c34 n0 {"echo":"Please echo 69","type":"echo","msg_id":1}) : java.lang.RuntimeException: No handler for echo
java.lang.RuntimeException: No handler for echo
	at lab.Node.handleRequest(Node.java:95)
	at lab.Node.handleMessage(Node.java:71)
	at lab.Node.lambda$run$0(Node.java:44)
	at java.base/java.util.concurrent.ThreadPoolExecutor.runWorker(ThreadPoolExecutor.java:1144)
	at java.base/java.util.concurrent.ThreadPoolExecutor$Worker.run(ThreadPoolExecutor.java:642)
	at java.base/java.lang.Thread.run(Thread.java:1583)

2026-03-10T17:46:35 Unexpected exception handling (msg c35 n0 {"echo":"Please echo 81","type":"echo","msg_id":1}) : java.lang.RuntimeException: No handler for echo
java.lang.RuntimeException: No handler for echo
	at lab.Node.handleRequest(Node.java:95)
	at lab.Node.handleMessage(Node.java:71)
	at lab.Node.lambda$run$0(Node.java:44)
	at java.base/java.util.concurrent.ThreadPoolExecutor.runWorker(ThreadPoolExecutor.java:1144)
	at java.base/java.util.concurrent.ThreadPoolExecutor$Worker.run(ThreadPoolExecutor.java:642)
	at java.base/java.lang.Thread.run(Thread.java:1583)

2026-03-10T17:46:35 Unexpected exception handling (msg c36 n0 {"echo":"Please echo 123","type":"echo","msg_id":1}) : java.lang.RuntimeException: No handler for echo
java.lang.RuntimeException: No handler for echo
	at lab.Node.handleRequest(Node.java:95)
	at lab.Node.handleMessage(Node.java:71)
	at lab.Node.lambda$run$0(Node.java:44)
	at java.base/java.util.concurrent.ThreadPoolExecutor.runWorker(ThreadPoolExecutor.java:1144)
	at java.base/java.util.concurrent.ThreadPoolExecutor$Worker.run(ThreadPoolExecutor.java:642)
	at java.base/java.lang.Thread.run(Thread.java:1583)

2026-03-10T17:46:36 Unexpected exception handling (msg c37 n0 {"echo":"Please echo 24","type":"echo","msg_id":1}) : java.lang.RuntimeException: No handler for echo
java.lang.RuntimeException: No handler for echo
	at lab.Node.handleRequest(Node.java:95)
	at lab.Node.handleMessage(Node.java:71)
	at lab.Node.lambda$run$0(Node.java:44)
	at java.base/java.util.concurrent.ThreadPoolExecutor.runWorker(ThreadPoolExecutor.java:1144)
	at java.base/java.util.concurrent.ThreadPoolExecutor$Worker.run(ThreadPoolExecutor.java:642)
	at java.base/java.lang.Thread.run(Thread.java:1583)

2026-03-10T17:46:36 Unexpected exception handling (msg c38 n0 {"echo":"Please echo 0","type":"echo","msg_id":1}) : java.lang.RuntimeException: No handler for echo
java.lang.RuntimeException: No handler for echo
	at lab.Node.handleRequest(Node.java:95)
	at lab.Node.handleMessage(Node.java:71)
	at lab.Node.lambda$run$0(Node.java:44)
	at java.base/java.util.concurrent.ThreadPoolExecutor.runWorker(ThreadPoolExecutor.java:1144)
	at java.base/java.util.concurrent.ThreadPoolExecutor$Worker.run(ThreadPoolExecutor.java:642)
	at java.base/java.lang.Thread.run(Thread.java:1583)

2026-03-10T17:46:36 Unexpected exception handling (msg c39 n0 {"echo":"Please echo 74","type":"echo","msg_id":1}) : java.lang.RuntimeException: No handler for echo
java.lang.RuntimeException: No handler for echo
	at lab.Node.handleRequest(Node.java:95)
	at lab.Node.handleMessage(Node.java:71)
	at lab.Node.lambda$run$0(Node.java:44)
	at java.base/java.util.concurrent.ThreadPoolExecutor.runWorker(ThreadPoolExecutor.java:1144)
	at java.base/java.util.concurrent.ThreadPoolExecutor$Worker.run(ThreadPoolExecutor.java:642)
	at java.base/java.lang.Thread.run(Thread.java:1583)

2026-03-10T17:46:36 Unexpected exception handling (msg c40 n0 {"echo":"Please echo 37","type":"echo","msg_id":1}) : java.lang.RuntimeException: No handler for echo
java.lang.RuntimeException: No handler for echo
	at lab.Node.handleRequest(Node.java:95)
	at lab.Node.handleMessage(Node.java:71)
	at lab.Node.lambda$run$0(Node.java:44)
	at java.base/java.util.concurrent.ThreadPoolExecutor.runWorker(ThreadPoolExecutor.java:1144)
	at java.base/java.util.concurrent.ThreadPoolExecutor$Worker.run(ThreadPoolExecutor.java:642)
	at java.base/java.lang.Thread.run(Thread.java:1583)

2026-03-10T17:46:36 Unexpected exception handling (msg c41 n0 {"echo":"Please echo 71","type":"echo","msg_id":1}) : java.lang.RuntimeException: No handler for echo
java.lang.RuntimeException: No handler for echo
	at lab.Node.handleRequest(Node.java:95)
	at lab.Node.handleMessage(Node.java:71)
	at lab.Node.lambda$run$0(Node.java:44)
	at java.base/java.util.concurrent.ThreadPoolExecutor.runWorker(ThreadPoolExecutor.java:1144)
	at java.base/java.util.concurrent.ThreadPoolExecutor$Worker.run(ThreadPoolExecutor.java:642)
	at java.base/java.lang.Thread.run(Thread.java:1583)

2026-03-10T17:46:37 Unexpected exception handling (msg c42 n0 {"echo":"Please echo 0","type":"echo","msg_id":1}) : java.lang.RuntimeException: No handler for echo
java.lang.RuntimeException: No handler for echo
	at lab.Node.handleRequest(Node.java:95)
	at lab.Node.handleMessage(Node.java:71)
	at lab.Node.lambda$run$0(Node.java:44)
	at java.base/java.util.concurrent.ThreadPoolExecutor.runWorker(ThreadPoolExecutor.java:1144)
	at java.base/java.util.concurrent.ThreadPoolExecutor$Worker.run(ThreadPoolExecutor.java:642)
	at java.base/java.lang.Thread.run(Thread.java:1583)

2026-03-10T17:46:37 Unexpected exception handling (msg c43 n0 {"echo":"Please echo 104","type":"echo","msg_id":1}) : java.lang.RuntimeException: No handler for echo
java.lang.RuntimeException: No handler for echo
	at lab.Node.handleRequest(Node.java:95)
	at lab.Node.handleMessage(Node.java:71)
	at lab.Node.lambda$run$0(Node.java:44)
	at java.base/java.util.concurrent.ThreadPoolExecutor.runWorker(ThreadPoolExecutor.java:1144)
	at java.base/java.util.concurrent.ThreadPoolExecutor$Worker.run(ThreadPoolExecutor.java:642)
	at java.base/java.lang.Thread.run(Thread.java:1583)

2026-03-10T17:46:37 Unexpected exception handling (msg c44 n0 {"echo":"Please echo 94","type":"echo","msg_id":1}) : java.lang.RuntimeException: No handler for echo
java.lang.RuntimeException: No handler for echo
	at lab.Node.handleRequest(Node.java:95)
	at lab.Node.handleMessage(Node.java:71)
	at lab.Node.lambda$run$0(Node.java:44)
	at java.base/java.util.concurrent.ThreadPoolExecutor.runWorker(ThreadPoolExecutor.java:1144)
	at java.base/java.util.concurrent.ThreadPoolExecutor$Worker.run(ThreadPoolExecutor.java:642)
	at java.base/java.lang.Thread.run(Thread.java:1583)

2026-03-10T17:46:37 Unexpected exception handling (msg c45 n0 {"echo":"Please echo 110","type":"echo","msg_id":1}) : java.lang.RuntimeException: No handler for echo
java.lang.RuntimeException: No handler for echo
	at lab.Node.handleRequest(Node.java:95)
	at lab.Node.handleMessage(Node.java:71)
	at lab.Node.lambda$run$0(Node.java:44)
	at java.base/java.util.concurrent.ThreadPoolExecutor.runWorker(ThreadPoolExecutor.java:1144)
	at java.base/java.util.concurrent.ThreadPoolExecutor$Worker.run(ThreadPoolExecutor.java:642)
	at java.base/java.lang.Thread.run(Thread.java:1583)

2026-03-10T17:46:37 Unexpected exception handling (msg c46 n0 {"echo":"Please echo 96","type":"echo","msg_id":1}) : java.lang.RuntimeException: No handler for echo
java.lang.RuntimeException: No handler for echo
	at lab.Node.handleRequest(Node.java:95)
	at lab.Node.handleMessage(Node.java:71)
	at lab.Node.lambda$run$0(Node.java:44)
	at java.base/java.util.concurrent.ThreadPoolExecutor.runWorker(ThreadPoolExecutor.java:1144)
	at java.base/java.util.concurrent.ThreadPoolExecutor$Worker.run(ThreadPoolExecutor.java:642)
	at java.base/java.lang.Thread.run(Thread.java:1583)

2026-03-10T17:46:37 Unexpected exception handling (msg c47 n0 {"echo":"Please echo 36","type":"echo","msg_id":1}) : java.lang.RuntimeException: No handler for echo
java.lang.RuntimeException: No handler for echo
	at lab.Node.handleRequest(Node.java:95)
	at lab.Node.handleMessage(Node.java:71)
	at lab.Node.lambda$run$0(Node.java:44)
	at java.base/java.util.concurrent.ThreadPoolExecutor.runWorker(ThreadPoolExecutor.java:1144)
	at java.base/java.util.concurrent.ThreadPoolExecutor$Worker.run(ThreadPoolExecutor.java:642)
	at java.base/java.lang.Thread.run(Thread.java:1583)

2026-03-10T17:46:37 Unexpected exception handling (msg c48 n0 {"echo":"Please echo 2","type":"echo","msg_id":1}) : java.lang.RuntimeException: No handler for echo
java.lang.RuntimeException: No handler for echo
	at lab.Node.handleRequest(Node.java:95)
	at lab.Node.handleMessage(Node.java:71)
	at lab.Node.lambda$run$0(Node.java:44)
	at java.base/java.util.concurrent.ThreadPoolExecutor.runWorker(ThreadPoolExecutor.java:1144)
	at java.base/java.util.concurrent.ThreadPoolExecutor$Worker.run(ThreadPoolExecutor.java:642)
	at java.base/java.lang.Thread.run(Thread.java:1583)

2026-03-10T17:46:38 Unexpected exception handling (msg c49 n0 {"echo":"Please echo 115","type":"echo","msg_id":1}) : java.lang.RuntimeException: No handler for echo
java.lang.RuntimeException: No handler for echo
	at lab.Node.handleRequest(Node.java:95)
	at lab.Node.handleMessage(Node.java:71)
	at lab.Node.lambda$run$0(Node.java:44)
	at java.base/java.util.concurrent.ThreadPoolExecutor.runWorker(ThreadPoolExecutor.java:1144)
	at java.base/java.util.concurrent.ThreadPoolExecutor$Worker.run(ThreadPoolExecutor.java:642)
	at java.base/java.lang.Thread.run(Thread.java:1583)

2026-03-10T17:46:38 Unexpected exception handling (msg c50 n0 {"echo":"Please echo 82","type":"echo","msg_id":1}) : java.lang.RuntimeException: No handler for echo
java.lang.RuntimeException: No handler for echo
	at lab.Node.handleRequest(Node.java:95)
	at lab.Node.handleMessage(Node.java:71)
	at lab.Node.lambda$run$0(Node.java:44)
	at java.base/java.util.concurrent.ThreadPoolExecutor.runWorker(ThreadPoolExecutor.java:1144)
	at java.base/java.util.concurrent.ThreadPoolExecutor$Worker.run(ThreadPoolExecutor.java:642)
	at java.base/java.lang.Thread.run(Thread.java:1583)

2026-03-10T17:46:38 Unexpected exception handling (msg c51 n0 {"echo":"Please echo 96","type":"echo","msg_id":1}) : java.lang.RuntimeException: No handler for echo
java.lang.RuntimeException: No handler for echo
	at lab.Node.handleRequest(Node.java:95)
	at lab.Node.handleMessage(Node.java:71)
	at lab.Node.lambda$run$0(Node.java:44)
	at java.base/java.util.concurrent.ThreadPoolExecutor.runWorker(ThreadPoolExecutor.java:1144)
	at java.base/java.util.concurrent.ThreadPoolExecutor$Worker.run(ThreadPoolExecutor.java:642)
	at java.base/java.lang.Thread.run(Thread.java:1583)

2026-03-10T17:46:38 Unexpected exception handling (msg c52 n0 {"echo":"Please echo 91","type":"echo","msg_id":1}) : java.lang.RuntimeException: No handler for echo
java.lang.RuntimeException: No handler for echo
	at lab.Node.handleRequest(Node.java:95)
	at lab.Node.handleMessage(Node.java:71)
	at lab.Node.lambda$run$0(Node.java:44)
	at java.base/java.util.concurrent.ThreadPoolExecutor.runWorker(ThreadPoolExecutor.java:1144)
	at java.base/java.util.concurrent.ThreadPoolExecutor$Worker.run(ThreadPoolExecutor.java:642)
	at java.base/java.lang.Thread.run(Thread.java:1583)

2026-03-10T17:46:39 Unexpected exception handling (msg c53 n0 {"echo":"Please echo 102","type":"echo","msg_id":1}) : java.lang.RuntimeException: No handler for echo
java.lang.RuntimeException: No handler for echo
	at lab.Node.handleRequest(Node.java:95)
	at lab.Node.handleMessage(Node.java:71)
	at lab.Node.lambda$run$0(Node.java:44)
	at java.base/java.util.concurrent.ThreadPoolExecutor.runWorker(ThreadPoolExecutor.java:1144)
	at java.base/java.util.concurrent.ThreadPoolExecutor$Worker.run(ThreadPoolExecutor.java:642)
	at java.base/java.lang.Thread.run(Thread.java:1583)

