2026-03-12 17:47:13,587{GMT}	INFO	[jepsen test runner] jepsen.core: Command line:
lein run test -w broadcast --bin run.sh broadcast --node-count 2 --time-limit 20 --rate 10
2026-03-12 17:47:13,661{GMT}	INFO	[jepsen test runner] jepsen.core: Running test:
{:args ["broadcast"]
 :remote
 #jepsen.control.retry.Remote{:remote #jepsen.control.scp.Remote{:cmd-remote #jepsen.control.sshj.SSHJRemote{:concurrency-limit 6,
                                                                                                             :conn-spec nil,
                                                                                                             :client nil,
                                                                                                             :semaphore nil},
                                                                 :conn-spec nil},
                              :conn nil}
 :log-net-send false
 :node-count 2
 :availability nil
 :max-txn-length 4
 :concurrency 2
 :db
 #object[maelstrom.db$db$reify__16142
         "0x70b2819f"
         "maelstrom.db$db$reify__16142@70b2819f"]
 :max-writes-per-key 16
 :leave-db-running? false
 :name "broadcast"
 :logging-json? false
 :start-time
 #object[org.joda.time.DateTime "0x65dac812" "2026-03-12T17:47:13.565Z"]
 :nemesis-interval 10
 :net
 #object[maelstrom.net$jepsen_net$reify__15251
         "0x3619ecd"
         "maelstrom.net$jepsen_net$reify__15251@3619ecd"]
 :client
 #object[maelstrom.workload.broadcast$client$reify__16644
         "0x7de4bd8f"
         "maelstrom.workload.broadcast$client$reify__16644@7de4bd8f"]
 :barrier
 #object[java.util.concurrent.CyclicBarrier
         "0x193e65d5"
         "java.util.concurrent.CyclicBarrier@193e65d5"]
 :log-stderr false
 :pure-generators true
 :ssh {:dummy? true}
 :rate 10.0
 :checker
 #object[jepsen.checker$compose$reify__11881
         "0x2a97b4b8"
         "jepsen.checker$compose$reify__11881@2a97b4b8"]
 :argv
 ("test"
  "-w"
  "broadcast"
  "--bin"
  "run.sh"
  "broadcast"
  "--node-count"
  "2"
  "--time-limit"
  "20"
  "--rate"
  "10")
 :nemesis
 (jepsen.nemesis.ReflCompose
  {:fm {:start-partition 0,
        :stop-partition 0,
        :kill 1,
        :start 1,
        :pause 1,
        :resume 1},
   :nemeses [#unprintable "jepsen.nemesis.combined$partition_nemesis$reify__16416@250fc0d1"
             #unprintable "jepsen.nemesis.combined$db_nemesis$reify__16397@7ddf193a"]})
 :nodes ["n0" "n1"]
 :test-count 1
 :latency {:mean 0, :dist :constant}
 :bin "run.sh"
 :generator
 ((jepsen.generator.Synchronize
   {:gen (jepsen.generator.TimeLimit
          {:limit 20000000000,
           :cutoff nil,
           :gen (jepsen.generator.Any
                 {:gens [(jepsen.generator.OnThreads
                          {:f #{:nemesis},
                           :context-filter #object[jepsen.generator.context$make_thread_filter$lazy_filter__9167
                                                   "0x28ba90c1"
                                                   "jepsen.generator.context$make_thread_filter$lazy_filter__9167@28ba90c1"],
                           :gen nil})
                         (jepsen.generator.OnThreads
                          {:f #jepsen.generator.context.AllBut{:element :nemesis},
                           :context-filter #object[jepsen.generator.context$make_thread_filter$lazy_filter__9167
                                                   "0x71cf6e8c"
                                                   "jepsen.generator.context$make_thread_filter$lazy_filter__9167@71cf6e8c"],
                           :gen (jepsen.generator.Stagger
                                 {:dt 200000000,
                                  :next-time nil,
                                  :gen (jepsen.generator.Mix
                                        {:i 0,
                                         :gens [({:f :broadcast, :value 0}
                                                 {:f :broadcast, :value 1}
                                                 {:f :broadcast, :value 2}
                                                 {:f :broadcast, :value 3}
                                                 {:f :broadcast, :value 4}
                                                 {:f :broadcast, :value 5}
                                                 {:f :broadcast, :value 6}
                                                 {:f :broadcast, :value 7}
                                                 ...)
                                                ({:f :read}
                                                 {:f :read}
                                                 {:f :read}
                                                 {:f :read}
                                                 {:f :read}
                                                 {:f :read}
                                                 {:f :read}
                                                 {:f :read}
                                                 ...)]})})})]})})})
  (jepsen.generator.Synchronize
   {:gen (jepsen.generator.OnThreads
          {:f #{:nemesis},
           :context-filter #object[jepsen.generator.context$make_thread_filter$lazy_filter__9167
                                   "0x635b3ec7"
                                   "jepsen.generator.context$make_thread_filter$lazy_filter__9167@635b3ec7"],
           :gen ()})})
  (jepsen.generator.Synchronize
   {:gen {:type :log, :value "Waiting for recovery..."}})
  (jepsen.generator.Synchronize {:gen {:type :sleep, :value 10}})
  (jepsen.generator.Synchronize
   {:gen (jepsen.generator.OnThreads
          {:f #jepsen.generator.context.AllBut{:element :nemesis},
           :context-filter #object[jepsen.generator.context$make_thread_filter$lazy_filter__9167
                                   "0x1f9b86f5"
                                   "jepsen.generator.context$make_thread_filter$lazy_filter__9167@1f9b86f5"],
           :gen (jepsen.generator.EachThread
                 {:fresh-gen {:f :read, :final? true},
                  :context-filters #object[clojure.core$promise$reify__8591
                                           "0x15aa3084"
                                           {:status :pending, :val nil}],
                  :gens {}})})}))
 :log-net-recv false
 :os
 #object[maelstrom.net$jepsen_os$reify__15254
         "0x4e6c4c55"
         "maelstrom.net$jepsen_os$reify__15254@4e6c4c55"]
 :time-limit 20
 :workload :broadcast
 :consistency-models [:strict-serializable]
 :topology :grid}

2026-03-12 17:47:14,868{GMT}	INFO	[jepsen node n0] maelstrom.net: Starting Maelstrom network
2026-03-12 17:47:14,869{GMT}	INFO	[jepsen test runner] jepsen.db: Tearing down DB
2026-03-12 17:47:14,871{GMT}	INFO	[jepsen test runner] jepsen.db: Setting up DB
2026-03-12 17:47:14,872{GMT}	INFO	[jepsen node n1] maelstrom.db: Setting up n1
2026-03-12 17:47:14,873{GMT}	INFO	[jepsen node n1] maelstrom.process: launching run.sh ["broadcast"]
2026-03-12 17:47:14,873{GMT}	INFO	[jepsen node n0] maelstrom.service: Starting services: (lin-kv lin-tso lww-kv seq-kv)
2026-03-12 17:47:14,875{GMT}	INFO	[jepsen node n0] maelstrom.db: Setting up n0
2026-03-12 17:47:14,876{GMT}	INFO	[jepsen node n0] maelstrom.process: launching run.sh ["broadcast"]
2026-03-12 17:47:14,972{GMT}	INFO	[jepsen test runner] jepsen.core: Relative time begins now
2026-03-12 17:47:14,990{GMT}	INFO	[jepsen worker 0] jepsen.util: 0	:invoke	:broadcast	0
2026-03-12 17:47:14,994{GMT}	INFO	[jepsen worker 0] jepsen.util: 0	:ok	:broadcast	0
2026-03-12 17:47:15,139{GMT}	INFO	[jepsen worker 1] jepsen.util: 1	:invoke	:read	nil
2026-03-12 17:47:15,144{GMT}	INFO	[jepsen worker 1] jepsen.util: 1	:ok	:read	[0 0 0 0 0 0 0 0 0 0 0 0 0 0 0 0 0 0 0 0 0 0 0 0 0 0 0 0 0 0 0 0 0 0 0 0 0 0 0 0 0 0 0 0 0 0 0 0 0 0 0 0 0 0 0 0 0 0 0 0 0 0 0 0 0 0 0 0 0 0 0 0 0 0 0 0 0 0 0 0 0 0 0]
2026-03-12 17:47:15,269{GMT}	INFO	[jepsen worker 0] jepsen.util: 0	:invoke	:broadcast	1
2026-03-12 17:47:15,271{GMT}	INFO	[jepsen worker 0] jepsen.util: 0	:ok	:broadcast	1
2026-03-12 17:47:15,279{GMT}	INFO	[jepsen worker 0] jepsen.util: 0	:invoke	:broadcast	2
2026-03-12 17:47:15,282{GMT}	INFO	[jepsen worker 0] jepsen.util: 0	:ok	:broadcast	2
2026-03-12 17:47:15,337{GMT}	INFO	[jepsen worker 1] jepsen.util: 1	:invoke	:read	nil
2026-03-12 17:47:15,444{GMT}	INFO	[jepsen worker 1] jepsen.util: 1	:fail	:read	nil	[:crash "Unexpected exception handling (msg c5 n1 {\"type\":\"read\",\"msg_id\":2}) : java.util.ConcurrentModificationException\njava.util.ConcurrentModificationException\n\tat java.base/java.util.ArrayList$Itr.checkForComodification(ArrayList.java:1095)\n\tat java.base/java.util.ArrayList$Itr.next(ArrayList.java:1049)\n\tat lab.BroadcastServer.lambda$run$1(BroadcastServer.java:72)\n\tat lab.Node.handleRequest(Node.java:97)\n\tat lab.Node.handleMessage(Node.java:71)\n\tat lab.Node.lambda$run$0(Node.java:44)\n\tat java.base/java.util.concurrent.ThreadPoolExecutor.runWorker(ThreadPoolExecutor.java:1144)\n\tat java.base/java.util.concurrent.ThreadPoolExecutor$Worker.run(ThreadPoolExecutor.java:642)\n\tat java.base/java.lang.Thread.run(Thread.java:1583)\n"]
2026-03-12 17:47:15,497{GMT}	INFO	[jepsen worker 0] jepsen.util: 0	:invoke	:broadcast	3
2026-03-12 17:47:15,500{GMT}	INFO	[jepsen worker 0] jepsen.util: 0	:ok	:broadcast	3
2026-03-12 17:47:15,642{GMT}	INFO	[jepsen worker 0] jepsen.util: 0	:invoke	:broadcast	4
2026-03-12 17:47:15,645{GMT}	INFO	[jepsen worker 0] jepsen.util: 0	:ok	:broadcast	4
2026-03-12 17:47:15,757{GMT}	INFO	[jepsen worker 1] jepsen.util: 1	:invoke	:broadcast	5
2026-03-12 17:47:15,759{GMT}	INFO	[jepsen worker 1] jepsen.util: 1	:ok	:broadcast	5
2026-03-12 17:47:15,798{GMT}	INFO	[jepsen worker 0] jepsen.util: 0	:invoke	:read	nil
2026-03-12 17:47:15,812{GMT}	INFO	[jepsen worker 1] jepsen.util: 1	:invoke	:broadcast	6
2026-03-12 17:47:15,815{GMT}	INFO	[jepsen worker 1] jepsen.util: 1	:ok	:broadcast	6
2026-03-12 17:47:15,902{GMT}	INFO	[jepsen worker 1] jepsen.util: 1	:invoke	:read	nil
2026-03-12 17:47:15,909{GMT}	INFO	[jepsen worker 0] jepsen.util: 0	:fail	:read	nil	[:crash "Unexpected exception handling (msg c4 n0 {\"type\":\"read\",\"msg_id\":6}) : java.util.ConcurrentModificationException\njava.util.ConcurrentModificationException\n\tat java.base/java.util.ArrayList$Itr.checkForComodification(ArrayList.java:1095)\n\tat java.base/java.util.ArrayList$Itr.next(ArrayList.java:1049)\n\tat lab.BroadcastServer.lambda$run$1(BroadcastServer.java:72)\n\tat lab.Node.handleRequest(Node.java:97)\n\tat lab.Node.handleMessage(Node.java:71)\n\tat lab.Node.lambda$run$0(Node.java:44)\n\tat java.base/java.util.concurrent.ThreadPoolExecutor.runWorker(ThreadPoolExecutor.java:1144)\n\tat java.base/java.util.concurrent.ThreadPoolExecutor$Worker.run(ThreadPoolExecutor.java:642)\n\tat java.base/java.lang.Thread.run(Thread.java:1583)\n"]
2026-03-12 17:47:15,910{GMT}	INFO	[jepsen worker 1] jepsen.util: 1	:fail	:read	nil	[:crash "Unexpected exception handling (msg c5 n1 {\"type\":\"read\",\"msg_id\":5}) : java.util.ConcurrentModificationException\njava.util.ConcurrentModificationException\n\tat java.base/java.util.ArrayList$Itr.checkForComodification(ArrayList.java:1095)\n\tat java.base/java.util.ArrayList$Itr.next(ArrayList.java:1049)\n\tat lab.BroadcastServer.lambda$run$1(BroadcastServer.java:72)\n\tat lab.Node.handleRequest(Node.java:97)\n\tat lab.Node.handleMessage(Node.java:71)\n\tat lab.Node.lambda$run$0(Node.java:44)\n\tat java.base/java.util.concurrent.ThreadPoolExecutor.runWorker(ThreadPoolExecutor.java:1144)\n\tat java.base/java.util.concurrent.ThreadPoolExecutor$Worker.run(ThreadPoolExecutor.java:642)\n\tat java.base/java.lang.Thread.run(Thread.java:1583)\n"]
2026-03-12 17:47:16,098{GMT}	INFO	[jepsen worker 0] jepsen.util: 0	:invoke	:read	nil
2026-03-12 17:47:16,100{GMT}	INFO	[jepsen worker 1] jepsen.util: 1	:invoke	:read	nil
2026-03-12 17:47:16,109{GMT}	INFO	[jepsen worker 0] jepsen.util: 0	:ok	:read	[0 0 0 0 0 0 0 0 0 0 0 0 0 0 0 0 0 0 0 0 0 0 0 0 0 0 0 0 0 0 0 0 0 0 0 0 0 0 0 0 0 0 0 0 0 0 0 0 0 0 0 0 0 0 0 0 0 0 0 0 0 0 0 0 0 0 0 0 0 0 0 0 0 0 0 0 0 0 0 0 0 0 0 0 0 0 0 0 0 0 0 0 0 0 0 0 0 0 0 0 0 0 0 0 0 0 0 0 0 0 0 0 0 0 0 0 0 0 0 0 0 0 0 0 0 0 0 0 0 0 0 0 0 0 0 0 0 0 0 0 0 0 0 0 0 0 0 0 0 0 0 0 0 0 0 0 0 0 0 0 0 0 0 0 0 0 0 0 0 0 0 0 0 0 0 0 0 0 0 1 1 0 1 0 1 0 1 2 0 1 2 1 0 2 1 0 1 2 0 1 2 0 2 1 0 2 1 0 2 0 2 1 0 2 1 2 0 1 2 1 0 2 0 1 2 0 2 1 0 2 1 0 2 1 0 1 2 0 1 2 0 2 1 1 0 2 0 1 2 0 1 2 0 1 2 0 1 2 0 1 0 1 0 2 1 0 2 0 1 2 1 0 2 1 2 0 1 2 1 2 0 1 2 0 1 2 2 0 1 1 0 2 1 0 2 0 0 2 1 0 2 0 2 0 1 2 1 2 0 2 1 0 2 1 0 2 0 1 2 1 2 2 1 2 0 1 2 0 1 2 0 1 2 0 1 2 0 1 0 2 1 0 1 2 0 2 1 0 2 1 0 1 2 0 1 2 0 1 2 0 1 2 0 1 0 2 1 0 2 1 0 1 2 0 1 0 2 1 0 2 1 0 2 1 0 2 1 1 0 2 3 1 2 3 0 2 0 3 1 0 2 3 1 0 3 2 1 0 3 2 1 0 3 0 3 2 1 3 2 1 3 0 2 1 3 0 2 1 3 0 1 2 3 1 0 2 3 0 1 2 3 0 2 1 3 0 2 3 1 0 2 3 1 3 0 2 1 2 3 0 1 2 3 0 2 3 1 0 3 2 1 1 2 0 3 1 0 2 3 1 2 0 3 3 1 2 0 3 1 0 1 3 2 3 0 2 1 0 3 2 3 1 3 1 0 2 2 0 3 2 1 3 2 3 0 2 3 1 0 1 2 3 1 0 2 3 3 1 2 0 3 1 2 0 3 0 1 2 3 1 2 0 3 1 2 0 3 1 2 0 3 1 2 0 1 2 3 1 0 2 3 0 1 3 2 0 1 3 1 2 0 3 1 2 0 0 1 3 2 0 2 3 1 2 3 1 0 2 3 1 0 2 0 1 3 1 3 2 0 0 2 1 3 1 2 0 1 0 2 3 0 1 2 3 2 1 0 3 0 3 0 2 1 3 0 2 1 3 0 2 1 3 0 1 3 0 2 1 3 0 1 3 0 2 1 0 3 2 1 3 2 0 1 0 3 2 1 0 3 2 4 1 3 0 2 4 1 3 0 4 2 0 3 1 4 0 3 1 2 4 2 1 0 4 3 0 2 4 1 3 0 2 4 3 1 2 4 0 3 1 2 4 0 3 1 4 0 3 1 2 1 0 4 3 2 1 0 3 4 1 2 0 3 4 0 1 2 4 3 0 1 2 4 3 0 2 4 3 4 3 0 1 2 4 3 0 3 1 4 0 2 3 1 4 2 0 3 0 4 2 1 3 2 0 4 1 3 2 1 0 3 4 2 1 0 4 3 1 2 0 4 3 1 2 0 4 1 2 3 4 0 2 1 3 4 1 2 4 3 1 0 2 4 3 1 0 4 2 3 1 4 0 2 1 3 2 0 4 1 3 4 2 0 1 3 2 4 2 0 1 3 4 1 2 0 4 2 3 0 1 4 3 2 1 0 4 3 1 0 2 4 3 2 1 0 4 3 0 2 1 1 4 2 0 3 2 3 0 1 4 2 3 1 4 0 2 3 4 0 2 3 1 5 2 4 0 3 1 5 2 4 0 3 1 5 4 3 2 0 5 1 4 0 2 3 5 1 4 1 3 0 5 2 1 3 4 2 1 5 3 4 0 2 5 1 3 0 4 1 5 2 3 0 4 5 1 3 2 0 1 5 4 3 1 0 2 5 4 3 1 0 2 3 5 1 4 2 5 0 1 3 4 0 5 2 1 3 4 5 1 0 4 2 3 1 5 2 4 5 3 0 1 2 4 3 1 0 5 2 4 0 5 2 6 1 3 4 5 0 6 1 2 3 4 5 6 2 1 0 4 3 5 1 6 2 5 3 2 0 1 4 6 2 5 1 0 3 4 1 6 0 2 4 3 5 1 2 6 0 3 4 5 0 3 1 4 5 0 2 6 3 4 0 6 2 2 6 3 0 1 4 5 1 6 2 4 5 3 0 1 2 4 0 3 5 1 4 2 6 0 3 3 6 0 4 5 1 2 3 6 0 5 4 1 2 4 0 5 3 1 6 2 0 4 5 1 3 6 2 6 3 4 0 1 5 2 3 4 6 0 1 5 2 4 3 1 6 0 5 2 3 1 4 0 6 5 2 3 1 0 5 4 3 1 2 6 0 4 5 1 3 2 0 6 4 5 1 3 2 0 6 5 1 4 3 2 1 5 0 4 6 3 2 1 5 0 6 4 4 0 3 2 5 1 6 0 5 3 4 2 1 6 0 3 4 1 2 6 5 3 4 1 2 0 6 5 1 3 4 2 6 5 0 1 2 4 0 5 6 3 1 2 3 6 0 5 4 2 3 1 6 2 0 3 4 6 5 1 2 4 3 0 5 6 1 2 4 3 5 6 0 1 2 4 3 5 6 0 1 2 4 3 5 6 0 1 4 3 2 6 5 0 1 4 3 6 2 5 4 0 3 1 6 5 2 4 6 3 1 0 5 2 4 6 3 1 0 5 2 4 1 3 6 2 1 0 5 4 2 3 6 5 0 1 4 6 3 2 5 4 1 0 6 3 2 1 4 5 0 3 1 4 6 2 5 0 3 4 0 2 5 1 6 3 2 1 5 4 6 0 2 3 4 5 1 0 2 4 6 3 5 1 6 4 3 2 0 1 5 6 4 2 3 5 6 2 4 3 0 6 5 2 4 1 3 0 6 2 4 5 0 3 6 4 0 2 5 1 3 6 4 0 6 3 4 1 2 5 0 3 4 1 6 2 5 0 4 3 5 1 0 4 2 3 6 5 2 4 1 5 0 3 6 2 4 5 6 4 1 2 0 3 5 4 6 1 2 0 3 5 4 6 5 0 3 2 1 4 5 0 3 2 6 1 4 5 6 2 3 1 4 5 0 6 2 3 1 5 2 0 6 3 6 5 0 2 4 3 0 4 6 2 5 3 6 3 5 1 4 2 0 6 5 2 3 1 4 0 6 3 5 1 4 6 3 2 0 1 6 4 0 3 2 5 1 4 0 6 5 3 1 2 0 4 6 1 2 5 3 4 0 1 6 2 5 4 3 0 1 6 5 2 3 0 6 5 2 4 1 0 5 6 3 2 4 1 5 3 0 2 4 1 5 3 4 1 6 0 5 2 3 0 1 5 6 2 3 4 1 0 5 4 6 2 1 0 3]
2026-03-12 17:47:16,110{GMT}	INFO	[jepsen worker 1] jepsen.util: 1	:ok	:read	[0 0 0 0 0 0 0 0 0 0 0 0 0 0 0 0 0 0 0 0 0 0 0 0 0 0 0 0 0 0 0 0 0 0 0 0 0 0 0 0 0 0 0 0 0 0 0 0 0 0 0 0 0 0 0 0 0 0 0 0 0 0 0 0 0 0 0 0 0 0 0 0 0 0 0 0 0 0 0 0 0 0 0 0 0 0 0 0 0 0 0 0 0 0 0 0 0 0 0 0 0 0 0 0 0 0 0 0 0 0 0 0 0 0 0 0 0 0 0 0 0 0 0 0 0 0 0 0 0 0 0 0 0 0 0 0 0 0 0 0 0 0 0 0 0 0 0 0 0 0 0 0 0 0 0 0 0 0 0 0 0 0 0 0 0 0 0 0 0 0 0 0 0 0 0 0 0 0 1 0 1 0 1 0 1 0 1 2 1 0 2 1 0 1 2 0 1 2 0 2 1 0 2 1 0 2 1 2 0 2 1 2 0 1 2 1 0 2 0 1 2 0 1 2 0 2 1 0 2 1 0 2 1 0 1 2 0 1 2 0 1 2 0 1 2 0 1 2 0 1 2 0 1 2 0 1 2 0 1 0 1 0 2 1 0 2 0 1 2 1 2 0 1 2 1 0 2 1 2 0 1 2 0 2 1 2 0 1 1 0 2 0 1 2 0 0 2 0 2 1 0 2 1 2 0 2 1 0 2 0 1 2 1 0 2 0 1 2 2 1 2 1 2 0 1 2 0 1 2 0 1 2 0 1 2 0 1 0 1 2 0 2 1 0 2 1 0 2 1 0 1 2 0 1 2 0 1 2 0 1 0 2 1 0 2 1 0 1 2 0 1 2 0 1 2 0 1 0 2 1 0 2 1 1 2 0 1 2 0 3 1 2 3 0 0 2 3 1 0 3 2 1 0 3 2 1 0 3 2 1 0 3 3 1 2 0 3 2 1 3 0 2 1 3 2 0 1 3 1 0 2 3 0 1 2 3 0 1 2 3 0 2 3 1 0 2 3 1 3 0 2 1 3 0 2 1 2 3 0 1 2 3 0 3 2 1 0 3 2 1 1 2 3 1 0 2 3 1 0 3 3 1 0 2 3 1 0 3 1 2 1 3 0 2 3 1 0 2 3 1 2 1 0 3 2 0 3 2 3 0 2 3 1 0 3 1 2 0 2 1 3 1 0 3 2 3 1 2 0 3 0 1 2 3 1 0 2 3 1 2 0 3 1 2 0 3 1 2 0 3 2 1 0 1 2 3 0 1 2 3 0 1 3 0 1 2 3 2 0 3 1 2 0 0 2 1 3 0 2 3 1 2 3 1 0 2 3 1 0 2 0 1 3 2 0 1 3 0 1 2 3 1 0 2 0 2 1 3 2 0 1 3 0 3 0 2 3 1 0 2 3 0 2 1 3 0 2 1 3 0 1 3 0 2 1 3 0 1 0 3 2 1 3 2 0 1 2 3 0 1 0 3 2 1 3 0 2 4 1 3 0 4 2 0 1 3 4 0 3 1 2 4 0 1 3 2 4 0 1 2 4 3 0 2 4 3 1 2 4 0 3 1 2 4 0 1 3 2 4 0 3 1 2 0 1 4 3 2 1 0 4 3 2 1 0 3 4 2 0 1 4 3 0 1 2 4 3 0 4 3 2 0 4 3 2 1 4 3 0 2 1 4 3 0 3 4 2 1 0 3 1 4 2 0 3 4 0 2 1 3 2 1 0 3 4 2 1 0 4 3 1 2 0 4 3 1 2 0 4 3 1 2 0 4 1 2 3 4 0 2 1 3 4 1 0 2 4 3 1 0 4 2 1 3 0 4 2 1 0 3 2 4 1 3 4 2 0 1 3 2 4 2 0 1 4 3 1 2 0 3 4 2 0 1 4 2 3 0 1 4 3 1 0 2 4 1 3 0 2 2 4 0 1 3 4 3 2 0 1 2 3 1 0 4 2 3 0 1 4 2 3 4 1 0 2 3 4 5 0 2 3 1 5 2 4 0 3 1 5 2 4 0 3 1 5 3 2 5 0 4 1 4 5 3 0 1 4 1 3 0 2 5 1 3 4 2 5 1 3 0 4 2 5 1 3 0 4 5 1 2 3 0 4 5 1 3 1 0 2 4 5 3 1 0 2 3 5 4 1 2 0 5 3 1 4 5 2 0 4 1 3 0 5 1 2 4 3 0 5 1 2 4 5 1 0 3 2 4 3 0 5 1 2 6 4 0 5 1 3 2 4 5 0 6 1 2 3 4 5 0 6 2 1 3 4 5 6 1 0 2 4 5 3 0 6 2 1 5 2 1 0 3 4 6 1 0 2 3 5 4 1 2 6 0 3 4 1 5 0 3 4 5 6 2 0 3 4 0 6 2 2 6 3 0 5 4 1 3 6 0 1 4 5 1 2 4 5 3 0 1 2 4 0 6 3 5 1 4 0 3 6 2 5 4 3 0 6 1 2 3 4 0 5 1 6 2 4 0 3 5 1 6 2 6 4 5 3 0 1 2 6 3 4 0 1 5 2 3 4 0 1 6 5 2 3 4 1 0 6 5 2 3 1 4 0 5 6 2 3 1 4 0 5 3 1 2 0 5 4 6 1 3 2 0 6 5 4 1 3 2 0 6 1 5 4 3 2 1 5 6 0 4 3 6 0 4 1 5 2 0 3 5 4 2 6 1 0 3 4 2 1 6 5 0 3 4 1 2 6 1 4 5 3 2 0 6 5 1 2 4 6 0 3 5 1 2 3 6 0 5 4 2 3 6 1 0 2 3 4 5 1 6 2 4 0 3 6 5 1 2 4 3 5 6 0 1 2 4 3 6 5 0 1 2 4 3 5 6 0 1 2 4 3 6 5 0 4 1 3 2 6 5 0 1 4 3 6 2 5 6 4 3 1 0 2 5 4 6 3 1 0 5 2 4 3 1 6 5 2 1 4 0 2 6 3 1 5 0 4 6 3 2 5 1 0 4 6 3 2 4 1 0 5 3 1 4 6 2 5 0 3 6 4 2 5 0 1 3 0 4 2 5 6 1 2 3 4 5 1 6 0 2 4 3 5 1 6 4 3 2 0 1 5 6 4 2 3 5 6 2 4 3 0 6 4 2 5 3 1 0 6 2 5 4 3 0 6 4 2 5 0 1 3 6 4 0 4 6 3 1 5 2 0 6 3 4 1 2 5 0 4 1 3 5 6 2 4 0 3 5 0 2 3 5 6 4 1 2 4 5 6 4 1 2 0 3 5 6 4 1 2 0 3 5 4 6 2 3 0 5 1 4 6 0 2 5 3 1 4 5 6 2 3 0 1 4 5 6 2 3 1 5 2 0 4 3 6 1 6 5 2 0 3 6 2 0 1 4 5 3 6 4 1 2 5 3 0 6 5 3 2 1 0 4 6 5 2 3 1 4 0 6 3 1 4 6 0 3 2 5 1 4 6 0 3 2 5 1 4 0 6 5 2 1 3 0 4 6 2 5 1 3 0 4 1 6 2 5 3 0 1 4 6 5 2 0 5 6 3 2 4 1 5 0 3 2 4 1 3 6 0 2 4 1 5 3 0 1 5 6 2 3 4 1 0 5 2 1 6 3 4 0 5 6 4 2 1 0 3]
2026-03-12 17:47:16,287{GMT}	INFO	[jepsen worker 1] jepsen.util: 1	:invoke	:broadcast	7
2026-03-12 17:47:16,290{GMT}	INFO	[jepsen worker 1] jepsen.util: 1	:ok	:broadcast	7
2026-03-12 17:47:16,324{GMT}	INFO	[jepsen worker 0] jepsen.util: 0	:invoke	:read	nil
2026-03-12 17:47:16,339{GMT}	INFO	[jepsen worker 0] jepsen.util: 0	:fail	:read	nil	[:crash "Unexpected exception handling (msg c4 n0 {\"type\":\"read\",\"msg_id\":8}) : java.util.ConcurrentModificationException\njava.util.ConcurrentModificationException\n\tat java.base/java.util.ArrayList$Itr.checkForComodification(ArrayList.java:1095)\n\tat java.base/java.util.ArrayList$Itr.next(ArrayList.java:1049)\n\tat lab.BroadcastServer.lambda$run$1(BroadcastServer.java:72)\n\tat lab.Node.handleRequest(Node.java:97)\n\tat lab.Node.handleMessage(Node.java:71)\n\tat lab.Node.lambda$run$0(Node.java:44)\n\tat java.base/java.util.concurrent.ThreadPoolExecutor.runWorker(ThreadPoolExecutor.java:1144)\n\tat java.base/java.util.concurrent.ThreadPoolExecutor$Worker.run(ThreadPoolExecutor.java:642)\n\tat java.base/java.lang.Thread.run(Thread.java:1583)\n"]
2026-03-12 17:47:16,491{GMT}	INFO	[jepsen worker 0] jepsen.util: 0	:invoke	:broadcast	8
2026-03-12 17:47:16,498{GMT}	INFO	[jepsen worker 0] jepsen.util: 0	:ok	:broadcast	8
2026-03-12 17:47:16,662{GMT}	INFO	[jepsen worker 1] jepsen.util: 1	:invoke	:broadcast	9
2026-03-12 17:47:16,668{GMT}	INFO	[jepsen worker 1] jepsen.util: 1	:ok	:broadcast	9
2026-03-12 17:47:16,741{GMT}	INFO	[jepsen worker 0] jepsen.util: 0	:invoke	:broadcast	10
2026-03-12 17:47:16,743{GMT}	INFO	[jepsen worker 0] jepsen.util: 0	:ok	:broadcast	10
2026-03-12 17:47:16,757{GMT}	INFO	[jepsen worker 0] jepsen.util: 0	:invoke	:read	nil
2026-03-12 17:47:16,774{GMT}	INFO	[jepsen worker 0] jepsen.util: 0	:ok	:read	[0 0 0 0 0 0 0 0 0 0 0 0 0 0 0 0 0 0 0 0 0 0 0 0 0 0 0 0 0 0 0 0 0 0 0 0 0 0 0 0 0 0 0 0 0 0 0 0 0 0 0 0 0 0 0 0 0 0 0 0 0 0 0 0 0 0 0 0 0 0 0 0 0 0 0 0 0 0 0 0 0 0 0 0 0 0 0 0 0 0 0 0 0 0 0 0 0 0 0 0 0 0 0 0 0 0 0 0 0 0 0 0 0 0 0 0 0 0 0 0 0 0 0 0 0 0 0 0 0 0 0 0 0 0 0 0 0 0 0 0 0 0 0 0 0 0 0 0 0 0 0 0 0 0 0 0 0 0 0 0 0 0 0 0 0 0 0 0 0 0 0 0 0 0 0 0 0 0 0 1 1 0 1 0 1 0 1 2 0 1 2 1 0 2 1 0 1 2 0 1 2 0 2 1 0 2 1 0 2 0 2 1 0 2 1 2 0 1 2 1 0 2 0 1 2 0 2 1 0 2 1 0 2 1 0 1 2 0 1 2 0 2 1 1 0 2 0 1 2 0 1 2 0 1 2 0 1 2 0 1 0 1 0 2 1 0 2 0 1 2 1 0 2 1 2 0 1 2 1 2 0 1 2 0 1 2 2 0 1 1 0 2 1 0 2 0 0 2 1 0 2 0 2 0 1 2 1 2 0 2 1 0 2 1 0 2 0 1 2 1 2 2 1 2 0 1 2 0 1 2 0 1 2 0 1 2 0 1 0 2 1 0 1 2 0 2 1 0 2 1 0 1 2 0 1 2 0 1 2 0 1 2 0 1 0 2 1 0 2 1 0 1 2 0 1 0 2 1 0 2 1 0 2 1 0 2 1 1 0 2 3 1 2 3 0 2 0 3 1 0 2 3 1 0 3 2 1 0 3 2 1 0 3 0 3 2 1 3 2 1 3 0 2 1 3 0 2 1 3 0 1 2 3 1 0 2 3 0 1 2 3 0 2 1 3 0 2 3 1 0 2 3 1 3 0 2 1 2 3 0 1 2 3 0 2 3 1 0 3 2 1 1 2 0 3 1 0 2 3 1 2 0 3 3 1 2 0 3 1 0 1 3 2 3 0 2 1 0 3 2 3 1 3 1 0 2 2 0 3 2 1 3 2 3 0 2 3 1 0 1 2 3 1 0 2 3 3 1 2 0 3 1 2 0 3 0 1 2 3 1 2 0 3 1 2 0 3 1 2 0 3 1 2 0 1 2 3 1 0 2 3 0 1 3 2 0 1 3 1 2 0 3 1 2 0 0 1 3 2 0 2 3 1 2 3 1 0 2 3 1 0 2 0 1 3 1 3 2 0 0 2 1 3 1 2 0 1 0 2 3 0 1 2 3 2 1 0 3 0 3 0 2 1 3 0 2 1 3 0 2 1 3 0 1 3 0 2 1 3 0 1 3 0 2 1 0 3 2 1 3 2 0 1 0 3 2 1 0 3 2 4 1 3 0 2 4 1 3 0 4 2 0 3 1 4 0 3 1 2 4 2 1 0 4 3 0 2 4 1 3 0 2 4 3 1 2 4 0 3 1 2 4 0 3 1 4 0 3 1 2 1 0 4 3 2 1 0 3 4 1 2 0 3 4 0 1 2 4 3 0 1 2 4 3 0 2 4 3 4 3 0 1 2 4 3 0 3 1 4 0 2 3 1 4 2 0 3 0 4 2 1 3 2 0 4 1 3 2 1 0 3 4 2 1 0 4 3 1 2 0 4 3 1 2 0 4 1 2 3 4 0 2 1 3 4 1 2 4 3 1 0 2 4 3 1 0 4 2 3 1 4 0 2 1 3 2 0 4 1 3 4 2 0 1 3 2 4 2 0 1 3 4 1 2 0 4 2 3 0 1 4 3 2 1 0 4 3 1 0 2 4 3 2 1 0 4 3 0 2 1 1 4 2 0 3 2 3 0 1 4 2 3 1 4 0 2 3 4 0 2 3 1 5 2 4 0 3 1 5 2 4 0 3 1 5 4 3 2 0 5 1 4 0 2 3 5 1 4 1 3 0 5 2 1 3 4 2 1 5 3 4 0 2 5 1 3 0 4 1 5 2 3 0 4 5 1 3 2 0 1 5 4 3 1 0 2 5 4 3 1 0 2 3 5 1 4 2 5 0 1 3 4 0 5 2 1 3 4 5 1 0 4 2 3 1 5 2 4 5 3 0 1 2 4 3 1 0 5 2 4 0 5 2 6 1 3 4 5 0 6 1 2 3 4 5 6 2 1 0 4 3 5 1 6 2 5 3 2 0 1 4 6 2 5 1 0 3 4 1 6 0 2 4 3 5 1 2 6 0 3 4 5 0 3 1 4 5 0 2 6 3 4 0 6 2 2 6 3 0 1 4 5 1 6 2 4 5 3 0 1 2 4 0 3 5 1 4 2 6 0 3 3 6 0 4 5 1 2 3 6 0 5 4 1 2 4 0 5 3 1 6 2 0 4 5 1 3 6 2 6 3 4 0 1 5 2 3 4 6 0 1 5 2 4 3 1 6 0 5 2 3 1 4 0 6 5 2 3 1 0 5 4 3 1 2 6 0 4 5 1 3 2 0 6 4 5 1 3 2 0 6 5 1 4 3 2 1 5 0 4 6 3 2 1 5 0 6 4 4 0 3 2 5 1 6 0 5 3 4 2 1 6 0 3 4 1 2 6 5 3 4 1 2 0 6 5 1 3 4 2 6 5 0 1 2 4 0 5 6 3 1 2 3 6 0 5 4 2 3 1 6 2 0 3 4 6 5 1 2 4 3 0 5 6 1 2 4 3 5 6 0 1 2 4 3 5 6 0 1 2 4 3 5 6 0 1 4 3 2 6 5 0 1 4 3 6 2 5 4 0 3 1 6 5 2 4 6 3 1 0 5 2 4 6 3 1 0 5 2 4 1 3 6 2 1 0 5 4 2 3 6 5 0 1 4 6 3 2 5 4 1 0 6 3 2 1 4 5 0 3 1 4 6 2 5 0 3 4 0 2 5 1 6 3 2 1 5 4 6 0 2 3 4 5 1 0 2 4 6 3 5 1 6 4 3 2 0 1 5 6 4 2 3 5 6 2 4 3 0 6 5 2 4 1 3 0 6 2 4 5 0 3 6 4 0 2 5 1 3 6 4 0 6 3 4 1 2 5 0 3 4 1 6 2 5 0 4 3 5 1 0 4 2 3 6 5 2 4 1 5 0 3 6 2 4 5 6 4 1 2 0 3 5 4 6 1 2 0 3 5 4 6 5 0 3 2 1 4 5 0 3 2 6 1 4 5 6 2 3 1 4 5 0 6 2 3 1 5 2 0 6 3 6 5 0 2 4 3 0 4 6 2 5 3 6 3 5 1 4 2 0 6 5 2 3 1 4 0 6 3 5 1 4 6 3 2 0 1 6 4 0 3 2 5 1 4 0 6 5 3 1 2 0 4 6 1 2 5 3 4 0 1 6 2 5 4 3 0 1 6 5 2 3 0 6 5 2 4 1 0 5 6 3 2 4 1 5 3 0 2 4 1 5 3 4 1 6 0 5 2 3 0 1 5 6 2 3 4 1 0 5 4 6 2 1 0 3 5 6 2 3 1 4 0 5 6 3 1 4 0 2 5 2 4 3 6 0 5 1 4 2 6 3 0 1 5 4 2 1 6 3 4 5 2 0 1 4 3 6 5 2 0 4 1 3 6 5 0 2 4 3 1 5 6 0 2 4 3 1 5 6 0 6 1 2 3 4 5 0 6 2 3 4 5 0 6 2 3 4 1 5 0 2 6 3 4 1 2 0 6 5 4 2 1 6 3 0 5 2 1 3 0 4 5 6 6 5 2 3 1 4 0 6 3 5 2 0 1 3 2 4 5 6 0 2 1 4 6 5 0 2 6 5 3 1 1 0 6 4 2 3 5 0 1 4 2 5 3 6 0 1 5 2 1 4 3 4 0 1 3 2 6 5 2 1 4 3 6 0 5 1 3 2 4 0 6 5 1 3 2 0 4 5 1 6 3 2 4 5 3 1 2 0 6 4 6 1 0 2 3 4 5 4 0 6 3 2 1 5 3 6 2 0 4 1 5 3 6 0 2 4 3 6 5 1 0 2 6 3 4 5 1 0 2 6 4 3 5 1 0 2 4 3 6 1 5 2 0 3 4 5 2 1 6 0 3 4 5 1 2 0 5 3 4 6 1 5 4 3 6 0 2 1 5 3 6 0 2 1 4 5 3 4 1 2 6 3 0 5 4 1 2 4 6 0 3 5 1 2 4 5 6 1 0 3 2 5 3 2 0 4 1 6 2 5 3 0 4 0 6 5 3 2 1 4 6 0 5 2 3 4 1 6 2 5 4 1 3 0 3 2 1 5 4 6 3 0 2 1 5 7 6 3 4 2 0 1 6 5 7 3 2 4 0 6 5 7 3 2 1 0 4 5 6 7 2 1 3 4 0 7 5 6 2 0 3 4 1 7 6 2 3 5 4 0 1 2 6 7 3 0 5 1 6 4 7 2 0 5 6 3 1 4 7 2 0 5 6 3 4 2 0 5 7 1 6 3 4 2 7 5 2 6 1 4 0 3 7 5 2 6 1 4 3 0 7 5 2 4 3 5 1 6 7 0 7 4 5 1 3 0 6 2 6 4 0 5 2 3 1 7 3 7 0 6 4 2 5 1 6 3 2 7 1 4 0 5 6 5 2 3 1 4 7 6 1 3 0 5 4 2 7 3 1 6 5 0 4 2 7 3 1 6 5 5 6 3 7 1 0 2 4 5 6 3 2 1 7 0 4 5 3 6 1 7 5 0 4 3 7 6 1 5 4 0 3 6 7 5 1 0 2 4 3 7 1 6 0 5 2 4 3 1 7 0 6 4 5 2 3 7 4 1 5 6 0 2 5 3 6 7 4 1 2 0 5 3 6 1 4 7 4 1 7 6 5 2 3 6 4 0 1 7 2 4 0 7 3 1 6 5 7 1 3 0 5 6 4 2 3 7 0 1 6 5 4 2 1 3 0 6 7 5 4 2 1 3 6 5 0 7 4 2 1 3 6 5 4 2 3 0 1 6 7 5 3 4 2 0 5 4 3 1 6 7 2 0 3 5 4 1 7 6 2 5 4 3 0 1 1 3 4 0 2 0 6 5 1 3 4 7 0 2 5 6 1 3 4 7 0 2 5 1 6 7 4 0 2 6 1 3 7 5 4 2 0 1 6 7 3 2 5 1 0 4 7 3 6 2 5 4 1 0 3 7 6 4 2 5 7 1 6 3 0 4 5 7 2 6 1 0 3 4 7 6 1 0 3 4 2 5 7 6 3 1 0 4 5 2 7 6 1 0 4 3 5 7 2 1 6 0 4 3 7 2 5 1 4 0 6 2 3 5 7 1 4 0 6 2 3 5 3 0 7 2 5 6 1 4 0 7 3 2 3 1 7 0 4 6 5 2 3 1 7 1 2 0 5 3 6 4 2 5 6 3 4 1 7 2 5 6 0 3 4 1 5 6 0 2 7 3 4 1 5 0 6 7 2 3 4 0 5 3 6 7 4 1 2 0 5 4 1 5 0 6 2 7 3 4 3 2 6 0 5 1 4 7 6 3 0 3 7 6 5 1 0 3 7 4 6 5 1 0 3 2 7 4 5 6 1 3 0 2 7 4 6 5 3 0 2 1 7 4 6 3 0 5 3 2 1 7 6 0 4 1 2 5 7 6 3 0 2 3 6 7 5 1 4 0 6 2 5 1 7 7 3 4 0 1 2 6 5 7 4 3 0 1 2 6 5 7 3 0 1 4 2 5 6 7 3 1 0 4 6 7 2 5 3 1 0 4 6 7 2 1 0 4 5 3 1 4 5 0 7 3 2 1 6 4 5 7 0 3 2 6 1 5 4 7 3 0 6 4 7 3 1 5 0 2 6 3 7 5 1 2 0 6 4 3 5 7 1 2 6 0 3 4 1 7 2 6 5 1 3 0 4 7 2 6 0 3 5 1 6 7 3 0 4 5 1 6 8 1 6 8 2 7 3 5 8 6 7 4 0 1 2 8 5 4 2 8 0 7 1 6 5 3 0 7 6 1 5 2 8 3 0 1 7 6 2 4 8 3 0 5 1 2 7 6 8 4 5 3 1 2 6 8 0 7 4 5 1 3 2 6 7 8 4 5 1 3 2 0 6 7 8 5 0 2 3 1 7 6 4 8 2 8 0 1 6 3 4 7 2 8 3 4 1 0 7 6 5 2 8 3 4 1 0 7 6 5 2 3 1 4 8 0 7 6 5 3 1 4 2 0 8 7 6 5 3 1 4 2 0 8 7 6 5 3 4 1 2 8 0 6 5 7 3 4 1 8 0 2 6 7 5 3 4 1 0 8 2 7 6 5 3 1 4 0 8 3 5 0 7 8 2 4 6 6 2 4 3 8 7 0 5 1 5 0 7 8 3 4 2 6 1 5 0 7 8 3 4 2 6 0 5 1 7 3 8 4 2 6 0 5 1 7 4 3 8 0 2 5 7 1 6 4 3 8 0 5 2 7 6 1 4 8 5 3 2 7 1 6 0 4 3 5 2 8 1 7 6 0 5 3 4 1 2 8 7 5 6 0 4 3 8 7 1 2 5 6 0 4 3 8 2 1 7 5 4 0 6 2 7 1 8 5 3 4 0 6 2 3 1 7 8 5 0 4 6 3 2 8 1 5 7 6 4 2 0 3 8 3 0 2 4 6 7 5 1 8 3 0 2 4 7 5 1 8 6 2 0 3 4 7 5 1 8 6 0 2 4 3 7 5 1 8 6 0 2 4 1 3 5 7 8 6 0 2 5 1 4 3 7 8 0 5 2 6 1 4 7 3 0 5 2 1 4 6 7 0 3 8 5 2 4 6 0 1 7 8 2 5 3 0 1 7 4 8 5 6 2 3 0 1 7 5 4 8 2 0 1 6 7 3 5 4 2 8 0 7 1 5 3 6 0 4 7 2 8 1 5 3 6 0 4 2 8 1 7 5 0 6 3 4 8 7 1 2 0 6 3 4 5 8 2 1 7 6 0 3 5 4 8 1 2 7 5 6 8 1 0 3 4 2 7 8 6 5 1 2 3 0 5 4 6 8 7 1 3 2 5 0 8 4 6 7 1 5 0 3 2 6 8 4 0 5 7 2 9 3 1 6 4 7 0 9 8 5 2 1 4 6 5 0 7 8 6 0 7 1 4 5 9 3 2 8 6 0 7 1 4 9 3 2 5 8 6 0 7 9 3 1 2 8 0 1 3 8 7 5 9 4 2 6 1 3 8 5 7 4 9 0 2 6 1 3 8 5 7 5 8 4 1 0 3 6 2 9 7 8 5 1 7 9 8 5 0 2 3 6 4 8 5 9 7 1 0 4 6 2 3 5 0 4 7 1 8 9 3 2 0 6 9 1 8 4 5 7 3 8 4 1 7 9 5 6 3 2 0 8 1 5 4 9 7 6 2 0 3 8 1 5 4 7 9 3 6 0 8 1 2 5 7 4 9 6 3 0 5 8 2 7 4 6 3 1 9 8 0 5 2 6 7 4 3 1 9 8 0 6 3 7 5 4 2 1 9 8 0 3 6 7 4 8 5 0 9 1 3 2 6 7 8 4 5 9 2 3 0 8 7 6 1 4 9 3 0 5 8 7 6 4 9 2 1 0 5 3 8 6 2 4 9 7 5 0 1 3 8 4 9 6 2 1 5 0 7 3 8 6 4 9 2 1 5 0 7 4 8 10 3 6 2 9 1 6 3 10 9 2 1 0 4 5 8 7 3 6 10 2 0 5 9 1 4 7 3 8 6 10 0 5 2 9 4 1 3 7 8 0 2 10 5 6 9 4 8 7 1 3 0 2 5 9 10 6 4 8 1 7 5 3 2 6 9 10 0 8 4 7 1 5 3 2 10 0 8 7 6 9 1 5 4]
2026-03-12 17:47:16,829{GMT}	INFO	[Jepsen shutdown hook] jepsen.core: Downloading DB logs before JVM shutdown...
