2026-03-12 17:39:51,512{GMT}	INFO	[jepsen test runner] jepsen.core: Command line:
lein run test -w broadcast --bin run.sh broadcast --node-count 5 --time-limit 20 --rate 10
2026-03-12 17:39:51,589{GMT}	INFO	[jepsen test runner] jepsen.core: Running test:
{:args ["broadcast"]
 :remote
 #jepsen.control.retry.Remote{:remote #jepsen.control.scp.Remote{:cmd-remote #jepsen.control.sshj.SSHJRemote{:concurrency-limit 6,
                                                                                                             :conn-spec nil,
                                                                                                             :client nil,
                                                                                                             :semaphore nil},
                                                                 :conn-spec nil},
                              :conn nil}
 :log-net-send false
 :node-count 5
 :availability nil
 :max-txn-length 4
 :concurrency 5
 :db
 #object[maelstrom.db$db$reify__16142
         "0x3619ecd"
         "maelstrom.db$db$reify__16142@3619ecd"]
 :max-writes-per-key 16
 :leave-db-running? false
 :name "broadcast"
 :logging-json? false
 :start-time
 #object[org.joda.time.DateTime "0x7de4bd8f" "2026-03-12T17:39:51.488Z"]
 :nemesis-interval 10
 :net
 #object[maelstrom.net$jepsen_net$reify__15251
         "0x193e65d5"
         "maelstrom.net$jepsen_net$reify__15251@193e65d5"]
 :client
 #object[maelstrom.workload.broadcast$client$reify__16644
         "0x2a97b4b8"
         "maelstrom.workload.broadcast$client$reify__16644@2a97b4b8"]
 :barrier
 #object[java.util.concurrent.CyclicBarrier
         "0x250fc0d1"
         "java.util.concurrent.CyclicBarrier@250fc0d1"]
 :log-stderr false
 :pure-generators true
 :ssh {:dummy? true}
 :rate 10.0
 :checker
 #object[jepsen.checker$compose$reify__11881
         "0x7ddf193a"
         "jepsen.checker$compose$reify__11881@7ddf193a"]
 :argv
 ("test"
  "-w"
  "broadcast"
  "--bin"
  "run.sh"
  "broadcast"
  "--node-count"
  "5"
  "--time-limit"
  "20"
  "--rate"
  "10")
 :nemesis
 (jepsen.nemesis.ReflCompose
  {:fm {:start-partition 0,
        :stop-partition 0,
        :kill 1,
        :start 1,
        :pause 1,
        :resume 1},
   :nemeses [#unprintable "jepsen.nemesis.combined$partition_nemesis$reify__16416@17a5cb99"
             #unprintable "jepsen.nemesis.combined$db_nemesis$reify__16397@808fa1"]})
 :nodes ["n0" "n1" "n2" "n3" "n4"]
 :test-count 1
 :latency {:mean 0, :dist :constant}
 :bin "run.sh"
 :generator
 ((jepsen.generator.Synchronize
   {:gen (jepsen.generator.TimeLimit
          {:limit 20000000000,
           :cutoff nil,
           :gen (jepsen.generator.Any
                 {:gens [(jepsen.generator.OnThreads
                          {:f #{:nemesis},
                           :context-filter #object[jepsen.generator.context$make_thread_filter$lazy_filter__9167
                                                   "0x7545cb17"
                                                   "jepsen.generator.context$make_thread_filter$lazy_filter__9167@7545cb17"],
                           :gen nil})
                         (jepsen.generator.OnThreads
                          {:f #jepsen.generator.context.AllBut{:element :nemesis},
                           :context-filter #object[jepsen.generator.context$make_thread_filter$lazy_filter__9167
                                                   "0x635b3ec7"
                                                   "jepsen.generator.context$make_thread_filter$lazy_filter__9167@635b3ec7"],
                           :gen (jepsen.generator.Stagger
                                 {:dt 200000000,
                                  :next-time nil,
                                  :gen (jepsen.generator.Mix
                                        {:i 1,
                                         :gens [({:f :broadcast, :value 0}
                                                 {:f :broadcast, :value 1}
                                                 {:f :broadcast, :value 2}
                                                 {:f :broadcast, :value 3}
                                                 {:f :broadcast, :value 4}
                                                 {:f :broadcast, :value 5}
                                                 {:f :broadcast, :value 6}
                                                 {:f :broadcast, :value 7}
                                                 ...)
                                                ({:f :read}
                                                 {:f :read}
                                                 {:f :read}
                                                 {:f :read}
                                                 {:f :read}
                                                 {:f :read}
                                                 {:f :read}
                                                 {:f :read}
                                                 ...)]})})})]})})})
  (jepsen.generator.Synchronize
   {:gen (jepsen.generator.OnThreads
          {:f #{:nemesis},
           :context-filter #object[jepsen.generator.context$make_thread_filter$lazy_filter__9167
                                   "0x15aa3084"
                                   "jepsen.generator.context$make_thread_filter$lazy_filter__9167@15aa3084"],
           :gen ()})})
  (jepsen.generator.Synchronize
   {:gen {:type :log, :value "Waiting for recovery..."}})
  (jepsen.generator.Synchronize {:gen {:type :sleep, :value 10}})
  (jepsen.generator.Synchronize
   {:gen (jepsen.generator.OnThreads
          {:f #jepsen.generator.context.AllBut{:element :nemesis},
           :context-filter #object[jepsen.generator.context$make_thread_filter$lazy_filter__9167
                                   "0x4e6c4c55"
                                   "jepsen.generator.context$make_thread_filter$lazy_filter__9167@4e6c4c55"],
           :gen (jepsen.generator.EachThread
                 {:fresh-gen {:f :read, :final? true},
                  :context-filters #object[clojure.core$promise$reify__8591
                                           "0x74fbee59"
                                           {:status :pending, :val nil}],
                  :gens {}})})}))
 :log-net-recv false
 :os
 #object[maelstrom.net$jepsen_os$reify__15254
         "0x3794621d"
         "maelstrom.net$jepsen_os$reify__15254@3794621d"]
 :time-limit 20
 :workload :broadcast
 :consistency-models [:strict-serializable]
 :topology :grid}

2026-03-12 17:39:52,819{GMT}	INFO	[jepsen node n0] maelstrom.net: Starting Maelstrom network
2026-03-12 17:39:52,820{GMT}	INFO	[jepsen test runner] jepsen.db: Tearing down DB
2026-03-12 17:39:52,822{GMT}	INFO	[jepsen test runner] jepsen.db: Setting up DB
2026-03-12 17:39:52,823{GMT}	INFO	[jepsen node n2] maelstrom.db: Setting up n2
2026-03-12 17:39:52,823{GMT}	INFO	[jepsen node n4] maelstrom.db: Setting up n4
2026-03-12 17:39:52,823{GMT}	INFO	[jepsen node n1] maelstrom.db: Setting up n1
2026-03-12 17:39:52,823{GMT}	INFO	[jepsen node n3] maelstrom.db: Setting up n3
2026-03-12 17:39:52,823{GMT}	INFO	[jepsen node n3] maelstrom.process: launching run.sh ["broadcast"]
2026-03-12 17:39:52,823{GMT}	INFO	[jepsen node n1] maelstrom.process: launching run.sh ["broadcast"]
2026-03-12 17:39:52,823{GMT}	INFO	[jepsen node n2] maelstrom.process: launching run.sh ["broadcast"]
2026-03-12 17:39:52,823{GMT}	INFO	[jepsen node n4] maelstrom.process: launching run.sh ["broadcast"]
2026-03-12 17:39:52,825{GMT}	INFO	[jepsen node n0] maelstrom.service: Starting services: (lin-kv lin-tso lww-kv seq-kv)
2026-03-12 17:39:52,827{GMT}	INFO	[jepsen node n0] maelstrom.db: Setting up n0
2026-03-12 17:39:52,828{GMT}	INFO	[jepsen node n0] maelstrom.process: launching run.sh ["broadcast"]
2026-03-12 17:39:52,993{GMT}	INFO	[jepsen test runner] jepsen.core: Relative time begins now
2026-03-12 17:39:53,019{GMT}	INFO	[jepsen worker 0] jepsen.util: 0	:invoke	:read	nil
2026-03-12 17:39:53,023{GMT}	INFO	[jepsen worker 0] jepsen.util: 0	:ok	:read	[]
2026-03-12 17:39:53,167{GMT}	INFO	[jepsen worker 1] jepsen.util: 1	:invoke	:read	nil
2026-03-12 17:39:53,173{GMT}	INFO	[jepsen worker 1] jepsen.util: 1	:ok	:read	[]
2026-03-12 17:39:53,185{GMT}	INFO	[jepsen worker 2] jepsen.util: 2	:invoke	:broadcast	0
2026-03-12 17:39:53,190{GMT}	INFO	[jepsen worker 2] jepsen.util: 2	:ok	:broadcast	0
2026-03-12 17:39:53,363{GMT}	INFO	[jepsen worker 3] jepsen.util: 3	:invoke	:broadcast	1
2026-03-12 17:39:53,522{GMT}	INFO	[jepsen worker 4] jepsen.util: 4	:invoke	:read	nil
2026-03-12 17:39:53,530{GMT}	INFO	[jepsen worker 3] jepsen.util: 3	:ok	:broadcast	1
2026-03-12 17:39:53,535{GMT}	INFO	[jepsen worker 0] jepsen.util: 0	:invoke	:read	nil
2026-03-12 17:39:53,586{GMT}	INFO	[jepsen worker 0] jepsen.util: 0	:ok	:read	[0 1]
2026-03-12 17:39:53,656{GMT}	INFO	[jepsen worker 4] jepsen.util: 4	:ok	:read	[0]
2026-03-12 17:39:53,676{GMT}	INFO	[jepsen worker 0] jepsen.util: 0	:invoke	:broadcast	2
2026-03-12 17:39:53,696{GMT}	INFO	[jepsen worker 0] jepsen.util: 0	:ok	:broadcast	2
2026-03-12 17:39:53,826{GMT}	INFO	[jepsen worker 1] jepsen.util: 1	:invoke	:broadcast	3
2026-03-12 17:39:53,943{GMT}	INFO	[jepsen worker 2] jepsen.util: 2	:invoke	:broadcast	4
2026-03-12 17:39:53,968{GMT}	INFO	[jepsen worker 2] jepsen.util: 2	:ok	:broadcast	4
2026-03-12 17:39:53,985{GMT}	INFO	[jepsen worker 3] jepsen.util: 3	:invoke	:broadcast	5
2026-03-12 17:39:54,005{GMT}	INFO	[jepsen worker 4] jepsen.util: 4	:invoke	:broadcast	6
2026-03-12 17:39:54,162{GMT}	INFO	[jepsen worker 0] jepsen.util: 0	:invoke	:broadcast	7
2026-03-12 17:39:54,276{GMT}	INFO	[jepsen worker 4] jepsen.util: 4	:ok	:broadcast	6
2026-03-12 17:39:54,313{GMT}	INFO	[jepsen worker 2] jepsen.util: 2	:invoke	:read	nil
2026-03-12 17:39:54,332{GMT}	INFO	[jepsen worker 2] jepsen.util: 2	:ok	:read	[0 1 4]
2026-03-12 17:39:54,408{GMT}	INFO	[jepsen worker 0] jepsen.util: 0	:ok	:broadcast	7
2026-03-12 17:39:54,429{GMT}	INFO	[jepsen worker 3] jepsen.util: 3	:ok	:broadcast	5
2026-03-12 17:39:54,499{GMT}	INFO	[jepsen worker 2] jepsen.util: 2	:invoke	:broadcast	8
2026-03-12 17:39:54,540{GMT}	INFO	[jepsen worker 2] jepsen.util: 2	:ok	:broadcast	8
2026-03-12 17:39:54,544{GMT}	INFO	[jepsen worker 1] jepsen.util: 1	:ok	:broadcast	3
2026-03-12 17:39:54,564{GMT}	INFO	[jepsen worker 2] jepsen.util: 2	:invoke	:broadcast	9
2026-03-12 17:39:54,690{GMT}	INFO	[jepsen worker 2] jepsen.util: 2	:ok	:broadcast	9
2026-03-12 17:39:54,721{GMT}	INFO	[jepsen worker 3] jepsen.util: 3	:invoke	:broadcast	10
2026-03-12 17:39:54,914{GMT}	INFO	[jepsen worker 4] jepsen.util: 4	:invoke	:read	nil
2026-03-12 17:39:55,058{GMT}	INFO	[jepsen worker 0] jepsen.util: 0	:invoke	:read	nil
2026-03-12 17:39:55,187{GMT}	INFO	[jepsen worker 1] jepsen.util: 1	:invoke	:broadcast	11
2026-03-12 17:39:55,224{GMT}	INFO	[jepsen worker 2] jepsen.util: 2	:invoke	:broadcast	12
2026-03-12 17:39:55,234{GMT}	INFO	[jepsen worker 2] jepsen.util: 2	:ok	:broadcast	12
2026-03-12 17:39:55,277{GMT}	INFO	[jepsen worker 2] jepsen.util: 2	:invoke	:read	nil
2026-03-12 17:39:55,295{GMT}	INFO	[jepsen worker 2] jepsen.util: 2	:ok	:read	[0 1 2 3 4 8 9 12]
2026-03-12 17:39:55,390{GMT}	INFO	[jepsen worker 2] jepsen.util: 2	:invoke	:broadcast	13
2026-03-12 17:39:55,406{GMT}	INFO	[jepsen worker 2] jepsen.util: 2	:ok	:broadcast	13
2026-03-12 17:39:55,457{GMT}	INFO	[jepsen worker 2] jepsen.util: 2	:invoke	:read	nil
2026-03-12 17:39:55,470{GMT}	INFO	[jepsen worker 2] jepsen.util: 2	:ok	:read	[0 1 2 3 4 8 9 12 13]
2026-03-12 17:39:55,476{GMT}	INFO	[jepsen worker 2] jepsen.util: 2	:invoke	:read	nil
2026-03-12 17:39:55,472{GMT}	INFO	[jepsen worker 3] jepsen.util: 3	:ok	:broadcast	10
2026-03-12 17:39:55,499{GMT}	INFO	[jepsen worker 3] jepsen.util: 3	:invoke	:broadcast	14
2026-03-12 17:39:55,515{GMT}	INFO	[jepsen worker 2] jepsen.util: 2	:ok	:read	[0 1 2 3 4 8 9 12 13]
2026-03-12 17:39:55,548{GMT}	INFO	[jepsen worker 4] jepsen.util: 4	:ok	:read	[0 1 2 3 4 5 6]
2026-03-12 17:39:55,550{GMT}	INFO	[jepsen worker 2] jepsen.util: 2	:invoke	:broadcast	15
2026-03-12 17:39:55,581{GMT}	INFO	[jepsen worker 2] jepsen.util: 2	:ok	:broadcast	15
2026-03-12 17:39:55,733{GMT}	INFO	[jepsen worker 2] jepsen.util: 2	:invoke	:broadcast	16
2026-03-12 17:39:55,744{GMT}	INFO	[jepsen worker 2] jepsen.util: 2	:ok	:broadcast	16
2026-03-12 17:39:55,800{GMT}	INFO	[jepsen worker 4] jepsen.util: 4	:invoke	:broadcast	17
2026-03-12 17:39:55,825{GMT}	INFO	[jepsen worker 0] jepsen.util: 0	:ok	:read	[0 1 2 3 4 5 6 7]
2026-03-12 17:39:55,877{GMT}	INFO	[jepsen worker 0] jepsen.util: 0	:invoke	:read	nil
2026-03-12 17:39:56,090{GMT}	INFO	[jepsen worker 2] jepsen.util: 2	:invoke	:broadcast	18
2026-03-12 17:39:56,115{GMT}	INFO	[jepsen worker 2] jepsen.util: 2	:ok	:broadcast	18
2026-03-12 17:39:56,233{GMT}	INFO	[jepsen worker 2] jepsen.util: 2	:invoke	:broadcast	19
2026-03-12 17:39:56,238{GMT}	INFO	[jepsen worker 2] jepsen.util: 2	:ok	:broadcast	19
2026-03-12 17:39:56,359{GMT}	INFO	[jepsen worker 2] jepsen.util: 2	:invoke	:read	nil
2026-03-12 17:39:56,371{GMT}	INFO	[jepsen worker 2] jepsen.util: 2	:ok	:read	[0 1 2 3 4 6 8 9 12 13 15 16 18 19]
2026-03-12 17:39:56,392{GMT}	INFO	[jepsen worker 4] jepsen.util: 4	:ok	:broadcast	17
2026-03-12 17:39:56,406{GMT}	INFO	[jepsen worker 2] jepsen.util: 2	:invoke	:read	nil
2026-03-12 17:39:56,419{GMT}	INFO	[jepsen worker 2] jepsen.util: 2	:ok	:read	[0 1 2 3 4 6 8 9 12 13 15 16 18 19]
2026-03-12 17:39:56,459{GMT}	INFO	[jepsen worker 4] jepsen.util: 4	:invoke	:broadcast	20
2026-03-12 17:39:56,559{GMT}	INFO	[jepsen worker 2] jepsen.util: 2	:invoke	:read	nil
2026-03-12 17:39:56,577{GMT}	INFO	[jepsen worker 2] jepsen.util: 2	:ok	:read	[0 1 2 3 4 6 7 8 9 12 13 15 16 18 19]
2026-03-12 17:39:56,604{GMT}	INFO	[jepsen worker 2] jepsen.util: 2	:invoke	:broadcast	21
2026-03-12 17:39:56,607{GMT}	INFO	[jepsen worker 2] jepsen.util: 2	:ok	:broadcast	21
2026-03-12 17:39:56,797{GMT}	INFO	[jepsen worker 2] jepsen.util: 2	:invoke	:read	nil
2026-03-12 17:39:56,816{GMT}	INFO	[jepsen worker 2] jepsen.util: 2	:ok	:read	[0 1 2 3 4 6 7 8 9 12 13 15 16 18 19 21]
2026-03-12 17:39:56,840{GMT}	INFO	[jepsen worker 2] jepsen.util: 2	:invoke	:read	nil
2026-03-12 17:39:56,852{GMT}	INFO	[jepsen worker 2] jepsen.util: 2	:ok	:read	[0 1 2 3 4 6 7 8 9 12 13 15 16 18 19 21]
2026-03-12 17:39:57,052{GMT}	INFO	[jepsen worker 2] jepsen.util: 2	:invoke	:read	nil
2026-03-12 17:39:57,100{GMT}	INFO	[jepsen worker 2] jepsen.util: 2	:ok	:read	[0 1 2 3 4 6 7 8 9 12 13 15 16 18 19 21]
2026-03-12 17:39:57,158{GMT}	INFO	[jepsen worker 2] jepsen.util: 2	:invoke	:read	nil
2026-03-12 17:39:57,165{GMT}	INFO	[jepsen worker 2] jepsen.util: 2	:ok	:read	[0 1 2 3 4 6 7 8 9 12 13 15 16 18 19 21]
2026-03-12 17:39:57,191{GMT}	INFO	[jepsen worker 0] jepsen.util: 0	:ok	:read	[0 1 2 3 4 5 6 7 10]
2026-03-12 17:39:57,232{GMT}	INFO	[jepsen worker 3] jepsen.util: 3	:ok	:broadcast	14
2026-03-12 17:39:57,306{GMT}	INFO	[jepsen worker 0] jepsen.util: 0	:invoke	:broadcast	22
2026-03-12 17:39:57,360{GMT}	INFO	[jepsen worker 2] jepsen.util: 2	:invoke	:broadcast	23
2026-03-12 17:39:57,374{GMT}	INFO	[jepsen worker 2] jepsen.util: 2	:ok	:broadcast	23
2026-03-12 17:39:57,384{GMT}	INFO	[jepsen worker 2] jepsen.util: 2	:invoke	:broadcast	24
2026-03-12 17:39:57,534{GMT}	INFO	[jepsen worker 3] jepsen.util: 3	:invoke	:read	nil
2026-03-12 17:39:57,547{GMT}	INFO	[jepsen worker 2] jepsen.util: 2	:ok	:broadcast	24
2026-03-12 17:39:57,687{GMT}	INFO	[jepsen worker 2] jepsen.util: 2	:invoke	:broadcast	25
2026-03-12 17:39:57,693{GMT}	INFO	[jepsen worker 2] jepsen.util: 2	:ok	:broadcast	25
2026-03-12 17:39:57,775{GMT}	INFO	[jepsen worker 2] jepsen.util: 2	:invoke	:read	nil
2026-03-12 17:39:57,785{GMT}	INFO	[jepsen worker 2] jepsen.util: 2	:ok	:read	[0 1 2 3 4 5 6 7 8 9 12 13 15 16 18 19 21 23 24 25]
2026-03-12 17:39:57,832{GMT}	INFO	[jepsen worker 4] jepsen.util: 4	:ok	:broadcast	20
2026-03-12 17:39:57,882{GMT}	INFO	[jepsen worker 4] jepsen.util: 4	:invoke	:broadcast	26
2026-03-12 17:39:57,945{GMT}	INFO	[jepsen worker 2] jepsen.util: 2	:invoke	:broadcast	27
2026-03-12 17:39:57,957{GMT}	INFO	[jepsen worker 2] jepsen.util: 2	:ok	:broadcast	27
2026-03-12 17:39:58,007{GMT}	INFO	[jepsen worker 2] jepsen.util: 2	:invoke	:read	nil
2026-03-12 17:39:58,028{GMT}	INFO	[jepsen worker 2] jepsen.util: 2	:ok	:read	[0 1 2 3 4 5 6 7 8 9 12 13 15 16 18 19 21 23 24 25 27]
2026-03-12 17:39:58,222{GMT}	INFO	[jepsen worker 2] jepsen.util: 2	:invoke	:read	nil
2026-03-12 17:39:58,237{GMT}	INFO	[jepsen worker 2] jepsen.util: 2	:ok	:read	[0 1 2 3 4 5 6 7 8 9 12 13 15 16 18 19 21 23 24 25 27]
2026-03-12 17:39:58,262{GMT}	INFO	[jepsen worker 2] jepsen.util: 2	:invoke	:read	nil
2026-03-12 17:39:58,278{GMT}	INFO	[jepsen worker 2] jepsen.util: 2	:ok	:read	[0 1 2 3 4 5 6 7 8 9 12 13 15 16 18 19 21 23 24 25 27]
2026-03-12 17:39:58,278{GMT}	INFO	[jepsen worker 2] jepsen.util: 2	:invoke	:read	nil
2026-03-12 17:39:58,293{GMT}	INFO	[jepsen worker 2] jepsen.util: 2	:ok	:read	[0 1 2 3 4 5 6 7 8 9 12 13 15 16 18 19 21 23 24 25 27]
2026-03-12 17:39:58,408{GMT}	INFO	[jepsen worker 2] jepsen.util: 2	:invoke	:broadcast	28
2026-03-12 17:39:58,421{GMT}	INFO	[jepsen worker 2] jepsen.util: 2	:ok	:broadcast	28
2026-03-12 17:39:58,442{GMT}	INFO	[jepsen worker 2] jepsen.util: 2	:invoke	:broadcast	29
2026-03-12 17:39:58,458{GMT}	INFO	[jepsen worker 2] jepsen.util: 2	:ok	:broadcast	29
2026-03-12 17:39:58,480{GMT}	INFO	[jepsen worker 0] jepsen.util: 0	:ok	:broadcast	22
2026-03-12 17:39:58,546{GMT}	INFO	[jepsen worker 1] jepsen.util: 1	:ok	:broadcast	11
2026-03-12 17:39:58,576{GMT}	INFO	[jepsen worker 0] jepsen.util: 0	:invoke	:broadcast	30
2026-03-12 17:39:58,758{GMT}	INFO	[jepsen worker 1] jepsen.util: 1	:invoke	:broadcast	31
2026-03-12 17:39:58,795{GMT}	INFO	[jepsen worker 2] jepsen.util: 2	:invoke	:read	nil
2026-03-12 17:39:58,817{GMT}	INFO	[jepsen worker 2] jepsen.util: 2	:ok	:read	[0 1 2 3 4 5 6 7 8 9 11 12 13 15 16 18 19 21 23 24 25 27 28 29]
2026-03-12 17:39:58,827{GMT}	INFO	[jepsen worker 2] jepsen.util: 2	:invoke	:broadcast	32
2026-03-12 17:39:58,860{GMT}	INFO	[jepsen worker 2] jepsen.util: 2	:ok	:broadcast	32
2026-03-12 17:39:58,937{GMT}	INFO	[jepsen worker 4] jepsen.util: 4	:ok	:broadcast	26
2026-03-12 17:39:59,013{GMT}	INFO	[jepsen worker 4] jepsen.util: 4	:invoke	:broadcast	33
2026-03-12 17:39:59,079{GMT}	INFO	[jepsen worker 2] jepsen.util: 2	:invoke	:broadcast	34
2026-03-12 17:39:59,084{GMT}	INFO	[jepsen worker 2] jepsen.util: 2	:ok	:broadcast	34
2026-03-12 17:39:59,296{GMT}	INFO	[jepsen worker 2] jepsen.util: 2	:invoke	:read	nil
2026-03-12 17:39:59,307{GMT}	INFO	[jepsen worker 2] jepsen.util: 2	:ok	:read	[0 1 2 3 4 5 6 7 8 9 11 12 13 15 16 18 19 21 23 24 25 27 28 29 32 34]
2026-03-12 17:39:59,427{GMT}	INFO	[jepsen worker 2] jepsen.util: 2	:invoke	:read	nil
2026-03-12 17:39:59,435{GMT}	INFO	[jepsen worker 2] jepsen.util: 2	:ok	:read	[0 1 2 3 4 5 6 7 8 9 11 12 13 15 16 18 19 21 23 24 25 27 28 29 32 34]
2026-03-12 17:39:59,440{GMT}	INFO	[jepsen worker 2] jepsen.util: 2	:invoke	:read	nil
2026-03-12 17:39:59,453{GMT}	INFO	[jepsen worker 2] jepsen.util: 2	:ok	:read	[0 1 2 3 4 5 6 7 8 9 11 12 13 15 16 18 19 21 23 24 25 27 28 29 32 34]
2026-03-12 17:39:59,511{GMT}	INFO	[jepsen worker 2] jepsen.util: 2	:invoke	:broadcast	35
2026-03-12 17:39:59,517{GMT}	INFO	[jepsen worker 2] jepsen.util: 2	:ok	:broadcast	35
2026-03-12 17:39:59,542{GMT}	INFO	[jepsen worker 4] jepsen.util: 4	:ok	:broadcast	33
2026-03-12 17:39:59,571{GMT}	INFO	[jepsen worker 4] jepsen.util: 4	:invoke	:broadcast	36
2026-03-12 17:39:59,678{GMT}	INFO	[jepsen worker 0] jepsen.util: 0	:ok	:broadcast	30
2026-03-12 17:39:59,723{GMT}	INFO	[jepsen worker 0] jepsen.util: 0	:invoke	:read	nil
2026-03-12 17:39:59,860{GMT}	INFO	[jepsen worker 2] jepsen.util: 2	:invoke	:broadcast	37
2026-03-12 17:39:59,860{GMT}	INFO	[jepsen worker 2] jepsen.util: 2	:ok	:broadcast	37
2026-03-12 17:39:59,861{GMT}	INFO	[jepsen worker 2] jepsen.util: 2	:invoke	:read	nil
2026-03-12 17:39:59,868{GMT}	INFO	[jepsen worker 2] jepsen.util: 2	:ok	:read	[0 1 2 3 4 5 6 7 8 9 11 12 13 15 16 18 19 21 23 24 25 27 28 29 32 34 35 37]
2026-03-12 17:39:59,885{GMT}	INFO	[jepsen worker 2] jepsen.util: 2	:invoke	:read	nil
2026-03-12 17:40:02,087{GMT}	INFO	[jepsen worker 0] jepsen.util: 0	:ok	:read	[0 1 2 3 4 5 6 7 8 9 10 11 12 13 14 15 16 17 22 30]
2026-03-12 17:40:02,096{GMT}	INFO	[jepsen worker 0] jepsen.util: 0	:invoke	:read	nil
2026-03-12 17:40:02,106{GMT}	INFO	[jepsen worker 0] jepsen.util: 0	:ok	:read	[0 1 2 3 4 5 6 7 8 9 10 11 12 13 14 15 16 17 18 20 22 30]
2026-03-12 17:40:02,246{GMT}	INFO	[jepsen worker 0] jepsen.util: 0	:invoke	:read	nil
2026-03-12 17:40:02,251{GMT}	INFO	[jepsen worker 0] jepsen.util: 0	:ok	:read	[0 1 2 3 4 5 6 7 8 9 10 11 12 13 14 15 16 17 18 20 22 30]
2026-03-12 17:40:02,285{GMT}	INFO	[jepsen worker 0] jepsen.util: 0	:invoke	:broadcast	38
2026-03-12 17:40:02,290{GMT}	INFO	[jepsen worker 0] jepsen.util: 0	:ok	:broadcast	38
2026-03-12 17:40:02,478{GMT}	INFO	[jepsen worker 0] jepsen.util: 0	:invoke	:read	nil
2026-03-12 17:40:02,490{GMT}	INFO	[jepsen worker 0] jepsen.util: 0	:ok	:read	[0 1 2 3 4 5 6 38 7 8 9 10 11 12 13 14 15 16 17 18 20 22 30]
2026-03-12 17:40:02,569{GMT}	INFO	[jepsen worker 3] jepsen.util: 3	:fail	:read	nil	:net-timeout
2026-03-12 17:40:02,667{GMT}	INFO	[jepsen worker 3] jepsen.util: 3	:invoke	:read	nil
2026-03-12 17:40:02,735{GMT}	INFO	[jepsen worker 0] jepsen.util: 0	:invoke	:read	nil
2026-03-12 17:40:02,737{GMT}	INFO	[jepsen worker 0] jepsen.util: 0	:ok	:read	[0 1 2 3 4 5 6 38 7 8 9 10 11 12 13 14 15 16 17 18 20 22 30]
2026-03-12 17:40:02,927{GMT}	INFO	[jepsen worker 0] jepsen.util: 0	:invoke	:read	nil
2026-03-12 17:40:02,930{GMT}	INFO	[jepsen worker 0] jepsen.util: 0	:ok	:read	[0 1 2 3 4 5 6 38 7 8 9 10 11 12 13 14 15 16 17 18 20 22 30]
2026-03-12 17:40:03,063{GMT}	INFO	[jepsen worker 0] jepsen.util: 0	:invoke	:read	nil
2026-03-12 17:40:03,065{GMT}	INFO	[jepsen worker 0] jepsen.util: 0	:ok	:read	[0 1 2 3 4 5 6 38 7 8 9 10 11 12 13 14 15 16 17 18 20 22 30]
2026-03-12 17:40:03,107{GMT}	INFO	[jepsen worker 0] jepsen.util: 0	:invoke	:broadcast	39
2026-03-12 17:40:03,110{GMT}	INFO	[jepsen worker 0] jepsen.util: 0	:ok	:broadcast	39
2026-03-12 17:40:03,267{GMT}	INFO	[jepsen worker 0] jepsen.util: 0	:invoke	:broadcast	40
2026-03-12 17:40:03,269{GMT}	INFO	[jepsen worker 0] jepsen.util: 0	:ok	:broadcast	40
2026-03-12 17:40:03,433{GMT}	INFO	[jepsen worker 0] jepsen.util: 0	:invoke	:broadcast	41
2026-03-12 17:40:03,438{GMT}	INFO	[jepsen worker 0] jepsen.util: 0	:ok	:broadcast	41
2026-03-12 17:40:03,551{GMT}	INFO	[jepsen worker 0] jepsen.util: 0	:invoke	:read	nil
2026-03-12 17:40:03,554{GMT}	INFO	[jepsen worker 0] jepsen.util: 0	:ok	:read	[0 1 2 3 4 5 6 7 8 9 10 11 12 13 14 15 16 17 18 20 22 30 38 39 40 41]
2026-03-12 17:40:03,581{GMT}	INFO	[jepsen worker 0] jepsen.util: 0	:invoke	:read	nil
2026-03-12 17:40:03,588{GMT}	INFO	[jepsen worker 0] jepsen.util: 0	:ok	:read	[0 1 2 3 4 5 6 7 8 9 10 11 12 13 14 15 16 17 18 20 22 30 38 39 40 41]
2026-03-12 17:40:03,609{GMT}	INFO	[jepsen worker 0] jepsen.util: 0	:invoke	:broadcast	42
2026-03-12 17:40:03,615{GMT}	INFO	[jepsen worker 0] jepsen.util: 0	:ok	:broadcast	42
2026-03-12 17:40:03,717{GMT}	INFO	[jepsen worker 0] jepsen.util: 0	:invoke	:broadcast	43
2026-03-12 17:40:03,718{GMT}	INFO	[jepsen worker 0] jepsen.util: 0	:ok	:broadcast	43
2026-03-12 17:40:03,760{GMT}	INFO	[jepsen worker 1] jepsen.util: 1	:info	:broadcast	31	:net-timeout
2026-03-12 17:40:03,812{GMT}	INFO	[jepsen worker 0] jepsen.util: 0	:invoke	:broadcast	44
2026-03-12 17:40:03,816{GMT}	INFO	[jepsen worker 0] jepsen.util: 0	:ok	:broadcast	44
2026-03-12 17:40:03,996{GMT}	INFO	[jepsen worker 1] jepsen.util: 6	:invoke	:broadcast	45
2026-03-12 17:40:04,135{GMT}	INFO	[jepsen worker 0] jepsen.util: 0	:invoke	:read	nil
2026-03-12 17:40:04,141{GMT}	INFO	[jepsen worker 0] jepsen.util: 0	:ok	:read	[0 1 2 3 4 5 6 7 8 9 10 11 12 13 14 15 16 17 18 20 22 30 38 39 40 41 42 43 44]
2026-03-12 17:40:04,247{GMT}	INFO	[jepsen worker 0] jepsen.util: 0	:invoke	:read	nil
2026-03-12 17:40:04,253{GMT}	INFO	[jepsen worker 0] jepsen.util: 0	:ok	:read	[0 1 2 3 4 5 6 7 8 9 10 11 12 13 14 15 16 17 18 20 22 30 38 39 40 41 42 43 44]
2026-03-12 17:40:04,294{GMT}	INFO	[jepsen worker 0] jepsen.util: 0	:invoke	:broadcast	46
2026-03-12 17:40:04,296{GMT}	INFO	[jepsen worker 0] jepsen.util: 0	:ok	:broadcast	46
2026-03-12 17:40:04,297{GMT}	INFO	[jepsen worker 0] jepsen.util: 0	:invoke	:broadcast	47
2026-03-12 17:40:04,304{GMT}	INFO	[jepsen worker 0] jepsen.util: 0	:ok	:broadcast	47
2026-03-12 17:40:04,437{GMT}	INFO	[jepsen worker 0] jepsen.util: 0	:invoke	:broadcast	48
2026-03-12 17:40:04,445{GMT}	INFO	[jepsen worker 0] jepsen.util: 0	:ok	:broadcast	48
2026-03-12 17:40:04,452{GMT}	INFO	[jepsen worker 0] jepsen.util: 0	:invoke	:broadcast	49
2026-03-12 17:40:04,457{GMT}	INFO	[jepsen worker 0] jepsen.util: 0	:ok	:broadcast	49
2026-03-12 17:40:04,559{GMT}	INFO	[jepsen worker 0] jepsen.util: 0	:invoke	:broadcast	50
2026-03-12 17:40:04,560{GMT}	INFO	[jepsen worker 0] jepsen.util: 0	:ok	:broadcast	50
2026-03-12 17:40:04,575{GMT}	INFO	[jepsen worker 4] jepsen.util: 4	:info	:broadcast	36	:net-timeout
2026-03-12 17:40:04,721{GMT}	INFO	[jepsen worker 4] jepsen.util: 9	:invoke	:read	nil
2026-03-12 17:40:04,886{GMT}	INFO	[jepsen worker 2] jepsen.util: 2	:fail	:read	nil	:net-timeout
2026-03-12 17:40:04,888{GMT}	INFO	[jepsen worker 0] jepsen.util: 0	:invoke	:broadcast	51
2026-03-12 17:40:04,890{GMT}	INFO	[jepsen worker 0] jepsen.util: 0	:ok	:broadcast	51
2026-03-12 17:40:04,937{GMT}	INFO	[jepsen worker 0] jepsen.util: 0	:invoke	:broadcast	52
2026-03-12 17:40:04,938{GMT}	INFO	[jepsen worker 0] jepsen.util: 0	:ok	:broadcast	52
2026-03-12 17:40:04,939{GMT}	INFO	[jepsen worker 0] jepsen.util: 0	:invoke	:read	nil
2026-03-12 17:40:04,941{GMT}	INFO	[jepsen worker 0] jepsen.util: 0	:ok	:read	[0 1 2 3 4 5 6 7 8 9 10 11 12 13 14 15 16 17 18 20 22 30 38 39 40 41 42 43 44 46 47 48 49 50 51 52]
2026-03-12 17:40:05,094{GMT}	INFO	[jepsen worker 2] jepsen.util: 2	:invoke	:read	nil
2026-03-12 17:40:05,223{GMT}	INFO	[jepsen worker 0] jepsen.util: 0	:invoke	:read	nil
2026-03-12 17:40:05,227{GMT}	INFO	[jepsen worker 0] jepsen.util: 0	:ok	:read	[0 1 2 3 4 5 6 7 8 9 10 11 12 13 14 15 16 17 18 20 22 30 38 39 40 41 42 43 44 46 47 48 49 50 51 52]
2026-03-12 17:40:05,350{GMT}	INFO	[jepsen worker 0] jepsen.util: 0	:invoke	:broadcast	53
2026-03-12 17:40:05,351{GMT}	INFO	[jepsen worker 0] jepsen.util: 0	:ok	:broadcast	53
2026-03-12 17:40:05,428{GMT}	INFO	[jepsen worker 0] jepsen.util: 0	:invoke	:broadcast	54
2026-03-12 17:40:05,430{GMT}	INFO	[jepsen worker 0] jepsen.util: 0	:ok	:broadcast	54
2026-03-12 17:40:05,445{GMT}	INFO	[jepsen worker 0] jepsen.util: 0	:invoke	:read	nil
2026-03-12 17:40:05,457{GMT}	INFO	[jepsen worker 0] jepsen.util: 0	:ok	:read	[0 1 2 3 4 5 6 7 8 9 10 11 12 13 14 15 16 17 18 20 22 30 38 39 40 41 42 43 44 46 47 48 49 50 51 52 53 54]
2026-03-12 17:40:05,497{GMT}	INFO	[jepsen worker 0] jepsen.util: 0	:invoke	:broadcast	55
2026-03-12 17:40:05,502{GMT}	INFO	[jepsen worker 0] jepsen.util: 0	:ok	:broadcast	55
2026-03-12 17:40:05,680{GMT}	INFO	[jepsen worker 0] jepsen.util: 0	:invoke	:broadcast	56
2026-03-12 17:40:05,683{GMT}	INFO	[jepsen worker 0] jepsen.util: 0	:ok	:broadcast	56
2026-03-12 17:40:05,813{GMT}	INFO	[jepsen worker 0] jepsen.util: 0	:invoke	:read	nil
2026-03-12 17:40:05,817{GMT}	INFO	[jepsen worker 0] jepsen.util: 0	:ok	:read	[0 1 2 3 4 5 6 7 8 9 10 11 12 13 14 15 16 17 18 20 22 30 38 39 40 41 42 43 44 46 47 48 49 50 51 52 53 54 55 56]
2026-03-12 17:40:05,940{GMT}	INFO	[jepsen worker 0] jepsen.util: 0	:invoke	:broadcast	57
2026-03-12 17:40:05,945{GMT}	INFO	[jepsen worker 0] jepsen.util: 0	:ok	:broadcast	57
2026-03-12 17:40:05,997{GMT}	INFO	[jepsen worker 0] jepsen.util: 0	:invoke	:read	nil
2026-03-12 17:40:05,999{GMT}	INFO	[jepsen worker 0] jepsen.util: 0	:ok	:read	[0 1 2 3 4 5 6 7 8 9 10 11 12 13 14 15 16 17 18 20 22 30 38 39 40 41 42 43 44 46 47 48 49 50 51 52 53 54 55 56 57]
2026-03-12 17:40:06,068{GMT}	INFO	[jepsen worker 0] jepsen.util: 0	:invoke	:broadcast	58
2026-03-12 17:40:06,070{GMT}	INFO	[jepsen worker 0] jepsen.util: 0	:ok	:broadcast	58
2026-03-12 17:40:06,088{GMT}	INFO	[jepsen worker 0] jepsen.util: 0	:invoke	:read	nil
2026-03-12 17:40:06,093{GMT}	INFO	[jepsen worker 0] jepsen.util: 0	:ok	:read	[0 1 2 3 4 5 6 7 8 9 10 11 12 13 14 15 16 17 18 20 22 30 38 39 40 41 42 43 44 46 47 48 49 50 51 52 53 54 55 56 57 58]
2026-03-12 17:40:06,138{GMT}	INFO	[jepsen worker 0] jepsen.util: 0	:invoke	:broadcast	59
2026-03-12 17:40:06,140{GMT}	INFO	[jepsen worker 0] jepsen.util: 0	:ok	:broadcast	59
2026-03-12 17:40:06,149{GMT}	INFO	[jepsen worker 0] jepsen.util: 0	:invoke	:read	nil
2026-03-12 17:40:06,158{GMT}	INFO	[jepsen worker 0] jepsen.util: 0	:ok	:read	[0 1 2 3 4 5 6 7 8 9 10 11 12 13 14 15 16 17 18 20 22 30 38 39 40 41 42 43 44 46 47 48 49 50 51 52 53 54 55 56 57 58 59]
2026-03-12 17:40:06,243{GMT}	INFO	[jepsen worker 0] jepsen.util: 0	:invoke	:broadcast	60
2026-03-12 17:40:06,248{GMT}	INFO	[jepsen worker 0] jepsen.util: 0	:ok	:broadcast	60
2026-03-12 17:40:06,395{GMT}	INFO	[jepsen worker 0] jepsen.util: 0	:invoke	:broadcast	61
2026-03-12 17:40:06,403{GMT}	INFO	[jepsen worker 0] jepsen.util: 0	:ok	:broadcast	61
2026-03-12 17:40:06,575{GMT}	INFO	[jepsen worker 0] jepsen.util: 0	:invoke	:broadcast	62
2026-03-12 17:40:06,576{GMT}	INFO	[jepsen worker 0] jepsen.util: 0	:ok	:broadcast	62
2026-03-12 17:40:06,686{GMT}	INFO	[jepsen worker 0] jepsen.util: 0	:invoke	:read	nil
2026-03-12 17:40:06,690{GMT}	INFO	[jepsen worker 0] jepsen.util: 0	:ok	:read	[0 1 2 3 4 5 6 7 8 9 10 11 12 13 14 15 16 17 18 20 22 30 38 39 40 41 42 43 44 46 47 48 49 50 51 52 53 54 55 56 57 58 59 60 61 62]
2026-03-12 17:40:06,864{GMT}	INFO	[jepsen worker 0] jepsen.util: 0	:invoke	:broadcast	63
2026-03-12 17:40:06,866{GMT}	INFO	[jepsen worker 0] jepsen.util: 0	:ok	:broadcast	63
2026-03-12 17:40:07,015{GMT}	INFO	[jepsen worker 0] jepsen.util: 0	:invoke	:broadcast	64
2026-03-12 17:40:07,020{GMT}	INFO	[jepsen worker 0] jepsen.util: 0	:ok	:broadcast	64
2026-03-12 17:40:07,120{GMT}	INFO	[jepsen worker 0] jepsen.util: 0	:invoke	:broadcast	65
2026-03-12 17:40:07,123{GMT}	INFO	[jepsen worker 0] jepsen.util: 0	:ok	:broadcast	65
2026-03-12 17:40:07,297{GMT}	INFO	[jepsen worker 0] jepsen.util: 0	:invoke	:broadcast	66
2026-03-12 17:40:07,299{GMT}	INFO	[jepsen worker 0] jepsen.util: 0	:ok	:broadcast	66
2026-03-12 17:40:07,449{GMT}	INFO	[jepsen worker 0] jepsen.util: 0	:invoke	:read	nil
2026-03-12 17:40:07,454{GMT}	INFO	[jepsen worker 0] jepsen.util: 0	:ok	:read	[0 1 2 3 4 5 6 7 8 9 10 11 12 13 14 15 16 17 18 20 22 30 38 39 40 41 42 43 44 46 47 48 49 50 51 52 53 54 55 56 57 58 59 60 61 62 63 64 65 66]
2026-03-12 17:40:07,583{GMT}	INFO	[jepsen worker 0] jepsen.util: 0	:invoke	:read	nil
2026-03-12 17:40:07,585{GMT}	INFO	[jepsen worker 0] jepsen.util: 0	:ok	:read	[0 1 2 3 4 5 6 7 8 9 10 11 12 13 14 15 16 17 18 20 22 30 38 39 40 41 42 43 44 46 47 48 49 50 51 52 53 54 55 56 57 58 59 60 61 62 63 64 65 66]
2026-03-12 17:40:07,589{GMT}	INFO	[jepsen worker 0] jepsen.util: 0	:invoke	:broadcast	67
2026-03-12 17:40:07,600{GMT}	INFO	[jepsen worker 0] jepsen.util: 0	:ok	:broadcast	67
2026-03-12 17:40:07,616{GMT}	INFO	[jepsen worker 0] jepsen.util: 0	:invoke	:read	nil
2026-03-12 17:40:07,620{GMT}	INFO	[jepsen worker 0] jepsen.util: 0	:ok	:read	[0 1 2 3 4 5 6 7 8 9 10 11 12 13 14 15 16 17 18 20 22 30 38 39 40 41 42 43 44 46 47 48 49 50 51 52 53 54 55 56 57 58 59 60 61 62 63 64 65 66 67]
2026-03-12 17:40:07,667{GMT}	INFO	[jepsen worker 3] jepsen.util: 3	:fail	:read	nil	:net-timeout
2026-03-12 17:40:07,693{GMT}	INFO	[jepsen worker 3] jepsen.util: 3	:invoke	:read	nil
2026-03-12 17:40:07,781{GMT}	INFO	[jepsen worker 0] jepsen.util: 0	:invoke	:read	nil
2026-03-12 17:40:07,785{GMT}	INFO	[jepsen worker 0] jepsen.util: 0	:ok	:read	[0 1 2 3 4 5 6 7 8 9 10 11 12 13 14 15 16 17 18 20 22 30 38 39 40 41 42 43 44 46 47 48 49 50 51 52 53 54 55 56 57 58 59 60 61 62 63 64 65 66 67]
2026-03-12 17:40:07,855{GMT}	INFO	[jepsen worker 0] jepsen.util: 0	:invoke	:broadcast	68
2026-03-12 17:40:07,857{GMT}	INFO	[jepsen worker 0] jepsen.util: 0	:ok	:broadcast	68
2026-03-12 17:40:07,908{GMT}	INFO	[jepsen worker 0] jepsen.util: 0	:invoke	:broadcast	69
2026-03-12 17:40:07,910{GMT}	INFO	[jepsen worker 0] jepsen.util: 0	:ok	:broadcast	69
2026-03-12 17:40:08,039{GMT}	INFO	[jepsen worker 0] jepsen.util: 0	:invoke	:read	nil
2026-03-12 17:40:08,042{GMT}	INFO	[jepsen worker 0] jepsen.util: 0	:ok	:read	[0 1 2 3 4 5 6 7 8 9 10 11 12 13 14 15 16 17 18 20 22 30 38 39 40 41 42 43 44 46 47 48 49 50 51 52 53 54 55 56 57 58 59 60 61 62 63 64 65 66 67 68 69]
2026-03-12 17:40:08,152{GMT}	INFO	[jepsen worker 0] jepsen.util: 0	:invoke	:read	nil
2026-03-12 17:40:08,154{GMT}	INFO	[jepsen worker 0] jepsen.util: 0	:ok	:read	[0 1 2 3 4 5 6 7 8 9 10 11 12 13 14 15 16 17 18 20 22 30 38 39 40 41 42 43 44 46 47 48 49 50 51 52 53 54 55 56 57 58 59 60 61 62 63 64 65 66 67 68 69]
2026-03-12 17:40:08,272{GMT}	INFO	[jepsen worker 0] jepsen.util: 0	:invoke	:read	nil
2026-03-12 17:40:08,275{GMT}	INFO	[jepsen worker 0] jepsen.util: 0	:ok	:read	[0 1 2 3 4 5 6 7 8 9 10 11 12 13 14 15 16 17 18 20 22 30 38 39 40 41 42 43 44 46 47 48 49 50 51 52 53 54 55 56 57 58 59 60 61 62 63 64 65 66 67 68 69]
2026-03-12 17:40:08,300{GMT}	INFO	[jepsen worker 0] jepsen.util: 0	:invoke	:read	nil
2026-03-12 17:40:08,308{GMT}	INFO	[jepsen worker 0] jepsen.util: 0	:ok	:read	[0 1 2 3 4 5 6 7 8 9 10 11 12 13 14 15 16 17 18 20 22 30 38 39 40 41 42 43 44 46 47 48 49 50 51 52 53 54 55 56 57 58 59 60 61 62 63 64 65 66 67 68 69]
2026-03-12 17:40:08,404{GMT}	INFO	[jepsen worker 0] jepsen.util: 0	:invoke	:read	nil
2026-03-12 17:40:08,409{GMT}	INFO	[jepsen worker 0] jepsen.util: 0	:ok	:read	[0 1 2 3 4 5 6 7 8 9 10 11 12 13 14 15 16 17 18 20 22 30 38 39 40 41 42 43 44 46 47 48 49 50 51 52 53 54 55 56 57 58 59 60 61 62 63 64 65 66 67 68 69]
2026-03-12 17:40:08,462{GMT}	INFO	[jepsen worker 0] jepsen.util: 0	:invoke	:read	nil
2026-03-12 17:40:08,467{GMT}	INFO	[jepsen worker 0] jepsen.util: 0	:ok	:read	[0 1 2 3 4 5 6 7 8 9 10 11 12 13 14 15 16 17 18 20 22 30 38 39 40 41 42 43 44 46 47 48 49 50 51 52 53 54 55 56 57 58 59 60 61 62 63 64 65 66 67 68 69]
2026-03-12 17:40:08,500{GMT}	INFO	[jepsen worker 0] jepsen.util: 0	:invoke	:broadcast	70
2026-03-12 17:40:08,501{GMT}	INFO	[jepsen worker 0] jepsen.util: 0	:ok	:broadcast	70
2026-03-12 17:40:08,629{GMT}	INFO	[jepsen worker 0] jepsen.util: 0	:invoke	:read	nil
2026-03-12 17:40:08,631{GMT}	INFO	[jepsen worker 0] jepsen.util: 0	:ok	:read	[0 1 2 3 4 5 6 7 8 9 10 11 12 13 14 15 16 17 18 20 22 30 38 39 40 41 42 43 44 46 47 48 49 50 51 52 53 54 55 56 57 58 59 60 61 62 63 64 65 66 67 68 69 70]
2026-03-12 17:40:08,643{GMT}	INFO	[jepsen worker 0] jepsen.util: 0	:invoke	:read	nil
2026-03-12 17:40:08,645{GMT}	INFO	[jepsen worker 0] jepsen.util: 0	:ok	:read	[0 1 2 3 4 5 6 7 8 9 10 11 12 13 14 15 16 17 18 20 22 30 38 39 40 41 42 43 44 46 47 48 49 50 51 52 53 54 55 56 57 58 59 60 61 62 63 64 65 66 67 68 69 70]
2026-03-12 17:40:08,727{GMT}	INFO	[jepsen worker 0] jepsen.util: 0	:invoke	:broadcast	71
2026-03-12 17:40:08,729{GMT}	INFO	[jepsen worker 0] jepsen.util: 0	:ok	:broadcast	71
2026-03-12 17:40:08,737{GMT}	INFO	[jepsen worker 0] jepsen.util: 0	:invoke	:broadcast	72
2026-03-12 17:40:08,739{GMT}	INFO	[jepsen worker 0] jepsen.util: 0	:ok	:broadcast	72
2026-03-12 17:40:08,799{GMT}	INFO	[jepsen worker 0] jepsen.util: 0	:invoke	:broadcast	73
2026-03-12 17:40:08,804{GMT}	INFO	[jepsen worker 0] jepsen.util: 0	:ok	:broadcast	73
2026-03-12 17:40:08,888{GMT}	INFO	[jepsen worker 0] jepsen.util: 0	:invoke	:read	nil
2026-03-12 17:40:08,894{GMT}	INFO	[jepsen worker 0] jepsen.util: 0	:ok	:read	[0 1 2 3 4 5 6 7 8 9 10 11 12 13 14 15 16 17 18 20 22 30 38 39 40 41 42 43 44 46 47 48 49 50 51 52 53 54 55 56 57 58 59 60 61 62 63 64 65 66 67 68 69 70 71 72 73]
2026-03-12 17:40:08,955{GMT}	INFO	[jepsen worker 0] jepsen.util: 0	:invoke	:read	nil
2026-03-12 17:40:08,961{GMT}	INFO	[jepsen worker 0] jepsen.util: 0	:ok	:read	[0 1 2 3 4 5 6 7 8 9 10 11 12 13 14 15 16 17 18 20 22 30 38 39 40 41 42 43 44 46 47 48 49 50 51 52 53 54 55 56 57 58 59 60 61 62 63 64 65 66 67 68 69 70 71 72 73]
2026-03-12 17:40:08,998{GMT}	INFO	[jepsen worker 1] jepsen.util: 6	:info	:broadcast	45	:net-timeout
2026-03-12 17:40:08,998{GMT}	INFO	[jepsen worker 0] jepsen.util: 0	:invoke	:read	nil
2026-03-12 17:40:09,000{GMT}	INFO	[jepsen worker 0] jepsen.util: 0	:ok	:read	[0 1 2 3 4 5 6 7 8 9 10 11 12 13 14 15 16 17 18 20 22 30 38 39 40 41 42 43 44 46 47 48 49 50 51 52 53 54 55 56 57 58 59 60 61 62 63 64 65 66 67 68 69 70 71 72 73]
2026-03-12 17:40:09,054{GMT}	INFO	[jepsen worker 0] jepsen.util: 0	:invoke	:broadcast	74
2026-03-12 17:40:09,057{GMT}	INFO	[jepsen worker 0] jepsen.util: 0	:ok	:broadcast	74
2026-03-12 17:40:09,209{GMT}	INFO	[jepsen worker 0] jepsen.util: 0	:invoke	:read	nil
2026-03-12 17:40:09,211{GMT}	INFO	[jepsen worker 0] jepsen.util: 0	:ok	:read	[0 1 2 3 4 5 6 7 8 9 10 11 12 13 14 15 16 17 18 20 22 30 38 39 40 41 42 43 44 46 47 48 49 50 51 52 53 54 55 56 57 58 59 60 61 62 63 64 65 66 67 68 69 70 71 72 73 74]
2026-03-12 17:40:09,343{GMT}	INFO	[jepsen worker 0] jepsen.util: 0	:invoke	:read	nil
2026-03-12 17:40:09,348{GMT}	INFO	[jepsen worker 0] jepsen.util: 0	:ok	:read	[0 1 2 3 4 5 6 7 8 9 10 11 12 13 14 15 16 17 18 20 22 30 38 39 40 41 42 43 44 46 47 48 49 50 51 52 53 54 55 56 57 58 59 60 61 62 63 64 65 66 67 68 69 70 71 72 73 74]
2026-03-12 17:40:09,539{GMT}	INFO	[jepsen worker 0] jepsen.util: 0	:invoke	:broadcast	75
2026-03-12 17:40:09,540{GMT}	INFO	[jepsen worker 0] jepsen.util: 0	:ok	:broadcast	75
2026-03-12 17:40:09,540{GMT}	INFO	[jepsen worker 1] jepsen.util: 11	:invoke	:read	nil
2026-03-12 17:40:09,661{GMT}	INFO	[jepsen worker 0] jepsen.util: 0	:invoke	:read	nil
2026-03-12 17:40:09,668{GMT}	INFO	[jepsen worker 0] jepsen.util: 0	:ok	:read	[0 1 2 3 4 5 6 7 8 9 10 11 12 13 14 15 16 17 18 20 22 30 38 39 40 41 42 43 44 46 47 48 49 50 51 52 53 54 55 56 57 58 59 60 61 62 63 64 65 66 67 68 69 70 71 72 73 74 75]
2026-03-12 17:40:09,722{GMT}	INFO	[jepsen worker 4] jepsen.util: 9	:fail	:read	nil	:net-timeout
2026-03-12 17:40:09,740{GMT}	INFO	[jepsen worker 4] jepsen.util: 9	:invoke	:broadcast	76
2026-03-12 17:40:09,867{GMT}	INFO	[jepsen worker 0] jepsen.util: 0	:invoke	:read	nil
2026-03-12 17:40:09,870{GMT}	INFO	[jepsen worker 0] jepsen.util: 0	:ok	:read	[0 1 2 3 4 5 6 7 8 9 10 11 12 13 14 15 16 17 18 20 22 30 38 39 40 41 42 43 44 46 47 48 49 50 51 52 53 54 55 56 57 58 59 60 61 62 63 64 65 66 67 68 69 70 71 72 73 74 75]
2026-03-12 17:40:10,048{GMT}	INFO	[jepsen worker 0] jepsen.util: 0	:invoke	:read	nil
2026-03-12 17:40:10,052{GMT}	INFO	[jepsen worker 0] jepsen.util: 0	:ok	:read	[0 1 2 3 4 5 6 7 8 9 10 11 12 13 14 15 16 17 18 20 22 30 38 39 40 41 42 43 44 46 47 48 49 50 51 52 53 54 55 56 57 58 59 60 61 62 63 64 65 66 67 68 69 70 71 72 73 74 75]
2026-03-12 17:40:10,094{GMT}	INFO	[jepsen worker 2] jepsen.util: 2	:fail	:read	nil	:net-timeout
2026-03-12 17:40:10,228{GMT}	INFO	[jepsen worker 2] jepsen.util: 2	:invoke	:read	nil
2026-03-12 17:40:10,372{GMT}	INFO	[jepsen worker 0] jepsen.util: 0	:invoke	:read	nil
2026-03-12 17:40:10,376{GMT}	INFO	[jepsen worker 0] jepsen.util: 0	:ok	:read	[0 1 2 3 4 5 6 7 8 9 10 11 12 13 14 15 16 17 18 20 22 30 38 39 40 41 42 43 44 46 47 48 49 50 51 52 53 54 55 56 57 58 59 60 61 62 63 64 65 66 67 68 69 70 71 72 73 74 75]
2026-03-12 17:40:10,378{GMT}	INFO	[jepsen worker 0] jepsen.util: 0	:invoke	:broadcast	77
2026-03-12 17:40:10,379{GMT}	INFO	[jepsen worker 0] jepsen.util: 0	:ok	:broadcast	77
2026-03-12 17:40:10,534{GMT}	INFO	[jepsen worker 0] jepsen.util: 0	:invoke	:read	nil
2026-03-12 17:40:10,539{GMT}	INFO	[jepsen worker 0] jepsen.util: 0	:ok	:read	[0 1 2 3 4 5 6 7 8 9 10 11 12 13 14 15 16 17 18 20 22 30 38 39 40 41 42 43 44 46 47 48 49 50 51 52 53 54 55 56 57 58 59 60 61 62 63 64 65 66 67 68 69 70 71 72 73 74 75 77]
2026-03-12 17:40:10,582{GMT}	INFO	[jepsen worker 0] jepsen.util: 0	:invoke	:broadcast	78
2026-03-12 17:40:10,584{GMT}	INFO	[jepsen worker 0] jepsen.util: 0	:ok	:broadcast	78
2026-03-12 17:40:10,632{GMT}	INFO	[jepsen worker 0] jepsen.util: 0	:invoke	:broadcast	79
2026-03-12 17:40:10,634{GMT}	INFO	[jepsen worker 0] jepsen.util: 0	:ok	:broadcast	79
2026-03-12 17:40:10,723{GMT}	INFO	[jepsen worker 0] jepsen.util: 0	:invoke	:read	nil
2026-03-12 17:40:10,725{GMT}	INFO	[jepsen worker 0] jepsen.util: 0	:ok	:read	[0 1 2 3 4 5 6 7 8 9 10 11 12 13 14 15 16 17 18 20 22 30 38 39 40 41 42 43 44 46 47 48 49 50 51 52 53 54 55 56 57 58 59 60 61 62 63 64 65 66 67 68 69 70 71 72 73 74 75 77 78 79]
2026-03-12 17:40:10,914{GMT}	INFO	[jepsen worker 0] jepsen.util: 0	:invoke	:read	nil
2026-03-12 17:40:10,920{GMT}	INFO	[jepsen worker 0] jepsen.util: 0	:ok	:read	[0 1 2 3 4 5 6 7 8 9 10 11 12 13 14 15 16 17 18 20 22 30 38 39 40 41 42 43 44 46 47 48 49 50 51 52 53 54 55 56 57 58 59 60 61 62 63 64 65 66 67 68 69 70 71 72 73 74 75 77 78 79]
2026-03-12 17:40:10,939{GMT}	INFO	[jepsen worker 0] jepsen.util: 0	:invoke	:broadcast	80
2026-03-12 17:40:10,940{GMT}	INFO	[jepsen worker 0] jepsen.util: 0	:ok	:broadcast	80
2026-03-12 17:40:11,116{GMT}	INFO	[jepsen worker 0] jepsen.util: 0	:invoke	:read	nil
2026-03-12 17:40:11,119{GMT}	INFO	[jepsen worker 0] jepsen.util: 0	:ok	:read	[0 1 2 3 4 5 6 7 8 9 10 11 12 13 14 15 16 17 18 20 22 30 38 39 40 41 42 43 44 46 47 48 49 50 51 52 53 54 55 56 57 58 59 60 61 62 63 64 65 66 67 68 69 70 71 72 73 74 75 77 78 79 80]
2026-03-12 17:40:11,137{GMT}	INFO	[jepsen worker 0] jepsen.util: 0	:invoke	:broadcast	81
2026-03-12 17:40:11,140{GMT}	INFO	[jepsen worker 0] jepsen.util: 0	:ok	:broadcast	81
2026-03-12 17:40:11,300{GMT}	INFO	[jepsen worker 0] jepsen.util: 0	:invoke	:broadcast	82
2026-03-12 17:40:11,301{GMT}	INFO	[jepsen worker 0] jepsen.util: 0	:ok	:broadcast	82
2026-03-12 17:40:11,496{GMT}	INFO	[jepsen worker 0] jepsen.util: 0	:invoke	:read	nil
2026-03-12 17:40:11,498{GMT}	INFO	[jepsen worker 0] jepsen.util: 0	:ok	:read	[0 1 2 3 4 5 6 7 8 9 10 11 12 13 14 15 16 17 18 20 22 30 38 39 40 41 42 43 44 46 47 48 49 50 51 52 53 54 55 56 57 58 59 60 61 62 63 64 65 66 67 68 69 70 71 72 73 74 75 77 78 79 80 81 82]
2026-03-12 17:40:11,682{GMT}	INFO	[jepsen worker 0] jepsen.util: 0	:invoke	:read	nil
2026-03-12 17:40:11,689{GMT}	INFO	[jepsen worker 0] jepsen.util: 0	:ok	:read	[0 1 2 3 4 5 6 7 8 9 10 11 12 13 14 15 16 17 18 20 22 30 38 39 40 41 42 43 44 46 47 48 49 50 51 52 53 54 55 56 57 58 59 60 61 62 63 64 65 66 67 68 69 70 71 72 73 74 75 77 78 79 80 81 82]
2026-03-12 17:40:11,726{GMT}	INFO	[jepsen worker 0] jepsen.util: 0	:invoke	:broadcast	83
2026-03-12 17:40:11,729{GMT}	INFO	[jepsen worker 0] jepsen.util: 0	:ok	:broadcast	83
2026-03-12 17:40:11,789{GMT}	INFO	[jepsen worker 0] jepsen.util: 0	:invoke	:broadcast	84
2026-03-12 17:40:11,791{GMT}	INFO	[jepsen worker 0] jepsen.util: 0	:ok	:broadcast	84
2026-03-12 17:40:11,989{GMT}	INFO	[jepsen worker 0] jepsen.util: 0	:invoke	:broadcast	85
2026-03-12 17:40:11,990{GMT}	INFO	[jepsen worker 0] jepsen.util: 0	:ok	:broadcast	85
2026-03-12 17:40:12,053{GMT}	INFO	[jepsen worker 0] jepsen.util: 0	:invoke	:read	nil
2026-03-12 17:40:12,054{GMT}	INFO	[jepsen worker 0] jepsen.util: 0	:ok	:read	[0 1 2 3 4 5 6 7 8 9 10 11 12 13 14 15 16 17 18 20 22 30 38 39 40 41 42 43 44 46 47 48 49 50 51 52 53 54 55 56 57 58 59 60 61 62 63 64 65 66 67 68 69 70 71 72 73 74 75 77 78 79 80 81 82 83 84 85]
2026-03-12 17:40:12,246{GMT}	INFO	[jepsen worker 0] jepsen.util: 0	:invoke	:broadcast	86
2026-03-12 17:40:12,252{GMT}	INFO	[jepsen worker 0] jepsen.util: 0	:ok	:broadcast	86
2026-03-12 17:40:12,424{GMT}	INFO	[jepsen worker 0] jepsen.util: 0	:invoke	:broadcast	87
2026-03-12 17:40:12,426{GMT}	INFO	[jepsen worker 0] jepsen.util: 0	:ok	:broadcast	87
2026-03-12 17:40:12,582{GMT}	INFO	[jepsen worker 0] jepsen.util: 0	:invoke	:read	nil
2026-03-12 17:40:12,584{GMT}	INFO	[jepsen worker 0] jepsen.util: 0	:ok	:read	[0 1 2 3 4 5 6 7 8 9 10 11 12 13 14 15 16 17 18 20 22 30 38 39 40 41 42 43 44 46 47 48 49 50 51 52 53 54 55 56 57 58 59 60 61 62 63 64 65 66 67 68 69 70 71 72 73 74 75 77 78 79 80 81 82 83 84 85 86 87]
2026-03-12 17:40:12,695{GMT}	INFO	[jepsen worker 3] jepsen.util: 3	:fail	:read	nil	:net-timeout
2026-03-12 17:40:12,704{GMT}	INFO	[jepsen worker 0] jepsen.util: 0	:invoke	:read	nil
2026-03-12 17:40:12,705{GMT}	INFO	[jepsen worker 0] jepsen.util: 0	:ok	:read	[0 1 2 3 4 5 6 7 8 9 10 11 12 13 14 15 16 17 18 20 22 30 38 39 40 41 42 43 44 46 47 48 49 50 51 52 53 54 55 56 57 58 59 60 61 62 63 64 65 66 67 68 69 70 71 72 73 74 75 77 78 79 80 81 82 83 84 85 86 87]
2026-03-12 17:40:12,758{GMT}	INFO	[jepsen worker 0] jepsen.util: 0	:invoke	:broadcast	88
2026-03-12 17:40:12,760{GMT}	INFO	[jepsen worker 0] jepsen.util: 0	:ok	:broadcast	88
2026-03-12 17:40:12,885{GMT}	INFO	[jepsen worker 0] jepsen.util: 0	:invoke	:broadcast	89
2026-03-12 17:40:12,887{GMT}	INFO	[jepsen worker 0] jepsen.util: 0	:ok	:broadcast	89
2026-03-12 17:40:13,003{GMT}	INFO	[jepsen worker 3] jepsen.util: 3	:invoke	:read	nil
2026-03-12 17:40:14,542{GMT}	INFO	[jepsen worker 1] jepsen.util: 11	:fail	:read	nil	:net-timeout
2026-03-12 17:40:14,740{GMT}	INFO	[jepsen worker 4] jepsen.util: 9	:info	:broadcast	76	:net-timeout
2026-03-12 17:40:15,228{GMT}	INFO	[jepsen worker 2] jepsen.util: 2	:fail	:read	nil	:net-timeout
2026-03-12 17:40:18,006{GMT}	INFO	[jepsen worker 3] jepsen.util: 3	:fail	:read	nil	:net-timeout
2026-03-12 17:40:18,007{GMT}	INFO	[jepsen worker 2] jepsen.generator.interpreter: Waiting for recovery...
2026-03-12 17:40:28,016{GMT}	INFO	[jepsen worker 1] jepsen.util: 11	:invoke	:read	nil
2026-03-12 17:40:28,017{GMT}	INFO	[jepsen worker 2] jepsen.util: 2	:invoke	:read	nil
2026-03-12 17:40:28,017{GMT}	INFO	[jepsen worker 0] jepsen.util: 0	:invoke	:read	nil
2026-03-12 17:40:28,019{GMT}	INFO	[jepsen worker 3] jepsen.util: 3	:invoke	:read	nil
2026-03-12 17:40:28,020{GMT}	INFO	[jepsen worker 4] jepsen.util: 14	:invoke	:read	nil
2026-03-12 17:40:28,021{GMT}	INFO	[jepsen worker 0] jepsen.util: 0	:ok	:read	[0 1 2 3 4 5 6 7 8 9 10 11 12 13 14 15 16 17 18 20 22 30 38 39 40 41 42 43 44 46 47 48 49 50 51 52 53 54 55 56 57 58 59 60 61 62 63 64 65 66 67 68 69 70 71 72 73 74 75 77 78 79 80 81 82 83 84 85 86 87 88 89]
2026-03-12 17:40:33,021{GMT}	INFO	[jepsen worker 1] jepsen.util: 11	:fail	:read	nil	:net-timeout
2026-03-12 17:40:33,022{GMT}	INFO	[jepsen worker 3] jepsen.util: 3	:fail	:read	nil	:net-timeout
2026-03-12 17:40:33,023{GMT}	INFO	[jepsen worker 2] jepsen.util: 2	:fail	:read	nil	:net-timeout
2026-03-12 17:40:33,022{GMT}	INFO	[jepsen worker 4] jepsen.util: 14	:fail	:read	nil	:net-timeout
2026-03-12 17:40:33,113{GMT}	INFO	[jepsen test runner] jepsen.core: Run complete, writing
2026-03-12 17:40:33,344{GMT}	INFO	[jepsen node n0] maelstrom.db: Tearing down n0
2026-03-12 17:40:33,351{GMT}	INFO	[jepsen node n1] maelstrom.db: Tearing down n1
2026-03-12 17:40:33,358{GMT}	INFO	[jepsen node n4] maelstrom.db: Tearing down n4
2026-03-12 17:40:33,358{GMT}	INFO	[jepsen node n3] maelstrom.db: Tearing down n3
2026-03-12 17:40:33,361{GMT}	INFO	[jepsen node n2] maelstrom.db: Tearing down n2
2026-03-12 17:40:34,028{GMT}	INFO	[jepsen node n0] maelstrom.net: Shutting down Maelstrom network
2026-03-12 17:40:34,031{GMT}	WARN	[jepsen test runner] jepsen.core: Test crashed!
clojure.lang.ExceptionInfo: Node n4 crashed with exit status 1. Before crashing, it wrote to STDOUT:

{"src":"n4","dest":"n3","body":{"type":"broadcast_ok","in_reply_to":45484,"msg_id":73222}}
{"src":"n4","dest":"n1","body":{"type":"broadcast","message":0,"msg_id":73223}}
{"src":"n4","dest":"n3","body":{"type":"broadcast","message":0,"msg_id":73224}}
{"src":"n4","dest":"n3","body":{"type":"broadcast_ok","in_reply_to":45494,"msg_id":73225}}
{"src":"n4","dest":"n1","body":{"type":"broadcast","message":0,"msg_id":73226}}
{"src":"n4","dest":"n3","body":{"type":"broadcast","message":0,"msg_id":73227}}
{"src":"n4","dest":"n3","body":{"type":"broadcast_ok","in_reply_to":45486,"msg_id":73228}}
{"src":"n4","dest":"n1","body":{"type":"broadcast","message":0,"msg_id":73229}}
{"src":"n4","dest":"n1","body":{"type":"broadcast","message":0,"msg_id":73230}}
{"src":"n4","dest":"n3","body":{"type":"broadcast","message":0,"msg_id":73231}}
{"src":"n4","dest":"n3","body":{"type":"broadcast_ok","in_reply_to":45488,"msg_id":73232}}
{"src":"n4","dest":"n1","body":{"type":"broadcast","message":0,"msg_id":73233}}
{"src":"n4","dest":"n3","body":{"type":"broadcast","message":0,"msg_id":73234}}
{"src":"n4","dest":"n3","body":{"type":"broadcast_ok","in_reply_to":45500,"msg_id":73235}}
{"src":"n4","dest":"n1","body":{"type":"broadcast","message":0,"msg_id":73236}}
{"src":"n4","dest":"n3","body":{"type":"broadcast","message":0,"msg_id":73237}}
{"src":"n4","dest":"n3","body":{"type":"broadcast_ok","in_reply_to":45497,"msg_id":73238}}
{"src":"n4","dest":"n1","body":{"type":"broadcast","message":0,"msg_id":73239}}
{"src":"n4","dest":"n3","body":{"type":"broadcast","message":0,"msg_id":73240}}
{"src":"n4","dest":"n3","body":{"type":"broadcast_ok","in_reply_to":45503,"msg_id":73241}}
{"src":"n4","dest":"n1","body":{"type":"broadcast","message":0,"msg_id":73242}}
{"src":"n4","dest":"n3","body":{"type":"broadcast","message":0,"msg_id":73243}}
{"src":"n4","dest":"n3","body":{"type":"broadcast_ok","in_reply_to":45506,"msg_id":73244}}
{"src":"n4","dest":"n1","body":{"type":"broadcast","message":0,"msg_id":73245}}
{"src":"n4","dest":"n3","body":{"type":"broadcast","message":0,"msg_id":73246}}
{"src":"n4","dest":"n3","body":{"type":"broadcast_ok","in_reply_to":45518,"msg_id":73247}}
{"src":"n4","dest":"n1","body":{"type":"broadcast","message":0,"msg_id":73248}}
{"src":"n4","dest":"n3","body":{"type":"broadcast","message":0,"msg_id":73249}}
{"src":"n4","dest":"n3","body":{"type":"broadcast_ok","in_reply_to":45515,"msg_id":73250}}
{"src":"n4","dest":"n1","body":{"type":"broadcast","message":0,"msg_id":73251}}
{"src":"n4","dest":"n3","body":{"type":"broadcast","message":0,"msg_id":73252}}
{"src":"n4","dest":"n3","body":{"type":"broadcast_ok","in_reply_to":45512,"msg_id":73253}}

And to STDERR:

Fatal error! java.lang.OutOfMemoryError: unable to create native thread: possibly out of memory or process/resource limits reached
java.lang.OutOfMemoryError: unable to create native thread: possibly out of memory or process/resource limits reached
	at java.base/java.lang.Thread.start0(Native Method)
	at java.base/java.lang.Thread.start(Thread.java:1553)
	at java.base/java.lang.System$2.start(System.java:2577)
	at java.base/jdk.internal.vm.SharedThreadContainer.start(SharedThreadContainer.java:152)
	at java.base/java.util.concurrent.ThreadPoolExecutor.addWorker(ThreadPoolExecutor.java:953)
	at java.base/java.util.concurrent.ThreadPoolExecutor.execute(ThreadPoolExecutor.java:1375)
	at lab.Node.run(Node.java:44)
	at lab.BroadcastServer.run(BroadcastServer.java:83)
	at lab.Main.main(Main.java:12)

Full STDERR logs are available in /home/banna/Documents/maelstrom-java/store/broadcast/20260312T173951.488Z/node-logs/n4.log
	at slingshot.support$stack_trace.invoke(support.clj:201)
	at maelstrom.process$stop_node_BANG_.invokeStatic(process.clj:239)
	at maelstrom.process$stop_node_BANG_.invoke(process.clj:217)
	at maelstrom.db$db$reify__16142.teardown_BANG_(db.clj:75)
	at jepsen.db$fn__8744$G__8725__8748.invoke(db.clj:12)
	at jepsen.db$fn__8744$G__8724__8753.invoke(db.clj:12)
	at clojure.core$partial$fn__5908.invoke(core.clj:2642)
	at jepsen.control$on_nodes$fn__8599.invoke(control.clj:314)
	at clojure.lang.AFn.applyToHelper(AFn.java:154)
	at clojure.lang.AFn.applyTo(AFn.java:144)
	at clojure.core$apply.invokeStatic(core.clj:667)
	at clojure.core$with_bindings_STAR_.invokeStatic(core.clj:1990)
	at clojure.core$with_bindings_STAR_.doInvoke(core.clj:1990)
	at clojure.lang.RestFn.applyTo(RestFn.java:142)
	at clojure.core$apply.invokeStatic(core.clj:671)
	at clojure.core$bound_fn_STAR_$fn__5818.doInvoke(core.clj:2020)
	at clojure.lang.RestFn.invoke(RestFn.java:408)
	at dom_top.core$real_pmap_helper$build_thread__211$fn__212.invoke(core.clj:163)
	at clojure.lang.AFn.applyToHelper(AFn.java:152)
	at clojure.lang.AFn.applyTo(AFn.java:144)
	at clojure.core$apply.invokeStatic(core.clj:667)
	at clojure.core$with_bindings_STAR_.invokeStatic(core.clj:1990)
	at clojure.core$with_bindings_STAR_.doInvoke(core.clj:1990)
	at clojure.lang.RestFn.invoke(RestFn.java:425)
	at clojure.lang.AFn.applyToHelper(AFn.java:156)
	at clojure.lang.RestFn.applyTo(RestFn.java:132)
	at clojure.core$apply.invokeStatic(core.clj:671)
	at clojure.core$bound_fn_STAR_$fn__5818.doInvoke(core.clj:2020)
	at clojure.lang.RestFn.invoke(RestFn.java:397)
	at clojure.lang.AFn.run(AFn.java:22)
	at java.base/java.lang.Thread.run(Thread.java:1583)
