2026-03-12T16:44:59 Unexpected exception handling (msg c12 n2 {"type":"read","msg_id":8}) : java.util.ConcurrentModificationException
java.util.ConcurrentModificationException
	at java.base/java.util.ArrayList$Itr.checkForComodification(ArrayList.java:1095)
	at java.base/java.util.ArrayList$Itr.next(ArrayList.java:1049)
	at lab.BroadcastServer.lambda$run$1(BroadcastServer.java:59)
	at lab.Node.handleRequest(Node.java:97)
	at lab.Node.handleMessage(Node.java:71)
	at lab.Node.lambda$run$0(Node.java:44)
	at java.base/java.util.concurrent.ThreadPoolExecutor.runWorker(ThreadPoolExecutor.java:1144)
	at java.base/java.util.concurrent.ThreadPoolExecutor$Worker.run(ThreadPoolExecutor.java:642)
	at java.base/java.lang.Thread.run(Thread.java:1583)

2026-03-12T16:44:59 Unexpected exception handling (msg c12 n2 {"type":"read","msg_id":11}) : java.util.ConcurrentModificationException
java.util.ConcurrentModificationException
	at java.base/java.util.ArrayList$Itr.checkForComodification(ArrayList.java:1095)
	at java.base/java.util.ArrayList$Itr.next(ArrayList.java:1049)
	at lab.BroadcastServer.lambda$run$1(BroadcastServer.java:59)
	at lab.Node.handleRequest(Node.java:97)
	at lab.Node.handleMessage(Node.java:71)
	at lab.Node.lambda$run$0(Node.java:44)
	at java.base/java.util.concurrent.ThreadPoolExecutor.runWorker(ThreadPoolExecutor.java:1144)
	at java.base/java.util.concurrent.ThreadPoolExecutor$Worker.run(ThreadPoolExecutor.java:642)
	at java.base/java.lang.Thread.run(Thread.java:1583)

2026-03-12T16:45:00 Unexpected exception handling (msg c12 n2 {"type":"read","msg_id":13}) : java.util.ConcurrentModificationException
java.util.ConcurrentModificationException
	at java.base/java.util.ArrayList$Itr.checkForComodification(ArrayList.java:1095)
	at java.base/java.util.ArrayList$Itr.next(ArrayList.java:1049)
	at lab.BroadcastServer.lambda$run$1(BroadcastServer.java:59)
	at lab.Node.handleRequest(Node.java:97)
	at lab.Node.handleMessage(Node.java:71)
	at lab.Node.lambda$run$0(Node.java:44)
	at java.base/java.util.concurrent.ThreadPoolExecutor.runWorker(ThreadPoolExecutor.java:1144)
	at java.base/java.util.concurrent.ThreadPoolExecutor$Worker.run(ThreadPoolExecutor.java:642)
	at java.base/java.lang.Thread.run(Thread.java:1583)

2026-03-12T16:45:01 Unexpected exception handling (msg c12 n2 {"type":"read","msg_id":18}) : java.util.ConcurrentModificationException
java.util.ConcurrentModificationException
	at java.base/java.util.ArrayList$Itr.checkForComodification(ArrayList.java:1095)
	at java.base/java.util.ArrayList$Itr.next(ArrayList.java:1049)
	at lab.BroadcastServer.lambda$run$1(BroadcastServer.java:59)
	at lab.Node.handleRequest(Node.java:97)
	at lab.Node.handleMessage(Node.java:71)
	at lab.Node.lambda$run$0(Node.java:44)
	at java.base/java.util.concurrent.ThreadPoolExecutor.runWorker(ThreadPoolExecutor.java:1144)
	at java.base/java.util.concurrent.ThreadPoolExecutor$Worker.run(ThreadPoolExecutor.java:642)
	at java.base/java.lang.Thread.run(Thread.java:1583)

2026-03-12T16:45:01 Unexpected exception handling (msg c12 n2 {"type":"read","msg_id":21}) : java.util.ConcurrentModificationException
java.util.ConcurrentModificationException
	at java.base/java.util.ArrayList$Itr.checkForComodification(ArrayList.java:1095)
	at java.base/java.util.ArrayList$Itr.next(ArrayList.java:1049)
	at lab.BroadcastServer.lambda$run$1(BroadcastServer.java:59)
	at lab.Node.handleRequest(Node.java:97)
	at lab.Node.handleMessage(Node.java:71)
	at lab.Node.lambda$run$0(Node.java:44)
	at java.base/java.util.concurrent.ThreadPoolExecutor.runWorker(ThreadPoolExecutor.java:1144)
	at java.base/java.util.concurrent.ThreadPoolExecutor$Worker.run(ThreadPoolExecutor.java:642)
	at java.base/java.lang.Thread.run(Thread.java:1583)

2026-03-12T16:45:01 Unexpected exception handling (msg c12 n2 {"type":"read","msg_id":22}) : java.util.ConcurrentModificationException
java.util.ConcurrentModificationException
	at java.base/java.util.ArrayList$Itr.checkForComodification(ArrayList.java:1095)
	at java.base/java.util.ArrayList$Itr.next(ArrayList.java:1049)
	at lab.BroadcastServer.lambda$run$1(BroadcastServer.java:59)
	at lab.Node.handleRequest(Node.java:97)
	at lab.Node.handleMessage(Node.java:71)
	at lab.Node.lambda$run$0(Node.java:44)
	at java.base/java.util.concurrent.ThreadPoolExecutor.runWorker(ThreadPoolExecutor.java:1144)
	at java.base/java.util.concurrent.ThreadPoolExecutor$Worker.run(ThreadPoolExecutor.java:642)
	at java.base/java.lang.Thread.run(Thread.java:1583)

2026-03-12T16:45:01 Unexpected exception handling (msg c12 n2 {"type":"read","msg_id":24}) : java.util.ConcurrentModificationException
java.util.ConcurrentModificationException
	at java.base/java.util.ArrayList$Itr.checkForComodification(ArrayList.java:1095)
	at java.base/java.util.ArrayList$Itr.next(ArrayList.java:1049)
	at lab.BroadcastServer.lambda$run$1(BroadcastServer.java:59)
	at lab.Node.handleRequest(Node.java:97)
	at lab.Node.handleMessage(Node.java:71)
	at lab.Node.lambda$run$0(Node.java:44)
	at java.base/java.util.concurrent.ThreadPoolExecutor.runWorker(ThreadPoolExecutor.java:1144)
	at java.base/java.util.concurrent.ThreadPoolExecutor$Worker.run(ThreadPoolExecutor.java:642)
	at java.base/java.lang.Thread.run(Thread.java:1583)

2026-03-12T16:45:02 Unexpected exception handling (msg c12 n2 {"type":"read","msg_id":27}) : java.util.ConcurrentModificationException
java.util.ConcurrentModificationException
	at java.base/java.util.ArrayList$Itr.checkForComodification(ArrayList.java:1095)
	at java.base/java.util.ArrayList$Itr.next(ArrayList.java:1049)
	at lab.BroadcastServer.lambda$run$1(BroadcastServer.java:59)
	at lab.Node.handleRequest(Node.java:97)
	at lab.Node.handleMessage(Node.java:71)
	at lab.Node.lambda$run$0(Node.java:44)
	at java.base/java.util.concurrent.ThreadPoolExecutor.runWorker(ThreadPoolExecutor.java:1144)
	at java.base/java.util.concurrent.ThreadPoolExecutor$Worker.run(ThreadPoolExecutor.java:642)
	at java.base/java.lang.Thread.run(Thread.java:1583)

