2026-03-12 17:26:29,566{GMT}	INFO	[jepsen test runner] jepsen.core: Command line:
lein run test -w broadcast --bin run.sh broadcast --node-count 5 --time-limit 20 --rate 10
2026-03-12 17:26:29,654{GMT}	INFO	[jepsen test runner] jepsen.core: Running test:
{:args ["broadcast"]
 :remote
 #jepsen.control.retry.Remote{:remote #jepsen.control.scp.Remote{:cmd-remote #jepsen.control.sshj.SSHJRemote{:concurrency-limit 6,
                                                                                                             :conn-spec nil,
                                                                                                             :client nil,
                                                                                                             :semaphore nil},
                                                                 :conn-spec nil},
                              :conn nil}
 :log-net-send false
 :node-count 5
 :availability nil
 :max-txn-length 4
 :concurrency 5
 :db
 #object[maelstrom.db$db$reify__16142
         "0x3619ecd"
         "maelstrom.db$db$reify__16142@3619ecd"]
 :max-writes-per-key 16
 :leave-db-running? false
 :name "broadcast"
 :logging-json? false
 :start-time
 #object[org.joda.time.DateTime "0x7de4bd8f" "2026-03-12T17:26:29.548Z"]
 :nemesis-interval 10
 :net
 #object[maelstrom.net$jepsen_net$reify__15251
         "0x193e65d5"
         "maelstrom.net$jepsen_net$reify__15251@193e65d5"]
 :client
 #object[maelstrom.workload.broadcast$client$reify__16644
         "0x2a97b4b8"
         "maelstrom.workload.broadcast$client$reify__16644@2a97b4b8"]
 :barrier
 #object[java.util.concurrent.CyclicBarrier
         "0x250fc0d1"
         "java.util.concurrent.CyclicBarrier@250fc0d1"]
 :log-stderr false
 :pure-generators true
 :ssh {:dummy? true}
 :rate 10.0
 :checker
 #object[jepsen.checker$compose$reify__11881
         "0x7ddf193a"
         "jepsen.checker$compose$reify__11881@7ddf193a"]
 :argv
 ("test"
  "-w"
  "broadcast"
  "--bin"
  "run.sh"
  "broadcast"
  "--node-count"
  "5"
  "--time-limit"
  "20"
  "--rate"
  "10")
 :nemesis
 (jepsen.nemesis.ReflCompose
  {:fm {:start-partition 0,
        :stop-partition 0,
        :kill 1,
        :start 1,
        :pause 1,
        :resume 1},
   :nemeses [#unprintable "jepsen.nemesis.combined$partition_nemesis$reify__16416@17a5cb99"
             #unprintable "jepsen.nemesis.combined$db_nemesis$reify__16397@808fa1"]})
 :nodes ["n0" "n1" "n2" "n3" "n4"]
 :test-count 1
 :latency {:mean 0, :dist :constant}
 :bin "run.sh"
 :generator
 ((jepsen.generator.Synchronize
   {:gen (jepsen.generator.TimeLimit
          {:limit 20000000000,
           :cutoff nil,
           :gen (jepsen.generator.Any
                 {:gens [(jepsen.generator.OnThreads
                          {:f #{:nemesis},
                           :context-filter #object[jepsen.generator.context$make_thread_filter$lazy_filter__9167
                                                   "0x7545cb17"
                                                   "jepsen.generator.context$make_thread_filter$lazy_filter__9167@7545cb17"],
                           :gen nil})
                         (jepsen.generator.OnThreads
                          {:f #jepsen.generator.context.AllBut{:element :nemesis},
                           :context-filter #object[jepsen.generator.context$make_thread_filter$lazy_filter__9167
                                                   "0x635b3ec7"
                                                   "jepsen.generator.context$make_thread_filter$lazy_filter__9167@635b3ec7"],
                           :gen (jepsen.generator.Stagger
                                 {:dt 200000000,
                                  :next-time nil,
                                  :gen (jepsen.generator.Mix
                                        {:i 1,
                                         :gens [({:f :broadcast, :value 0}
                                                 {:f :broadcast, :value 1}
                                                 {:f :broadcast, :value 2}
                                                 {:f :broadcast, :value 3}
                                                 {:f :broadcast, :value 4}
                                                 {:f :broadcast, :value 5}
                                                 {:f :broadcast, :value 6}
                                                 {:f :broadcast, :value 7}
                                                 ...)
                                                ({:f :read}
                                                 {:f :read}
                                                 {:f :read}
                                                 {:f :read}
                                                 {:f :read}
                                                 {:f :read}
                                                 {:f :read}
                                                 {:f :read}
                                                 ...)]})})})]})})})
  (jepsen.generator.Synchronize
   {:gen (jepsen.generator.OnThreads
          {:f #{:nemesis},
           :context-filter #object[jepsen.generator.context$make_thread_filter$lazy_filter__9167
                                   "0x15aa3084"
                                   "jepsen.generator.context$make_thread_filter$lazy_filter__9167@15aa3084"],
           :gen ()})})
  (jepsen.generator.Synchronize
   {:gen {:type :log, :value "Waiting for recovery..."}})
  (jepsen.generator.Synchronize {:gen {:type :sleep, :value 10}})
  (jepsen.generator.Synchronize
   {:gen (jepsen.generator.OnThreads
          {:f #jepsen.generator.context.AllBut{:element :nemesis},
           :context-filter #object[jepsen.generator.context$make_thread_filter$lazy_filter__9167
                                   "0x4e6c4c55"
                                   "jepsen.generator.context$make_thread_filter$lazy_filter__9167@4e6c4c55"],
           :gen (jepsen.generator.EachThread
                 {:fresh-gen {:f :read, :final? true},
                  :context-filters #object[clojure.core$promise$reify__8591
                                           "0x74fbee59"
                                           {:status :pending, :val nil}],
                  :gens {}})})}))
 :log-net-recv false
 :os
 #object[maelstrom.net$jepsen_os$reify__15254
         "0x3794621d"
         "maelstrom.net$jepsen_os$reify__15254@3794621d"]
 :time-limit 20
 :workload :broadcast
 :consistency-models [:strict-serializable]
 :topology :grid}

2026-03-12 17:26:30,879{GMT}	INFO	[jepsen node n0] maelstrom.net: Starting Maelstrom network
2026-03-12 17:26:30,880{GMT}	INFO	[jepsen test runner] jepsen.db: Tearing down DB
2026-03-12 17:26:30,882{GMT}	INFO	[jepsen test runner] jepsen.db: Setting up DB
2026-03-12 17:26:30,882{GMT}	INFO	[jepsen node n1] maelstrom.db: Setting up n1
2026-03-12 17:26:30,882{GMT}	INFO	[jepsen node n2] maelstrom.db: Setting up n2
2026-03-12 17:26:30,882{GMT}	INFO	[jepsen node n3] maelstrom.db: Setting up n3
2026-03-12 17:26:30,882{GMT}	INFO	[jepsen node n4] maelstrom.db: Setting up n4
2026-03-12 17:26:30,883{GMT}	INFO	[jepsen node n2] maelstrom.process: launching run.sh ["broadcast"]
2026-03-12 17:26:30,884{GMT}	INFO	[jepsen node n4] maelstrom.process: launching run.sh ["broadcast"]
2026-03-12 17:26:30,883{GMT}	INFO	[jepsen node n3] maelstrom.process: launching run.sh ["broadcast"]
2026-03-12 17:26:30,883{GMT}	INFO	[jepsen node n1] maelstrom.process: launching run.sh ["broadcast"]
2026-03-12 17:26:30,884{GMT}	INFO	[jepsen node n0] maelstrom.service: Starting services: (lin-kv lin-tso lww-kv seq-kv)
2026-03-12 17:26:30,887{GMT}	INFO	[jepsen node n0] maelstrom.db: Setting up n0
2026-03-12 17:26:30,887{GMT}	INFO	[jepsen node n0] maelstrom.process: launching run.sh ["broadcast"]
2026-03-12 17:26:31,048{GMT}	INFO	[jepsen test runner] jepsen.core: Relative time begins now
2026-03-12 17:26:31,068{GMT}	INFO	[jepsen worker 0] jepsen.util: 0	:invoke	:read	nil
2026-03-12 17:26:31,072{GMT}	INFO	[jepsen worker 0] jepsen.util: 0	:ok	:read	[]
2026-03-12 17:26:31,175{GMT}	INFO	[jepsen worker 1] jepsen.util: 1	:invoke	:read	nil
2026-03-12 17:26:31,180{GMT}	INFO	[jepsen worker 1] jepsen.util: 1	:ok	:read	[]
2026-03-12 17:26:31,280{GMT}	INFO	[jepsen worker 2] jepsen.util: 2	:invoke	:broadcast	0
2026-03-12 17:26:31,286{GMT}	INFO	[jepsen worker 2] jepsen.util: 2	:ok	:broadcast	0
2026-03-12 17:26:31,437{GMT}	INFO	[jepsen worker 3] jepsen.util: 3	:invoke	:broadcast	1
2026-03-12 17:26:31,442{GMT}	INFO	[jepsen worker 3] jepsen.util: 3	:ok	:broadcast	1
2026-03-12 17:26:31,561{GMT}	INFO	[jepsen worker 4] jepsen.util: 4	:invoke	:read	nil
2026-03-12 17:26:31,566{GMT}	INFO	[jepsen worker 4] jepsen.util: 4	:ok	:read	[0 1]
2026-03-12 17:26:31,604{GMT}	INFO	[jepsen worker 0] jepsen.util: 0	:invoke	:read	nil
2026-03-12 17:26:31,608{GMT}	INFO	[jepsen worker 0] jepsen.util: 0	:ok	:read	[]
2026-03-12 17:26:31,666{GMT}	INFO	[jepsen worker 0] jepsen.util: 0	:invoke	:broadcast	2
2026-03-12 17:26:31,671{GMT}	INFO	[jepsen worker 0] jepsen.util: 0	:ok	:broadcast	2
2026-03-12 17:26:31,846{GMT}	INFO	[jepsen worker 1] jepsen.util: 1	:invoke	:broadcast	3
2026-03-12 17:26:31,850{GMT}	INFO	[jepsen worker 1] jepsen.util: 1	:ok	:broadcast	3
2026-03-12 17:26:31,943{GMT}	INFO	[jepsen worker 2] jepsen.util: 2	:invoke	:broadcast	4
2026-03-12 17:26:31,947{GMT}	INFO	[jepsen worker 2] jepsen.util: 2	:ok	:broadcast	4
2026-03-12 17:26:32,064{GMT}	INFO	[jepsen worker 3] jepsen.util: 3	:invoke	:broadcast	5
2026-03-12 17:26:32,068{GMT}	INFO	[jepsen worker 3] jepsen.util: 3	:ok	:broadcast	5
2026-03-12 17:26:32,165{GMT}	INFO	[jepsen worker 4] jepsen.util: 4	:invoke	:broadcast	6
2026-03-12 17:26:32,169{GMT}	INFO	[jepsen worker 4] jepsen.util: 4	:ok	:broadcast	6
2026-03-12 17:26:32,306{GMT}	INFO	[jepsen worker 0] jepsen.util: 0	:invoke	:read	nil
2026-03-12 17:26:32,310{GMT}	INFO	[jepsen worker 0] jepsen.util: 0	:ok	:read	[2]
2026-03-12 17:26:32,447{GMT}	INFO	[jepsen worker 0] jepsen.util: 0	:invoke	:read	nil
2026-03-12 17:26:32,451{GMT}	INFO	[jepsen worker 0] jepsen.util: 0	:ok	:read	[2]
2026-03-12 17:26:32,555{GMT}	INFO	[jepsen worker 1] jepsen.util: 1	:invoke	:read	nil
2026-03-12 17:26:32,559{GMT}	INFO	[jepsen worker 1] jepsen.util: 1	:ok	:read	[2 3]
2026-03-12 17:26:32,679{GMT}	INFO	[jepsen worker 2] jepsen.util: 2	:invoke	:broadcast	7
2026-03-12 17:26:32,683{GMT}	INFO	[jepsen worker 2] jepsen.util: 2	:ok	:broadcast	7
2026-03-12 17:26:32,794{GMT}	INFO	[jepsen worker 3] jepsen.util: 3	:invoke	:read	nil
2026-03-12 17:26:32,798{GMT}	INFO	[jepsen worker 3] jepsen.util: 3	:ok	:read	[0 1 2 3 4 5 7]
2026-03-12 17:26:32,820{GMT}	INFO	[jepsen worker 4] jepsen.util: 4	:invoke	:broadcast	8
2026-03-12 17:26:32,823{GMT}	INFO	[jepsen worker 4] jepsen.util: 4	:ok	:broadcast	8
2026-03-12 17:26:32,885{GMT}	INFO	[jepsen worker 0] jepsen.util: 0	:invoke	:broadcast	9
2026-03-12 17:26:32,889{GMT}	INFO	[jepsen worker 0] jepsen.util: 0	:ok	:broadcast	9
2026-03-12 17:26:33,075{GMT}	INFO	[jepsen worker 0] jepsen.util: 0	:invoke	:read	nil
2026-03-12 17:26:33,079{GMT}	INFO	[jepsen worker 0] jepsen.util: 0	:ok	:read	[2 9]
2026-03-12 17:26:33,158{GMT}	INFO	[jepsen worker 1] jepsen.util: 1	:invoke	:read	nil
2026-03-12 17:26:33,162{GMT}	INFO	[jepsen worker 1] jepsen.util: 1	:ok	:read	[2 3 9]
2026-03-12 17:26:33,355{GMT}	INFO	[jepsen worker 2] jepsen.util: 2	:invoke	:broadcast	10
2026-03-12 17:26:33,360{GMT}	INFO	[jepsen worker 2] jepsen.util: 2	:ok	:broadcast	10
2026-03-12 17:26:33,429{GMT}	INFO	[jepsen worker 3] jepsen.util: 3	:invoke	:broadcast	11
2026-03-12 17:26:33,433{GMT}	INFO	[jepsen worker 3] jepsen.util: 3	:ok	:broadcast	11
2026-03-12 17:26:33,619{GMT}	INFO	[jepsen worker 4] jepsen.util: 4	:invoke	:broadcast	12
2026-03-12 17:26:33,622{GMT}	INFO	[jepsen worker 4] jepsen.util: 4	:ok	:broadcast	12
2026-03-12 17:26:33,760{GMT}	INFO	[jepsen worker 0] jepsen.util: 0	:invoke	:broadcast	13
2026-03-12 17:26:33,764{GMT}	INFO	[jepsen worker 0] jepsen.util: 0	:ok	:broadcast	13
2026-03-12 17:26:33,877{GMT}	INFO	[jepsen worker 0] jepsen.util: 0	:invoke	:read	nil
2026-03-12 17:26:33,881{GMT}	INFO	[jepsen worker 0] jepsen.util: 0	:ok	:read	[2 9 13]
2026-03-12 17:26:34,021{GMT}	INFO	[jepsen worker 1] jepsen.util: 1	:invoke	:read	nil
2026-03-12 17:26:34,024{GMT}	INFO	[jepsen worker 1] jepsen.util: 1	:ok	:read	[2 3 9 13]
2026-03-12 17:26:34,144{GMT}	INFO	[jepsen worker 2] jepsen.util: 2	:invoke	:broadcast	14
2026-03-12 17:26:34,148{GMT}	INFO	[jepsen worker 2] jepsen.util: 2	:ok	:broadcast	14
2026-03-12 17:26:34,295{GMT}	INFO	[jepsen worker 3] jepsen.util: 3	:invoke	:broadcast	15
2026-03-12 17:26:34,299{GMT}	INFO	[jepsen worker 3] jepsen.util: 3	:ok	:broadcast	15
2026-03-12 17:26:34,313{GMT}	INFO	[jepsen worker 4] jepsen.util: 4	:invoke	:broadcast	16
2026-03-12 17:26:34,316{GMT}	INFO	[jepsen worker 4] jepsen.util: 4	:ok	:broadcast	16
2026-03-12 17:26:34,384{GMT}	INFO	[jepsen worker 0] jepsen.util: 0	:invoke	:broadcast	17
2026-03-12 17:26:34,388{GMT}	INFO	[jepsen worker 0] jepsen.util: 0	:ok	:broadcast	17
2026-03-12 17:26:34,546{GMT}	INFO	[jepsen worker 0] jepsen.util: 0	:invoke	:broadcast	18
2026-03-12 17:26:34,551{GMT}	INFO	[jepsen worker 0] jepsen.util: 0	:ok	:broadcast	18
2026-03-12 17:26:34,610{GMT}	INFO	[jepsen worker 1] jepsen.util: 1	:invoke	:read	nil
2026-03-12 17:26:34,613{GMT}	INFO	[jepsen worker 1] jepsen.util: 1	:ok	:read	[2 3 9 13 17 18]
2026-03-12 17:26:34,774{GMT}	INFO	[jepsen worker 2] jepsen.util: 2	:invoke	:read	nil
2026-03-12 17:26:34,778{GMT}	INFO	[jepsen worker 2] jepsen.util: 2	:ok	:read	[0 2 3 4 7 9 10 13 14 17 18]
2026-03-12 17:26:34,795{GMT}	INFO	[jepsen worker 3] jepsen.util: 3	:invoke	:read	nil
2026-03-12 17:26:34,798{GMT}	INFO	[jepsen worker 3] jepsen.util: 3	:ok	:read	[0 1 2 3 4 5 7 9 10 11 13 14 15 17 18]
2026-03-12 17:26:34,831{GMT}	INFO	[jepsen worker 4] jepsen.util: 4	:invoke	:broadcast	19
2026-03-12 17:26:34,833{GMT}	INFO	[jepsen worker 4] jepsen.util: 4	:ok	:broadcast	19
2026-03-12 17:26:34,853{GMT}	INFO	[jepsen worker 0] jepsen.util: 0	:invoke	:broadcast	20
2026-03-12 17:26:34,855{GMT}	INFO	[jepsen worker 0] jepsen.util: 0	:ok	:broadcast	20
2026-03-12 17:26:35,053{GMT}	INFO	[jepsen worker 0] jepsen.util: 0	:invoke	:broadcast	21
2026-03-12 17:26:35,057{GMT}	INFO	[jepsen worker 0] jepsen.util: 0	:ok	:broadcast	21
2026-03-12 17:26:35,148{GMT}	INFO	[jepsen worker 1] jepsen.util: 1	:invoke	:read	nil
2026-03-12 17:26:35,152{GMT}	INFO	[jepsen worker 1] jepsen.util: 1	:ok	:read	[2 3 9 13 17 18 20 21]
2026-03-12 17:26:35,187{GMT}	INFO	[jepsen worker 2] jepsen.util: 2	:invoke	:read	nil
2026-03-12 17:26:35,189{GMT}	INFO	[jepsen worker 2] jepsen.util: 2	:ok	:read	[0 2 3 4 7 9 10 13 14 17 18 20 21]
2026-03-12 17:26:35,356{GMT}	INFO	[jepsen worker 3] jepsen.util: 3	:invoke	:read	nil
2026-03-12 17:26:35,360{GMT}	INFO	[jepsen worker 3] jepsen.util: 3	:ok	:read	[0 1 2 3 4 5 7 9 10 11 13 14 15 17 18 20 21]
2026-03-12 17:26:35,365{GMT}	INFO	[jepsen worker 4] jepsen.util: 4	:invoke	:broadcast	22
2026-03-12 17:26:35,369{GMT}	INFO	[jepsen worker 4] jepsen.util: 4	:ok	:broadcast	22
2026-03-12 17:26:35,465{GMT}	INFO	[jepsen worker 0] jepsen.util: 0	:invoke	:broadcast	23
2026-03-12 17:26:35,468{GMT}	INFO	[jepsen worker 0] jepsen.util: 0	:ok	:broadcast	23
2026-03-12 17:26:35,476{GMT}	INFO	[jepsen worker 0] jepsen.util: 0	:invoke	:read	nil
2026-03-12 17:26:35,479{GMT}	INFO	[jepsen worker 0] jepsen.util: 0	:ok	:read	[2 9 13 17 18 20 21 23]
2026-03-12 17:26:35,575{GMT}	INFO	[jepsen worker 1] jepsen.util: 1	:invoke	:read	nil
2026-03-12 17:26:35,578{GMT}	INFO	[jepsen worker 1] jepsen.util: 1	:ok	:read	[2 3 9 13 17 18 20 21 23]
2026-03-12 17:26:35,771{GMT}	INFO	[jepsen worker 2] jepsen.util: 2	:invoke	:read	nil
2026-03-12 17:26:35,775{GMT}	INFO	[jepsen worker 2] jepsen.util: 2	:ok	:read	[0 2 3 4 7 9 10 13 14 17 18 20 21 23]
2026-03-12 17:26:35,927{GMT}	INFO	[jepsen worker 3] jepsen.util: 3	:invoke	:broadcast	24
2026-03-12 17:26:35,930{GMT}	INFO	[jepsen worker 3] jepsen.util: 3	:ok	:broadcast	24
2026-03-12 17:26:35,981{GMT}	INFO	[jepsen worker 4] jepsen.util: 4	:invoke	:read	nil
2026-03-12 17:26:35,985{GMT}	INFO	[jepsen worker 4] jepsen.util: 4	:ok	:read	[0 1 2 3 4 5 6 7 8 9 10 11 12 13 14 15 16 17 18 19 20 21 22 23 24]
2026-03-12 17:26:36,005{GMT}	INFO	[jepsen worker 0] jepsen.util: 0	:invoke	:read	nil
2026-03-12 17:26:36,011{GMT}	INFO	[jepsen worker 1] jepsen.util: 1	:invoke	:broadcast	25
2026-03-12 17:26:36,028{GMT}	INFO	[jepsen worker 0] jepsen.util: 0	:ok	:read	[2 9 13 17 18 20 21 23]
2026-03-12 17:26:36,029{GMT}	INFO	[jepsen worker 1] jepsen.util: 1	:ok	:broadcast	25
2026-03-12 17:26:36,110{GMT}	INFO	[jepsen worker 1] jepsen.util: 1	:invoke	:read	nil
2026-03-12 17:26:36,113{GMT}	INFO	[jepsen worker 1] jepsen.util: 1	:ok	:read	[2 3 9 13 17 18 20 21 23 25]
2026-03-12 17:26:36,233{GMT}	INFO	[jepsen worker 2] jepsen.util: 2	:invoke	:broadcast	26
2026-03-12 17:26:36,236{GMT}	INFO	[jepsen worker 2] jepsen.util: 2	:ok	:broadcast	26
2026-03-12 17:26:36,418{GMT}	INFO	[jepsen worker 3] jepsen.util: 3	:invoke	:broadcast	27
2026-03-12 17:26:36,421{GMT}	INFO	[jepsen worker 3] jepsen.util: 3	:ok	:broadcast	27
2026-03-12 17:26:36,508{GMT}	INFO	[jepsen worker 4] jepsen.util: 4	:invoke	:broadcast	28
2026-03-12 17:26:36,511{GMT}	INFO	[jepsen worker 4] jepsen.util: 4	:ok	:broadcast	28
2026-03-12 17:26:36,645{GMT}	INFO	[jepsen worker 0] jepsen.util: 0	:invoke	:broadcast	29
2026-03-12 17:26:36,649{GMT}	INFO	[jepsen worker 0] jepsen.util: 0	:ok	:broadcast	29
2026-03-12 17:26:36,766{GMT}	INFO	[jepsen worker 0] jepsen.util: 0	:invoke	:broadcast	30
2026-03-12 17:26:36,769{GMT}	INFO	[jepsen worker 0] jepsen.util: 0	:ok	:broadcast	30
2026-03-12 17:26:36,953{GMT}	INFO	[jepsen worker 1] jepsen.util: 1	:invoke	:read	nil
2026-03-12 17:26:36,956{GMT}	INFO	[jepsen worker 1] jepsen.util: 1	:ok	:read	[2 3 9 13 17 18 20 21 23 25 29 30]
2026-03-12 17:26:37,028{GMT}	INFO	[jepsen worker 2] jepsen.util: 2	:invoke	:read	nil
2026-03-12 17:26:37,032{GMT}	INFO	[jepsen worker 2] jepsen.util: 2	:ok	:read	[0 2 3 4 7 9 10 13 14 17 18 20 21 23 25 26 29 30]
2026-03-12 17:26:37,116{GMT}	INFO	[jepsen worker 3] jepsen.util: 3	:invoke	:broadcast	31
2026-03-12 17:26:37,119{GMT}	INFO	[jepsen worker 3] jepsen.util: 3	:ok	:broadcast	31
2026-03-12 17:26:37,253{GMT}	INFO	[jepsen worker 4] jepsen.util: 4	:invoke	:broadcast	32
2026-03-12 17:26:37,256{GMT}	INFO	[jepsen worker 4] jepsen.util: 4	:ok	:broadcast	32
2026-03-12 17:26:37,319{GMT}	INFO	[jepsen worker 0] jepsen.util: 0	:invoke	:read	nil
2026-03-12 17:26:37,323{GMT}	INFO	[jepsen worker 0] jepsen.util: 0	:ok	:read	[2 9 13 17 18 20 21 23 29 30]
2026-03-12 17:26:37,421{GMT}	INFO	[jepsen worker 0] jepsen.util: 0	:invoke	:read	nil
2026-03-12 17:26:37,424{GMT}	INFO	[jepsen worker 0] jepsen.util: 0	:ok	:read	[2 9 13 17 18 20 21 23 29 30]
2026-03-12 17:26:37,474{GMT}	INFO	[jepsen worker 1] jepsen.util: 1	:invoke	:broadcast	33
2026-03-12 17:26:37,477{GMT}	INFO	[jepsen worker 1] jepsen.util: 1	:ok	:broadcast	33
2026-03-12 17:26:37,552{GMT}	INFO	[jepsen worker 2] jepsen.util: 2	:invoke	:broadcast	34
2026-03-12 17:26:37,554{GMT}	INFO	[jepsen worker 3] jepsen.util: 3	:invoke	:read	nil
2026-03-12 17:26:37,555{GMT}	INFO	[jepsen worker 2] jepsen.util: 2	:ok	:broadcast	34
2026-03-12 17:26:37,558{GMT}	INFO	[jepsen worker 3] jepsen.util: 3	:ok	:read	[0 1 2 3 4 5 7 9 10 11 13 14 15 17 18 20 21 23 24 25 26 27 29 30 31 33 34]
2026-03-12 17:26:37,588{GMT}	INFO	[jepsen worker 4] jepsen.util: 4	:invoke	:broadcast	35
2026-03-12 17:26:37,590{GMT}	INFO	[jepsen worker 4] jepsen.util: 4	:ok	:broadcast	35
2026-03-12 17:26:37,739{GMT}	INFO	[jepsen worker 0] jepsen.util: 0	:invoke	:broadcast	36
2026-03-12 17:26:37,742{GMT}	INFO	[jepsen worker 0] jepsen.util: 0	:ok	:broadcast	36
2026-03-12 17:26:37,889{GMT}	INFO	[jepsen worker 0] jepsen.util: 0	:invoke	:broadcast	37
2026-03-12 17:26:37,892{GMT}	INFO	[jepsen worker 0] jepsen.util: 0	:ok	:broadcast	37
2026-03-12 17:26:37,906{GMT}	INFO	[jepsen worker 1] jepsen.util: 1	:invoke	:read	nil
2026-03-12 17:26:37,909{GMT}	INFO	[jepsen worker 1] jepsen.util: 1	:ok	:read	[2 3 9 13 17 18 20 21 23 25 29 30 33 36 37]
2026-03-12 17:26:37,960{GMT}	INFO	[jepsen worker 2] jepsen.util: 2	:invoke	:read	nil
2026-03-12 17:26:37,963{GMT}	INFO	[jepsen worker 2] jepsen.util: 2	:ok	:read	[0 2 3 4 7 9 10 13 14 17 18 20 21 23 25 26 29 30 33 34 36 37]
2026-03-12 17:26:38,097{GMT}	INFO	[jepsen worker 3] jepsen.util: 3	:invoke	:broadcast	38
2026-03-12 17:26:38,100{GMT}	INFO	[jepsen worker 3] jepsen.util: 3	:ok	:broadcast	38
2026-03-12 17:26:38,121{GMT}	INFO	[jepsen worker 4] jepsen.util: 4	:invoke	:broadcast	39
2026-03-12 17:26:38,123{GMT}	INFO	[jepsen worker 4] jepsen.util: 4	:ok	:broadcast	39
2026-03-12 17:26:38,292{GMT}	INFO	[jepsen worker 0] jepsen.util: 0	:invoke	:read	nil
2026-03-12 17:26:38,295{GMT}	INFO	[jepsen worker 0] jepsen.util: 0	:ok	:read	[2 9 13 17 18 20 21 23 29 30 36 37]
2026-03-12 17:26:38,380{GMT}	INFO	[jepsen worker 0] jepsen.util: 0	:invoke	:read	nil
2026-03-12 17:26:38,383{GMT}	INFO	[jepsen worker 0] jepsen.util: 0	:ok	:read	[2 9 13 17 18 20 21 23 29 30 36 37]
2026-03-12 17:26:38,466{GMT}	INFO	[jepsen worker 1] jepsen.util: 1	:invoke	:read	nil
2026-03-12 17:26:38,469{GMT}	INFO	[jepsen worker 1] jepsen.util: 1	:ok	:read	[2 3 9 13 17 18 20 21 23 25 29 30 33 36 37]
2026-03-12 17:26:38,618{GMT}	INFO	[jepsen worker 2] jepsen.util: 2	:invoke	:broadcast	40
2026-03-12 17:26:38,621{GMT}	INFO	[jepsen worker 2] jepsen.util: 2	:ok	:broadcast	40
2026-03-12 17:26:38,784{GMT}	INFO	[jepsen worker 3] jepsen.util: 3	:invoke	:broadcast	41
2026-03-12 17:26:38,787{GMT}	INFO	[jepsen worker 3] jepsen.util: 3	:ok	:broadcast	41
2026-03-12 17:26:38,823{GMT}	INFO	[jepsen worker 4] jepsen.util: 4	:invoke	:read	nil
2026-03-12 17:26:38,827{GMT}	INFO	[jepsen worker 4] jepsen.util: 4	:ok	:read	[0 1 2 3 4 5 6 7 8 9 10 11 12 13 14 15 16 17 18 19 20 21 22 23 24 25 26 27 28 29 30 31 32 33 34 35 36 37 38 39 40 41]
2026-03-12 17:26:38,839{GMT}	INFO	[jepsen worker 0] jepsen.util: 0	:invoke	:read	nil
2026-03-12 17:26:38,842{GMT}	INFO	[jepsen worker 0] jepsen.util: 0	:ok	:read	[2 9 13 17 18 20 21 23 29 30 36 37]
2026-03-12 17:26:38,865{GMT}	INFO	[jepsen worker 0] jepsen.util: 0	:invoke	:read	nil
2026-03-12 17:26:38,867{GMT}	INFO	[jepsen worker 0] jepsen.util: 0	:ok	:read	[2 9 13 17 18 20 21 23 29 30 36 37]
2026-03-12 17:26:38,991{GMT}	INFO	[jepsen worker 1] jepsen.util: 1	:invoke	:read	nil
2026-03-12 17:26:38,994{GMT}	INFO	[jepsen worker 1] jepsen.util: 1	:ok	:read	[2 3 9 13 17 18 20 21 23 25 29 30 33 36 37]
2026-03-12 17:26:39,027{GMT}	INFO	[jepsen worker 2] jepsen.util: 2	:invoke	:read	nil
2026-03-12 17:26:39,030{GMT}	INFO	[jepsen worker 2] jepsen.util: 2	:ok	:read	[0 2 3 4 7 9 10 13 14 17 18 20 21 23 25 26 29 30 33 34 36 37 40]
2026-03-12 17:26:39,215{GMT}	INFO	[jepsen worker 3] jepsen.util: 3	:invoke	:read	nil
2026-03-12 17:26:39,218{GMT}	INFO	[jepsen worker 3] jepsen.util: 3	:ok	:read	[0 1 2 3 4 5 7 9 10 11 13 14 15 17 18 20 21 23 24 25 26 27 29 30 31 33 34 36 37 38 40 41]
2026-03-12 17:26:39,397{GMT}	INFO	[jepsen worker 4] jepsen.util: 4	:invoke	:broadcast	42
2026-03-12 17:26:39,400{GMT}	INFO	[jepsen worker 4] jepsen.util: 4	:ok	:broadcast	42
2026-03-12 17:26:39,503{GMT}	INFO	[jepsen worker 0] jepsen.util: 0	:invoke	:read	nil
2026-03-12 17:26:39,506{GMT}	INFO	[jepsen worker 0] jepsen.util: 0	:ok	:read	[2 9 13 17 18 20 21 23 29 30 36 37]
2026-03-12 17:26:39,638{GMT}	INFO	[jepsen worker 0] jepsen.util: 0	:invoke	:broadcast	43
2026-03-12 17:26:39,641{GMT}	INFO	[jepsen worker 0] jepsen.util: 0	:ok	:broadcast	43
2026-03-12 17:26:39,828{GMT}	INFO	[jepsen worker 1] jepsen.util: 1	:invoke	:read	nil
2026-03-12 17:26:39,831{GMT}	INFO	[jepsen worker 1] jepsen.util: 1	:ok	:read	[2 3 9 13 17 18 20 21 23 25 29 30 33 36 37 43]
2026-03-12 17:26:39,867{GMT}	INFO	[jepsen worker 2] jepsen.util: 2	:invoke	:broadcast	44
2026-03-12 17:26:39,870{GMT}	INFO	[jepsen worker 2] jepsen.util: 2	:ok	:broadcast	44
2026-03-12 17:26:40,032{GMT}	INFO	[jepsen worker 3] jepsen.util: 3	:invoke	:broadcast	45
2026-03-12 17:26:40,035{GMT}	INFO	[jepsen worker 3] jepsen.util: 3	:ok	:broadcast	45
2026-03-12 17:26:40,070{GMT}	INFO	[jepsen worker 4] jepsen.util: 4	:invoke	:broadcast	46
2026-03-12 17:26:40,072{GMT}	INFO	[jepsen worker 4] jepsen.util: 4	:ok	:broadcast	46
2026-03-12 17:26:40,136{GMT}	INFO	[jepsen worker 0] jepsen.util: 0	:invoke	:read	nil
2026-03-12 17:26:40,139{GMT}	INFO	[jepsen worker 0] jepsen.util: 0	:ok	:read	[2 9 13 17 18 20 21 23 29 30 36 37 43]
2026-03-12 17:26:40,308{GMT}	INFO	[jepsen worker 0] jepsen.util: 0	:invoke	:broadcast	47
2026-03-12 17:26:40,311{GMT}	INFO	[jepsen worker 0] jepsen.util: 0	:ok	:broadcast	47
2026-03-12 17:26:40,407{GMT}	INFO	[jepsen worker 1] jepsen.util: 1	:invoke	:read	nil
2026-03-12 17:26:40,410{GMT}	INFO	[jepsen worker 1] jepsen.util: 1	:ok	:read	[2 3 9 13 17 18 20 21 23 25 29 30 33 36 37 43 47]
2026-03-12 17:26:40,472{GMT}	INFO	[jepsen worker 2] jepsen.util: 2	:invoke	:read	nil
2026-03-12 17:26:40,474{GMT}	INFO	[jepsen worker 2] jepsen.util: 2	:ok	:read	[0 2 3 4 7 9 10 13 14 17 18 20 21 23 25 26 29 30 33 34 36 37 40 43 44 47]
2026-03-12 17:26:40,649{GMT}	INFO	[jepsen worker 3] jepsen.util: 3	:invoke	:read	nil
2026-03-12 17:26:40,652{GMT}	INFO	[jepsen worker 3] jepsen.util: 3	:ok	:read	[0 1 2 3 4 5 7 9 10 11 13 14 15 17 18 20 21 23 24 25 26 27 29 30 31 33 34 36 37 38 40 41 43 44 45 47]
2026-03-12 17:26:40,724{GMT}	INFO	[jepsen worker 4] jepsen.util: 4	:invoke	:broadcast	48
2026-03-12 17:26:40,726{GMT}	INFO	[jepsen worker 4] jepsen.util: 4	:ok	:broadcast	48
2026-03-12 17:26:40,795{GMT}	INFO	[jepsen worker 0] jepsen.util: 0	:invoke	:broadcast	49
2026-03-12 17:26:40,798{GMT}	INFO	[jepsen worker 0] jepsen.util: 0	:ok	:broadcast	49
2026-03-12 17:26:40,992{GMT}	INFO	[jepsen worker 0] jepsen.util: 0	:invoke	:read	nil
2026-03-12 17:26:40,995{GMT}	INFO	[jepsen worker 0] jepsen.util: 0	:ok	:read	[2 9 13 17 18 20 21 23 29 30 36 37 43 47 49]
2026-03-12 17:26:41,156{GMT}	INFO	[jepsen worker 1] jepsen.util: 1	:invoke	:broadcast	50
2026-03-12 17:26:41,159{GMT}	INFO	[jepsen worker 1] jepsen.util: 1	:ok	:broadcast	50
2026-03-12 17:26:41,312{GMT}	INFO	[jepsen worker 2] jepsen.util: 2	:invoke	:read	nil
2026-03-12 17:26:41,316{GMT}	INFO	[jepsen worker 2] jepsen.util: 2	:ok	:read	[0 2 3 4 7 9 10 13 14 17 18 20 21 23 25 26 29 30 33 34 36 37 40 43 44 47 49 50]
2026-03-12 17:26:41,367{GMT}	INFO	[jepsen worker 3] jepsen.util: 3	:invoke	:broadcast	51
2026-03-12 17:26:41,370{GMT}	INFO	[jepsen worker 3] jepsen.util: 3	:ok	:broadcast	51
2026-03-12 17:26:41,496{GMT}	INFO	[jepsen worker 4] jepsen.util: 4	:invoke	:broadcast	52
2026-03-12 17:26:41,498{GMT}	INFO	[jepsen worker 4] jepsen.util: 4	:ok	:broadcast	52
2026-03-12 17:26:41,603{GMT}	INFO	[jepsen worker 0] jepsen.util: 0	:invoke	:read	nil
2026-03-12 17:26:41,605{GMT}	INFO	[jepsen worker 0] jepsen.util: 0	:ok	:read	[2 9 13 17 18 20 21 23 29 30 36 37 43 47 49]
2026-03-12 17:26:41,628{GMT}	INFO	[jepsen worker 0] jepsen.util: 0	:invoke	:read	nil
2026-03-12 17:26:41,630{GMT}	INFO	[jepsen worker 0] jepsen.util: 0	:ok	:read	[2 9 13 17 18 20 21 23 29 30 36 37 43 47 49]
2026-03-12 17:26:41,712{GMT}	INFO	[jepsen worker 1] jepsen.util: 1	:invoke	:read	nil
2026-03-12 17:26:41,715{GMT}	INFO	[jepsen worker 1] jepsen.util: 1	:ok	:read	[2 3 9 13 17 18 20 21 23 25 29 30 33 36 37 43 47 49 50]
2026-03-12 17:26:41,748{GMT}	INFO	[jepsen worker 2] jepsen.util: 2	:invoke	:read	nil
2026-03-12 17:26:41,751{GMT}	INFO	[jepsen worker 2] jepsen.util: 2	:ok	:read	[0 2 3 4 7 9 10 13 14 17 18 20 21 23 25 26 29 30 33 34 36 37 40 43 44 47 49 50]
2026-03-12 17:26:41,872{GMT}	INFO	[jepsen worker 3] jepsen.util: 3	:invoke	:read	nil
2026-03-12 17:26:41,875{GMT}	INFO	[jepsen worker 3] jepsen.util: 3	:ok	:read	[0 1 2 3 4 5 7 9 10 11 13 14 15 17 18 20 21 23 24 25 26 27 29 30 31 33 34 36 37 38 40 41 43 44 45 47 49 50 51]
2026-03-12 17:26:42,012{GMT}	INFO	[jepsen worker 4] jepsen.util: 4	:invoke	:read	nil
2026-03-12 17:26:42,014{GMT}	INFO	[jepsen worker 4] jepsen.util: 4	:ok	:read	[0 1 2 3 4 5 6 7 8 9 10 11 12 13 14 15 16 17 18 19 20 21 22 23 24 25 26 27 28 29 30 31 32 33 34 35 36 37 38 39 40 41 42 43 44 45 46 47 48 49 50 51 52]
2026-03-12 17:26:42,022{GMT}	INFO	[jepsen worker 0] jepsen.util: 0	:invoke	:broadcast	53
2026-03-12 17:26:42,024{GMT}	INFO	[jepsen worker 0] jepsen.util: 0	:ok	:broadcast	53
2026-03-12 17:26:42,220{GMT}	INFO	[jepsen worker 0] jepsen.util: 0	:invoke	:broadcast	54
2026-03-12 17:26:42,223{GMT}	INFO	[jepsen worker 0] jepsen.util: 0	:ok	:broadcast	54
2026-03-12 17:26:42,244{GMT}	INFO	[jepsen worker 1] jepsen.util: 1	:invoke	:broadcast	55
2026-03-12 17:26:42,247{GMT}	INFO	[jepsen worker 1] jepsen.util: 1	:ok	:broadcast	55
2026-03-12 17:26:42,322{GMT}	INFO	[jepsen worker 2] jepsen.util: 2	:invoke	:read	nil
2026-03-12 17:26:42,325{GMT}	INFO	[jepsen worker 2] jepsen.util: 2	:ok	:read	[0 2 3 4 7 9 10 13 14 17 18 20 21 23 25 26 29 30 33 34 36 37 40 43 44 47 49 50 53 54 55]
2026-03-12 17:26:42,358{GMT}	INFO	[jepsen worker 3] jepsen.util: 3	:invoke	:broadcast	56
2026-03-12 17:26:42,361{GMT}	INFO	[jepsen worker 3] jepsen.util: 3	:ok	:broadcast	56
2026-03-12 17:26:42,495{GMT}	INFO	[jepsen worker 4] jepsen.util: 4	:invoke	:broadcast	57
2026-03-12 17:26:42,498{GMT}	INFO	[jepsen worker 4] jepsen.util: 4	:ok	:broadcast	57
2026-03-12 17:26:42,552{GMT}	INFO	[jepsen worker 0] jepsen.util: 0	:invoke	:broadcast	58
2026-03-12 17:26:42,555{GMT}	INFO	[jepsen worker 0] jepsen.util: 0	:ok	:broadcast	58
2026-03-12 17:26:42,566{GMT}	INFO	[jepsen worker 0] jepsen.util: 0	:invoke	:read	nil
2026-03-12 17:26:42,569{GMT}	INFO	[jepsen worker 0] jepsen.util: 0	:ok	:read	[2 9 13 17 18 20 21 23 29 30 36 37 43 47 49 53 54 58]
2026-03-12 17:26:42,753{GMT}	INFO	[jepsen worker 1] jepsen.util: 1	:invoke	:read	nil
2026-03-12 17:26:42,756{GMT}	INFO	[jepsen worker 1] jepsen.util: 1	:ok	:read	[2 3 9 13 17 18 20 21 23 25 29 30 33 36 37 43 47 49 50 53 54 55 58]
2026-03-12 17:26:42,924{GMT}	INFO	[jepsen worker 2] jepsen.util: 2	:invoke	:read	nil
2026-03-12 17:26:42,927{GMT}	INFO	[jepsen worker 2] jepsen.util: 2	:ok	:read	[0 2 3 4 7 9 10 13 14 17 18 20 21 23 25 26 29 30 33 34 36 37 40 43 44 47 49 50 53 54 55 58]
2026-03-12 17:26:42,982{GMT}	INFO	[jepsen worker 3] jepsen.util: 3	:invoke	:broadcast	59
2026-03-12 17:26:42,985{GMT}	INFO	[jepsen worker 3] jepsen.util: 3	:ok	:broadcast	59
2026-03-12 17:26:42,996{GMT}	INFO	[jepsen worker 4] jepsen.util: 4	:invoke	:broadcast	60
2026-03-12 17:26:42,998{GMT}	INFO	[jepsen worker 4] jepsen.util: 4	:ok	:broadcast	60
2026-03-12 17:26:43,163{GMT}	INFO	[jepsen worker 0] jepsen.util: 0	:invoke	:broadcast	61
2026-03-12 17:26:43,166{GMT}	INFO	[jepsen worker 0] jepsen.util: 0	:ok	:broadcast	61
2026-03-12 17:26:43,317{GMT}	INFO	[jepsen worker 0] jepsen.util: 0	:invoke	:broadcast	62
2026-03-12 17:26:43,320{GMT}	INFO	[jepsen worker 0] jepsen.util: 0	:ok	:broadcast	62
2026-03-12 17:26:43,423{GMT}	INFO	[jepsen worker 1] jepsen.util: 1	:invoke	:broadcast	63
2026-03-12 17:26:43,425{GMT}	INFO	[jepsen worker 1] jepsen.util: 1	:ok	:broadcast	63
2026-03-12 17:26:43,515{GMT}	INFO	[jepsen worker 2] jepsen.util: 2	:invoke	:broadcast	64
2026-03-12 17:26:43,518{GMT}	INFO	[jepsen worker 2] jepsen.util: 2	:ok	:broadcast	64
2026-03-12 17:26:43,571{GMT}	INFO	[jepsen worker 3] jepsen.util: 3	:invoke	:read	nil
2026-03-12 17:26:43,573{GMT}	INFO	[jepsen worker 3] jepsen.util: 3	:ok	:read	[0 1 2 3 4 5 7 9 10 11 13 14 15 17 18 20 21 23 24 25 26 27 29 30 31 33 34 36 37 38 40 41 43 44 45 47 49 50 51 53 54 55 56 58 59 61 62 63 64]
2026-03-12 17:26:43,576{GMT}	INFO	[jepsen worker 4] jepsen.util: 4	:invoke	:broadcast	65
2026-03-12 17:26:43,578{GMT}	INFO	[jepsen worker 4] jepsen.util: 4	:ok	:broadcast	65
2026-03-12 17:26:43,776{GMT}	INFO	[jepsen worker 0] jepsen.util: 0	:invoke	:broadcast	66
2026-03-12 17:26:43,779{GMT}	INFO	[jepsen worker 0] jepsen.util: 0	:ok	:broadcast	66
2026-03-12 17:26:43,872{GMT}	INFO	[jepsen worker 0] jepsen.util: 0	:invoke	:broadcast	67
2026-03-12 17:26:43,874{GMT}	INFO	[jepsen worker 0] jepsen.util: 0	:ok	:broadcast	67
2026-03-12 17:26:43,965{GMT}	INFO	[jepsen worker 1] jepsen.util: 1	:invoke	:broadcast	68
2026-03-12 17:26:43,968{GMT}	INFO	[jepsen worker 1] jepsen.util: 1	:ok	:broadcast	68
2026-03-12 17:26:44,073{GMT}	INFO	[jepsen worker 2] jepsen.util: 2	:invoke	:broadcast	69
2026-03-12 17:26:44,076{GMT}	INFO	[jepsen worker 2] jepsen.util: 2	:ok	:broadcast	69
2026-03-12 17:26:44,219{GMT}	INFO	[jepsen worker 3] jepsen.util: 3	:invoke	:read	nil
2026-03-12 17:26:44,222{GMT}	INFO	[jepsen worker 3] jepsen.util: 3	:ok	:read	[0 1 2 3 4 5 7 9 10 11 13 14 15 17 18 20 21 23 24 25 26 27 29 30 31 33 34 36 37 38 40 41 43 44 45 47 49 50 51 53 54 55 56 58 59 61 62 63 64 66 67 68 69]
2026-03-12 17:26:44,337{GMT}	INFO	[jepsen worker 4] jepsen.util: 4	:invoke	:read	nil
2026-03-12 17:26:44,340{GMT}	INFO	[jepsen worker 4] jepsen.util: 4	:ok	:read	[0 1 2 3 4 5 6 7 8 9 10 11 12 13 14 15 16 17 18 19 20 21 22 23 24 25 26 27 28 29 30 31 32 33 34 35 36 37 38 39 40 41 42 43 44 45 46 47 48 49 50 51 52 53 54 55 56 57 58 59 60 61 62 63 64 65 66 67 68 69]
2026-03-12 17:26:44,460{GMT}	INFO	[jepsen worker 0] jepsen.util: 0	:invoke	:broadcast	70
2026-03-12 17:26:44,463{GMT}	INFO	[jepsen worker 0] jepsen.util: 0	:ok	:broadcast	70
2026-03-12 17:26:44,581{GMT}	INFO	[jepsen worker 0] jepsen.util: 0	:invoke	:read	nil
2026-03-12 17:26:44,584{GMT}	INFO	[jepsen worker 0] jepsen.util: 0	:ok	:read	[2 9 13 17 18 20 21 23 29 30 36 37 43 47 49 53 54 58 61 62 66 67 70]
2026-03-12 17:26:44,673{GMT}	INFO	[jepsen worker 1] jepsen.util: 1	:invoke	:broadcast	71
2026-03-12 17:26:44,676{GMT}	INFO	[jepsen worker 1] jepsen.util: 1	:ok	:broadcast	71
2026-03-12 17:26:44,763{GMT}	INFO	[jepsen worker 2] jepsen.util: 2	:invoke	:broadcast	72
2026-03-12 17:26:44,765{GMT}	INFO	[jepsen worker 2] jepsen.util: 2	:ok	:broadcast	72
2026-03-12 17:26:44,801{GMT}	INFO	[jepsen worker 3] jepsen.util: 3	:invoke	:broadcast	73
2026-03-12 17:26:44,804{GMT}	INFO	[jepsen worker 3] jepsen.util: 3	:ok	:broadcast	73
2026-03-12 17:26:44,824{GMT}	INFO	[jepsen worker 4] jepsen.util: 4	:invoke	:read	nil
2026-03-12 17:26:44,827{GMT}	INFO	[jepsen worker 4] jepsen.util: 4	:ok	:read	[0 1 2 3 4 5 6 7 8 9 10 11 12 13 14 15 16 17 18 19 20 21 22 23 24 25 26 27 28 29 30 31 32 33 34 35 36 37 38 39 40 41 42 43 44 45 46 47 48 49 50 51 52 53 54 55 56 57 58 59 60 61 62 63 64 65 66 67 68 69 70 71 72 73]
2026-03-12 17:26:44,869{GMT}	INFO	[jepsen worker 0] jepsen.util: 0	:invoke	:broadcast	74
2026-03-12 17:26:44,872{GMT}	INFO	[jepsen worker 0] jepsen.util: 0	:ok	:broadcast	74
2026-03-12 17:26:45,002{GMT}	INFO	[jepsen worker 0] jepsen.util: 0	:invoke	:read	nil
2026-03-12 17:26:45,005{GMT}	INFO	[jepsen worker 0] jepsen.util: 0	:ok	:read	[2 9 13 17 18 20 21 23 29 30 36 37 43 47 49 53 54 58 61 62 66 67 70 74]
2026-03-12 17:26:45,147{GMT}	INFO	[jepsen worker 1] jepsen.util: 1	:invoke	:broadcast	75
2026-03-12 17:26:45,150{GMT}	INFO	[jepsen worker 1] jepsen.util: 1	:ok	:broadcast	75
2026-03-12 17:26:45,160{GMT}	INFO	[jepsen worker 2] jepsen.util: 2	:invoke	:read	nil
2026-03-12 17:26:45,163{GMT}	INFO	[jepsen worker 2] jepsen.util: 2	:ok	:read	[0 2 3 4 7 9 10 13 14 17 18 20 21 23 25 26 29 30 33 34 36 37 40 43 44 47 49 50 53 54 55 58 61 62 63 64 66 67 68 69 70 71 72 74 75]
2026-03-12 17:26:45,315{GMT}	INFO	[jepsen worker 3] jepsen.util: 3	:invoke	:broadcast	76
2026-03-12 17:26:45,317{GMT}	INFO	[jepsen worker 3] jepsen.util: 3	:ok	:broadcast	76
2026-03-12 17:26:45,411{GMT}	INFO	[jepsen worker 4] jepsen.util: 4	:invoke	:broadcast	77
2026-03-12 17:26:45,414{GMT}	INFO	[jepsen worker 4] jepsen.util: 4	:ok	:broadcast	77
2026-03-12 17:26:45,460{GMT}	INFO	[jepsen worker 0] jepsen.util: 0	:invoke	:read	nil
2026-03-12 17:26:45,462{GMT}	INFO	[jepsen worker 0] jepsen.util: 0	:ok	:read	[2 9 13 17 18 20 21 23 29 30 36 37 43 47 49 53 54 58 61 62 66 67 70 74]
2026-03-12 17:26:45,464{GMT}	INFO	[jepsen worker 0] jepsen.util: 0	:invoke	:broadcast	78
2026-03-12 17:26:45,466{GMT}	INFO	[jepsen worker 0] jepsen.util: 0	:ok	:broadcast	78
2026-03-12 17:26:45,623{GMT}	INFO	[jepsen worker 1] jepsen.util: 1	:invoke	:read	nil
2026-03-12 17:26:45,626{GMT}	INFO	[jepsen worker 1] jepsen.util: 1	:ok	:read	[2 3 9 13 17 18 20 21 23 25 29 30 33 36 37 43 47 49 50 53 54 55 58 61 62 63 66 67 68 70 71 74 75 78]
2026-03-12 17:26:45,764{GMT}	INFO	[jepsen worker 2] jepsen.util: 2	:invoke	:broadcast	79
2026-03-12 17:26:45,767{GMT}	INFO	[jepsen worker 2] jepsen.util: 2	:ok	:broadcast	79
2026-03-12 17:26:45,938{GMT}	INFO	[jepsen worker 3] jepsen.util: 3	:invoke	:broadcast	80
2026-03-12 17:26:45,940{GMT}	INFO	[jepsen worker 3] jepsen.util: 3	:ok	:broadcast	80
2026-03-12 17:26:45,959{GMT}	INFO	[jepsen worker 4] jepsen.util: 4	:invoke	:broadcast	81
2026-03-12 17:26:45,962{GMT}	INFO	[jepsen worker 4] jepsen.util: 4	:ok	:broadcast	81
2026-03-12 17:26:46,113{GMT}	INFO	[jepsen worker 0] jepsen.util: 0	:invoke	:broadcast	82
2026-03-12 17:26:46,116{GMT}	INFO	[jepsen worker 0] jepsen.util: 0	:ok	:broadcast	82
2026-03-12 17:26:46,163{GMT}	INFO	[jepsen worker 0] jepsen.util: 0	:invoke	:broadcast	83
2026-03-12 17:26:46,166{GMT}	INFO	[jepsen worker 0] jepsen.util: 0	:ok	:broadcast	83
2026-03-12 17:26:46,173{GMT}	INFO	[jepsen worker 1] jepsen.util: 1	:invoke	:broadcast	84
2026-03-12 17:26:46,175{GMT}	INFO	[jepsen worker 1] jepsen.util: 1	:ok	:broadcast	84
2026-03-12 17:26:46,365{GMT}	INFO	[jepsen worker 2] jepsen.util: 2	:invoke	:read	nil
2026-03-12 17:26:46,368{GMT}	INFO	[jepsen worker 2] jepsen.util: 2	:ok	:read	[0 2 3 4 7 9 10 13 14 17 18 20 21 23 25 26 29 30 33 34 36 37 40 43 44 47 49 50 53 54 55 58 61 62 63 64 66 67 68 69 70 71 72 74 75 78 79 82 83 84]
2026-03-12 17:26:46,373{GMT}	INFO	[jepsen worker 3] jepsen.util: 3	:invoke	:read	nil
2026-03-12 17:26:46,376{GMT}	INFO	[jepsen worker 3] jepsen.util: 3	:ok	:read	[0 1 2 3 4 5 7 9 10 11 13 14 15 17 18 20 21 23 24 25 26 27 29 30 31 33 34 36 37 38 40 41 43 44 45 47 49 50 51 53 54 55 56 58 59 61 62 63 64 66 67 68 69 70 71 72 73 74 75 76 78 79 80 82 83 84]
2026-03-12 17:26:46,532{GMT}	INFO	[jepsen worker 4] jepsen.util: 4	:invoke	:broadcast	85
2026-03-12 17:26:46,534{GMT}	INFO	[jepsen worker 4] jepsen.util: 4	:ok	:broadcast	85
2026-03-12 17:26:46,664{GMT}	INFO	[jepsen worker 0] jepsen.util: 0	:invoke	:broadcast	86
2026-03-12 17:26:46,667{GMT}	INFO	[jepsen worker 0] jepsen.util: 0	:ok	:broadcast	86
2026-03-12 17:26:46,821{GMT}	INFO	[jepsen worker 0] jepsen.util: 0	:invoke	:broadcast	87
2026-03-12 17:26:46,824{GMT}	INFO	[jepsen worker 0] jepsen.util: 0	:ok	:broadcast	87
2026-03-12 17:26:46,887{GMT}	INFO	[jepsen worker 1] jepsen.util: 1	:invoke	:read	nil
2026-03-12 17:26:46,890{GMT}	INFO	[jepsen worker 1] jepsen.util: 1	:ok	:read	[2 3 9 13 17 18 20 21 23 25 29 30 33 36 37 43 47 49 50 53 54 55 58 61 62 63 66 67 68 70 71 74 75 78 82 83 84 86 87]
2026-03-12 17:26:46,918{GMT}	INFO	[jepsen worker 2] jepsen.util: 2	:invoke	:broadcast	88
2026-03-12 17:26:46,920{GMT}	INFO	[jepsen worker 2] jepsen.util: 2	:ok	:broadcast	88
2026-03-12 17:26:47,025{GMT}	INFO	[jepsen worker 3] jepsen.util: 3	:invoke	:broadcast	89
2026-03-12 17:26:47,027{GMT}	INFO	[jepsen worker 3] jepsen.util: 3	:ok	:broadcast	89
2026-03-12 17:26:47,111{GMT}	INFO	[jepsen worker 4] jepsen.util: 4	:invoke	:read	nil
2026-03-12 17:26:47,114{GMT}	INFO	[jepsen worker 4] jepsen.util: 4	:ok	:read	[0 1 2 3 4 5 6 7 8 9 10 11 12 13 14 15 16 17 18 19 20 21 22 23 24 25 26 27 28 29 30 31 32 33 34 35 36 37 38 39 40 41 42 43 44 45 46 47 48 49 50 51 52 53 54 55 56 57 58 59 60 61 62 63 64 65 66 67 68 69 70 71 72 73 74 75 76 77 78 79 80 81 82 83 84 85 86 87 88 89]
2026-03-12 17:26:47,157{GMT}	INFO	[jepsen worker 0] jepsen.util: 0	:invoke	:broadcast	90
2026-03-12 17:26:47,159{GMT}	INFO	[jepsen worker 0] jepsen.util: 0	:ok	:broadcast	90
2026-03-12 17:26:47,276{GMT}	INFO	[jepsen worker 0] jepsen.util: 0	:invoke	:broadcast	91
2026-03-12 17:26:47,279{GMT}	INFO	[jepsen worker 0] jepsen.util: 0	:ok	:broadcast	91
2026-03-12 17:26:47,329{GMT}	INFO	[jepsen worker 1] jepsen.util: 1	:invoke	:broadcast	92
2026-03-12 17:26:47,332{GMT}	INFO	[jepsen worker 1] jepsen.util: 1	:ok	:broadcast	92
2026-03-12 17:26:47,345{GMT}	INFO	[jepsen worker 2] jepsen.util: 2	:invoke	:read	nil
2026-03-12 17:26:47,348{GMT}	INFO	[jepsen worker 2] jepsen.util: 2	:ok	:read	[0 2 3 4 7 9 10 13 14 17 18 20 21 23 25 26 29 30 33 34 36 37 40 43 44 47 49 50 53 54 55 58 61 62 63 64 66 67 68 69 70 71 72 74 75 78 79 82 83 84 86 87 88 90 91 92]
2026-03-12 17:26:47,492{GMT}	INFO	[jepsen worker 3] jepsen.util: 3	:invoke	:read	nil
2026-03-12 17:26:47,495{GMT}	INFO	[jepsen worker 3] jepsen.util: 3	:ok	:read	[0 1 2 3 4 5 7 9 10 11 13 14 15 17 18 20 21 23 24 25 26 27 29 30 31 33 34 36 37 38 40 41 43 44 45 47 49 50 51 53 54 55 56 58 59 61 62 63 64 66 67 68 69 70 71 72 73 74 75 76 78 79 80 82 83 84 86 87 88 89 90 91 92]
2026-03-12 17:26:47,692{GMT}	INFO	[jepsen worker 4] jepsen.util: 4	:invoke	:broadcast	93
2026-03-12 17:26:47,694{GMT}	INFO	[jepsen worker 4] jepsen.util: 4	:ok	:broadcast	93
2026-03-12 17:26:47,835{GMT}	INFO	[jepsen worker 0] jepsen.util: 0	:invoke	:read	nil
2026-03-12 17:26:47,837{GMT}	INFO	[jepsen worker 0] jepsen.util: 0	:ok	:read	[2 9 13 17 18 20 21 23 29 30 36 37 43 47 49 53 54 58 61 62 66 67 70 74 78 82 83 86 87 90 91]
2026-03-12 17:26:48,005{GMT}	INFO	[jepsen worker 0] jepsen.util: 0	:invoke	:broadcast	94
2026-03-12 17:26:48,008{GMT}	INFO	[jepsen worker 0] jepsen.util: 0	:ok	:broadcast	94
2026-03-12 17:26:48,065{GMT}	INFO	[jepsen worker 1] jepsen.util: 1	:invoke	:broadcast	95
2026-03-12 17:26:48,068{GMT}	INFO	[jepsen worker 1] jepsen.util: 1	:ok	:broadcast	95
2026-03-12 17:26:48,210{GMT}	INFO	[jepsen worker 2] jepsen.util: 2	:invoke	:read	nil
2026-03-12 17:26:48,213{GMT}	INFO	[jepsen worker 2] jepsen.util: 2	:ok	:read	[0 2 3 4 7 9 10 13 14 17 18 20 21 23 25 26 29 30 33 34 36 37 40 43 44 47 49 50 53 54 55 58 61 62 63 64 66 67 68 69 70 71 72 74 75 78 79 82 83 84 86 87 88 90 91 92 94 95]
2026-03-12 17:26:48,371{GMT}	INFO	[jepsen worker 3] jepsen.util: 3	:invoke	:broadcast	96
2026-03-12 17:26:48,373{GMT}	INFO	[jepsen worker 3] jepsen.util: 3	:ok	:broadcast	96
2026-03-12 17:26:48,549{GMT}	INFO	[jepsen worker 4] jepsen.util: 4	:invoke	:read	nil
2026-03-12 17:26:48,552{GMT}	INFO	[jepsen worker 4] jepsen.util: 4	:ok	:read	[0 1 2 3 4 5 6 7 8 9 10 11 12 13 14 15 16 17 18 19 20 21 22 23 24 25 26 27 28 29 30 31 32 33 34 35 36 37 38 39 40 41 42 43 44 45 46 47 48 49 50 51 52 53 54 55 56 57 58 59 60 61 62 63 64 65 66 67 68 69 70 71 72 73 74 75 76 77 78 79 80 81 82 83 84 85 86 87 88 89 90 91 92 93 94 95 96]
2026-03-12 17:26:48,740{GMT}	INFO	[jepsen worker 0] jepsen.util: 0	:invoke	:read	nil
2026-03-12 17:26:48,743{GMT}	INFO	[jepsen worker 0] jepsen.util: 0	:ok	:read	[2 9 13 17 18 20 21 23 29 30 36 37 43 47 49 53 54 58 61 62 66 67 70 74 78 82 83 86 87 90 91 94]
2026-03-12 17:26:48,860{GMT}	INFO	[jepsen worker 0] jepsen.util: 0	:invoke	:read	nil
2026-03-12 17:26:48,863{GMT}	INFO	[jepsen worker 0] jepsen.util: 0	:ok	:read	[2 9 13 17 18 20 21 23 29 30 36 37 43 47 49 53 54 58 61 62 66 67 70 74 78 82 83 86 87 90 91 94]
2026-03-12 17:26:48,866{GMT}	INFO	[jepsen worker 1] jepsen.util: 1	:invoke	:read	nil
2026-03-12 17:26:48,868{GMT}	INFO	[jepsen worker 1] jepsen.util: 1	:ok	:read	[2 3 9 13 17 18 20 21 23 25 29 30 33 36 37 43 47 49 50 53 54 55 58 61 62 63 66 67 68 70 71 74 75 78 82 83 84 86 87 90 91 92 94 95]
2026-03-12 17:26:48,931{GMT}	INFO	[jepsen worker 2] jepsen.util: 2	:invoke	:broadcast	97
2026-03-12 17:26:48,933{GMT}	INFO	[jepsen worker 2] jepsen.util: 2	:ok	:broadcast	97
2026-03-12 17:26:48,970{GMT}	INFO	[jepsen worker 3] jepsen.util: 3	:invoke	:broadcast	98
2026-03-12 17:26:48,973{GMT}	INFO	[jepsen worker 3] jepsen.util: 3	:ok	:broadcast	98
2026-03-12 17:26:48,994{GMT}	INFO	[jepsen worker 4] jepsen.util: 4	:invoke	:read	nil
2026-03-12 17:26:48,996{GMT}	INFO	[jepsen worker 4] jepsen.util: 4	:ok	:read	[0 1 2 3 4 5 6 7 8 9 10 11 12 13 14 15 16 17 18 19 20 21 22 23 24 25 26 27 28 29 30 31 32 33 34 35 36 37 38 39 40 41 42 43 44 45 46 47 48 49 50 51 52 53 54 55 56 57 58 59 60 61 62 63 64 65 66 67 68 69 70 71 72 73 74 75 76 77 78 79 80 81 82 83 84 85 86 87 88 89 90 91 92 93 94 95 96 97 98]
2026-03-12 17:26:49,153{GMT}	INFO	[jepsen worker 0] jepsen.util: 0	:invoke	:broadcast	99
2026-03-12 17:26:49,154{GMT}	INFO	[jepsen worker 0] jepsen.util: 0	:ok	:broadcast	99
2026-03-12 17:26:49,212{GMT}	INFO	[jepsen worker 0] jepsen.util: 0	:invoke	:read	nil
2026-03-12 17:26:49,218{GMT}	INFO	[jepsen worker 0] jepsen.util: 0	:ok	:read	[2 9 13 17 18 20 21 23 29 30 36 37 43 47 49 53 54 58 61 62 66 67 70 74 78 82 83 86 87 90 91 94 99]
2026-03-12 17:26:49,359{GMT}	INFO	[jepsen worker 1] jepsen.util: 1	:invoke	:read	nil
2026-03-12 17:26:49,360{GMT}	INFO	[jepsen worker 1] jepsen.util: 1	:ok	:read	[2 3 9 13 17 18 20 21 23 25 29 30 33 36 37 43 47 49 50 53 54 55 58 61 62 63 66 67 68 70 71 74 75 78 82 83 84 86 87 90 91 92 94 95 99]
2026-03-12 17:26:49,531{GMT}	INFO	[jepsen worker 2] jepsen.util: 2	:invoke	:broadcast	100
2026-03-12 17:26:49,534{GMT}	INFO	[jepsen worker 2] jepsen.util: 2	:ok	:broadcast	100
2026-03-12 17:26:49,618{GMT}	INFO	[jepsen worker 3] jepsen.util: 3	:invoke	:read	nil
2026-03-12 17:26:49,621{GMT}	INFO	[jepsen worker 3] jepsen.util: 3	:ok	:read	[0 1 2 3 4 5 7 9 10 11 13 14 15 17 18 20 21 23 24 25 26 27 29 30 31 33 34 36 37 38 40 41 43 44 45 47 49 50 51 53 54 55 56 58 59 61 62 63 64 66 67 68 69 70 71 72 73 74 75 76 78 79 80 82 83 84 86 87 88 89 90 91 92 94 95 96 97 98 99 100]
2026-03-12 17:26:49,757{GMT}	INFO	[jepsen worker 4] jepsen.util: 4	:invoke	:read	nil
2026-03-12 17:26:49,760{GMT}	INFO	[jepsen worker 4] jepsen.util: 4	:ok	:read	[0 1 2 3 4 5 6 7 8 9 10 11 12 13 14 15 16 17 18 19 20 21 22 23 24 25 26 27 28 29 30 31 32 33 34 35 36 37 38 39 40 41 42 43 44 45 46 47 48 49 50 51 52 53 54 55 56 57 58 59 60 61 62 63 64 65 66 67 68 69 70 71 72 73 74 75 76 77 78 79 80 81 82 83 84 85 86 87 88 89 90 91 92 93 94 95 96 97 98 99 100]
2026-03-12 17:26:49,805{GMT}	INFO	[jepsen worker 0] jepsen.util: 0	:invoke	:broadcast	101
2026-03-12 17:26:49,807{GMT}	INFO	[jepsen worker 0] jepsen.util: 0	:ok	:broadcast	101
2026-03-12 17:26:49,834{GMT}	INFO	[jepsen worker 0] jepsen.util: 0	:invoke	:broadcast	102
2026-03-12 17:26:49,837{GMT}	INFO	[jepsen worker 0] jepsen.util: 0	:ok	:broadcast	102
2026-03-12 17:26:49,973{GMT}	INFO	[jepsen worker 1] jepsen.util: 1	:invoke	:read	nil
2026-03-12 17:26:49,976{GMT}	INFO	[jepsen worker 1] jepsen.util: 1	:ok	:read	[2 3 9 13 17 18 20 21 23 25 29 30 33 36 37 43 47 49 50 53 54 55 58 61 62 63 66 67 68 70 71 74 75 78 82 83 84 86 87 90 91 92 94 95 99 101 102]
2026-03-12 17:26:50,103{GMT}	INFO	[jepsen worker 2] jepsen.util: 2	:invoke	:read	nil
2026-03-12 17:26:50,106{GMT}	INFO	[jepsen worker 2] jepsen.util: 2	:ok	:read	[0 2 3 4 7 9 10 13 14 17 18 20 21 23 25 26 29 30 33 34 36 37 40 43 44 47 49 50 53 54 55 58 61 62 63 64 66 67 68 69 70 71 72 74 75 78 79 82 83 84 86 87 88 90 91 92 94 95 97 99 100 101 102]
2026-03-12 17:26:50,178{GMT}	INFO	[jepsen worker 3] jepsen.util: 3	:invoke	:broadcast	103
2026-03-12 17:26:50,180{GMT}	INFO	[jepsen worker 3] jepsen.util: 3	:ok	:broadcast	103
2026-03-12 17:26:50,219{GMT}	INFO	[jepsen worker 4] jepsen.util: 4	:invoke	:broadcast	104
2026-03-12 17:26:50,221{GMT}	INFO	[jepsen worker 4] jepsen.util: 4	:ok	:broadcast	104
2026-03-12 17:26:50,355{GMT}	INFO	[jepsen worker 0] jepsen.util: 0	:invoke	:broadcast	105
2026-03-12 17:26:50,358{GMT}	INFO	[jepsen worker 0] jepsen.util: 0	:ok	:broadcast	105
2026-03-12 17:26:50,363{GMT}	INFO	[jepsen worker 0] jepsen.util: 0	:invoke	:read	nil
2026-03-12 17:26:50,364{GMT}	INFO	[jepsen worker 0] jepsen.util: 0	:ok	:read	[2 9 13 17 18 20 21 23 29 30 36 37 43 47 49 53 54 58 61 62 66 67 70 74 78 82 83 86 87 90 91 94 99 101 102 105]
2026-03-12 17:26:50,374{GMT}	INFO	[jepsen worker 1] jepsen.util: 1	:invoke	:broadcast	106
2026-03-12 17:26:50,376{GMT}	INFO	[jepsen worker 1] jepsen.util: 1	:ok	:broadcast	106
2026-03-12 17:26:50,471{GMT}	INFO	[jepsen worker 2] jepsen.util: 2	:invoke	:read	nil
2026-03-12 17:26:50,474{GMT}	INFO	[jepsen worker 2] jepsen.util: 2	:ok	:read	[0 2 3 4 7 9 10 13 14 17 18 20 21 23 25 26 29 30 33 34 36 37 40 43 44 47 49 50 53 54 55 58 61 62 63 64 66 67 68 69 70 71 72 74 75 78 79 82 83 84 86 87 88 90 91 92 94 95 97 99 100 101 102 105 106]
2026-03-12 17:26:50,651{GMT}	INFO	[jepsen worker 3] jepsen.util: 3	:invoke	:read	nil
2026-03-12 17:26:50,654{GMT}	INFO	[jepsen worker 3] jepsen.util: 3	:ok	:read	[0 1 2 3 4 5 7 9 10 11 13 14 15 17 18 20 21 23 24 25 26 27 29 30 31 33 34 36 37 38 40 41 43 44 45 47 49 50 51 53 54 55 56 58 59 61 62 63 64 66 67 68 69 70 71 72 73 74 75 76 78 79 80 82 83 84 86 87 88 89 90 91 92 94 95 96 97 98 99 100 101 102 103 105 106]
2026-03-12 17:26:50,792{GMT}	INFO	[jepsen worker 4] jepsen.util: 4	:invoke	:read	nil
2026-03-12 17:26:50,795{GMT}	INFO	[jepsen worker 4] jepsen.util: 4	:ok	:read	[0 1 2 3 4 5 6 7 8 9 10 11 12 13 14 15 16 17 18 19 20 21 22 23 24 25 26 27 28 29 30 31 32 33 34 35 36 37 38 39 40 41 42 43 44 45 46 47 48 49 50 51 52 53 54 55 56 57 58 59 60 61 62 63 64 65 66 67 68 69 70 71 72 73 74 75 76 77 78 79 80 81 82 83 84 85 86 87 88 89 90 91 92 93 94 95 96 97 98 99 100 101 102 103 104 105 106]
2026-03-12 17:26:50,966{GMT}	INFO	[jepsen worker 0] jepsen.util: 0	:invoke	:read	nil
2026-03-12 17:26:50,968{GMT}	INFO	[jepsen worker 0] jepsen.util: 0	:ok	:read	[2 9 13 17 18 20 21 23 29 30 36 37 43 47 49 53 54 58 61 62 66 67 70 74 78 82 83 86 87 90 91 94 99 101 102 105]
2026-03-12 17:26:50,976{GMT}	INFO	[jepsen worker 0] jepsen.util: 0	:invoke	:read	nil
2026-03-12 17:26:50,978{GMT}	INFO	[jepsen worker 0] jepsen.util: 0	:ok	:read	[2 9 13 17 18 20 21 23 29 30 36 37 43 47 49 53 54 58 61 62 66 67 70 74 78 82 83 86 87 90 91 94 99 101 102 105]
2026-03-12 17:26:51,027{GMT}	INFO	[jepsen worker 1] jepsen.util: 1	:invoke	:broadcast	107
2026-03-12 17:26:51,029{GMT}	INFO	[jepsen worker 1] jepsen.util: 1	:ok	:broadcast	107
2026-03-12 17:26:51,032{GMT}	INFO	[jepsen worker 2] jepsen.util: 2	:invoke	:read	nil
2026-03-12 17:26:51,034{GMT}	INFO	[jepsen worker 2] jepsen.util: 2	:ok	:read	[0 2 3 4 7 9 10 13 14 17 18 20 21 23 25 26 29 30 33 34 36 37 40 43 44 47 49 50 53 54 55 58 61 62 63 64 66 67 68 69 70 71 72 74 75 78 79 82 83 84 86 87 88 90 91 92 94 95 97 99 100 101 102 105 106 107]
2026-03-12 17:26:51,035{GMT}	INFO	[jepsen worker 3] jepsen.generator.interpreter: Waiting for recovery...
2026-03-12 17:27:01,040{GMT}	INFO	[jepsen worker 1] jepsen.util: 1	:invoke	:read	nil
2026-03-12 17:27:01,040{GMT}	INFO	[jepsen worker 2] jepsen.util: 2	:invoke	:read	nil
2026-03-12 17:27:01,040{GMT}	INFO	[jepsen worker 4] jepsen.util: 4	:invoke	:read	nil
2026-03-12 17:27:01,040{GMT}	INFO	[jepsen worker 3] jepsen.util: 3	:invoke	:read	nil
2026-03-12 17:27:01,041{GMT}	INFO	[jepsen worker 0] jepsen.util: 0	:invoke	:read	nil
2026-03-12 17:27:01,043{GMT}	INFO	[jepsen worker 2] jepsen.util: 2	:ok	:read	[0 2 3 4 7 9 10 13 14 17 18 20 21 23 25 26 29 30 33 34 36 37 40 43 44 47 49 50 53 54 55 58 61 62 63 64 66 67 68 69 70 71 72 74 75 78 79 82 83 84 86 87 88 90 91 92 94 95 97 99 100 101 102 105 106 107]
2026-03-12 17:27:01,043{GMT}	INFO	[jepsen worker 4] jepsen.util: 4	:ok	:read	[0 1 2 3 4 5 6 7 8 9 10 11 12 13 14 15 16 17 18 19 20 21 22 23 24 25 26 27 28 29 30 31 32 33 34 35 36 37 38 39 40 41 42 43 44 45 46 47 48 49 50 51 52 53 54 55 56 57 58 59 60 61 62 63 64 65 66 67 68 69 70 71 72 73 74 75 76 77 78 79 80 81 82 83 84 85 86 87 88 89 90 91 92 93 94 95 96 97 98 99 100 101 102 103 104 105 106 107]
2026-03-12 17:27:01,044{GMT}	INFO	[jepsen worker 0] jepsen.util: 0	:ok	:read	[2 9 13 17 18 20 21 23 29 30 36 37 43 47 49 53 54 58 61 62 66 67 70 74 78 82 83 86 87 90 91 94 99 101 102 105]
2026-03-12 17:27:01,044{GMT}	INFO	[jepsen worker 3] jepsen.util: 3	:ok	:read	[0 1 2 3 4 5 7 9 10 11 13 14 15 17 18 20 21 23 24 25 26 27 29 30 31 33 34 36 37 38 40 41 43 44 45 47 49 50 51 53 54 55 56 58 59 61 62 63 64 66 67 68 69 70 71 72 73 74 75 76 78 79 80 82 83 84 86 87 88 89 90 91 92 94 95 96 97 98 99 100 101 102 103 105 106 107]
2026-03-12 17:27:01,044{GMT}	INFO	[jepsen worker 1] jepsen.util: 1	:ok	:read	[2 3 9 13 17 18 20 21 23 25 29 30 33 36 37 43 47 49 50 53 54 55 58 61 62 63 66 67 68 70 71 74 75 78 82 83 84 86 87 90 91 92 94 95 99 101 102 105 106 107]
2026-03-12 17:27:01,100{GMT}	INFO	[jepsen test runner] jepsen.core: Run complete, writing
2026-03-12 17:27:01,164{GMT}	INFO	[jepsen node n2] maelstrom.db: Tearing down n2
2026-03-12 17:27:01,164{GMT}	INFO	[jepsen node n1] maelstrom.db: Tearing down n1
2026-03-12 17:27:01,164{GMT}	INFO	[jepsen node n0] maelstrom.db: Tearing down n0
2026-03-12 17:27:01,165{GMT}	INFO	[jepsen node n3] maelstrom.db: Tearing down n3
2026-03-12 17:27:01,166{GMT}	INFO	[jepsen node n4] maelstrom.db: Tearing down n4
2026-03-12 17:27:02,894{GMT}	INFO	[jepsen node n0] maelstrom.net: Shutting down Maelstrom network
2026-03-12 17:27:02,896{GMT}	INFO	[jepsen test runner] jepsen.core: Analyzing...
2026-03-12 17:27:03,188{GMT}	INFO	[jepsen test runner] jepsen.core: Analysis complete
2026-03-12 17:27:03,206{GMT}	INFO	[jepsen results] jepsen.store: Wrote /home/banna/Documents/maelstrom-java/store/broadcast/20260312T172629.548Z/results.edn
2026-03-12 17:27:03,225{GMT}	INFO	[jepsen test runner] jepsen.core: {:perf {:latency-graph {:valid? true},
        :rate-graph {:valid? true},
        :valid? true},
 :timeline {:valid? true},
 :exceptions {:valid? true},
 :stats {:valid? true,
         :count 206,
         :ok-count 206,
         :fail-count 0,
         :info-count 0,
         :by-f {:broadcast {:valid? true,
                            :count 108,
                            :ok-count 108,
                            :fail-count 0,
                            :info-count 0},
                :read {:valid? true,
                       :count 98,
                       :ok-count 98,
                       :fail-count 0,
                       :info-count 0}}},
 :availability {:valid? true, :ok-fraction 1.0},
 :net {:all {:send-count 908,
             :recv-count 908,
             :msg-count 908,
             :msgs-per-op 4.407767},
       :clients {:send-count 432, :recv-count 432, :msg-count 432},
       :servers {:send-count 476,
                 :recv-count 476,
                 :msg-count 476,
                 :msgs-per-op 2.3106797},
       :valid? true},
 :workload {:worst-stale (),
            :duplicated-count 0,
            :valid? false,
            :lost-count 72,
            :lost (0
                   1
                   3
                   4
                   5
                   6
                   7
                   8
                   10
                   11
                   12
                   14
                   15
                   16
                   19
                   22
                   24
                   25
                   26
                   27
                   28
                   31
                   32
                   33
                   34
                   35
                   38
                   39
                   40
                   41
                   42
                   44
                   45
                   46
                   48
                   50
                   51
                   52
                   55
                   56
                   57
                   59
                   60
                   63
                   64
                   65
                   68
                   69
                   71
                   72
                   73
                   75
                   76
                   77
                   79
                   80
                   81
                   84
                   85
                   88
                   89
                   92
                   93
                   95
                   96
                   97
                   98
                   100
                   103
                   104
                   106
                   107),
            :stable-count 36,
            :stale-count 0,
            :stale (),
            :never-read-count 0,
            :stable-latencies {0 0, 0.5 0, 0.95 0, 0.99 0, 1 0},
            :attempt-count 108,
            :lost-latencies {0 10010,
                             0.5 19880,
                             0.95 29092,
                             0.99 29754,
                             1 29754},
            :never-read (),
            :duplicated {}},
 :valid? false}


Analysis invalid! (ﾉಥ益ಥ）ﾉ ┻━┻
