2026-03-10 17:31:22,718{GMT}	INFO	[jepsen test runner] jepsen.core: Command line:
lein run test -w echo --bin run.sh echo --node-count 1 --time-limit 10
2026-03-10 17:31:22,775{GMT}	INFO	[jepsen test runner] jepsen.core: Running test:
{:args ["echo"]
 :remote
 #jepsen.control.retry.Remote{:remote #jepsen.control.scp.Remote{:cmd-remote #jepsen.control.sshj.SSHJRemote{:concurrency-limit 6,
                                                                                                             :conn-spec nil,
                                                                                                             :client nil,
                                                                                                             :semaphore nil},
                                                                 :conn-spec nil},
                              :conn nil}
 :log-net-send false
 :node-count 1
 :availability nil
 :max-txn-length 4
 :concurrency 1
 :db
 #object[maelstrom.db$db$reify__16142
         "0x52268f73"
         "maelstrom.db$db$reify__16142@52268f73"]
 :max-writes-per-key 16
 :leave-db-running? false
 :name "echo"
 :logging-json? false
 :start-time
 #object[org.joda.time.DateTime "0x3938e876" "2026-03-10T17:31:22.691Z"]
 :nemesis-interval 10
 :net
 #object[maelstrom.net$jepsen_net$reify__15251
         "0x70b2819f"
         "maelstrom.net$jepsen_net$reify__15251@70b2819f"]
 :client
 #object[maelstrom.workload.echo$client$reify__16863
         "0x65dac812"
         "maelstrom.workload.echo$client$reify__16863@65dac812"]
 :barrier
 #object[java.util.concurrent.CyclicBarrier
         "0x3619ecd"
         "java.util.concurrent.CyclicBarrier@3619ecd"]
 :log-stderr false
 :pure-generators true
 :ssh {:dummy? true}
 :rate 5
 :checker
 #object[jepsen.checker$compose$reify__11881
         "0x7de4bd8f"
         "jepsen.checker$compose$reify__11881@7de4bd8f"]
 :argv
 ("test"
  "-w"
  "echo"
  "--bin"
  "run.sh"
  "echo"
  "--node-count"
  "1"
  "--time-limit"
  "10")
 :nemesis
 (jepsen.nemesis.ReflCompose
  {:fm {:start-partition 0,
        :stop-partition 0,
        :kill 1,
        :start 1,
        :pause 1,
        :resume 1},
   :nemeses [#unprintable "jepsen.nemesis.combined$partition_nemesis$reify__16416@193e65d5"
             #unprintable "jepsen.nemesis.combined$db_nemesis$reify__16397@2a97b4b8"]})
 :nodes ["n0"]
 :test-count 1
 :latency {:mean 0, :dist :constant}
 :bin "run.sh"
 :generator
 (jepsen.generator.TimeLimit
  {:limit 10000000000,
   :cutoff nil,
   :gen (jepsen.generator.Any
         {:gens [(jepsen.generator.OnThreads
                  {:f #{:nemesis},
                   :context-filter #object[jepsen.generator.context$make_thread_filter$lazy_filter__9167
                                           "0x10e28d97"
                                           "jepsen.generator.context$make_thread_filter$lazy_filter__9167@10e28d97"],
                   :gen nil})
                 (jepsen.generator.OnThreads
                  {:f #jepsen.generator.context.AllBut{:element :nemesis},
                   :context-filter #object[jepsen.generator.context$make_thread_filter$lazy_filter__9167
                                           "0x37d43b9b"
                                           "jepsen.generator.context$make_thread_filter$lazy_filter__9167@37d43b9b"],
                   :gen (jepsen.generator.Stagger
                         {:dt 400000000,
                          :next-time nil,
                          :gen (jepsen.generator.EachThread
                                {:fresh-gen #object[maelstrom.workload.echo$workload$fn__16882
                                                    "0x28ba90c1"
                                                    "maelstrom.workload.echo$workload$fn__16882@28ba90c1"],
                                 :context-filters #object[clojure.core$promise$reify__8591
                                                          "0x71cf6e8c"
                                                          {:status :pending,
                                                           :val nil}],
                                 :gens {}})})})]})})
 :log-net-recv false
 :os
 #object[maelstrom.net$jepsen_os$reify__15254
         "0x7545cb17"
         "maelstrom.net$jepsen_os$reify__15254@7545cb17"]
 :time-limit 10
 :workload :echo
 :consistency-models [:strict-serializable]
 :topology :grid}

2026-03-10 17:31:23,991{GMT}	INFO	[jepsen node n0] maelstrom.net: Starting Maelstrom network
2026-03-10 17:31:23,992{GMT}	INFO	[jepsen test runner] jepsen.db: Tearing down DB
2026-03-10 17:31:23,993{GMT}	INFO	[jepsen test runner] jepsen.db: Setting up DB
2026-03-10 17:31:23,995{GMT}	INFO	[jepsen node n0] maelstrom.service: Starting services: (lin-kv lin-tso lww-kv seq-kv)
2026-03-10 17:31:23,997{GMT}	INFO	[jepsen node n0] maelstrom.db: Setting up n0
2026-03-10 17:31:23,998{GMT}	INFO	[jepsen node n0] maelstrom.process: launching run.sh ["echo"]
2026-03-10 17:31:24,086{GMT}	INFO	[jepsen test runner] jepsen.core: Relative time begins now
2026-03-10 17:31:24,100{GMT}	INFO	[jepsen worker 0] jepsen.util: 0	:invoke	:echo	"Please echo 56"
2026-03-10 17:31:24,107{GMT}	INFO	[jepsen worker 0] jepsen.util: 0	:ok	:echo	{:type "echo_ok", :echo "Please echo 56", :in_reply_to 1, :msg_id 1}
2026-03-10 17:31:24,363{GMT}	INFO	[jepsen worker 0] jepsen.util: 0	:invoke	:echo	"Please echo 70"
2026-03-10 17:31:24,365{GMT}	INFO	[jepsen worker 0] jepsen.util: 0	:ok	:echo	{:type "echo_ok", :echo "Please echo 70", :in_reply_to 2, :msg_id 2}
2026-03-10 17:31:24,375{GMT}	INFO	[jepsen worker 0] jepsen.util: 0	:invoke	:echo	"Please echo 91"
2026-03-10 17:31:24,377{GMT}	INFO	[jepsen worker 0] jepsen.util: 0	:ok	:echo	{:type "echo_ok", :echo "Please echo 91", :in_reply_to 3, :msg_id 3}
2026-03-10 17:31:24,752{GMT}	INFO	[jepsen worker 0] jepsen.util: 0	:invoke	:echo	"Please echo 31"
2026-03-10 17:31:24,754{GMT}	INFO	[jepsen worker 0] jepsen.util: 0	:ok	:echo	{:type "echo_ok", :echo "Please echo 31", :in_reply_to 4, :msg_id 4}
2026-03-10 17:31:25,013{GMT}	INFO	[jepsen worker 0] jepsen.util: 0	:invoke	:echo	"Please echo 81"
2026-03-10 17:31:25,015{GMT}	INFO	[jepsen worker 0] jepsen.util: 0	:ok	:echo	{:type "echo_ok", :echo "Please echo 81", :in_reply_to 5, :msg_id 5}
2026-03-10 17:31:25,115{GMT}	INFO	[jepsen worker 0] jepsen.util: 0	:invoke	:echo	"Please echo 14"
2026-03-10 17:31:25,118{GMT}	INFO	[jepsen worker 0] jepsen.util: 0	:ok	:echo	{:type "echo_ok", :echo "Please echo 14", :in_reply_to 6, :msg_id 6}
2026-03-10 17:31:25,455{GMT}	INFO	[jepsen worker 0] jepsen.util: 0	:invoke	:echo	"Please echo 115"
2026-03-10 17:31:25,457{GMT}	INFO	[jepsen worker 0] jepsen.util: 0	:ok	:echo	{:type "echo_ok", :echo "Please echo 115", :in_reply_to 7, :msg_id 7}
2026-03-10 17:31:25,682{GMT}	INFO	[jepsen worker 0] jepsen.util: 0	:invoke	:echo	"Please echo 109"
2026-03-10 17:31:25,684{GMT}	INFO	[jepsen worker 0] jepsen.util: 0	:ok	:echo	{:type "echo_ok", :echo "Please echo 109", :in_reply_to 8, :msg_id 8}
2026-03-10 17:31:26,080{GMT}	INFO	[jepsen worker 0] jepsen.util: 0	:invoke	:echo	"Please echo 2"
2026-03-10 17:31:26,082{GMT}	INFO	[jepsen worker 0] jepsen.util: 0	:ok	:echo	{:type "echo_ok", :echo "Please echo 2", :in_reply_to 9, :msg_id 9}
2026-03-10 17:31:26,380{GMT}	INFO	[jepsen worker 0] jepsen.util: 0	:invoke	:echo	"Please echo 113"
2026-03-10 17:31:26,383{GMT}	INFO	[jepsen worker 0] jepsen.util: 0	:ok	:echo	{:type "echo_ok", :echo "Please echo 113", :in_reply_to 10, :msg_id 10}
2026-03-10 17:31:26,629{GMT}	INFO	[jepsen worker 0] jepsen.util: 0	:invoke	:echo	"Please echo 121"
2026-03-10 17:31:26,631{GMT}	INFO	[jepsen worker 0] jepsen.util: 0	:ok	:echo	{:type "echo_ok", :echo "Please echo 121", :in_reply_to 11, :msg_id 11}
2026-03-10 17:31:26,760{GMT}	INFO	[jepsen worker 0] jepsen.util: 0	:invoke	:echo	"Please echo 108"
2026-03-10 17:31:26,762{GMT}	INFO	[jepsen worker 0] jepsen.util: 0	:ok	:echo	{:type "echo_ok", :echo "Please echo 108", :in_reply_to 12, :msg_id 12}
2026-03-10 17:31:26,774{GMT}	INFO	[jepsen worker 0] jepsen.util: 0	:invoke	:echo	"Please echo 122"
2026-03-10 17:31:26,776{GMT}	INFO	[jepsen worker 0] jepsen.util: 0	:ok	:echo	{:type "echo_ok", :echo "Please echo 122", :in_reply_to 13, :msg_id 13}
2026-03-10 17:31:26,904{GMT}	INFO	[jepsen worker 0] jepsen.util: 0	:invoke	:echo	"Please echo 121"
2026-03-10 17:31:26,906{GMT}	INFO	[jepsen worker 0] jepsen.util: 0	:ok	:echo	{:type "echo_ok", :echo "Please echo 121", :in_reply_to 14, :msg_id 14}
2026-03-10 17:31:27,169{GMT}	INFO	[jepsen worker 0] jepsen.util: 0	:invoke	:echo	"Please echo 89"
2026-03-10 17:31:27,172{GMT}	INFO	[jepsen worker 0] jepsen.util: 0	:ok	:echo	{:type "echo_ok", :echo "Please echo 89", :in_reply_to 15, :msg_id 15}
2026-03-10 17:31:27,263{GMT}	INFO	[jepsen worker 0] jepsen.util: 0	:invoke	:echo	"Please echo 95"
2026-03-10 17:31:27,265{GMT}	INFO	[jepsen worker 0] jepsen.util: 0	:ok	:echo	{:type "echo_ok", :echo "Please echo 95", :in_reply_to 16, :msg_id 16}
2026-03-10 17:31:27,284{GMT}	INFO	[jepsen worker 0] jepsen.util: 0	:invoke	:echo	"Please echo 41"
2026-03-10 17:31:27,285{GMT}	INFO	[jepsen worker 0] jepsen.util: 0	:ok	:echo	{:type "echo_ok", :echo "Please echo 41", :in_reply_to 17, :msg_id 17}
2026-03-10 17:31:27,674{GMT}	INFO	[jepsen worker 0] jepsen.util: 0	:invoke	:echo	"Please echo 127"
2026-03-10 17:31:27,676{GMT}	INFO	[jepsen worker 0] jepsen.util: 0	:ok	:echo	{:type "echo_ok", :echo "Please echo 127", :in_reply_to 18, :msg_id 18}
2026-03-10 17:31:27,677{GMT}	INFO	[jepsen worker 0] jepsen.util: 0	:invoke	:echo	"Please echo 71"
2026-03-10 17:31:27,678{GMT}	INFO	[jepsen worker 0] jepsen.util: 0	:ok	:echo	{:type "echo_ok", :echo "Please echo 71", :in_reply_to 19, :msg_id 19}
2026-03-10 17:31:27,736{GMT}	INFO	[jepsen worker 0] jepsen.util: 0	:invoke	:echo	"Please echo 82"
2026-03-10 17:31:27,738{GMT}	INFO	[jepsen worker 0] jepsen.util: 0	:ok	:echo	{:type "echo_ok", :echo "Please echo 82", :in_reply_to 20, :msg_id 20}
2026-03-10 17:31:27,907{GMT}	INFO	[jepsen worker 0] jepsen.util: 0	:invoke	:echo	"Please echo 124"
2026-03-10 17:31:27,909{GMT}	INFO	[jepsen worker 0] jepsen.util: 0	:ok	:echo	{:type "echo_ok", :echo "Please echo 124", :in_reply_to 21, :msg_id 21}
2026-03-10 17:31:28,269{GMT}	INFO	[jepsen worker 0] jepsen.util: 0	:invoke	:echo	"Please echo 118"
2026-03-10 17:31:28,271{GMT}	INFO	[jepsen worker 0] jepsen.util: 0	:ok	:echo	{:type "echo_ok", :echo "Please echo 118", :in_reply_to 22, :msg_id 22}
2026-03-10 17:31:28,307{GMT}	INFO	[jepsen worker 0] jepsen.util: 0	:invoke	:echo	"Please echo 39"
2026-03-10 17:31:28,308{GMT}	INFO	[jepsen worker 0] jepsen.util: 0	:ok	:echo	{:type "echo_ok", :echo "Please echo 39", :in_reply_to 23, :msg_id 23}
2026-03-10 17:31:28,406{GMT}	INFO	[jepsen worker 0] jepsen.util: 0	:invoke	:echo	"Please echo 83"
2026-03-10 17:31:28,407{GMT}	INFO	[jepsen worker 0] jepsen.util: 0	:ok	:echo	{:type "echo_ok", :echo "Please echo 83", :in_reply_to 24, :msg_id 24}
2026-03-10 17:31:28,584{GMT}	INFO	[jepsen worker 0] jepsen.util: 0	:invoke	:echo	"Please echo 60"
2026-03-10 17:31:28,586{GMT}	INFO	[jepsen worker 0] jepsen.util: 0	:ok	:echo	{:type "echo_ok", :echo "Please echo 60", :in_reply_to 25, :msg_id 25}
2026-03-10 17:31:28,649{GMT}	INFO	[jepsen worker 0] jepsen.util: 0	:invoke	:echo	"Please echo 51"
2026-03-10 17:31:28,650{GMT}	INFO	[jepsen worker 0] jepsen.util: 0	:ok	:echo	{:type "echo_ok", :echo "Please echo 51", :in_reply_to 26, :msg_id 26}
2026-03-10 17:31:28,682{GMT}	INFO	[jepsen worker 0] jepsen.util: 0	:invoke	:echo	"Please echo 123"
2026-03-10 17:31:28,684{GMT}	INFO	[jepsen worker 0] jepsen.util: 0	:ok	:echo	{:type "echo_ok", :echo "Please echo 123", :in_reply_to 27, :msg_id 27}
2026-03-10 17:31:28,834{GMT}	INFO	[jepsen worker 0] jepsen.util: 0	:invoke	:echo	"Please echo 24"
2026-03-10 17:31:28,835{GMT}	INFO	[jepsen worker 0] jepsen.util: 0	:ok	:echo	{:type "echo_ok", :echo "Please echo 24", :in_reply_to 28, :msg_id 28}
2026-03-10 17:31:29,108{GMT}	INFO	[jepsen worker 0] jepsen.util: 0	:invoke	:echo	"Please echo 88"
2026-03-10 17:31:29,115{GMT}	INFO	[jepsen worker 0] jepsen.util: 0	:ok	:echo	{:type "echo_ok", :echo "Please echo 88", :in_reply_to 29, :msg_id 29}
2026-03-10 17:31:29,477{GMT}	INFO	[jepsen worker 0] jepsen.util: 0	:invoke	:echo	"Please echo 125"
2026-03-10 17:31:29,479{GMT}	INFO	[jepsen worker 0] jepsen.util: 0	:ok	:echo	{:type "echo_ok", :echo "Please echo 125", :in_reply_to 30, :msg_id 30}
2026-03-10 17:31:29,806{GMT}	INFO	[jepsen worker 0] jepsen.util: 0	:invoke	:echo	"Please echo 33"
2026-03-10 17:31:29,808{GMT}	INFO	[jepsen worker 0] jepsen.util: 0	:ok	:echo	{:type "echo_ok", :echo "Please echo 33", :in_reply_to 31, :msg_id 31}
2026-03-10 17:31:30,178{GMT}	INFO	[jepsen worker 0] jepsen.util: 0	:invoke	:echo	"Please echo 98"
2026-03-10 17:31:30,180{GMT}	INFO	[jepsen worker 0] jepsen.util: 0	:ok	:echo	{:type "echo_ok", :echo "Please echo 98", :in_reply_to 32, :msg_id 32}
2026-03-10 17:31:30,547{GMT}	INFO	[jepsen worker 0] jepsen.util: 0	:invoke	:echo	"Please echo 122"
2026-03-10 17:31:30,549{GMT}	INFO	[jepsen worker 0] jepsen.util: 0	:ok	:echo	{:type "echo_ok", :echo "Please echo 122", :in_reply_to 33, :msg_id 33}
2026-03-10 17:31:30,728{GMT}	INFO	[jepsen worker 0] jepsen.util: 0	:invoke	:echo	"Please echo 108"
2026-03-10 17:31:30,730{GMT}	INFO	[jepsen worker 0] jepsen.util: 0	:ok	:echo	{:type "echo_ok", :echo "Please echo 108", :in_reply_to 34, :msg_id 34}
2026-03-10 17:31:30,740{GMT}	INFO	[jepsen worker 0] jepsen.util: 0	:invoke	:echo	"Please echo 77"
2026-03-10 17:31:30,742{GMT}	INFO	[jepsen worker 0] jepsen.util: 0	:ok	:echo	{:type "echo_ok", :echo "Please echo 77", :in_reply_to 35, :msg_id 35}
2026-03-10 17:31:30,791{GMT}	INFO	[jepsen worker 0] jepsen.util: 0	:invoke	:echo	"Please echo 33"
2026-03-10 17:31:30,793{GMT}	INFO	[jepsen worker 0] jepsen.util: 0	:ok	:echo	{:type "echo_ok", :echo "Please echo 33", :in_reply_to 36, :msg_id 36}
2026-03-10 17:31:30,856{GMT}	INFO	[jepsen worker 0] jepsen.util: 0	:invoke	:echo	"Please echo 80"
2026-03-10 17:31:30,858{GMT}	INFO	[jepsen worker 0] jepsen.util: 0	:ok	:echo	{:type "echo_ok", :echo "Please echo 80", :in_reply_to 37, :msg_id 37}
2026-03-10 17:31:30,939{GMT}	INFO	[jepsen worker 0] jepsen.util: 0	:invoke	:echo	"Please echo 45"
2026-03-10 17:31:30,941{GMT}	INFO	[jepsen worker 0] jepsen.util: 0	:ok	:echo	{:type "echo_ok", :echo "Please echo 45", :in_reply_to 38, :msg_id 38}
2026-03-10 17:31:31,020{GMT}	INFO	[jepsen worker 0] jepsen.util: 0	:invoke	:echo	"Please echo 71"
2026-03-10 17:31:31,022{GMT}	INFO	[jepsen worker 0] jepsen.util: 0	:ok	:echo	{:type "echo_ok", :echo "Please echo 71", :in_reply_to 39, :msg_id 39}
2026-03-10 17:31:31,283{GMT}	INFO	[jepsen worker 0] jepsen.util: 0	:invoke	:echo	"Please echo 48"
2026-03-10 17:31:31,284{GMT}	INFO	[jepsen worker 0] jepsen.util: 0	:ok	:echo	{:type "echo_ok", :echo "Please echo 48", :in_reply_to 40, :msg_id 40}
2026-03-10 17:31:31,635{GMT}	INFO	[jepsen worker 0] jepsen.util: 0	:invoke	:echo	"Please echo 30"
2026-03-10 17:31:31,637{GMT}	INFO	[jepsen worker 0] jepsen.util: 0	:ok	:echo	{:type "echo_ok", :echo "Please echo 30", :in_reply_to 41, :msg_id 41}
2026-03-10 17:31:31,907{GMT}	INFO	[jepsen worker 0] jepsen.util: 0	:invoke	:echo	"Please echo 13"
2026-03-10 17:31:31,909{GMT}	INFO	[jepsen worker 0] jepsen.util: 0	:ok	:echo	{:type "echo_ok", :echo "Please echo 13", :in_reply_to 42, :msg_id 42}
2026-03-10 17:31:32,299{GMT}	INFO	[jepsen worker 0] jepsen.util: 0	:invoke	:echo	"Please echo 28"
2026-03-10 17:31:32,301{GMT}	INFO	[jepsen worker 0] jepsen.util: 0	:ok	:echo	{:type "echo_ok", :echo "Please echo 28", :in_reply_to 43, :msg_id 43}
2026-03-10 17:31:32,307{GMT}	INFO	[jepsen worker 0] jepsen.util: 0	:invoke	:echo	"Please echo 26"
2026-03-10 17:31:32,309{GMT}	INFO	[jepsen worker 0] jepsen.util: 0	:ok	:echo	{:type "echo_ok", :echo "Please echo 26", :in_reply_to 44, :msg_id 44}
2026-03-10 17:31:32,377{GMT}	INFO	[jepsen worker 0] jepsen.util: 0	:invoke	:echo	"Please echo 123"
2026-03-10 17:31:32,379{GMT}	INFO	[jepsen worker 0] jepsen.util: 0	:ok	:echo	{:type "echo_ok", :echo "Please echo 123", :in_reply_to 45, :msg_id 45}
2026-03-10 17:31:32,413{GMT}	INFO	[jepsen worker 0] jepsen.util: 0	:invoke	:echo	"Please echo 54"
2026-03-10 17:31:32,415{GMT}	INFO	[jepsen worker 0] jepsen.util: 0	:ok	:echo	{:type "echo_ok", :echo "Please echo 54", :in_reply_to 46, :msg_id 46}
2026-03-10 17:31:32,636{GMT}	INFO	[jepsen worker 0] jepsen.util: 0	:invoke	:echo	"Please echo 89"
2026-03-10 17:31:32,638{GMT}	INFO	[jepsen worker 0] jepsen.util: 0	:ok	:echo	{:type "echo_ok", :echo "Please echo 89", :in_reply_to 47, :msg_id 47}
2026-03-10 17:31:32,960{GMT}	INFO	[jepsen worker 0] jepsen.util: 0	:invoke	:echo	"Please echo 94"
2026-03-10 17:31:32,962{GMT}	INFO	[jepsen worker 0] jepsen.util: 0	:ok	:echo	{:type "echo_ok", :echo "Please echo 94", :in_reply_to 48, :msg_id 48}
2026-03-10 17:31:32,964{GMT}	INFO	[jepsen worker 0] jepsen.util: 0	:invoke	:echo	"Please echo 0"
2026-03-10 17:31:32,966{GMT}	INFO	[jepsen worker 0] jepsen.util: 0	:ok	:echo	{:type "echo_ok", :echo "Please echo 0", :in_reply_to 49, :msg_id 49}
2026-03-10 17:31:33,286{GMT}	INFO	[jepsen worker 0] jepsen.util: 0	:invoke	:echo	"Please echo 90"
2026-03-10 17:31:33,287{GMT}	INFO	[jepsen worker 0] jepsen.util: 0	:ok	:echo	{:type "echo_ok", :echo "Please echo 90", :in_reply_to 50, :msg_id 50}
2026-03-10 17:31:33,386{GMT}	INFO	[jepsen worker 0] jepsen.util: 0	:invoke	:echo	"Please echo 97"
2026-03-10 17:31:33,388{GMT}	INFO	[jepsen worker 0] jepsen.util: 0	:ok	:echo	{:type "echo_ok", :echo "Please echo 97", :in_reply_to 51, :msg_id 51}
2026-03-10 17:31:33,487{GMT}	INFO	[jepsen worker 0] jepsen.util: 0	:invoke	:echo	"Please echo 56"
2026-03-10 17:31:33,489{GMT}	INFO	[jepsen worker 0] jepsen.util: 0	:ok	:echo	{:type "echo_ok", :echo "Please echo 56", :in_reply_to 52, :msg_id 52}
2026-03-10 17:31:33,650{GMT}	INFO	[jepsen worker 0] jepsen.util: 0	:invoke	:echo	"Please echo 4"
2026-03-10 17:31:33,652{GMT}	INFO	[jepsen worker 0] jepsen.util: 0	:ok	:echo	{:type "echo_ok", :echo "Please echo 4", :in_reply_to 53, :msg_id 53}
2026-03-10 17:31:33,832{GMT}	INFO	[jepsen worker 0] jepsen.util: 0	:invoke	:echo	"Please echo 42"
2026-03-10 17:31:33,834{GMT}	INFO	[jepsen worker 0] jepsen.util: 0	:ok	:echo	{:type "echo_ok", :echo "Please echo 42", :in_reply_to 54, :msg_id 54}
2026-03-10 17:31:34,044{GMT}	INFO	[jepsen worker 0] jepsen.util: 0	:invoke	:echo	"Please echo 55"
2026-03-10 17:31:34,046{GMT}	INFO	[jepsen worker 0] jepsen.util: 0	:ok	:echo	{:type "echo_ok", :echo "Please echo 55", :in_reply_to 55, :msg_id 55}
2026-03-10 17:31:34,061{GMT}	INFO	[jepsen test runner] jepsen.core: Run complete, writing
2026-03-10 17:31:34,095{GMT}	INFO	[jepsen node n0] maelstrom.db: Tearing down n0
2026-03-10 17:31:36,001{GMT}	INFO	[jepsen node n0] maelstrom.net: Shutting down Maelstrom network
2026-03-10 17:31:36,002{GMT}	INFO	[jepsen test runner] jepsen.core: Analyzing...
2026-03-10 17:31:36,178{GMT}	INFO	[jepsen test runner] jepsen.core: Analysis complete
2026-03-10 17:31:36,185{GMT}	INFO	[jepsen results] jepsen.store: Wrote /home/banna/Documents/maelstrom-java/store/echo/20260310T173122.691Z/results.edn
2026-03-10 17:31:36,193{GMT}	INFO	[jepsen test runner] jepsen.core: {:perf {:latency-graph {:valid? true},
        :rate-graph {:valid? true},
        :valid? true},
 :timeline {:valid? true},
 :exceptions {:valid? true},
 :stats {:valid? true,
         :count 55,
         :ok-count 55,
         :fail-count 0,
         :info-count 0,
         :by-f {:echo {:valid? true,
                       :count 55,
                       :ok-count 55,
                       :fail-count 0,
                       :info-count 0}}},
 :availability {:valid? true, :ok-fraction 1.0},
 :net {:all {:send-count 112,
             :recv-count 112,
             :msg-count 112,
             :msgs-per-op 2.0363636},
       :clients {:send-count 112, :recv-count 112, :msg-count 112},
       :servers {:send-count 0,
                 :recv-count 0,
                 :msg-count 0,
                 :msgs-per-op 0.0},
       :valid? true},
 :workload {:valid? true, :errors ()},
 :valid? true}


Everything looks good! ヽ(‘ー`)ノ
