2026-03-20 15:12:47,543{GMT}	INFO	[jepsen test runner] jepsen.core: Command line:
lein run test -w broadcast --bin run.sh broadcast --node-count 5 --time-limit 20 --rate 10 nemesis partition
2026-03-20 15:12:47,612{GMT}	INFO	[jepsen test runner] jepsen.core: Running test:
{:args ["broadcast" "nemesis" "partition"]
 :remote
 #jepsen.control.retry.Remote{:remote #jepsen.control.scp.Remote{:cmd-remote #jepsen.control.sshj.SSHJRemote{:concurrency-limit 6,
                                                                                                             :conn-spec nil,
                                                                                                             :client nil,
                                                                                                             :semaphore nil},
                                                                 :conn-spec nil},
                              :conn nil}
 :log-net-send false
 :node-count 5
 :availability nil
 :max-txn-length 4
 :concurrency 5
 :db
 #object[maelstrom.db$db$reify__16142
         "0x7de4bd8f"
         "maelstrom.db$db$reify__16142@7de4bd8f"]
 :max-writes-per-key 16
 :leave-db-running? false
 :name "broadcast"
 :logging-json? false
 :start-time
 #object[org.joda.time.DateTime "0x193e65d5" "2026-03-20T15:12:47.522Z"]
 :nemesis-interval 10
 :net
 #object[maelstrom.net$jepsen_net$reify__15251
         "0x2a97b4b8"
         "maelstrom.net$jepsen_net$reify__15251@2a97b4b8"]
 :client
 #object[maelstrom.workload.broadcast$client$reify__16644
         "0x250fc0d1"
         "maelstrom.workload.broadcast$client$reify__16644@250fc0d1"]
 :barrier
 #object[java.util.concurrent.CyclicBarrier
         "0x7ddf193a"
         "java.util.concurrent.CyclicBarrier@7ddf193a"]
 :log-stderr false
 :pure-generators true
 :ssh {:dummy? true}
 :rate 10.0
 :checker
 #object[jepsen.checker$compose$reify__11881
         "0x17a5cb99"
         "jepsen.checker$compose$reify__11881@17a5cb99"]
 :argv
 ("test"
  "-w"
  "broadcast"
  "--bin"
  "run.sh"
  "broadcast"
  "--node-count"
  "5"
  "--time-limit"
  "20"
  "--rate"
  "10"
  "nemesis"
  "partition")
 :nemesis
 (jepsen.nemesis.ReflCompose
  {:fm {:start-partition 0,
        :stop-partition 0,
        :kill 1,
        :start 1,
        :pause 1,
        :resume 1},
   :nemeses [#unprintable "jepsen.nemesis.combined$partition_nemesis$reify__16416@808fa1"
             #unprintable "jepsen.nemesis.combined$db_nemesis$reify__16397@5b52ce28"]})
 :nodes ["n0" "n1" "n2" "n3" "n4"]
 :test-count 1
 :latency {:mean 0, :dist :constant}
 :bin "run.sh"
 :generator
 ((jepsen.generator.Synchronize
   {:gen (jepsen.generator.TimeLimit
          {:limit 20000000000,
           :cutoff nil,
           :gen (jepsen.generator.Any
                 {:gens [(jepsen.generator.OnThreads
                          {:f #{:nemesis},
                           :context-filter #object[jepsen.generator.context$make_thread_filter$lazy_filter__9167
                                                   "0x635b3ec7"
                                                   "jepsen.generator.context$make_thread_filter$lazy_filter__9167@635b3ec7"],
                           :gen nil})
                         (jepsen.generator.OnThreads
                          {:f #jepsen.generator.context.AllBut{:element :nemesis},
                           :context-filter #object[jepsen.generator.context$make_thread_filter$lazy_filter__9167
                                                   "0x1f9b86f5"
                                                   "jepsen.generator.context$make_thread_filter$lazy_filter__9167@1f9b86f5"],
                           :gen (jepsen.generator.Stagger
                                 {:dt 200000000,
                                  :next-time nil,
                                  :gen (jepsen.generator.Mix
                                        {:i 0,
                                         :gens [({:f :broadcast, :value 0}
                                                 {:f :broadcast, :value 1}
                                                 {:f :broadcast, :value 2}
                                                 {:f :broadcast, :value 3}
                                                 {:f :broadcast, :value 4}
                                                 {:f :broadcast, :value 5}
                                                 {:f :broadcast, :value 6}
                                                 {:f :broadcast, :value 7}
                                                 ...)
                                                ({:f :read}
                                                 {:f :read}
                                                 {:f :read}
                                                 {:f :read}
                                                 {:f :read}
                                                 {:f :read}
                                                 {:f :read}
                                                 {:f :read}
                                                 ...)]})})})]})})})
  (jepsen.generator.Synchronize
   {:gen (jepsen.generator.OnThreads
          {:f #{:nemesis},
           :context-filter #object[jepsen.generator.context$make_thread_filter$lazy_filter__9167
                                   "0x4e6c4c55"
                                   "jepsen.generator.context$make_thread_filter$lazy_filter__9167@4e6c4c55"],
           :gen ()})})
  (jepsen.generator.Synchronize
   {:gen {:type :log, :value "Waiting for recovery..."}})
  (jepsen.generator.Synchronize {:gen {:type :sleep, :value 10}})
  (jepsen.generator.Synchronize
   {:gen (jepsen.generator.OnThreads
          {:f #jepsen.generator.context.AllBut{:element :nemesis},
           :context-filter #object[jepsen.generator.context$make_thread_filter$lazy_filter__9167
                                   "0x74fbee59"
                                   "jepsen.generator.context$make_thread_filter$lazy_filter__9167@74fbee59"],
           :gen (jepsen.generator.EachThread
                 {:fresh-gen {:f :read, :final? true},
                  :context-filters #object[clojure.core$promise$reify__8591
                                           "0x3794621d"
                                           {:status :pending, :val nil}],
                  :gens {}})})}))
 :log-net-recv false
 :os
 #object[maelstrom.net$jepsen_os$reify__15254
         "0x737e4a7b"
         "maelstrom.net$jepsen_os$reify__15254@737e4a7b"]
 :time-limit 20
 :workload :broadcast
 :consistency-models [:strict-serializable]
 :topology :grid}

2026-03-20 15:12:48,864{GMT}	INFO	[jepsen node n0] maelstrom.net: Starting Maelstrom network
2026-03-20 15:12:48,866{GMT}	INFO	[jepsen test runner] jepsen.db: Tearing down DB
2026-03-20 15:12:48,868{GMT}	INFO	[jepsen test runner] jepsen.db: Setting up DB
2026-03-20 15:12:48,868{GMT}	INFO	[jepsen node n2] maelstrom.db: Setting up n2
2026-03-20 15:12:48,868{GMT}	INFO	[jepsen node n3] maelstrom.db: Setting up n3
2026-03-20 15:12:48,868{GMT}	INFO	[jepsen node n4] maelstrom.db: Setting up n4
2026-03-20 15:12:48,868{GMT}	INFO	[jepsen node n1] maelstrom.db: Setting up n1
2026-03-20 15:12:48,869{GMT}	INFO	[jepsen node n4] maelstrom.process: launching run.sh ["broadcast" "nemesis" "partition"]
2026-03-20 15:12:48,869{GMT}	INFO	[jepsen node n1] maelstrom.process: launching run.sh ["broadcast" "nemesis" "partition"]
2026-03-20 15:12:48,869{GMT}	INFO	[jepsen node n2] maelstrom.process: launching run.sh ["broadcast" "nemesis" "partition"]
2026-03-20 15:12:48,869{GMT}	INFO	[jepsen node n3] maelstrom.process: launching run.sh ["broadcast" "nemesis" "partition"]
2026-03-20 15:12:48,871{GMT}	INFO	[jepsen node n0] maelstrom.service: Starting services: (lin-kv lin-tso lww-kv seq-kv)
2026-03-20 15:12:48,874{GMT}	INFO	[jepsen node n0] maelstrom.db: Setting up n0
2026-03-20 15:12:48,875{GMT}	INFO	[jepsen node n0] maelstrom.process: launching run.sh ["broadcast" "nemesis" "partition"]
2026-03-20 15:12:49,045{GMT}	INFO	[jepsen test runner] jepsen.core: Relative time begins now
2026-03-20 15:12:49,068{GMT}	INFO	[jepsen worker 0] jepsen.util: 0	:invoke	:broadcast	0
2026-03-20 15:12:49,127{GMT}	INFO	[jepsen worker 0] jepsen.util: 0	:info	:broadcast	0	[:crash "Unexpected exception handling (msg c10 n0 {\"type\":\"broadcast\",\"message\":0,\"msg_id\":1}) : java.lang.NullPointerException: Cannot invoke \"com.eclipsesource.json.JsonValue.asArray()\" because the return value of \"com.eclipsesource.json.JsonObject.get(String)\" is null\njava.lang.NullPointerException: Cannot invoke \"com.eclipsesource.json.JsonValue.asArray()\" because the return value of \"com.eclipsesource.json.JsonObject.get(String)\" is null\n\tat lab.BroadcastServer.lambda$run$0(BroadcastServer.java:42)\n\tat lab.Node.handleRequest(Node.java:97)\n\tat lab.Node.handleMessage(Node.java:71)\n\tat lab.Node.lambda$run$0(Node.java:44)\n\tat java.base/java.util.concurrent.ThreadPoolExecutor.runWorker(ThreadPoolExecutor.java:1144)\n\tat java.base/java.util.concurrent.ThreadPoolExecutor$Worker.run(ThreadPoolExecutor.java:642)\n\tat java.base/java.lang.Thread.run(Thread.java:1583)\n"]
2026-03-20 15:12:49,239{GMT}	INFO	[jepsen worker 1] jepsen.util: 1	:invoke	:read	nil
2026-03-20 15:12:49,247{GMT}	INFO	[jepsen worker 1] jepsen.util: 1	:ok	:read	[]
2026-03-20 15:12:49,432{GMT}	INFO	[jepsen worker 2] jepsen.util: 2	:invoke	:broadcast	1
2026-03-20 15:12:49,500{GMT}	INFO	[jepsen worker 2] jepsen.util: 2	:info	:broadcast	1	[:crash "Unexpected exception handling (msg c12 n2 {\"type\":\"broadcast\",\"message\":1,\"msg_id\":1}) : java.lang.NullPointerException: Cannot invoke \"com.eclipsesource.json.JsonValue.asArray()\" because the return value of \"com.eclipsesource.json.JsonObject.get(String)\" is null\njava.lang.NullPointerException: Cannot invoke \"com.eclipsesource.json.JsonValue.asArray()\" because the return value of \"com.eclipsesource.json.JsonObject.get(String)\" is null\n\tat lab.BroadcastServer.lambda$run$0(BroadcastServer.java:42)\n\tat lab.Node.handleRequest(Node.java:97)\n\tat lab.Node.handleMessage(Node.java:71)\n\tat lab.Node.lambda$run$0(Node.java:44)\n\tat java.base/java.util.concurrent.ThreadPoolExecutor.runWorker(ThreadPoolExecutor.java:1144)\n\tat java.base/java.util.concurrent.ThreadPoolExecutor$Worker.run(ThreadPoolExecutor.java:642)\n\tat java.base/java.lang.Thread.run(Thread.java:1583)\n"]
2026-03-20 15:12:49,574{GMT}	INFO	[jepsen worker 3] jepsen.util: 3	:invoke	:broadcast	2
2026-03-20 15:12:49,646{GMT}	INFO	[jepsen worker 3] jepsen.util: 3	:info	:broadcast	2	[:crash "Unexpected exception handling (msg c13 n3 {\"type\":\"broadcast\",\"message\":2,\"msg_id\":1}) : java.lang.NullPointerException: Cannot invoke \"com.eclipsesource.json.JsonValue.asArray()\" because the return value of \"com.eclipsesource.json.JsonObject.get(String)\" is null\njava.lang.NullPointerException: Cannot invoke \"com.eclipsesource.json.JsonValue.asArray()\" because the return value of \"com.eclipsesource.json.JsonObject.get(String)\" is null\n\tat lab.BroadcastServer.lambda$run$0(BroadcastServer.java:42)\n\tat lab.Node.handleRequest(Node.java:97)\n\tat lab.Node.handleMessage(Node.java:71)\n\tat lab.Node.lambda$run$0(Node.java:44)\n\tat java.base/java.util.concurrent.ThreadPoolExecutor.runWorker(ThreadPoolExecutor.java:1144)\n\tat java.base/java.util.concurrent.ThreadPoolExecutor$Worker.run(ThreadPoolExecutor.java:642)\n\tat java.base/java.lang.Thread.run(Thread.java:1583)\n"]
2026-03-20 15:12:49,732{GMT}	INFO	[jepsen worker 4] jepsen.util: 4	:invoke	:read	nil
2026-03-20 15:12:49,738{GMT}	INFO	[jepsen worker 0] jepsen.util: 5	:invoke	:read	nil
2026-03-20 15:12:49,746{GMT}	INFO	[jepsen worker 0] jepsen.util: 5	:ok	:read	[]
2026-03-20 15:12:49,749{GMT}	INFO	[jepsen worker 4] jepsen.util: 4	:ok	:read	[]
2026-03-20 15:12:49,850{GMT}	INFO	[jepsen worker 0] jepsen.util: 5	:invoke	:read	nil
2026-03-20 15:12:49,854{GMT}	INFO	[jepsen worker 0] jepsen.util: 5	:ok	:read	[]
2026-03-20 15:12:50,039{GMT}	INFO	[jepsen worker 1] jepsen.util: 1	:invoke	:read	nil
2026-03-20 15:12:50,043{GMT}	INFO	[jepsen worker 1] jepsen.util: 1	:ok	:read	[]
2026-03-20 15:12:50,202{GMT}	INFO	[jepsen worker 2] jepsen.util: 7	:invoke	:read	nil
2026-03-20 15:12:50,209{GMT}	INFO	[jepsen worker 2] jepsen.util: 7	:ok	:read	[]
2026-03-20 15:12:50,375{GMT}	INFO	[jepsen worker 3] jepsen.util: 8	:invoke	:broadcast	3
2026-03-20 15:12:50,382{GMT}	INFO	[jepsen worker 3] jepsen.util: 8	:info	:broadcast	3	[:crash "Unexpected exception handling (msg c17 n3 {\"type\":\"broadcast\",\"message\":3,\"msg_id\":1}) : java.lang.NullPointerException: Cannot invoke \"com.eclipsesource.json.JsonValue.asArray()\" because the return value of \"com.eclipsesource.json.JsonObject.get(String)\" is null\njava.lang.NullPointerException: Cannot invoke \"com.eclipsesource.json.JsonValue.asArray()\" because the return value of \"com.eclipsesource.json.JsonObject.get(String)\" is null\n\tat lab.BroadcastServer.lambda$run$0(BroadcastServer.java:42)\n\tat lab.Node.handleRequest(Node.java:97)\n\tat lab.Node.handleMessage(Node.java:71)\n\tat lab.Node.lambda$run$0(Node.java:44)\n\tat java.base/java.util.concurrent.ThreadPoolExecutor.runWorker(ThreadPoolExecutor.java:1144)\n\tat java.base/java.util.concurrent.ThreadPoolExecutor$Worker.run(ThreadPoolExecutor.java:642)\n\tat java.base/java.lang.Thread.run(Thread.java:1583)\n"]
2026-03-20 15:12:50,423{GMT}	INFO	[jepsen worker 4] jepsen.util: 4	:invoke	:read	nil
2026-03-20 15:12:50,427{GMT}	INFO	[jepsen worker 4] jepsen.util: 4	:ok	:read	[]
2026-03-20 15:12:50,485{GMT}	INFO	[jepsen worker 0] jepsen.util: 5	:invoke	:read	nil
2026-03-20 15:12:50,490{GMT}	INFO	[jepsen worker 0] jepsen.util: 5	:ok	:read	[]
2026-03-20 15:12:50,621{GMT}	INFO	[jepsen worker 0] jepsen.util: 5	:invoke	:read	nil
2026-03-20 15:12:50,625{GMT}	INFO	[jepsen worker 0] jepsen.util: 5	:ok	:read	[]
2026-03-20 15:12:50,687{GMT}	INFO	[jepsen worker 1] jepsen.util: 1	:invoke	:read	nil
2026-03-20 15:12:50,690{GMT}	INFO	[jepsen worker 1] jepsen.util: 1	:ok	:read	[]
2026-03-20 15:12:50,815{GMT}	INFO	[jepsen worker 2] jepsen.util: 7	:invoke	:broadcast	4
2026-03-20 15:12:50,822{GMT}	INFO	[jepsen worker 2] jepsen.util: 7	:info	:broadcast	4	[:crash "Unexpected exception handling (msg c16 n2 {\"type\":\"broadcast\",\"message\":4,\"msg_id\":2}) : java.lang.NullPointerException: Cannot invoke \"com.eclipsesource.json.JsonValue.asArray()\" because the return value of \"com.eclipsesource.json.JsonObject.get(String)\" is null\njava.lang.NullPointerException: Cannot invoke \"com.eclipsesource.json.JsonValue.asArray()\" because the return value of \"com.eclipsesource.json.JsonObject.get(String)\" is null\n\tat lab.BroadcastServer.lambda$run$0(BroadcastServer.java:42)\n\tat lab.Node.handleRequest(Node.java:97)\n\tat lab.Node.handleMessage(Node.java:71)\n\tat lab.Node.lambda$run$0(Node.java:44)\n\tat java.base/java.util.concurrent.ThreadPoolExecutor.runWorker(ThreadPoolExecutor.java:1144)\n\tat java.base/java.util.concurrent.ThreadPoolExecutor$Worker.run(ThreadPoolExecutor.java:642)\n\tat java.base/java.lang.Thread.run(Thread.java:1583)\n"]
2026-03-20 15:12:50,971{GMT}	INFO	[jepsen worker 3] jepsen.util: 13	:invoke	:read	nil
2026-03-20 15:12:50,977{GMT}	INFO	[jepsen worker 3] jepsen.util: 13	:ok	:read	[]
2026-03-20 15:12:51,127{GMT}	INFO	[jepsen worker 4] jepsen.util: 4	:invoke	:read	nil
2026-03-20 15:12:51,131{GMT}	INFO	[jepsen worker 4] jepsen.util: 4	:ok	:read	[]
2026-03-20 15:12:51,161{GMT}	INFO	[jepsen worker 0] jepsen.util: 5	:invoke	:broadcast	5
2026-03-20 15:12:51,167{GMT}	INFO	[jepsen worker 0] jepsen.util: 5	:info	:broadcast	5	[:crash "Unexpected exception handling (msg c15 n0 {\"type\":\"broadcast\",\"message\":5,\"msg_id\":5}) : java.lang.NullPointerException: Cannot invoke \"com.eclipsesource.json.JsonValue.asArray()\" because the return value of \"com.eclipsesource.json.JsonObject.get(String)\" is null\njava.lang.NullPointerException: Cannot invoke \"com.eclipsesource.json.JsonValue.asArray()\" because the return value of \"com.eclipsesource.json.JsonObject.get(String)\" is null\n\tat lab.BroadcastServer.lambda$run$0(BroadcastServer.java:42)\n\tat lab.Node.handleRequest(Node.java:97)\n\tat lab.Node.handleMessage(Node.java:71)\n\tat lab.Node.lambda$run$0(Node.java:44)\n\tat java.base/java.util.concurrent.ThreadPoolExecutor.runWorker(ThreadPoolExecutor.java:1144)\n\tat java.base/java.util.concurrent.ThreadPoolExecutor$Worker.run(ThreadPoolExecutor.java:642)\n\tat java.base/java.lang.Thread.run(Thread.java:1583)\n"]
2026-03-20 15:12:51,185{GMT}	INFO	[jepsen worker 0] jepsen.util: 10	:invoke	:broadcast	6
2026-03-20 15:12:51,192{GMT}	INFO	[jepsen worker 0] jepsen.util: 10	:info	:broadcast	6	[:crash "Unexpected exception handling (msg c19 n0 {\"type\":\"broadcast\",\"message\":6,\"msg_id\":1}) : java.lang.NullPointerException: Cannot invoke \"com.eclipsesource.json.JsonValue.asArray()\" because the return value of \"com.eclipsesource.json.JsonObject.get(String)\" is null\njava.lang.NullPointerException: Cannot invoke \"com.eclipsesource.json.JsonValue.asArray()\" because the return value of \"com.eclipsesource.json.JsonObject.get(String)\" is null\n\tat lab.BroadcastServer.lambda$run$0(BroadcastServer.java:42)\n\tat lab.Node.handleRequest(Node.java:97)\n\tat lab.Node.handleMessage(Node.java:71)\n\tat lab.Node.lambda$run$0(Node.java:44)\n\tat java.base/java.util.concurrent.ThreadPoolExecutor.runWorker(ThreadPoolExecutor.java:1144)\n\tat java.base/java.util.concurrent.ThreadPoolExecutor$Worker.run(ThreadPoolExecutor.java:642)\n\tat java.base/java.lang.Thread.run(Thread.java:1583)\n"]
2026-03-20 15:12:51,261{GMT}	INFO	[jepsen worker 1] jepsen.util: 1	:invoke	:read	nil
2026-03-20 15:12:51,265{GMT}	INFO	[jepsen worker 1] jepsen.util: 1	:ok	:read	[]
2026-03-20 15:12:51,321{GMT}	INFO	[Jepsen shutdown hook] jepsen.core: Downloading DB logs before JVM shutdown...
